 ******* Program HYDRUS
 ******* Solute reactif (Kd = 0.2 cm3/g, mu = 0.05 /j), loam sableux, q=10 cm/j  
 Date:   0. 0.    Time: 512:**:**
 Units: L = cm   , T = days , M = g    

----------------------------------------------------------
 Time       [T]        0.0000
----------------------------------------------------------
 Sub-region num.                     1
----------------------------------------------------------
 Area     [L]        0.60000E+02  0.60000E+02
 W-volume [L]        0.19790E+02  0.19790E+02
 In-flow  [L/T]      0.00000E+00  0.00000E+00
 h Mean   [L]       -0.11484E+02 -0.11484E+02
 ConcVol  [M/L2] 1   0.00000E+00  0.00000E+00
 cMean    [M/L3] 1   0.00000E+00  0.00000E+00
 Top Flux [L/T]     -0.10153E+02
 Bot Flux [L/T]     -0.10153E+02
----------------------------------------------------------

----------------------------------------------------------
 Time       [T]        0.5000
----------------------------------------------------------
 Sub-region num.                     1
----------------------------------------------------------
 Area     [L]        0.60000E+02  0.60000E+02
 W-volume [L]        0.19757E+02  0.19757E+02
 In-flow  [L/T]     -0.22563E-02 -0.22563E-02
 h Mean   [L]       -0.11547E+02 -0.11547E+02
 ConcVol  [M/L2] 1   0.49352E+01  0.49352E+01
 cMean    [M/L3] 1   0.13071E+00  0.13071E+00
 Top Flux [L/T]     -0.10000E+02
 Bot Flux [L/T]     -0.10002E+02
 WatBalT  [L]       -0.27992E-04
 WatBalR  [%]              0.000
 CncBalT  [M]    1  -0.22683E-02
 CncBalR  [%]    1         0.045
----------------------------------------------------------

----------------------------------------------------------
 Time       [T]        1.0000
----------------------------------------------------------
 Sub-region num.                     1
----------------------------------------------------------
 Area     [L]        0.60000E+02  0.60000E+02
 W-volume [L]        0.19757E+02  0.19757E+02
 In-flow  [L/T]      0.40978E-04  0.40978E-04
 h Mean   [L]       -0.11547E+02 -0.11547E+02
 ConcVol  [M/L2] 1   0.48078E+01  0.48078E+01
 cMean    [M/L3] 1   0.12734E+00  0.12734E+00
 Top Flux [L/T]     -0.10000E+02
 Bot Flux [L/T]     -0.10000E+02
 WatBalT  [L]        0.66236E-05
 WatBalR  [%]              0.000
 CncBalT  [M]    1  -0.22068E-02
 CncBalR  [%]    1         0.043
----------------------------------------------------------

----------------------------------------------------------
 Time       [T]        1.5000
----------------------------------------------------------
 Sub-region num.                     1
----------------------------------------------------------
 Area     [L]        0.60000E+02  0.60000E+02
 W-volume [L]        0.19757E+02  0.19757E+02
 In-flow  [L/T]     -0.11250E-03 -0.11250E-03
 h Mean   [L]       -0.11547E+02 -0.11547E+02
 ConcVol  [M/L2] 1   0.46835E+01  0.46835E+01
 cMean    [M/L3] 1   0.12405E+00  0.12405E+00
 Top Flux [L/T]     -0.10000E+02
 Bot Flux [L/T]     -0.10000E+02
 WatBalT  [L]        0.49021E-04
 WatBalR  [%]              0.000
 CncBalT  [M]    1  -0.21205E-02
 CncBalR  [%]    1         0.040
----------------------------------------------------------

----------------------------------------------------------
 Time       [T]        2.0000
----------------------------------------------------------
 Sub-region num.                     1
----------------------------------------------------------
 Area     [L]        0.60000E+02  0.60000E+02
 W-volume [L]        0.19757E+02  0.19757E+02
 In-flow  [L/T]      0.25555E-03  0.25555E-03
 h Mean   [L]       -0.11547E+02 -0.11547E+02
 ConcVol  [M/L2] 1   0.45529E+01  0.45529E+01
 cMean    [M/L3] 1   0.12058E+00  0.12058E+00
 Top Flux [L/T]     -0.10000E+02
 Bot Flux [L/T]     -0.10000E+02
 WatBalT  [L]        0.58793E-04
 WatBalR  [%]              0.000
 CncBalT  [M]    1  -0.92459E-03
 CncBalR  [%]    1         0.017
----------------------------------------------------------

----------------------------------------------------------
 Time       [T]        2.5000
----------------------------------------------------------
 Sub-region num.                     1
----------------------------------------------------------
 Area     [L]        0.60000E+02  0.60000E+02
 W-volume [L]        0.19757E+02  0.19757E+02
 In-flow  [L/T]      0.28610E-03  0.28610E-03
 h Mean   [L]       -0.11547E+02 -0.11547E+02
 ConcVol  [M/L2] 1   0.43166E+01  0.43166E+01
 cMean    [M/L3] 1   0.11433E+00  0.11433E+00
 Top Flux [L/T]     -0.10000E+02
 Bot Flux [L/T]     -0.10000E+02
 WatBalT  [L]        0.65811E-04
 WatBalR  [%]              0.000
 CncBalT  [M]    1   0.64034E-02
 CncBalR  [%]    1         0.113
----------------------------------------------------------

----------------------------------------------------------
 Time       [T]        3.0000
----------------------------------------------------------
 Sub-region num.                     1
----------------------------------------------------------
 Area     [L]        0.60000E+02  0.60000E+02
 W-volume [L]        0.19757E+02  0.19757E+02
 In-flow  [L/T]      0.13039E-03  0.13039E-03
 h Mean   [L]       -0.11547E+02 -0.11547E+02
 ConcVol  [M/L2] 1   0.37617E+01  0.37617E+01
 cMean    [M/L3] 1   0.99631E-01  0.99631E-01
 Top Flux [L/T]     -0.10000E+02
 Bot Flux [L/T]     -0.10000E+02
 WatBalT  [L]        0.77214E-04
 WatBalR  [%]              0.000
 CncBalT  [M]    1   0.19750E-01
 CncBalR  [%]    1         0.316
----------------------------------------------------------

----------------------------------------------------------
 Time       [T]        3.5000
----------------------------------------------------------
 Sub-region num.                     1
----------------------------------------------------------
 Area     [L]        0.60000E+02  0.60000E+02
 W-volume [L]        0.19757E+02  0.19757E+02
 In-flow  [L/T]     -0.25332E-04 -0.25332E-04
 h Mean   [L]       -0.11547E+02 -0.11547E+02
 ConcVol  [M/L2] 1   0.28696E+01  0.28696E+01
 cMean    [M/L3] 1   0.76002E-01  0.76002E-01
 Top Flux [L/T]     -0.10000E+02
 Bot Flux [L/T]     -0.10000E+02
 WatBalT  [L]        0.66608E-04
 WatBalR  [%]              0.000
 CncBalT  [M]    1   0.28636E-01
 CncBalR  [%]    1         0.400
----------------------------------------------------------

----------------------------------------------------------
 Time       [T]        4.0000
----------------------------------------------------------
 Sub-region num.                     1
----------------------------------------------------------
 Area     [L]        0.60000E+02  0.60000E+02
 W-volume [L]        0.19757E+02  0.19757E+02
 In-flow  [L/T]      0.44704E-05  0.44704E-05
 h Mean   [L]       -0.11547E+02 -0.11547E+02
 ConcVol  [M/L2] 1   0.19026E+01  0.19026E+01
 cMean    [M/L3] 1   0.50391E-01  0.50391E-01
 Top Flux [L/T]     -0.10000E+02
 Bot Flux [L/T]     -0.10000E+02
 WatBalT  [L]        0.73001E-04
 WatBalR  [%]              0.000
 CncBalT  [M]    1   0.27984E-01
 CncBalR  [%]    1         0.344
----------------------------------------------------------

----------------------------------------------------------
 Time       [T]        4.5000
----------------------------------------------------------
 Sub-region num.                     1
----------------------------------------------------------
 Area     [L]        0.60000E+02  0.60000E+02
 W-volume [L]        0.19757E+02  0.19757E+02
 In-flow  [L/T]      0.78231E-04  0.78231E-04
 h Mean   [L]       -0.11547E+02 -0.11547E+02
 ConcVol  [M/L2] 1   0.11160E+01  0.11160E+01
 cMean    [M/L3] 1   0.29558E-01  0.29558E-01
 Top Flux [L/T]     -0.10000E+02
 Bot Flux [L/T]     -0.10000E+02
 WatBalT  [L]        0.72978E-04
 WatBalR  [%]              0.000
 CncBalT  [M]    1   0.21678E-01
 CncBalR  [%]    1         0.243
----------------------------------------------------------

----------------------------------------------------------
 Time       [T]        5.0000
----------------------------------------------------------
 Sub-region num.                     1
----------------------------------------------------------
 Area     [L]        0.60000E+02  0.60000E+02
 W-volume [L]        0.19757E+02  0.19757E+02
 In-flow  [L/T]      0.58860E-04  0.58860E-04
 h Mean   [L]       -0.11547E+02 -0.11547E+02
 ConcVol  [M/L2] 1   0.59281E+00  0.59281E+00
 cMean    [M/L3] 1   0.15701E-01  0.15701E-01
 Top Flux [L/T]     -0.10000E+02
 Bot Flux [L/T]     -0.99999E+01
 WatBalT  [L]        0.48790E-04
 WatBalR  [%]              0.000
 CncBalT  [M]    1   0.14808E-01
 CncBalR  [%]    1         0.157
----------------------------------------------------------

----------------------------------------------------------
 Time       [T]        5.5000
----------------------------------------------------------
 Sub-region num.                     1
----------------------------------------------------------
 Area     [L]        0.60000E+02  0.60000E+02
 W-volume [L]        0.19757E+02  0.19757E+02
 In-flow  [L/T]      0.13411E-03  0.13411E-03
 h Mean   [L]       -0.11547E+02 -0.11547E+02
 ConcVol  [M/L2] 1   0.29121E+00  0.29121E+00
 cMean    [M/L3] 1   0.77129E-02  0.77129E-02
 Top Flux [L/T]     -0.10000E+02
 Bot Flux [L/T]     -0.10000E+02
 WatBalT  [L]        0.44234E-04
 WatBalR  [%]              0.000
 CncBalT  [M]    1   0.97482E-02
 CncBalR  [%]    1         0.100
----------------------------------------------------------

----------------------------------------------------------
 Time       [T]        6.0000
----------------------------------------------------------
 Sub-region num.                     1
----------------------------------------------------------
 Area     [L]        0.60000E+02  0.60000E+02
 W-volume [L]        0.19757E+02  0.19757E+02
 In-flow  [L/T]      0.52899E-04  0.52899E-04
 h Mean   [L]       -0.11547E+02 -0.11547E+02
 ConcVol  [M/L2] 1   0.13455E+00  0.13455E+00
 cMean    [M/L3] 1   0.35636E-02  0.35636E-02
 Top Flux [L/T]     -0.10000E+02
 Bot Flux [L/T]     -0.10000E+02
 WatBalT  [L]        0.49267E-04
 WatBalR  [%]              0.000
 CncBalT  [M]    1   0.67009E-02
 CncBalR  [%]    1         0.068
----------------------------------------------------------

 Calculation time [sec]  -1894533211.0000000     
