 ******* Program HYDRUS
 ******* Solute reactif (Kd = 0.2 cm3/g, mu = 0.05 /j), loam sableux, q=10 cm/j  
 Date:   0. 0.    Time: 512:**:**
 Units: L = cm   , T = days , M = g    



                               Node( 21)                                 Node( 41)                                 Node( 81)                                 Node(121)

         time         h        theta    Temp      Conc           h        theta    Temp      Conc           h        theta    Temp      Conc           h        theta    Temp      Conc     
          0.0010      -11.48  0.3298   20.000  0.8964E-25        -11.48  0.3298   20.000  0.0000E+00        -11.48  0.3298   20.000  0.0000E+00        -11.48  0.3298   20.000  0.0000E+00
          0.0020      -11.48  0.3298   20.000  0.3343E-23        -11.48  0.3298   20.000  0.0000E+00        -11.48  0.3298   20.000  0.0000E+00        -11.48  0.3298   20.000  0.0000E+00
          0.0033      -11.48  0.3298   20.000  0.6211E-21        -11.48  0.3298   20.000  0.0000E+00        -11.48  0.3298   20.000  0.0000E+00        -11.48  0.3298   20.000  0.0000E+00
          0.0050      -11.48  0.3298   20.000  0.1316E-18        -11.48  0.3298   20.000  0.0000E+00        -11.48  0.3298   20.000  0.0000E+00        -11.48  0.3298   20.000  0.0000E+00
          0.0072      -11.49  0.3298   20.000  0.2092E-16        -11.48  0.3298   20.000  0.0000E+00        -11.48  0.3298   20.000  0.0000E+00        -11.48  0.3298   20.000  0.0000E+00
          0.0100      -11.49  0.3298   20.000  0.2368E-14        -11.48  0.3298   20.000  0.0000E+00        -11.48  0.3298   20.000  0.0000E+00        -11.48  0.3298   20.000  0.0000E+00
          0.0138      -11.49  0.3298   20.000  0.1898E-12        -11.48  0.3298   20.000  0.5720E-27        -11.48  0.3298   20.000  0.0000E+00        -11.48  0.3298   20.000  0.0000E+00
          0.0186      -11.50  0.3297   20.000  0.1079E-10        -11.49  0.3298   20.000  0.1229E-23        -11.48  0.3298   20.000  0.0000E+00        -11.48  0.3298   20.000  0.0000E+00
          0.0249      -11.50  0.3297   20.000  0.4358E-09        -11.49  0.3298   20.000  0.1464E-20        -11.48  0.3298   20.000  0.0000E+00        -11.48  0.3298   20.000  0.0000E+00
          0.0330      -11.51  0.3296   20.000  0.1252E-07        -11.49  0.3298   20.000  0.9679E-18        -11.48  0.3298   20.000  0.0000E+00        -11.48  0.3298   20.000  0.0000E+00
          0.0436      -11.52  0.3295   20.000  0.2572E-06        -11.50  0.3297   20.000  0.3585E-15        -11.49  0.3298   20.000  0.0000E+00        -11.48  0.3298   20.000  0.0000E+00
          0.0574      -11.52  0.3295   20.000  0.3798E-05        -11.50  0.3297   20.000  0.7565E-13        -11.49  0.3298   20.000  0.1378E-28        -11.48  0.3298   20.000  0.0000E+00
          0.0753      -11.53  0.3294   20.000  0.4069E-04        -11.51  0.3296   20.000  0.9308E-11        -11.49  0.3298   20.000  0.1671E-24        -11.49  0.3298   20.000  0.0000E+00
          0.0953      -11.54  0.3294   20.000  0.2424E-03        -11.52  0.3295   20.000  0.2714E-09        -11.50  0.3297   20.000  0.4124E-22        -11.49  0.3298   20.000  0.0000E+00
          0.1153      -11.54  0.3293   20.000  0.8863E-03        -11.53  0.3294   20.000  0.3079E-08        -11.50  0.3297   20.000  0.1449E-20        -11.49  0.3298   20.000  0.0000E+00
          0.1353      -11.54  0.3293   20.000  0.2408E-02        -11.53  0.3294   20.000  0.2238E-07        -11.51  0.3296   20.000  0.2860E-19        -11.49  0.3297   20.000  0.0000E+00
          0.1553      -11.54  0.3293   20.000  0.5320E-02        -11.54  0.3294   20.000  0.1208E-06        -11.52  0.3296   20.000  0.3969E-18        -11.50  0.3297   20.000  0.0000E+00
          0.1753      -11.54  0.3293   20.000  0.1009E-01        -11.54  0.3293   20.000  0.5201E-06        -11.52  0.3295   20.000  0.4259E-17        -11.51  0.3297   20.000  0.1029E-28
          0.1953      -11.55  0.3293   20.000  0.1707E-01        -11.54  0.3293   20.000  0.1868E-05        -11.53  0.3295   20.000  0.3728E-16        -11.51  0.3296   20.000  0.1556E-27
          0.2153      -11.55  0.3293   20.000  0.2644E-01        -11.54  0.3293   20.000  0.5766E-05        -11.53  0.3294   20.000  0.2755E-15        -11.52  0.3296   20.000  0.1866E-26
          0.2353      -11.55  0.3293   20.000  0.3822E-01        -11.54  0.3293   20.000  0.1565E-04        -11.53  0.3294   20.000  0.1761E-14        -11.52  0.3295   20.000  0.1926E-25
          0.2553      -11.55  0.3293   20.000  0.5234E-01        -11.54  0.3293   20.000  0.3805E-04        -11.54  0.3294   20.000  0.9905E-14        -11.53  0.3295   20.000  0.1747E-24
          0.2753      -11.55  0.3293   20.000  0.6860E-01        -11.55  0.3293   20.000  0.8405E-04        -11.54  0.3293   20.000  0.4974E-13        -11.53  0.3294   20.000  0.1412E-23
          0.2953      -11.55  0.3293   20.000  0.8678E-01        -11.55  0.3293   20.000  0.1708E-03        -11.54  0.3293   20.000  0.2254E-12        -11.53  0.3294   20.000  0.1029E-22
          0.3153      -11.55  0.3293   20.000  0.1066E+00        -11.55  0.3293   20.000  0.3227E-03        -11.54  0.3293   20.000  0.9298E-12        -11.54  0.3294   20.000  0.6829E-22
          0.3353      -11.55  0.3293   20.000  0.1279E+00        -11.55  0.3293   20.000  0.5722E-03        -11.54  0.3293   20.000  0.3521E-11        -11.54  0.3294   20.000  0.4155E-21
          0.3553      -11.55  0.3293   20.000  0.1502E+00        -11.55  0.3293   20.000  0.9593E-03        -11.54  0.3293   20.000  0.1231E-10        -11.54  0.3293   20.000  0.2333E-20
          0.3753      -11.55  0.3293   20.000  0.1735E+00        -11.55  0.3293   20.000  0.1532E-02        -11.54  0.3293   20.000  0.4002E-10        -11.54  0.3293   20.000  0.1215E-19
          0.3953      -11.55  0.3293   20.000  0.1974E+00        -11.55  0.3293   20.000  0.2342E-02        -11.55  0.3293   20.000  0.1215E-09        -11.54  0.3293   20.000  0.5903E-19
          0.4153      -11.55  0.3293   20.000  0.2217E+00        -11.55  0.3293   20.000  0.3448E-02        -11.55  0.3293   20.000  0.3459E-09        -11.54  0.3293   20.000  0.2684E-18
          0.4353      -11.55  0.3293   20.000  0.2463E+00        -11.55  0.3293   20.000  0.4908E-02        -11.55  0.3293   20.000  0.9281E-09        -11.54  0.3293   20.000  0.1147E-17
          0.4553      -11.55  0.3293   20.000  0.2710E+00        -11.55  0.3293   20.000  0.6780E-02        -11.55  0.3293   20.000  0.2355E-08        -11.54  0.3293   20.000  0.4618E-17
          0.4753      -11.55  0.3293   20.000  0.2956E+00        -11.55  0.3293   20.000  0.9122E-02        -11.55  0.3293   20.000  0.5674E-08        -11.55  0.3293   20.000  0.1759E-16
          0.4877      -11.55  0.3293   20.000  0.3107E+00        -11.55  0.3293   20.000  0.1082E-01        -11.55  0.3293   20.000  0.9408E-08        -11.55  0.3293   20.000  0.3710E-16
          0.5000      -11.55  0.3293   20.000  0.3256E+00        -11.55  0.3293   20.000  0.1273E-01        -11.55  0.3293   20.000  0.1536E-07        -11.55  0.3293   20.000  0.7724E-16
          0.5200      -11.55  0.3293   20.000  0.3497E+00        -11.55  0.3293   20.000  0.1631E-01        -11.55  0.3293   20.000  0.3345E-07        -11.55  0.3293   20.000  0.2649E-15
          0.5400      -11.55  0.3293   20.000  0.3734E+00        -11.55  0.3293   20.000  0.2049E-01        -11.55  0.3293   20.000  0.6978E-07        -11.55  0.3293   20.000  0.8654E-15
          0.5600      -11.55  0.3293   20.000  0.3965E+00        -11.55  0.3293   20.000  0.2533E-01        -11.55  0.3293   20.000  0.1398E-06        -11.55  0.3293   20.000  0.2698E-14
          0.5800      -11.55  0.3293   20.000  0.4191E+00        -11.55  0.3293   20.000  0.3084E-01        -11.55  0.3293   20.000  0.2699E-06        -11.55  0.3293   20.000  0.8044E-14
          0.6000      -11.55  0.3293   20.000  0.4409E+00        -11.55  0.3293   20.000  0.3704E-01        -11.55  0.3293   20.000  0.5029E-06        -11.55  0.3293   20.000  0.2298E-13
          0.6200      -11.55  0.3293   20.000  0.4616E+00        -11.55  0.3293   20.000  0.4393E-01        -11.55  0.3293   20.000  0.9066E-06        -11.55  0.3293   20.000  0.6302E-13
          0.6400      -11.55  0.3293   20.000  0.4807E+00        -11.55  0.3293   20.000  0.5152E-01        -11.55  0.3293   20.000  0.1585E-05        -11.55  0.3293   20.000  0.1662E-12
          0.6600      -11.55  0.3293   20.000  0.4977E+00        -11.55  0.3293   20.000  0.5979E-01        -11.55  0.3293   20.000  0.2692E-05        -11.55  0.3293   20.000  0.4223E-12
          0.6800      -11.55  0.3293   20.000  0.5121E+00        -11.55  0.3293   20.000  0.6874E-01        -11.55  0.3293   20.000  0.4449E-05        -11.55  0.3293   20.000  0.1035E-11
          0.7000      -11.55  0.3293   20.000  0.5235E+00        -11.55  0.3293   20.000  0.7834E-01        -11.55  0.3293   20.000  0.7169E-05        -11.55  0.3293   20.000  0.2453E-11
          0.7200      -11.55  0.3293   20.000  0.5319E+00        -11.55  0.3293   20.000  0.8857E-01        -11.55  0.3293   20.000  0.1128E-04        -11.55  0.3293   20.000  0.5625E-11
          0.7400      -11.55  0.3293   20.000  0.5371E+00        -11.55  0.3293   20.000  0.9939E-01        -11.55  0.3293   20.000  0.1736E-04        -11.55  0.3293   20.000  0.1250E-10
          0.7600      -11.55  0.3293   20.000  0.5395E+00        -11.55  0.3293   20.000  0.1108E+00        -11.55  0.3293   20.000  0.2615E-04        -11.55  0.3293   20.000  0.2695E-10
          0.7800      -11.55  0.3293   20.000  0.5390E+00        -11.55  0.3293   20.000  0.1226E+00        -11.55  0.3293   20.000  0.3863E-04        -11.55  0.3293   20.000  0.5646E-10
          0.8000      -11.55  0.3293   20.000  0.5361E+00        -11.55  0.3293   20.000  0.1350E+00        -11.55  0.3293   20.000  0.5603E-04        -11.55  0.3293   20.000  0.1151E-09
          0.8200      -11.55  0.3293   20.000  0.5309E+00        -11.55  0.3293   20.000  0.1477E+00        -11.55  0.3293   20.000  0.7985E-04        -11.55  0.3293   20.000  0.2285E-09
          0.8400      -11.55  0.3293   20.000  0.5238E+00        -11.55  0.3293   20.000  0.1607E+00        -11.55  0.3293   20.000  0.1120E-03        -11.55  0.3293   20.000  0.4422E-09
          0.8600      -11.55  0.3293   20.000  0.5151E+00        -11.55  0.3293   20.000  0.1740E+00        -11.55  0.3293   20.000  0.1546E-03        -11.55  0.3293   20.000  0.8354E-09
          0.8800      -11.55  0.3293   20.000  0.5049E+00        -11.55  0.3293   20.000  0.1874E+00        -11.55  0.3293   20.000  0.2104E-03        -11.55  0.3293   20.000  0.1542E-08
          0.9000      -11.55  0.3293   20.000  0.4936E+00        -11.55  0.3293   20.000  0.2008E+00        -11.55  0.3293   20.000  0.2824E-03        -11.55  0.3293   20.000  0.2784E-08
          0.9200      -11.55  0.3293   20.000  0.4814E+00        -11.55  0.3293   20.000  0.2141E+00        -11.55  0.3293   20.000  0.3742E-03        -11.55  0.3293   20.000  0.4921E-08
          0.9400      -11.55  0.3293   20.000  0.4684E+00        -11.55  0.3293   20.000  0.2274E+00        -11.55  0.3293   20.000  0.4898E-03        -11.55  0.3293   20.000  0.8521E-08
          0.9600      -11.55  0.3293   20.000  0.4549E+00        -11.55  0.3293   20.000  0.2403E+00        -11.55  0.3293   20.000  0.6339E-03        -11.55  0.3293   20.000  0.1447E-07
          0.9800      -11.55  0.3293   20.000  0.4409E+00        -11.55  0.3293   20.000  0.2529E+00        -11.55  0.3293   20.000  0.8114E-03        -11.55  0.3293   20.000  0.2412E-07
          1.0000      -11.55  0.3293   20.000  0.4267E+00        -11.55  0.3293   20.000  0.2651E+00        -11.55  0.3293   20.000  0.1028E-02        -11.55  0.3293   20.000  0.3949E-07
          1.0200      -11.55  0.3293   20.000  0.4124E+00        -11.55  0.3293   20.000  0.2767E+00        -11.55  0.3293   20.000  0.1290E-02        -11.55  0.3293   20.000  0.6356E-07
          1.0400      -11.55  0.3293   20.000  0.3980E+00        -11.55  0.3293   20.000  0.2878E+00        -11.55  0.3293   20.000  0.1604E-02        -11.55  0.3293   20.000  0.1006E-06
          1.0600      -11.55  0.3293   20.000  0.3837E+00        -11.55  0.3293   20.000  0.2982E+00        -11.55  0.3293   20.000  0.1976E-02        -11.55  0.3293   20.000  0.1568E-06
          1.0800      -11.55  0.3293   20.000  0.3695E+00        -11.55  0.3293   20.000  0.3079E+00        -11.55  0.3293   20.000  0.2415E-02        -11.55  0.3293   20.000  0.2407E-06
          1.1000      -11.55  0.3293   20.000  0.3555E+00        -11.55  0.3293   20.000  0.3169E+00        -11.55  0.3293   20.000  0.2929E-02        -11.55  0.3293   20.000  0.3642E-06
          1.1200      -11.55  0.3293   20.000  0.3417E+00        -11.55  0.3293   20.000  0.3250E+00        -11.55  0.3293   20.000  0.3525E-02        -11.55  0.3293   20.000  0.5435E-06
          1.1400      -11.55  0.3293   20.000  0.3282E+00        -11.55  0.3293   20.000  0.3324E+00        -11.55  0.3293   20.000  0.4212E-02        -11.55  0.3293   20.000  0.8003E-06
          1.1600      -11.55  0.3293   20.000  0.3149E+00        -11.55  0.3293   20.000  0.3390E+00        -11.55  0.3293   20.000  0.4999E-02        -11.55  0.3293   20.000  0.1164E-05
          1.1800      -11.55  0.3293   20.000  0.3021E+00        -11.55  0.3293   20.000  0.3447E+00        -11.55  0.3293   20.000  0.5895E-02        -11.55  0.3293   20.000  0.1671E-05
          1.2000      -11.55  0.3293   20.000  0.2895E+00        -11.55  0.3293   20.000  0.3496E+00        -11.55  0.3293   20.000  0.6908E-02        -11.55  0.3293   20.000  0.2372E-05
          1.2200      -11.55  0.3293   20.000  0.2774E+00        -11.55  0.3293   20.000  0.3537E+00        -11.55  0.3293   20.000  0.8047E-02        -11.55  0.3293   20.000  0.3329E-05
          1.2400      -11.55  0.3293   20.000  0.2656E+00        -11.55  0.3293   20.000  0.3570E+00        -11.55  0.3293   20.000  0.9321E-02        -11.55  0.3293   20.000  0.4622E-05
          1.2600      -11.55  0.3293   20.000  0.2542E+00        -11.55  0.3293   20.000  0.3596E+00        -11.55  0.3293   20.000  0.1074E-01        -11.55  0.3293   20.000  0.6351E-05
          1.2800      -11.55  0.3293   20.000  0.2431E+00        -11.55  0.3293   20.000  0.3613E+00        -11.55  0.3293   20.000  0.1231E-01        -11.55  0.3293   20.000  0.8640E-05
          1.3000      -11.55  0.3293   20.000  0.2325E+00        -11.55  0.3293   20.000  0.3623E+00        -11.55  0.3293   20.000  0.1404E-01        -11.55  0.3293   20.000  0.1164E-04
          1.3200      -11.55  0.3293   20.000  0.2223E+00        -11.55  0.3293   20.000  0.3627E+00        -11.55  0.3293   20.000  0.1593E-01        -11.55  0.3293   20.000  0.1554E-04
          1.3400      -11.55  0.3293   20.000  0.2124E+00        -11.55  0.3293   20.000  0.3623E+00        -11.55  0.3293   20.000  0.1799E-01        -11.55  0.3293   20.000  0.2057E-04
          1.3600      -11.55  0.3293   20.000  0.2029E+00        -11.55  0.3293   20.000  0.3614E+00        -11.55  0.3293   20.000  0.2024E-01        -11.55  0.3293   20.000  0.2699E-04
          1.3800      -11.55  0.3293   20.000  0.1938E+00        -11.55  0.3293   20.000  0.3598E+00        -11.55  0.3293   20.000  0.2266E-01        -11.55  0.3293   20.000  0.3512E-04
          1.4000      -11.55  0.3293   20.000  0.1851E+00        -11.55  0.3293   20.000  0.3577E+00        -11.55  0.3293   20.000  0.2527E-01        -11.55  0.3293   20.000  0.4535E-04
          1.4200      -11.55  0.3293   20.000  0.1767E+00        -11.55  0.3293   20.000  0.3550E+00        -11.55  0.3293   20.000  0.2807E-01        -11.55  0.3293   20.000  0.5811E-04
          1.4400      -11.55  0.3293   20.000  0.1686E+00        -11.55  0.3293   20.000  0.3519E+00        -11.55  0.3293   20.000  0.3106E-01        -11.55  0.3293   20.000  0.7392E-04
          1.4600      -11.55  0.3293   20.000  0.1609E+00        -11.55  0.3293   20.000  0.3483E+00        -11.55  0.3293   20.000  0.3424E-01        -11.55  0.3293   20.000  0.9337E-04
          1.4800      -11.55  0.3293   20.000  0.1535E+00        -11.55  0.3293   20.000  0.3443E+00        -11.55  0.3293   20.000  0.3761E-01        -11.55  0.3293   20.000  0.1171E-03
          1.5000      -11.55  0.3293   20.000  0.1464E+00        -11.55  0.3293   20.000  0.3400E+00        -11.55  0.3293   20.000  0.4116E-01        -11.55  0.3293   20.000  0.1460E-03
          1.5200      -11.55  0.3293   20.000  0.1397E+00        -11.55  0.3293   20.000  0.3353E+00        -11.55  0.3293   20.000  0.4490E-01        -11.55  0.3293   20.000  0.1809E-03
          1.5400      -11.55  0.3293   20.000  0.1332E+00        -11.55  0.3293   20.000  0.3303E+00        -11.55  0.3293   20.000  0.4882E-01        -11.55  0.3293   20.000  0.2226E-03
          1.5600      -11.55  0.3293   20.000  0.1270E+00        -11.55  0.3293   20.000  0.3250E+00        -11.55  0.3293   20.000  0.5292E-01        -11.55  0.3293   20.000  0.2725E-03
          1.5800      -11.55  0.3293   20.000  0.1211E+00        -11.55  0.3293   20.000  0.3195E+00        -11.55  0.3293   20.000  0.5718E-01        -11.55  0.3293   20.000  0.3316E-03
          1.6000      -11.55  0.3293   20.000  0.1154E+00        -11.55  0.3293   20.000  0.3137E+00        -11.55  0.3293   20.000  0.6160E-01        -11.55  0.3293   20.000  0.4013E-03
          1.6200      -11.55  0.3293   20.000  0.1100E+00        -11.55  0.3293   20.000  0.3078E+00        -11.55  0.3293   20.000  0.6617E-01        -11.55  0.3293   20.000  0.4831E-03
          1.6400      -11.55  0.3293   20.000  0.1049E+00        -11.55  0.3293   20.000  0.3018E+00        -11.55  0.3293   20.000  0.7089E-01        -11.55  0.3293   20.000  0.5786E-03
          1.6600      -11.55  0.3293   20.000  0.9997E-01        -11.55  0.3293   20.000  0.2956E+00        -11.55  0.3293   20.000  0.7573E-01        -11.55  0.3293   20.000  0.6896E-03
          1.6800      -11.55  0.3293   20.000  0.9527E-01        -11.55  0.3293   20.000  0.2893E+00        -11.55  0.3293   20.000  0.8070E-01        -11.55  0.3293   20.000  0.8179E-03
          1.7000      -11.55  0.3293   20.000  0.9079E-01        -11.55  0.3293   20.000  0.2829E+00        -11.55  0.3293   20.000  0.8576E-01        -11.55  0.3293   20.000  0.9656E-03
          1.7200      -11.55  0.3293   20.000  0.8652E-01        -11.55  0.3293   20.000  0.2764E+00        -11.55  0.3293   20.000  0.9093E-01        -11.55  0.3293   20.000  0.1135E-02
          1.7400      -11.55  0.3293   20.000  0.8244E-01        -11.55  0.3293   20.000  0.2699E+00        -11.55  0.3293   20.000  0.9617E-01        -11.55  0.3293   20.000  0.1328E-02
          1.7600      -11.55  0.3293   20.000  0.7855E-01        -11.55  0.3293   20.000  0.2634E+00        -11.55  0.3293   20.000  0.1015E+00        -11.55  0.3293   20.000  0.1547E-02
          1.7800      -11.55  0.3293   20.000  0.7484E-01        -11.55  0.3293   20.000  0.2568E+00        -11.55  0.3293   20.000  0.1068E+00        -11.55  0.3293   20.000  0.1796E-02
          1.8000      -11.55  0.3293   20.000  0.7130E-01        -11.55  0.3293   20.000  0.2503E+00        -11.55  0.3293   20.000  0.1122E+00        -11.55  0.3293   20.000  0.2075E-02
          1.8200      -11.55  0.3293   20.000  0.6793E-01        -11.55  0.3293   20.000  0.2438E+00        -11.55  0.3293   20.000  0.1176E+00        -11.55  0.3293   20.000  0.2390E-02
          1.8400      -11.55  0.3293   20.000  0.6472E-01        -11.55  0.3293   20.000  0.2373E+00        -11.55  0.3293   20.000  0.1231E+00        -11.55  0.3293   20.000  0.2741E-02
          1.8600      -11.55  0.3293   20.000  0.6165E-01        -11.55  0.3293   20.000  0.2309E+00        -11.55  0.3293   20.000  0.1285E+00        -11.55  0.3293   20.000  0.3133E-02
          1.8800      -11.55  0.3293   20.000  0.5873E-01        -11.55  0.3293   20.000  0.2245E+00        -11.55  0.3293   20.000  0.1339E+00        -11.55  0.3293   20.000  0.3567E-02
          1.9000      -11.55  0.3293   20.000  0.5595E-01        -11.55  0.3293   20.000  0.2182E+00        -11.55  0.3293   20.000  0.1392E+00        -11.55  0.3293   20.000  0.4049E-02
          1.9200      -11.55  0.3293   20.000  0.5330E-01        -11.55  0.3293   20.000  0.2120E+00        -11.55  0.3293   20.000  0.1445E+00        -11.55  0.3293   20.000  0.4580E-02
          1.9400      -11.55  0.3293   20.000  0.5078E-01        -11.55  0.3293   20.000  0.2058E+00        -11.55  0.3293   20.000  0.1498E+00        -11.55  0.3293   20.000  0.5163E-02
          1.9600      -11.55  0.3293   20.000  0.4837E-01        -11.55  0.3293   20.000  0.1998E+00        -11.55  0.3293   20.000  0.1549E+00        -11.55  0.3293   20.000  0.5803E-02
          1.9800      -11.55  0.3293   20.000  0.4608E-01        -11.55  0.3293   20.000  0.1938E+00        -11.55  0.3293   20.000  0.1600E+00        -11.55  0.3293   20.000  0.6501E-02
          2.0000      -11.55  0.3293   20.000  0.4389E-01        -11.55  0.3293   20.000  0.1879E+00        -11.55  0.3293   20.000  0.1649E+00        -11.55  0.3293   20.000  0.7262E-02
          2.0200      -11.55  0.3293   20.000  0.4181E-01        -11.55  0.3293   20.000  0.1822E+00        -11.55  0.3293   20.000  0.1698E+00        -11.55  0.3293   20.000  0.8088E-02
          2.0400      -11.55  0.3293   20.000  0.3983E-01        -11.55  0.3293   20.000  0.1765E+00        -11.55  0.3293   20.000  0.1745E+00        -11.55  0.3293   20.000  0.8982E-02
          2.0600      -11.55  0.3293   20.000  0.3794E-01        -11.55  0.3293   20.000  0.1710E+00        -11.55  0.3293   20.000  0.1791E+00        -11.55  0.3293   20.000  0.9947E-02
          2.0800      -11.55  0.3293   20.000  0.3614E-01        -11.55  0.3293   20.000  0.1655E+00        -11.55  0.3293   20.000  0.1835E+00        -11.55  0.3293   20.000  0.1099E-01
          2.1000      -11.55  0.3293   20.000  0.3443E-01        -11.55  0.3293   20.000  0.1602E+00        -11.55  0.3293   20.000  0.1878E+00        -11.55  0.3293   20.000  0.1210E-01
          2.1200      -11.55  0.3293   20.000  0.3280E-01        -11.55  0.3293   20.000  0.1550E+00        -11.55  0.3293   20.000  0.1919E+00        -11.55  0.3293   20.000  0.1330E-01
          2.1400      -11.55  0.3293   20.000  0.3124E-01        -11.55  0.3293   20.000  0.1500E+00        -11.55  0.3293   20.000  0.1958E+00        -11.55  0.3293   20.000  0.1457E-01
          2.1600      -11.55  0.3293   20.000  0.2976E-01        -11.55  0.3293   20.000  0.1450E+00        -11.55  0.3293   20.000  0.1996E+00        -11.55  0.3293   20.000  0.1593E-01
          2.1800      -11.55  0.3293   20.000  0.2835E-01        -11.55  0.3293   20.000  0.1402E+00        -11.55  0.3293   20.000  0.2031E+00        -11.55  0.3293   20.000  0.1738E-01
          2.2000      -11.55  0.3293   20.000  0.2701E-01        -11.55  0.3293   20.000  0.1355E+00        -11.55  0.3293   20.000  0.2065E+00        -11.55  0.3293   20.000  0.1891E-01
          2.2200      -11.55  0.3293   20.000  0.2573E-01        -11.55  0.3293   20.000  0.1309E+00        -11.55  0.3293   20.000  0.2097E+00        -11.55  0.3293   20.000  0.2053E-01
          2.2400      -11.55  0.3293   20.000  0.2451E-01        -11.55  0.3293   20.000  0.1265E+00        -11.55  0.3293   20.000  0.2127E+00        -11.55  0.3293   20.000  0.2223E-01
          2.2600      -11.55  0.3293   20.000  0.2335E-01        -11.55  0.3293   20.000  0.1221E+00        -11.55  0.3293   20.000  0.2155E+00        -11.55  0.3293   20.000  0.2403E-01
          2.2800      -11.55  0.3293   20.000  0.2225E-01        -11.55  0.3293   20.000  0.1179E+00        -11.55  0.3293   20.000  0.2180E+00        -11.55  0.3293   20.000  0.2592E-01
          2.3000      -11.55  0.3293   20.000  0.2120E-01        -11.55  0.3293   20.000  0.1138E+00        -11.55  0.3293   20.000  0.2204E+00        -11.55  0.3293   20.000  0.2789E-01
          2.3200      -11.55  0.3293   20.000  0.2020E-01        -11.55  0.3293   20.000  0.1098E+00        -11.55  0.3293   20.000  0.2226E+00        -11.55  0.3293   20.000  0.2996E-01
          2.3400      -11.55  0.3293   20.000  0.1924E-01        -11.55  0.3293   20.000  0.1059E+00        -11.55  0.3293   20.000  0.2245E+00        -11.55  0.3293   20.000  0.3212E-01
          2.3600      -11.55  0.3293   20.000  0.1833E-01        -11.55  0.3293   20.000  0.1022E+00        -11.55  0.3293   20.000  0.2262E+00        -11.55  0.3293   20.000  0.3436E-01
          2.3800      -11.55  0.3293   20.000  0.1747E-01        -11.55  0.3293   20.000  0.9854E-01        -11.55  0.3293   20.000  0.2278E+00        -11.55  0.3293   20.000  0.3670E-01
          2.4000      -11.55  0.3293   20.000  0.1664E-01        -11.55  0.3293   20.000  0.9500E-01        -11.55  0.3293   20.000  0.2291E+00        -11.55  0.3293   20.000  0.3911E-01
          2.4200      -11.55  0.3293   20.000  0.1586E-01        -11.55  0.3293   20.000  0.9158E-01        -11.55  0.3293   20.000  0.2302E+00        -11.55  0.3293   20.000  0.4162E-01
          2.4400      -11.55  0.3293   20.000  0.1511E-01        -11.55  0.3293   20.000  0.8826E-01        -11.55  0.3293   20.000  0.2312E+00        -11.55  0.3293   20.000  0.4420E-01
          2.4600      -11.55  0.3293   20.000  0.1440E-01        -11.55  0.3293   20.000  0.8505E-01        -11.55  0.3293   20.000  0.2319E+00        -11.55  0.3293   20.000  0.4686E-01
          2.4800      -11.55  0.3293   20.000  0.1372E-01        -11.55  0.3293   20.000  0.8194E-01        -11.55  0.3293   20.000  0.2324E+00        -11.55  0.3293   20.000  0.4960E-01
          2.5000      -11.55  0.3293   20.000  0.1307E-01        -11.55  0.3293   20.000  0.7893E-01        -11.55  0.3293   20.000  0.2328E+00        -11.55  0.3293   20.000  0.5241E-01
          2.5200      -11.55  0.3293   20.000  0.1246E-01        -11.55  0.3293   20.000  0.7602E-01        -11.55  0.3293   20.000  0.2329E+00        -11.55  0.3293   20.000  0.5529E-01
          2.5400      -11.55  0.3293   20.000  0.1187E-01        -11.55  0.3293   20.000  0.7321E-01        -11.55  0.3293   20.000  0.2329E+00        -11.55  0.3293   20.000  0.5824E-01
          2.5600      -11.55  0.3293   20.000  0.1131E-01        -11.55  0.3293   20.000  0.7048E-01        -11.55  0.3293   20.000  0.2327E+00        -11.55  0.3293   20.000  0.6125E-01
          2.5800      -11.55  0.3293   20.000  0.1078E-01        -11.55  0.3293   20.000  0.6785E-01        -11.55  0.3293   20.000  0.2323E+00        -11.55  0.3293   20.000  0.6432E-01
          2.6000      -11.55  0.3293   20.000  0.1028E-01        -11.55  0.3293   20.000  0.6531E-01        -11.55  0.3293   20.000  0.2317E+00        -11.55  0.3293   20.000  0.6744E-01
          2.6200      -11.55  0.3293   20.000  0.9793E-02        -11.55  0.3293   20.000  0.6285E-01        -11.55  0.3293   20.000  0.2310E+00        -11.55  0.3293   20.000  0.7061E-01
          2.6400      -11.55  0.3293   20.000  0.9334E-02        -11.55  0.3293   20.000  0.6048E-01        -11.55  0.3293   20.000  0.2301E+00        -11.55  0.3293   20.000  0.7382E-01
          2.6600      -11.55  0.3293   20.000  0.8896E-02        -11.55  0.3293   20.000  0.5819E-01        -11.55  0.3293   20.000  0.2291E+00        -11.55  0.3293   20.000  0.7707E-01
          2.6800      -11.55  0.3293   20.000  0.8479E-02        -11.55  0.3293   20.000  0.5598E-01        -11.55  0.3293   20.000  0.2280E+00        -11.55  0.3293   20.000  0.8036E-01
          2.7000      -11.55  0.3293   20.000  0.8081E-02        -11.55  0.3293   20.000  0.5385E-01        -11.55  0.3293   20.000  0.2266E+00        -11.55  0.3293   20.000  0.8367E-01
          2.7200      -11.55  0.3293   20.000  0.7703E-02        -11.55  0.3293   20.000  0.5179E-01        -11.55  0.3293   20.000  0.2252E+00        -11.55  0.3293   20.000  0.8701E-01
          2.7400      -11.55  0.3293   20.000  0.7342E-02        -11.55  0.3293   20.000  0.4980E-01        -11.55  0.3293   20.000  0.2236E+00        -11.55  0.3293   20.000  0.9036E-01
          2.7600      -11.55  0.3293   20.000  0.6999E-02        -11.55  0.3293   20.000  0.4789E-01        -11.55  0.3293   20.000  0.2219E+00        -11.55  0.3293   20.000  0.9373E-01
          2.7800      -11.55  0.3293   20.000  0.6672E-02        -11.55  0.3293   20.000  0.4604E-01        -11.55  0.3293   20.000  0.2201E+00        -11.55  0.3293   20.000  0.9710E-01
          2.8000      -11.55  0.3293   20.000  0.6360E-02        -11.55  0.3293   20.000  0.4426E-01        -11.55  0.3293   20.000  0.2182E+00        -11.55  0.3293   20.000  0.1005E+00
          2.8200      -11.55  0.3293   20.000  0.6063E-02        -11.55  0.3293   20.000  0.4254E-01        -11.55  0.3293   20.000  0.2161E+00        -11.55  0.3293   20.000  0.1038E+00
          2.8400      -11.55  0.3293   20.000  0.5780E-02        -11.55  0.3293   20.000  0.4089E-01        -11.55  0.3293   20.000  0.2140E+00        -11.55  0.3293   20.000  0.1072E+00
          2.8600      -11.55  0.3293   20.000  0.5510E-02        -11.55  0.3293   20.000  0.3930E-01        -11.55  0.3293   20.000  0.2118E+00        -11.55  0.3293   20.000  0.1105E+00
          2.8800      -11.55  0.3293   20.000  0.5253E-02        -11.55  0.3293   20.000  0.3776E-01        -11.55  0.3293   20.000  0.2095E+00        -11.55  0.3293   20.000  0.1139E+00
          2.9000      -11.55  0.3293   20.000  0.5008E-02        -11.55  0.3293   20.000  0.3628E-01        -11.55  0.3293   20.000  0.2071E+00        -11.55  0.3293   20.000  0.1171E+00
          2.9200      -11.55  0.3293   20.000  0.4775E-02        -11.55  0.3293   20.000  0.3486E-01        -11.55  0.3293   20.000  0.2046E+00        -11.55  0.3293   20.000  0.1204E+00
          2.9400      -11.55  0.3293   20.000  0.4552E-02        -11.55  0.3293   20.000  0.3349E-01        -11.55  0.3293   20.000  0.2021E+00        -11.55  0.3293   20.000  0.1236E+00
          2.9600      -11.55  0.3293   20.000  0.4340E-02        -11.55  0.3293   20.000  0.3217E-01        -11.55  0.3293   20.000  0.1995E+00        -11.55  0.3293   20.000  0.1268E+00
          2.9800      -11.55  0.3293   20.000  0.4139E-02        -11.55  0.3293   20.000  0.3090E-01        -11.55  0.3293   20.000  0.1969E+00        -11.55  0.3293   20.000  0.1299E+00
          3.0000      -11.55  0.3293   20.000  0.3946E-02        -11.55  0.3293   20.000  0.2968E-01        -11.55  0.3293   20.000  0.1941E+00        -11.55  0.3293   20.000  0.1330E+00
          3.0200      -11.55  0.3293   20.000  0.3763E-02        -11.55  0.3293   20.000  0.2850E-01        -11.55  0.3293   20.000  0.1914E+00        -11.55  0.3293   20.000  0.1360E+00
          3.0400      -11.55  0.3293   20.000  0.3588E-02        -11.55  0.3293   20.000  0.2737E-01        -11.55  0.3293   20.000  0.1886E+00        -11.55  0.3293   20.000  0.1390E+00
          3.0600      -11.55  0.3293   20.000  0.3421E-02        -11.55  0.3293   20.000  0.2628E-01        -11.55  0.3293   20.000  0.1857E+00        -11.55  0.3293   20.000  0.1419E+00
          3.0800      -11.55  0.3293   20.000  0.3263E-02        -11.55  0.3293   20.000  0.2524E-01        -11.55  0.3293   20.000  0.1829E+00        -11.55  0.3293   20.000  0.1447E+00
          3.1000      -11.55  0.3293   20.000  0.3111E-02        -11.55  0.3293   20.000  0.2423E-01        -11.55  0.3293   20.000  0.1800E+00        -11.55  0.3293   20.000  0.1474E+00
          3.1200      -11.55  0.3293   20.000  0.2967E-02        -11.55  0.3293   20.000  0.2326E-01        -11.55  0.3293   20.000  0.1770E+00        -11.55  0.3293   20.000  0.1501E+00
          3.1400      -11.55  0.3293   20.000  0.2830E-02        -11.55  0.3293   20.000  0.2233E-01        -11.55  0.3293   20.000  0.1741E+00        -11.55  0.3293   20.000  0.1527E+00
          3.1600      -11.55  0.3293   20.000  0.2699E-02        -11.55  0.3293   20.000  0.2143E-01        -11.55  0.3293   20.000  0.1711E+00        -11.55  0.3293   20.000  0.1552E+00
          3.1800      -11.55  0.3293   20.000  0.2574E-02        -11.55  0.3293   20.000  0.2057E-01        -11.55  0.3293   20.000  0.1681E+00        -11.55  0.3293   20.000  0.1576E+00
          3.2000      -11.55  0.3293   20.000  0.2455E-02        -11.55  0.3293   20.000  0.1975E-01        -11.55  0.3293   20.000  0.1652E+00        -11.55  0.3293   20.000  0.1599E+00
          3.2200      -11.55  0.3293   20.000  0.2341E-02        -11.55  0.3293   20.000  0.1895E-01        -11.55  0.3293   20.000  0.1622E+00        -11.55  0.3293   20.000  0.1621E+00
          3.2400      -11.55  0.3293   20.000  0.2233E-02        -11.55  0.3293   20.000  0.1819E-01        -11.55  0.3293   20.000  0.1592E+00        -11.55  0.3293   20.000  0.1642E+00
          3.2600      -11.55  0.3293   20.000  0.2130E-02        -11.55  0.3293   20.000  0.1745E-01        -11.55  0.3293   20.000  0.1562E+00        -11.55  0.3293   20.000  0.1662E+00
          3.2800      -11.55  0.3293   20.000  0.2032E-02        -11.55  0.3293   20.000  0.1675E-01        -11.55  0.3293   20.000  0.1532E+00        -11.55  0.3293   20.000  0.1681E+00
          3.3000      -11.55  0.3293   20.000  0.1938E-02        -11.55  0.3293   20.000  0.1607E-01        -11.55  0.3293   20.000  0.1502E+00        -11.55  0.3293   20.000  0.1700E+00
          3.3200      -11.55  0.3293   20.000  0.1848E-02        -11.55  0.3293   20.000  0.1542E-01        -11.55  0.3293   20.000  0.1472E+00        -11.55  0.3293   20.000  0.1717E+00
          3.3400      -11.55  0.3293   20.000  0.1763E-02        -11.55  0.3293   20.000  0.1479E-01        -11.55  0.3293   20.000  0.1443E+00        -11.55  0.3293   20.000  0.1733E+00
          3.3600      -11.55  0.3293   20.000  0.1682E-02        -11.55  0.3293   20.000  0.1419E-01        -11.55  0.3293   20.000  0.1413E+00        -11.55  0.3293   20.000  0.1748E+00
          3.3800      -11.55  0.3293   20.000  0.1605E-02        -11.55  0.3293   20.000  0.1361E-01        -11.55  0.3293   20.000  0.1384E+00        -11.55  0.3293   20.000  0.1762E+00
          3.4000      -11.55  0.3293   20.000  0.1531E-02        -11.55  0.3293   20.000  0.1306E-01        -11.55  0.3293   20.000  0.1355E+00        -11.55  0.3293   20.000  0.1775E+00
          3.4200      -11.55  0.3293   20.000  0.1460E-02        -11.55  0.3293   20.000  0.1253E-01        -11.55  0.3293   20.000  0.1326E+00        -11.55  0.3293   20.000  0.1787E+00
          3.4400      -11.55  0.3293   20.000  0.1393E-02        -11.55  0.3293   20.000  0.1202E-01        -11.55  0.3293   20.000  0.1297E+00        -11.55  0.3293   20.000  0.1797E+00
          3.4600      -11.55  0.3293   20.000  0.1329E-02        -11.55  0.3293   20.000  0.1153E-01        -11.55  0.3293   20.000  0.1269E+00        -11.55  0.3293   20.000  0.1807E+00
          3.4800      -11.55  0.3293   20.000  0.1268E-02        -11.55  0.3293   20.000  0.1105E-01        -11.55  0.3293   20.000  0.1241E+00        -11.55  0.3293   20.000  0.1815E+00
          3.5000      -11.55  0.3293   20.000  0.1210E-02        -11.55  0.3293   20.000  0.1060E-01        -11.55  0.3293   20.000  0.1213E+00        -11.55  0.3293   20.000  0.1823E+00
          3.5200      -11.55  0.3293   20.000  0.1154E-02        -11.55  0.3293   20.000  0.1017E-01        -11.55  0.3293   20.000  0.1186E+00        -11.55  0.3293   20.000  0.1829E+00
          3.5400      -11.55  0.3293   20.000  0.1101E-02        -11.55  0.3293   20.000  0.9750E-02        -11.55  0.3293   20.000  0.1158E+00        -11.55  0.3293   20.000  0.1835E+00
          3.5600      -11.55  0.3293   20.000  0.1051E-02        -11.55  0.3293   20.000  0.9350E-02        -11.55  0.3293   20.000  0.1132E+00        -11.55  0.3293   20.000  0.1839E+00
          3.5800      -11.55  0.3293   20.000  0.1003E-02        -11.55  0.3293   20.000  0.8966E-02        -11.55  0.3293   20.000  0.1105E+00        -11.55  0.3293   20.000  0.1842E+00
          3.6000      -11.55  0.3293   20.000  0.9569E-03        -11.55  0.3293   20.000  0.8598E-02        -11.55  0.3293   20.000  0.1079E+00        -11.55  0.3293   20.000  0.1844E+00
          3.6200      -11.55  0.3293   20.000  0.9131E-03        -11.55  0.3293   20.000  0.8244E-02        -11.55  0.3293   20.000  0.1053E+00        -11.55  0.3293   20.000  0.1845E+00
          3.6400      -11.55  0.3293   20.000  0.8713E-03        -11.55  0.3293   20.000  0.7905E-02        -11.55  0.3293   20.000  0.1028E+00        -11.55  0.3293   20.000  0.1846E+00
          3.6600      -11.55  0.3293   20.000  0.8314E-03        -11.55  0.3293   20.000  0.7579E-02        -11.55  0.3293   20.000  0.1003E+00        -11.55  0.3293   20.000  0.1845E+00
          3.6800      -11.55  0.3293   20.000  0.7934E-03        -11.55  0.3293   20.000  0.7267E-02        -11.55  0.3293   20.000  0.9780E-01        -11.55  0.3293   20.000  0.1843E+00
          3.7000      -11.55  0.3293   20.000  0.7572E-03        -11.55  0.3293   20.000  0.6967E-02        -11.55  0.3293   20.000  0.9537E-01        -11.55  0.3293   20.000  0.1840E+00
          3.7200      -11.55  0.3293   20.000  0.7226E-03        -11.55  0.3293   20.000  0.6679E-02        -11.55  0.3293   20.000  0.9299E-01        -11.55  0.3293   20.000  0.1837E+00
          3.7400      -11.55  0.3293   20.000  0.6896E-03        -11.55  0.3293   20.000  0.6403E-02        -11.55  0.3293   20.000  0.9064E-01        -11.55  0.3293   20.000  0.1832E+00
          3.7600      -11.55  0.3293   20.000  0.6582E-03        -11.55  0.3293   20.000  0.6138E-02        -11.55  0.3293   20.000  0.8833E-01        -11.55  0.3293   20.000  0.1827E+00
          3.7800      -11.55  0.3293   20.000  0.6281E-03        -11.55  0.3293   20.000  0.5884E-02        -11.55  0.3293   20.000  0.8607E-01        -11.55  0.3293   20.000  0.1821E+00
          3.8000      -11.55  0.3293   20.000  0.5995E-03        -11.55  0.3293   20.000  0.5641E-02        -11.55  0.3293   20.000  0.8384E-01        -11.55  0.3293   20.000  0.1814E+00
          3.8200      -11.55  0.3293   20.000  0.5722E-03        -11.55  0.3293   20.000  0.5407E-02        -11.55  0.3293   20.000  0.8165E-01        -11.55  0.3293   20.000  0.1806E+00
          3.8400      -11.55  0.3293   20.000  0.5461E-03        -11.55  0.3293   20.000  0.5183E-02        -11.55  0.3293   20.000  0.7951E-01        -11.55  0.3293   20.000  0.1797E+00
          3.8600      -11.55  0.3293   20.000  0.5213E-03        -11.55  0.3293   20.000  0.4968E-02        -11.55  0.3293   20.000  0.7741E-01        -11.55  0.3293   20.000  0.1787E+00
          3.8800      -11.55  0.3293   20.000  0.4975E-03        -11.55  0.3293   20.000  0.4762E-02        -11.55  0.3293   20.000  0.7535E-01        -11.55  0.3293   20.000  0.1777E+00
          3.9000      -11.55  0.3293   20.000  0.4749E-03        -11.55  0.3293   20.000  0.4564E-02        -11.55  0.3293   20.000  0.7333E-01        -11.55  0.3293   20.000  0.1766E+00
          3.9200      -11.55  0.3293   20.000  0.4533E-03        -11.55  0.3293   20.000  0.4374E-02        -11.55  0.3293   20.000  0.7135E-01        -11.55  0.3293   20.000  0.1755E+00
          3.9400      -11.55  0.3293   20.000  0.4327E-03        -11.55  0.3293   20.000  0.4193E-02        -11.55  0.3293   20.000  0.6941E-01        -11.55  0.3293   20.000  0.1743E+00
          3.9600      -11.55  0.3293   20.000  0.4131E-03        -11.55  0.3293   20.000  0.4018E-02        -11.55  0.3293   20.000  0.6751E-01        -11.55  0.3293   20.000  0.1730E+00
          3.9800      -11.55  0.3293   20.000  0.3943E-03        -11.55  0.3293   20.000  0.3851E-02        -11.55  0.3293   20.000  0.6565E-01        -11.55  0.3293   20.000  0.1716E+00
          4.0000      -11.55  0.3293   20.000  0.3764E-03        -11.55  0.3293   20.000  0.3691E-02        -11.55  0.3293   20.000  0.6383E-01        -11.55  0.3293   20.000  0.1702E+00
          4.0200      -11.55  0.3293   20.000  0.3593E-03        -11.55  0.3293   20.000  0.3537E-02        -11.55  0.3293   20.000  0.6205E-01        -11.55  0.3293   20.000  0.1687E+00
          4.0400      -11.55  0.3293   20.000  0.3430E-03        -11.55  0.3293   20.000  0.3390E-02        -11.55  0.3293   20.000  0.6031E-01        -11.55  0.3293   20.000  0.1672E+00
          4.0600      -11.55  0.3293   20.000  0.3275E-03        -11.55  0.3293   20.000  0.3248E-02        -11.55  0.3293   20.000  0.5861E-01        -11.55  0.3293   20.000  0.1657E+00
          4.0800      -11.55  0.3293   20.000  0.3127E-03        -11.55  0.3293   20.000  0.3113E-02        -11.55  0.3293   20.000  0.5695E-01        -11.55  0.3293   20.000  0.1641E+00
          4.1000      -11.55  0.3293   20.000  0.2985E-03        -11.55  0.3293   20.000  0.2983E-02        -11.55  0.3293   20.000  0.5533E-01        -11.55  0.3293   20.000  0.1624E+00
          4.1200      -11.55  0.3293   20.000  0.2850E-03        -11.55  0.3293   20.000  0.2858E-02        -11.55  0.3293   20.000  0.5374E-01        -11.55  0.3293   20.000  0.1607E+00
          4.1400      -11.55  0.3293   20.000  0.2721E-03        -11.55  0.3293   20.000  0.2739E-02        -11.55  0.3293   20.000  0.5220E-01        -11.55  0.3293   20.000  0.1590E+00
          4.1600      -11.55  0.3293   20.000  0.2598E-03        -11.55  0.3293   20.000  0.2625E-02        -11.55  0.3293   20.000  0.5068E-01        -11.55  0.3293   20.000  0.1572E+00
          4.1800      -11.55  0.3293   20.000  0.2480E-03        -11.55  0.3293   20.000  0.2515E-02        -11.55  0.3293   20.000  0.4921E-01        -11.55  0.3293   20.000  0.1554E+00
          4.2000      -11.55  0.3293   20.000  0.2368E-03        -11.55  0.3293   20.000  0.2410E-02        -11.55  0.3293   20.000  0.4777E-01        -11.55  0.3293   20.000  0.1535E+00
          4.2200      -11.55  0.3293   20.000  0.2261E-03        -11.55  0.3293   20.000  0.2309E-02        -11.55  0.3293   20.000  0.4637E-01        -11.55  0.3293   20.000  0.1517E+00
          4.2400      -11.55  0.3293   20.000  0.2159E-03        -11.55  0.3293   20.000  0.2212E-02        -11.55  0.3293   20.000  0.4500E-01        -11.55  0.3293   20.000  0.1498E+00
          4.2600      -11.55  0.3293   20.000  0.2062E-03        -11.55  0.3293   20.000  0.2120E-02        -11.55  0.3293   20.000  0.4366E-01        -11.55  0.3293   20.000  0.1479E+00
          4.2800      -11.55  0.3293   20.000  0.1969E-03        -11.55  0.3293   20.000  0.2031E-02        -11.55  0.3293   20.000  0.4236E-01        -11.55  0.3293   20.000  0.1459E+00
          4.3000      -11.55  0.3293   20.000  0.1880E-03        -11.55  0.3293   20.000  0.1946E-02        -11.55  0.3293   20.000  0.4109E-01        -11.55  0.3293   20.000  0.1439E+00
          4.3200      -11.55  0.3293   20.000  0.1795E-03        -11.55  0.3293   20.000  0.1865E-02        -11.55  0.3293   20.000  0.3986E-01        -11.55  0.3293   20.000  0.1420E+00
          4.3400      -11.55  0.3293   20.000  0.1714E-03        -11.55  0.3293   20.000  0.1786E-02        -11.55  0.3293   20.000  0.3866E-01        -11.55  0.3293   20.000  0.1400E+00
          4.3600      -11.55  0.3293   20.000  0.1637E-03        -11.55  0.3293   20.000  0.1711E-02        -11.55  0.3293   20.000  0.3749E-01        -11.55  0.3293   20.000  0.1379E+00
          4.3800      -11.55  0.3293   20.000  0.1563E-03        -11.55  0.3293   20.000  0.1640E-02        -11.55  0.3293   20.000  0.3634E-01        -11.55  0.3293   20.000  0.1359E+00
          4.4000      -11.55  0.3293   20.000  0.1493E-03        -11.55  0.3293   20.000  0.1571E-02        -11.55  0.3293   20.000  0.3523E-01        -11.55  0.3293   20.000  0.1339E+00
          4.4200      -11.55  0.3293   20.000  0.1426E-03        -11.55  0.3293   20.000  0.1505E-02        -11.55  0.3293   20.000  0.3415E-01        -11.55  0.3293   20.000  0.1318E+00
          4.4400      -11.55  0.3293   20.000  0.1362E-03        -11.55  0.3293   20.000  0.1442E-02        -11.55  0.3293   20.000  0.3310E-01        -11.55  0.3293   20.000  0.1298E+00
          4.4600      -11.55  0.3293   20.000  0.1300E-03        -11.55  0.3293   20.000  0.1381E-02        -11.55  0.3293   20.000  0.3208E-01        -11.55  0.3293   20.000  0.1277E+00
          4.4800      -11.55  0.3293   20.000  0.1242E-03        -11.55  0.3293   20.000  0.1323E-02        -11.55  0.3293   20.000  0.3108E-01        -11.55  0.3293   20.000  0.1257E+00
          4.5000      -11.55  0.3293   20.000  0.1186E-03        -11.55  0.3293   20.000  0.1268E-02        -11.55  0.3293   20.000  0.3012E-01        -11.55  0.3293   20.000  0.1236E+00
          4.5200      -11.55  0.3293   20.000  0.1133E-03        -11.55  0.3293   20.000  0.1215E-02        -11.55  0.3293   20.000  0.2917E-01        -11.55  0.3293   20.000  0.1216E+00
          4.5400      -11.55  0.3293   20.000  0.1082E-03        -11.55  0.3293   20.000  0.1163E-02        -11.55  0.3293   20.000  0.2826E-01        -11.55  0.3293   20.000  0.1195E+00
          4.5600      -11.55  0.3293   20.000  0.1033E-03        -11.55  0.3293   20.000  0.1115E-02        -11.55  0.3293   20.000  0.2737E-01        -11.55  0.3293   20.000  0.1175E+00
          4.5800      -11.55  0.3293   20.000  0.9870E-04        -11.55  0.3293   20.000  0.1068E-02        -11.55  0.3293   20.000  0.2651E-01        -11.55  0.3293   20.000  0.1154E+00
          4.6000      -11.55  0.3293   20.000  0.9427E-04        -11.55  0.3293   20.000  0.1023E-02        -11.55  0.3293   20.000  0.2567E-01        -11.55  0.3293   20.000  0.1134E+00
          4.6200      -11.55  0.3293   20.000  0.9005E-04        -11.55  0.3293   20.000  0.9798E-03        -11.55  0.3293   20.000  0.2485E-01        -11.55  0.3293   20.000  0.1114E+00
          4.6400      -11.55  0.3293   20.000  0.8601E-04        -11.55  0.3293   20.000  0.9386E-03        -11.55  0.3293   20.000  0.2406E-01        -11.55  0.3293   20.000  0.1093E+00
          4.6600      -11.55  0.3293   20.000  0.8216E-04        -11.55  0.3293   20.000  0.8991E-03        -11.55  0.3293   20.000  0.2329E-01        -11.55  0.3293   20.000  0.1073E+00
          4.6800      -11.55  0.3293   20.000  0.7848E-04        -11.55  0.3293   20.000  0.8613E-03        -11.55  0.3293   20.000  0.2254E-01        -11.55  0.3293   20.000  0.1053E+00
          4.7000      -11.55  0.3293   20.000  0.7497E-04        -11.55  0.3293   20.000  0.8250E-03        -11.55  0.3293   20.000  0.2182E-01        -11.55  0.3293   20.000  0.1033E+00
          4.7200      -11.55  0.3293   20.000  0.7161E-04        -11.55  0.3293   20.000  0.7903E-03        -11.55  0.3293   20.000  0.2111E-01        -11.55  0.3293   20.000  0.1014E+00
          4.7400      -11.55  0.3293   20.000  0.6841E-04        -11.55  0.3293   20.000  0.7570E-03        -11.55  0.3293   20.000  0.2043E-01        -11.55  0.3293   20.000  0.9942E-01
          4.7600      -11.55  0.3293   20.000  0.6535E-04        -11.55  0.3293   20.000  0.7251E-03        -11.55  0.3293   20.000  0.1977E-01        -11.55  0.3293   20.000  0.9748E-01
          4.7800      -11.55  0.3293   20.000  0.6243E-04        -11.55  0.3293   20.000  0.6946E-03        -11.55  0.3293   20.000  0.1912E-01        -11.55  0.3293   20.000  0.9555E-01
          4.8000      -11.55  0.3293   20.000  0.5964E-04        -11.55  0.3293   20.000  0.6653E-03        -11.55  0.3293   20.000  0.1850E-01        -11.55  0.3293   20.000  0.9364E-01
          4.8200      -11.55  0.3293   20.000  0.5697E-04        -11.55  0.3293   20.000  0.6373E-03        -11.55  0.3293   20.000  0.1789E-01        -11.55  0.3293   20.000  0.9175E-01
          4.8400      -11.55  0.3293   20.000  0.5443E-04        -11.55  0.3293   20.000  0.6105E-03        -11.55  0.3293   20.000  0.1731E-01        -11.55  0.3293   20.000  0.8988E-01
          4.8600      -11.55  0.3293   20.000  0.5200E-04        -11.55  0.3293   20.000  0.5847E-03        -11.55  0.3293   20.000  0.1674E-01        -11.55  0.3293   20.000  0.8802E-01
          4.8800      -11.55  0.3293   20.000  0.4968E-04        -11.55  0.3293   20.000  0.5601E-03        -11.55  0.3293   20.000  0.1618E-01        -11.55  0.3293   20.000  0.8619E-01
          4.9000      -11.55  0.3293   20.000  0.4746E-04        -11.55  0.3293   20.000  0.5365E-03        -11.55  0.3293   20.000  0.1565E-01        -11.55  0.3293   20.000  0.8438E-01
          4.9200      -11.55  0.3293   20.000  0.4535E-04        -11.55  0.3293   20.000  0.5139E-03        -11.55  0.3293   20.000  0.1513E-01        -11.55  0.3293   20.000  0.8259E-01
          4.9400      -11.55  0.3293   20.000  0.4332E-04        -11.55  0.3293   20.000  0.4922E-03        -11.55  0.3293   20.000  0.1463E-01        -11.55  0.3293   20.000  0.8082E-01
          4.9600      -11.55  0.3293   20.000  0.4139E-04        -11.55  0.3293   20.000  0.4714E-03        -11.55  0.3293   20.000  0.1414E-01        -11.55  0.3293   20.000  0.7907E-01
          4.9800      -11.55  0.3293   20.000  0.3955E-04        -11.55  0.3293   20.000  0.4515E-03        -11.55  0.3293   20.000  0.1367E-01        -11.55  0.3293   20.000  0.7735E-01
          5.0000      -11.55  0.3293   20.000  0.3779E-04        -11.55  0.3293   20.000  0.4325E-03        -11.55  0.3293   20.000  0.1321E-01        -11.55  0.3293   20.000  0.7564E-01
          5.0200      -11.55  0.3293   20.000  0.3610E-04        -11.55  0.3293   20.000  0.4143E-03        -11.55  0.3293   20.000  0.1277E-01        -11.55  0.3293   20.000  0.7397E-01
          5.0400      -11.55  0.3293   20.000  0.3450E-04        -11.55  0.3293   20.000  0.3968E-03        -11.55  0.3293   20.000  0.1234E-01        -11.55  0.3293   20.000  0.7231E-01
          5.0600      -11.55  0.3293   20.000  0.3296E-04        -11.55  0.3293   20.000  0.3800E-03        -11.55  0.3293   20.000  0.1192E-01        -11.55  0.3293   20.000  0.7068E-01
          5.0800      -11.55  0.3293   20.000  0.3150E-04        -11.55  0.3293   20.000  0.3640E-03        -11.55  0.3293   20.000  0.1152E-01        -11.55  0.3293   20.000  0.6907E-01
          5.1000      -11.55  0.3293   20.000  0.3010E-04        -11.55  0.3293   20.000  0.3486E-03        -11.55  0.3293   20.000  0.1113E-01        -11.55  0.3293   20.000  0.6749E-01
          5.1200      -11.55  0.3293   20.000  0.2876E-04        -11.55  0.3293   20.000  0.3339E-03        -11.55  0.3293   20.000  0.1075E-01        -11.55  0.3293   20.000  0.6593E-01
          5.1400      -11.55  0.3293   20.000  0.2748E-04        -11.55  0.3293   20.000  0.3198E-03        -11.55  0.3293   20.000  0.1039E-01        -11.55  0.3293   20.000  0.6440E-01
          5.1600      -11.55  0.3293   20.000  0.2626E-04        -11.55  0.3293   20.000  0.3063E-03        -11.55  0.3293   20.000  0.1003E-01        -11.55  0.3293   20.000  0.6289E-01
          5.1800      -11.55  0.3293   20.000  0.2509E-04        -11.55  0.3293   20.000  0.2934E-03        -11.55  0.3293   20.000  0.9689E-02        -11.55  0.3293   20.000  0.6140E-01
          5.2000      -11.55  0.3293   20.000  0.2398E-04        -11.55  0.3293   20.000  0.2810E-03        -11.55  0.3293   20.000  0.9358E-02        -11.55  0.3293   20.000  0.5994E-01
          5.2200      -11.55  0.3293   20.000  0.2291E-04        -11.55  0.3293   20.000  0.2691E-03        -11.55  0.3293   20.000  0.9037E-02        -11.55  0.3293   20.000  0.5851E-01
          5.2400      -11.55  0.3293   20.000  0.2190E-04        -11.55  0.3293   20.000  0.2578E-03        -11.55  0.3293   20.000  0.8727E-02        -11.55  0.3293   20.000  0.5709E-01
          5.2600      -11.55  0.3293   20.000  0.2093E-04        -11.55  0.3293   20.000  0.2469E-03        -11.55  0.3293   20.000  0.8426E-02        -11.55  0.3293   20.000  0.5571E-01
          5.2800      -11.55  0.3293   20.000  0.2000E-04        -11.55  0.3293   20.000  0.2364E-03        -11.55  0.3293   20.000  0.8136E-02        -11.55  0.3293   20.000  0.5435E-01
          5.3000      -11.55  0.3293   20.000  0.1911E-04        -11.55  0.3293   20.000  0.2265E-03        -11.55  0.3293   20.000  0.7855E-02        -11.55  0.3293   20.000  0.5301E-01
          5.3200      -11.55  0.3293   20.000  0.1827E-04        -11.55  0.3293   20.000  0.2169E-03        -11.55  0.3293   20.000  0.7583E-02        -11.55  0.3293   20.000  0.5170E-01
          5.3400      -11.55  0.3293   20.000  0.1746E-04        -11.55  0.3293   20.000  0.2077E-03        -11.55  0.3293   20.000  0.7320E-02        -11.55  0.3293   20.000  0.5041E-01
          5.3600      -11.55  0.3293   20.000  0.1668E-04        -11.55  0.3293   20.000  0.1990E-03        -11.55  0.3293   20.000  0.7066E-02        -11.55  0.3293   20.000  0.4915E-01
          5.3800      -11.55  0.3293   20.000  0.1594E-04        -11.55  0.3293   20.000  0.1905E-03        -11.55  0.3293   20.000  0.6820E-02        -11.55  0.3293   20.000  0.4791E-01
          5.4000      -11.55  0.3293   20.000  0.1524E-04        -11.55  0.3293   20.000  0.1825E-03        -11.55  0.3293   20.000  0.6583E-02        -11.55  0.3293   20.000  0.4670E-01
          5.4200      -11.55  0.3293   20.000  0.1456E-04        -11.55  0.3293   20.000  0.1748E-03        -11.55  0.3293   20.000  0.6353E-02        -11.55  0.3293   20.000  0.4551E-01
          5.4400      -11.55  0.3293   20.000  0.1392E-04        -11.55  0.3293   20.000  0.1674E-03        -11.55  0.3293   20.000  0.6131E-02        -11.55  0.3293   20.000  0.4434E-01
          5.4600      -11.55  0.3293   20.000  0.1330E-04        -11.55  0.3293   20.000  0.1603E-03        -11.55  0.3293   20.000  0.5916E-02        -11.55  0.3293   20.000  0.4320E-01
          5.4800      -11.55  0.3293   20.000  0.1272E-04        -11.55  0.3293   20.000  0.1535E-03        -11.55  0.3293   20.000  0.5709E-02        -11.55  0.3293   20.000  0.4208E-01
          5.5000      -11.55  0.3293   20.000  0.1215E-04        -11.55  0.3293   20.000  0.1471E-03        -11.55  0.3293   20.000  0.5508E-02        -11.55  0.3293   20.000  0.4098E-01
          5.5200      -11.55  0.3293   20.000  0.1162E-04        -11.55  0.3293   20.000  0.1408E-03        -11.55  0.3293   20.000  0.5314E-02        -11.55  0.3293   20.000  0.3991E-01
          5.5400      -11.55  0.3293   20.000  0.1110E-04        -11.55  0.3293   20.000  0.1349E-03        -11.55  0.3293   20.000  0.5127E-02        -11.55  0.3293   20.000  0.3886E-01
          5.5600      -11.55  0.3293   20.000  0.1061E-04        -11.55  0.3293   20.000  0.1292E-03        -11.55  0.3293   20.000  0.4946E-02        -11.55  0.3293   20.000  0.3783E-01
          5.5800      -11.55  0.3293   20.000  0.1014E-04        -11.55  0.3293   20.000  0.1237E-03        -11.55  0.3293   20.000  0.4771E-02        -11.55  0.3293   20.000  0.3683E-01
          5.6000      -11.55  0.3293   20.000  0.9697E-05        -11.55  0.3293   20.000  0.1185E-03        -11.55  0.3293   20.000  0.4602E-02        -11.55  0.3293   20.000  0.3584E-01
          5.6200      -11.55  0.3293   20.000  0.9269E-05        -11.55  0.3293   20.000  0.1135E-03        -11.55  0.3293   20.000  0.4439E-02        -11.55  0.3293   20.000  0.3488E-01
          5.6400      -11.55  0.3293   20.000  0.8860E-05        -11.55  0.3293   20.000  0.1087E-03        -11.55  0.3293   20.000  0.4281E-02        -11.55  0.3293   20.000  0.3394E-01
          5.6600      -11.55  0.3293   20.000  0.8470E-05        -11.55  0.3293   20.000  0.1041E-03        -11.55  0.3293   20.000  0.4129E-02        -11.55  0.3293   20.000  0.3302E-01
          5.6800      -11.55  0.3293   20.000  0.8096E-05        -11.55  0.3293   20.000  0.9969E-04        -11.55  0.3293   20.000  0.3982E-02        -11.55  0.3293   20.000  0.3212E-01
          5.7000      -11.55  0.3293   20.000  0.7739E-05        -11.55  0.3293   20.000  0.9548E-04        -11.55  0.3293   20.000  0.3840E-02        -11.55  0.3293   20.000  0.3124E-01
          5.7200      -11.55  0.3293   20.000  0.7398E-05        -11.55  0.3293   20.000  0.9144E-04        -11.55  0.3293   20.000  0.3703E-02        -11.55  0.3293   20.000  0.3038E-01
          5.7400      -11.55  0.3293   20.000  0.7072E-05        -11.55  0.3293   20.000  0.8757E-04        -11.55  0.3293   20.000  0.3571E-02        -11.55  0.3293   20.000  0.2954E-01
          5.7600      -11.55  0.3293   20.000  0.6761E-05        -11.55  0.3293   20.000  0.8387E-04        -11.55  0.3293   20.000  0.3443E-02        -11.55  0.3293   20.000  0.2873E-01
          5.7800      -11.55  0.3293   20.000  0.6463E-05        -11.55  0.3293   20.000  0.8033E-04        -11.55  0.3293   20.000  0.3319E-02        -11.55  0.3293   20.000  0.2793E-01
          5.8000      -11.55  0.3293   20.000  0.6179E-05        -11.55  0.3293   20.000  0.7693E-04        -11.55  0.3293   20.000  0.3200E-02        -11.55  0.3293   20.000  0.2715E-01
          5.8200      -11.55  0.3293   20.000  0.5907E-05        -11.55  0.3293   20.000  0.7368E-04        -11.55  0.3293   20.000  0.3085E-02        -11.55  0.3293   20.000  0.2638E-01
          5.8400      -11.55  0.3293   20.000  0.5647E-05        -11.55  0.3293   20.000  0.7056E-04        -11.55  0.3293   20.000  0.2974E-02        -11.55  0.3293   20.000  0.2564E-01
          5.8600      -11.55  0.3293   20.000  0.5399E-05        -11.55  0.3293   20.000  0.6758E-04        -11.55  0.3293   20.000  0.2867E-02        -11.55  0.3293   20.000  0.2492E-01
          5.8800      -11.55  0.3293   20.000  0.5161E-05        -11.55  0.3293   20.000  0.6472E-04        -11.55  0.3293   20.000  0.2763E-02        -11.55  0.3293   20.000  0.2421E-01
          5.9000      -11.55  0.3293   20.000  0.4934E-05        -11.55  0.3293   20.000  0.6198E-04        -11.55  0.3293   20.000  0.2664E-02        -11.55  0.3293   20.000  0.2352E-01
          5.9200      -11.55  0.3293   20.000  0.4718E-05        -11.55  0.3293   20.000  0.5936E-04        -11.55  0.3293   20.000  0.2567E-02        -11.55  0.3293   20.000  0.2284E-01
          5.9400      -11.55  0.3293   20.000  0.4510E-05        -11.55  0.3293   20.000  0.5685E-04        -11.55  0.3293   20.000  0.2474E-02        -11.55  0.3293   20.000  0.2219E-01
          5.9600      -11.55  0.3293   20.000  0.4312E-05        -11.55  0.3293   20.000  0.5445E-04        -11.55  0.3293   20.000  0.2385E-02        -11.55  0.3293   20.000  0.2155E-01
          5.9800      -11.55  0.3293   20.000  0.4123E-05        -11.55  0.3293   20.000  0.5215E-04        -11.55  0.3293   20.000  0.2298E-02        -11.55  0.3293   20.000  0.2093E-01
          6.0000      -11.55  0.3293   20.000  0.3942E-05        -11.55  0.3293   20.000  0.4994E-04        -11.55  0.3293   20.000  0.2215E-02        -11.55  0.3293   20.000  0.2032E-01
end
