 ******* Program HYDRUS
 ******* Solute reactif (Kd = 0.2 cm3/g, mu = 0.05 /j), loam sableux, q=10 cm/j  
 Date:   0. 0.    Time: 512:**:**
 Units: L = cm   , T = days , M = g    


    TLevel      Time           dt     ItrW ItrC    ItCum  KodT  KodB Converg  Peclet   Courant

        1  0.1000000E-02  0.10000E-02    2    1        2    -1    -5     T     0.249     0.032
        2  0.2000000E-02  0.10000E-02    2    1        4    -1    -5     T     0.249     0.032
        3  0.3300000E-02  0.13000E-02    2    1        6    -1    -5     T     0.249     0.042
        4  0.4990000E-02  0.16900E-02    2    1        8    -1    -5     T     0.249     0.054
        5  0.7187000E-02  0.21970E-02    2    1       10    -1    -5     T     0.249     0.071
        6  0.1004310E-01  0.28561E-02    2    1       12    -1    -5     T     0.249     0.092
        7  0.1375603E-01  0.37129E-02    2    1       14    -1    -5     T     0.250     0.120
        8  0.1858284E-01  0.48268E-02    2    1       16    -1    -5     T     0.250     0.156
        9  0.2485769E-01  0.62749E-02    2    1       18    -1    -5     T     0.251     0.202
       10  0.3301499E-01  0.81573E-02    2    1       20    -1    -5     T     0.251     0.263
       11  0.4361949E-01  0.10604E-01    2    1       22    -1    -5     T     0.252     0.342
       12  0.5740534E-01  0.13786E-01    2    1       24    -1    -5     T     0.253     0.444
       13  0.7532693E-01  0.17922E-01    2    1       26    -1    -5     T     0.255     0.578
       14  0.9532693E-01  0.20000E-01    2    1       28    -1    -5     T     0.255     0.644
       15  0.1153269E+00  0.20000E-01    2    1       30    -1    -5     T     0.255     0.644
       16  0.1353269E+00  0.20000E-01    2    1       32    -1    -5     T     0.255     0.643
       17  0.1553269E+00  0.20000E-01    2    1       34    -1    -5     T     0.255     0.643
       18  0.1753269E+00  0.20000E-01    2    1       36    -1    -5     T     0.255     0.642
       19  0.1953269E+00  0.20000E-01    2    1       38    -1    -5     T     0.255     0.641
       20  0.2153269E+00  0.20000E-01    2    1       40    -1    -5     T     0.255     0.640
       21  0.2353269E+00  0.20000E-01    2    1       42    -1    -5     T     0.255     0.639
       22  0.2553269E+00  0.20000E-01    2    1       44    -1    -5     T     0.255     0.639
       23  0.2753269E+00  0.20000E-01    2    1       46    -1    -5     T     0.255     0.638
       24  0.2953269E+00  0.20000E-01    2    1       48    -1    -5     T     0.255     0.638
       25  0.3153269E+00  0.20000E-01    2    1       50    -1    -5     T     0.255     0.637
       26  0.3353269E+00  0.20000E-01    2    1       52    -1    -5     T     0.255     0.637
       27  0.3553269E+00  0.20000E-01    2    1       54    -1    -5     T     0.255     0.637
       28  0.3753269E+00  0.20000E-01    2    1       56    -1    -5     T     0.255     0.636
       29  0.3953269E+00  0.20000E-01    2    1       58    -1    -5     T     0.255     0.636
       30  0.4153269E+00  0.20000E-01    2    1       60    -1    -5     T     0.255     0.636
       31  0.4353269E+00  0.20000E-01    2    1       62    -1    -5     T     0.255     0.636
       32  0.4553269E+00  0.20000E-01    2    1       64    -1    -5     T     0.255     0.636
       33  0.4753269E+00  0.20000E-01    2    1       66    -1    -5     T     0.255     0.636
       34  0.4876635E+00  0.12337E-01    2    1       68    -1    -5     T     0.253     0.392
       35  0.5000000E+00  0.12337E-01    2    1       70    -1    -5     T     0.253     0.392
       36  0.5200000E+00  0.20000E-01    2    1       72    -1    -5     T     0.255     0.636
       37  0.5400000E+00  0.20000E-01    2    1       74    -1    -5     T     0.255     0.636
       38  0.5600000E+00  0.20000E-01    2    1       76    -1    -5     T     0.255     0.636
       39  0.5800000E+00  0.20000E-01    2    1       78    -1    -5     T     0.255     0.636
       40  0.6000000E+00  0.20000E-01    2    1       80    -1    -5     T     0.255     0.636
       41  0.6200000E+00  0.20000E-01    2    1       82    -1    -5     T     0.255     0.636
       42  0.6400000E+00  0.20000E-01    2    1       84    -1    -5     T     0.255     0.636
       43  0.6600000E+00  0.20000E-01    2    1       86    -1    -5     T     0.255     0.636
       44  0.6800000E+00  0.20000E-01    2    1       88    -1    -5     T     0.255     0.636
       45  0.7000000E+00  0.20000E-01    2    1       90    -1    -5     T     0.255     0.636
       46  0.7200000E+00  0.20000E-01    2    1       92    -1    -5     T     0.255     0.636
       47  0.7400000E+00  0.20000E-01    2    1       94    -1    -5     T     0.255     0.636
       48  0.7600000E+00  0.20000E-01    2    1       96    -1    -5     T     0.255     0.636
       49  0.7800000E+00  0.20000E-01    2    1       98    -1    -5     T     0.255     0.636
       50  0.8000000E+00  0.20000E-01    2    1      100    -1    -5     T     0.255     0.636
       51  0.8200000E+00  0.20000E-01    2    1      102    -1    -5     T     0.255     0.636
       52  0.8400000E+00  0.20000E-01    2    1      104    -1    -5     T     0.255     0.636
       53  0.8600000E+00  0.20000E-01    2    1      106    -1    -5     T     0.255     0.636
       54  0.8800000E+00  0.20000E-01    2    1      108    -1    -5     T     0.255     0.636
       55  0.9000000E+00  0.20000E-01    2    1      110    -1    -5     T     0.255     0.636
       56  0.9200000E+00  0.20000E-01    2    1      112    -1    -5     T     0.255     0.636
       57  0.9400000E+00  0.20000E-01    2    1      114    -1    -5     T     0.255     0.636
       58  0.9600000E+00  0.20000E-01    2    1      116    -1    -5     T     0.255     0.636
       59  0.9800000E+00  0.20000E-01    2    1      118    -1    -5     T     0.255     0.636
       60  0.1000000E+01  0.20000E-01    2    1      120    -1    -5     T     0.255     0.636
       61  0.1020000E+01  0.20000E-01    2    1      122    -1    -5     T     0.255     0.636
       62  0.1040000E+01  0.20000E-01    2    1      124    -1    -5     T     0.255     0.636
       63  0.1060000E+01  0.20000E-01    2    1      126    -1    -5     T     0.255     0.636
       64  0.1080000E+01  0.20000E-01    2    1      128    -1    -5     T     0.255     0.636
       65  0.1100000E+01  0.20000E-01    2    1      130    -1    -5     T     0.255     0.636
       66  0.1120000E+01  0.20000E-01    2    1      132    -1    -5     T     0.255     0.636
       67  0.1140000E+01  0.20000E-01    2    1      134    -1    -5     T     0.255     0.636
       68  0.1160000E+01  0.20000E-01    2    1      136    -1    -5     T     0.255     0.636
       69  0.1180000E+01  0.20000E-01    2    1      138    -1    -5     T     0.255     0.636
       70  0.1200000E+01  0.20000E-01    2    1      140    -1    -5     T     0.255     0.636
       71  0.1220000E+01  0.20000E-01    2    1      142    -1    -5     T     0.255     0.636
       72  0.1240000E+01  0.20000E-01    2    1      144    -1    -5     T     0.255     0.636
       73  0.1260000E+01  0.20000E-01    2    1      146    -1    -5     T     0.255     0.636
       74  0.1280000E+01  0.20000E-01    2    1      148    -1    -5     T     0.255     0.636
       75  0.1300000E+01  0.20000E-01    2    1      150    -1    -5     T     0.255     0.636
       76  0.1320000E+01  0.20000E-01    2    1      152    -1    -5     T     0.255     0.636
       77  0.1340000E+01  0.20000E-01    2    1      154    -1    -5     T     0.255     0.636
       78  0.1360000E+01  0.20000E-01    2    1      156    -1    -5     T     0.255     0.636
       79  0.1380000E+01  0.20000E-01    2    1      158    -1    -5     T     0.255     0.636
       80  0.1400000E+01  0.20000E-01    2    1      160    -1    -5     T     0.255     0.636
       81  0.1420000E+01  0.20000E-01    2    1      162    -1    -5     T     0.255     0.636
       82  0.1440000E+01  0.20000E-01    2    1      164    -1    -5     T     0.255     0.636
       83  0.1460000E+01  0.20000E-01    2    1      166    -1    -5     T     0.255     0.636
       84  0.1480000E+01  0.20000E-01    2    1      168    -1    -5     T     0.255     0.636
       85  0.1500000E+01  0.20000E-01    2    1      170    -1    -5     T     0.255     0.636
       86  0.1520000E+01  0.20000E-01    2    1      172    -1    -5     T     0.255     0.636
       87  0.1540000E+01  0.20000E-01    2    1      174    -1    -5     T     0.255     0.636
       88  0.1560000E+01  0.20000E-01    2    1      176    -1    -5     T     0.255     0.636
       89  0.1580000E+01  0.20000E-01    2    1      178    -1    -5     T     0.255     0.636
       90  0.1600000E+01  0.20000E-01    2    1      180    -1    -5     T     0.255     0.636
       91  0.1620000E+01  0.20000E-01    2    1      182    -1    -5     T     0.255     0.636
       92  0.1640000E+01  0.20000E-01    2    1      184    -1    -5     T     0.255     0.636
       93  0.1660000E+01  0.20000E-01    2    1      186    -1    -5     T     0.255     0.636
       94  0.1680000E+01  0.20000E-01    2    1      188    -1    -5     T     0.255     0.636
       95  0.1700000E+01  0.20000E-01    2    1      190    -1    -5     T     0.255     0.636
       96  0.1720000E+01  0.20000E-01    2    1      192    -1    -5     T     0.255     0.636
       97  0.1740000E+01  0.20000E-01    2    1      194    -1    -5     T     0.255     0.636
       98  0.1760000E+01  0.20000E-01    2    1      196    -1    -5     T     0.255     0.636
       99  0.1780000E+01  0.20000E-01    2    1      198    -1    -5     T     0.255     0.636
      100  0.1800000E+01  0.20000E-01    2    1      200    -1    -5     T     0.255     0.636
      101  0.1820000E+01  0.20000E-01    2    1      202    -1    -5     T     0.255     0.636
      102  0.1840000E+01  0.20000E-01    2    1      204    -1    -5     T     0.255     0.636
      103  0.1860000E+01  0.20000E-01    2    1      206    -1    -5     T     0.255     0.636
      104  0.1880000E+01  0.20000E-01    2    1      208    -1    -5     T     0.255     0.636
      105  0.1900000E+01  0.20000E-01    2    1      210    -1    -5     T     0.255     0.636
      106  0.1920000E+01  0.20000E-01    2    1      212    -1    -5     T     0.255     0.636
      107  0.1940000E+01  0.20000E-01    2    1      214    -1    -5     T     0.255     0.636
      108  0.1960000E+01  0.20000E-01    2    1      216    -1    -5     T     0.255     0.636
      109  0.1980000E+01  0.20000E-01    2    1      218    -1    -5     T     0.255     0.636
      110  0.2000000E+01  0.20000E-01    2    1      220    -1    -5     T     0.255     0.636
      111  0.2020000E+01  0.20000E-01    2    1      222    -1    -5     T     0.255     0.636
      112  0.2040000E+01  0.20000E-01    2    1      224    -1    -5     T     0.255     0.636
      113  0.2060000E+01  0.20000E-01    2    1      226    -1    -5     T     0.255     0.636
      114  0.2080000E+01  0.20000E-01    2    1      228    -1    -5     T     0.255     0.636
      115  0.2100000E+01  0.20000E-01    2    1      230    -1    -5     T     0.255     0.636
      116  0.2120000E+01  0.20000E-01    2    1      232    -1    -5     T     0.255     0.636
      117  0.2140000E+01  0.20000E-01    2    1      234    -1    -5     T     0.255     0.636
      118  0.2160000E+01  0.20000E-01    2    1      236    -1    -5     T     0.255     0.636
      119  0.2180000E+01  0.20000E-01    2    1      238    -1    -5     T     0.255     0.636
      120  0.2200000E+01  0.20000E-01    2    1      240    -1    -5     T     0.255     0.636
      121  0.2220000E+01  0.20000E-01    2    1      242    -1    -5     T     0.255     0.636
      122  0.2240000E+01  0.20000E-01    2    1      244    -1    -5     T     0.255     0.636
      123  0.2260000E+01  0.20000E-01    2    1      246    -1    -5     T     0.255     0.636
      124  0.2280000E+01  0.20000E-01    2    1      248    -1    -5     T     0.255     0.636
      125  0.2300000E+01  0.20000E-01    2    1      250    -1    -5     T     0.255     0.636
      126  0.2320000E+01  0.20000E-01    2    1      252    -1    -5     T     0.255     0.636
      127  0.2340000E+01  0.20000E-01    2    1      254    -1    -5     T     0.255     0.636
      128  0.2360000E+01  0.20000E-01    2    1      256    -1    -5     T     0.255     0.636
      129  0.2380000E+01  0.20000E-01    2    1      258    -1    -5     T     0.255     0.636
      130  0.2400000E+01  0.20000E-01    2    1      260    -1    -5     T     0.255     0.636
      131  0.2420000E+01  0.20000E-01    2    1      262    -1    -5     T     0.255     0.636
      132  0.2440000E+01  0.20000E-01    2    1      264    -1    -5     T     0.255     0.636
      133  0.2460000E+01  0.20000E-01    2    1      266    -1    -5     T     0.255     0.636
      134  0.2480000E+01  0.20000E-01    2    1      268    -1    -5     T     0.255     0.636
      135  0.2500000E+01  0.20000E-01    2    1      270    -1    -5     T     0.255     0.636
      136  0.2520000E+01  0.20000E-01    2    1      272    -1    -5     T     0.255     0.636
      137  0.2540000E+01  0.20000E-01    2    1      274    -1    -5     T     0.255     0.636
      138  0.2560000E+01  0.20000E-01    2    1      276    -1    -5     T     0.255     0.636
      139  0.2580000E+01  0.20000E-01    2    1      278    -1    -5     T     0.255     0.636
      140  0.2600000E+01  0.20000E-01    2    1      280    -1    -5     T     0.255     0.636
      141  0.2620000E+01  0.20000E-01    2    1      282    -1    -5     T     0.255     0.636
      142  0.2640000E+01  0.20000E-01    2    1      284    -1    -5     T     0.255     0.636
      143  0.2660000E+01  0.20000E-01    2    1      286    -1    -5     T     0.255     0.636
      144  0.2680000E+01  0.20000E-01    2    1      288    -1    -5     T     0.255     0.636
      145  0.2700000E+01  0.20000E-01    2    1      290    -1    -5     T     0.255     0.636
      146  0.2720000E+01  0.20000E-01    2    1      292    -1    -5     T     0.255     0.636
      147  0.2740000E+01  0.20000E-01    2    1      294    -1    -5     T     0.255     0.636
      148  0.2760000E+01  0.20000E-01    2    1      296    -1    -5     T     0.255     0.636
      149  0.2780000E+01  0.20000E-01    2    1      298    -1    -5     T     0.255     0.636
      150  0.2800000E+01  0.20000E-01    2    1      300    -1    -5     T     0.255     0.636
      151  0.2820000E+01  0.20000E-01    2    1      302    -1    -5     T     0.255     0.636
      152  0.2840000E+01  0.20000E-01    2    1      304    -1    -5     T     0.255     0.636
      153  0.2860000E+01  0.20000E-01    2    1      306    -1    -5     T     0.255     0.636
      154  0.2880000E+01  0.20000E-01    2    1      308    -1    -5     T     0.255     0.636
      155  0.2900000E+01  0.20000E-01    2    1      310    -1    -5     T     0.255     0.636
      156  0.2920000E+01  0.20000E-01    2    1      312    -1    -5     T     0.255     0.636
      157  0.2940000E+01  0.20000E-01    2    1      314    -1    -5     T     0.255     0.636
      158  0.2960000E+01  0.20000E-01    2    1      316    -1    -5     T     0.255     0.636
      159  0.2980000E+01  0.20000E-01    2    1      318    -1    -5     T     0.255     0.636
      160  0.3000000E+01  0.20000E-01    2    1      320    -1    -5     T     0.255     0.636
      161  0.3020000E+01  0.20000E-01    2    1      322    -1    -5     T     0.255     0.636
      162  0.3040000E+01  0.20000E-01    2    1      324    -1    -5     T     0.255     0.636
      163  0.3060000E+01  0.20000E-01    2    1      326    -1    -5     T     0.255     0.636
      164  0.3080000E+01  0.20000E-01    2    1      328    -1    -5     T     0.255     0.636
      165  0.3100000E+01  0.20000E-01    2    1      330    -1    -5     T     0.255     0.636
      166  0.3120000E+01  0.20000E-01    2    1      332    -1    -5     T     0.255     0.636
      167  0.3140000E+01  0.20000E-01    2    1      334    -1    -5     T     0.255     0.636
      168  0.3160000E+01  0.20000E-01    2    1      336    -1    -5     T     0.255     0.636
      169  0.3180000E+01  0.20000E-01    2    1      338    -1    -5     T     0.255     0.636
      170  0.3200000E+01  0.20000E-01    2    1      340    -1    -5     T     0.255     0.636
      171  0.3220000E+01  0.20000E-01    2    1      342    -1    -5     T     0.255     0.636
      172  0.3240000E+01  0.20000E-01    2    1      344    -1    -5     T     0.255     0.636
      173  0.3260000E+01  0.20000E-01    2    1      346    -1    -5     T     0.255     0.636
      174  0.3280000E+01  0.20000E-01    2    1      348    -1    -5     T     0.255     0.636
      175  0.3300000E+01  0.20000E-01    2    1      350    -1    -5     T     0.255     0.636
      176  0.3320000E+01  0.20000E-01    2    1      352    -1    -5     T     0.255     0.636
      177  0.3340000E+01  0.20000E-01    2    1      354    -1    -5     T     0.255     0.636
      178  0.3360000E+01  0.20000E-01    2    1      356    -1    -5     T     0.255     0.636
      179  0.3380000E+01  0.20000E-01    2    1      358    -1    -5     T     0.255     0.636
      180  0.3400000E+01  0.20000E-01    2    1      360    -1    -5     T     0.255     0.636
      181  0.3420000E+01  0.20000E-01    2    1      362    -1    -5     T     0.255     0.636
      182  0.3440000E+01  0.20000E-01    2    1      364    -1    -5     T     0.255     0.636
      183  0.3460000E+01  0.20000E-01    2    1      366    -1    -5     T     0.255     0.636
      184  0.3480000E+01  0.20000E-01    2    1      368    -1    -5     T     0.255     0.636
      185  0.3500000E+01  0.20000E-01    2    1      370    -1    -5     T     0.255     0.636
      186  0.3520000E+01  0.20000E-01    2    1      372    -1    -5     T     0.255     0.636
      187  0.3540000E+01  0.20000E-01    2    1      374    -1    -5     T     0.255     0.636
      188  0.3560000E+01  0.20000E-01    2    1      376    -1    -5     T     0.255     0.636
      189  0.3580000E+01  0.20000E-01    2    1      378    -1    -5     T     0.255     0.636
      190  0.3600000E+01  0.20000E-01    2    1      380    -1    -5     T     0.255     0.636
      191  0.3620000E+01  0.20000E-01    2    1      382    -1    -5     T     0.255     0.636
      192  0.3640000E+01  0.20000E-01    2    1      384    -1    -5     T     0.255     0.636
      193  0.3660000E+01  0.20000E-01    2    1      386    -1    -5     T     0.255     0.636
      194  0.3680000E+01  0.20000E-01    2    1      388    -1    -5     T     0.255     0.636
      195  0.3700000E+01  0.20000E-01    2    1      390    -1    -5     T     0.255     0.636
      196  0.3720000E+01  0.20000E-01    2    1      392    -1    -5     T     0.255     0.636
      197  0.3740000E+01  0.20000E-01    2    1      394    -1    -5     T     0.255     0.636
      198  0.3760000E+01  0.20000E-01    2    1      396    -1    -5     T     0.255     0.636
      199  0.3780000E+01  0.20000E-01    2    1      398    -1    -5     T     0.255     0.636
      200  0.3800000E+01  0.20000E-01    2    1      400    -1    -5     T     0.255     0.636
      201  0.3820000E+01  0.20000E-01    2    1      402    -1    -5     T     0.255     0.636
      202  0.3840000E+01  0.20000E-01    2    1      404    -1    -5     T     0.255     0.636
      203  0.3860000E+01  0.20000E-01    2    1      406    -1    -5     T     0.255     0.636
      204  0.3880000E+01  0.20000E-01    2    1      408    -1    -5     T     0.255     0.636
      205  0.3900000E+01  0.20000E-01    2    1      410    -1    -5     T     0.255     0.636
      206  0.3920000E+01  0.20000E-01    2    1      412    -1    -5     T     0.255     0.636
      207  0.3940000E+01  0.20000E-01    2    1      414    -1    -5     T     0.255     0.636
      208  0.3960000E+01  0.20000E-01    2    1      416    -1    -5     T     0.255     0.636
      209  0.3980000E+01  0.20000E-01    2    1      418    -1    -5     T     0.255     0.636
      210  0.4000000E+01  0.20000E-01    2    1      420    -1    -5     T     0.255     0.636
      211  0.4020000E+01  0.20000E-01    2    1      422    -1    -5     T     0.255     0.636
      212  0.4040000E+01  0.20000E-01    2    1      424    -1    -5     T     0.255     0.636
      213  0.4060000E+01  0.20000E-01    2    1      426    -1    -5     T     0.255     0.636
      214  0.4080000E+01  0.20000E-01    2    1      428    -1    -5     T     0.255     0.636
      215  0.4100000E+01  0.20000E-01    2    1      430    -1    -5     T     0.255     0.636
      216  0.4120000E+01  0.20000E-01    2    1      432    -1    -5     T     0.255     0.636
      217  0.4140000E+01  0.20000E-01    2    1      434    -1    -5     T     0.255     0.636
      218  0.4160000E+01  0.20000E-01    2    1      436    -1    -5     T     0.255     0.636
      219  0.4180000E+01  0.20000E-01    2    1      438    -1    -5     T     0.255     0.636
      220  0.4200000E+01  0.20000E-01    2    1      440    -1    -5     T     0.255     0.636
      221  0.4220000E+01  0.20000E-01    2    1      442    -1    -5     T     0.255     0.636
      222  0.4240000E+01  0.20000E-01    2    1      444    -1    -5     T     0.255     0.636
      223  0.4260000E+01  0.20000E-01    2    1      446    -1    -5     T     0.255     0.636
      224  0.4280000E+01  0.20000E-01    2    1      448    -1    -5     T     0.255     0.636
      225  0.4300000E+01  0.20000E-01    2    1      450    -1    -5     T     0.255     0.636
      226  0.4320000E+01  0.20000E-01    2    1      452    -1    -5     T     0.255     0.636
      227  0.4340000E+01  0.20000E-01    2    1      454    -1    -5     T     0.255     0.636
      228  0.4360000E+01  0.20000E-01    2    1      456    -1    -5     T     0.255     0.636
      229  0.4380000E+01  0.20000E-01    2    1      458    -1    -5     T     0.255     0.636
      230  0.4400000E+01  0.20000E-01    2    1      460    -1    -5     T     0.255     0.636
      231  0.4420000E+01  0.20000E-01    2    1      462    -1    -5     T     0.255     0.636
      232  0.4440000E+01  0.20000E-01    2    1      464    -1    -5     T     0.255     0.636
      233  0.4460000E+01  0.20000E-01    2    1      466    -1    -5     T     0.255     0.636
      234  0.4480000E+01  0.20000E-01    2    1      468    -1    -5     T     0.255     0.636
      235  0.4500000E+01  0.20000E-01    2    1      470    -1    -5     T     0.255     0.636
      236  0.4520000E+01  0.20000E-01    2    1      472    -1    -5     T     0.255     0.636
      237  0.4540000E+01  0.20000E-01    2    1      474    -1    -5     T     0.255     0.636
      238  0.4560000E+01  0.20000E-01    2    1      476    -1    -5     T     0.255     0.636
      239  0.4580000E+01  0.20000E-01    2    1      478    -1    -5     T     0.255     0.636
      240  0.4600000E+01  0.20000E-01    2    1      480    -1    -5     T     0.255     0.636
      241  0.4620000E+01  0.20000E-01    2    1      482    -1    -5     T     0.255     0.636
      242  0.4640000E+01  0.20000E-01    2    1      484    -1    -5     T     0.255     0.636
      243  0.4660000E+01  0.20000E-01    2    1      486    -1    -5     T     0.255     0.636
      244  0.4680000E+01  0.20000E-01    2    1      488    -1    -5     T     0.255     0.636
      245  0.4700000E+01  0.20000E-01    2    1      490    -1    -5     T     0.255     0.636
      246  0.4720000E+01  0.20000E-01    2    1      492    -1    -5     T     0.255     0.636
      247  0.4740000E+01  0.20000E-01    2    1      494    -1    -5     T     0.255     0.636
      248  0.4760000E+01  0.20000E-01    2    1      496    -1    -5     T     0.255     0.636
      249  0.4780000E+01  0.20000E-01    2    1      498    -1    -5     T     0.255     0.636
      250  0.4800000E+01  0.20000E-01    2    1      500    -1    -5     T     0.255     0.636
      251  0.4820000E+01  0.20000E-01    2    1      502    -1    -5     T     0.255     0.636
      252  0.4840000E+01  0.20000E-01    2    1      504    -1    -5     T     0.255     0.636
      253  0.4860000E+01  0.20000E-01    2    1      506    -1    -5     T     0.255     0.636
      254  0.4880000E+01  0.20000E-01    2    1      508    -1    -5     T     0.255     0.636
      255  0.4900000E+01  0.20000E-01    2    1      510    -1    -5     T     0.255     0.636
      256  0.4920000E+01  0.20000E-01    2    1      512    -1    -5     T     0.255     0.636
      257  0.4940000E+01  0.20000E-01    2    1      514    -1    -5     T     0.255     0.636
      258  0.4960000E+01  0.20000E-01    2    1      516    -1    -5     T     0.255     0.636
      259  0.4980000E+01  0.20000E-01    2    1      518    -1    -5     T     0.255     0.636
      260  0.5000000E+01  0.20000E-01    2    1      520    -1    -5     T     0.255     0.636
      261  0.5020000E+01  0.20000E-01    2    1      522    -1    -5     T     0.255     0.636
      262  0.5040000E+01  0.20000E-01    2    1      524    -1    -5     T     0.255     0.636
      263  0.5060000E+01  0.20000E-01    2    1      526    -1    -5     T     0.255     0.636
      264  0.5080000E+01  0.20000E-01    2    1      528    -1    -5     T     0.255     0.636
      265  0.5100000E+01  0.20000E-01    2    1      530    -1    -5     T     0.255     0.636
      266  0.5120000E+01  0.20000E-01    2    1      532    -1    -5     T     0.255     0.636
      267  0.5140000E+01  0.20000E-01    2    1      534    -1    -5     T     0.255     0.636
      268  0.5160000E+01  0.20000E-01    2    1      536    -1    -5     T     0.255     0.636
      269  0.5180000E+01  0.20000E-01    2    1      538    -1    -5     T     0.255     0.636
      270  0.5200000E+01  0.20000E-01    2    1      540    -1    -5     T     0.255     0.636
      271  0.5220000E+01  0.20000E-01    2    1      542    -1    -5     T     0.255     0.636
      272  0.5240000E+01  0.20000E-01    2    1      544    -1    -5     T     0.255     0.636
      273  0.5260000E+01  0.20000E-01    2    1      546    -1    -5     T     0.255     0.636
      274  0.5280000E+01  0.20000E-01    2    1      548    -1    -5     T     0.255     0.636
      275  0.5300000E+01  0.20000E-01    2    1      550    -1    -5     T     0.255     0.636
      276  0.5320000E+01  0.20000E-01    2    1      552    -1    -5     T     0.255     0.636
      277  0.5340000E+01  0.20000E-01    2    1      554    -1    -5     T     0.255     0.636
      278  0.5360000E+01  0.20000E-01    2    1      556    -1    -5     T     0.255     0.636
      279  0.5380000E+01  0.20000E-01    2    1      558    -1    -5     T     0.255     0.636
      280  0.5400000E+01  0.20000E-01    2    1      560    -1    -5     T     0.255     0.636
      281  0.5420000E+01  0.20000E-01    2    1      562    -1    -5     T     0.255     0.636
      282  0.5440000E+01  0.20000E-01    2    1      564    -1    -5     T     0.255     0.636
      283  0.5460000E+01  0.20000E-01    2    1      566    -1    -5     T     0.255     0.636
      284  0.5480000E+01  0.20000E-01    2    1      568    -1    -5     T     0.255     0.636
      285  0.5500000E+01  0.20000E-01    2    1      570    -1    -5     T     0.255     0.636
      286  0.5520000E+01  0.20000E-01    2    1      572    -1    -5     T     0.255     0.636
      287  0.5540000E+01  0.20000E-01    2    1      574    -1    -5     T     0.255     0.636
      288  0.5560000E+01  0.20000E-01    2    1      576    -1    -5     T     0.255     0.636
      289  0.5580000E+01  0.20000E-01    2    1      578    -1    -5     T     0.255     0.636
      290  0.5600000E+01  0.20000E-01    2    1      580    -1    -5     T     0.255     0.636
      291  0.5620000E+01  0.20000E-01    2    1      582    -1    -5     T     0.255     0.636
      292  0.5640000E+01  0.20000E-01    2    1      584    -1    -5     T     0.255     0.636
      293  0.5660000E+01  0.20000E-01    2    1      586    -1    -5     T     0.255     0.636
      294  0.5680000E+01  0.20000E-01    2    1      588    -1    -5     T     0.255     0.636
      295  0.5700000E+01  0.20000E-01    2    1      590    -1    -5     T     0.255     0.636
      296  0.5720000E+01  0.20000E-01    2    1      592    -1    -5     T     0.255     0.636
      297  0.5740000E+01  0.20000E-01    2    1      594    -1    -5     T     0.255     0.636
      298  0.5760000E+01  0.20000E-01    2    1      596    -1    -5     T     0.255     0.636
      299  0.5780000E+01  0.20000E-01    2    1      598    -1    -5     T     0.255     0.636
      300  0.5800000E+01  0.20000E-01    2    1      600    -1    -5     T     0.255     0.636
      301  0.5820000E+01  0.20000E-01    2    1      602    -1    -5     T     0.255     0.636
      302  0.5840000E+01  0.20000E-01    2    1      604    -1    -5     T     0.255     0.636
      303  0.5860000E+01  0.20000E-01    2    1      606    -1    -5     T     0.255     0.636
      304  0.5880000E+01  0.20000E-01    2    1      608    -1    -5     T     0.255     0.636
      305  0.5900000E+01  0.20000E-01    2    1      610    -1    -5     T     0.255     0.636
      306  0.5920000E+01  0.20000E-01    2    1      612    -1    -5     T     0.255     0.636
      307  0.5940000E+01  0.20000E-01    2    1      614    -1    -5     T     0.255     0.636
      308  0.5960000E+01  0.20000E-01    2    1      616    -1    -5     T     0.255     0.636
      309  0.5980000E+01  0.20000E-01    2    1      618    -1    -5     T     0.255     0.636
      310  0.6000000E+01  0.20000E-01    2    1      620    -1    -5     T     0.255     0.636
end
