 All solute fluxes and cumulative solute fluxes are positive into the region

       Time         cvTop        cvBot      Sum(cvTop)   Sum(cvBot)     cvCh0        cvCh1         cTop        cRoot         cBot        cvRoot    Sum(cvRoot)  Sum(cvNEql) TLevel      cGWL        cRunOff   Sum(cRunOff)    (cv(i),    Sum(cv(i)), i=1,NObs)
        [T]        [M/L2/T]     [M/L2/T]      [M/L2]       [M/L2]       [M/L2]      [M/L2]        [M/L3]      [M/L3]        [M/L3]      [M/L2/T]      [M/L2]       [M/L2]              [M/L3]        [M/L2]      [M/L3]      [M/L2/T]      [M/L2]
        0.0010  0.10000E+02  0.00000E+00  0.10000E-01  0.00000E+00  0.00000E+00  0.00000E+00  0.56308E-01  0.00000E+00  0.00000E+00  0.00000E+00  0.00000E+00  0.00000E+00       1  0.00000E+00  0.00000E+00  0.00000E+00
        0.0020  0.10000E+02  0.00000E+00  0.20000E-01  0.00000E+00  0.00000E+00 -0.52754E-06  0.99281E-01  0.00000E+00  0.00000E+00  0.00000E+00  0.00000E+00  0.00000E+00       2  0.00000E+00  0.00000E+00  0.00000E+00
        0.0033  0.10000E+02  0.00000E+00  0.33000E-01  0.00000E+00  0.00000E+00 -0.18938E-05  0.14269E+00  0.00000E+00  0.00000E+00  0.00000E+00  0.00000E+00  0.00000E+00       3  0.00000E+00  0.00000E+00  0.00000E+00
        0.0050  0.10000E+02  0.00000E+00  0.49900E-01  0.00000E+00  0.00000E+00 -0.48199E-05  0.18568E+00  0.00000E+00  0.00000E+00  0.00000E+00  0.00000E+00  0.00000E+00       4  0.00000E+00  0.00000E+00  0.00000E+00
        0.0072  0.10000E+02  0.00000E+00  0.71870E-01  0.00000E+00  0.00000E+00 -0.10567E-04  0.22812E+00  0.00000E+00  0.00000E+00  0.00000E+00  0.00000E+00  0.00000E+00       5  0.00000E+00  0.00000E+00  0.00000E+00
        0.0100  0.10000E+02  0.00000E+00  0.10043E+00  0.00000E+00  0.00000E+00 -0.21321E-04  0.27061E+00  0.00000E+00  0.00000E+00  0.00000E+00  0.00000E+00  0.00000E+00       6  0.00000E+00  0.00000E+00  0.00000E+00
        0.0138  0.10000E+02  0.00000E+00  0.13756E+00  0.00000E+00  0.00000E+00 -0.40848E-04  0.31405E+00  0.00000E+00  0.00000E+00  0.00000E+00  0.00000E+00  0.00000E+00       7  0.00000E+00  0.00000E+00  0.00000E+00
        0.0186  0.10000E+02  0.00000E+00  0.18583E+00  0.00000E+00  0.00000E+00 -0.75606E-04  0.35920E+00  0.00000E+00  0.00000E+00  0.00000E+00  0.00000E+00  0.00000E+00       8  0.00000E+00  0.00000E+00  0.00000E+00
        0.0249  0.10000E+02  0.00000E+00  0.24858E+00  0.00000E+00  0.00000E+00 -0.13663E-03  0.40646E+00  0.00000E+00  0.00000E+00  0.00000E+00  0.00000E+00  0.00000E+00       9  0.00000E+00  0.00000E+00  0.00000E+00
        0.0330  0.10000E+02  0.00000E+00  0.33015E+00  0.00000E+00  0.00000E+00 -0.24271E-03  0.45590E+00  0.00000E+00  0.00000E+00  0.00000E+00  0.00000E+00  0.00000E+00      10  0.00000E+00  0.00000E+00  0.00000E+00
        0.0436  0.10000E+02  0.00000E+00  0.43619E+00  0.00000E+00  0.00000E+00 -0.42581E-03  0.50739E+00  0.00000E+00  0.00000E+00  0.00000E+00  0.00000E+00  0.00000E+00      11  0.00000E+00  0.00000E+00  0.00000E+00
        0.0574  0.10000E+02  0.00000E+00  0.57405E+00  0.00000E+00  0.00000E+00 -0.74018E-03  0.56057E+00  0.00000E+00  0.00000E+00  0.00000E+00  0.00000E+00  0.00000E+00      12  0.00000E+00  0.00000E+00  0.00000E+00
        0.0753  0.10000E+02  0.00000E+00  0.75327E+00  0.00000E+00  0.00000E+00 -0.12778E-02  0.61486E+00  0.00000E+00  0.00000E+00  0.00000E+00  0.00000E+00  0.00000E+00      13  0.00000E+00  0.00000E+00  0.00000E+00
        0.0953  0.10000E+02  0.00000E+00  0.95327E+00  0.00000E+00  0.00000E+00 -0.20647E-02  0.66252E+00  0.00000E+00  0.00000E+00  0.00000E+00  0.00000E+00  0.00000E+00      14  0.00000E+00  0.00000E+00  0.00000E+00
        0.1153  0.10000E+02  0.00000E+00  0.11533E+01  0.00000E+00  0.00000E+00 -0.30599E-02  0.70094E+00  0.00000E+00  0.00000E+00  0.00000E+00  0.00000E+00  0.00000E+00      15  0.00000E+00  0.00000E+00  0.00000E+00
        0.1353  0.10000E+02  0.00000E+00  0.13533E+01  0.00000E+00  0.00000E+00 -0.42633E-02  0.73275E+00  0.00000E+00  0.00000E+00  0.00000E+00  0.00000E+00  0.00000E+00      16  0.00000E+00  0.00000E+00  0.00000E+00
        0.1553  0.10000E+02  0.00000E+00  0.15533E+01  0.00000E+00  0.00000E+00 -0.56746E-02  0.75962E+00  0.00000E+00  0.00000E+00  0.00000E+00  0.00000E+00  0.00000E+00      17  0.00000E+00  0.00000E+00  0.00000E+00
        0.1753  0.10000E+02 -0.51996E-28  0.17533E+01 -0.10399E-29  0.00000E+00 -0.72936E-02  0.78263E+00  0.00000E+00  0.10294E-28  0.00000E+00  0.00000E+00  0.00000E+00      18  0.00000E+00  0.00000E+00  0.00000E+00
        0.1953  0.10000E+02 -0.83710E-27  0.19533E+01 -0.17782E-28  0.00000E+00 -0.91202E-02  0.80257E+00  0.00000E+00  0.15565E-27  0.00000E+00  0.00000E+00  0.00000E+00      19  0.00000E+00  0.00000E+00  0.00000E+00
        0.2153  0.10000E+02 -0.10187E-25  0.21533E+01 -0.22152E-27  0.00000E+00 -0.11154E-01  0.81999E+00  0.00000E+00  0.18663E-26  0.00000E+00  0.00000E+00  0.00000E+00      20  0.00000E+00  0.00000E+00  0.00000E+00
        0.2353  0.10000E+02 -0.10632E-24  0.23533E+01 -0.23479E-26  0.00000E+00 -0.13395E-01  0.83533E+00  0.00000E+00  0.19261E-25  0.00000E+00  0.00000E+00  0.00000E+00      21  0.00000E+00  0.00000E+00  0.00000E+00
        0.2553  0.10000E+02 -0.97473E-24  0.25533E+01 -0.21842E-25  0.00000E+00 -0.15843E-01  0.84892E+00  0.00000E+00  0.17465E-24  0.00000E+00  0.00000E+00  0.00000E+00      22  0.00000E+00  0.00000E+00  0.00000E+00
        0.2753  0.10000E+02 -0.79678E-23  0.27533E+01 -0.18120E-24  0.00000E+00 -0.18497E-01  0.86103E+00  0.00000E+00  0.14120E-23  0.00000E+00  0.00000E+00  0.00000E+00      23  0.00000E+00  0.00000E+00  0.00000E+00
        0.2953  0.10000E+02 -0.58734E-22  0.29533E+01 -0.13559E-23  0.00000E+00 -0.21358E-01  0.87186E+00  0.00000E+00  0.10293E-22  0.00000E+00  0.00000E+00  0.00000E+00      24  0.00000E+00  0.00000E+00  0.00000E+00
        0.3153  0.10000E+02 -0.39405E-21  0.31533E+01 -0.92368E-23  0.00000E+00 -0.24425E-01  0.88160E+00  0.00000E+00  0.68294E-22  0.00000E+00  0.00000E+00  0.00000E+00      25  0.00000E+00  0.00000E+00  0.00000E+00
        0.3353  0.10000E+02 -0.24243E-20  0.33533E+01 -0.57723E-22  0.00000E+00 -0.27698E-01  0.89038E+00  0.00000E+00  0.41549E-21  0.00000E+00  0.00000E+00  0.00000E+00      26  0.00000E+00  0.00000E+00  0.00000E+00
        0.3553  0.10000E+02 -0.13766E-19  0.35533E+01 -0.33304E-21  0.00000E+00 -0.31176E-01  0.89832E+00  0.00000E+00  0.23328E-20  0.00000E+00  0.00000E+00  0.00000E+00      27  0.00000E+00  0.00000E+00  0.00000E+00
        0.3753  0.10000E+02 -0.72529E-19  0.37533E+01 -0.17836E-20  0.00000E+00 -0.34861E-01  0.90552E+00  0.00000E+00  0.12153E-19  0.00000E+00  0.00000E+00  0.00000E+00      28  0.00000E+00  0.00000E+00  0.00000E+00
        0.3953  0.10000E+02 -0.35628E-18  0.39533E+01 -0.89092E-20  0.00000E+00 -0.38750E-01  0.91207E+00  0.00000E+00  0.59027E-19  0.00000E+00  0.00000E+00  0.00000E+00      29  0.00000E+00  0.00000E+00  0.00000E+00
        0.4153  0.10000E+02 -0.16384E-17  0.41533E+01 -0.41677E-19  0.00000E+00 -0.42845E-01  0.91805E+00  0.00000E+00  0.26839E-18  0.00000E+00  0.00000E+00  0.00000E+00      30  0.00000E+00  0.00000E+00  0.00000E+00
        0.4353  0.10000E+02 -0.70794E-17  0.43533E+01 -0.18327E-18  0.00000E+00 -0.47145E-01  0.92350E+00  0.00000E+00  0.11466E-17  0.00000E+00  0.00000E+00  0.00000E+00      31  0.00000E+00  0.00000E+00  0.00000E+00
        0.4553  0.10000E+02 -0.28837E-16  0.45533E+01 -0.76001E-18  0.00000E+00 -0.51649E-01  0.92849E+00  0.00000E+00  0.46181E-17  0.00000E+00  0.00000E+00  0.00000E+00      32  0.00000E+00  0.00000E+00  0.00000E+00
        0.4753  0.10000E+02 -0.11107E-15  0.47533E+01 -0.29814E-17  0.00000E+00 -0.56358E-01  0.93307E+00  0.00000E+00  0.17588E-16  0.00000E+00  0.00000E+00  0.00000E+00      33  0.00000E+00  0.00000E+00  0.00000E+00
        0.4877  0.10000E+02 -0.27352E-15  0.48766E+01 -0.63557E-17  0.00000E+00 -0.59389E-01  0.93572E+00  0.00000E+00  0.37101E-16  0.00000E+00  0.00000E+00  0.00000E+00      34  0.00000E+00  0.10490E-04  0.12942E-06
        0.5000  0.10000E+02 -0.57184E-15  0.50000E+01 -0.13410E-16  0.00000E+00 -0.62497E-01  0.93822E+00  0.00000E+00  0.77240E-16  0.00000E+00  0.00000E+00  0.00000E+00      35  0.00000E+00  0.00000E+00  0.12942E-06
        0.5200 -0.00000E+00 -0.17109E-14  0.50000E+01 -0.47628E-16  0.00000E+00 -0.67662E-01  0.48548E+00  0.00000E+00  0.26488E-15  0.00000E+00  0.00000E+00  0.00000E+00      36  0.00000E+00  0.00000E+00  0.12942E-06
        0.5400 -0.00000E+00 -0.56521E-14  0.50000E+01 -0.16067E-15  0.00000E+00 -0.72821E-01  0.49046E+00  0.00000E+00  0.86538E-15  0.00000E+00  0.00000E+00  0.00000E+00      37  0.00000E+00  0.00000E+00  0.12942E-06
        0.5600 -0.00000E+00 -0.17819E-13  0.50000E+01 -0.51705E-15  0.00000E+00 -0.77975E-01  0.35270E+00  0.00000E+00  0.26980E-14  0.00000E+00  0.00000E+00  0.00000E+00      38  0.00000E+00  0.00000E+00  0.12942E-06
        0.5800 -0.00000E+00 -0.53714E-13  0.50000E+01 -0.15913E-14  0.00000E+00 -0.83124E-01  0.33895E+00  0.00000E+00  0.80439E-14  0.00000E+00  0.00000E+00  0.00000E+00      39  0.00000E+00  0.00000E+00  0.12942E-06
        0.6000 -0.00000E+00 -0.15513E-12  0.50000E+01 -0.46938E-14  0.00000E+00 -0.88267E-01  0.27150E+00  0.00000E+00  0.22980E-13  0.00000E+00  0.00000E+00  0.00000E+00      40  0.00000E+00  0.00000E+00  0.12942E-06
        0.6200 -0.00000E+00 -0.43002E-12  0.50000E+01 -0.13294E-13  0.00000E+00 -0.93405E-01  0.25425E+00  0.00000E+00  0.63021E-13  0.00000E+00  0.00000E+00  0.00000E+00      41  0.00000E+00  0.00000E+00  0.12942E-06
        0.6400 -0.00000E+00 -0.11462E-11  0.50000E+01 -0.36219E-13  0.00000E+00 -0.98538E-01  0.21520E+00  0.00000E+00  0.16622E-12  0.00000E+00  0.00000E+00  0.00000E+00      42  0.00000E+00  0.00000E+00  0.12942E-06
        0.6600 -0.00000E+00 -0.29428E-11  0.50000E+01 -0.95076E-13  0.00000E+00 -0.10366E+00  0.19897E+00  0.00000E+00  0.42234E-12  0.00000E+00  0.00000E+00  0.00000E+00      43  0.00000E+00  0.00000E+00  0.12942E-06
        0.6800 -0.00000E+00 -0.72890E-11  0.50000E+01 -0.24085E-12  0.00000E+00 -0.10879E+00  0.17385E+00  0.00000E+00  0.10354E-11  0.00000E+00  0.00000E+00  0.00000E+00      44  0.00000E+00  0.00000E+00  0.12942E-06
        0.7000 -0.00000E+00 -0.17443E-10  0.50000E+01 -0.58971E-12  0.00000E+00 -0.11390E+00  0.15986E+00  0.00000E+00  0.24531E-11  0.00000E+00  0.00000E+00  0.00000E+00      45  0.00000E+00  0.00000E+00  0.12942E-06
        0.7200 -0.00000E+00 -0.40390E-10  0.50000E+01 -0.13975E-11  0.00000E+00 -0.11901E+00  0.14244E+00  0.00000E+00  0.56247E-11  0.00000E+00  0.00000E+00  0.00000E+00      46  0.00000E+00  0.00000E+00  0.12942E-06
        0.7400 -0.00000E+00 -0.90616E-10  0.50000E+01 -0.32098E-11  0.00000E+00 -0.12412E+00  0.13077E+00  0.00000E+00  0.12498E-10  0.00000E+00  0.00000E+00  0.00000E+00      47  0.00000E+00  0.00000E+00  0.12942E-06
        0.7600 -0.00000E+00 -0.19724E-09  0.50000E+01 -0.71547E-11  0.00000E+00 -0.12922E+00  0.11800E+00  0.00000E+00  0.26950E-10  0.00000E+00  0.00000E+00  0.00000E+00      48  0.00000E+00  0.00000E+00  0.12942E-06
        0.7800 -0.00000E+00 -0.41707E-09  0.50000E+01 -0.15496E-10  0.00000E+00 -0.13432E+00  0.10839E+00  0.00000E+00  0.56464E-10  0.00000E+00  0.00000E+00  0.00000E+00      49  0.00000E+00  0.00000E+00  0.12942E-06
        0.8000 -0.00000E+00 -0.85775E-09  0.50000E+01 -0.32651E-10  0.00000E+00 -0.13940E+00  0.98643E-01  0.00000E+00  0.11508E-09  0.00000E+00  0.00000E+00  0.00000E+00      50  0.00000E+00  0.00000E+00  0.12942E-06
        0.8200 -0.00000E+00 -0.17177E-08  0.50000E+01 -0.67005E-10  0.00000E+00 -0.14449E+00  0.90744E-01  0.00000E+00  0.22845E-09  0.00000E+00  0.00000E+00  0.00000E+00      51  0.00000E+00  0.00000E+00  0.12942E-06
        0.8400 -0.00000E+00 -0.33532E-08  0.50000E+01 -0.13407E-09  0.00000E+00 -0.14957E+00  0.83082E-01  0.00000E+00  0.44218E-09  0.00000E+00  0.00000E+00  0.00000E+00      52  0.00000E+00  0.00000E+00  0.12942E-06
        0.8600 -0.00000E+00 -0.63880E-08  0.50000E+01 -0.26183E-09  0.00000E+00 -0.15464E+00  0.76577E-01  0.00000E+00  0.83539E-09  0.00000E+00  0.00000E+00  0.00000E+00      53  0.00000E+00  0.00000E+00  0.12942E-06
        0.8800 -0.00000E+00 -0.11888E-07  0.50000E+01 -0.49958E-09  0.00000E+00 -0.15971E+00  0.70424E-01  0.00000E+00  0.15421E-08  0.00000E+00  0.00000E+00  0.00000E+00      54  0.00000E+00  0.00000E+00  0.12942E-06
        0.9000 -0.00000E+00 -0.21631E-07  0.50000E+01 -0.93221E-09  0.00000E+00 -0.16477E+00  0.65044E-01  0.00000E+00  0.27841E-08  0.00000E+00  0.00000E+00  0.00000E+00      55  0.00000E+00  0.00000E+00  0.12942E-06
        0.9200 -0.00000E+00 -0.38524E-07  0.50000E+01 -0.17027E-08  0.00000E+00 -0.16983E+00  0.60024E-01  0.00000E+00  0.49206E-08  0.00000E+00  0.00000E+00  0.00000E+00      56  0.00000E+00  0.00000E+00  0.12942E-06
        0.9400 -0.00000E+00 -0.67210E-07  0.50000E+01 -0.30469E-08  0.00000E+00 -0.17488E+00  0.55550E-01  0.00000E+00  0.85213E-08  0.00000E+00  0.00000E+00  0.00000E+00      57  0.00000E+00  0.00000E+00  0.12942E-06
        0.9600 -0.00000E+00 -0.11496E-06  0.50000E+01 -0.53462E-08  0.00000E+00 -0.17993E+00  0.51404E-01  0.00000E+00  0.14471E-07  0.00000E+00  0.00000E+00  0.00000E+00      58  0.00000E+00  0.00000E+00  0.12942E-06
        0.9800 -0.00000E+00 -0.19297E-06  0.50000E+01 -0.92055E-08  0.00000E+00 -0.18497E+00  0.47663E-01  0.00000E+00  0.24121E-07  0.00000E+00  0.00000E+00  0.00000E+00      59  0.00000E+00  0.00000E+00  0.12942E-06
        1.0000 -0.00000E+00 -0.31808E-06  0.50000E+01 -0.15567E-07  0.00000E+00 -0.19001E+00  0.44207E-01  0.00000E+00  0.39493E-07  0.00000E+00  0.00000E+00  0.00000E+00      60  0.00000E+00  0.00000E+00  0.12942E-06
        1.0200 -0.00000E+00 -0.51527E-06  0.50000E+01 -0.25872E-07  0.00000E+00 -0.19504E+00  0.41061E-01  0.00000E+00  0.63560E-07  0.00000E+00  0.00000E+00  0.00000E+00      61  0.00000E+00  0.00000E+00  0.12942E-06
        1.0400 -0.00000E+00 -0.82094E-06  0.50000E+01 -0.42291E-07  0.00000E+00 -0.20007E+00  0.38158E-01  0.00000E+00  0.10063E-06  0.00000E+00  0.00000E+00  0.00000E+00      62  0.00000E+00  0.00000E+00  0.12942E-06
        1.0600 -0.00000E+00 -0.12872E-05  0.50000E+01 -0.68036E-07  0.00000E+00 -0.20509E+00  0.35500E-01  0.00000E+00  0.15682E-06  0.00000E+00  0.00000E+00  0.00000E+00      63  0.00000E+00  0.00000E+00  0.12942E-06
        1.0800 -0.00000E+00 -0.19878E-05  0.50000E+01 -0.10779E-06  0.00000E+00 -0.21010E+00  0.33045E-01  0.00000E+00  0.24073E-06  0.00000E+00  0.00000E+00  0.00000E+00      64  0.00000E+00  0.00000E+00  0.12942E-06
        1.1000 -0.00000E+00 -0.30249E-05  0.50000E+01 -0.16829E-06  0.00000E+00 -0.21512E+00  0.30788E-01  0.00000E+00  0.36424E-06  0.00000E+00  0.00000E+00  0.00000E+00      65  0.00000E+00  0.00000E+00  0.12942E-06
        1.1200 -0.00000E+00 -0.45388E-05  0.50000E+01 -0.25907E-06  0.00000E+00 -0.22012E+00  0.28702E-01  0.00000E+00  0.54352E-06  0.00000E+00  0.00000E+00  0.00000E+00      66  0.00000E+00  0.00000E+00  0.12942E-06
        1.1400 -0.00000E+00 -0.67193E-05  0.50000E+01 -0.39345E-06  0.00000E+00 -0.22512E+00  0.26778E-01  0.00000E+00  0.80033E-06  0.00000E+00  0.00000E+00  0.00000E+00      67  0.00000E+00  0.00000E+00  0.12942E-06
        1.1600 -0.00000E+00 -0.98194E-05  0.50000E+01 -0.58984E-06  0.00000E+00 -0.23011E+00  0.24996E-01  0.00000E+00  0.11635E-05  0.00000E+00  0.00000E+00  0.00000E+00      68  0.00000E+00  0.00000E+00  0.12942E-06
        1.1800 -0.00000E+00 -0.14173E-04  0.50000E+01 -0.87330E-06  0.00000E+00 -0.23510E+00  0.23349E-01  0.00000E+00  0.16710E-05  0.00000E+00  0.00000E+00  0.00000E+00      69  0.00000E+00  0.00000E+00  0.12942E-06
        1.2000 -0.00000E+00 -0.20215E-04  0.50000E+01 -0.12776E-05  0.00000E+00 -0.24009E+00  0.21822E-01  0.00000E+00  0.23719E-05  0.00000E+00  0.00000E+00  0.00000E+00      70  0.00000E+00  0.00000E+00  0.12942E-06
        1.2200 -0.00000E+00 -0.28504E-04  0.50000E+01 -0.18477E-05  0.00000E+00 -0.24507E+00  0.20406E-01  0.00000E+00  0.33289E-05  0.00000E+00  0.00000E+00  0.00000E+00      71  0.00000E+00  0.00000E+00  0.12942E-06
        1.2400 -0.00000E+00 -0.39754E-04  0.50000E+01 -0.26428E-05  0.00000E+00 -0.25004E+00  0.19092E-01  0.00000E+00  0.46219E-05  0.00000E+00  0.00000E+00  0.00000E+00      72  0.00000E+00  0.00000E+00  0.12942E-06
        1.2600 -0.00000E+00 -0.54863E-04  0.50000E+01 -0.37400E-05  0.00000E+00 -0.25501E+00  0.17872E-01  0.00000E+00  0.63507E-05  0.00000E+00  0.00000E+00  0.00000E+00      73  0.00000E+00  0.00000E+00  0.12942E-06
        1.2800 -0.00000E+00 -0.74953E-04  0.50000E+01 -0.52391E-05  0.00000E+00 -0.25997E+00  0.16738E-01  0.00000E+00  0.86397E-05  0.00000E+00  0.00000E+00  0.00000E+00      74  0.00000E+00  0.00000E+00  0.12942E-06
        1.3000 -0.00000E+00 -0.10141E-03  0.50000E+01 -0.72672E-05  0.00000E+00 -0.26493E+00  0.15683E-01  0.00000E+00  0.11642E-04  0.00000E+00  0.00000E+00  0.00000E+00      75  0.00000E+00  0.00000E+00  0.12942E-06
        1.3200 -0.00000E+00 -0.13592E-03  0.50000E+01 -0.99857E-05  0.00000E+00 -0.26989E+00  0.14701E-01  0.00000E+00  0.15543E-04  0.00000E+00  0.00000E+00  0.00000E+00      76  0.00000E+00  0.00000E+00  0.12942E-06
        1.3400 -0.00000E+00 -0.18055E-03  0.50000E+01 -0.13597E-04  0.00000E+00 -0.27483E+00  0.13786E-01  0.00000E+00  0.20568E-04  0.00000E+00  0.00000E+00  0.00000E+00      77  0.00000E+00  0.00000E+00  0.12942E-06
        1.3600 -0.00000E+00 -0.23778E-03  0.50000E+01 -0.18352E-04  0.00000E+00 -0.27978E+00  0.12934E-01  0.00000E+00  0.26987E-04  0.00000E+00  0.00000E+00  0.00000E+00      78  0.00000E+00  0.00000E+00  0.12942E-06
        1.3800 -0.00000E+00 -0.31054E-03  0.50000E+01 -0.24563E-04  0.00000E+00 -0.28471E+00  0.12139E-01  0.00000E+00  0.35121E-04  0.00000E+00  0.00000E+00  0.00000E+00      79  0.00000E+00  0.00000E+00  0.12942E-06
        1.4000 -0.00000E+00 -0.40234E-03  0.50000E+01 -0.32610E-04  0.00000E+00 -0.28965E+00  0.11398E-01  0.00000E+00  0.45347E-04  0.00000E+00  0.00000E+00  0.00000E+00      80  0.00000E+00  0.00000E+00  0.12942E-06
        1.4200 -0.00000E+00 -0.51728E-03  0.50000E+01 -0.42956E-04  0.00000E+00 -0.29457E+00  0.10705E-01  0.00000E+00  0.58109E-04  0.00000E+00  0.00000E+00  0.00000E+00      81  0.00000E+00  0.00000E+00  0.12942E-06
        1.4400 -0.00000E+00 -0.66015E-03  0.50000E+01 -0.56159E-04  0.00000E+00 -0.29950E+00  0.10059E-01  0.00000E+00  0.73919E-04  0.00000E+00  0.00000E+00  0.00000E+00      82  0.00000E+00  0.00000E+00  0.12942E-06
        1.4600 -0.00000E+00 -0.83646E-03  0.50000E+01 -0.72888E-04  0.00000E+00 -0.30441E+00  0.94541E-02  0.00000E+00  0.93372E-04  0.00000E+00  0.00000E+00  0.00000E+00      83  0.00000E+00  0.00000E+00  0.12942E-06
        1.4800 -0.00000E+00 -0.10526E-02  0.50000E+01 -0.93940E-04  0.00000E+00 -0.30932E+00  0.88890E-02  0.00000E+00  0.11715E-03  0.00000E+00  0.00000E+00  0.00000E+00      84  0.00000E+00  0.00000E+00  0.12942E-06
        1.5000 -0.00000E+00 -0.13158E-02  0.50000E+01 -0.12026E-03  0.00000E+00 -0.31423E+00  0.83603E-02  0.00000E+00  0.14601E-03  0.00000E+00  0.00000E+00  0.00000E+00      85  0.00000E+00  0.00000E+00  0.12942E-06
        1.5200 -0.00000E+00 -0.16343E-02  0.50000E+01 -0.15294E-03  0.00000E+00 -0.31913E+00  0.78655E-02  0.00000E+00  0.18085E-03  0.00000E+00  0.00000E+00  0.00000E+00      86  0.00000E+00  0.00000E+00  0.12942E-06
        1.5400 -0.00000E+00 -0.20175E-02  0.50000E+01 -0.19329E-03  0.00000E+00 -0.32403E+00  0.74023E-02  0.00000E+00  0.22264E-03  0.00000E+00  0.00000E+00  0.00000E+00      87  0.00000E+00  0.00000E+00  0.12942E-06
        1.5600 -0.00000E+00 -0.24756E-02  0.50000E+01 -0.24280E-03  0.00000E+00 -0.32892E+00  0.69683E-02  0.00000E+00  0.27248E-03  0.00000E+00  0.00000E+00  0.00000E+00      88  0.00000E+00  0.00000E+00  0.12942E-06
        1.5800 -0.00000E+00 -0.30203E-02  0.50000E+01 -0.30321E-03  0.00000E+00 -0.33381E+00  0.65616E-02  0.00000E+00  0.33158E-03  0.00000E+00  0.00000E+00  0.00000E+00      89  0.00000E+00  0.00000E+00  0.12942E-06
        1.6000 -0.00000E+00 -0.36645E-02  0.50000E+01 -0.37650E-03  0.00000E+00 -0.33869E+00  0.61804E-02  0.00000E+00  0.40131E-03  0.00000E+00  0.00000E+00  0.00000E+00      90  0.00000E+00  0.00000E+00  0.12942E-06
        1.6200 -0.00000E+00 -0.44222E-02  0.50000E+01 -0.46494E-03  0.00000E+00 -0.34356E+00  0.58228E-02  0.00000E+00  0.48312E-03  0.00000E+00  0.00000E+00  0.00000E+00      91  0.00000E+00  0.00000E+00  0.12942E-06
        1.6400 -0.00000E+00 -0.53088E-02  0.50000E+01 -0.57112E-03  0.00000E+00 -0.34843E+00  0.54874E-02  0.00000E+00  0.57864E-03  0.00000E+00  0.00000E+00  0.00000E+00      92  0.00000E+00  0.00000E+00  0.12942E-06
        1.6600 -0.00000E+00 -0.63413E-02  0.50000E+01 -0.69795E-03  0.00000E+00 -0.35330E+00  0.51726E-02  0.00000E+00  0.68961E-03  0.00000E+00  0.00000E+00  0.00000E+00      93  0.00000E+00  0.00000E+00  0.12942E-06
        1.6800 -0.00000E+00 -0.75377E-02  0.50000E+01 -0.84870E-03  0.00000E+00 -0.35816E+00  0.48770E-02  0.00000E+00  0.81793E-03  0.00000E+00  0.00000E+00  0.00000E+00      94  0.00000E+00  0.00000E+00  0.12942E-06
        1.7000 -0.00000E+00 -0.89178E-02  0.50000E+01 -0.10271E-02  0.00000E+00 -0.36301E+00  0.45994E-02  0.00000E+00  0.96562E-03  0.00000E+00  0.00000E+00  0.00000E+00      95  0.00000E+00  0.00000E+00  0.12942E-06
        1.7200 -0.00000E+00 -0.10502E-01  0.50000E+01 -0.12371E-02  0.00000E+00 -0.36786E+00  0.43386E-02  0.00000E+00  0.11349E-02  0.00000E+00  0.00000E+00  0.00000E+00      96  0.00000E+00  0.00000E+00  0.12942E-06
        1.7400 -0.00000E+00 -0.12314E-01  0.50000E+01 -0.14834E-02  0.00000E+00 -0.37271E+00  0.40935E-02  0.00000E+00  0.13280E-02  0.00000E+00  0.00000E+00  0.00000E+00      97  0.00000E+00  0.00000E+00  0.12942E-06
        1.7600 -0.00000E+00 -0.14377E-01  0.50000E+01 -0.17709E-02  0.00000E+00 -0.37755E+00  0.38632E-02  0.00000E+00  0.15474E-02  0.00000E+00  0.00000E+00  0.00000E+00      98  0.00000E+00  0.00000E+00  0.12942E-06
        1.7800 -0.00000E+00 -0.16715E-01  0.50000E+01 -0.21052E-02  0.00000E+00 -0.38238E+00  0.36465E-02  0.00000E+00  0.17956E-02  0.00000E+00  0.00000E+00  0.00000E+00      99  0.00000E+00  0.00000E+00  0.12942E-06
        1.8000 -0.00000E+00 -0.19355E-01  0.50000E+01 -0.24923E-02  0.00000E+00 -0.38721E+00  0.34427E-02  0.00000E+00  0.20754E-02  0.00000E+00  0.00000E+00  0.00000E+00     100  0.00000E+00  0.00000E+00  0.12942E-06
        1.8200 -0.00000E+00 -0.22325E-01  0.50000E+01 -0.29388E-02  0.00000E+00 -0.39203E+00  0.32510E-02  0.00000E+00  0.23896E-02  0.00000E+00  0.00000E+00  0.00000E+00     101  0.00000E+00  0.00000E+00  0.12942E-06
        1.8400 -0.00000E+00 -0.25653E-01  0.50000E+01 -0.34519E-02  0.00000E+00 -0.39685E+00  0.30705E-02  0.00000E+00  0.27409E-02  0.00000E+00  0.00000E+00  0.00000E+00     102  0.00000E+00  0.00000E+00  0.12942E-06
        1.8600 -0.00000E+00 -0.29368E-01  0.50000E+01 -0.40392E-02  0.00000E+00 -0.40166E+00  0.29006E-02  0.00000E+00  0.31326E-02  0.00000E+00  0.00000E+00  0.00000E+00     103  0.00000E+00  0.00000E+00  0.12942E-06
        1.8800 -0.00000E+00 -0.33500E-01  0.50000E+01 -0.47092E-02  0.00000E+00 -0.40647E+00  0.27407E-02  0.00000E+00  0.35674E-02  0.00000E+00  0.00000E+00  0.00000E+00     104  0.00000E+00  0.00000E+00  0.12942E-06
        1.9000 -0.00000E+00 -0.38081E-01  0.50000E+01 -0.54708E-02  0.00000E+00 -0.41127E+00  0.25900E-02  0.00000E+00  0.40487E-02  0.00000E+00  0.00000E+00  0.00000E+00     105  0.00000E+00  0.00000E+00  0.12942E-06
        1.9200 -0.00000E+00 -0.43142E-01  0.50000E+01 -0.63337E-02  0.00000E+00 -0.41606E+00  0.24480E-02  0.00000E+00  0.45796E-02  0.00000E+00  0.00000E+00  0.00000E+00     106  0.00000E+00  0.00000E+00  0.12942E-06
        1.9400 -0.00000E+00 -0.48713E-01  0.50000E+01 -0.73079E-02  0.00000E+00 -0.42085E+00  0.23143E-02  0.00000E+00  0.51631E-02  0.00000E+00  0.00000E+00  0.00000E+00     107  0.00000E+00  0.00000E+00  0.12942E-06
        1.9600 -0.00000E+00 -0.54828E-01  0.50000E+01 -0.84045E-02  0.00000E+00 -0.42563E+00  0.21882E-02  0.00000E+00  0.58026E-02  0.00000E+00  0.00000E+00  0.00000E+00     108  0.00000E+00  0.00000E+00  0.12942E-06
        1.9800 -0.00000E+00 -0.61518E-01  0.50000E+01 -0.96349E-02  0.00000E+00 -0.43041E+00  0.20693E-02  0.00000E+00  0.65011E-02  0.00000E+00  0.00000E+00  0.00000E+00     109  0.00000E+00  0.00000E+00  0.12942E-06
        2.0000 -0.00000E+00 -0.68814E-01  0.50000E+01 -0.11011E-01  0.00000E+00 -0.43518E+00  0.19572E-02  0.00000E+00  0.72618E-02  0.00000E+00  0.00000E+00  0.00000E+00     110  0.00000E+00  0.00000E+00  0.12942E-06
        2.0200 -0.00000E+00 -0.76748E-01  0.50000E+01 -0.12546E-01  0.00000E+00 -0.43995E+00  0.18515E-02  0.00000E+00  0.80878E-02  0.00000E+00  0.00000E+00  0.00000E+00     111  0.00000E+00  0.00000E+00  0.12942E-06
        2.0400 -0.00000E+00 -0.85350E-01  0.50000E+01 -0.14253E-01  0.00000E+00 -0.44471E+00  0.17517E-02  0.00000E+00  0.89821E-02  0.00000E+00  0.00000E+00  0.00000E+00     112  0.00000E+00  0.00000E+00  0.12942E-06
        2.0600 -0.00000E+00 -0.94648E-01  0.50000E+01 -0.16146E-01  0.00000E+00 -0.44946E+00  0.16576E-02  0.00000E+00  0.99475E-02  0.00000E+00  0.00000E+00  0.00000E+00     113  0.00000E+00  0.00000E+00  0.12942E-06
        2.0800 -0.00000E+00 -0.10467E+00  0.50000E+01 -0.18240E-01  0.00000E+00 -0.45420E+00  0.15688E-02  0.00000E+00  0.10987E-01  0.00000E+00  0.00000E+00  0.00000E+00     114  0.00000E+00  0.00000E+00  0.12942E-06
        2.1000 -0.00000E+00 -0.11545E+00  0.50000E+01 -0.20548E-01  0.00000E+00 -0.45894E+00  0.14849E-02  0.00000E+00  0.12103E-01  0.00000E+00  0.00000E+00  0.00000E+00     115  0.00000E+00  0.00000E+00  0.12942E-06
        2.1200 -0.00000E+00 -0.12700E+00  0.50000E+01 -0.23088E-01  0.00000E+00 -0.46367E+00  0.14058E-02  0.00000E+00  0.13297E-01  0.00000E+00  0.00000E+00  0.00000E+00     116  0.00000E+00  0.00000E+00  0.12942E-06
        2.1400 -0.00000E+00 -0.13935E+00  0.50000E+01 -0.25875E-01  0.00000E+00 -0.46839E+00  0.13310E-02  0.00000E+00  0.14573E-01  0.00000E+00  0.00000E+00  0.00000E+00     117  0.00000E+00  0.00000E+00  0.12942E-06
        2.1600 -0.00000E+00 -0.15253E+00  0.50000E+01 -0.28926E-01  0.00000E+00 -0.47311E+00  0.12604E-02  0.00000E+00  0.15932E-01  0.00000E+00  0.00000E+00  0.00000E+00     118  0.00000E+00  0.00000E+00  0.12942E-06
        2.1800 -0.00000E+00 -0.16654E+00  0.50000E+01 -0.32257E-01  0.00000E+00 -0.47782E+00  0.11937E-02  0.00000E+00  0.17376E-01  0.00000E+00  0.00000E+00  0.00000E+00     119  0.00000E+00  0.00000E+00  0.12942E-06
        2.2000 -0.00000E+00 -0.18142E+00  0.50000E+01 -0.35885E-01  0.00000E+00 -0.48252E+00  0.11306E-02  0.00000E+00  0.18907E-01  0.00000E+00  0.00000E+00  0.00000E+00     120  0.00000E+00  0.00000E+00  0.12942E-06
        2.2200 -0.00000E+00 -0.19716E+00  0.50000E+01 -0.39829E-01  0.00000E+00 -0.48721E+00  0.10711E-02  0.00000E+00  0.20526E-01  0.00000E+00  0.00000E+00  0.00000E+00     121  0.00000E+00  0.00000E+00  0.12942E-06
        2.2400 -0.00000E+00 -0.21379E+00  0.50000E+01 -0.44104E-01  0.00000E+00 -0.49189E+00  0.10148E-02  0.00000E+00  0.22233E-01  0.00000E+00  0.00000E+00  0.00000E+00     122  0.00000E+00  0.00000E+00  0.12942E-06
        2.2600 -0.00000E+00 -0.23132E+00  0.50000E+01 -0.48731E-01  0.00000E+00 -0.49656E+00  0.96157E-03  0.00000E+00  0.24030E-01  0.00000E+00  0.00000E+00  0.00000E+00     123  0.00000E+00  0.00000E+00  0.12942E-06
        2.2800 -0.00000E+00 -0.24974E+00  0.50000E+01 -0.53726E-01  0.00000E+00 -0.50123E+00  0.91125E-03  0.00000E+00  0.25917E-01  0.00000E+00  0.00000E+00  0.00000E+00     124  0.00000E+00  0.00000E+00  0.12942E-06
        2.3000 -0.00000E+00 -0.26906E+00  0.50000E+01 -0.59107E-01  0.00000E+00 -0.50588E+00  0.86367E-03  0.00000E+00  0.27895E-01  0.00000E+00  0.00000E+00  0.00000E+00     125  0.00000E+00  0.00000E+00  0.12942E-06
        2.3200 -0.00000E+00 -0.28928E+00  0.50000E+01 -0.64892E-01  0.00000E+00 -0.51052E+00  0.81867E-03  0.00000E+00  0.29962E-01  0.00000E+00  0.00000E+00  0.00000E+00     126  0.00000E+00  0.00000E+00  0.12942E-06
        2.3400 -0.00000E+00 -0.31040E+00  0.50000E+01 -0.71100E-01  0.00000E+00 -0.51516E+00  0.77611E-03  0.00000E+00  0.32118E-01  0.00000E+00  0.00000E+00  0.00000E+00     127  0.00000E+00  0.00000E+00  0.12942E-06
        2.3600 -0.00000E+00 -0.33241E+00  0.50000E+01 -0.77749E-01  0.00000E+00 -0.51978E+00  0.73584E-03  0.00000E+00  0.34363E-01  0.00000E+00  0.00000E+00  0.00000E+00     128  0.00000E+00  0.00000E+00  0.12942E-06
        2.3800 -0.00000E+00 -0.35529E+00  0.50000E+01 -0.84854E-01  0.00000E+00 -0.52439E+00  0.69773E-03  0.00000E+00  0.36695E-01  0.00000E+00  0.00000E+00  0.00000E+00     129  0.00000E+00  0.00000E+00  0.12942E-06
        2.4000 -0.00000E+00 -0.37905E+00  0.50000E+01 -0.92435E-01  0.00000E+00 -0.52899E+00  0.66167E-03  0.00000E+00  0.39113E-01  0.00000E+00  0.00000E+00  0.00000E+00     130  0.00000E+00  0.00000E+00  0.12942E-06
        2.4200 -0.00000E+00 -0.40365E+00  0.50000E+01 -0.10051E+00  0.00000E+00 -0.53358E+00  0.62755E-03  0.00000E+00  0.41615E-01  0.00000E+00  0.00000E+00  0.00000E+00     131  0.00000E+00  0.00000E+00  0.12942E-06
        2.4400 -0.00000E+00 -0.42907E+00  0.50000E+01 -0.10909E+00  0.00000E+00 -0.53815E+00  0.59524E-03  0.00000E+00  0.44198E-01  0.00000E+00  0.00000E+00  0.00000E+00     132  0.00000E+00  0.00000E+00  0.12942E-06
        2.4600 -0.00000E+00 -0.45530E+00  0.50000E+01 -0.11820E+00  0.00000E+00 -0.54271E+00  0.56466E-03  0.00000E+00  0.46861E-01  0.00000E+00  0.00000E+00  0.00000E+00     133  0.00000E+00  0.00000E+00  0.12942E-06
        2.4800 -0.00000E+00 -0.48231E+00  0.50000E+01 -0.12784E+00  0.00000E+00 -0.54726E+00  0.53570E-03  0.00000E+00  0.49600E-01  0.00000E+00  0.00000E+00  0.00000E+00     134  0.00000E+00  0.00000E+00  0.12942E-06
        2.5000 -0.00000E+00 -0.51006E+00  0.50000E+01 -0.13804E+00  0.00000E+00 -0.55179E+00  0.50828E-03  0.00000E+00  0.52411E-01  0.00000E+00  0.00000E+00  0.00000E+00     135  0.00000E+00  0.00000E+00  0.12942E-06
        2.5200 -0.00000E+00 -0.53852E+00  0.50000E+01 -0.14881E+00  0.00000E+00 -0.55631E+00  0.48230E-03  0.00000E+00  0.55293E-01  0.00000E+00  0.00000E+00  0.00000E+00     136  0.00000E+00  0.00000E+00  0.12942E-06
        2.5400 -0.00000E+00 -0.56767E+00  0.50000E+01 -0.16017E+00  0.00000E+00 -0.56081E+00  0.45770E-03  0.00000E+00  0.58240E-01  0.00000E+00  0.00000E+00  0.00000E+00     137  0.00000E+00  0.00000E+00  0.12942E-06
        2.5600 -0.00000E+00 -0.59745E+00  0.50000E+01 -0.17212E+00  0.00000E+00 -0.56530E+00  0.43440E-03  0.00000E+00  0.61250E-01  0.00000E+00  0.00000E+00  0.00000E+00     138  0.00000E+00  0.00000E+00  0.12942E-06
        2.5800 -0.00000E+00 -0.62784E+00  0.50000E+01 -0.18467E+00  0.00000E+00 -0.56976E+00  0.41232E-03  0.00000E+00  0.64317E-01  0.00000E+00  0.00000E+00  0.00000E+00     139  0.00000E+00  0.00000E+00  0.12942E-06
        2.6000 -0.00000E+00 -0.65878E+00  0.50000E+01 -0.19785E+00  0.00000E+00 -0.57422E+00  0.39140E-03  0.00000E+00  0.67438E-01  0.00000E+00  0.00000E+00  0.00000E+00     140  0.00000E+00  0.00000E+00  0.12942E-06
        2.6200 -0.00000E+00 -0.69022E+00  0.50000E+01 -0.21165E+00  0.00000E+00 -0.57865E+00  0.37157E-03  0.00000E+00  0.70607E-01  0.00000E+00  0.00000E+00  0.00000E+00     141  0.00000E+00  0.00000E+00  0.12942E-06
        2.6400 -0.00000E+00 -0.72214E+00  0.50000E+01 -0.22610E+00  0.00000E+00 -0.58307E+00  0.35278E-03  0.00000E+00  0.73820E-01  0.00000E+00  0.00000E+00  0.00000E+00     142  0.00000E+00  0.00000E+00  0.12942E-06
        2.6600 -0.00000E+00 -0.75446E+00  0.50000E+01 -0.24118E+00  0.00000E+00 -0.58746E+00  0.33497E-03  0.00000E+00  0.77072E-01  0.00000E+00  0.00000E+00  0.00000E+00     143  0.00000E+00  0.00000E+00  0.12942E-06
        2.6800 -0.00000E+00 -0.78715E+00  0.50000E+01 -0.25693E+00  0.00000E+00 -0.59184E+00  0.31808E-03  0.00000E+00  0.80358E-01  0.00000E+00  0.00000E+00  0.00000E+00     144  0.00000E+00  0.00000E+00  0.12942E-06
        2.7000 -0.00000E+00 -0.82015E+00  0.50000E+01 -0.27333E+00  0.00000E+00 -0.59619E+00  0.30207E-03  0.00000E+00  0.83672E-01  0.00000E+00  0.00000E+00  0.00000E+00     145  0.00000E+00  0.00000E+00  0.12942E-06
        2.7200 -0.00000E+00 -0.85340E+00  0.50000E+01 -0.29040E+00  0.00000E+00 -0.60053E+00  0.28690E-03  0.00000E+00  0.87009E-01  0.00000E+00  0.00000E+00  0.00000E+00     146  0.00000E+00  0.00000E+00  0.12942E-06
        2.7400 -0.00000E+00 -0.88686E+00  0.50000E+01 -0.30814E+00  0.00000E+00 -0.60484E+00  0.27250E-03  0.00000E+00  0.90363E-01  0.00000E+00  0.00000E+00  0.00000E+00     147  0.00000E+00  0.00000E+00  0.12942E-06
        2.7600 -0.00000E+00 -0.92046E+00  0.50000E+01 -0.32654E+00  0.00000E+00 -0.60913E+00  0.25885E-03  0.00000E+00  0.93729E-01  0.00000E+00  0.00000E+00  0.00000E+00     148  0.00000E+00  0.00000E+00  0.12942E-06
        2.7800 -0.00000E+00 -0.95415E+00  0.50000E+01 -0.34563E+00  0.00000E+00 -0.61340E+00  0.24590E-03  0.00000E+00  0.97101E-01  0.00000E+00  0.00000E+00  0.00000E+00     149  0.00000E+00  0.00000E+00  0.12942E-06
        2.8000 -0.00000E+00 -0.98787E+00  0.50000E+01 -0.36539E+00  0.00000E+00 -0.61764E+00  0.23362E-03  0.00000E+00  0.10047E+00  0.00000E+00  0.00000E+00  0.00000E+00     150  0.00000E+00  0.00000E+00  0.12942E-06
        2.8200 -0.00000E+00 -0.10216E+01  0.50000E+01 -0.38582E+00  0.00000E+00 -0.62186E+00  0.22197E-03  0.00000E+00  0.10384E+00  0.00000E+00  0.00000E+00  0.00000E+00     151  0.00000E+00  0.00000E+00  0.12942E-06
        2.8400 -0.00000E+00 -0.10552E+01  0.50000E+01 -0.40692E+00  0.00000E+00 -0.62606E+00  0.21091E-03  0.00000E+00  0.10720E+00  0.00000E+00  0.00000E+00  0.00000E+00     152  0.00000E+00  0.00000E+00  0.12942E-06
        2.8600 -0.00000E+00 -0.10887E+01  0.50000E+01 -0.42869E+00  0.00000E+00 -0.63022E+00  0.20043E-03  0.00000E+00  0.11054E+00  0.00000E+00  0.00000E+00  0.00000E+00     153  0.00000E+00  0.00000E+00  0.12942E-06
        2.8800 -0.00000E+00 -0.11220E+01  0.50000E+01 -0.45113E+00  0.00000E+00 -0.63436E+00  0.19047E-03  0.00000E+00  0.11386E+00  0.00000E+00  0.00000E+00  0.00000E+00     154  0.00000E+00  0.00000E+00  0.12942E-06
        2.9000 -0.00000E+00 -0.11550E+01  0.50000E+01 -0.47424E+00  0.00000E+00 -0.63848E+00  0.18103E-03  0.00000E+00  0.11715E+00  0.00000E+00  0.00000E+00  0.00000E+00     155  0.00000E+00  0.00000E+00  0.12942E-06
        2.9200 -0.00000E+00 -0.11878E+01  0.50000E+01 -0.49799E+00  0.00000E+00 -0.64256E+00  0.17206E-03  0.00000E+00  0.12041E+00  0.00000E+00  0.00000E+00  0.00000E+00     156  0.00000E+00  0.00000E+00  0.12942E-06
        2.9400 -0.00000E+00 -0.12202E+01  0.50000E+01 -0.52239E+00  0.00000E+00 -0.64662E+00  0.16355E-03  0.00000E+00  0.12363E+00  0.00000E+00  0.00000E+00  0.00000E+00     157  0.00000E+00  0.00000E+00  0.12942E-06
        2.9600 -0.00000E+00 -0.12521E+01  0.50000E+01 -0.54744E+00  0.00000E+00 -0.65065E+00  0.15547E-03  0.00000E+00  0.12680E+00  0.00000E+00  0.00000E+00  0.00000E+00     158  0.00000E+00  0.00000E+00  0.12942E-06
        2.9800 -0.00000E+00 -0.12837E+01  0.50000E+01 -0.57311E+00  0.00000E+00 -0.65465E+00  0.14781E-03  0.00000E+00  0.12993E+00  0.00000E+00  0.00000E+00  0.00000E+00     159  0.00000E+00  0.00000E+00  0.12942E-06
        3.0000 -0.00000E+00 -0.13147E+01  0.50000E+01 -0.59940E+00  0.00000E+00 -0.65862E+00  0.14052E-03  0.00000E+00  0.13300E+00  0.00000E+00  0.00000E+00  0.00000E+00     160  0.00000E+00  0.00000E+00  0.12942E-06
        3.0200 -0.00000E+00 -0.13451E+01  0.50000E+01 -0.62631E+00  0.00000E+00 -0.66255E+00  0.13361E-03  0.00000E+00  0.13602E+00  0.00000E+00  0.00000E+00  0.00000E+00     161  0.00000E+00  0.00000E+00  0.12942E-06
        3.0400 -0.00000E+00 -0.13750E+01  0.50000E+01 -0.65381E+00  0.00000E+00 -0.66646E+00  0.12705E-03  0.00000E+00  0.13898E+00  0.00000E+00  0.00000E+00  0.00000E+00     162  0.00000E+00  0.00000E+00  0.12942E-06
        3.0600 -0.00000E+00 -0.14042E+01  0.50000E+01 -0.68189E+00  0.00000E+00 -0.67033E+00  0.12081E-03  0.00000E+00  0.14186E+00  0.00000E+00  0.00000E+00  0.00000E+00     163  0.00000E+00  0.00000E+00  0.12942E-06
        3.0800 -0.00000E+00 -0.14327E+01  0.50000E+01 -0.71054E+00  0.00000E+00 -0.67417E+00  0.11489E-03  0.00000E+00  0.14468E+00  0.00000E+00  0.00000E+00  0.00000E+00     164  0.00000E+00  0.00000E+00  0.12942E-06
        3.1000 -0.00000E+00 -0.14605E+01  0.50000E+01 -0.73975E+00  0.00000E+00 -0.67798E+00  0.10927E-03  0.00000E+00  0.14742E+00  0.00000E+00  0.00000E+00  0.00000E+00     165  0.00000E+00  0.00000E+00  0.12942E-06
        3.1200 -0.00000E+00 -0.14875E+01  0.50000E+01 -0.76950E+00  0.00000E+00 -0.68175E+00  0.10392E-03  0.00000E+00  0.15008E+00  0.00000E+00  0.00000E+00  0.00000E+00     166  0.00000E+00  0.00000E+00  0.12942E-06
        3.1400 -0.00000E+00 -0.15137E+01  0.50000E+01 -0.79978E+00  0.00000E+00 -0.68549E+00  0.98847E-04  0.00000E+00  0.15266E+00  0.00000E+00  0.00000E+00  0.00000E+00     167  0.00000E+00  0.00000E+00  0.12942E-06
        3.1600 -0.00000E+00 -0.15391E+01  0.50000E+01 -0.83056E+00  0.00000E+00 -0.68919E+00  0.94026E-04  0.00000E+00  0.15515E+00  0.00000E+00  0.00000E+00  0.00000E+00     168  0.00000E+00  0.00000E+00  0.12942E-06
        3.1800 -0.00000E+00 -0.15635E+01  0.50000E+01 -0.86183E+00  0.00000E+00 -0.69286E+00  0.89445E-04  0.00000E+00  0.15756E+00  0.00000E+00  0.00000E+00  0.00000E+00     169  0.00000E+00  0.00000E+00  0.12942E-06
        3.2000 -0.00000E+00 -0.15871E+01  0.50000E+01 -0.89357E+00  0.00000E+00 -0.69649E+00  0.85092E-04  0.00000E+00  0.15987E+00  0.00000E+00  0.00000E+00  0.00000E+00     170  0.00000E+00  0.00000E+00  0.12942E-06
        3.2200 -0.00000E+00 -0.16098E+01  0.50000E+01 -0.92577E+00  0.00000E+00 -0.70008E+00  0.80955E-04  0.00000E+00  0.16209E+00  0.00000E+00  0.00000E+00  0.00000E+00     171  0.00000E+00  0.00000E+00  0.12942E-06
        3.2400 -0.00000E+00 -0.16315E+01  0.50000E+01 -0.95840E+00  0.00000E+00 -0.70364E+00  0.77024E-04  0.00000E+00  0.16421E+00  0.00000E+00  0.00000E+00  0.00000E+00     172  0.00000E+00  0.00000E+00  0.12942E-06
        3.2600 -0.00000E+00 -0.16522E+01  0.50000E+01 -0.99144E+00  0.00000E+00 -0.70716E+00  0.73288E-04  0.00000E+00  0.16623E+00  0.00000E+00  0.00000E+00  0.00000E+00     173  0.00000E+00  0.00000E+00  0.12942E-06
        3.2800 -0.00000E+00 -0.16719E+01  0.50000E+01 -0.10249E+01  0.00000E+00 -0.71064E+00  0.69738E-04  0.00000E+00  0.16815E+00  0.00000E+00  0.00000E+00  0.00000E+00     174  0.00000E+00  0.00000E+00  0.12942E-06
        3.3000 -0.00000E+00 -0.16906E+01  0.50000E+01 -0.10587E+01  0.00000E+00 -0.71408E+00  0.66363E-04  0.00000E+00  0.16997E+00  0.00000E+00  0.00000E+00  0.00000E+00     175  0.00000E+00  0.00000E+00  0.12942E-06
        3.3200 -0.00000E+00 -0.17082E+01  0.50000E+01 -0.10929E+01  0.00000E+00 -0.71749E+00  0.63154E-04  0.00000E+00  0.17168E+00  0.00000E+00  0.00000E+00  0.00000E+00     176  0.00000E+00  0.00000E+00  0.12942E-06
        3.3400 -0.00000E+00 -0.17249E+01  0.50000E+01 -0.11274E+01  0.00000E+00 -0.72085E+00  0.60104E-04  0.00000E+00  0.17329E+00  0.00000E+00  0.00000E+00  0.00000E+00     177  0.00000E+00  0.00000E+00  0.12942E-06
        3.3600 -0.00000E+00 -0.17404E+01  0.50000E+01 -0.11622E+01  0.00000E+00 -0.72418E+00  0.57205E-04  0.00000E+00  0.17479E+00  0.00000E+00  0.00000E+00  0.00000E+00     178  0.00000E+00  0.00000E+00  0.12942E-06
        3.3800 -0.00000E+00 -0.17549E+01  0.50000E+01 -0.11973E+01  0.00000E+00 -0.72747E+00  0.54448E-04  0.00000E+00  0.17619E+00  0.00000E+00  0.00000E+00  0.00000E+00     179  0.00000E+00  0.00000E+00  0.12942E-06
        3.4000 -0.00000E+00 -0.17683E+01  0.50000E+01 -0.12326E+01  0.00000E+00 -0.73071E+00  0.51827E-04  0.00000E+00  0.17747E+00  0.00000E+00  0.00000E+00  0.00000E+00     180  0.00000E+00  0.00000E+00  0.12942E-06
        3.4200 -0.00000E+00 -0.17806E+01  0.50000E+01 -0.12682E+01  0.00000E+00 -0.73392E+00  0.49334E-04  0.00000E+00  0.17865E+00  0.00000E+00  0.00000E+00  0.00000E+00     181  0.00000E+00  0.00000E+00  0.12942E-06
        3.4400 -0.00000E+00 -0.17919E+01  0.50000E+01 -0.13041E+01  0.00000E+00 -0.73709E+00  0.46964E-04  0.00000E+00  0.17972E+00  0.00000E+00  0.00000E+00  0.00000E+00     182  0.00000E+00  0.00000E+00  0.12942E-06
        3.4600 -0.00000E+00 -0.18020E+01  0.50000E+01 -0.13401E+01  0.00000E+00 -0.74021E+00  0.44709E-04  0.00000E+00  0.18068E+00  0.00000E+00  0.00000E+00  0.00000E+00     183  0.00000E+00  0.00000E+00  0.12942E-06
        3.4800 -0.00000E+00 -0.18111E+01  0.50000E+01 -0.13763E+01  0.00000E+00 -0.74330E+00  0.42566E-04  0.00000E+00  0.18154E+00  0.00000E+00  0.00000E+00  0.00000E+00     184  0.00000E+00  0.00000E+00  0.12942E-06
        3.5000 -0.00000E+00 -0.18191E+01  0.50000E+01 -0.14127E+01  0.00000E+00 -0.74634E+00  0.40526E-04  0.00000E+00  0.18228E+00  0.00000E+00  0.00000E+00  0.00000E+00     185  0.00000E+00  0.00000E+00  0.12942E-06
        3.5200 -0.00000E+00 -0.18260E+01  0.50000E+01 -0.14492E+01  0.00000E+00 -0.74934E+00  0.38587E-04  0.00000E+00  0.18292E+00  0.00000E+00  0.00000E+00  0.00000E+00     186  0.00000E+00  0.00000E+00  0.12942E-06
        3.5400 -0.00000E+00 -0.18319E+01  0.50000E+01 -0.14859E+01  0.00000E+00 -0.75231E+00  0.36742E-04  0.00000E+00  0.18346E+00  0.00000E+00  0.00000E+00  0.00000E+00     187  0.00000E+00  0.00000E+00  0.12942E-06
        3.5600 -0.00000E+00 -0.18367E+01  0.50000E+01 -0.15226E+01  0.00000E+00 -0.75523E+00  0.34987E-04  0.00000E+00  0.18389E+00  0.00000E+00  0.00000E+00  0.00000E+00     188  0.00000E+00  0.00000E+00  0.12942E-06
        3.5800 -0.00000E+00 -0.18405E+01  0.50000E+01 -0.15594E+01  0.00000E+00 -0.75811E+00  0.33317E-04  0.00000E+00  0.18421E+00  0.00000E+00  0.00000E+00  0.00000E+00     189  0.00000E+00  0.00000E+00  0.12942E-06
        3.6000 -0.00000E+00 -0.18432E+01  0.50000E+01 -0.15963E+01  0.00000E+00 -0.76094E+00  0.31729E-04  0.00000E+00  0.18443E+00  0.00000E+00  0.00000E+00  0.00000E+00     190  0.00000E+00  0.00000E+00  0.12942E-06
        3.6200 -0.00000E+00 -0.18449E+01  0.50000E+01 -0.16332E+01  0.00000E+00 -0.76374E+00  0.30217E-04  0.00000E+00  0.18455E+00  0.00000E+00  0.00000E+00  0.00000E+00     191  0.00000E+00  0.00000E+00  0.12942E-06
        3.6400 -0.00000E+00 -0.18456E+01  0.50000E+01 -0.16701E+01  0.00000E+00 -0.76650E+00  0.28779E-04  0.00000E+00  0.18457E+00  0.00000E+00  0.00000E+00  0.00000E+00     192  0.00000E+00  0.00000E+00  0.12942E-06
        3.6600 -0.00000E+00 -0.18453E+01  0.50000E+01 -0.17070E+01  0.00000E+00 -0.76921E+00  0.27410E-04  0.00000E+00  0.18449E+00  0.00000E+00  0.00000E+00  0.00000E+00     193  0.00000E+00  0.00000E+00  0.12942E-06
        3.6800 -0.00000E+00 -0.18440E+01  0.50000E+01 -0.17439E+01  0.00000E+00 -0.77188E+00  0.26108E-04  0.00000E+00  0.18432E+00  0.00000E+00  0.00000E+00  0.00000E+00     194  0.00000E+00  0.00000E+00  0.12942E-06
        3.7000 -0.00000E+00 -0.18418E+01  0.50000E+01 -0.17807E+01  0.00000E+00 -0.77451E+00  0.24869E-04  0.00000E+00  0.18405E+00  0.00000E+00  0.00000E+00  0.00000E+00     195  0.00000E+00  0.00000E+00  0.12942E-06
        3.7200 -0.00000E+00 -0.18387E+01  0.50000E+01 -0.18175E+01  0.00000E+00 -0.77710E+00  0.23689E-04  0.00000E+00  0.18369E+00  0.00000E+00  0.00000E+00  0.00000E+00     196  0.00000E+00  0.00000E+00  0.12942E-06
        3.7400 -0.00000E+00 -0.18346E+01  0.50000E+01 -0.18542E+01  0.00000E+00 -0.77965E+00  0.22567E-04  0.00000E+00  0.18323E+00  0.00000E+00  0.00000E+00  0.00000E+00     197  0.00000E+00  0.00000E+00  0.12942E-06
        3.7600 -0.00000E+00 -0.18296E+01  0.50000E+01 -0.18908E+01  0.00000E+00 -0.78216E+00  0.21498E-04  0.00000E+00  0.18269E+00  0.00000E+00  0.00000E+00  0.00000E+00     198  0.00000E+00  0.00000E+00  0.12942E-06
        3.7800 -0.00000E+00 -0.18238E+01  0.50000E+01 -0.19272E+01  0.00000E+00 -0.78462E+00  0.20481E-04  0.00000E+00  0.18207E+00  0.00000E+00  0.00000E+00  0.00000E+00     199  0.00000E+00  0.00000E+00  0.12942E-06
        3.8000 -0.00000E+00 -0.18171E+01  0.50000E+01 -0.19636E+01  0.00000E+00 -0.78705E+00  0.19513E-04  0.00000E+00  0.18136E+00  0.00000E+00  0.00000E+00  0.00000E+00     200  0.00000E+00  0.00000E+00  0.12942E-06
        3.8200 -0.00000E+00 -0.18096E+01  0.50000E+01 -0.19998E+01  0.00000E+00 -0.78943E+00  0.18592E-04  0.00000E+00  0.18056E+00  0.00000E+00  0.00000E+00  0.00000E+00     201  0.00000E+00  0.00000E+00  0.12942E-06
        3.8400 -0.00000E+00 -0.18013E+01  0.50000E+01 -0.20358E+01  0.00000E+00 -0.79178E+00  0.17714E-04  0.00000E+00  0.17969E+00  0.00000E+00  0.00000E+00  0.00000E+00     202  0.00000E+00  0.00000E+00  0.12942E-06
        3.8600 -0.00000E+00 -0.17922E+01  0.50000E+01 -0.20717E+01  0.00000E+00 -0.79408E+00  0.16879E-04  0.00000E+00  0.17875E+00  0.00000E+00  0.00000E+00  0.00000E+00     203  0.00000E+00  0.00000E+00  0.12942E-06
        3.8800 -0.00000E+00 -0.17824E+01  0.50000E+01 -0.21073E+01  0.00000E+00 -0.79634E+00  0.16084E-04  0.00000E+00  0.17773E+00  0.00000E+00  0.00000E+00  0.00000E+00     204  0.00000E+00  0.00000E+00  0.12942E-06
        3.9000 -0.00000E+00 -0.17718E+01  0.50000E+01 -0.21427E+01  0.00000E+00 -0.79857E+00  0.15327E-04  0.00000E+00  0.17664E+00  0.00000E+00  0.00000E+00  0.00000E+00     205  0.00000E+00  0.00000E+00  0.12942E-06
        3.9200 -0.00000E+00 -0.17606E+01  0.50000E+01 -0.21779E+01  0.00000E+00 -0.80075E+00  0.14606E-04  0.00000E+00  0.17548E+00  0.00000E+00  0.00000E+00  0.00000E+00     206  0.00000E+00  0.00000E+00  0.12942E-06
        3.9400 -0.00000E+00 -0.17487E+01  0.50000E+01 -0.22129E+01  0.00000E+00 -0.80290E+00  0.13919E-04  0.00000E+00  0.17425E+00  0.00000E+00  0.00000E+00  0.00000E+00     207  0.00000E+00  0.00000E+00  0.12942E-06
        3.9600 -0.00000E+00 -0.17361E+01  0.50000E+01 -0.22476E+01  0.00000E+00 -0.80500E+00  0.13265E-04  0.00000E+00  0.17296E+00  0.00000E+00  0.00000E+00  0.00000E+00     208  0.00000E+00  0.00000E+00  0.12942E-06
        3.9800 -0.00000E+00 -0.17229E+01  0.50000E+01 -0.22821E+01  0.00000E+00 -0.80707E+00  0.12643E-04  0.00000E+00  0.17161E+00  0.00000E+00  0.00000E+00  0.00000E+00     209  0.00000E+00  0.00000E+00  0.12942E-06
        4.0000 -0.00000E+00 -0.17091E+01  0.50000E+01 -0.23163E+01  0.00000E+00 -0.80910E+00  0.12050E-04  0.00000E+00  0.17021E+00  0.00000E+00  0.00000E+00  0.00000E+00     210  0.00000E+00  0.00000E+00  0.12942E-06
        4.0200 -0.00000E+00 -0.16948E+01  0.50000E+01 -0.23502E+01  0.00000E+00 -0.81109E+00  0.11485E-04  0.00000E+00  0.16875E+00  0.00000E+00  0.00000E+00  0.00000E+00     211  0.00000E+00  0.00000E+00  0.12942E-06
        4.0400 -0.00000E+00 -0.16799E+01  0.50000E+01 -0.23838E+01  0.00000E+00 -0.81305E+00  0.10947E-04  0.00000E+00  0.16723E+00  0.00000E+00  0.00000E+00  0.00000E+00     212  0.00000E+00  0.00000E+00  0.12942E-06
        4.0600 -0.00000E+00 -0.16645E+01  0.50000E+01 -0.24171E+01  0.00000E+00 -0.81496E+00  0.10435E-04  0.00000E+00  0.16567E+00  0.00000E+00  0.00000E+00  0.00000E+00     213  0.00000E+00  0.00000E+00  0.12942E-06
        4.0800 -0.00000E+00 -0.16486E+01  0.50000E+01 -0.24500E+01  0.00000E+00 -0.81684E+00  0.99472E-05  0.00000E+00  0.16406E+00  0.00000E+00  0.00000E+00  0.00000E+00     214  0.00000E+00  0.00000E+00  0.12942E-06
        4.1000 -0.00000E+00 -0.16323E+01  0.50000E+01 -0.24827E+01  0.00000E+00 -0.81868E+00  0.94824E-05  0.00000E+00  0.16240E+00  0.00000E+00  0.00000E+00  0.00000E+00     215  0.00000E+00  0.00000E+00  0.12942E-06
        4.1200 -0.00000E+00 -0.16155E+01  0.50000E+01 -0.25150E+01  0.00000E+00 -0.82049E+00  0.90397E-05  0.00000E+00  0.16070E+00  0.00000E+00  0.00000E+00  0.00000E+00     216  0.00000E+00  0.00000E+00  0.12942E-06
        4.1400 -0.00000E+00 -0.15983E+01  0.50000E+01 -0.25470E+01  0.00000E+00 -0.82226E+00  0.86179E-05  0.00000E+00  0.15896E+00  0.00000E+00  0.00000E+00  0.00000E+00     217  0.00000E+00  0.00000E+00  0.12942E-06
        4.1600 -0.00000E+00 -0.15808E+01  0.50000E+01 -0.25786E+01  0.00000E+00 -0.82399E+00  0.82161E-05  0.00000E+00  0.15719E+00  0.00000E+00  0.00000E+00  0.00000E+00     218  0.00000E+00  0.00000E+00  0.12942E-06
        4.1800 -0.00000E+00 -0.15629E+01  0.50000E+01 -0.26098E+01  0.00000E+00 -0.82569E+00  0.78333E-05  0.00000E+00  0.15538E+00  0.00000E+00  0.00000E+00  0.00000E+00     219  0.00000E+00  0.00000E+00  0.12942E-06
        4.2000 -0.00000E+00 -0.15446E+01  0.50000E+01 -0.26407E+01  0.00000E+00 -0.82736E+00  0.74685E-05  0.00000E+00  0.15354E+00  0.00000E+00  0.00000E+00  0.00000E+00     220  0.00000E+00  0.00000E+00  0.12942E-06
        4.2200 -0.00000E+00 -0.15260E+01  0.50000E+01 -0.26712E+01  0.00000E+00 -0.82899E+00  0.71210E-05  0.00000E+00  0.15167E+00  0.00000E+00  0.00000E+00  0.00000E+00     221  0.00000E+00  0.00000E+00  0.12942E-06
        4.2400 -0.00000E+00 -0.15072E+01  0.50000E+01 -0.27014E+01  0.00000E+00 -0.83058E+00  0.67899E-05  0.00000E+00  0.14977E+00  0.00000E+00  0.00000E+00  0.00000E+00     222  0.00000E+00  0.00000E+00  0.12942E-06
        4.2600 -0.00000E+00 -0.14881E+01  0.50000E+01 -0.27312E+01  0.00000E+00 -0.83215E+00  0.64744E-05  0.00000E+00  0.14785E+00  0.00000E+00  0.00000E+00  0.00000E+00     223  0.00000E+00  0.00000E+00  0.12942E-06
        4.2800 -0.00000E+00 -0.14688E+01  0.50000E+01 -0.27605E+01  0.00000E+00 -0.83368E+00  0.61737E-05  0.00000E+00  0.14591E+00  0.00000E+00  0.00000E+00  0.00000E+00     224  0.00000E+00  0.00000E+00  0.12942E-06
        4.3000 -0.00000E+00 -0.14492E+01  0.50000E+01 -0.27895E+01  0.00000E+00 -0.83517E+00  0.58872E-05  0.00000E+00  0.14394E+00  0.00000E+00  0.00000E+00  0.00000E+00     225  0.00000E+00  0.00000E+00  0.12942E-06
        4.3200 -0.00000E+00 -0.14295E+01  0.50000E+01 -0.28181E+01  0.00000E+00 -0.83664E+00  0.56142E-05  0.00000E+00  0.14196E+00  0.00000E+00  0.00000E+00  0.00000E+00     226  0.00000E+00  0.00000E+00  0.12942E-06
        4.3400 -0.00000E+00 -0.14096E+01  0.50000E+01 -0.28463E+01  0.00000E+00 -0.83807E+00  0.53540E-05  0.00000E+00  0.13996E+00  0.00000E+00  0.00000E+00  0.00000E+00     227  0.00000E+00  0.00000E+00  0.12942E-06
        4.3600 -0.00000E+00 -0.13895E+01  0.50000E+01 -0.28741E+01  0.00000E+00 -0.83947E+00  0.51060E-05  0.00000E+00  0.13795E+00  0.00000E+00  0.00000E+00  0.00000E+00     228  0.00000E+00  0.00000E+00  0.12942E-06
        4.3800 -0.00000E+00 -0.13694E+01  0.50000E+01 -0.29015E+01  0.00000E+00 -0.84084E+00  0.48697E-05  0.00000E+00  0.13592E+00  0.00000E+00  0.00000E+00  0.00000E+00     229  0.00000E+00  0.00000E+00  0.12942E-06
        4.4000 -0.00000E+00 -0.13491E+01  0.50000E+01 -0.29285E+01  0.00000E+00 -0.84218E+00  0.46444E-05  0.00000E+00  0.13389E+00  0.00000E+00  0.00000E+00  0.00000E+00     230  0.00000E+00  0.00000E+00  0.12942E-06
        4.4200 -0.00000E+00 -0.13287E+01  0.50000E+01 -0.29550E+01  0.00000E+00 -0.84349E+00  0.44297E-05  0.00000E+00  0.13185E+00  0.00000E+00  0.00000E+00  0.00000E+00     231  0.00000E+00  0.00000E+00  0.12942E-06
        4.4400 -0.00000E+00 -0.13082E+01  0.50000E+01 -0.29812E+01  0.00000E+00 -0.84478E+00  0.42251E-05  0.00000E+00  0.12980E+00  0.00000E+00  0.00000E+00  0.00000E+00     232  0.00000E+00  0.00000E+00  0.12942E-06
        4.4600 -0.00000E+00 -0.12877E+01  0.50000E+01 -0.30070E+01  0.00000E+00 -0.84603E+00  0.40300E-05  0.00000E+00  0.12775E+00  0.00000E+00  0.00000E+00  0.00000E+00     233  0.00000E+00  0.00000E+00  0.12942E-06
        4.4800 -0.00000E+00 -0.12672E+01  0.50000E+01 -0.30323E+01  0.00000E+00 -0.84725E+00  0.38440E-05  0.00000E+00  0.12569E+00  0.00000E+00  0.00000E+00  0.00000E+00     234  0.00000E+00  0.00000E+00  0.12942E-06
        4.5000 -0.00000E+00 -0.12466E+01  0.50000E+01 -0.30572E+01  0.00000E+00 -0.84845E+00  0.36668E-05  0.00000E+00  0.12363E+00  0.00000E+00  0.00000E+00  0.00000E+00     235  0.00000E+00  0.00000E+00  0.12942E-06
        4.5200 -0.00000E+00 -0.12261E+01  0.50000E+01 -0.30817E+01  0.00000E+00 -0.84962E+00  0.34978E-05  0.00000E+00  0.12158E+00  0.00000E+00  0.00000E+00  0.00000E+00     236  0.00000E+00  0.00000E+00  0.12942E-06
        4.5400 -0.00000E+00 -0.12055E+01  0.50000E+01 -0.31059E+01  0.00000E+00 -0.85076E+00  0.33367E-05  0.00000E+00  0.11953E+00  0.00000E+00  0.00000E+00  0.00000E+00     237  0.00000E+00  0.00000E+00  0.12942E-06
        4.5600 -0.00000E+00 -0.11850E+01  0.50000E+01 -0.31296E+01  0.00000E+00 -0.85187E+00  0.31831E-05  0.00000E+00  0.11748E+00  0.00000E+00  0.00000E+00  0.00000E+00     238  0.00000E+00  0.00000E+00  0.12942E-06
        4.5800 -0.00000E+00 -0.11645E+01  0.50000E+01 -0.31529E+01  0.00000E+00 -0.85296E+00  0.30366E-05  0.00000E+00  0.11543E+00  0.00000E+00  0.00000E+00  0.00000E+00     239  0.00000E+00  0.00000E+00  0.12942E-06
        4.6000 -0.00000E+00 -0.11441E+01  0.50000E+01 -0.31757E+01  0.00000E+00 -0.85402E+00  0.28970E-05  0.00000E+00  0.11339E+00  0.00000E+00  0.00000E+00  0.00000E+00     240  0.00000E+00  0.00000E+00  0.12942E-06
        4.6200 -0.00000E+00 -0.11238E+01  0.50000E+01 -0.31982E+01  0.00000E+00 -0.85506E+00  0.27639E-05  0.00000E+00  0.11137E+00  0.00000E+00  0.00000E+00  0.00000E+00     241  0.00000E+00  0.00000E+00  0.12942E-06
        4.6400 -0.00000E+00 -0.11035E+01  0.50000E+01 -0.32203E+01  0.00000E+00 -0.85607E+00  0.26369E-05  0.00000E+00  0.10934E+00  0.00000E+00  0.00000E+00  0.00000E+00     242  0.00000E+00  0.00000E+00  0.12942E-06
        4.6600 -0.00000E+00 -0.10834E+01  0.50000E+01 -0.32419E+01  0.00000E+00 -0.85706E+00  0.25159E-05  0.00000E+00  0.10733E+00  0.00000E+00  0.00000E+00  0.00000E+00     243  0.00000E+00  0.00000E+00  0.12942E-06
        4.6800 -0.00000E+00 -0.10633E+01  0.50000E+01 -0.32632E+01  0.00000E+00 -0.85802E+00  0.24005E-05  0.00000E+00  0.10534E+00  0.00000E+00  0.00000E+00  0.00000E+00     244  0.00000E+00  0.00000E+00  0.12942E-06
        4.7000 -0.00000E+00 -0.10434E+01  0.50000E+01 -0.32841E+01  0.00000E+00 -0.85896E+00  0.22904E-05  0.00000E+00  0.10335E+00  0.00000E+00  0.00000E+00  0.00000E+00     245  0.00000E+00  0.00000E+00  0.12942E-06
        4.7200 -0.00000E+00 -0.10236E+01  0.50000E+01 -0.33046E+01  0.00000E+00 -0.85987E+00  0.21854E-05  0.00000E+00  0.10138E+00  0.00000E+00  0.00000E+00  0.00000E+00     246  0.00000E+00  0.00000E+00  0.12942E-06
        4.7400 -0.00000E+00 -0.10040E+01  0.50000E+01 -0.33246E+01  0.00000E+00 -0.86077E+00  0.20853E-05  0.00000E+00  0.99418E-01  0.00000E+00  0.00000E+00  0.00000E+00     247  0.00000E+00  0.00000E+00  0.12942E-06
        4.7600 -0.00000E+00 -0.98446E+00  0.50000E+01 -0.33443E+01  0.00000E+00 -0.86164E+00  0.19899E-05  0.00000E+00  0.97476E-01  0.00000E+00  0.00000E+00  0.00000E+00     248  0.00000E+00  0.00000E+00  0.12942E-06
        4.7800 -0.00000E+00 -0.96512E+00  0.50000E+01 -0.33636E+01  0.00000E+00 -0.86249E+00  0.18988E-05  0.00000E+00  0.95550E-01  0.00000E+00  0.00000E+00  0.00000E+00     249  0.00000E+00  0.00000E+00  0.12942E-06
        4.8000 -0.00000E+00 -0.94595E+00  0.50000E+01 -0.33825E+01  0.00000E+00 -0.86332E+00  0.18120E-05  0.00000E+00  0.93641E-01  0.00000E+00  0.00000E+00  0.00000E+00     250  0.00000E+00  0.00000E+00  0.12942E-06
        4.8200 -0.00000E+00 -0.92695E+00  0.50000E+01 -0.34011E+01  0.00000E+00 -0.86413E+00  0.17292E-05  0.00000E+00  0.91750E-01  0.00000E+00  0.00000E+00  0.00000E+00     251  0.00000E+00  0.00000E+00  0.12942E-06
        4.8400 -0.00000E+00 -0.90813E+00  0.50000E+01 -0.34192E+01  0.00000E+00 -0.86491E+00  0.16502E-05  0.00000E+00  0.89878E-01  0.00000E+00  0.00000E+00  0.00000E+00     252  0.00000E+00  0.00000E+00  0.12942E-06
        4.8600 -0.00000E+00 -0.88951E+00  0.50000E+01 -0.34370E+01  0.00000E+00 -0.86568E+00  0.15749E-05  0.00000E+00  0.88025E-01  0.00000E+00  0.00000E+00  0.00000E+00     253  0.00000E+00  0.00000E+00  0.12942E-06
        4.8800 -0.00000E+00 -0.87108E+00  0.50000E+01 -0.34545E+01  0.00000E+00 -0.86643E+00  0.15030E-05  0.00000E+00  0.86192E-01  0.00000E+00  0.00000E+00  0.00000E+00     254  0.00000E+00  0.00000E+00  0.12942E-06
        4.9000 -0.00000E+00 -0.85285E+00  0.50000E+01 -0.34715E+01  0.00000E+00 -0.86715E+00  0.14345E-05  0.00000E+00  0.84379E-01  0.00000E+00  0.00000E+00  0.00000E+00     255  0.00000E+00  0.00000E+00  0.12942E-06
        4.9200 -0.00000E+00 -0.83483E+00  0.50000E+01 -0.34882E+01  0.00000E+00 -0.86786E+00  0.13691E-05  0.00000E+00  0.82588E-01  0.00000E+00  0.00000E+00  0.00000E+00     256  0.00000E+00  0.00000E+00  0.12942E-06
        4.9400 -0.00000E+00 -0.81703E+00  0.50000E+01 -0.35046E+01  0.00000E+00 -0.86855E+00  0.13067E-05  0.00000E+00  0.80819E-01  0.00000E+00  0.00000E+00  0.00000E+00     257  0.00000E+00  0.00000E+00  0.12942E-06
        4.9600 -0.00000E+00 -0.79945E+00  0.50000E+01 -0.35205E+01  0.00000E+00 -0.86923E+00  0.12472E-05  0.00000E+00  0.79071E-01  0.00000E+00  0.00000E+00  0.00000E+00     258  0.00000E+00  0.00000E+00  0.12942E-06
        4.9800 -0.00000E+00 -0.78209E+00  0.50000E+01 -0.35362E+01  0.00000E+00 -0.86988E+00  0.11904E-05  0.00000E+00  0.77346E-01  0.00000E+00  0.00000E+00  0.00000E+00     259  0.00000E+00  0.00000E+00  0.12942E-06
        5.0000 -0.00000E+00 -0.76495E+00  0.50000E+01 -0.35515E+01  0.00000E+00 -0.87052E+00  0.11363E-05  0.00000E+00  0.75644E-01  0.00000E+00  0.00000E+00  0.00000E+00     260  0.00000E+00  0.00000E+00  0.12942E-06
        5.0200 -0.00000E+00 -0.74805E+00  0.50000E+01 -0.35664E+01  0.00000E+00 -0.87114E+00  0.10846E-05  0.00000E+00  0.73966E-01  0.00000E+00  0.00000E+00  0.00000E+00     261  0.00000E+00  0.00000E+00  0.12942E-06
        5.0400 -0.00000E+00 -0.73138E+00  0.50000E+01 -0.35811E+01  0.00000E+00 -0.87174E+00  0.10353E-05  0.00000E+00  0.72310E-01  0.00000E+00  0.00000E+00  0.00000E+00     262  0.00000E+00  0.00000E+00  0.12942E-06
        5.0600 -0.00000E+00 -0.71494E+00  0.50000E+01 -0.35954E+01  0.00000E+00 -0.87233E+00  0.98828E-06  0.00000E+00  0.70679E-01  0.00000E+00  0.00000E+00  0.00000E+00     263  0.00000E+00  0.00000E+00  0.12942E-06
        5.0800 -0.00000E+00 -0.69875E+00  0.50000E+01 -0.36093E+01  0.00000E+00 -0.87290E+00  0.94341E-06  0.00000E+00  0.69071E-01  0.00000E+00  0.00000E+00  0.00000E+00     264  0.00000E+00  0.00000E+00  0.12942E-06
        5.1000 -0.00000E+00 -0.68279E+00  0.50000E+01 -0.36230E+01  0.00000E+00 -0.87346E+00  0.90059E-06  0.00000E+00  0.67488E-01  0.00000E+00  0.00000E+00  0.00000E+00     265  0.00000E+00  0.00000E+00  0.12942E-06
        5.1200 -0.00000E+00 -0.66708E+00  0.50000E+01 -0.36363E+01  0.00000E+00 -0.87400E+00  0.85974E-06  0.00000E+00  0.65929E-01  0.00000E+00  0.00000E+00  0.00000E+00     266  0.00000E+00  0.00000E+00  0.12942E-06
        5.1400 -0.00000E+00 -0.65162E+00  0.50000E+01 -0.36494E+01  0.00000E+00 -0.87453E+00  0.82076E-06  0.00000E+00  0.64395E-01  0.00000E+00  0.00000E+00  0.00000E+00     267  0.00000E+00  0.00000E+00  0.12942E-06
        5.1600 -0.00000E+00 -0.63640E+00  0.50000E+01 -0.36621E+01  0.00000E+00 -0.87504E+00  0.78356E-06  0.00000E+00  0.62885E-01  0.00000E+00  0.00000E+00  0.00000E+00     268  0.00000E+00  0.00000E+00  0.12942E-06
        5.1800 -0.00000E+00 -0.62143E+00  0.50000E+01 -0.36745E+01  0.00000E+00 -0.87554E+00  0.74807E-06  0.00000E+00  0.61401E-01  0.00000E+00  0.00000E+00  0.00000E+00     269  0.00000E+00  0.00000E+00  0.12942E-06
        5.2000 -0.00000E+00 -0.60671E+00  0.50000E+01 -0.36867E+01  0.00000E+00 -0.87602E+00  0.71420E-06  0.00000E+00  0.59940E-01  0.00000E+00  0.00000E+00  0.00000E+00     270  0.00000E+00  0.00000E+00  0.12942E-06
        5.2200 -0.00000E+00 -0.59223E+00  0.50000E+01 -0.36985E+01  0.00000E+00 -0.87649E+00  0.68187E-06  0.00000E+00  0.58505E-01  0.00000E+00  0.00000E+00  0.00000E+00     271  0.00000E+00  0.00000E+00  0.12942E-06
        5.2400 -0.00000E+00 -0.57800E+00  0.50000E+01 -0.37101E+01  0.00000E+00 -0.87695E+00  0.65103E-06  0.00000E+00  0.57095E-01  0.00000E+00  0.00000E+00  0.00000E+00     272  0.00000E+00  0.00000E+00  0.12942E-06
        5.2600 -0.00000E+00 -0.56402E+00  0.50000E+01 -0.37214E+01  0.00000E+00 -0.87739E+00  0.62159E-06  0.00000E+00  0.55709E-01  0.00000E+00  0.00000E+00  0.00000E+00     273  0.00000E+00  0.00000E+00  0.12942E-06
        5.2800 -0.00000E+00 -0.55029E+00  0.50000E+01 -0.37324E+01  0.00000E+00 -0.87783E+00  0.59350E-06  0.00000E+00  0.54348E-01  0.00000E+00  0.00000E+00  0.00000E+00     274  0.00000E+00  0.00000E+00  0.12942E-06
        5.3000 -0.00000E+00 -0.53680E+00  0.50000E+01 -0.37431E+01  0.00000E+00 -0.87825E+00  0.56668E-06  0.00000E+00  0.53012E-01  0.00000E+00  0.00000E+00  0.00000E+00     275  0.00000E+00  0.00000E+00  0.12942E-06
        5.3200 -0.00000E+00 -0.52356E+00  0.50000E+01 -0.37536E+01  0.00000E+00 -0.87865E+00  0.54109E-06  0.00000E+00  0.51701E-01  0.00000E+00  0.00000E+00  0.00000E+00     276  0.00000E+00  0.00000E+00  0.12942E-06
        5.3400 -0.00000E+00 -0.51057E+00  0.50000E+01 -0.37638E+01  0.00000E+00 -0.87905E+00  0.51667E-06  0.00000E+00  0.50414E-01  0.00000E+00  0.00000E+00  0.00000E+00     277  0.00000E+00  0.00000E+00  0.12942E-06
        5.3600 -0.00000E+00 -0.49782E+00  0.50000E+01 -0.37737E+01  0.00000E+00 -0.87944E+00  0.49336E-06  0.00000E+00  0.49151E-01  0.00000E+00  0.00000E+00  0.00000E+00     278  0.00000E+00  0.00000E+00  0.12942E-06
        5.3800 -0.00000E+00 -0.48532E+00  0.50000E+01 -0.37834E+01  0.00000E+00 -0.87981E+00  0.47111E-06  0.00000E+00  0.47913E-01  0.00000E+00  0.00000E+00  0.00000E+00     279  0.00000E+00  0.00000E+00  0.12942E-06
        5.4000 -0.00000E+00 -0.47306E+00  0.50000E+01 -0.37929E+01  0.00000E+00 -0.88017E+00  0.44987E-06  0.00000E+00  0.46699E-01  0.00000E+00  0.00000E+00  0.00000E+00     280  0.00000E+00  0.00000E+00  0.12942E-06
        5.4200 -0.00000E+00 -0.46103E+00  0.50000E+01 -0.38021E+01  0.00000E+00 -0.88053E+00  0.42960E-06  0.00000E+00  0.45508E-01  0.00000E+00  0.00000E+00  0.00000E+00     281  0.00000E+00  0.00000E+00  0.12942E-06
        5.4400 -0.00000E+00 -0.44925E+00  0.50000E+01 -0.38111E+01  0.00000E+00 -0.88087E+00  0.41025E-06  0.00000E+00  0.44342E-01  0.00000E+00  0.00000E+00  0.00000E+00     282  0.00000E+00  0.00000E+00  0.12942E-06
        5.4600 -0.00000E+00 -0.43770E+00  0.50000E+01 -0.38199E+01  0.00000E+00 -0.88120E+00  0.39178E-06  0.00000E+00  0.43199E-01  0.00000E+00  0.00000E+00  0.00000E+00     283  0.00000E+00  0.00000E+00  0.12942E-06
        5.4800 -0.00000E+00 -0.42639E+00  0.50000E+01 -0.38284E+01  0.00000E+00 -0.88153E+00  0.37415E-06  0.00000E+00  0.42080E-01  0.00000E+00  0.00000E+00  0.00000E+00     284  0.00000E+00  0.00000E+00  0.12942E-06
        5.5000 -0.00000E+00 -0.41532E+00  0.50000E+01 -0.38367E+01  0.00000E+00 -0.88184E+00  0.35732E-06  0.00000E+00  0.40984E-01  0.00000E+00  0.00000E+00  0.00000E+00     285  0.00000E+00  0.00000E+00  0.12942E-06
        5.5200 -0.00000E+00 -0.40447E+00  0.50000E+01 -0.38448E+01  0.00000E+00 -0.88215E+00  0.34125E-06  0.00000E+00  0.39910E-01  0.00000E+00  0.00000E+00  0.00000E+00     286  0.00000E+00  0.00000E+00  0.12942E-06
        5.5400 -0.00000E+00 -0.39385E+00  0.50000E+01 -0.38527E+01  0.00000E+00 -0.88244E+00  0.32591E-06  0.00000E+00  0.38860E-01  0.00000E+00  0.00000E+00  0.00000E+00     287  0.00000E+00  0.00000E+00  0.12942E-06
        5.5600 -0.00000E+00 -0.38346E+00  0.50000E+01 -0.38603E+01  0.00000E+00 -0.88273E+00  0.31127E-06  0.00000E+00  0.37832E-01  0.00000E+00  0.00000E+00  0.00000E+00     288  0.00000E+00  0.00000E+00  0.12942E-06
        5.5800 -0.00000E+00 -0.37329E+00  0.50000E+01 -0.38678E+01  0.00000E+00 -0.88301E+00  0.29729E-06  0.00000E+00  0.36826E-01  0.00000E+00  0.00000E+00  0.00000E+00     289  0.00000E+00  0.00000E+00  0.12942E-06
        5.6000 -0.00000E+00 -0.36334E+00  0.50000E+01 -0.38751E+01  0.00000E+00 -0.88328E+00  0.28394E-06  0.00000E+00  0.35842E-01  0.00000E+00  0.00000E+00  0.00000E+00     290  0.00000E+00  0.00000E+00  0.12942E-06
        5.6200 -0.00000E+00 -0.35360E+00  0.50000E+01 -0.38821E+01  0.00000E+00 -0.88354E+00  0.27120E-06  0.00000E+00  0.34879E-01  0.00000E+00  0.00000E+00  0.00000E+00     291  0.00000E+00  0.00000E+00  0.12942E-06
        5.6400 -0.00000E+00 -0.34409E+00  0.50000E+01 -0.38890E+01  0.00000E+00 -0.88379E+00  0.25904E-06  0.00000E+00  0.33938E-01  0.00000E+00  0.00000E+00  0.00000E+00     292  0.00000E+00  0.00000E+00  0.12942E-06
        5.6600 -0.00000E+00 -0.33478E+00  0.50000E+01 -0.38957E+01  0.00000E+00 -0.88404E+00  0.24742E-06  0.00000E+00  0.33018E-01  0.00000E+00  0.00000E+00  0.00000E+00     293  0.00000E+00  0.00000E+00  0.12942E-06
        5.6800 -0.00000E+00 -0.32569E+00  0.50000E+01 -0.39022E+01  0.00000E+00 -0.88428E+00  0.23633E-06  0.00000E+00  0.32119E-01  0.00000E+00  0.00000E+00  0.00000E+00     294  0.00000E+00  0.00000E+00  0.12942E-06
        5.7000 -0.00000E+00 -0.31680E+00  0.50000E+01 -0.39086E+01  0.00000E+00 -0.88451E+00  0.22574E-06  0.00000E+00  0.31241E-01  0.00000E+00  0.00000E+00  0.00000E+00     295  0.00000E+00  0.00000E+00  0.12942E-06
        5.7200 -0.00000E+00 -0.30812E+00  0.50000E+01 -0.39147E+01  0.00000E+00 -0.88474E+00  0.21563E-06  0.00000E+00  0.30383E-01  0.00000E+00  0.00000E+00  0.00000E+00     296  0.00000E+00  0.00000E+00  0.12942E-06
        5.7400 -0.00000E+00 -0.29964E+00  0.50000E+01 -0.39207E+01  0.00000E+00 -0.88496E+00  0.20598E-06  0.00000E+00  0.29544E-01  0.00000E+00  0.00000E+00  0.00000E+00     297  0.00000E+00  0.00000E+00  0.12942E-06
        5.7600 -0.00000E+00 -0.29135E+00  0.50000E+01 -0.39265E+01  0.00000E+00 -0.88517E+00  0.19676E-06  0.00000E+00  0.28726E-01  0.00000E+00  0.00000E+00  0.00000E+00     298  0.00000E+00  0.00000E+00  0.12942E-06
        5.7800 -0.00000E+00 -0.28326E+00  0.50000E+01 -0.39322E+01  0.00000E+00 -0.88537E+00  0.18796E-06  0.00000E+00  0.27926E-01  0.00000E+00  0.00000E+00  0.00000E+00     299  0.00000E+00  0.00000E+00  0.12942E-06
        5.8000 -0.00000E+00 -0.27536E+00  0.50000E+01 -0.39377E+01  0.00000E+00 -0.88557E+00  0.17955E-06  0.00000E+00  0.27146E-01  0.00000E+00  0.00000E+00  0.00000E+00     300  0.00000E+00  0.00000E+00  0.12942E-06
        5.8200 -0.00000E+00 -0.26765E+00  0.50000E+01 -0.39431E+01  0.00000E+00 -0.88577E+00  0.17152E-06  0.00000E+00  0.26384E-01  0.00000E+00  0.00000E+00  0.00000E+00     301  0.00000E+00  0.00000E+00  0.12942E-06
        5.8400 -0.00000E+00 -0.26012E+00  0.50000E+01 -0.39483E+01  0.00000E+00 -0.88595E+00  0.16386E-06  0.00000E+00  0.25641E-01  0.00000E+00  0.00000E+00  0.00000E+00     302  0.00000E+00  0.00000E+00  0.12942E-06
        5.8600 -0.00000E+00 -0.25278E+00  0.50000E+01 -0.39533E+01  0.00000E+00 -0.88613E+00  0.15654E-06  0.00000E+00  0.24915E-01  0.00000E+00  0.00000E+00  0.00000E+00     303  0.00000E+00  0.00000E+00  0.12942E-06
        5.8800 -0.00000E+00 -0.24562E+00  0.50000E+01 -0.39582E+01  0.00000E+00 -0.88631E+00  0.14955E-06  0.00000E+00  0.24208E-01  0.00000E+00  0.00000E+00  0.00000E+00     304  0.00000E+00  0.00000E+00  0.12942E-06
        5.9000 -0.00000E+00 -0.23863E+00  0.50000E+01 -0.39630E+01  0.00000E+00 -0.88648E+00  0.14287E-06  0.00000E+00  0.23518E-01  0.00000E+00  0.00000E+00  0.00000E+00     305  0.00000E+00  0.00000E+00  0.12942E-06
        5.9200 -0.00000E+00 -0.23181E+00  0.50000E+01 -0.39676E+01  0.00000E+00 -0.88665E+00  0.13650E-06  0.00000E+00  0.22845E-01  0.00000E+00  0.00000E+00  0.00000E+00     306  0.00000E+00  0.00000E+00  0.12942E-06
        5.9400 -0.00000E+00 -0.22517E+00  0.50000E+01 -0.39722E+01  0.00000E+00 -0.88681E+00  0.13041E-06  0.00000E+00  0.22189E-01  0.00000E+00  0.00000E+00  0.00000E+00     307  0.00000E+00  0.00000E+00  0.12942E-06
        5.9600 -0.00000E+00 -0.21869E+00  0.50000E+01 -0.39765E+01  0.00000E+00 -0.88696E+00  0.12459E-06  0.00000E+00  0.21549E-01  0.00000E+00  0.00000E+00  0.00000E+00     308  0.00000E+00  0.00000E+00  0.12942E-06
        5.9800 -0.00000E+00 -0.21237E+00  0.50000E+01 -0.39808E+01  0.00000E+00 -0.88711E+00  0.11904E-06  0.00000E+00  0.20926E-01  0.00000E+00  0.00000E+00  0.00000E+00     309  0.00000E+00  0.00000E+00  0.12942E-06
        6.0000 -0.00000E+00 -0.20622E+00  0.50000E+01 -0.39849E+01  0.00000E+00 -0.88726E+00  0.11373E-06  0.00000E+00  0.20318E-01  0.00000E+00  0.00000E+00  0.00000E+00     310  0.00000E+00  0.00000E+00  0.12942E-06
end
