 ******* Program HYDRUS
 ******* Solute reactif (Kd = 0.2 cm3/g, mu = 0.05 /j), loam sableux, q=10 cm/j  
 Date:   0. 0.    Time: 512:**:**
 Units: L = cm   , T = days , M = g    

       Time          rTop        rRoot        vTop         vRoot        vBot       sum(rTop)   sum(rRoot)    sum(vTop)   sum(vRoot)    sum(vBot)      hTop         hRoot        hBot        RunOff    sum(RunOff)     Volume     sum(Infil)    sum(Evap) TLevel Cum(WTrans)  SnowLayer
        [T]         [L/T]        [L/T]        [L/T]        [L/T]        [L/T]         [L]          [L]          [L]         [L]           [L]         [L]           [L]         [L]          [L/T]         [L]          [L]          [L]          [L]

       0.0010 -0.10000E+02  0.00000E+00 -0.10000E+02  0.00000E+00 -0.10153E+02 -0.10000E-01  0.00000E+00 -0.10000E-01  0.00000E+00 -0.10153E-01 -0.11499E+02  0.00000E+00 -0.11484E+02  0.00000E+00  0.00000E+00  0.19790E+02  0.00000E+00  0.00000E+00      1  0.00000E+00      0.000
       0.0020 -0.10000E+02  0.00000E+00 -0.10000E+02  0.00000E+00 -0.10153E+02 -0.20000E-01  0.00000E+00 -0.20000E-01  0.00000E+00 -0.20306E-01 -0.11504E+02  0.00000E+00 -0.11484E+02  0.00000E+00  0.00000E+00  0.19790E+02  0.00000E+00  0.00000E+00      2  0.00000E+00      0.000
       0.0033 -0.10000E+02  0.00000E+00 -0.10000E+02  0.00000E+00 -0.10153E+02 -0.33000E-01  0.00000E+00 -0.33000E-01  0.00000E+00 -0.33505E-01 -0.11510E+02  0.00000E+00 -0.11484E+02  0.00000E+00  0.00000E+00  0.19790E+02  0.00000E+00  0.00000E+00      3  0.00000E+00      0.000
       0.0050 -0.10000E+02  0.00000E+00 -0.10000E+02  0.00000E+00 -0.10153E+02 -0.49900E-01  0.00000E+00 -0.49900E-01  0.00000E+00 -0.50664E-01 -0.11514E+02  0.00000E+00 -0.11484E+02  0.00000E+00  0.00000E+00  0.19790E+02  0.00000E+00  0.00000E+00      4  0.00000E+00      0.000
       0.0072 -0.10000E+02  0.00000E+00 -0.10000E+02  0.00000E+00 -0.10153E+02 -0.71870E-01  0.00000E+00 -0.71870E-01  0.00000E+00 -0.72971E-01 -0.11519E+02  0.00000E+00 -0.11484E+02  0.00000E+00  0.00000E+00  0.19789E+02  0.00000E+00  0.00000E+00      5  0.00000E+00      0.000
       0.0100 -0.10000E+02  0.00000E+00 -0.10000E+02  0.00000E+00 -0.10153E+02 -0.10043E+00  0.00000E+00 -0.10043E+00  0.00000E+00 -0.10197E+00 -0.11523E+02  0.00000E+00 -0.11484E+02  0.00000E+00  0.00000E+00  0.19789E+02  0.00000E+00  0.00000E+00      6  0.00000E+00      0.000
       0.0138 -0.10000E+02  0.00000E+00 -0.10000E+02  0.00000E+00 -0.10153E+02 -0.13756E+00  0.00000E+00 -0.13756E+00  0.00000E+00 -0.13967E+00 -0.11527E+02  0.00000E+00 -0.11484E+02  0.00000E+00  0.00000E+00  0.19788E+02  0.00000E+00  0.00000E+00      7  0.00000E+00      0.000
       0.0186 -0.10000E+02  0.00000E+00 -0.10000E+02  0.00000E+00 -0.10153E+02 -0.18583E+00  0.00000E+00 -0.18583E+00  0.00000E+00 -0.18867E+00 -0.11531E+02  0.00000E+00 -0.11484E+02  0.00000E+00  0.00000E+00  0.19787E+02  0.00000E+00  0.00000E+00      8  0.00000E+00      0.000
       0.0249 -0.10000E+02  0.00000E+00 -0.10000E+02  0.00000E+00 -0.10153E+02 -0.24858E+00  0.00000E+00 -0.24858E+00  0.00000E+00 -0.25238E+00 -0.11534E+02  0.00000E+00 -0.11484E+02  0.00000E+00  0.00000E+00  0.19786E+02  0.00000E+00  0.00000E+00      9  0.00000E+00      0.000
       0.0330 -0.10000E+02  0.00000E+00 -0.10000E+02  0.00000E+00 -0.10153E+02 -0.33015E+00  0.00000E+00 -0.33015E+00  0.00000E+00 -0.33521E+00 -0.11537E+02  0.00000E+00 -0.11484E+02  0.00000E+00  0.00000E+00  0.19785E+02  0.00000E+00  0.00000E+00     10  0.00000E+00      0.000
       0.0436 -0.10000E+02  0.00000E+00 -0.10000E+02  0.00000E+00 -0.10153E+02 -0.43619E+00  0.00000E+00 -0.43619E+00  0.00000E+00 -0.44287E+00 -0.11540E+02  0.00000E+00 -0.11484E+02  0.00000E+00  0.00000E+00  0.19784E+02  0.00000E+00  0.00000E+00     11  0.00000E+00      0.000
       0.0574 -0.10000E+02  0.00000E+00 -0.10000E+02  0.00000E+00 -0.10153E+02 -0.57405E+00  0.00000E+00 -0.57405E+00  0.00000E+00 -0.58284E+00 -0.11542E+02  0.00000E+00 -0.11485E+02  0.00000E+00  0.00000E+00  0.19781E+02  0.00000E+00  0.00000E+00     12  0.00000E+00      0.000
       0.0753 -0.10000E+02  0.00000E+00 -0.10000E+02  0.00000E+00 -0.10151E+02 -0.75327E+00  0.00000E+00 -0.75327E+00  0.00000E+00 -0.76477E+00 -0.11544E+02  0.00000E+00 -0.11485E+02  0.00000E+00  0.00000E+00  0.19779E+02  0.00000E+00  0.00000E+00     13  0.00000E+00      0.000
       0.0953 -0.10000E+02  0.00000E+00 -0.10000E+02  0.00000E+00 -0.10147E+02 -0.95327E+00  0.00000E+00 -0.95327E+00  0.00000E+00 -0.96770E+00 -0.11546E+02  0.00000E+00 -0.11487E+02  0.00000E+00  0.00000E+00  0.19776E+02  0.00000E+00  0.00000E+00     14  0.00000E+00      0.000
       0.1153 -0.10000E+02  0.00000E+00 -0.10000E+02  0.00000E+00 -0.10138E+02 -0.11533E+01  0.00000E+00 -0.11533E+01  0.00000E+00 -0.11705E+01 -0.11546E+02  0.00000E+00 -0.11491E+02  0.00000E+00  0.00000E+00  0.19773E+02  0.00000E+00  0.00000E+00     15  0.00000E+00      0.000
       0.1353 -0.10000E+02  0.00000E+00 -0.10000E+02  0.00000E+00 -0.10128E+02 -0.13533E+01  0.00000E+00 -0.13533E+01  0.00000E+00 -0.13730E+01 -0.11546E+02  0.00000E+00 -0.11495E+02  0.00000E+00  0.00000E+00  0.19770E+02  0.00000E+00  0.00000E+00     16  0.00000E+00      0.000
       0.1553 -0.10000E+02  0.00000E+00 -0.10000E+02  0.00000E+00 -0.10115E+02 -0.15533E+01  0.00000E+00 -0.15533E+01  0.00000E+00 -0.15753E+01 -0.11547E+02  0.00000E+00 -0.11500E+02  0.00000E+00  0.00000E+00  0.19768E+02  0.00000E+00  0.00000E+00     17  0.00000E+00      0.000
       0.1753 -0.10000E+02  0.00000E+00 -0.10000E+02  0.00000E+00 -0.10102E+02 -0.17533E+01  0.00000E+00 -0.17533E+01  0.00000E+00 -0.17774E+01 -0.11547E+02  0.00000E+00 -0.11505E+02  0.00000E+00  0.00000E+00  0.19766E+02  0.00000E+00  0.00000E+00     18  0.00000E+00      0.000
       0.1953 -0.10000E+02  0.00000E+00 -0.10000E+02  0.00000E+00 -0.10088E+02 -0.19533E+01  0.00000E+00 -0.19533E+01  0.00000E+00 -0.19791E+01 -0.11547E+02  0.00000E+00 -0.11511E+02  0.00000E+00  0.00000E+00  0.19764E+02  0.00000E+00  0.00000E+00     19  0.00000E+00      0.000
       0.2153 -0.10000E+02  0.00000E+00 -0.10000E+02  0.00000E+00 -0.10075E+02 -0.21533E+01  0.00000E+00 -0.21533E+01  0.00000E+00 -0.21806E+01 -0.11547E+02  0.00000E+00 -0.11516E+02  0.00000E+00  0.00000E+00  0.19763E+02  0.00000E+00  0.00000E+00     20  0.00000E+00      0.000
       0.2353 -0.10000E+02  0.00000E+00 -0.10000E+02  0.00000E+00 -0.10063E+02 -0.23533E+01  0.00000E+00 -0.23533E+01  0.00000E+00 -0.23819E+01 -0.11547E+02  0.00000E+00 -0.11521E+02  0.00000E+00  0.00000E+00  0.19762E+02  0.00000E+00  0.00000E+00     21  0.00000E+00      0.000
       0.2553 -0.10000E+02  0.00000E+00 -0.10000E+02  0.00000E+00 -0.10052E+02 -0.25533E+01  0.00000E+00 -0.25533E+01  0.00000E+00 -0.25830E+01 -0.11547E+02  0.00000E+00 -0.11525E+02  0.00000E+00  0.00000E+00  0.19761E+02  0.00000E+00  0.00000E+00     22  0.00000E+00      0.000
       0.2753 -0.10000E+02  0.00000E+00 -0.10000E+02  0.00000E+00 -0.10043E+02 -0.27533E+01  0.00000E+00 -0.27533E+01  0.00000E+00 -0.27838E+01 -0.11547E+02  0.00000E+00 -0.11529E+02  0.00000E+00  0.00000E+00  0.19760E+02  0.00000E+00  0.00000E+00     23  0.00000E+00      0.000
       0.2953 -0.10000E+02  0.00000E+00 -0.10000E+02  0.00000E+00 -0.10034E+02 -0.29533E+01  0.00000E+00 -0.29533E+01  0.00000E+00 -0.29845E+01 -0.11547E+02  0.00000E+00 -0.11533E+02  0.00000E+00  0.00000E+00  0.19759E+02  0.00000E+00  0.00000E+00     24  0.00000E+00      0.000
       0.3153 -0.10000E+02  0.00000E+00 -0.10000E+02  0.00000E+00 -0.10027E+02 -0.31533E+01  0.00000E+00 -0.31533E+01  0.00000E+00 -0.31850E+01 -0.11547E+02  0.00000E+00 -0.11536E+02  0.00000E+00  0.00000E+00  0.19758E+02  0.00000E+00  0.00000E+00     25  0.00000E+00      0.000
       0.3353 -0.10000E+02  0.00000E+00 -0.10000E+02  0.00000E+00 -0.10022E+02 -0.33533E+01  0.00000E+00 -0.33533E+01  0.00000E+00 -0.33855E+01 -0.11547E+02  0.00000E+00 -0.11538E+02  0.00000E+00  0.00000E+00  0.19758E+02  0.00000E+00  0.00000E+00     26  0.00000E+00      0.000
       0.3553 -0.10000E+02  0.00000E+00 -0.10000E+02  0.00000E+00 -0.10017E+02 -0.35533E+01  0.00000E+00 -0.35533E+01  0.00000E+00 -0.35858E+01 -0.11547E+02  0.00000E+00 -0.11540E+02  0.00000E+00  0.00000E+00  0.19758E+02  0.00000E+00  0.00000E+00     27  0.00000E+00      0.000
       0.3753 -0.10000E+02  0.00000E+00 -0.10000E+02  0.00000E+00 -0.10013E+02 -0.37533E+01  0.00000E+00 -0.37533E+01  0.00000E+00 -0.37861E+01 -0.11547E+02  0.00000E+00 -0.11541E+02  0.00000E+00  0.00000E+00  0.19757E+02  0.00000E+00  0.00000E+00     28  0.00000E+00      0.000
       0.3953 -0.10000E+02  0.00000E+00 -0.10000E+02  0.00000E+00 -0.10010E+02 -0.39533E+01  0.00000E+00 -0.39533E+01  0.00000E+00 -0.39863E+01 -0.11547E+02  0.00000E+00 -0.11543E+02  0.00000E+00  0.00000E+00  0.19757E+02  0.00000E+00  0.00000E+00     29  0.00000E+00      0.000
       0.4153 -0.10000E+02  0.00000E+00 -0.10000E+02  0.00000E+00 -0.10008E+02 -0.41533E+01  0.00000E+00 -0.41533E+01  0.00000E+00 -0.41864E+01 -0.11547E+02  0.00000E+00 -0.11544E+02  0.00000E+00  0.00000E+00  0.19757E+02  0.00000E+00  0.00000E+00     30  0.00000E+00      0.000
       0.4353 -0.10000E+02  0.00000E+00 -0.10000E+02  0.00000E+00 -0.10006E+02 -0.43533E+01  0.00000E+00 -0.43533E+01  0.00000E+00 -0.43865E+01 -0.11547E+02  0.00000E+00 -0.11544E+02  0.00000E+00  0.00000E+00  0.19757E+02  0.00000E+00  0.00000E+00     31  0.00000E+00      0.000
       0.4553 -0.10000E+02  0.00000E+00 -0.10000E+02  0.00000E+00 -0.10004E+02 -0.45533E+01  0.00000E+00 -0.45533E+01  0.00000E+00 -0.45866E+01 -0.11547E+02  0.00000E+00 -0.11545E+02  0.00000E+00  0.00000E+00  0.19757E+02  0.00000E+00  0.00000E+00     32  0.00000E+00      0.000
       0.4753 -0.10000E+02  0.00000E+00 -0.10000E+02  0.00000E+00 -0.10003E+02 -0.47533E+01  0.00000E+00 -0.47533E+01  0.00000E+00 -0.47867E+01 -0.11547E+02  0.00000E+00 -0.11545E+02  0.00000E+00  0.00000E+00  0.19757E+02  0.00000E+00  0.00000E+00     33  0.00000E+00      0.000
       0.4877 -0.10000E+02  0.00000E+00 -0.10000E+02  0.00000E+00 -0.10003E+02 -0.48766E+01  0.00000E+00 -0.48766E+01  0.00000E+00 -0.49101E+01 -0.11547E+02  0.00000E+00 -0.11546E+02  0.10490E-04  0.12942E-06  0.19757E+02  0.00000E+00  0.00000E+00     34  0.00000E+00      0.000
       0.5000 -0.10000E+02  0.00000E+00 -0.10000E+02  0.00000E+00 -0.10002E+02 -0.50000E+01  0.00000E+00 -0.50000E+01  0.00000E+00 -0.50335E+01 -0.11547E+02  0.00000E+00 -0.11546E+02  0.00000E+00  0.12942E-06  0.19757E+02  0.00000E+00  0.00000E+00     35  0.00000E+00      0.000
       0.5200 -0.10000E+02  0.00000E+00 -0.10000E+02  0.00000E+00 -0.10002E+02 -0.52000E+01  0.00000E+00 -0.52000E+01  0.00000E+00 -0.52335E+01 -0.11547E+02  0.00000E+00 -0.11546E+02  0.00000E+00  0.12942E-06  0.19757E+02  0.00000E+00  0.00000E+00     36  0.00000E+00      0.000
       0.5400 -0.10000E+02  0.00000E+00 -0.10000E+02  0.00000E+00 -0.10001E+02 -0.54000E+01  0.00000E+00 -0.54000E+01  0.00000E+00 -0.54336E+01 -0.11547E+02  0.00000E+00 -0.11546E+02  0.00000E+00  0.12942E-06  0.19757E+02  0.00000E+00  0.00000E+00     37  0.00000E+00      0.000
       0.5600 -0.10000E+02  0.00000E+00 -0.10000E+02  0.00000E+00 -0.10001E+02 -0.56000E+01  0.00000E+00 -0.56000E+01  0.00000E+00 -0.56336E+01 -0.11547E+02  0.00000E+00 -0.11546E+02  0.00000E+00  0.12942E-06  0.19757E+02  0.00000E+00  0.00000E+00     38  0.00000E+00      0.000
       0.5800 -0.10000E+02  0.00000E+00 -0.10000E+02  0.00000E+00 -0.10001E+02 -0.58000E+01  0.00000E+00 -0.58000E+01  0.00000E+00 -0.58336E+01 -0.11547E+02  0.00000E+00 -0.11547E+02  0.00000E+00  0.12942E-06  0.19757E+02  0.00000E+00  0.00000E+00     39  0.00000E+00      0.000
       0.6000 -0.10000E+02  0.00000E+00 -0.10000E+02  0.00000E+00 -0.10000E+02 -0.60000E+01  0.00000E+00 -0.60000E+01  0.00000E+00 -0.60336E+01 -0.11547E+02  0.00000E+00 -0.11547E+02  0.00000E+00  0.12942E-06  0.19757E+02  0.00000E+00  0.00000E+00     40  0.00000E+00      0.000
       0.6200 -0.10000E+02  0.00000E+00 -0.10000E+02  0.00000E+00 -0.10000E+02 -0.62000E+01  0.00000E+00 -0.62000E+01  0.00000E+00 -0.62336E+01 -0.11547E+02  0.00000E+00 -0.11547E+02  0.00000E+00  0.12942E-06  0.19757E+02  0.00000E+00  0.00000E+00     41  0.00000E+00      0.000
       0.6400 -0.10000E+02  0.00000E+00 -0.10000E+02  0.00000E+00 -0.10000E+02 -0.64000E+01  0.00000E+00 -0.64000E+01  0.00000E+00 -0.64336E+01 -0.11547E+02  0.00000E+00 -0.11547E+02  0.00000E+00  0.12942E-06  0.19757E+02  0.00000E+00  0.00000E+00     42  0.00000E+00      0.000
       0.6600 -0.10000E+02  0.00000E+00 -0.10000E+02  0.00000E+00 -0.10000E+02 -0.66000E+01  0.00000E+00 -0.66000E+01  0.00000E+00 -0.66336E+01 -0.11547E+02  0.00000E+00 -0.11547E+02  0.00000E+00  0.12942E-06  0.19757E+02  0.00000E+00  0.00000E+00     43  0.00000E+00      0.000
       0.6800 -0.10000E+02  0.00000E+00 -0.10000E+02  0.00000E+00 -0.10000E+02 -0.68000E+01  0.00000E+00 -0.68000E+01  0.00000E+00 -0.68336E+01 -0.11547E+02  0.00000E+00 -0.11547E+02  0.00000E+00  0.12942E-06  0.19757E+02  0.00000E+00  0.00000E+00     44  0.00000E+00      0.000
       0.7000 -0.10000E+02  0.00000E+00 -0.10000E+02  0.00000E+00 -0.10000E+02 -0.70000E+01  0.00000E+00 -0.70000E+01  0.00000E+00 -0.70336E+01 -0.11547E+02  0.00000E+00 -0.11547E+02  0.00000E+00  0.12942E-06  0.19757E+02  0.00000E+00  0.00000E+00     45  0.00000E+00      0.000
       0.7200 -0.10000E+02  0.00000E+00 -0.10000E+02  0.00000E+00 -0.10000E+02 -0.72000E+01  0.00000E+00 -0.72000E+01  0.00000E+00 -0.72336E+01 -0.11547E+02  0.00000E+00 -0.11547E+02  0.00000E+00  0.12942E-06  0.19757E+02  0.00000E+00  0.00000E+00     46  0.00000E+00      0.000
       0.7400 -0.10000E+02  0.00000E+00 -0.10000E+02  0.00000E+00 -0.10000E+02 -0.74000E+01  0.00000E+00 -0.74000E+01  0.00000E+00 -0.74336E+01 -0.11547E+02  0.00000E+00 -0.11547E+02  0.00000E+00  0.12942E-06  0.19757E+02  0.00000E+00  0.00000E+00     47  0.00000E+00      0.000
       0.7600 -0.10000E+02  0.00000E+00 -0.10000E+02  0.00000E+00 -0.10000E+02 -0.76000E+01  0.00000E+00 -0.76000E+01  0.00000E+00 -0.76336E+01 -0.11547E+02  0.00000E+00 -0.11547E+02  0.00000E+00  0.12942E-06  0.19757E+02  0.00000E+00  0.00000E+00     48  0.00000E+00      0.000
       0.7800 -0.10000E+02  0.00000E+00 -0.10000E+02  0.00000E+00 -0.10000E+02 -0.78000E+01  0.00000E+00 -0.78000E+01  0.00000E+00 -0.78336E+01 -0.11547E+02  0.00000E+00 -0.11547E+02  0.00000E+00  0.12942E-06  0.19757E+02  0.00000E+00  0.00000E+00     49  0.00000E+00      0.000
       0.8000 -0.10000E+02  0.00000E+00 -0.10000E+02  0.00000E+00 -0.10000E+02 -0.80000E+01  0.00000E+00 -0.80000E+01  0.00000E+00 -0.80336E+01 -0.11547E+02  0.00000E+00 -0.11547E+02  0.00000E+00  0.12942E-06  0.19757E+02  0.00000E+00  0.00000E+00     50  0.00000E+00      0.000
       0.8200 -0.10000E+02  0.00000E+00 -0.10000E+02  0.00000E+00 -0.10000E+02 -0.82000E+01  0.00000E+00 -0.82000E+01  0.00000E+00 -0.82336E+01 -0.11547E+02  0.00000E+00 -0.11547E+02  0.00000E+00  0.12942E-06  0.19757E+02  0.00000E+00  0.00000E+00     51  0.00000E+00      0.000
       0.8400 -0.10000E+02  0.00000E+00 -0.10000E+02  0.00000E+00 -0.10000E+02 -0.84000E+01  0.00000E+00 -0.84000E+01  0.00000E+00 -0.84336E+01 -0.11547E+02  0.00000E+00 -0.11547E+02  0.00000E+00  0.12942E-06  0.19757E+02  0.00000E+00  0.00000E+00     52  0.00000E+00      0.000
       0.8600 -0.10000E+02  0.00000E+00 -0.10000E+02  0.00000E+00 -0.10000E+02 -0.86000E+01  0.00000E+00 -0.86000E+01  0.00000E+00 -0.86336E+01 -0.11547E+02  0.00000E+00 -0.11547E+02  0.00000E+00  0.12942E-06  0.19757E+02  0.00000E+00  0.00000E+00     53  0.00000E+00      0.000
       0.8800 -0.10000E+02  0.00000E+00 -0.10000E+02  0.00000E+00 -0.10000E+02 -0.88000E+01  0.00000E+00 -0.88000E+01  0.00000E+00 -0.88336E+01 -0.11547E+02  0.00000E+00 -0.11547E+02  0.00000E+00  0.12942E-06  0.19757E+02  0.00000E+00  0.00000E+00     54  0.00000E+00      0.000
       0.9000 -0.10000E+02  0.00000E+00 -0.10000E+02  0.00000E+00 -0.10000E+02 -0.90000E+01  0.00000E+00 -0.90000E+01  0.00000E+00 -0.90336E+01 -0.11547E+02  0.00000E+00 -0.11547E+02  0.00000E+00  0.12942E-06  0.19757E+02  0.00000E+00  0.00000E+00     55  0.00000E+00      0.000
       0.9200 -0.10000E+02  0.00000E+00 -0.10000E+02  0.00000E+00 -0.10000E+02 -0.92000E+01  0.00000E+00 -0.92000E+01  0.00000E+00 -0.92336E+01 -0.11547E+02  0.00000E+00 -0.11547E+02  0.00000E+00  0.12942E-06  0.19757E+02  0.00000E+00  0.00000E+00     56  0.00000E+00      0.000
       0.9400 -0.10000E+02  0.00000E+00 -0.10000E+02  0.00000E+00 -0.10000E+02 -0.94000E+01  0.00000E+00 -0.94000E+01  0.00000E+00 -0.94336E+01 -0.11547E+02  0.00000E+00 -0.11547E+02  0.00000E+00  0.12942E-06  0.19757E+02  0.00000E+00  0.00000E+00     57  0.00000E+00      0.000
       0.9600 -0.10000E+02  0.00000E+00 -0.10000E+02  0.00000E+00 -0.10000E+02 -0.96000E+01  0.00000E+00 -0.96000E+01  0.00000E+00 -0.96336E+01 -0.11547E+02  0.00000E+00 -0.11547E+02  0.00000E+00  0.12942E-06  0.19757E+02  0.00000E+00  0.00000E+00     58  0.00000E+00      0.000
       0.9800 -0.10000E+02  0.00000E+00 -0.10000E+02  0.00000E+00 -0.10000E+02 -0.98000E+01  0.00000E+00 -0.98000E+01  0.00000E+00 -0.98336E+01 -0.11547E+02  0.00000E+00 -0.11547E+02  0.00000E+00  0.12942E-06  0.19757E+02  0.00000E+00  0.00000E+00     59  0.00000E+00      0.000
       1.0000 -0.10000E+02  0.00000E+00 -0.10000E+02  0.00000E+00 -0.10000E+02 -0.10000E+02  0.00000E+00 -0.10000E+02  0.00000E+00 -0.10034E+02 -0.11547E+02  0.00000E+00 -0.11547E+02  0.00000E+00  0.12942E-06  0.19757E+02  0.00000E+00  0.00000E+00     60  0.00000E+00      0.000
       1.0200 -0.10000E+02  0.00000E+00 -0.10000E+02  0.00000E+00 -0.10000E+02 -0.10200E+02  0.00000E+00 -0.10200E+02  0.00000E+00 -0.10234E+02 -0.11547E+02  0.00000E+00 -0.11547E+02  0.00000E+00  0.12942E-06  0.19757E+02  0.00000E+00  0.00000E+00     61  0.00000E+00      0.000
       1.0400 -0.10000E+02  0.00000E+00 -0.10000E+02  0.00000E+00 -0.10000E+02 -0.10400E+02  0.00000E+00 -0.10400E+02  0.00000E+00 -0.10434E+02 -0.11547E+02  0.00000E+00 -0.11547E+02  0.00000E+00  0.12942E-06  0.19757E+02  0.00000E+00  0.00000E+00     62  0.00000E+00      0.000
       1.0600 -0.10000E+02  0.00000E+00 -0.10000E+02  0.00000E+00 -0.10000E+02 -0.10600E+02  0.00000E+00 -0.10600E+02  0.00000E+00 -0.10634E+02 -0.11547E+02  0.00000E+00 -0.11547E+02  0.00000E+00  0.12942E-06  0.19757E+02  0.00000E+00  0.00000E+00     63  0.00000E+00      0.000
       1.0800 -0.10000E+02  0.00000E+00 -0.10000E+02  0.00000E+00 -0.10000E+02 -0.10800E+02  0.00000E+00 -0.10800E+02  0.00000E+00 -0.10834E+02 -0.11547E+02  0.00000E+00 -0.11547E+02  0.00000E+00  0.12942E-06  0.19757E+02  0.00000E+00  0.00000E+00     64  0.00000E+00      0.000
       1.1000 -0.10000E+02  0.00000E+00 -0.10000E+02  0.00000E+00 -0.10000E+02 -0.11000E+02  0.00000E+00 -0.11000E+02  0.00000E+00 -0.11034E+02 -0.11547E+02  0.00000E+00 -0.11547E+02  0.00000E+00  0.12942E-06  0.19757E+02  0.00000E+00  0.00000E+00     65  0.00000E+00      0.000
       1.1200 -0.10000E+02  0.00000E+00 -0.10000E+02  0.00000E+00 -0.10000E+02 -0.11200E+02  0.00000E+00 -0.11200E+02  0.00000E+00 -0.11234E+02 -0.11547E+02  0.00000E+00 -0.11547E+02  0.00000E+00  0.12942E-06  0.19757E+02  0.00000E+00  0.00000E+00     66  0.00000E+00      0.000
       1.1400 -0.10000E+02  0.00000E+00 -0.10000E+02  0.00000E+00 -0.10000E+02 -0.11400E+02  0.00000E+00 -0.11400E+02  0.00000E+00 -0.11434E+02 -0.11547E+02  0.00000E+00 -0.11547E+02  0.00000E+00  0.12942E-06  0.19757E+02  0.00000E+00  0.00000E+00     67  0.00000E+00      0.000
       1.1600 -0.10000E+02  0.00000E+00 -0.10000E+02  0.00000E+00 -0.10000E+02 -0.11600E+02  0.00000E+00 -0.11600E+02  0.00000E+00 -0.11634E+02 -0.11547E+02  0.00000E+00 -0.11547E+02  0.00000E+00  0.12942E-06  0.19757E+02  0.00000E+00  0.00000E+00     68  0.00000E+00      0.000
       1.1800 -0.10000E+02  0.00000E+00 -0.10000E+02  0.00000E+00 -0.10000E+02 -0.11800E+02  0.00000E+00 -0.11800E+02  0.00000E+00 -0.11834E+02 -0.11547E+02  0.00000E+00 -0.11547E+02  0.00000E+00  0.12942E-06  0.19757E+02  0.00000E+00  0.00000E+00     69  0.00000E+00      0.000
       1.2000 -0.10000E+02  0.00000E+00 -0.10000E+02  0.00000E+00 -0.10000E+02 -0.12000E+02  0.00000E+00 -0.12000E+02  0.00000E+00 -0.12034E+02 -0.11547E+02  0.00000E+00 -0.11547E+02  0.00000E+00  0.12942E-06  0.19757E+02  0.00000E+00  0.00000E+00     70  0.00000E+00      0.000
       1.2200 -0.10000E+02  0.00000E+00 -0.10000E+02  0.00000E+00 -0.10000E+02 -0.12200E+02  0.00000E+00 -0.12200E+02  0.00000E+00 -0.12234E+02 -0.11547E+02  0.00000E+00 -0.11547E+02  0.00000E+00  0.12942E-06  0.19757E+02  0.00000E+00  0.00000E+00     71  0.00000E+00      0.000
       1.2400 -0.10000E+02  0.00000E+00 -0.10000E+02  0.00000E+00 -0.10000E+02 -0.12400E+02  0.00000E+00 -0.12400E+02  0.00000E+00 -0.12434E+02 -0.11547E+02  0.00000E+00 -0.11547E+02  0.00000E+00  0.12942E-06  0.19757E+02  0.00000E+00  0.00000E+00     72  0.00000E+00      0.000
       1.2600 -0.10000E+02  0.00000E+00 -0.10000E+02  0.00000E+00 -0.10000E+02 -0.12600E+02  0.00000E+00 -0.12600E+02  0.00000E+00 -0.12634E+02 -0.11547E+02  0.00000E+00 -0.11547E+02  0.00000E+00  0.12942E-06  0.19757E+02  0.00000E+00  0.00000E+00     73  0.00000E+00      0.000
       1.2800 -0.10000E+02  0.00000E+00 -0.10000E+02  0.00000E+00 -0.10000E+02 -0.12800E+02  0.00000E+00 -0.12800E+02  0.00000E+00 -0.12834E+02 -0.11547E+02  0.00000E+00 -0.11547E+02  0.10490E-04  0.33922E-06  0.19757E+02  0.00000E+00  0.00000E+00     74  0.00000E+00      0.000
       1.3000 -0.10000E+02  0.00000E+00 -0.10000E+02  0.00000E+00 -0.10000E+02 -0.13000E+02  0.00000E+00 -0.13000E+02  0.00000E+00 -0.13034E+02 -0.11547E+02  0.00000E+00 -0.11547E+02  0.00000E+00  0.33922E-06  0.19757E+02  0.00000E+00  0.00000E+00     75  0.00000E+00      0.000
       1.3200 -0.10000E+02  0.00000E+00 -0.10000E+02  0.00000E+00 -0.10000E+02 -0.13200E+02  0.00000E+00 -0.13200E+02  0.00000E+00 -0.13234E+02 -0.11547E+02  0.00000E+00 -0.11547E+02  0.00000E+00  0.33922E-06  0.19757E+02  0.00000E+00  0.00000E+00     76  0.00000E+00      0.000
       1.3400 -0.10000E+02  0.00000E+00 -0.10000E+02  0.00000E+00 -0.10000E+02 -0.13400E+02  0.00000E+00 -0.13400E+02  0.00000E+00 -0.13434E+02 -0.11547E+02  0.00000E+00 -0.11547E+02  0.00000E+00  0.33922E-06  0.19757E+02  0.00000E+00  0.00000E+00     77  0.00000E+00      0.000
       1.3600 -0.10000E+02  0.00000E+00 -0.10000E+02  0.00000E+00 -0.10000E+02 -0.13600E+02  0.00000E+00 -0.13600E+02  0.00000E+00 -0.13634E+02 -0.11547E+02  0.00000E+00 -0.11547E+02  0.00000E+00  0.33922E-06  0.19757E+02  0.00000E+00  0.00000E+00     78  0.00000E+00      0.000
       1.3800 -0.10000E+02  0.00000E+00 -0.10000E+02  0.00000E+00 -0.10000E+02 -0.13800E+02  0.00000E+00 -0.13800E+02  0.00000E+00 -0.13834E+02 -0.11547E+02  0.00000E+00 -0.11547E+02  0.00000E+00  0.33922E-06  0.19757E+02  0.00000E+00  0.00000E+00     79  0.00000E+00      0.000
       1.4000 -0.10000E+02  0.00000E+00 -0.10000E+02  0.00000E+00 -0.10000E+02 -0.14000E+02  0.00000E+00 -0.14000E+02  0.00000E+00 -0.14034E+02 -0.11547E+02  0.00000E+00 -0.11547E+02  0.00000E+00  0.33922E-06  0.19757E+02  0.00000E+00  0.00000E+00     80  0.00000E+00      0.000
       1.4200 -0.10000E+02  0.00000E+00 -0.10000E+02  0.00000E+00 -0.10000E+02 -0.14200E+02  0.00000E+00 -0.14200E+02  0.00000E+00 -0.14234E+02 -0.11547E+02  0.00000E+00 -0.11547E+02  0.00000E+00  0.33922E-06  0.19757E+02  0.00000E+00  0.00000E+00     81  0.00000E+00      0.000
       1.4400 -0.10000E+02  0.00000E+00 -0.10000E+02  0.00000E+00 -0.10000E+02 -0.14400E+02  0.00000E+00 -0.14400E+02  0.00000E+00 -0.14434E+02 -0.11547E+02  0.00000E+00 -0.11547E+02  0.00000E+00  0.33922E-06  0.19757E+02  0.00000E+00  0.00000E+00     82  0.00000E+00      0.000
       1.4600 -0.10000E+02  0.00000E+00 -0.10000E+02  0.00000E+00 -0.10000E+02 -0.14600E+02  0.00000E+00 -0.14600E+02  0.00000E+00 -0.14634E+02 -0.11547E+02  0.00000E+00 -0.11547E+02  0.00000E+00  0.33922E-06  0.19757E+02  0.00000E+00  0.00000E+00     83  0.00000E+00      0.000
       1.4800 -0.10000E+02  0.00000E+00 -0.10000E+02  0.00000E+00 -0.10000E+02 -0.14800E+02  0.00000E+00 -0.14800E+02  0.00000E+00 -0.14834E+02 -0.11547E+02  0.00000E+00 -0.11547E+02  0.00000E+00  0.33922E-06  0.19757E+02  0.00000E+00  0.00000E+00     84  0.00000E+00      0.000
       1.5000 -0.10000E+02  0.00000E+00 -0.10000E+02  0.00000E+00 -0.10000E+02 -0.15000E+02  0.00000E+00 -0.15000E+02  0.00000E+00 -0.15034E+02 -0.11547E+02  0.00000E+00 -0.11547E+02  0.00000E+00  0.33922E-06  0.19757E+02  0.00000E+00  0.00000E+00     85  0.00000E+00      0.000
       1.5200 -0.10000E+02  0.00000E+00 -0.10000E+02  0.00000E+00 -0.10000E+02 -0.15200E+02  0.00000E+00 -0.15200E+02  0.00000E+00 -0.15234E+02 -0.11547E+02  0.00000E+00 -0.11547E+02  0.00000E+00  0.33922E-06  0.19757E+02  0.00000E+00  0.00000E+00     86  0.00000E+00      0.000
       1.5400 -0.10000E+02  0.00000E+00 -0.10000E+02  0.00000E+00 -0.10000E+02 -0.15400E+02  0.00000E+00 -0.15400E+02  0.00000E+00 -0.15434E+02 -0.11547E+02  0.00000E+00 -0.11547E+02  0.00000E+00  0.33922E-06  0.19757E+02  0.00000E+00  0.00000E+00     87  0.00000E+00      0.000
       1.5600 -0.10000E+02  0.00000E+00 -0.10000E+02  0.00000E+00 -0.10000E+02 -0.15600E+02  0.00000E+00 -0.15600E+02  0.00000E+00 -0.15634E+02 -0.11547E+02  0.00000E+00 -0.11547E+02  0.00000E+00  0.33922E-06  0.19757E+02  0.00000E+00  0.00000E+00     88  0.00000E+00      0.000
       1.5800 -0.10000E+02  0.00000E+00 -0.10000E+02  0.00000E+00 -0.10000E+02 -0.15800E+02  0.00000E+00 -0.15800E+02  0.00000E+00 -0.15834E+02 -0.11547E+02  0.00000E+00 -0.11547E+02  0.00000E+00  0.33922E-06  0.19757E+02  0.00000E+00  0.00000E+00     89  0.00000E+00      0.000
       1.6000 -0.10000E+02  0.00000E+00 -0.10000E+02  0.00000E+00 -0.10000E+02 -0.16000E+02  0.00000E+00 -0.16000E+02  0.00000E+00 -0.16034E+02 -0.11547E+02  0.00000E+00 -0.11547E+02  0.00000E+00  0.33922E-06  0.19757E+02  0.00000E+00  0.00000E+00     90  0.00000E+00      0.000
       1.6200 -0.10000E+02  0.00000E+00 -0.10000E+02  0.00000E+00 -0.10000E+02 -0.16200E+02  0.00000E+00 -0.16200E+02  0.00000E+00 -0.16234E+02 -0.11547E+02  0.00000E+00 -0.11547E+02  0.00000E+00  0.33922E-06  0.19757E+02  0.00000E+00  0.00000E+00     91  0.00000E+00      0.000
       1.6400 -0.10000E+02  0.00000E+00 -0.10000E+02  0.00000E+00 -0.10000E+02 -0.16400E+02  0.00000E+00 -0.16400E+02  0.00000E+00 -0.16434E+02 -0.11547E+02  0.00000E+00 -0.11547E+02  0.00000E+00  0.33922E-06  0.19757E+02  0.00000E+00  0.00000E+00     92  0.00000E+00      0.000
       1.6600 -0.10000E+02  0.00000E+00 -0.10000E+02  0.00000E+00 -0.10000E+02 -0.16600E+02  0.00000E+00 -0.16600E+02  0.00000E+00 -0.16634E+02 -0.11547E+02  0.00000E+00 -0.11547E+02  0.00000E+00  0.33922E-06  0.19757E+02  0.00000E+00  0.00000E+00     93  0.00000E+00      0.000
       1.6800 -0.10000E+02  0.00000E+00 -0.10000E+02  0.00000E+00 -0.10000E+02 -0.16800E+02  0.00000E+00 -0.16800E+02  0.00000E+00 -0.16834E+02 -0.11547E+02  0.00000E+00 -0.11547E+02  0.00000E+00  0.33922E-06  0.19757E+02  0.00000E+00  0.00000E+00     94  0.00000E+00      0.000
       1.7000 -0.10000E+02  0.00000E+00 -0.10000E+02  0.00000E+00 -0.10000E+02 -0.17000E+02  0.00000E+00 -0.17000E+02  0.00000E+00 -0.17034E+02 -0.11547E+02  0.00000E+00 -0.11547E+02  0.00000E+00  0.33922E-06  0.19757E+02  0.00000E+00  0.00000E+00     95  0.00000E+00      0.000
       1.7200 -0.10000E+02  0.00000E+00 -0.10000E+02  0.00000E+00 -0.10000E+02 -0.17200E+02  0.00000E+00 -0.17200E+02  0.00000E+00 -0.17234E+02 -0.11547E+02  0.00000E+00 -0.11547E+02  0.00000E+00  0.33922E-06  0.19757E+02  0.00000E+00  0.00000E+00     96  0.00000E+00      0.000
       1.7400 -0.10000E+02  0.00000E+00 -0.10000E+02  0.00000E+00 -0.10000E+02 -0.17400E+02  0.00000E+00 -0.17400E+02  0.00000E+00 -0.17434E+02 -0.11547E+02  0.00000E+00 -0.11547E+02  0.00000E+00  0.33922E-06  0.19757E+02  0.00000E+00  0.00000E+00     97  0.00000E+00      0.000
       1.7600 -0.10000E+02  0.00000E+00 -0.10000E+02  0.00000E+00 -0.10000E+02 -0.17600E+02  0.00000E+00 -0.17600E+02  0.00000E+00 -0.17634E+02 -0.11547E+02  0.00000E+00 -0.11547E+02  0.00000E+00  0.33922E-06  0.19757E+02  0.00000E+00  0.00000E+00     98  0.00000E+00      0.000
       1.7800 -0.10000E+02  0.00000E+00 -0.10000E+02  0.00000E+00 -0.10000E+02 -0.17800E+02  0.00000E+00 -0.17800E+02  0.00000E+00 -0.17834E+02 -0.11547E+02  0.00000E+00 -0.11547E+02  0.00000E+00  0.33922E-06  0.19757E+02  0.00000E+00  0.00000E+00     99  0.00000E+00      0.000
       1.8000 -0.10000E+02  0.00000E+00 -0.10000E+02  0.00000E+00 -0.10000E+02 -0.18000E+02  0.00000E+00 -0.18000E+02  0.00000E+00 -0.18034E+02 -0.11547E+02  0.00000E+00 -0.11547E+02  0.00000E+00  0.33922E-06  0.19757E+02  0.00000E+00  0.00000E+00    100  0.00000E+00      0.000
       1.8200 -0.10000E+02  0.00000E+00 -0.10000E+02  0.00000E+00 -0.10000E+02 -0.18200E+02  0.00000E+00 -0.18200E+02  0.00000E+00 -0.18234E+02 -0.11547E+02  0.00000E+00 -0.11547E+02  0.00000E+00  0.33922E-06  0.19757E+02  0.00000E+00  0.00000E+00    101  0.00000E+00      0.000
       1.8400 -0.10000E+02  0.00000E+00 -0.10000E+02  0.00000E+00 -0.10000E+02 -0.18400E+02  0.00000E+00 -0.18400E+02  0.00000E+00 -0.18434E+02 -0.11547E+02  0.00000E+00 -0.11547E+02  0.00000E+00  0.33922E-06  0.19757E+02  0.00000E+00  0.00000E+00    102  0.00000E+00      0.000
       1.8600 -0.10000E+02  0.00000E+00 -0.10000E+02  0.00000E+00 -0.10000E+02 -0.18600E+02  0.00000E+00 -0.18600E+02  0.00000E+00 -0.18634E+02 -0.11547E+02  0.00000E+00 -0.11547E+02  0.00000E+00  0.33922E-06  0.19757E+02  0.00000E+00  0.00000E+00    103  0.00000E+00      0.000
       1.8800 -0.10000E+02  0.00000E+00 -0.10000E+02  0.00000E+00 -0.10000E+02 -0.18800E+02  0.00000E+00 -0.18800E+02  0.00000E+00 -0.18834E+02 -0.11547E+02  0.00000E+00 -0.11547E+02  0.00000E+00  0.33922E-06  0.19757E+02  0.00000E+00  0.00000E+00    104  0.00000E+00      0.000
       1.9000 -0.10000E+02  0.00000E+00 -0.10000E+02  0.00000E+00 -0.10000E+02 -0.19000E+02  0.00000E+00 -0.19000E+02  0.00000E+00 -0.19034E+02 -0.11547E+02  0.00000E+00 -0.11547E+02  0.00000E+00  0.33922E-06  0.19757E+02  0.00000E+00  0.00000E+00    105  0.00000E+00      0.000
       1.9200 -0.10000E+02  0.00000E+00 -0.10000E+02  0.00000E+00 -0.10000E+02 -0.19200E+02  0.00000E+00 -0.19200E+02  0.00000E+00 -0.19234E+02 -0.11547E+02  0.00000E+00 -0.11547E+02  0.00000E+00  0.33922E-06  0.19757E+02  0.00000E+00  0.00000E+00    106  0.00000E+00      0.000
       1.9400 -0.10000E+02  0.00000E+00 -0.10000E+02  0.00000E+00 -0.10000E+02 -0.19400E+02  0.00000E+00 -0.19400E+02  0.00000E+00 -0.19434E+02 -0.11547E+02  0.00000E+00 -0.11547E+02  0.00000E+00  0.33922E-06  0.19757E+02  0.00000E+00  0.00000E+00    107  0.00000E+00      0.000
       1.9600 -0.10000E+02  0.00000E+00 -0.10000E+02  0.00000E+00 -0.10000E+02 -0.19600E+02  0.00000E+00 -0.19600E+02  0.00000E+00 -0.19634E+02 -0.11547E+02  0.00000E+00 -0.11547E+02  0.00000E+00  0.33922E-06  0.19757E+02  0.00000E+00  0.00000E+00    108  0.00000E+00      0.000
       1.9800 -0.10000E+02  0.00000E+00 -0.10000E+02  0.00000E+00 -0.10000E+02 -0.19800E+02  0.00000E+00 -0.19800E+02  0.00000E+00 -0.19834E+02 -0.11547E+02  0.00000E+00 -0.11547E+02  0.00000E+00  0.33922E-06  0.19757E+02  0.00000E+00  0.00000E+00    109  0.00000E+00      0.000
       2.0000 -0.10000E+02  0.00000E+00 -0.10000E+02  0.00000E+00 -0.10000E+02 -0.20000E+02  0.00000E+00 -0.20000E+02  0.00000E+00 -0.20034E+02 -0.11547E+02  0.00000E+00 -0.11547E+02  0.00000E+00  0.33922E-06  0.19757E+02  0.00000E+00  0.00000E+00    110  0.00000E+00      0.000
       2.0200 -0.10000E+02  0.00000E+00 -0.10000E+02  0.00000E+00 -0.10000E+02 -0.20200E+02  0.00000E+00 -0.20200E+02  0.00000E+00 -0.20234E+02 -0.11547E+02  0.00000E+00 -0.11547E+02  0.00000E+00  0.33922E-06  0.19757E+02  0.00000E+00  0.00000E+00    111  0.00000E+00      0.000
       2.0400 -0.10000E+02  0.00000E+00 -0.10000E+02  0.00000E+00 -0.10000E+02 -0.20400E+02  0.00000E+00 -0.20400E+02  0.00000E+00 -0.20434E+02 -0.11547E+02  0.00000E+00 -0.11547E+02  0.00000E+00  0.33922E-06  0.19757E+02  0.00000E+00  0.00000E+00    112  0.00000E+00      0.000
       2.0600 -0.10000E+02  0.00000E+00 -0.10000E+02  0.00000E+00 -0.10000E+02 -0.20600E+02  0.00000E+00 -0.20600E+02  0.00000E+00 -0.20634E+02 -0.11547E+02  0.00000E+00 -0.11547E+02  0.00000E+00  0.33922E-06  0.19757E+02  0.00000E+00  0.00000E+00    113  0.00000E+00      0.000
       2.0800 -0.10000E+02  0.00000E+00 -0.10000E+02  0.00000E+00 -0.10000E+02 -0.20800E+02  0.00000E+00 -0.20800E+02  0.00000E+00 -0.20834E+02 -0.11547E+02  0.00000E+00 -0.11547E+02  0.00000E+00  0.33922E-06  0.19757E+02  0.00000E+00  0.00000E+00    114  0.00000E+00      0.000
       2.1000 -0.10000E+02  0.00000E+00 -0.10000E+02  0.00000E+00 -0.10000E+02 -0.21000E+02  0.00000E+00 -0.21000E+02  0.00000E+00 -0.21034E+02 -0.11547E+02  0.00000E+00 -0.11547E+02  0.00000E+00  0.33922E-06  0.19757E+02  0.00000E+00  0.00000E+00    115  0.00000E+00      0.000
       2.1200 -0.10000E+02  0.00000E+00 -0.10000E+02  0.00000E+00 -0.10000E+02 -0.21200E+02  0.00000E+00 -0.21200E+02  0.00000E+00 -0.21234E+02 -0.11547E+02  0.00000E+00 -0.11547E+02  0.00000E+00  0.33922E-06  0.19757E+02  0.00000E+00  0.00000E+00    116  0.00000E+00      0.000
       2.1400 -0.10000E+02  0.00000E+00 -0.10000E+02  0.00000E+00 -0.10000E+02 -0.21400E+02  0.00000E+00 -0.21400E+02  0.00000E+00 -0.21434E+02 -0.11547E+02  0.00000E+00 -0.11547E+02  0.00000E+00  0.33922E-06  0.19757E+02  0.00000E+00  0.00000E+00    117  0.00000E+00      0.000
       2.1600 -0.10000E+02  0.00000E+00 -0.10000E+02  0.00000E+00 -0.10000E+02 -0.21600E+02  0.00000E+00 -0.21600E+02  0.00000E+00 -0.21634E+02 -0.11547E+02  0.00000E+00 -0.11547E+02  0.00000E+00  0.33922E-06  0.19757E+02  0.00000E+00  0.00000E+00    118  0.00000E+00      0.000
       2.1800 -0.10000E+02  0.00000E+00 -0.10000E+02  0.00000E+00 -0.10000E+02 -0.21800E+02  0.00000E+00 -0.21800E+02  0.00000E+00 -0.21834E+02 -0.11547E+02  0.00000E+00 -0.11547E+02  0.00000E+00  0.33922E-06  0.19757E+02  0.00000E+00  0.00000E+00    119  0.00000E+00      0.000
       2.2000 -0.10000E+02  0.00000E+00 -0.10000E+02  0.00000E+00 -0.10000E+02 -0.22000E+02  0.00000E+00 -0.22000E+02  0.00000E+00 -0.22034E+02 -0.11547E+02  0.00000E+00 -0.11547E+02  0.00000E+00  0.33922E-06  0.19757E+02  0.00000E+00  0.00000E+00    120  0.00000E+00      0.000
       2.2200 -0.10000E+02  0.00000E+00 -0.10000E+02  0.00000E+00 -0.10000E+02 -0.22200E+02  0.00000E+00 -0.22200E+02  0.00000E+00 -0.22234E+02 -0.11547E+02  0.00000E+00 -0.11547E+02  0.00000E+00  0.33922E-06  0.19757E+02  0.00000E+00  0.00000E+00    121  0.00000E+00      0.000
       2.2400 -0.10000E+02  0.00000E+00 -0.10000E+02  0.00000E+00 -0.10000E+02 -0.22400E+02  0.00000E+00 -0.22400E+02  0.00000E+00 -0.22434E+02 -0.11547E+02  0.00000E+00 -0.11547E+02  0.00000E+00  0.33922E-06  0.19757E+02  0.00000E+00  0.00000E+00    122  0.00000E+00      0.000
       2.2600 -0.10000E+02  0.00000E+00 -0.10000E+02  0.00000E+00 -0.10000E+02 -0.22600E+02  0.00000E+00 -0.22600E+02  0.00000E+00 -0.22634E+02 -0.11547E+02  0.00000E+00 -0.11547E+02  0.00000E+00  0.33922E-06  0.19757E+02  0.00000E+00  0.00000E+00    123  0.00000E+00      0.000
       2.2800 -0.10000E+02  0.00000E+00 -0.10000E+02  0.00000E+00 -0.10000E+02 -0.22800E+02  0.00000E+00 -0.22800E+02  0.00000E+00 -0.22834E+02 -0.11547E+02  0.00000E+00 -0.11547E+02  0.00000E+00  0.33922E-06  0.19757E+02  0.00000E+00  0.00000E+00    124  0.00000E+00      0.000
       2.3000 -0.10000E+02  0.00000E+00 -0.10000E+02  0.00000E+00 -0.10000E+02 -0.23000E+02  0.00000E+00 -0.23000E+02  0.00000E+00 -0.23034E+02 -0.11547E+02  0.00000E+00 -0.11547E+02  0.00000E+00  0.33922E-06  0.19757E+02  0.00000E+00  0.00000E+00    125  0.00000E+00      0.000
       2.3200 -0.10000E+02  0.00000E+00 -0.10000E+02  0.00000E+00 -0.10000E+02 -0.23200E+02  0.00000E+00 -0.23200E+02  0.00000E+00 -0.23234E+02 -0.11547E+02  0.00000E+00 -0.11547E+02  0.00000E+00  0.33922E-06  0.19757E+02  0.00000E+00  0.00000E+00    126  0.00000E+00      0.000
       2.3400 -0.10000E+02  0.00000E+00 -0.10000E+02  0.00000E+00 -0.10000E+02 -0.23400E+02  0.00000E+00 -0.23400E+02  0.00000E+00 -0.23434E+02 -0.11547E+02  0.00000E+00 -0.11547E+02  0.00000E+00  0.33922E-06  0.19757E+02  0.00000E+00  0.00000E+00    127  0.00000E+00      0.000
       2.3600 -0.10000E+02  0.00000E+00 -0.10000E+02  0.00000E+00 -0.10000E+02 -0.23600E+02  0.00000E+00 -0.23600E+02  0.00000E+00 -0.23634E+02 -0.11547E+02  0.00000E+00 -0.11547E+02  0.00000E+00  0.33922E-06  0.19757E+02  0.00000E+00  0.00000E+00    128  0.00000E+00      0.000
       2.3800 -0.10000E+02  0.00000E+00 -0.10000E+02  0.00000E+00 -0.10000E+02 -0.23800E+02  0.00000E+00 -0.23800E+02  0.00000E+00 -0.23834E+02 -0.11547E+02  0.00000E+00 -0.11547E+02  0.00000E+00  0.33922E-06  0.19757E+02  0.00000E+00  0.00000E+00    129  0.00000E+00      0.000
       2.4000 -0.10000E+02  0.00000E+00 -0.10000E+02  0.00000E+00 -0.10000E+02 -0.24000E+02  0.00000E+00 -0.24000E+02  0.00000E+00 -0.24034E+02 -0.11547E+02  0.00000E+00 -0.11547E+02  0.00000E+00  0.33922E-06  0.19757E+02  0.00000E+00  0.00000E+00    130  0.00000E+00      0.000
       2.4200 -0.10000E+02  0.00000E+00 -0.10000E+02  0.00000E+00 -0.10000E+02 -0.24200E+02  0.00000E+00 -0.24200E+02  0.00000E+00 -0.24234E+02 -0.11547E+02  0.00000E+00 -0.11547E+02  0.00000E+00  0.33922E-06  0.19757E+02  0.00000E+00  0.00000E+00    131  0.00000E+00      0.000
       2.4400 -0.10000E+02  0.00000E+00 -0.10000E+02  0.00000E+00 -0.10000E+02 -0.24400E+02  0.00000E+00 -0.24400E+02  0.00000E+00 -0.24434E+02 -0.11547E+02  0.00000E+00 -0.11547E+02  0.00000E+00  0.33922E-06  0.19757E+02  0.00000E+00  0.00000E+00    132  0.00000E+00      0.000
       2.4600 -0.10000E+02  0.00000E+00 -0.10000E+02  0.00000E+00 -0.10000E+02 -0.24600E+02  0.00000E+00 -0.24600E+02  0.00000E+00 -0.24634E+02 -0.11547E+02  0.00000E+00 -0.11547E+02  0.00000E+00  0.33922E-06  0.19757E+02  0.00000E+00  0.00000E+00    133  0.00000E+00      0.000
       2.4800 -0.10000E+02  0.00000E+00 -0.10000E+02  0.00000E+00 -0.10000E+02 -0.24800E+02  0.00000E+00 -0.24800E+02  0.00000E+00 -0.24834E+02 -0.11547E+02  0.00000E+00 -0.11547E+02  0.00000E+00  0.33922E-06  0.19757E+02  0.00000E+00  0.00000E+00    134  0.00000E+00      0.000
       2.5000 -0.10000E+02  0.00000E+00 -0.10000E+02  0.00000E+00 -0.10000E+02 -0.25000E+02  0.00000E+00 -0.25000E+02  0.00000E+00 -0.25034E+02 -0.11547E+02  0.00000E+00 -0.11547E+02  0.00000E+00  0.33922E-06  0.19757E+02  0.00000E+00  0.00000E+00    135  0.00000E+00      0.000
       2.5200 -0.10000E+02  0.00000E+00 -0.10000E+02  0.00000E+00 -0.10000E+02 -0.25200E+02  0.00000E+00 -0.25200E+02  0.00000E+00 -0.25234E+02 -0.11547E+02  0.00000E+00 -0.11547E+02  0.00000E+00  0.33922E-06  0.19757E+02  0.00000E+00  0.00000E+00    136  0.00000E+00      0.000
       2.5400 -0.10000E+02  0.00000E+00 -0.10000E+02  0.00000E+00 -0.10000E+02 -0.25400E+02  0.00000E+00 -0.25400E+02  0.00000E+00 -0.25434E+02 -0.11547E+02  0.00000E+00 -0.11547E+02  0.00000E+00  0.33922E-06  0.19757E+02  0.00000E+00  0.00000E+00    137  0.00000E+00      0.000
       2.5600 -0.10000E+02  0.00000E+00 -0.10000E+02  0.00000E+00 -0.99999E+01 -0.25600E+02  0.00000E+00 -0.25600E+02  0.00000E+00 -0.25634E+02 -0.11547E+02  0.00000E+00 -0.11547E+02  0.00000E+00  0.33922E-06  0.19757E+02  0.00000E+00  0.00000E+00    138  0.00000E+00      0.000
       2.5800 -0.10000E+02  0.00000E+00 -0.10000E+02  0.00000E+00 -0.10000E+02 -0.25800E+02  0.00000E+00 -0.25800E+02  0.00000E+00 -0.25834E+02 -0.11547E+02  0.00000E+00 -0.11547E+02  0.00000E+00  0.33922E-06  0.19757E+02  0.00000E+00  0.00000E+00    139  0.00000E+00      0.000
       2.6000 -0.10000E+02  0.00000E+00 -0.10000E+02  0.00000E+00 -0.99999E+01 -0.26000E+02  0.00000E+00 -0.26000E+02  0.00000E+00 -0.26034E+02 -0.11547E+02  0.00000E+00 -0.11547E+02  0.00000E+00  0.33922E-06  0.19757E+02  0.00000E+00  0.00000E+00    140  0.00000E+00      0.000
       2.6200 -0.10000E+02  0.00000E+00 -0.10000E+02  0.00000E+00 -0.10000E+02 -0.26200E+02  0.00000E+00 -0.26200E+02  0.00000E+00 -0.26234E+02 -0.11547E+02  0.00000E+00 -0.11547E+02  0.00000E+00  0.33922E-06  0.19757E+02  0.00000E+00  0.00000E+00    141  0.00000E+00      0.000
       2.6400 -0.10000E+02  0.00000E+00 -0.10000E+02  0.00000E+00 -0.10000E+02 -0.26400E+02  0.00000E+00 -0.26400E+02  0.00000E+00 -0.26434E+02 -0.11547E+02  0.00000E+00 -0.11547E+02  0.00000E+00  0.33922E-06  0.19757E+02  0.00000E+00  0.00000E+00    142  0.00000E+00      0.000
       2.6600 -0.10000E+02  0.00000E+00 -0.10000E+02  0.00000E+00 -0.99999E+01 -0.26600E+02  0.00000E+00 -0.26600E+02  0.00000E+00 -0.26634E+02 -0.11547E+02  0.00000E+00 -0.11547E+02  0.00000E+00  0.33922E-06  0.19757E+02  0.00000E+00  0.00000E+00    143  0.00000E+00      0.000
       2.6800 -0.10000E+02  0.00000E+00 -0.10000E+02  0.00000E+00 -0.10000E+02 -0.26800E+02  0.00000E+00 -0.26800E+02  0.00000E+00 -0.26834E+02 -0.11547E+02  0.00000E+00 -0.11547E+02  0.00000E+00  0.33922E-06  0.19757E+02  0.00000E+00  0.00000E+00    144  0.00000E+00      0.000
       2.7000 -0.10000E+02  0.00000E+00 -0.10000E+02  0.00000E+00 -0.10000E+02 -0.27000E+02  0.00000E+00 -0.27000E+02  0.00000E+00 -0.27034E+02 -0.11547E+02  0.00000E+00 -0.11547E+02  0.00000E+00  0.33922E-06  0.19757E+02  0.00000E+00  0.00000E+00    145  0.00000E+00      0.000
       2.7200 -0.10000E+02  0.00000E+00 -0.10000E+02  0.00000E+00 -0.10000E+02 -0.27200E+02  0.00000E+00 -0.27200E+02  0.00000E+00 -0.27234E+02 -0.11547E+02  0.00000E+00 -0.11547E+02  0.00000E+00  0.33922E-06  0.19757E+02  0.00000E+00  0.00000E+00    146  0.00000E+00      0.000
       2.7400 -0.10000E+02  0.00000E+00 -0.10000E+02  0.00000E+00 -0.10000E+02 -0.27400E+02  0.00000E+00 -0.27400E+02  0.00000E+00 -0.27434E+02 -0.11547E+02  0.00000E+00 -0.11547E+02  0.00000E+00  0.33922E-06  0.19757E+02  0.00000E+00  0.00000E+00    147  0.00000E+00      0.000
       2.7600 -0.10000E+02  0.00000E+00 -0.10000E+02  0.00000E+00 -0.10000E+02 -0.27600E+02  0.00000E+00 -0.27600E+02  0.00000E+00 -0.27634E+02 -0.11547E+02  0.00000E+00 -0.11547E+02  0.00000E+00  0.33922E-06  0.19757E+02  0.00000E+00  0.00000E+00    148  0.00000E+00      0.000
       2.7800 -0.10000E+02  0.00000E+00 -0.10000E+02  0.00000E+00 -0.10000E+02 -0.27800E+02  0.00000E+00 -0.27800E+02  0.00000E+00 -0.27834E+02 -0.11547E+02  0.00000E+00 -0.11547E+02  0.00000E+00  0.33922E-06  0.19757E+02  0.00000E+00  0.00000E+00    149  0.00000E+00      0.000
       2.8000 -0.10000E+02  0.00000E+00 -0.10000E+02  0.00000E+00 -0.10000E+02 -0.28000E+02  0.00000E+00 -0.28000E+02  0.00000E+00 -0.28034E+02 -0.11547E+02  0.00000E+00 -0.11547E+02  0.00000E+00  0.33922E-06  0.19757E+02  0.00000E+00  0.00000E+00    150  0.00000E+00      0.000
       2.8200 -0.10000E+02  0.00000E+00 -0.10000E+02  0.00000E+00 -0.10000E+02 -0.28200E+02  0.00000E+00 -0.28200E+02  0.00000E+00 -0.28234E+02 -0.11547E+02  0.00000E+00 -0.11547E+02  0.00000E+00  0.33922E-06  0.19757E+02  0.00000E+00  0.00000E+00    151  0.00000E+00      0.000
       2.8400 -0.10000E+02  0.00000E+00 -0.10000E+02  0.00000E+00 -0.10000E+02 -0.28400E+02  0.00000E+00 -0.28400E+02  0.00000E+00 -0.28434E+02 -0.11547E+02  0.00000E+00 -0.11547E+02  0.00000E+00  0.33922E-06  0.19757E+02  0.00000E+00  0.00000E+00    152  0.00000E+00      0.000
       2.8600 -0.10000E+02  0.00000E+00 -0.10000E+02  0.00000E+00 -0.10000E+02 -0.28600E+02  0.00000E+00 -0.28600E+02  0.00000E+00 -0.28634E+02 -0.11547E+02  0.00000E+00 -0.11547E+02  0.00000E+00  0.33922E-06  0.19757E+02  0.00000E+00  0.00000E+00    153  0.00000E+00      0.000
       2.8800 -0.10000E+02  0.00000E+00 -0.10000E+02  0.00000E+00 -0.10000E+02 -0.28800E+02  0.00000E+00 -0.28800E+02  0.00000E+00 -0.28834E+02 -0.11547E+02  0.00000E+00 -0.11547E+02  0.00000E+00  0.33922E-06  0.19757E+02  0.00000E+00  0.00000E+00    154  0.00000E+00      0.000
       2.9000 -0.10000E+02  0.00000E+00 -0.10000E+02  0.00000E+00 -0.10000E+02 -0.29000E+02  0.00000E+00 -0.29000E+02  0.00000E+00 -0.29034E+02 -0.11547E+02  0.00000E+00 -0.11547E+02  0.00000E+00  0.33922E-06  0.19757E+02  0.00000E+00  0.00000E+00    155  0.00000E+00      0.000
       2.9200 -0.10000E+02  0.00000E+00 -0.10000E+02  0.00000E+00 -0.10000E+02 -0.29200E+02  0.00000E+00 -0.29200E+02  0.00000E+00 -0.29234E+02 -0.11547E+02  0.00000E+00 -0.11547E+02  0.00000E+00  0.33922E-06  0.19757E+02  0.00000E+00  0.00000E+00    156  0.00000E+00      0.000
       2.9400 -0.10000E+02  0.00000E+00 -0.10000E+02  0.00000E+00 -0.10000E+02 -0.29400E+02  0.00000E+00 -0.29400E+02  0.00000E+00 -0.29434E+02 -0.11547E+02  0.00000E+00 -0.11547E+02  0.00000E+00  0.33922E-06  0.19757E+02  0.00000E+00  0.00000E+00    157  0.00000E+00      0.000
       2.9600 -0.10000E+02  0.00000E+00 -0.10000E+02  0.00000E+00 -0.10000E+02 -0.29600E+02  0.00000E+00 -0.29600E+02  0.00000E+00 -0.29634E+02 -0.11547E+02  0.00000E+00 -0.11547E+02  0.00000E+00  0.33922E-06  0.19757E+02  0.00000E+00  0.00000E+00    158  0.00000E+00      0.000
       2.9800 -0.10000E+02  0.00000E+00 -0.10000E+02  0.00000E+00 -0.10000E+02 -0.29800E+02  0.00000E+00 -0.29800E+02  0.00000E+00 -0.29834E+02 -0.11547E+02  0.00000E+00 -0.11547E+02  0.00000E+00  0.33922E-06  0.19757E+02  0.00000E+00  0.00000E+00    159  0.00000E+00      0.000
       3.0000 -0.10000E+02  0.00000E+00 -0.10000E+02  0.00000E+00 -0.10000E+02 -0.30000E+02  0.00000E+00 -0.30000E+02  0.00000E+00 -0.30034E+02 -0.11547E+02  0.00000E+00 -0.11547E+02  0.00000E+00  0.33922E-06  0.19757E+02  0.00000E+00  0.00000E+00    160  0.00000E+00      0.000
       3.0200 -0.10000E+02  0.00000E+00 -0.10000E+02  0.00000E+00 -0.10000E+02 -0.30200E+02  0.00000E+00 -0.30200E+02  0.00000E+00 -0.30234E+02 -0.11547E+02  0.00000E+00 -0.11547E+02  0.00000E+00  0.33922E-06  0.19757E+02  0.00000E+00  0.00000E+00    161  0.00000E+00      0.000
       3.0400 -0.10000E+02  0.00000E+00 -0.10000E+02  0.00000E+00 -0.99999E+01 -0.30400E+02  0.00000E+00 -0.30400E+02  0.00000E+00 -0.30434E+02 -0.11547E+02  0.00000E+00 -0.11547E+02  0.00000E+00  0.33922E-06  0.19757E+02  0.00000E+00  0.00000E+00    162  0.00000E+00      0.000
       3.0600 -0.10000E+02  0.00000E+00 -0.10000E+02  0.00000E+00 -0.10000E+02 -0.30600E+02  0.00000E+00 -0.30600E+02  0.00000E+00 -0.30634E+02 -0.11547E+02  0.00000E+00 -0.11547E+02  0.00000E+00  0.33922E-06  0.19757E+02  0.00000E+00  0.00000E+00    163  0.00000E+00      0.000
       3.0800 -0.10000E+02  0.00000E+00 -0.10000E+02  0.00000E+00 -0.10000E+02 -0.30800E+02  0.00000E+00 -0.30800E+02  0.00000E+00 -0.30834E+02 -0.11547E+02  0.00000E+00 -0.11547E+02  0.00000E+00  0.33922E-06  0.19757E+02  0.00000E+00  0.00000E+00    164  0.00000E+00      0.000
       3.1000 -0.10000E+02  0.00000E+00 -0.10000E+02  0.00000E+00 -0.10000E+02 -0.31000E+02  0.00000E+00 -0.31000E+02  0.00000E+00 -0.31034E+02 -0.11547E+02  0.00000E+00 -0.11547E+02  0.00000E+00  0.33922E-06  0.19757E+02  0.00000E+00  0.00000E+00    165  0.00000E+00      0.000
       3.1200 -0.10000E+02  0.00000E+00 -0.10000E+02  0.00000E+00 -0.99999E+01 -0.31200E+02  0.00000E+00 -0.31200E+02  0.00000E+00 -0.31234E+02 -0.11547E+02  0.00000E+00 -0.11547E+02  0.00000E+00  0.33922E-06  0.19757E+02  0.00000E+00  0.00000E+00    166  0.00000E+00      0.000
       3.1400 -0.10000E+02  0.00000E+00 -0.10000E+02  0.00000E+00 -0.10000E+02 -0.31400E+02  0.00000E+00 -0.31400E+02  0.00000E+00 -0.31434E+02 -0.11547E+02  0.00000E+00 -0.11547E+02  0.00000E+00  0.33922E-06  0.19757E+02  0.00000E+00  0.00000E+00    167  0.00000E+00      0.000
       3.1600 -0.10000E+02  0.00000E+00 -0.10000E+02  0.00000E+00 -0.10000E+02 -0.31600E+02  0.00000E+00 -0.31600E+02  0.00000E+00 -0.31634E+02 -0.11547E+02  0.00000E+00 -0.11547E+02  0.00000E+00  0.33922E-06  0.19757E+02  0.00000E+00  0.00000E+00    168  0.00000E+00      0.000
       3.1800 -0.10000E+02  0.00000E+00 -0.10000E+02  0.00000E+00 -0.99999E+01 -0.31800E+02  0.00000E+00 -0.31800E+02  0.00000E+00 -0.31834E+02 -0.11547E+02  0.00000E+00 -0.11547E+02  0.00000E+00  0.33922E-06  0.19757E+02  0.00000E+00  0.00000E+00    169  0.00000E+00      0.000
       3.2000 -0.10000E+02  0.00000E+00 -0.10000E+02  0.00000E+00 -0.10000E+02 -0.32000E+02  0.00000E+00 -0.32000E+02  0.00000E+00 -0.32034E+02 -0.11547E+02  0.00000E+00 -0.11547E+02  0.00000E+00  0.33922E-06  0.19757E+02  0.00000E+00  0.00000E+00    170  0.00000E+00      0.000
       3.2200 -0.10000E+02  0.00000E+00 -0.10000E+02  0.00000E+00 -0.10000E+02 -0.32200E+02  0.00000E+00 -0.32200E+02  0.00000E+00 -0.32234E+02 -0.11547E+02  0.00000E+00 -0.11547E+02  0.00000E+00  0.33922E-06  0.19757E+02  0.00000E+00  0.00000E+00    171  0.00000E+00      0.000
       3.2400 -0.10000E+02  0.00000E+00 -0.10000E+02  0.00000E+00 -0.10000E+02 -0.32400E+02  0.00000E+00 -0.32400E+02  0.00000E+00 -0.32434E+02 -0.11547E+02  0.00000E+00 -0.11547E+02  0.00000E+00  0.33922E-06  0.19757E+02  0.00000E+00  0.00000E+00    172  0.00000E+00      0.000
       3.2600 -0.10000E+02  0.00000E+00 -0.10000E+02  0.00000E+00 -0.10000E+02 -0.32600E+02  0.00000E+00 -0.32600E+02  0.00000E+00 -0.32634E+02 -0.11547E+02  0.00000E+00 -0.11547E+02  0.00000E+00  0.33922E-06  0.19757E+02  0.00000E+00  0.00000E+00    173  0.00000E+00      0.000
       3.2800 -0.10000E+02  0.00000E+00 -0.10000E+02  0.00000E+00 -0.10000E+02 -0.32800E+02  0.00000E+00 -0.32800E+02  0.00000E+00 -0.32834E+02 -0.11547E+02  0.00000E+00 -0.11547E+02  0.00000E+00  0.33922E-06  0.19757E+02  0.00000E+00  0.00000E+00    174  0.00000E+00      0.000
       3.3000 -0.10000E+02  0.00000E+00 -0.10000E+02  0.00000E+00 -0.10000E+02 -0.33000E+02  0.00000E+00 -0.33000E+02  0.00000E+00 -0.33034E+02 -0.11547E+02  0.00000E+00 -0.11547E+02  0.00000E+00  0.33922E-06  0.19757E+02  0.00000E+00  0.00000E+00    175  0.00000E+00      0.000
       3.3200 -0.10000E+02  0.00000E+00 -0.10000E+02  0.00000E+00 -0.10000E+02 -0.33200E+02  0.00000E+00 -0.33200E+02  0.00000E+00 -0.33234E+02 -0.11547E+02  0.00000E+00 -0.11547E+02  0.00000E+00  0.33922E-06  0.19757E+02  0.00000E+00  0.00000E+00    176  0.00000E+00      0.000
       3.3400 -0.10000E+02  0.00000E+00 -0.10000E+02  0.00000E+00 -0.10000E+02 -0.33400E+02  0.00000E+00 -0.33400E+02  0.00000E+00 -0.33434E+02 -0.11547E+02  0.00000E+00 -0.11547E+02  0.00000E+00  0.33922E-06  0.19757E+02  0.00000E+00  0.00000E+00    177  0.00000E+00      0.000
       3.3600 -0.10000E+02  0.00000E+00 -0.10000E+02  0.00000E+00 -0.10000E+02 -0.33600E+02  0.00000E+00 -0.33600E+02  0.00000E+00 -0.33634E+02 -0.11547E+02  0.00000E+00 -0.11547E+02  0.00000E+00  0.33922E-06  0.19757E+02  0.00000E+00  0.00000E+00    178  0.00000E+00      0.000
       3.3800 -0.10000E+02  0.00000E+00 -0.10000E+02  0.00000E+00 -0.10000E+02 -0.33800E+02  0.00000E+00 -0.33800E+02  0.00000E+00 -0.33834E+02 -0.11547E+02  0.00000E+00 -0.11547E+02  0.00000E+00  0.33922E-06  0.19757E+02  0.00000E+00  0.00000E+00    179  0.00000E+00      0.000
       3.4000 -0.10000E+02  0.00000E+00 -0.10000E+02  0.00000E+00 -0.10000E+02 -0.34000E+02  0.00000E+00 -0.34000E+02  0.00000E+00 -0.34034E+02 -0.11547E+02  0.00000E+00 -0.11547E+02  0.00000E+00  0.33922E-06  0.19757E+02  0.00000E+00  0.00000E+00    180  0.00000E+00      0.000
       3.4200 -0.10000E+02  0.00000E+00 -0.10000E+02  0.00000E+00 -0.10000E+02 -0.34200E+02  0.00000E+00 -0.34200E+02  0.00000E+00 -0.34234E+02 -0.11547E+02  0.00000E+00 -0.11547E+02  0.00000E+00  0.33922E-06  0.19757E+02  0.00000E+00  0.00000E+00    181  0.00000E+00      0.000
       3.4400 -0.10000E+02  0.00000E+00 -0.10000E+02  0.00000E+00 -0.99999E+01 -0.34400E+02  0.00000E+00 -0.34400E+02  0.00000E+00 -0.34434E+02 -0.11547E+02  0.00000E+00 -0.11547E+02  0.00000E+00  0.33922E-06  0.19757E+02  0.00000E+00  0.00000E+00    182  0.00000E+00      0.000
       3.4600 -0.10000E+02  0.00000E+00 -0.10000E+02  0.00000E+00 -0.10000E+02 -0.34600E+02  0.00000E+00 -0.34600E+02  0.00000E+00 -0.34634E+02 -0.11547E+02  0.00000E+00 -0.11547E+02  0.00000E+00  0.33922E-06  0.19757E+02  0.00000E+00  0.00000E+00    183  0.00000E+00      0.000
       3.4800 -0.10000E+02  0.00000E+00 -0.10000E+02  0.00000E+00 -0.10000E+02 -0.34800E+02  0.00000E+00 -0.34800E+02  0.00000E+00 -0.34834E+02 -0.11547E+02  0.00000E+00 -0.11547E+02  0.00000E+00  0.33922E-06  0.19757E+02  0.00000E+00  0.00000E+00    184  0.00000E+00      0.000
       3.5000 -0.10000E+02  0.00000E+00 -0.10000E+02  0.00000E+00 -0.10000E+02 -0.35000E+02  0.00000E+00 -0.35000E+02  0.00000E+00 -0.35034E+02 -0.11547E+02  0.00000E+00 -0.11547E+02  0.00000E+00  0.33922E-06  0.19757E+02  0.00000E+00  0.00000E+00    185  0.00000E+00      0.000
       3.5200 -0.10000E+02  0.00000E+00 -0.10000E+02  0.00000E+00 -0.10000E+02 -0.35200E+02  0.00000E+00 -0.35200E+02  0.00000E+00 -0.35234E+02 -0.11547E+02  0.00000E+00 -0.11547E+02  0.00000E+00  0.33922E-06  0.19757E+02  0.00000E+00  0.00000E+00    186  0.00000E+00      0.000
       3.5400 -0.10000E+02  0.00000E+00 -0.10000E+02  0.00000E+00 -0.10000E+02 -0.35400E+02  0.00000E+00 -0.35400E+02  0.00000E+00 -0.35434E+02 -0.11547E+02  0.00000E+00 -0.11547E+02  0.00000E+00  0.33922E-06  0.19757E+02  0.00000E+00  0.00000E+00    187  0.00000E+00      0.000
       3.5600 -0.10000E+02  0.00000E+00 -0.10000E+02  0.00000E+00 -0.10000E+02 -0.35600E+02  0.00000E+00 -0.35600E+02  0.00000E+00 -0.35634E+02 -0.11547E+02  0.00000E+00 -0.11547E+02  0.00000E+00  0.33922E-06  0.19757E+02  0.00000E+00  0.00000E+00    188  0.00000E+00      0.000
       3.5800 -0.10000E+02  0.00000E+00 -0.10000E+02  0.00000E+00 -0.10000E+02 -0.35800E+02  0.00000E+00 -0.35800E+02  0.00000E+00 -0.35834E+02 -0.11547E+02  0.00000E+00 -0.11547E+02  0.00000E+00  0.33922E-06  0.19757E+02  0.00000E+00  0.00000E+00    189  0.00000E+00      0.000
       3.6000 -0.10000E+02  0.00000E+00 -0.10000E+02  0.00000E+00 -0.10000E+02 -0.36000E+02  0.00000E+00 -0.36000E+02  0.00000E+00 -0.36034E+02 -0.11547E+02  0.00000E+00 -0.11547E+02  0.00000E+00  0.33922E-06  0.19757E+02  0.00000E+00  0.00000E+00    190  0.00000E+00      0.000
       3.6200 -0.10000E+02  0.00000E+00 -0.10000E+02  0.00000E+00 -0.10000E+02 -0.36200E+02  0.00000E+00 -0.36200E+02  0.00000E+00 -0.36234E+02 -0.11547E+02  0.00000E+00 -0.11547E+02  0.00000E+00  0.33922E-06  0.19757E+02  0.00000E+00  0.00000E+00    191  0.00000E+00      0.000
       3.6400 -0.10000E+02  0.00000E+00 -0.10000E+02  0.00000E+00 -0.10000E+02 -0.36400E+02  0.00000E+00 -0.36400E+02  0.00000E+00 -0.36434E+02 -0.11547E+02  0.00000E+00 -0.11547E+02  0.00000E+00  0.33922E-06  0.19757E+02  0.00000E+00  0.00000E+00    192  0.00000E+00      0.000
       3.6600 -0.10000E+02  0.00000E+00 -0.10000E+02  0.00000E+00 -0.10000E+02 -0.36600E+02  0.00000E+00 -0.36600E+02  0.00000E+00 -0.36634E+02 -0.11547E+02  0.00000E+00 -0.11547E+02  0.00000E+00  0.33922E-06  0.19757E+02  0.00000E+00  0.00000E+00    193  0.00000E+00      0.000
       3.6800 -0.10000E+02  0.00000E+00 -0.10000E+02  0.00000E+00 -0.10000E+02 -0.36800E+02  0.00000E+00 -0.36800E+02  0.00000E+00 -0.36834E+02 -0.11547E+02  0.00000E+00 -0.11547E+02  0.00000E+00  0.33922E-06  0.19757E+02  0.00000E+00  0.00000E+00    194  0.00000E+00      0.000
       3.7000 -0.10000E+02  0.00000E+00 -0.10000E+02  0.00000E+00 -0.10000E+02 -0.37000E+02  0.00000E+00 -0.37000E+02  0.00000E+00 -0.37034E+02 -0.11547E+02  0.00000E+00 -0.11547E+02  0.00000E+00  0.33922E-06  0.19757E+02  0.00000E+00  0.00000E+00    195  0.00000E+00      0.000
       3.7200 -0.10000E+02  0.00000E+00 -0.10000E+02  0.00000E+00 -0.99999E+01 -0.37200E+02  0.00000E+00 -0.37200E+02  0.00000E+00 -0.37234E+02 -0.11547E+02  0.00000E+00 -0.11547E+02  0.00000E+00  0.33922E-06  0.19757E+02  0.00000E+00  0.00000E+00    196  0.00000E+00      0.000
       3.7400 -0.10000E+02  0.00000E+00 -0.10000E+02  0.00000E+00 -0.10000E+02 -0.37400E+02  0.00000E+00 -0.37400E+02  0.00000E+00 -0.37434E+02 -0.11547E+02  0.00000E+00 -0.11547E+02  0.00000E+00  0.33922E-06  0.19757E+02  0.00000E+00  0.00000E+00    197  0.00000E+00      0.000
       3.7600 -0.10000E+02  0.00000E+00 -0.10000E+02  0.00000E+00 -0.99999E+01 -0.37600E+02  0.00000E+00 -0.37600E+02  0.00000E+00 -0.37634E+02 -0.11547E+02  0.00000E+00 -0.11547E+02  0.00000E+00  0.33922E-06  0.19757E+02  0.00000E+00  0.00000E+00    198  0.00000E+00      0.000
       3.7800 -0.10000E+02  0.00000E+00 -0.10000E+02  0.00000E+00 -0.10000E+02 -0.37800E+02  0.00000E+00 -0.37800E+02  0.00000E+00 -0.37834E+02 -0.11547E+02  0.00000E+00 -0.11547E+02  0.00000E+00  0.33922E-06  0.19757E+02  0.00000E+00  0.00000E+00    199  0.00000E+00      0.000
       3.8000 -0.10000E+02  0.00000E+00 -0.10000E+02  0.00000E+00 -0.10000E+02 -0.38000E+02  0.00000E+00 -0.38000E+02  0.00000E+00 -0.38034E+02 -0.11547E+02  0.00000E+00 -0.11547E+02  0.00000E+00  0.33922E-06  0.19757E+02  0.00000E+00  0.00000E+00    200  0.00000E+00      0.000
       3.8200 -0.10000E+02  0.00000E+00 -0.10000E+02  0.00000E+00 -0.10000E+02 -0.38200E+02  0.00000E+00 -0.38200E+02  0.00000E+00 -0.38234E+02 -0.11547E+02  0.00000E+00 -0.11547E+02  0.00000E+00  0.33922E-06  0.19757E+02  0.00000E+00  0.00000E+00    201  0.00000E+00      0.000
       3.8400 -0.10000E+02  0.00000E+00 -0.10000E+02  0.00000E+00 -0.10000E+02 -0.38400E+02  0.00000E+00 -0.38400E+02  0.00000E+00 -0.38434E+02 -0.11547E+02  0.00000E+00 -0.11547E+02  0.00000E+00  0.33922E-06  0.19757E+02  0.00000E+00  0.00000E+00    202  0.00000E+00      0.000
       3.8600 -0.10000E+02  0.00000E+00 -0.10000E+02  0.00000E+00 -0.10000E+02 -0.38600E+02  0.00000E+00 -0.38600E+02  0.00000E+00 -0.38634E+02 -0.11547E+02  0.00000E+00 -0.11547E+02  0.00000E+00  0.33922E-06  0.19757E+02  0.00000E+00  0.00000E+00    203  0.00000E+00      0.000
       3.8800 -0.10000E+02  0.00000E+00 -0.10000E+02  0.00000E+00 -0.10000E+02 -0.38800E+02  0.00000E+00 -0.38800E+02  0.00000E+00 -0.38834E+02 -0.11547E+02  0.00000E+00 -0.11547E+02  0.00000E+00  0.33922E-06  0.19757E+02  0.00000E+00  0.00000E+00    204  0.00000E+00      0.000
       3.9000 -0.10000E+02  0.00000E+00 -0.10000E+02  0.00000E+00 -0.10000E+02 -0.39000E+02  0.00000E+00 -0.39000E+02  0.00000E+00 -0.39034E+02 -0.11547E+02  0.00000E+00 -0.11547E+02  0.00000E+00  0.33922E-06  0.19757E+02  0.00000E+00  0.00000E+00    205  0.00000E+00      0.000
       3.9200 -0.10000E+02  0.00000E+00 -0.10000E+02  0.00000E+00 -0.10000E+02 -0.39200E+02  0.00000E+00 -0.39200E+02  0.00000E+00 -0.39234E+02 -0.11547E+02  0.00000E+00 -0.11547E+02  0.00000E+00  0.33922E-06  0.19757E+02  0.00000E+00  0.00000E+00    206  0.00000E+00      0.000
       3.9400 -0.10000E+02  0.00000E+00 -0.10000E+02  0.00000E+00 -0.10000E+02 -0.39400E+02  0.00000E+00 -0.39400E+02  0.00000E+00 -0.39434E+02 -0.11547E+02  0.00000E+00 -0.11547E+02  0.00000E+00  0.33922E-06  0.19757E+02  0.00000E+00  0.00000E+00    207  0.00000E+00      0.000
       3.9600 -0.10000E+02  0.00000E+00 -0.10000E+02  0.00000E+00 -0.10000E+02 -0.39600E+02  0.00000E+00 -0.39600E+02  0.00000E+00 -0.39634E+02 -0.11547E+02  0.00000E+00 -0.11547E+02  0.00000E+00  0.33922E-06  0.19757E+02  0.00000E+00  0.00000E+00    208  0.00000E+00      0.000
       3.9800 -0.10000E+02  0.00000E+00 -0.10000E+02  0.00000E+00 -0.10000E+02 -0.39800E+02  0.00000E+00 -0.39800E+02  0.00000E+00 -0.39834E+02 -0.11547E+02  0.00000E+00 -0.11547E+02  0.00000E+00  0.33922E-06  0.19757E+02  0.00000E+00  0.00000E+00    209  0.00000E+00      0.000
       4.0000 -0.10000E+02  0.00000E+00 -0.10000E+02  0.00000E+00 -0.10000E+02 -0.40000E+02  0.00000E+00 -0.40000E+02  0.00000E+00 -0.40034E+02 -0.11547E+02  0.00000E+00 -0.11547E+02  0.00000E+00  0.33922E-06  0.19757E+02  0.00000E+00  0.00000E+00    210  0.00000E+00      0.000
       4.0200 -0.10000E+02  0.00000E+00 -0.10000E+02  0.00000E+00 -0.10000E+02 -0.40200E+02  0.00000E+00 -0.40200E+02  0.00000E+00 -0.40234E+02 -0.11547E+02  0.00000E+00 -0.11547E+02  0.00000E+00  0.33922E-06  0.19757E+02  0.00000E+00  0.00000E+00    211  0.00000E+00      0.000
       4.0400 -0.10000E+02  0.00000E+00 -0.10000E+02  0.00000E+00 -0.10000E+02 -0.40400E+02  0.00000E+00 -0.40400E+02  0.00000E+00 -0.40434E+02 -0.11547E+02  0.00000E+00 -0.11547E+02  0.00000E+00  0.33922E-06  0.19757E+02  0.00000E+00  0.00000E+00    212  0.00000E+00      0.000
       4.0600 -0.10000E+02  0.00000E+00 -0.10000E+02  0.00000E+00 -0.10000E+02 -0.40600E+02  0.00000E+00 -0.40600E+02  0.00000E+00 -0.40634E+02 -0.11547E+02  0.00000E+00 -0.11547E+02  0.00000E+00  0.33922E-06  0.19757E+02  0.00000E+00  0.00000E+00    213  0.00000E+00      0.000
       4.0800 -0.10000E+02  0.00000E+00 -0.10000E+02  0.00000E+00 -0.10000E+02 -0.40800E+02  0.00000E+00 -0.40800E+02  0.00000E+00 -0.40834E+02 -0.11547E+02  0.00000E+00 -0.11547E+02  0.00000E+00  0.33922E-06  0.19757E+02  0.00000E+00  0.00000E+00    214  0.00000E+00      0.000
       4.1000 -0.10000E+02  0.00000E+00 -0.10000E+02  0.00000E+00 -0.10000E+02 -0.41000E+02  0.00000E+00 -0.41000E+02  0.00000E+00 -0.41034E+02 -0.11547E+02  0.00000E+00 -0.11547E+02  0.00000E+00  0.33922E-06  0.19757E+02  0.00000E+00  0.00000E+00    215  0.00000E+00      0.000
       4.1200 -0.10000E+02  0.00000E+00 -0.10000E+02  0.00000E+00 -0.10000E+02 -0.41200E+02  0.00000E+00 -0.41200E+02  0.00000E+00 -0.41234E+02 -0.11547E+02  0.00000E+00 -0.11547E+02  0.10490E-04  0.54903E-06  0.19757E+02  0.00000E+00  0.00000E+00    216  0.00000E+00      0.000
       4.1400 -0.10000E+02  0.00000E+00 -0.10000E+02  0.00000E+00 -0.10000E+02 -0.41400E+02  0.00000E+00 -0.41400E+02  0.00000E+00 -0.41434E+02 -0.11547E+02  0.00000E+00 -0.11547E+02  0.00000E+00  0.54903E-06  0.19757E+02  0.00000E+00  0.00000E+00    217  0.00000E+00      0.000
       4.1600 -0.10000E+02  0.00000E+00 -0.10000E+02  0.00000E+00 -0.10000E+02 -0.41600E+02  0.00000E+00 -0.41600E+02  0.00000E+00 -0.41634E+02 -0.11547E+02  0.00000E+00 -0.11547E+02  0.00000E+00  0.54903E-06  0.19757E+02  0.00000E+00  0.00000E+00    218  0.00000E+00      0.000
       4.1800 -0.10000E+02  0.00000E+00 -0.10000E+02  0.00000E+00 -0.10000E+02 -0.41800E+02  0.00000E+00 -0.41800E+02  0.00000E+00 -0.41834E+02 -0.11547E+02  0.00000E+00 -0.11547E+02  0.00000E+00  0.54903E-06  0.19757E+02  0.00000E+00  0.00000E+00    219  0.00000E+00      0.000
       4.2000 -0.10000E+02  0.00000E+00 -0.10000E+02  0.00000E+00 -0.99999E+01 -0.42000E+02  0.00000E+00 -0.42000E+02  0.00000E+00 -0.42034E+02 -0.11547E+02  0.00000E+00 -0.11547E+02  0.00000E+00  0.54903E-06  0.19757E+02  0.00000E+00  0.00000E+00    220  0.00000E+00      0.000
       4.2200 -0.10000E+02  0.00000E+00 -0.10000E+02  0.00000E+00 -0.99999E+01 -0.42200E+02  0.00000E+00 -0.42200E+02  0.00000E+00 -0.42234E+02 -0.11547E+02  0.00000E+00 -0.11547E+02  0.00000E+00  0.54903E-06  0.19757E+02  0.00000E+00  0.00000E+00    221  0.00000E+00      0.000
       4.2400 -0.10000E+02  0.00000E+00 -0.10000E+02  0.00000E+00 -0.10000E+02 -0.42400E+02  0.00000E+00 -0.42400E+02  0.00000E+00 -0.42434E+02 -0.11547E+02  0.00000E+00 -0.11547E+02  0.00000E+00  0.54903E-06  0.19757E+02  0.00000E+00  0.00000E+00    222  0.00000E+00      0.000
       4.2600 -0.10000E+02  0.00000E+00 -0.10000E+02  0.00000E+00 -0.10000E+02 -0.42600E+02  0.00000E+00 -0.42600E+02  0.00000E+00 -0.42634E+02 -0.11547E+02  0.00000E+00 -0.11547E+02  0.00000E+00  0.54903E-06  0.19757E+02  0.00000E+00  0.00000E+00    223  0.00000E+00      0.000
       4.2800 -0.10000E+02  0.00000E+00 -0.10000E+02  0.00000E+00 -0.10000E+02 -0.42800E+02  0.00000E+00 -0.42800E+02  0.00000E+00 -0.42834E+02 -0.11547E+02  0.00000E+00 -0.11547E+02  0.00000E+00  0.54903E-06  0.19757E+02  0.00000E+00  0.00000E+00    224  0.00000E+00      0.000
       4.3000 -0.10000E+02  0.00000E+00 -0.10000E+02  0.00000E+00 -0.10000E+02 -0.43000E+02  0.00000E+00 -0.43000E+02  0.00000E+00 -0.43034E+02 -0.11547E+02  0.00000E+00 -0.11547E+02  0.00000E+00  0.54903E-06  0.19757E+02  0.00000E+00  0.00000E+00    225  0.00000E+00      0.000
       4.3200 -0.10000E+02  0.00000E+00 -0.10000E+02  0.00000E+00 -0.10000E+02 -0.43200E+02  0.00000E+00 -0.43200E+02  0.00000E+00 -0.43234E+02 -0.11547E+02  0.00000E+00 -0.11547E+02  0.00000E+00  0.54903E-06  0.19757E+02  0.00000E+00  0.00000E+00    226  0.00000E+00      0.000
       4.3400 -0.10000E+02  0.00000E+00 -0.10000E+02  0.00000E+00 -0.10000E+02 -0.43400E+02  0.00000E+00 -0.43400E+02  0.00000E+00 -0.43434E+02 -0.11547E+02  0.00000E+00 -0.11547E+02  0.00000E+00  0.54903E-06  0.19757E+02  0.00000E+00  0.00000E+00    227  0.00000E+00      0.000
       4.3600 -0.10000E+02  0.00000E+00 -0.10000E+02  0.00000E+00 -0.10000E+02 -0.43600E+02  0.00000E+00 -0.43600E+02  0.00000E+00 -0.43634E+02 -0.11547E+02  0.00000E+00 -0.11547E+02  0.00000E+00  0.54903E-06  0.19757E+02  0.00000E+00  0.00000E+00    228  0.00000E+00      0.000
       4.3800 -0.10000E+02  0.00000E+00 -0.10000E+02  0.00000E+00 -0.10000E+02 -0.43800E+02  0.00000E+00 -0.43800E+02  0.00000E+00 -0.43834E+02 -0.11547E+02  0.00000E+00 -0.11547E+02  0.00000E+00  0.54903E-06  0.19757E+02  0.00000E+00  0.00000E+00    229  0.00000E+00      0.000
       4.4000 -0.10000E+02  0.00000E+00 -0.10000E+02  0.00000E+00 -0.10000E+02 -0.44000E+02  0.00000E+00 -0.44000E+02  0.00000E+00 -0.44034E+02 -0.11547E+02  0.00000E+00 -0.11547E+02  0.00000E+00  0.54903E-06  0.19757E+02  0.00000E+00  0.00000E+00    230  0.00000E+00      0.000
       4.4200 -0.10000E+02  0.00000E+00 -0.10000E+02  0.00000E+00 -0.10000E+02 -0.44200E+02  0.00000E+00 -0.44200E+02  0.00000E+00 -0.44234E+02 -0.11547E+02  0.00000E+00 -0.11547E+02  0.00000E+00  0.54903E-06  0.19757E+02  0.00000E+00  0.00000E+00    231  0.00000E+00      0.000
       4.4400 -0.10000E+02  0.00000E+00 -0.10000E+02  0.00000E+00 -0.10000E+02 -0.44400E+02  0.00000E+00 -0.44400E+02  0.00000E+00 -0.44434E+02 -0.11547E+02  0.00000E+00 -0.11547E+02  0.00000E+00  0.54903E-06  0.19757E+02  0.00000E+00  0.00000E+00    232  0.00000E+00      0.000
       4.4600 -0.10000E+02  0.00000E+00 -0.10000E+02  0.00000E+00 -0.99999E+01 -0.44600E+02  0.00000E+00 -0.44600E+02  0.00000E+00 -0.44634E+02 -0.11547E+02  0.00000E+00 -0.11547E+02  0.00000E+00  0.54903E-06  0.19757E+02  0.00000E+00  0.00000E+00    233  0.00000E+00      0.000
       4.4800 -0.10000E+02  0.00000E+00 -0.10000E+02  0.00000E+00 -0.10000E+02 -0.44800E+02  0.00000E+00 -0.44800E+02  0.00000E+00 -0.44834E+02 -0.11547E+02  0.00000E+00 -0.11547E+02  0.00000E+00  0.54903E-06  0.19757E+02  0.00000E+00  0.00000E+00    234  0.00000E+00      0.000
       4.5000 -0.10000E+02  0.00000E+00 -0.10000E+02  0.00000E+00 -0.10000E+02 -0.45000E+02  0.00000E+00 -0.45000E+02  0.00000E+00 -0.45034E+02 -0.11547E+02  0.00000E+00 -0.11547E+02  0.00000E+00  0.54903E-06  0.19757E+02  0.00000E+00  0.00000E+00    235  0.00000E+00      0.000
       4.5200 -0.10000E+02  0.00000E+00 -0.10000E+02  0.00000E+00 -0.10000E+02 -0.45200E+02  0.00000E+00 -0.45200E+02  0.00000E+00 -0.45234E+02 -0.11547E+02  0.00000E+00 -0.11547E+02  0.00000E+00  0.54903E-06  0.19757E+02  0.00000E+00  0.00000E+00    236  0.00000E+00      0.000
       4.5400 -0.10000E+02  0.00000E+00 -0.10000E+02  0.00000E+00 -0.10000E+02 -0.45400E+02  0.00000E+00 -0.45400E+02  0.00000E+00 -0.45434E+02 -0.11547E+02  0.00000E+00 -0.11547E+02  0.00000E+00  0.54903E-06  0.19757E+02  0.00000E+00  0.00000E+00    237  0.00000E+00      0.000
       4.5600 -0.10000E+02  0.00000E+00 -0.10000E+02  0.00000E+00 -0.99999E+01 -0.45600E+02  0.00000E+00 -0.45600E+02  0.00000E+00 -0.45634E+02 -0.11547E+02  0.00000E+00 -0.11547E+02  0.00000E+00  0.54903E-06  0.19757E+02  0.00000E+00  0.00000E+00    238  0.00000E+00      0.000
       4.5800 -0.10000E+02  0.00000E+00 -0.10000E+02  0.00000E+00 -0.99999E+01 -0.45800E+02  0.00000E+00 -0.45800E+02  0.00000E+00 -0.45834E+02 -0.11547E+02  0.00000E+00 -0.11547E+02  0.00000E+00  0.54903E-06  0.19757E+02  0.00000E+00  0.00000E+00    239  0.00000E+00      0.000
       4.6000 -0.10000E+02  0.00000E+00 -0.10000E+02  0.00000E+00 -0.99999E+01 -0.46000E+02  0.00000E+00 -0.46000E+02  0.00000E+00 -0.46034E+02 -0.11547E+02  0.00000E+00 -0.11547E+02  0.00000E+00  0.54903E-06  0.19757E+02  0.00000E+00  0.00000E+00    240  0.00000E+00      0.000
       4.6200 -0.10000E+02  0.00000E+00 -0.10000E+02  0.00000E+00 -0.10000E+02 -0.46200E+02  0.00000E+00 -0.46200E+02  0.00000E+00 -0.46234E+02 -0.11547E+02  0.00000E+00 -0.11547E+02  0.00000E+00  0.54903E-06  0.19757E+02  0.00000E+00  0.00000E+00    241  0.00000E+00      0.000
       4.6400 -0.10000E+02  0.00000E+00 -0.10000E+02  0.00000E+00 -0.10000E+02 -0.46400E+02  0.00000E+00 -0.46400E+02  0.00000E+00 -0.46434E+02 -0.11547E+02  0.00000E+00 -0.11547E+02  0.00000E+00  0.54903E-06  0.19757E+02  0.00000E+00  0.00000E+00    242  0.00000E+00      0.000
       4.6600 -0.10000E+02  0.00000E+00 -0.10000E+02  0.00000E+00 -0.10000E+02 -0.46600E+02  0.00000E+00 -0.46600E+02  0.00000E+00 -0.46634E+02 -0.11547E+02  0.00000E+00 -0.11547E+02  0.00000E+00  0.54903E-06  0.19757E+02  0.00000E+00  0.00000E+00    243  0.00000E+00      0.000
       4.6800 -0.10000E+02  0.00000E+00 -0.10000E+02  0.00000E+00 -0.99999E+01 -0.46800E+02  0.00000E+00 -0.46800E+02  0.00000E+00 -0.46834E+02 -0.11547E+02  0.00000E+00 -0.11547E+02  0.00000E+00  0.54903E-06  0.19757E+02  0.00000E+00  0.00000E+00    244  0.00000E+00      0.000
       4.7000 -0.10000E+02  0.00000E+00 -0.10000E+02  0.00000E+00 -0.99999E+01 -0.47000E+02  0.00000E+00 -0.47000E+02  0.00000E+00 -0.47034E+02 -0.11547E+02  0.00000E+00 -0.11547E+02  0.00000E+00  0.54903E-06  0.19757E+02  0.00000E+00  0.00000E+00    245  0.00000E+00      0.000
       4.7200 -0.10000E+02  0.00000E+00 -0.10000E+02  0.00000E+00 -0.10000E+02 -0.47200E+02  0.00000E+00 -0.47200E+02  0.00000E+00 -0.47234E+02 -0.11547E+02  0.00000E+00 -0.11547E+02  0.00000E+00  0.54903E-06  0.19757E+02  0.00000E+00  0.00000E+00    246  0.00000E+00      0.000
       4.7400 -0.10000E+02  0.00000E+00 -0.10000E+02  0.00000E+00 -0.10000E+02 -0.47400E+02  0.00000E+00 -0.47400E+02  0.00000E+00 -0.47434E+02 -0.11547E+02  0.00000E+00 -0.11547E+02  0.00000E+00  0.54903E-06  0.19757E+02  0.00000E+00  0.00000E+00    247  0.00000E+00      0.000
       4.7600 -0.10000E+02  0.00000E+00 -0.10000E+02  0.00000E+00 -0.99999E+01 -0.47600E+02  0.00000E+00 -0.47600E+02  0.00000E+00 -0.47634E+02 -0.11547E+02  0.00000E+00 -0.11547E+02  0.00000E+00  0.54903E-06  0.19757E+02  0.00000E+00  0.00000E+00    248  0.00000E+00      0.000
       4.7800 -0.10000E+02  0.00000E+00 -0.10000E+02  0.00000E+00 -0.99999E+01 -0.47800E+02  0.00000E+00 -0.47800E+02  0.00000E+00 -0.47834E+02 -0.11547E+02  0.00000E+00 -0.11547E+02  0.00000E+00  0.54903E-06  0.19757E+02  0.00000E+00  0.00000E+00    249  0.00000E+00      0.000
       4.8000 -0.10000E+02  0.00000E+00 -0.10000E+02  0.00000E+00 -0.10000E+02 -0.48000E+02  0.00000E+00 -0.48000E+02  0.00000E+00 -0.48034E+02 -0.11547E+02  0.00000E+00 -0.11547E+02  0.00000E+00  0.54903E-06  0.19757E+02  0.00000E+00  0.00000E+00    250  0.00000E+00      0.000
       4.8200 -0.10000E+02  0.00000E+00 -0.10000E+02  0.00000E+00 -0.10000E+02 -0.48200E+02  0.00000E+00 -0.48200E+02  0.00000E+00 -0.48234E+02 -0.11547E+02  0.00000E+00 -0.11547E+02  0.00000E+00  0.54903E-06  0.19757E+02  0.00000E+00  0.00000E+00    251  0.00000E+00      0.000
       4.8400 -0.10000E+02  0.00000E+00 -0.10000E+02  0.00000E+00 -0.99999E+01 -0.48400E+02  0.00000E+00 -0.48400E+02  0.00000E+00 -0.48434E+02 -0.11547E+02  0.00000E+00 -0.11547E+02  0.00000E+00  0.54903E-06  0.19757E+02  0.00000E+00  0.00000E+00    252  0.00000E+00      0.000
       4.8600 -0.10000E+02  0.00000E+00 -0.10000E+02  0.00000E+00 -0.99999E+01 -0.48600E+02  0.00000E+00 -0.48600E+02  0.00000E+00 -0.48634E+02 -0.11547E+02  0.00000E+00 -0.11547E+02  0.00000E+00  0.54903E-06  0.19757E+02  0.00000E+00  0.00000E+00    253  0.00000E+00      0.000
       4.8800 -0.10000E+02  0.00000E+00 -0.10000E+02  0.00000E+00 -0.10000E+02 -0.48800E+02  0.00000E+00 -0.48800E+02  0.00000E+00 -0.48834E+02 -0.11547E+02  0.00000E+00 -0.11547E+02  0.00000E+00  0.54903E-06  0.19757E+02  0.00000E+00  0.00000E+00    254  0.00000E+00      0.000
       4.9000 -0.10000E+02  0.00000E+00 -0.10000E+02  0.00000E+00 -0.10000E+02 -0.49000E+02  0.00000E+00 -0.49000E+02  0.00000E+00 -0.49034E+02 -0.11547E+02  0.00000E+00 -0.11547E+02  0.00000E+00  0.54903E-06  0.19757E+02  0.00000E+00  0.00000E+00    255  0.00000E+00      0.000
       4.9200 -0.10000E+02  0.00000E+00 -0.10000E+02  0.00000E+00 -0.99999E+01 -0.49200E+02  0.00000E+00 -0.49200E+02  0.00000E+00 -0.49234E+02 -0.11547E+02  0.00000E+00 -0.11547E+02  0.00000E+00  0.54903E-06  0.19757E+02  0.00000E+00  0.00000E+00    256  0.00000E+00      0.000
       4.9400 -0.10000E+02  0.00000E+00 -0.10000E+02  0.00000E+00 -0.99999E+01 -0.49400E+02  0.00000E+00 -0.49400E+02  0.00000E+00 -0.49434E+02 -0.11547E+02  0.00000E+00 -0.11547E+02  0.00000E+00  0.54903E-06  0.19757E+02  0.00000E+00  0.00000E+00    257  0.00000E+00      0.000
       4.9600 -0.10000E+02  0.00000E+00 -0.10000E+02  0.00000E+00 -0.10000E+02 -0.49600E+02  0.00000E+00 -0.49600E+02  0.00000E+00 -0.49634E+02 -0.11547E+02  0.00000E+00 -0.11547E+02  0.00000E+00  0.54903E-06  0.19757E+02  0.00000E+00  0.00000E+00    258  0.00000E+00      0.000
       4.9800 -0.10000E+02  0.00000E+00 -0.10000E+02  0.00000E+00 -0.10000E+02 -0.49800E+02  0.00000E+00 -0.49800E+02  0.00000E+00 -0.49834E+02 -0.11547E+02  0.00000E+00 -0.11547E+02  0.00000E+00  0.54903E-06  0.19757E+02  0.00000E+00  0.00000E+00    259  0.00000E+00      0.000
       5.0000 -0.10000E+02  0.00000E+00 -0.10000E+02  0.00000E+00 -0.99999E+01 -0.50000E+02  0.00000E+00 -0.50000E+02  0.00000E+00 -0.50034E+02 -0.11547E+02  0.00000E+00 -0.11547E+02  0.00000E+00  0.54903E-06  0.19757E+02  0.00000E+00  0.00000E+00    260  0.00000E+00      0.000
       5.0200 -0.10000E+02  0.00000E+00 -0.10000E+02  0.00000E+00 -0.10000E+02 -0.50200E+02  0.00000E+00 -0.50200E+02  0.00000E+00 -0.50234E+02 -0.11547E+02  0.00000E+00 -0.11547E+02  0.00000E+00  0.54903E-06  0.19757E+02  0.00000E+00  0.00000E+00    261  0.00000E+00      0.000
       5.0400 -0.10000E+02  0.00000E+00 -0.10000E+02  0.00000E+00 -0.99999E+01 -0.50400E+02  0.00000E+00 -0.50400E+02  0.00000E+00 -0.50434E+02 -0.11547E+02  0.00000E+00 -0.11547E+02  0.00000E+00  0.54903E-06  0.19757E+02  0.00000E+00  0.00000E+00    262  0.00000E+00      0.000
       5.0600 -0.10000E+02  0.00000E+00 -0.10000E+02  0.00000E+00 -0.10000E+02 -0.50600E+02  0.00000E+00 -0.50600E+02  0.00000E+00 -0.50634E+02 -0.11547E+02  0.00000E+00 -0.11547E+02  0.00000E+00  0.54903E-06  0.19757E+02  0.00000E+00  0.00000E+00    263  0.00000E+00      0.000
       5.0800 -0.10000E+02  0.00000E+00 -0.10000E+02  0.00000E+00 -0.10000E+02 -0.50800E+02  0.00000E+00 -0.50800E+02  0.00000E+00 -0.50834E+02 -0.11547E+02  0.00000E+00 -0.11547E+02  0.00000E+00  0.54903E-06  0.19757E+02  0.00000E+00  0.00000E+00    264  0.00000E+00      0.000
       5.1000 -0.10000E+02  0.00000E+00 -0.10000E+02  0.00000E+00 -0.99999E+01 -0.51000E+02  0.00000E+00 -0.51000E+02  0.00000E+00 -0.51034E+02 -0.11547E+02  0.00000E+00 -0.11547E+02  0.00000E+00  0.54903E-06  0.19757E+02  0.00000E+00  0.00000E+00    265  0.00000E+00      0.000
       5.1200 -0.10000E+02  0.00000E+00 -0.10000E+02  0.00000E+00 -0.99999E+01 -0.51200E+02  0.00000E+00 -0.51200E+02  0.00000E+00 -0.51234E+02 -0.11547E+02  0.00000E+00 -0.11547E+02  0.00000E+00  0.54903E-06  0.19757E+02  0.00000E+00  0.00000E+00    266  0.00000E+00      0.000
       5.1400 -0.10000E+02  0.00000E+00 -0.10000E+02  0.00000E+00 -0.10000E+02 -0.51400E+02  0.00000E+00 -0.51400E+02  0.00000E+00 -0.51434E+02 -0.11547E+02  0.00000E+00 -0.11547E+02  0.00000E+00  0.54903E-06  0.19757E+02  0.00000E+00  0.00000E+00    267  0.00000E+00      0.000
       5.1600 -0.10000E+02  0.00000E+00 -0.10000E+02  0.00000E+00 -0.99999E+01 -0.51600E+02  0.00000E+00 -0.51600E+02  0.00000E+00 -0.51634E+02 -0.11547E+02  0.00000E+00 -0.11547E+02  0.00000E+00  0.54903E-06  0.19757E+02  0.00000E+00  0.00000E+00    268  0.00000E+00      0.000
       5.1800 -0.10000E+02  0.00000E+00 -0.10000E+02  0.00000E+00 -0.10000E+02 -0.51800E+02  0.00000E+00 -0.51800E+02  0.00000E+00 -0.51834E+02 -0.11547E+02  0.00000E+00 -0.11547E+02  0.00000E+00  0.54903E-06  0.19757E+02  0.00000E+00  0.00000E+00    269  0.00000E+00      0.000
       5.2000 -0.10000E+02  0.00000E+00 -0.10000E+02  0.00000E+00 -0.10000E+02 -0.52000E+02  0.00000E+00 -0.52000E+02  0.00000E+00 -0.52034E+02 -0.11547E+02  0.00000E+00 -0.11547E+02  0.00000E+00  0.54903E-06  0.19757E+02  0.00000E+00  0.00000E+00    270  0.00000E+00      0.000
       5.2200 -0.10000E+02  0.00000E+00 -0.10000E+02  0.00000E+00 -0.10000E+02 -0.52200E+02  0.00000E+00 -0.52200E+02  0.00000E+00 -0.52234E+02 -0.11547E+02  0.00000E+00 -0.11547E+02  0.00000E+00  0.54903E-06  0.19757E+02  0.00000E+00  0.00000E+00    271  0.00000E+00      0.000
       5.2400 -0.10000E+02  0.00000E+00 -0.10000E+02  0.00000E+00 -0.10000E+02 -0.52400E+02  0.00000E+00 -0.52400E+02  0.00000E+00 -0.52434E+02 -0.11547E+02  0.00000E+00 -0.11547E+02  0.00000E+00  0.54903E-06  0.19757E+02  0.00000E+00  0.00000E+00    272  0.00000E+00      0.000
       5.2600 -0.10000E+02  0.00000E+00 -0.10000E+02  0.00000E+00 -0.10000E+02 -0.52600E+02  0.00000E+00 -0.52600E+02  0.00000E+00 -0.52634E+02 -0.11547E+02  0.00000E+00 -0.11547E+02  0.00000E+00  0.54903E-06  0.19757E+02  0.00000E+00  0.00000E+00    273  0.00000E+00      0.000
       5.2800 -0.10000E+02  0.00000E+00 -0.10000E+02  0.00000E+00 -0.10000E+02 -0.52800E+02  0.00000E+00 -0.52800E+02  0.00000E+00 -0.52834E+02 -0.11547E+02  0.00000E+00 -0.11547E+02  0.00000E+00  0.54903E-06  0.19757E+02  0.00000E+00  0.00000E+00    274  0.00000E+00      0.000
       5.3000 -0.10000E+02  0.00000E+00 -0.10000E+02  0.00000E+00 -0.10000E+02 -0.53000E+02  0.00000E+00 -0.53000E+02  0.00000E+00 -0.53034E+02 -0.11547E+02  0.00000E+00 -0.11547E+02  0.00000E+00  0.54903E-06  0.19757E+02  0.00000E+00  0.00000E+00    275  0.00000E+00      0.000
       5.3200 -0.10000E+02  0.00000E+00 -0.10000E+02  0.00000E+00 -0.10000E+02 -0.53200E+02  0.00000E+00 -0.53200E+02  0.00000E+00 -0.53234E+02 -0.11547E+02  0.00000E+00 -0.11547E+02  0.00000E+00  0.54903E-06  0.19757E+02  0.00000E+00  0.00000E+00    276  0.00000E+00      0.000
       5.3400 -0.10000E+02  0.00000E+00 -0.10000E+02  0.00000E+00 -0.10000E+02 -0.53400E+02  0.00000E+00 -0.53400E+02  0.00000E+00 -0.53434E+02 -0.11547E+02  0.00000E+00 -0.11547E+02  0.00000E+00  0.54903E-06  0.19757E+02  0.00000E+00  0.00000E+00    277  0.00000E+00      0.000
       5.3600 -0.10000E+02  0.00000E+00 -0.10000E+02  0.00000E+00 -0.10000E+02 -0.53600E+02  0.00000E+00 -0.53600E+02  0.00000E+00 -0.53634E+02 -0.11547E+02  0.00000E+00 -0.11547E+02  0.00000E+00  0.54903E-06  0.19757E+02  0.00000E+00  0.00000E+00    278  0.00000E+00      0.000
       5.3800 -0.10000E+02  0.00000E+00 -0.10000E+02  0.00000E+00 -0.10000E+02 -0.53800E+02  0.00000E+00 -0.53800E+02  0.00000E+00 -0.53834E+02 -0.11547E+02  0.00000E+00 -0.11547E+02  0.00000E+00  0.54903E-06  0.19757E+02  0.00000E+00  0.00000E+00    279  0.00000E+00      0.000
       5.4000 -0.10000E+02  0.00000E+00 -0.10000E+02  0.00000E+00 -0.10000E+02 -0.54000E+02  0.00000E+00 -0.54000E+02  0.00000E+00 -0.54034E+02 -0.11547E+02  0.00000E+00 -0.11547E+02  0.00000E+00  0.54903E-06  0.19757E+02  0.00000E+00  0.00000E+00    280  0.00000E+00      0.000
       5.4200 -0.10000E+02  0.00000E+00 -0.10000E+02  0.00000E+00 -0.99999E+01 -0.54200E+02  0.00000E+00 -0.54200E+02  0.00000E+00 -0.54234E+02 -0.11547E+02  0.00000E+00 -0.11547E+02  0.00000E+00  0.54903E-06  0.19757E+02  0.00000E+00  0.00000E+00    281  0.00000E+00      0.000
       5.4400 -0.10000E+02  0.00000E+00 -0.10000E+02  0.00000E+00 -0.10000E+02 -0.54400E+02  0.00000E+00 -0.54400E+02  0.00000E+00 -0.54434E+02 -0.11547E+02  0.00000E+00 -0.11547E+02  0.00000E+00  0.54903E-06  0.19757E+02  0.00000E+00  0.00000E+00    282  0.00000E+00      0.000
       5.4600 -0.10000E+02  0.00000E+00 -0.10000E+02  0.00000E+00 -0.99999E+01 -0.54600E+02  0.00000E+00 -0.54600E+02  0.00000E+00 -0.54634E+02 -0.11547E+02  0.00000E+00 -0.11547E+02  0.00000E+00  0.54903E-06  0.19757E+02  0.00000E+00  0.00000E+00    283  0.00000E+00      0.000
       5.4800 -0.10000E+02  0.00000E+00 -0.10000E+02  0.00000E+00 -0.10000E+02 -0.54800E+02  0.00000E+00 -0.54800E+02  0.00000E+00 -0.54834E+02 -0.11547E+02  0.00000E+00 -0.11547E+02  0.00000E+00  0.54903E-06  0.19757E+02  0.00000E+00  0.00000E+00    284  0.00000E+00      0.000
       5.5000 -0.10000E+02  0.00000E+00 -0.10000E+02  0.00000E+00 -0.10000E+02 -0.55000E+02  0.00000E+00 -0.55000E+02  0.00000E+00 -0.55034E+02 -0.11547E+02  0.00000E+00 -0.11547E+02  0.00000E+00  0.54903E-06  0.19757E+02  0.00000E+00  0.00000E+00    285  0.00000E+00      0.000
       5.5200 -0.10000E+02  0.00000E+00 -0.10000E+02  0.00000E+00 -0.10000E+02 -0.55200E+02  0.00000E+00 -0.55200E+02  0.00000E+00 -0.55234E+02 -0.11547E+02  0.00000E+00 -0.11547E+02  0.00000E+00  0.54903E-06  0.19757E+02  0.00000E+00  0.00000E+00    286  0.00000E+00      0.000
       5.5400 -0.10000E+02  0.00000E+00 -0.10000E+02  0.00000E+00 -0.10000E+02 -0.55400E+02  0.00000E+00 -0.55400E+02  0.00000E+00 -0.55434E+02 -0.11547E+02  0.00000E+00 -0.11547E+02  0.00000E+00  0.54903E-06  0.19757E+02  0.00000E+00  0.00000E+00    287  0.00000E+00      0.000
       5.5600 -0.10000E+02  0.00000E+00 -0.10000E+02  0.00000E+00 -0.10000E+02 -0.55600E+02  0.00000E+00 -0.55600E+02  0.00000E+00 -0.55634E+02 -0.11547E+02  0.00000E+00 -0.11547E+02  0.00000E+00  0.54903E-06  0.19757E+02  0.00000E+00  0.00000E+00    288  0.00000E+00      0.000
       5.5800 -0.10000E+02  0.00000E+00 -0.10000E+02  0.00000E+00 -0.10000E+02 -0.55800E+02  0.00000E+00 -0.55800E+02  0.00000E+00 -0.55834E+02 -0.11547E+02  0.00000E+00 -0.11547E+02  0.00000E+00  0.54903E-06  0.19757E+02  0.00000E+00  0.00000E+00    289  0.00000E+00      0.000
       5.6000 -0.10000E+02  0.00000E+00 -0.10000E+02  0.00000E+00 -0.10000E+02 -0.56000E+02  0.00000E+00 -0.56000E+02  0.00000E+00 -0.56034E+02 -0.11547E+02  0.00000E+00 -0.11547E+02  0.00000E+00  0.54903E-06  0.19757E+02  0.00000E+00  0.00000E+00    290  0.00000E+00      0.000
       5.6200 -0.10000E+02  0.00000E+00 -0.10000E+02  0.00000E+00 -0.10000E+02 -0.56200E+02  0.00000E+00 -0.56200E+02  0.00000E+00 -0.56234E+02 -0.11547E+02  0.00000E+00 -0.11547E+02  0.00000E+00  0.54903E-06  0.19757E+02  0.00000E+00  0.00000E+00    291  0.00000E+00      0.000
       5.6400 -0.10000E+02  0.00000E+00 -0.10000E+02  0.00000E+00 -0.10000E+02 -0.56400E+02  0.00000E+00 -0.56400E+02  0.00000E+00 -0.56434E+02 -0.11547E+02  0.00000E+00 -0.11547E+02  0.00000E+00  0.54903E-06  0.19757E+02  0.00000E+00  0.00000E+00    292  0.00000E+00      0.000
       5.6600 -0.10000E+02  0.00000E+00 -0.10000E+02  0.00000E+00 -0.10000E+02 -0.56600E+02  0.00000E+00 -0.56600E+02  0.00000E+00 -0.56634E+02 -0.11547E+02  0.00000E+00 -0.11547E+02  0.00000E+00  0.54903E-06  0.19757E+02  0.00000E+00  0.00000E+00    293  0.00000E+00      0.000
       5.6800 -0.10000E+02  0.00000E+00 -0.10000E+02  0.00000E+00 -0.10000E+02 -0.56800E+02  0.00000E+00 -0.56800E+02  0.00000E+00 -0.56834E+02 -0.11547E+02  0.00000E+00 -0.11547E+02  0.00000E+00  0.54903E-06  0.19757E+02  0.00000E+00  0.00000E+00    294  0.00000E+00      0.000
       5.7000 -0.10000E+02  0.00000E+00 -0.10000E+02  0.00000E+00 -0.10000E+02 -0.57000E+02  0.00000E+00 -0.57000E+02  0.00000E+00 -0.57034E+02 -0.11547E+02  0.00000E+00 -0.11547E+02  0.00000E+00  0.54903E-06  0.19757E+02  0.00000E+00  0.00000E+00    295  0.00000E+00      0.000
       5.7200 -0.10000E+02  0.00000E+00 -0.10000E+02  0.00000E+00 -0.10000E+02 -0.57200E+02  0.00000E+00 -0.57200E+02  0.00000E+00 -0.57234E+02 -0.11547E+02  0.00000E+00 -0.11547E+02  0.00000E+00  0.54903E-06  0.19757E+02  0.00000E+00  0.00000E+00    296  0.00000E+00      0.000
       5.7400 -0.10000E+02  0.00000E+00 -0.10000E+02  0.00000E+00 -0.10000E+02 -0.57400E+02  0.00000E+00 -0.57400E+02  0.00000E+00 -0.57434E+02 -0.11547E+02  0.00000E+00 -0.11547E+02  0.00000E+00  0.54903E-06  0.19757E+02  0.00000E+00  0.00000E+00    297  0.00000E+00      0.000
       5.7600 -0.10000E+02  0.00000E+00 -0.10000E+02  0.00000E+00 -0.10000E+02 -0.57600E+02  0.00000E+00 -0.57600E+02  0.00000E+00 -0.57634E+02 -0.11547E+02  0.00000E+00 -0.11547E+02  0.00000E+00  0.54903E-06  0.19757E+02  0.00000E+00  0.00000E+00    298  0.00000E+00      0.000
       5.7800 -0.10000E+02  0.00000E+00 -0.10000E+02  0.00000E+00 -0.10000E+02 -0.57800E+02  0.00000E+00 -0.57800E+02  0.00000E+00 -0.57834E+02 -0.11547E+02  0.00000E+00 -0.11547E+02  0.00000E+00  0.54903E-06  0.19757E+02  0.00000E+00  0.00000E+00    299  0.00000E+00      0.000
       5.8000 -0.10000E+02  0.00000E+00 -0.10000E+02  0.00000E+00 -0.10000E+02 -0.58000E+02  0.00000E+00 -0.58000E+02  0.00000E+00 -0.58034E+02 -0.11547E+02  0.00000E+00 -0.11547E+02  0.00000E+00  0.54903E-06  0.19757E+02  0.00000E+00  0.00000E+00    300  0.00000E+00      0.000
       5.8200 -0.10000E+02  0.00000E+00 -0.10000E+02  0.00000E+00 -0.10000E+02 -0.58200E+02  0.00000E+00 -0.58200E+02  0.00000E+00 -0.58234E+02 -0.11547E+02  0.00000E+00 -0.11547E+02  0.00000E+00  0.54903E-06  0.19757E+02  0.00000E+00  0.00000E+00    301  0.00000E+00      0.000
       5.8400 -0.10000E+02  0.00000E+00 -0.10000E+02  0.00000E+00 -0.10000E+02 -0.58400E+02  0.00000E+00 -0.58400E+02  0.00000E+00 -0.58434E+02 -0.11547E+02  0.00000E+00 -0.11547E+02  0.00000E+00  0.54903E-06  0.19757E+02  0.00000E+00  0.00000E+00    302  0.00000E+00      0.000
       5.8600 -0.10000E+02  0.00000E+00 -0.10000E+02  0.00000E+00 -0.10000E+02 -0.58600E+02  0.00000E+00 -0.58600E+02  0.00000E+00 -0.58634E+02 -0.11547E+02  0.00000E+00 -0.11547E+02  0.00000E+00  0.54903E-06  0.19757E+02  0.00000E+00  0.00000E+00    303  0.00000E+00      0.000
       5.8800 -0.10000E+02  0.00000E+00 -0.10000E+02  0.00000E+00 -0.10000E+02 -0.58800E+02  0.00000E+00 -0.58800E+02  0.00000E+00 -0.58834E+02 -0.11547E+02  0.00000E+00 -0.11547E+02  0.00000E+00  0.54903E-06  0.19757E+02  0.00000E+00  0.00000E+00    304  0.00000E+00      0.000
       5.9000 -0.10000E+02  0.00000E+00 -0.10000E+02  0.00000E+00 -0.10000E+02 -0.59000E+02  0.00000E+00 -0.59000E+02  0.00000E+00 -0.59034E+02 -0.11547E+02  0.00000E+00 -0.11547E+02  0.00000E+00  0.54903E-06  0.19757E+02  0.00000E+00  0.00000E+00    305  0.00000E+00      0.000
       5.9200 -0.10000E+02  0.00000E+00 -0.10000E+02  0.00000E+00 -0.10000E+02 -0.59200E+02  0.00000E+00 -0.59200E+02  0.00000E+00 -0.59234E+02 -0.11547E+02  0.00000E+00 -0.11547E+02  0.00000E+00  0.54903E-06  0.19757E+02  0.00000E+00  0.00000E+00    306  0.00000E+00      0.000
       5.9400 -0.10000E+02  0.00000E+00 -0.10000E+02  0.00000E+00 -0.10000E+02 -0.59400E+02  0.00000E+00 -0.59400E+02  0.00000E+00 -0.59434E+02 -0.11547E+02  0.00000E+00 -0.11547E+02  0.00000E+00  0.54903E-06  0.19757E+02  0.00000E+00  0.00000E+00    307  0.00000E+00      0.000
       5.9600 -0.10000E+02  0.00000E+00 -0.10000E+02  0.00000E+00 -0.10000E+02 -0.59600E+02  0.00000E+00 -0.59600E+02  0.00000E+00 -0.59634E+02 -0.11547E+02  0.00000E+00 -0.11547E+02  0.00000E+00  0.54903E-06  0.19757E+02  0.00000E+00  0.00000E+00    308  0.00000E+00      0.000
       5.9800 -0.10000E+02  0.00000E+00 -0.10000E+02  0.00000E+00 -0.99999E+01 -0.59800E+02  0.00000E+00 -0.59800E+02  0.00000E+00 -0.59834E+02 -0.11547E+02  0.00000E+00 -0.11547E+02  0.00000E+00  0.54903E-06  0.19757E+02  0.00000E+00  0.00000E+00    309  0.00000E+00      0.000
       6.0000 -0.10000E+02  0.00000E+00 -0.10000E+02  0.00000E+00 -0.10000E+02 -0.60000E+02  0.00000E+00 -0.60000E+02  0.00000E+00 -0.60034E+02 -0.11547E+02  0.00000E+00 -0.11547E+02  0.00000E+00  0.54903E-06  0.19757E+02  0.00000E+00  0.00000E+00    310  0.00000E+00      0.000
end
