

   Time         sum(rTop)     sum(rRoot)    sum(vTop)     sum(vRoot)     sum(vBot)    hTop       hRoot      hBot      A-level
    [T]           [L]           [L]           [L]           [L]            [L]        [L]         [L]       [L] 

     1.00000  0.820000E-01  0.120000E-01  0.820000E-01  0.120000E-01 -0.382287E-02   -399.687   -206.930   -200.000       1
     2.00000  0.185000E+00  0.230000E-01  0.185010E+00  0.229914E-01 -0.764574E-02  -1467.878   -224.912   -200.000       2
     3.00000 -0.312500E+01  0.380000E-01 -0.312499E+01  0.373433E-01 -0.114686E-01    -18.904   -140.479   -200.000       3
     4.00000 -0.299200E+01  0.540000E-01 -0.299199E+01  0.532494E-01 -0.152915E-01    -63.194   -123.617   -200.000       4
     5.00000 -0.290000E+01  0.660000E-01 -0.289999E+01  0.652494E-01 -0.191143E-01    -79.150   -118.124   -200.000       5
     6.00000 -0.609800E+01  0.800000E-01 -0.609798E+01  0.770626E-01 -0.229372E-01    -16.825    -83.294   -200.000       6
     7.00000 -0.620500E+01  0.980000E-01 -0.620498E+01  0.940980E-01 -0.267601E-01    -44.437    -65.507   -200.000       7
     8.00000 -0.608800E+01  0.116000E+00 -0.608799E+01  0.112098E+00 -0.305830E-01    -63.108    -58.998   -200.000       8
     9.00000 -0.650600E+01  0.136000E+00 -0.650599E+01  0.132098E+00 -0.344058E-01    -45.809    -55.859   -200.000       9
    10.00000 -0.639500E+01  0.155000E+00 -0.639498E+01  0.151098E+00 -0.382287E-01    -70.215    -59.537   -200.000      10
    11.00000 -0.626000E+01  0.179000E+00 -0.626000E+01  0.175098E+00 -0.420516E-01    -86.201    -64.102   -200.000      11
    12.00000 -0.612600E+01  0.204000E+00 -0.612601E+01  0.200098E+00 -0.458744E-01   -101.280    -69.131   -200.000      12
    13.00000 -0.600100E+01  0.229000E+00 -0.600101E+01  0.225098E+00 -0.496973E-01   -115.561    -74.166   -200.000      13
    14.00000 -0.647200E+01  0.258000E+00 -0.647201E+01  0.254098E+00 -0.535202E-01    -55.220    -69.681   -200.000      14
    15.00000 -0.634100E+01  0.286000E+00 -0.634101E+01  0.282098E+00 -0.573430E-01    -93.455    -73.828   -200.000      15
    16.00000 -0.622700E+01  0.312000E+00 -0.622700E+01  0.308098E+00 -0.611659E-01   -110.407    -78.056   -200.000      16
    17.00000 -0.609700E+01  0.342000E+00 -0.609702E+01  0.338098E+00 -0.649888E-01   -135.084    -82.933   -200.000      17
    18.00000 -0.678300E+01  0.370000E+00 -0.678302E+01  0.366098E+00 -0.688117E-01    -48.958    -74.213   -200.000      18
    19.00000 -0.664500E+01  0.405000E+00 -0.664503E+01  0.401098E+00 -0.726346E-01    -91.723    -77.645   -199.998      19
    20.00000 -0.651900E+01  0.438000E+00 -0.651902E+01  0.434098E+00 -0.764577E-01   -113.186    -81.958   -199.994      20
    21.00000 -0.639100E+01  0.478000E+00 -0.639105E+01  0.474098E+00 -0.802811E-01   -138.261    -86.837   -199.984      21
    22.00000 -0.626700E+01  0.523000E+00 -0.626707E+01  0.519098E+00 -0.841052E-01   -167.993    -92.129   -199.964      22
    23.00000 -0.611600E+01  0.586000E+00 -0.611615E+01  0.582098E+00 -0.879306E-01   -256.408    -99.529   -199.926      23
    24.00000 -0.786100E+01  0.650000E+00 -0.786115E+01  0.646096E+00 -0.917582E-01    -29.563    -73.869   -199.863      24
    25.00000 -0.772800E+01  0.721999E+00 -0.772815E+01  0.718096E+00 -0.955896E-01    -71.926    -74.424   -199.758      25
    26.00000 -0.759200E+01  0.802999E+00 -0.759217E+01  0.799096E+00 -0.994275E-01    -94.326    -77.975   -199.590      26
    27.00000 -0.744300E+01  0.901999E+00 -0.744325E+01  0.898096E+00 -0.103276E+00   -122.577    -83.080   -199.336      27
    28.00000 -0.824500E+01  0.101000E+01 -0.824525E+01  0.100610E+01 -0.107136E+00    -44.460    -74.467   -198.987      28
    29.00000 -0.809600E+01  0.113000E+01 -0.809626E+01  0.112610E+01 -0.111016E+00    -89.608    -78.542   -198.504      29
    30.00000 -0.794600E+01  0.126100E+01 -0.794630E+01  0.125710E+01 -0.114923E+00   -120.727    -84.450   -197.854      30
    31.00000 -0.100230E+02  0.142600E+01 -0.100233E+02  0.142039E+01 -0.118861E+00    -24.677    -63.911   -197.036      31
    32.00000 -0.988300E+01  0.157000E+01 -0.988329E+01  0.156439E+01 -0.122842E+00    -63.689    -64.368   -196.007      32
    33.00000 -0.107240E+02  0.172500E+01 -0.107243E+02  0.171939E+01 -0.126873E+00    -37.044    -58.011   -194.760      33
    34.00000 -0.105890E+02  0.188700E+01 -0.105893E+02  0.188139E+01 -0.130968E+00    -69.981    -61.504   -193.282      34
    35.00000 -0.104360E+02  0.208400E+01 -0.104364E+02  0.207839E+01 -0.135138E+00    -94.056    -67.500   -191.696      35
    36.00000 -0.102770E+02  0.230400E+01 -0.102775E+02  0.229839E+01 -0.139456E+00   -126.612    -75.375   -190.131      36
    37.00000 -0.101340E+02  0.251500E+01 -0.101345E+02  0.250939E+01 -0.143995E+00   -167.900    -83.949   -188.158      37
    38.00000 -0.100000E+02  0.272600E+01 -0.100005E+02  0.272039E+01 -0.148795E+00   -239.483    -93.668   -185.854      38
    39.00000 -0.110960E+02  0.295000E+01 -0.110965E+02  0.294439E+01 -0.153858E+00    -41.622    -78.227   -183.285      39
    40.00000 -0.109460E+02  0.321900E+01 -0.109465E+02  0.321339E+01 -0.159255E+00    -99.714    -84.691   -180.443      40
    41.00000 -0.134460E+02  0.350500E+01 -0.134464E+02  0.348816E+01 -0.164997E+00    -21.421    -62.084   -177.372      41
    42.00000 -0.147690E+02  0.380200E+01 -0.147695E+02  0.377163E+01 -0.171124E+00    -27.436    -49.914   -174.079      42
    43.00000 -0.146370E+02  0.408400E+01 -0.146375E+02  0.405363E+01 -0.177669E+00    -60.227    -51.910   -170.569      43
    44.00000 -0.144960E+02  0.440300E+01 -0.144966E+02  0.437263E+01 -0.184659E+00    -82.658    -59.015   -166.839      44
    45.00000 -0.143580E+02  0.473500E+01 -0.143586E+02  0.470463E+01 -0.192136E+00   -109.291    -67.768   -162.890      45
    46.00000 -0.142200E+02  0.508500E+01 -0.142207E+02  0.505463E+01 -0.200100E+00   -151.451    -78.292   -158.760      46
    47.00000 -0.140770E+02  0.546900E+01 -0.140778E+02  0.543863E+01 -0.208567E+00   -256.759    -91.738   -154.526      47
    48.00000 -0.139420E+02  0.585000E+01 -0.139428E+02  0.581955E+01 -0.217604E+00   -698.325   -111.393   -150.740      48
    49.00000 -0.138040E+02  0.626100E+01 -0.138068E+02  0.622673E+01 -0.227645E+00 -15000.000   -261.246   -147.002      49
    50.00000 -0.136740E+02  0.666900E+01 -0.137590E+02  0.662594E+01 -0.238915E+00 -15000.000   -289.524   -142.976      50
    51.00000 -0.148240E+02  0.710001E+01 -0.149090E+02  0.705671E+01 -0.251395E+00    -49.245   -114.451   -138.787      51
    52.00000 -0.146920E+02  0.755901E+01 -0.147770E+02  0.751571E+01 -0.265254E+00   -161.613   -126.481   -134.440      52
    53.00000 -0.147820E+02  0.796201E+01 -0.148670E+02  0.791871E+01 -0.280543E+00   -129.930   -136.709   -129.956      53
    54.00000 -0.156530E+02  0.842100E+01 -0.157380E+02  0.837771E+01 -0.297199E+00    -51.578   -129.750   -125.408      54
    55.00000 -0.155370E+02  0.889000E+01 -0.156220E+02  0.884671E+01 -0.315312E+00   -139.713   -142.086   -120.980      55
    56.00000 -0.154230E+02  0.935600E+01 -0.155080E+02  0.931270E+01 -0.335500E+00   -293.814   -164.271   -117.395      56
    57.00000 -0.153060E+02  0.983800E+01 -0.153907E+02  0.979384E+01 -0.358645E+00  -2197.437   -213.760   -113.838      57
    58.00000 -0.151740E+02  0.103890E+02 -0.153239E+02  0.103328E+02 -0.384478E+00 -15000.000   -385.695   -110.571      58
    59.00000 -0.150630E+02  0.108550E+02 -0.153160E+02  0.107839E+02 -0.412841E+00 -15000.000   -460.390   -107.682      59
    60.00000 -0.149360E+02  0.113920E+02 -0.153149E+02  0.112905E+02 -0.443407E+00 -15000.000   -602.194   -105.177      60
    61.00000 -0.148330E+02  0.118330E+02 -0.153148E+02  0.116896E+02 -0.475822E+00 -15000.000   -807.141   -103.026      61
    62.00000 -0.147180E+02  0.123270E+02 -0.153147E+02  0.121071E+02 -0.509814E+00 -15000.000  -1111.918   -101.204      62
    63.00000 -0.145990E+02  0.128420E+02 -0.153147E+02  0.124977E+02 -0.545130E+00 -15000.000  -1563.276    -99.679      63
    64.00000 -0.144770E+02  0.133750E+02 -0.153146E+02  0.128423E+02 -0.581545E+00 -15000.000  -2141.569    -98.422      64
    65.00000 -0.143540E+02  0.139150E+02 -0.153146E+02  0.131279E+02 -0.618856E+00 -15000.000  -2731.069    -97.404      65
    66.00000 -0.144810E+02  0.144600E+02 -0.154417E+02  0.133965E+02 -0.656822E+00   -344.622  -2824.753    -96.581      66
    67.00000 -0.143680E+02  0.149650E+02 -0.153926E+02  0.136164E+02 -0.695390E+00 -15000.000  -3338.243    -95.960      67
    68.00000 -0.145870E+02  0.154670E+02 -0.156117E+02  0.138246E+02 -0.734368E+00   -209.227  -3268.331    -95.508      68
    69.00000 -0.144650E+02  0.160210E+02 -0.155317E+02  0.140477E+02 -0.773744E+00 -15000.000  -3631.084    -95.254      69
    70.00000 -0.164120E+02  0.165370E+02 -0.174787E+02  0.143027E+02 -0.813512E+00    -36.749  -2598.442    -95.104      70
    71.00000 -0.177890E+02  0.170140E+02 -0.188557E+02  0.146270E+02 -0.853471E+00    -36.102  -1936.726    -95.062      71
    72.00000 -0.176850E+02  0.174980E+02 -0.187517E+02  0.150040E+02 -0.893409E+00   -104.781  -1604.222    -95.119      72
    73.00000 -0.176300E+02  0.179920E+02 -0.186967E+02  0.154054E+02 -0.933129E+00   -155.174  -1569.669    -95.265      73
    74.00000 -0.180040E+02  0.185410E+02 -0.190707E+02  0.158532E+02 -0.972471E+00    -82.854  -1623.540    -95.502      74
    75.00000 -0.178920E+02  0.190780E+02 -0.189587E+02  0.162871E+02 -0.101147E+01   -249.978  -1742.259    -95.830      75
    76.00000 -0.177760E+02  0.196370E+02 -0.188425E+02  0.167298E+02 -0.105018E+01  -2161.382  -1921.698    -96.199      76
    77.00000 -0.180090E+02  0.201540E+02 -0.190755E+02  0.171307E+02 -0.108859E+01   -147.295  -2053.084    -96.606      77
    78.00000 -0.178980E+02  0.206940E+02 -0.189641E+02  0.175343E+02 -0.112664E+01  -3684.406  -2306.125    -97.050      78
    79.00000 -0.177840E+02  0.212530E+02 -0.189262E+02  0.179180E+02 -0.116432E+01 -15000.000  -2723.705    -97.526      79
    80.00000 -0.176780E+02  0.217770E+02 -0.189244E+02  0.182406E+02 -0.120159E+01 -15000.000  -3160.173    -98.030      80
    81.00000 -0.175670E+02  0.223310E+02 -0.189242E+02  0.185180E+02 -0.123842E+01 -15000.000  -3865.292    -98.558      81
    82.00000 -0.183960E+02  0.228430E+02 -0.197533E+02  0.187544E+02 -0.127486E+01    -74.563  -3886.347    -99.105      82
    83.00000 -0.186730E+02  0.233671E+02 -0.200303E+02  0.189842E+02 -0.131085E+01   -104.284  -4010.729    -99.671      83
    84.00000 -0.194710E+02  0.238900E+02 -0.208283E+02  0.192184E+02 -0.134636E+01    -58.673  -3843.342   -100.253      84
    85.00000 -0.198960E+02  0.243820E+02 -0.212533E+02  0.194681E+02 -0.138140E+01    -70.756  -3572.117   -100.848      85
    86.00000 -0.197890E+02  0.249391E+02 -0.211463E+02  0.197753E+02 -0.141594E+01   -204.073  -3462.449   -101.455      86
    87.00000 -0.211600E+02  0.254590E+02 -0.225173E+02  0.200711E+02 -0.145000E+01    -39.890  -3398.396   -102.071      87
    88.00000 -0.210580E+02  0.259981E+02 -0.224153E+02  0.203977E+02 -0.148354E+01   -122.200  -3125.440   -102.696      88
    89.00000 -0.209540E+02  0.265550E+02 -0.223114E+02  0.207554E+02 -0.151657E+01   -256.128  -3059.662   -103.328      89
    90.00000 -0.208510E+02  0.271100E+02 -0.222082E+02  0.211161E+02 -0.154907E+01  -1419.940  -3113.871   -103.965      90
    91.00000 -0.216450E+02  0.276601E+02 -0.230022E+02  0.214720E+02 -0.158108E+01    -64.198  -3144.652   -104.606      91
    92.00000 -0.215430E+02  0.281681E+02 -0.229002E+02  0.217954E+02 -0.161255E+01   -222.097  -3238.258   -105.251      92
    93.00000 -0.214420E+02  0.286521E+02 -0.227990E+02  0.220963E+02 -0.164348E+01  -1015.354  -3375.228   -105.898      93
    94.00000 -0.213380E+02  0.291361E+02 -0.227227E+02  0.223795E+02 -0.167388E+01 -15000.000  -3672.956   -106.546      94
    95.00000 -0.220650E+02  0.295511E+02 -0.234497E+02  0.226208E+02 -0.170378E+01    -73.117  -3623.689   -107.195      95
    96.00000 -0.223990E+02  0.299631E+02 -0.237837E+02  0.228522E+02 -0.173316E+01    -86.722  -3735.489   -107.845      96
    97.00000 -0.223010E+02  0.303671E+02 -0.236857E+02  0.230712E+02 -0.176199E+01   -252.951  -3852.395   -108.493      97
    98.00000 -0.222000E+02  0.307701E+02 -0.235846E+02  0.232831E+02 -0.179029E+01  -1365.307  -3968.451   -109.141      98
    99.00000 -0.220860E+02  0.312051E+02 -0.235136E+02  0.234975E+02 -0.181807E+01 -15000.000  -4207.416   -109.787      99
   100.00000 -0.219820E+02  0.315871E+02 -0.235046E+02  0.236763E+02 -0.184530E+01 -15000.000  -4328.812   -110.430     100
   101.00000 -0.218730E+02  0.319721E+02 -0.235028E+02  0.238444E+02 -0.187200E+01 -15000.000  -4498.189   -111.072     101
   102.00000 -0.217490E+02  0.323931E+02 -0.235025E+02  0.240070E+02 -0.189818E+01 -15000.000  -4766.452   -111.710     102
   103.00000 -0.216380E+02  0.327541E+02 -0.235025E+02  0.241220E+02 -0.192384E+01 -15000.000  -5093.791   -112.346     103
   104.00000 -0.215170E+02  0.331331E+02 -0.235024E+02  0.242116E+02 -0.194899E+01 -15000.000  -5487.925   -112.977     104
   105.00000 -0.220500E+02  0.334551E+02 -0.240354E+02  0.242990E+02 -0.197369E+01   -104.576  -5065.396   -113.606     105
   106.00000 -0.219360E+02  0.337831E+02 -0.239213E+02  0.243990E+02 -0.199787E+01  -1791.494  -5073.369   -114.231     106
   107.00000 -0.218280E+02  0.340811E+02 -0.238644E+02  0.244830E+02 -0.202153E+01 -15000.000  -5259.022   -114.851     107
   108.00000 -0.234450E+02  0.343821E+02 -0.254814E+02  0.245818E+02 -0.204471E+01    -41.138  -4553.817   -115.468     108
   109.00000 -0.251110E+02  0.346981E+02 -0.271474E+02  0.247382E+02 -0.206740E+01    -32.051  -3680.691   -116.081     109
   110.00000 -0.250099E+02  0.349451E+02 -0.270464E+02  0.248945E+02 -0.208958E+01    -91.063  -3112.566   -116.690     110
   111.00000 -0.248889E+02  0.352271E+02 -0.269254E+02  0.250900E+02 -0.211127E+01   -150.044  -2887.515   -117.295     111
   112.00000 -0.247699E+02  0.354931E+02 -0.268064E+02  0.252818E+02 -0.213245E+01   -267.486  -2768.955   -117.896     112
   113.00000 -0.246579E+02  0.357311E+02 -0.266943E+02  0.254573E+02 -0.215314E+01   -712.299  -2707.611   -118.494     113
   114.00000 -0.245549E+02  0.359421E+02 -0.265909E+02  0.256141E+02 -0.217335E+01  -6021.464  -2717.539   -119.090     114
   115.00000 -0.244379E+02  0.361711E+02 -0.265334E+02  0.257822E+02 -0.219307E+01 -15000.000  -2789.436   -119.687     115
   116.00000 -0.243269E+02  0.363781E+02 -0.265128E+02  0.259346E+02 -0.221229E+01 -15000.000  -2789.009   -120.297     116
   117.00000 -0.244389E+02  0.365871E+02 -0.266248E+02  0.260929E+02 -0.223112E+01   -274.594  -2642.183   -121.040     117
   118.00000 -0.249029E+02  0.367821E+02 -0.270888E+02  0.262416E+02 -0.224971E+01    -92.164  -2613.321   -121.743     118
   119.00000 -0.247729E+02  0.369911E+02 -0.269588E+02  0.264008E+02 -0.226808E+01   -483.191  -2637.867   -122.423     119
   120.00000 -0.246609E+02  0.371611E+02 -0.268464E+02  0.265293E+02 -0.228623E+01  -7201.544  -2731.460   -123.089     120
end
