 ******* Program HYDRUS
 ******* Saison de culture (mais) 120 j : pluie, evaporation, transpiration, Fedd
 Date:   0. 0.    Time: 512:**:**
 Units: L = cm   , T = days , M = g    

----------------------------------------------------------
 Time       [T]        0.0000
----------------------------------------------------------
 Sub-region num.                     1
----------------------------------------------------------
 Area     [L]        0.15000E+03  0.15000E+03
 W-volume [L]        0.28951E+02  0.28951E+02
 In-flow  [L/T]      0.00000E+00  0.00000E+00
 h Mean   [L]       -0.20000E+03 -0.20000E+03
 Top Flux [L/T]     -0.38229E-02
 Bot Flux [L/T]     -0.38229E-02
----------------------------------------------------------

----------------------------------------------------------
 Time       [T]        5.0000
----------------------------------------------------------
 Sub-region num.                     1
----------------------------------------------------------
 Area     [L]        0.15000E+03  0.15000E+03
 W-volume [L]        0.31766E+02  0.31766E+02
 In-flow  [L/T]     -0.10782E+00 -0.10782E+00
 h Mean   [L]       -0.16754E+03 -0.16754E+03
 Top Flux [L/T]      0.84313E-01
 Bot Flux [L/T]     -0.38229E-02
 WatBalT  [L]       -0.45943E-03
 WatBalR  [%]              0.012
----------------------------------------------------------

----------------------------------------------------------
 Time       [T]       10.0000
----------------------------------------------------------
 Sub-region num.                     1
----------------------------------------------------------
 Area     [L]        0.15000E+03  0.15000E+03
 W-volume [L]        0.35156E+02  0.35156E+02
 In-flow  [L/T]     -0.13382E+00 -0.13382E+00
 h Mean   [L]       -0.13614E+03 -0.13614E+03
 Top Flux [L/T]      0.10182E+00
 Bot Flux [L/T]     -0.38229E-02
 WatBalT  [L]       -0.54216E-03
 WatBalR  [%]              0.007
----------------------------------------------------------

----------------------------------------------------------
 Time       [T]       15.0000
----------------------------------------------------------
 Sub-region num.                     1
----------------------------------------------------------
 Area     [L]        0.15000E+03  0.15000E+03
 W-volume [L]        0.34954E+02  0.34954E+02
 In-flow  [L/T]     -0.16283E+00 -0.16283E+00
 h Mean   [L]       -0.12938E+03 -0.12938E+03
 Top Flux [L/T]      0.12026E+00
 Bot Flux [L/T]     -0.38229E-02
 WatBalT  [L]        0.84782E-03
 WatBalR  [%]              0.009
----------------------------------------------------------

----------------------------------------------------------
 Time       [T]       20.0000
----------------------------------------------------------
 Sub-region num.                     1
----------------------------------------------------------
 Area     [L]        0.15000E+03  0.15000E+03
 W-volume [L]        0.34961E+02  0.34961E+02
 In-flow  [L/T]     -0.16282E+00 -0.16282E+00
 h Mean   [L]       -0.12502E+03 -0.12502E+03
 Top Flux [L/T]      0.11851E+00
 Bot Flux [L/T]     -0.38239E-02
 WatBalT  [L]        0.15521E-02
 WatBalR  [%]              0.015
----------------------------------------------------------

----------------------------------------------------------
 Time       [T]       25.0000
----------------------------------------------------------
 Sub-region num.                     1
----------------------------------------------------------
 Area     [L]        0.15000E+03  0.15000E+03
 W-volume [L]        0.35875E+02  0.35875E+02
 In-flow  [L/T]     -0.20883E+00 -0.20883E+00
 h Mean   [L]       -0.11637E+03 -0.11637E+03
 Top Flux [L/T]      0.11889E+00
 Bot Flux [L/T]     -0.38515E-02
 WatBalT  [L]        0.93260E-02
 WatBalR  [%]              0.072
----------------------------------------------------------

----------------------------------------------------------
 Time       [T]       30.0000
----------------------------------------------------------
 Sub-region num.                     1
----------------------------------------------------------
 Area     [L]        0.15000E+03  0.15000E+03
 W-volume [L]        0.35543E+02  0.35543E+02
 In-flow  [L/T]     -0.28492E+00 -0.28492E+00
 h Mean   [L]       -0.11534E+03 -0.11534E+03
 Top Flux [L/T]      0.13977E+00
 Bot Flux [L/T]     -0.40183E-02
 WatBalT  [L]        0.17955E-01
 WatBalR  [%]              0.121
----------------------------------------------------------

----------------------------------------------------------
 Time       [T]       35.0000
----------------------------------------------------------
 Sub-region num.                     1
----------------------------------------------------------
 Area     [L]        0.15000E+03  0.15000E+03
 W-volume [L]        0.37199E+02  0.37199E+02
 In-flow  [L/T]     -0.35420E+00 -0.35420E+00
 h Mean   [L]       -0.10287E+03 -0.10287E+03
 Top Flux [L/T]      0.14405E+00
 Bot Flux [L/T]     -0.44260E-02
 WatBalT  [L]        0.24864E-01
 WatBalR  [%]              0.130
----------------------------------------------------------

----------------------------------------------------------
 Time       [T]       40.0000
----------------------------------------------------------
 Sub-region num.                     1
----------------------------------------------------------
 Area     [L]        0.15000E+03  0.15000E+03
 W-volume [L]        0.36556E+02  0.36556E+02
 In-flow  [L/T]     -0.42455E+00 -0.42455E+00
 h Mean   [L]       -0.10369E+03 -0.10369E+03
 Top Flux [L/T]      0.13739E+00
 Bot Flux [L/T]     -0.61241E-02
 WatBalT  [L]        0.30581E-01
 WatBalR  [%]              0.139
----------------------------------------------------------

----------------------------------------------------------
 Time       [T]       45.0000
----------------------------------------------------------
 Sub-region num.                     1
----------------------------------------------------------
 Area     [L]        0.15000E+03  0.15000E+03
 W-volume [L]        0.38450E+02  0.38450E+02
 In-flow  [L/T]     -0.47765E+00 -0.47765E+00
 h Mean   [L]       -0.90447E+02 -0.90447E+02
 Top Flux [L/T]      0.13238E+00
 Bot Flux [L/T]     -0.84319E-02
 WatBalT  [L]        0.36778E-01
 WatBalR  [%]              0.133
----------------------------------------------------------

----------------------------------------------------------
 Time       [T]       50.0000
----------------------------------------------------------
 Sub-region num.                     1
----------------------------------------------------------
 Area     [L]        0.15000E+03  0.15000E+03
 W-volume [L]        0.35898E+02  0.35898E+02
 In-flow  [L/T]     -0.43994E+00 -0.43994E+00
 h Mean   [L]       -0.17308E+03 -0.17308E+03
 Top Flux [L/T]      0.29189E-01
 Bot Flux [L/T]     -0.12912E-01
 WatBalT  [L]        0.52840E-01
 WatBalR  [%]              0.175
----------------------------------------------------------

----------------------------------------------------------
 Time       [T]       55.0000
----------------------------------------------------------
 Sub-region num.                     1
----------------------------------------------------------
 Area     [L]        0.15000E+03  0.15000E+03
 W-volume [L]        0.35466E+02  0.35466E+02
 In-flow  [L/T]     -0.60374E+00 -0.60374E+00
 h Mean   [L]       -0.11323E+03 -0.11323E+03
 Top Flux [L/T]      0.10120E+00
 Bot Flux [L/T]     -0.19874E-01
 WatBalT  [L]        0.54610E-01
 WatBalR  [%]              0.156
----------------------------------------------------------

----------------------------------------------------------
 Time       [T]       60.0000
----------------------------------------------------------
 Sub-region num.                     1
----------------------------------------------------------
 Area     [L]        0.15000E+03  0.15000E+03
 W-volume [L]        0.32600E+02  0.32600E+02
 In-flow  [L/T]     -0.53634E+00 -0.53634E+00
 h Mean   [L]       -0.29678E+03 -0.29678E+03
 Top Flux [L/T]      0.34078E-03
 Bot Flux [L/T]     -0.32176E-01
 WatBalT  [L]        0.67899E-01
 WatBalR  [%]              0.180
----------------------------------------------------------

----------------------------------------------------------
 Time       [T]       65.0000
----------------------------------------------------------
 Sub-region num.                     1
----------------------------------------------------------
 Area     [L]        0.15000E+03  0.15000E+03
 W-volume [L]        0.30528E+02  0.30528E+02
 In-flow  [L/T]     -0.31538E+00 -0.31538E+00
 h Mean   [L]       -0.11436E+04 -0.11436E+04
 Top Flux [L/T]      0.51967E-04
 Bot Flux [L/T]     -0.37950E-01
 WatBalT  [L]        0.89703E-02
 WatBalR  [%]              0.023
----------------------------------------------------------

----------------------------------------------------------
 Time       [T]       70.0000
----------------------------------------------------------
 Sub-region num.                     1
----------------------------------------------------------
 Area     [L]        0.15000E+03  0.15000E+03
 W-volume [L]        0.31318E+02  0.31318E+02
 In-flow  [L/T]      0.15966E+01  0.15966E+01
 h Mean   [L]       -0.10940E+04 -0.10940E+04
 Top Flux [L/T]     -0.19221E+01
 Bot Flux [L/T]     -0.39947E-01
 WatBalT  [L]        0.41621E-02
 WatBalR  [%]              0.010
----------------------------------------------------------

----------------------------------------------------------
 Time       [T]       75.0000
----------------------------------------------------------
 Sub-region num.                     1
----------------------------------------------------------
 Area     [L]        0.15000E+03  0.15000E+03
 W-volume [L]        0.30617E+02  0.30617E+02
 In-flow  [L/T]     -0.58292E+00 -0.58292E+00
 h Mean   [L]       -0.75775E+03 -0.75775E+03
 Top Flux [L/T]      0.91642E-01
 Bot Flux [L/T]     -0.38753E-01
 WatBalT  [L]        0.52289E-02
 WatBalR  [%]              0.011
----------------------------------------------------------

----------------------------------------------------------
 Time       [T]       80.0000
----------------------------------------------------------
 Sub-region num.                     1
----------------------------------------------------------
 Area     [L]        0.15000E+03  0.15000E+03
 W-volume [L]        0.28427E+02  0.28427E+02
 In-flow  [L/T]     -0.35040E+00 -0.35040E+00
 h Mean   [L]       -0.13236E+04 -0.13236E+04
 Top Flux [L/T]      0.50221E-03
 Bot Flux [L/T]     -0.36904E-01
 WatBalT  [L]       -0.64231E-02
 WatBalR  [%]              0.013
----------------------------------------------------------

----------------------------------------------------------
 Time       [T]       85.0000
----------------------------------------------------------
 Sub-region num.                     1
----------------------------------------------------------
 Area     [L]        0.15000E+03  0.15000E+03
 W-volume [L]        0.29338E+02  0.29338E+02
 In-flow  [L/T]      0.12855E+00  0.12855E+00
 h Mean   [L]       -0.14904E+04 -0.14904E+04
 Top Flux [L/T]     -0.41694E+00
 Bot Flux [L/T]     -0.34584E-01
 WatBalT  [L]       -0.16966E-01
 WatBalR  [%]              0.031
----------------------------------------------------------

----------------------------------------------------------
 Time       [T]       90.0000
----------------------------------------------------------
 Sub-region num.                     1
----------------------------------------------------------
 Area     [L]        0.15000E+03  0.15000E+03
 W-volume [L]        0.28484E+02  0.28484E+02
 In-flow  [L/T]     -0.49523E+00 -0.49523E+00
 h Mean   [L]       -0.13119E+04 -0.13119E+04
 Top Flux [L/T]      0.77167E-01
 Bot Flux [L/T]     -0.32039E-01
 WatBalT  [L]       -0.10691E-01
 WatBalR  [%]              0.019
----------------------------------------------------------

----------------------------------------------------------
 Time       [T]       95.0000
----------------------------------------------------------
 Sub-region num.                     1
----------------------------------------------------------
 Area     [L]        0.15000E+03  0.15000E+03
 W-volume [L]        0.28058E+02  0.28058E+02
 In-flow  [L/T]      0.45950E+00  0.45950E+00
 h Mean   [L]       -0.15174E+04 -0.15174E+04
 Top Flux [L/T]     -0.70465E+00
 Bot Flux [L/T]     -0.29413E-01
 WatBalT  [L]       -0.18520E-01
 WatBalR  [%]              0.030
----------------------------------------------------------

----------------------------------------------------------
 Time       [T]      100.0000
----------------------------------------------------------
 Sub-region num.                     1
----------------------------------------------------------
 Area     [L]        0.15000E+03  0.15000E+03
 W-volume [L]        0.26909E+02  0.26909E+02
 In-flow  [L/T]     -0.20874E+00 -0.20874E+00
 h Mean   [L]       -0.18001E+04 -0.18001E+04
 Top Flux [L/T]      0.43505E-02
 Bot Flux [L/T]     -0.26789E-01
 WatBalT  [L]       -0.25095E-01
 WatBalR  [%]              0.040
----------------------------------------------------------

----------------------------------------------------------
 Time       [T]      105.0000
----------------------------------------------------------
 Sub-region num.                     1
----------------------------------------------------------
 Area     [L]        0.15000E+03  0.15000E+03
 W-volume [L]        0.26665E+02  0.26665E+02
 In-flow  [L/T]      0.41294E+00  0.41294E+00
 h Mean   [L]       -0.20951E+04 -0.20951E+04
 Top Flux [L/T]     -0.50748E+00
 Bot Flux [L/T]     -0.24217E-01
 WatBalT  [L]       -0.49288E-01
 WatBalR  [%]              0.077
----------------------------------------------------------

----------------------------------------------------------
 Time       [T]      110.0000
----------------------------------------------------------
 Sub-region num.                     1
----------------------------------------------------------
 Area     [L]        0.15000E+03  0.15000E+03
 W-volume [L]        0.28964E+02  0.28964E+02
 In-flow  [L/T]     -0.28847E+00 -0.28847E+00
 h Mean   [L]       -0.13232E+04 -0.13232E+04
 Top Flux [L/T]      0.84018E-01
 Bot Flux [L/T]     -0.21721E-01
 WatBalT  [L]       -0.49223E-01
 WatBalR  [%]              0.072
----------------------------------------------------------

----------------------------------------------------------
 Time       [T]      115.0000
----------------------------------------------------------
 Sub-region num.                     1
----------------------------------------------------------
 Area     [L]        0.15000E+03  0.15000E+03
 W-volume [L]        0.27459E+02  0.27459E+02
 In-flow  [L/T]     -0.21824E+00 -0.21824E+00
 h Mean   [L]       -0.11976E+04 -0.11976E+04
 Top Flux [L/T]      0.30513E-01
 Bot Flux [L/T]     -0.19290E-01
 WatBalT  [L]       -0.50248E-01
 WatBalR  [%]              0.072
----------------------------------------------------------

----------------------------------------------------------
 Time       [T]      120.0000
----------------------------------------------------------
 Sub-region num.                     1
----------------------------------------------------------
 Area     [L]        0.15000E+03  0.15000E+03
 W-volume [L]        0.26926E+02  0.26926E+02
 In-flow  [L/T]     -0.25771E+00 -0.25771E+00
 h Mean   [L]       -0.11771E+04 -0.11771E+04
 Top Flux [L/T]      0.90428E-01
 Bot Flux [L/T]     -0.17885E-01
 WatBalT  [L]       -0.55902E-01
 WatBalR  [%]              0.078
----------------------------------------------------------

 Calculation time [sec]   2151943133.0000000     
