 ******* Program HYDRUS
 ******* Pluie 10 cm/j pendant 0.5 j sur un loam avec croûte de 1 cm (Ks = 0.5 c
 Date:   0. 0.    Time: 512:**:**
 Units: L = cm   , T = days , M = g    

----------------------------------------------------------
 Time       [T]        0.0000
----------------------------------------------------------
 Sub-region num.                     1            2
----------------------------------------------------------
 Area     [L]        0.10000E+03  0.10000E+01  0.99000E+02
 W-volume [L]        0.17021E+02  0.17021E+00  0.16851E+02
 In-flow  [L/T]      0.00000E+00  0.00000E+00  0.00000E+00
 h Mean   [L]       -0.30000E+03 -0.30000E+03 -0.30000E+03
 Top Flux [L/T]     -0.19710E-04
 Bot Flux [L/T]     -0.98391E-03
----------------------------------------------------------

----------------------------------------------------------
 Time       [T]        0.0500
----------------------------------------------------------
 Sub-region num.                     1            2
----------------------------------------------------------
 Area     [L]        0.10000E+03  0.10000E+01  0.99000E+02
 W-volume [L]        0.17383E+02  0.40474E+00  0.16978E+02
 In-flow  [L/T]      0.43721E+01 -0.14289E+00  0.45150E+01
 h Mean   [L]       -0.29393E+03 -0.10111E+02 -0.29680E+03
 Top Flux [L/T]     -0.43731E+01
 Bot Flux [L/T]     -0.98391E-03
 WatBalT  [L]       -0.22054E-05
 WatBalR  [%]              0.001
----------------------------------------------------------

----------------------------------------------------------
 Time       [T]        0.1000
----------------------------------------------------------
 Sub-region num.                     1            2
----------------------------------------------------------
 Area     [L]        0.10000E+03  0.10000E+01  0.99000E+02
 W-volume [L]        0.17616E+02  0.40100E+00  0.17215E+02
 In-flow  [L/T]      0.46909E+01  0.28954E-01  0.46619E+01
 h Mean   [L]       -0.28907E+03 -0.11539E+02 -0.29187E+03
 Top Flux [L/T]     -0.46919E+01
 Bot Flux [L/T]     -0.98391E-03
 WatBalT  [L]       -0.24438E-05
 WatBalR  [%]              0.000
----------------------------------------------------------

----------------------------------------------------------
 Time       [T]        0.1500
----------------------------------------------------------
 Sub-region num.                     1            2
----------------------------------------------------------
 Area     [L]        0.10000E+03  0.10000E+01  0.99000E+02
 W-volume [L]        0.17844E+02  0.40372E+00  0.17440E+02
 In-flow  [L/T]      0.44600E+01  0.41192E-01  0.44188E+01
 h Mean   [L]       -0.28501E+03 -0.10476E+02 -0.28779E+03
 Top Flux [L/T]     -0.44610E+01
 Bot Flux [L/T]     -0.98391E-03
 WatBalT  [L]       -0.39339E-05
 WatBalR  [%]              0.000
----------------------------------------------------------

----------------------------------------------------------
 Time       [T]        0.2000
----------------------------------------------------------
 Sub-region num.                     1            2
----------------------------------------------------------
 Area     [L]        0.10000E+03  0.10000E+01  0.99000E+02
 W-volume [L]        0.18062E+02  0.40591E+00  0.17656E+02
 In-flow  [L/T]      0.42863E+01  0.41161E-01  0.42452E+01
 h Mean   [L]       -0.28137E+03 -0.96943E+01 -0.28412E+03
 Top Flux [L/T]     -0.42873E+01
 Bot Flux [L/T]     -0.98391E-03
 WatBalT  [L]       -0.53644E-05
 WatBalR  [%]              0.001
----------------------------------------------------------

----------------------------------------------------------
 Time       [T]        0.2500
----------------------------------------------------------
 Sub-region num.                     1            2
----------------------------------------------------------
 Area     [L]        0.10000E+03  0.10000E+01  0.99000E+02
 W-volume [L]        0.18273E+02  0.40756E+00  0.17865E+02
 In-flow  [L/T]      0.41522E+01  0.26783E-01  0.41254E+01
 h Mean   [L]       -0.27798E+03 -0.90960E+01 -0.28070E+03
 Top Flux [L/T]     -0.41532E+01
 Bot Flux [L/T]     -0.98391E-03
 WatBalT  [L]       -0.69141E-05
 WatBalR  [%]              0.001
----------------------------------------------------------

----------------------------------------------------------
 Time       [T]        0.3000
----------------------------------------------------------
 Sub-region num.                     1            2
----------------------------------------------------------
 Area     [L]        0.10000E+03  0.10000E+01  0.99000E+02
 W-volume [L]        0.18477E+02  0.40877E+00  0.18069E+02
 In-flow  [L/T]      0.40467E+01  0.22050E-01  0.40246E+01
 h Mean   [L]       -0.27475E+03 -0.86585E+01 -0.27744E+03
 Top Flux [L/T]     -0.40477E+01
 Bot Flux [L/T]     -0.98391E-03
 WatBalT  [L]       -0.81062E-05
 WatBalR  [%]              0.001
----------------------------------------------------------

----------------------------------------------------------
 Time       [T]        0.3500
----------------------------------------------------------
 Sub-region num.                     1            2
----------------------------------------------------------
 Area     [L]        0.10000E+03  0.10000E+01  0.99000E+02
 W-volume [L]        0.18677E+02  0.40982E+00  0.18267E+02
 In-flow  [L/T]      0.39627E+01  0.19919E-01  0.39428E+01
 h Mean   [L]       -0.27166E+03 -0.82982E+01 -0.27432E+03
 Top Flux [L/T]     -0.39637E+01
 Bot Flux [L/T]     -0.98391E-03
 WatBalT  [L]       -0.84639E-05
 WatBalR  [%]              0.001
----------------------------------------------------------

----------------------------------------------------------
 Time       [T]        0.4000
----------------------------------------------------------
 Sub-region num.                     1            2
----------------------------------------------------------
 Area     [L]        0.10000E+03  0.10000E+01  0.99000E+02
 W-volume [L]        0.18873E+02  0.41073E+00  0.18462E+02
 In-flow  [L/T]      0.38876E+01  0.17109E-01  0.38705E+01
 h Mean   [L]       -0.26869E+03 -0.79897E+01 -0.27132E+03
 Top Flux [L/T]     -0.38886E+01
 Bot Flux [L/T]     -0.98391E-03
 WatBalT  [L]       -0.10729E-04
 WatBalR  [%]              0.001
----------------------------------------------------------

----------------------------------------------------------
 Time       [T]        0.4500
----------------------------------------------------------
 Sub-region num.                     1            2
----------------------------------------------------------
 Area     [L]        0.10000E+03  0.10000E+01  0.99000E+02
 W-volume [L]        0.19066E+02  0.41143E+00  0.18654E+02
 In-flow  [L/T]      0.38263E+01  0.12721E-01  0.38136E+01
 h Mean   [L]       -0.26580E+03 -0.77512E+01 -0.26841E+03
 Top Flux [L/T]     -0.38273E+01
 Bot Flux [L/T]     -0.98391E-03
 WatBalT  [L]       -0.11444E-04
 WatBalR  [%]              0.001
----------------------------------------------------------

----------------------------------------------------------
 Time       [T]        0.5000
----------------------------------------------------------
 Sub-region num.                     1            2
----------------------------------------------------------
 Area     [L]        0.10000E+03  0.10000E+01  0.99000E+02
 W-volume [L]        0.19256E+02  0.41203E+00  0.18843E+02
 In-flow  [L/T]      0.37725E+01  0.11203E-01  0.37613E+01
 h Mean   [L]       -0.26298E+03 -0.75493E+01 -0.26556E+03
 Top Flux [L/T]     -0.37735E+01
 Bot Flux [L/T]     -0.98391E-03
 WatBalT  [L]       -0.12159E-04
 WatBalR  [%]              0.001
----------------------------------------------------------

----------------------------------------------------------
 Time       [T]        0.5500
----------------------------------------------------------
 Sub-region num.                     1            2
----------------------------------------------------------
 Area     [L]        0.10000E+03  0.10000E+01  0.99000E+02
 W-volume [L]        0.19255E+02  0.36391E+00  0.18892E+02
 In-flow  [L/T]     -0.97212E-03 -0.49989E+00  0.49892E+00
 h Mean   [L]       -0.26097E+03 -0.23905E+02 -0.26336E+03
 Top Flux [L/T]     -0.14331E+00
 Bot Flux [L/T]     -0.98391E-03
 WatBalT  [L]       -0.12159E-04
 WatBalR  [%]              0.001
----------------------------------------------------------

----------------------------------------------------------
 Time       [T]        0.6000
----------------------------------------------------------
 Sub-region num.                     1            2
----------------------------------------------------------
 Area     [L]        0.10000E+03  0.10000E+01  0.99000E+02
 W-volume [L]        0.19255E+02  0.34641E+00  0.18909E+02
 In-flow  [L/T]     -0.98556E-03 -0.27324E+00  0.27225E+00
 h Mean   [L]       -0.25924E+03 -0.30162E+02 -0.26155E+03
 Top Flux [L/T]     -0.75325E-01
 Bot Flux [L/T]     -0.98391E-03
 WatBalT  [L]       -0.12875E-04
 WatBalR  [%]              0.001
----------------------------------------------------------

----------------------------------------------------------
 Time       [T]        0.6500
----------------------------------------------------------
 Sub-region num.                     1            2
----------------------------------------------------------
 Area     [L]        0.10000E+03  0.10000E+01  0.99000E+02
 W-volume [L]        0.19255E+02  0.33570E+00  0.18920E+02
 In-flow  [L/T]     -0.96271E-03 -0.18691E+00  0.18595E+00
 h Mean   [L]       -0.25775E+03 -0.34399E+02 -0.26001E+03
 Top Flux [L/T]     -0.50937E-01
 Bot Flux [L/T]     -0.98391E-03
 WatBalT  [L]       -0.11683E-04
 WatBalR  [%]              0.001
----------------------------------------------------------

----------------------------------------------------------
 Time       [T]        0.7000
----------------------------------------------------------
 Sub-region num.                     1            2
----------------------------------------------------------
 Area     [L]        0.10000E+03  0.10000E+01  0.99000E+02
 W-volume [L]        0.19255E+02  0.32761E+00  0.18928E+02
 In-flow  [L/T]     -0.99599E-03 -0.14632E+00  0.14533E+00
 h Mean   [L]       -0.25648E+03 -0.37798E+02 -0.25869E+03
 Top Flux [L/T]     -0.38639E-01
 Bot Flux [L/T]     -0.98391E-03
 WatBalT  [L]       -0.12398E-04
 WatBalR  [%]              0.001
----------------------------------------------------------

----------------------------------------------------------
 Time       [T]        0.7500
----------------------------------------------------------
 Sub-region num.                     1            2
----------------------------------------------------------
 Area     [L]        0.10000E+03  0.10000E+01  0.99000E+02
 W-volume [L]        0.19255E+02  0.32123E+00  0.18934E+02
 In-flow  [L/T]     -0.96258E-03 -0.11633E+00  0.11537E+00
 h Mean   [L]       -0.25537E+03 -0.40688E+02 -0.25754E+03
 Top Flux [L/T]     -0.32040E-01
 Bot Flux [L/T]     -0.98391E-03
 WatBalT  [L]       -0.11206E-04
 WatBalR  [%]              0.001
----------------------------------------------------------

----------------------------------------------------------
 Time       [T]        0.8000
----------------------------------------------------------
 Sub-region num.                     1            2
----------------------------------------------------------
 Area     [L]        0.10000E+03  0.10000E+01  0.99000E+02
 W-volume [L]        0.19255E+02  0.31609E+00  0.18939E+02
 In-flow  [L/T]     -0.98123E-03 -0.95011E-01  0.94030E-01
 h Mean   [L]       -0.25438E+03 -0.43164E+02 -0.25651E+03
 Top Flux [L/T]     -0.25412E-01
 Bot Flux [L/T]     -0.98391E-03
 WatBalT  [L]       -0.13828E-04
 WatBalR  [%]              0.001
----------------------------------------------------------

----------------------------------------------------------
 Time       [T]        0.8500
----------------------------------------------------------
 Sub-region num.                     1            2
----------------------------------------------------------
 Area     [L]        0.10000E+03  0.10000E+01  0.99000E+02
 W-volume [L]        0.19255E+02  0.31179E+00  0.18943E+02
 In-flow  [L/T]     -0.96704E-03 -0.82143E-01  0.81176E-01
 h Mean   [L]       -0.25349E+03 -0.45294E+02 -0.25559E+03
 Top Flux [L/T]     -0.21456E-01
 Bot Flux [L/T]     -0.98391E-03
 WatBalT  [L]       -0.12636E-04
 WatBalR  [%]              0.001
----------------------------------------------------------

----------------------------------------------------------
 Time       [T]        0.9000
----------------------------------------------------------
 Sub-region num.                     1            2
----------------------------------------------------------
 Area     [L]        0.10000E+03  0.10000E+01  0.99000E+02
 W-volume [L]        0.19255E+02  0.30789E+00  0.18947E+02
 In-flow  [L/T]     -0.95891E-03 -0.74889E-01  0.73930E-01
 h Mean   [L]       -0.25268E+03 -0.47267E+02 -0.25476E+03
 Top Flux [L/T]     -0.19192E-01
 Bot Flux [L/T]     -0.98391E-03
 WatBalT  [L]       -0.13351E-04
 WatBalR  [%]              0.001
----------------------------------------------------------

----------------------------------------------------------
 Time       [T]        0.9500
----------------------------------------------------------
 Sub-region num.                     1            2
----------------------------------------------------------
 Area     [L]        0.10000E+03  0.10000E+01  0.99000E+02
 W-volume [L]        0.19255E+02  0.30439E+00  0.18951E+02
 In-flow  [L/T]     -0.99017E-03 -0.66826E-01  0.65836E-01
 h Mean   [L]       -0.25194E+03 -0.49115E+02 -0.25399E+03
 Top Flux [L/T]     -0.18412E-01
 Bot Flux [L/T]     -0.98391E-03
 WatBalT  [L]       -0.12159E-04
 WatBalR  [%]              0.001
----------------------------------------------------------

----------------------------------------------------------
 Time       [T]        1.0000
----------------------------------------------------------
 Sub-region num.                     1            2
----------------------------------------------------------
 Area     [L]        0.10000E+03  0.10000E+01  0.99000E+02
 W-volume [L]        0.19255E+02  0.30128E+00  0.18954E+02
 In-flow  [L/T]     -0.99090E-03 -0.59307E-01  0.58316E-01
 h Mean   [L]       -0.25125E+03 -0.50950E+02 -0.25327E+03
 Top Flux [L/T]     -0.15961E-01
 Bot Flux [L/T]     -0.98391E-03
 WatBalT  [L]       -0.14782E-04
 WatBalR  [%]              0.001
----------------------------------------------------------

 Calculation time [sec]   2151936036.0000000     
