 ******* Program HYDRUS
 ******* Pluie 10 cm/j pendant 0.5 j sur un loam avec croûte de 1 cm (Ks = 0.5 c
 Date:   0. 0.    Time: 512:**:**
 Units: L = cm   , T = days , M = g    

 CosAlf,MaxIt,TolTh,  TolH
 1.000   30   0.000 0.10000

 TopInF,BotInF,AtmBC,SinkF,WLayer,qGWLF,FreeD,SeepF,lWat,lChem,lTemp,lRoot,lWDep
     T     F     T     F     F     F     T     F     T     F     F     F     F

Nodal point information

node      x         hOld    MatN LayN  Beta      Ah       AK      ATh     Temp    Conc(1...NS)         Sorb(1...NS)

   1      0.000   -300.000    1    1   0.000    1.000    1.000    1.000
   2     -0.500   -300.000    1    1   0.000    1.000    1.000    1.000
   3     -1.000   -300.000    1    1   0.000    1.000    1.000    1.000
   4     -1.500   -300.000    2    2   0.000    1.000    1.000    1.000
   5     -2.000   -300.000    2    2   0.000    1.000    1.000    1.000
   6     -2.500   -300.000    2    2   0.000    1.000    1.000    1.000
   7     -3.000   -300.000    2    2   0.000    1.000    1.000    1.000
   8     -3.500   -300.000    2    2   0.000    1.000    1.000    1.000
   9     -4.000   -300.000    2    2   0.000    1.000    1.000    1.000
  10     -4.500   -300.000    2    2   0.000    1.000    1.000    1.000
  11     -5.000   -300.000    2    2   0.000    1.000    1.000    1.000
  12     -5.500   -300.000    2    2   0.000    1.000    1.000    1.000
  13     -6.000   -300.000    2    2   0.000    1.000    1.000    1.000
  14     -6.500   -300.000    2    2   0.000    1.000    1.000    1.000
  15     -7.000   -300.000    2    2   0.000    1.000    1.000    1.000
  16     -7.500   -300.000    2    2   0.000    1.000    1.000    1.000
  17     -8.000   -300.000    2    2   0.000    1.000    1.000    1.000
  18     -8.500   -300.000    2    2   0.000    1.000    1.000    1.000
  19     -9.000   -300.000    2    2   0.000    1.000    1.000    1.000
  20     -9.500   -300.000    2    2   0.000    1.000    1.000    1.000
  21    -10.000   -300.000    2    2   0.000    1.000    1.000    1.000
  22    -10.500   -300.000    2    2   0.000    1.000    1.000    1.000
  23    -11.000   -300.000    2    2   0.000    1.000    1.000    1.000
  24    -11.500   -300.000    2    2   0.000    1.000    1.000    1.000
  25    -12.000   -300.000    2    2   0.000    1.000    1.000    1.000
  26    -12.500   -300.000    2    2   0.000    1.000    1.000    1.000
  27    -13.000   -300.000    2    2   0.000    1.000    1.000    1.000
  28    -13.500   -300.000    2    2   0.000    1.000    1.000    1.000
  29    -14.000   -300.000    2    2   0.000    1.000    1.000    1.000
  30    -14.500   -300.000    2    2   0.000    1.000    1.000    1.000
  31    -15.000   -300.000    2    2   0.000    1.000    1.000    1.000
  32    -15.500   -300.000    2    2   0.000    1.000    1.000    1.000
  33    -16.000   -300.000    2    2   0.000    1.000    1.000    1.000
  34    -16.500   -300.000    2    2   0.000    1.000    1.000    1.000
  35    -17.000   -300.000    2    2   0.000    1.000    1.000    1.000
  36    -17.500   -300.000    2    2   0.000    1.000    1.000    1.000
  37    -18.000   -300.000    2    2   0.000    1.000    1.000    1.000
  38    -18.500   -300.000    2    2   0.000    1.000    1.000    1.000
  39    -19.000   -300.000    2    2   0.000    1.000    1.000    1.000
  40    -19.500   -300.000    2    2   0.000    1.000    1.000    1.000
  41    -20.000   -300.000    2    2   0.000    1.000    1.000    1.000
  42    -20.500   -300.000    2    2   0.000    1.000    1.000    1.000
  43    -21.000   -300.000    2    2   0.000    1.000    1.000    1.000
  44    -21.500   -300.000    2    2   0.000    1.000    1.000    1.000
  45    -22.000   -300.000    2    2   0.000    1.000    1.000    1.000
  46    -22.500   -300.000    2    2   0.000    1.000    1.000    1.000
  47    -23.000   -300.000    2    2   0.000    1.000    1.000    1.000
  48    -23.500   -300.000    2    2   0.000    1.000    1.000    1.000
  49    -24.000   -300.000    2    2   0.000    1.000    1.000    1.000
  50    -24.500   -300.000    2    2   0.000    1.000    1.000    1.000
  51    -25.000   -300.000    2    2   0.000    1.000    1.000    1.000
  52    -25.500   -300.000    2    2   0.000    1.000    1.000    1.000
  53    -26.000   -300.000    2    2   0.000    1.000    1.000    1.000
  54    -26.500   -300.000    2    2   0.000    1.000    1.000    1.000
  55    -27.000   -300.000    2    2   0.000    1.000    1.000    1.000
  56    -27.500   -300.000    2    2   0.000    1.000    1.000    1.000
  57    -28.000   -300.000    2    2   0.000    1.000    1.000    1.000
  58    -28.500   -300.000    2    2   0.000    1.000    1.000    1.000
  59    -29.000   -300.000    2    2   0.000    1.000    1.000    1.000
  60    -29.500   -300.000    2    2   0.000    1.000    1.000    1.000
  61    -30.000   -300.000    2    2   0.000    1.000    1.000    1.000
  62    -30.500   -300.000    2    2   0.000    1.000    1.000    1.000
  63    -31.000   -300.000    2    2   0.000    1.000    1.000    1.000
  64    -31.500   -300.000    2    2   0.000    1.000    1.000    1.000
  65    -32.000   -300.000    2    2   0.000    1.000    1.000    1.000
  66    -32.500   -300.000    2    2   0.000    1.000    1.000    1.000
  67    -33.000   -300.000    2    2   0.000    1.000    1.000    1.000
  68    -33.500   -300.000    2    2   0.000    1.000    1.000    1.000
  69    -34.000   -300.000    2    2   0.000    1.000    1.000    1.000
  70    -34.500   -300.000    2    2   0.000    1.000    1.000    1.000
  71    -35.000   -300.000    2    2   0.000    1.000    1.000    1.000
  72    -35.500   -300.000    2    2   0.000    1.000    1.000    1.000
  73    -36.000   -300.000    2    2   0.000    1.000    1.000    1.000
  74    -36.500   -300.000    2    2   0.000    1.000    1.000    1.000
  75    -37.000   -300.000    2    2   0.000    1.000    1.000    1.000
  76    -37.500   -300.000    2    2   0.000    1.000    1.000    1.000
  77    -38.000   -300.000    2    2   0.000    1.000    1.000    1.000
  78    -38.500   -300.000    2    2   0.000    1.000    1.000    1.000
  79    -39.000   -300.000    2    2   0.000    1.000    1.000    1.000
  80    -39.500   -300.000    2    2   0.000    1.000    1.000    1.000
  81    -40.000   -300.000    2    2   0.000    1.000    1.000    1.000
  82    -40.500   -300.000    2    2   0.000    1.000    1.000    1.000
  83    -41.000   -300.000    2    2   0.000    1.000    1.000    1.000
  84    -41.500   -300.000    2    2   0.000    1.000    1.000    1.000
  85    -42.000   -300.000    2    2   0.000    1.000    1.000    1.000
  86    -42.500   -300.000    2    2   0.000    1.000    1.000    1.000
  87    -43.000   -300.000    2    2   0.000    1.000    1.000    1.000
  88    -43.500   -300.000    2    2   0.000    1.000    1.000    1.000
  89    -44.000   -300.000    2    2   0.000    1.000    1.000    1.000
  90    -44.500   -300.000    2    2   0.000    1.000    1.000    1.000
  91    -45.000   -300.000    2    2   0.000    1.000    1.000    1.000
  92    -45.500   -300.000    2    2   0.000    1.000    1.000    1.000
  93    -46.000   -300.000    2    2   0.000    1.000    1.000    1.000
  94    -46.500   -300.000    2    2   0.000    1.000    1.000    1.000
  95    -47.000   -300.000    2    2   0.000    1.000    1.000    1.000
  96    -47.500   -300.000    2    2   0.000    1.000    1.000    1.000
  97    -48.000   -300.000    2    2   0.000    1.000    1.000    1.000
  98    -48.500   -300.000    2    2   0.000    1.000    1.000    1.000
  99    -49.000   -300.000    2    2   0.000    1.000    1.000    1.000
 100    -49.500   -300.000    2    2   0.000    1.000    1.000    1.000
 101    -50.000   -300.000    2    2   0.000    1.000    1.000    1.000
 102    -50.500   -300.000    2    2   0.000    1.000    1.000    1.000
 103    -51.000   -300.000    2    2   0.000    1.000    1.000    1.000
 104    -51.500   -300.000    2    2   0.000    1.000    1.000    1.000
 105    -52.000   -300.000    2    2   0.000    1.000    1.000    1.000
 106    -52.500   -300.000    2    2   0.000    1.000    1.000    1.000
 107    -53.000   -300.000    2    2   0.000    1.000    1.000    1.000
 108    -53.500   -300.000    2    2   0.000    1.000    1.000    1.000
 109    -54.000   -300.000    2    2   0.000    1.000    1.000    1.000
 110    -54.500   -300.000    2    2   0.000    1.000    1.000    1.000
 111    -55.000   -300.000    2    2   0.000    1.000    1.000    1.000
 112    -55.500   -300.000    2    2   0.000    1.000    1.000    1.000
 113    -56.000   -300.000    2    2   0.000    1.000    1.000    1.000
 114    -56.500   -300.000    2    2   0.000    1.000    1.000    1.000
 115    -57.000   -300.000    2    2   0.000    1.000    1.000    1.000
 116    -57.500   -300.000    2    2   0.000    1.000    1.000    1.000
 117    -58.000   -300.000    2    2   0.000    1.000    1.000    1.000
 118    -58.500   -300.000    2    2   0.000    1.000    1.000    1.000
 119    -59.000   -300.000    2    2   0.000    1.000    1.000    1.000
 120    -59.500   -300.000    2    2   0.000    1.000    1.000    1.000
 121    -60.000   -300.000    2    2   0.000    1.000    1.000    1.000
 122    -60.500   -300.000    2    2   0.000    1.000    1.000    1.000
 123    -61.000   -300.000    2    2   0.000    1.000    1.000    1.000
 124    -61.500   -300.000    2    2   0.000    1.000    1.000    1.000
 125    -62.000   -300.000    2    2   0.000    1.000    1.000    1.000
 126    -62.500   -300.000    2    2   0.000    1.000    1.000    1.000
 127    -63.000   -300.000    2    2   0.000    1.000    1.000    1.000
 128    -63.500   -300.000    2    2   0.000    1.000    1.000    1.000
 129    -64.000   -300.000    2    2   0.000    1.000    1.000    1.000
 130    -64.500   -300.000    2    2   0.000    1.000    1.000    1.000
 131    -65.000   -300.000    2    2   0.000    1.000    1.000    1.000
 132    -65.500   -300.000    2    2   0.000    1.000    1.000    1.000
 133    -66.000   -300.000    2    2   0.000    1.000    1.000    1.000
 134    -66.500   -300.000    2    2   0.000    1.000    1.000    1.000
 135    -67.000   -300.000    2    2   0.000    1.000    1.000    1.000
 136    -67.500   -300.000    2    2   0.000    1.000    1.000    1.000
 137    -68.000   -300.000    2    2   0.000    1.000    1.000    1.000
 138    -68.500   -300.000    2    2   0.000    1.000    1.000    1.000
 139    -69.000   -300.000    2    2   0.000    1.000    1.000    1.000
 140    -69.500   -300.000    2    2   0.000    1.000    1.000    1.000
 141    -70.000   -300.000    2    2   0.000    1.000    1.000    1.000
 142    -70.500   -300.000    2    2   0.000    1.000    1.000    1.000
 143    -71.000   -300.000    2    2   0.000    1.000    1.000    1.000
 144    -71.500   -300.000    2    2   0.000    1.000    1.000    1.000
 145    -72.000   -300.000    2    2   0.000    1.000    1.000    1.000
 146    -72.500   -300.000    2    2   0.000    1.000    1.000    1.000
 147    -73.000   -300.000    2    2   0.000    1.000    1.000    1.000
 148    -73.500   -300.000    2    2   0.000    1.000    1.000    1.000
 149    -74.000   -300.000    2    2   0.000    1.000    1.000    1.000
 150    -74.500   -300.000    2    2   0.000    1.000    1.000    1.000
 151    -75.000   -300.000    2    2   0.000    1.000    1.000    1.000
 152    -75.500   -300.000    2    2   0.000    1.000    1.000    1.000
 153    -76.000   -300.000    2    2   0.000    1.000    1.000    1.000
 154    -76.500   -300.000    2    2   0.000    1.000    1.000    1.000
 155    -77.000   -300.000    2    2   0.000    1.000    1.000    1.000
 156    -77.500   -300.000    2    2   0.000    1.000    1.000    1.000
 157    -78.000   -300.000    2    2   0.000    1.000    1.000    1.000
 158    -78.500   -300.000    2    2   0.000    1.000    1.000    1.000
 159    -79.000   -300.000    2    2   0.000    1.000    1.000    1.000
 160    -79.500   -300.000    2    2   0.000    1.000    1.000    1.000
 161    -80.000   -300.000    2    2   0.000    1.000    1.000    1.000
 162    -80.500   -300.000    2    2   0.000    1.000    1.000    1.000
 163    -81.000   -300.000    2    2   0.000    1.000    1.000    1.000
 164    -81.500   -300.000    2    2   0.000    1.000    1.000    1.000
 165    -82.000   -300.000    2    2   0.000    1.000    1.000    1.000
 166    -82.500   -300.000    2    2   0.000    1.000    1.000    1.000
 167    -83.000   -300.000    2    2   0.000    1.000    1.000    1.000
 168    -83.500   -300.000    2    2   0.000    1.000    1.000    1.000
 169    -84.000   -300.000    2    2   0.000    1.000    1.000    1.000
 170    -84.500   -300.000    2    2   0.000    1.000    1.000    1.000
 171    -85.000   -300.000    2    2   0.000    1.000    1.000    1.000
 172    -85.500   -300.000    2    2   0.000    1.000    1.000    1.000
 173    -86.000   -300.000    2    2   0.000    1.000    1.000    1.000
 174    -86.500   -300.000    2    2   0.000    1.000    1.000    1.000
 175    -87.000   -300.000    2    2   0.000    1.000    1.000    1.000
 176    -87.500   -300.000    2    2   0.000    1.000    1.000    1.000
 177    -88.000   -300.000    2    2   0.000    1.000    1.000    1.000
 178    -88.500   -300.000    2    2   0.000    1.000    1.000    1.000
 179    -89.000   -300.000    2    2   0.000    1.000    1.000    1.000
 180    -89.500   -300.000    2    2   0.000    1.000    1.000    1.000
 181    -90.000   -300.000    2    2   0.000    1.000    1.000    1.000
 182    -90.500   -300.000    2    2   0.000    1.000    1.000    1.000
 183    -91.000   -300.000    2    2   0.000    1.000    1.000    1.000
 184    -91.500   -300.000    2    2   0.000    1.000    1.000    1.000
 185    -92.000   -300.000    2    2   0.000    1.000    1.000    1.000
 186    -92.500   -300.000    2    2   0.000    1.000    1.000    1.000
 187    -93.000   -300.000    2    2   0.000    1.000    1.000    1.000
 188    -93.500   -300.000    2    2   0.000    1.000    1.000    1.000
 189    -94.000   -300.000    2    2   0.000    1.000    1.000    1.000
 190    -94.500   -300.000    2    2   0.000    1.000    1.000    1.000
 191    -95.000   -300.000    2    2   0.000    1.000    1.000    1.000
 192    -95.500   -300.000    2    2   0.000    1.000    1.000    1.000
 193    -96.000   -300.000    2    2   0.000    1.000    1.000    1.000
 194    -96.500   -300.000    2    2   0.000    1.000    1.000    1.000
 195    -97.000   -300.000    2    2   0.000    1.000    1.000    1.000
 196    -97.500   -300.000    2    2   0.000    1.000    1.000    1.000
 197    -98.000   -300.000    2    2   0.000    1.000    1.000    1.000
 198    -98.500   -300.000    2    2   0.000    1.000    1.000    1.000
 199    -99.000   -300.000    2    2   0.000    1.000    1.000    1.000
 200    -99.500   -300.000    2    2   0.000    1.000    1.000    1.000
 201   -100.000   -300.000    2    2   0.000    1.000    1.000    1.000
end

 Number of species in the chain :   0


MatNum, Param. array:

   Mat     Qr     Qs        Alfa         n          Ks      l

    1    0.078  0.430   0.360E-01   0.156E+01   0.500E+00  0.500
    2    0.078  0.430   0.360E-01   0.156E+01   0.250E+02  0.500

       Table of Hydraulic Properties which are interpolated in simulation
       =================================================================

  theta         h        log h        C             K        log K          S          Kv

  0.4300  -0.100E-05 -0.6000E+01  0.4815E-06  0.4999E+00 -0.3011E+00    1.0000  0.0000E+00
  0.4300  -0.126E-05 -0.5899E+01  0.5484E-06  0.4999E+00 -0.3011E+00    1.0000  0.0000E+00
  0.4300  -0.159E-05 -0.5798E+01  0.6247E-06  0.4999E+00 -0.3011E+00    1.0000  0.0000E+00
  0.4300  -0.201E-05 -0.5697E+01  0.7116E-06  0.4999E+00 -0.3011E+00    1.0000  0.0000E+00
  0.4300  -0.254E-05 -0.5596E+01  0.8106E-06  0.4999E+00 -0.3011E+00    1.0000  0.0000E+00
  0.4300  -0.320E-05 -0.5495E+01  0.9234E-06  0.4999E+00 -0.3011E+00    1.0000  0.0000E+00
  0.4300  -0.404E-05 -0.5394E+01  0.1052E-05  0.4999E+00 -0.3012E+00    1.0000  0.0000E+00
  0.4300  -0.509E-05 -0.5293E+01  0.1198E-05  0.4998E+00 -0.3012E+00    1.0000  0.0000E+00
  0.4300  -0.643E-05 -0.5192E+01  0.1365E-05  0.4998E+00 -0.3012E+00    1.0000  0.0000E+00
  0.4300  -0.811E-05 -0.5091E+01  0.1555E-05  0.4998E+00 -0.3012E+00    1.0000  0.0000E+00
  0.4300  -0.102E-04 -0.4990E+01  0.1771E-05  0.4998E+00 -0.3012E+00    1.0000  0.0000E+00
  0.4300  -0.129E-04 -0.4889E+01  0.2017E-05  0.4997E+00 -0.3013E+00    1.0000  0.0000E+00
  0.4300  -0.163E-04 -0.4788E+01  0.2298E-05  0.4997E+00 -0.3013E+00    1.0000  0.0000E+00
  0.4300  -0.206E-04 -0.4687E+01  0.2618E-05  0.4996E+00 -0.3014E+00    1.0000  0.0000E+00
  0.4300  -0.260E-04 -0.4586E+01  0.2982E-05  0.4996E+00 -0.3014E+00    1.0000  0.0000E+00
  0.4300  -0.327E-04 -0.4485E+01  0.3397E-05  0.4995E+00 -0.3014E+00    1.0000  0.0000E+00
  0.4300  -0.413E-04 -0.4384E+01  0.3869E-05  0.4995E+00 -0.3015E+00    1.0000  0.0000E+00
  0.4300  -0.521E-04 -0.4283E+01  0.4407E-05  0.4994E+00 -0.3016E+00    1.0000  0.0000E+00
  0.4300  -0.658E-04 -0.4182E+01  0.5020E-05  0.4993E+00 -0.3016E+00    1.0000  0.0000E+00
  0.4300  -0.830E-04 -0.4081E+01  0.5719E-05  0.4992E+00 -0.3017E+00    1.0000  0.0000E+00
  0.4300  -0.105E-03 -0.3980E+01  0.6514E-05  0.4991E+00 -0.3018E+00    1.0000  0.0000E+00
  0.4300  -0.132E-03 -0.3879E+01  0.7421E-05  0.4990E+00 -0.3019E+00    1.0000  0.0000E+00
  0.4300  -0.167E-03 -0.3778E+01  0.8453E-05  0.4988E+00 -0.3021E+00    1.0000  0.0000E+00
  0.4300  -0.210E-03 -0.3677E+01  0.9629E-05  0.4986E+00 -0.3022E+00    1.0000  0.0000E+00
  0.4300  -0.266E-03 -0.3576E+01  0.1097E-04  0.4985E+00 -0.3024E+00    1.0000  0.0000E+00
  0.4300  -0.335E-03 -0.3475E+01  0.1249E-04  0.4982E+00 -0.3026E+00    1.0000  0.0000E+00
  0.4300  -0.423E-03 -0.3374E+01  0.1423E-04  0.4980E+00 -0.3028E+00    1.0000  0.0000E+00
  0.4300  -0.534E-03 -0.3273E+01  0.1621E-04  0.4977E+00 -0.3030E+00    1.0000  0.0000E+00
  0.4300  -0.673E-03 -0.3172E+01  0.1847E-04  0.4974E+00 -0.3033E+00    1.0000  0.0000E+00
  0.4300  -0.850E-03 -0.3071E+01  0.2104E-04  0.4970E+00 -0.3036E+00    1.0000  0.0000E+00
  0.4300  -0.107E-02 -0.2970E+01  0.2396E-04  0.4966E+00 -0.3040E+00    1.0000  0.1176E-30
  0.4300  -0.135E-02 -0.2869E+01  0.2730E-04  0.4962E+00 -0.3044E+00    1.0000  0.1176E-30
  0.4300  -0.171E-02 -0.2768E+01  0.3109E-04  0.4956E+00 -0.3048E+00    1.0000  0.1176E-30
  0.4300  -0.215E-02 -0.2667E+01  0.3542E-04  0.4950E+00 -0.3054E+00    1.0000  0.1185E-29
  0.4300  -0.272E-02 -0.2566E+01  0.4035E-04  0.4943E+00 -0.3060E+00    1.0000  0.1185E-29
  0.4300  -0.343E-02 -0.2465E+01  0.4596E-04  0.4935E+00 -0.3067E+00    1.0000  0.4579E-29
  0.4300  -0.433E-02 -0.2364E+01  0.5235E-04  0.4926E+00 -0.3075E+00    1.0000  0.2513E-28
  0.4300  -0.546E-02 -0.2263E+01  0.5963E-04  0.4916E+00 -0.3084E+00    1.0000  0.7715E-28
  0.4300  -0.689E-02 -0.2162E+01  0.6793E-04  0.4905E+00 -0.3094E+00    1.0000  0.2533E-27
  0.4300  -0.870E-02 -0.2061E+01  0.7738E-04  0.4892E+00 -0.3106E+00    1.0000  0.7776E-27
  0.4300  -0.110E-01 -0.1960E+01  0.8814E-04  0.4877E+00 -0.3119E+00    1.0000  0.3004E-26
  0.4300  -0.138E-01 -0.1859E+01  0.1004E-03  0.4860E+00 -0.3134E+00    1.0000  0.9864E-26
  0.4300  -0.175E-01 -0.1758E+01  0.1144E-03  0.4840E+00 -0.3151E+00    1.0000  0.3275E-25
  0.4300  -0.221E-01 -0.1657E+01  0.1303E-03  0.4818E+00 -0.3171E+00    1.0000  0.1109E-24
  0.4300  -0.278E-01 -0.1556E+01  0.1484E-03  0.4793E+00 -0.3194E+00    1.0000  0.3701E-24
  0.4300  -0.351E-01 -0.1455E+01  0.1690E-03  0.4765E+00 -0.3220E+00    1.0000  0.1243E-23
  0.4300  -0.443E-01 -0.1354E+01  0.1926E-03  0.4732E+00 -0.3249E+00    1.0000  0.4166E-23
  0.4300  -0.559E-01 -0.1253E+01  0.2193E-03  0.4696E+00 -0.3283E+00    1.0000  0.1388E-22
  0.4300  -0.705E-01 -0.1152E+01  0.2498E-03  0.4654E+00 -0.3322E+00    1.0000  0.4632E-22
  0.4300  -0.890E-01 -0.1051E+01  0.2846E-03  0.4607E+00 -0.3366E+00    1.0000  0.1555E-21
  0.4300  -0.112E+00 -0.9495E+00  0.3241E-03  0.4553E+00 -0.3417E+00    0.9999  0.5202E-21
  0.4300  -0.142E+00 -0.8485E+00  0.3692E-03  0.4493E+00 -0.3475E+00    0.9999  0.1746E-20
  0.4300  -0.179E+00 -0.7475E+00  0.4205E-03  0.4424E+00 -0.3541E+00    0.9999  0.5847E-20
  0.4299  -0.226E+00 -0.6465E+00  0.4789E-03  0.4347E+00 -0.3618E+00    0.9998  0.1960E-19
  0.4299  -0.285E+00 -0.5455E+00  0.5453E-03  0.4260E+00 -0.3706E+00    0.9997  0.6562E-19
  0.4299  -0.359E+00 -0.4444E+00  0.6209E-03  0.4162E+00 -0.3807E+00    0.9996  0.2198E-18
  0.4298  -0.453E+00 -0.3434E+00  0.7068E-03  0.4051E+00 -0.3924E+00    0.9994  0.7360E-18
  0.4297  -0.572E+00 -0.2424E+00  0.8043E-03  0.3927E+00 -0.4060E+00    0.9992  0.2463E-17
  0.4296  -0.722E+00 -0.1414E+00  0.9149E-03  0.3788E+00 -0.4216E+00    0.9988  0.8235E-17
  0.4294  -0.911E+00 -0.4040E-01  0.1040E-02  0.3632E+00 -0.4398E+00    0.9983  0.2751E-16
  0.4291  -0.115E+01  0.6061E-01  0.1181E-02  0.3460E+00 -0.4610E+00    0.9975  0.9175E-16
  0.4287  -0.145E+01  0.1616E+00  0.1340E-02  0.3269E+00 -0.4856E+00    0.9964  0.3054E-15
  0.4282  -0.183E+01  0.2626E+00  0.1518E-02  0.3058E+00 -0.5146E+00    0.9949  0.1014E-14
  0.4274  -0.231E+01  0.3636E+00  0.1714E-02  0.2828E+00 -0.5486E+00    0.9927  0.3350E-14
  0.4263  -0.292E+01  0.4646E+00  0.1930E-02  0.2578E+00 -0.5887E+00    0.9896  0.1101E-13
  0.4248  -0.368E+01  0.5657E+00  0.2161E-02  0.2311E+00 -0.6361E+00    0.9851  0.3585E-13
  0.4226  -0.464E+01  0.6667E+00  0.2403E-02  0.2030E+00 -0.6925E+00    0.9789  0.1154E-12
  0.4195  -0.586E+01  0.7677E+00  0.2646E-02  0.1739E+00 -0.7597E+00    0.9701  0.3653E-12
  0.4152  -0.739E+01  0.8687E+00  0.2875E-02  0.1446E+00 -0.8398E+00    0.9581  0.1131E-11
  0.4095  -0.933E+01  0.9697E+00  0.3068E-02  0.1160E+00 -0.9356E+00    0.9417  0.3393E-11
  0.4018  -0.118E+02  0.1071E+01  0.3198E-02  0.8922E-01 -0.1050E+01    0.9199  0.9779E-11
  0.3919  -0.148E+02  0.1172E+01  0.3237E-02  0.6538E-01 -0.1185E+01    0.8916  0.2676E-10
  0.3794  -0.187E+02  0.1273E+01  0.3162E-02  0.4538E-01 -0.1343E+01    0.8562  0.6874E-10
  0.3643  -0.236E+02  0.1374E+01  0.2967E-02  0.2973E-01 -0.1527E+01    0.8134  0.1638E-09
  0.3469  -0.298E+02  0.1475E+01  0.2664E-02  0.1836E-01 -0.1736E+01    0.7638  0.3592E-09
  0.3276  -0.376E+02  0.1576E+01  0.2288E-02  0.1070E-01 -0.1971E+01    0.7090  0.7208E-09
  0.3071  -0.475E+02  0.1677E+01  0.1884E-02  0.5919E-02 -0.2228E+01    0.6507  0.1324E-08
  0.2862  -0.599E+02  0.1778E+01  0.1494E-02  0.3127E-02 -0.2505E+01    0.5914  0.2234E-08
  0.2656  -0.756E+02  0.1879E+01  0.1148E-02  0.1591E-02 -0.2798E+01    0.5330  0.3487E-08
  0.2459  -0.955E+02  0.1980E+01  0.8598E-03  0.7850E-03 -0.3105E+01    0.4771  0.5083E-08
  0.2275  -0.120E+03  0.2081E+01  0.6311E-03  0.3785E-03 -0.3422E+01    0.4248  0.6983E-08
  0.2106  -0.152E+03  0.2182E+01  0.4564E-03  0.1794E-03 -0.3746E+01    0.3767  0.9124E-08
  0.1953  -0.192E+03  0.2283E+01  0.3264E-03  0.8394E-04 -0.4076E+01    0.3331  0.1143E-07
  0.1815  -0.242E+03  0.2384E+01  0.2315E-03  0.3892E-04 -0.4410E+01    0.2940  0.1382E-07
  0.1692  -0.305E+03  0.2485E+01  0.1633E-03  0.1793E-04 -0.4747E+01    0.2590  0.1624E-07
  0.1582  -0.385E+03  0.2586E+01  0.1147E-03  0.8218E-05 -0.5085E+01    0.2279  0.1862E-07
  0.1486  -0.486E+03  0.2687E+01  0.8034E-04  0.3756E-05 -0.5425E+01    0.2005  0.2092E-07
  0.1400  -0.614E+03  0.2788E+01  0.5616E-04  0.1712E-05 -0.5766E+01    0.1762  0.2311E-07
  0.1325  -0.774E+03  0.2889E+01  0.3920E-04  0.7794E-06 -0.6108E+01    0.1548  0.2517E-07
  0.1259  -0.977E+03  0.2990E+01  0.2733E-04  0.3543E-06 -0.6451E+01    0.1360  0.2708E-07
  0.1200  -0.123E+04  0.3091E+01  0.1905E-04  0.1610E-06 -0.6793E+01    0.1194  0.2885E-07
  0.1149  -0.156E+04  0.3192E+01  0.1326E-04  0.7310E-07 -0.7136E+01    0.1049  0.3046E-07
  0.1104  -0.196E+04  0.3293E+01  0.9236E-05  0.3318E-07 -0.7479E+01    0.0921  0.3193E-07
  0.1065  -0.248E+04  0.3394E+01  0.6429E-05  0.1505E-07 -0.7822E+01    0.0809  0.3325E-07
  0.1030  -0.313E+04  0.3495E+01  0.4474E-05  0.6830E-08 -0.8166E+01    0.0710  0.3444E-07
  0.0999  -0.394E+04  0.3596E+01  0.3113E-05  0.3098E-08 -0.8509E+01    0.0623  0.3550E-07
  0.0973  -0.498E+04  0.3697E+01  0.2166E-05  0.1405E-08 -0.8852E+01    0.0547  0.3644E-07
  0.0949  -0.628E+04  0.3798E+01  0.1507E-05  0.6374E-09 -0.9196E+01    0.0480  0.3727E-07
  0.0928  -0.792E+04  0.3899E+01  0.1049E-05  0.2891E-09 -0.9539E+01    0.0422  0.3800E-07
  0.0910  -0.100E+05  0.4000E+01  0.7297E-06  0.1311E-09 -0.9882E+01    0.0370  0.3862E-07
end

  0.4300  -0.100E-05 -0.6000E+01  0.4815E-06  0.2496E+02  0.1397E+01    1.0000  0.0000E+00
  0.4300  -0.126E-05 -0.5899E+01  0.5484E-06  0.2496E+02  0.1397E+01    1.0000  0.0000E+00
  0.4300  -0.159E-05 -0.5798E+01  0.6247E-06  0.2496E+02  0.1397E+01    1.0000  0.0000E+00
  0.4300  -0.201E-05 -0.5697E+01  0.7116E-06  0.2495E+02  0.1397E+01    1.0000  0.0000E+00
  0.4300  -0.254E-05 -0.5596E+01  0.8106E-06  0.2495E+02  0.1397E+01    1.0000  0.0000E+00
  0.4300  -0.320E-05 -0.5495E+01  0.9234E-06  0.2495E+02  0.1397E+01    1.0000  0.0000E+00
  0.4300  -0.404E-05 -0.5394E+01  0.1052E-05  0.2495E+02  0.1397E+01    1.0000  0.0000E+00
  0.4300  -0.509E-05 -0.5293E+01  0.1198E-05  0.2495E+02  0.1397E+01    1.0000  0.0000E+00
  0.4300  -0.643E-05 -0.5192E+01  0.1365E-05  0.2495E+02  0.1397E+01    1.0000  0.0000E+00
  0.4300  -0.811E-05 -0.5091E+01  0.1555E-05  0.2495E+02  0.1397E+01    1.0000  0.0000E+00
  0.4300  -0.102E-04 -0.4990E+01  0.1771E-05  0.2495E+02  0.1397E+01    1.0000  0.0000E+00
  0.4300  -0.129E-04 -0.4889E+01  0.2017E-05  0.2495E+02  0.1397E+01    1.0000  0.0000E+00
  0.4300  -0.163E-04 -0.4788E+01  0.2298E-05  0.2494E+02  0.1397E+01    1.0000  0.0000E+00
  0.4300  -0.206E-04 -0.4687E+01  0.2618E-05  0.2494E+02  0.1397E+01    1.0000  0.0000E+00
  0.4300  -0.260E-04 -0.4586E+01  0.2982E-05  0.2494E+02  0.1397E+01    1.0000  0.0000E+00
  0.4300  -0.327E-04 -0.4485E+01  0.3397E-05  0.2494E+02  0.1397E+01    1.0000  0.0000E+00
  0.4300  -0.413E-04 -0.4384E+01  0.3869E-05  0.2493E+02  0.1397E+01    1.0000  0.0000E+00
  0.4300  -0.521E-04 -0.4283E+01  0.4407E-05  0.2493E+02  0.1397E+01    1.0000  0.0000E+00
  0.4300  -0.658E-04 -0.4182E+01  0.5020E-05  0.2492E+02  0.1397E+01    1.0000  0.0000E+00
  0.4300  -0.830E-04 -0.4081E+01  0.5719E-05  0.2492E+02  0.1397E+01    1.0000  0.0000E+00
  0.4300  -0.105E-03 -0.3980E+01  0.6514E-05  0.2491E+02  0.1396E+01    1.0000  0.0000E+00
  0.4300  -0.132E-03 -0.3879E+01  0.7421E-05  0.2491E+02  0.1396E+01    1.0000  0.0000E+00
  0.4300  -0.167E-03 -0.3778E+01  0.8453E-05  0.2490E+02  0.1396E+01    1.0000  0.0000E+00
  0.4300  -0.210E-03 -0.3677E+01  0.9629E-05  0.2489E+02  0.1396E+01    1.0000  0.0000E+00
  0.4300  -0.266E-03 -0.3576E+01  0.1097E-04  0.2488E+02  0.1396E+01    1.0000  0.0000E+00
  0.4300  -0.335E-03 -0.3475E+01  0.1249E-04  0.2487E+02  0.1396E+01    1.0000  0.0000E+00
  0.4300  -0.423E-03 -0.3374E+01  0.1423E-04  0.2486E+02  0.1396E+01    1.0000  0.0000E+00
  0.4300  -0.534E-03 -0.3273E+01  0.1621E-04  0.2485E+02  0.1395E+01    1.0000  0.0000E+00
  0.4300  -0.673E-03 -0.3172E+01  0.1847E-04  0.2483E+02  0.1395E+01    1.0000  0.0000E+00
  0.4300  -0.850E-03 -0.3071E+01  0.2104E-04  0.2481E+02  0.1395E+01    1.0000  0.0000E+00
  0.4300  -0.107E-02 -0.2970E+01  0.2396E-04  0.2479E+02  0.1394E+01    1.0000  0.1176E-30
  0.4300  -0.135E-02 -0.2869E+01  0.2730E-04  0.2477E+02  0.1394E+01    1.0000  0.1176E-30
  0.4300  -0.171E-02 -0.2768E+01  0.3109E-04  0.2474E+02  0.1393E+01    1.0000  0.1176E-30
  0.4300  -0.215E-02 -0.2667E+01  0.3542E-04  0.2471E+02  0.1393E+01    1.0000  0.1185E-29
  0.4300  -0.272E-02 -0.2566E+01  0.4035E-04  0.2468E+02  0.1392E+01    1.0000  0.1185E-29
  0.4300  -0.343E-02 -0.2465E+01  0.4596E-04  0.2464E+02  0.1392E+01    1.0000  0.4579E-29
  0.4300  -0.433E-02 -0.2364E+01  0.5235E-04  0.2459E+02  0.1391E+01    1.0000  0.2513E-28
  0.4300  -0.546E-02 -0.2263E+01  0.5963E-04  0.2454E+02  0.1390E+01    1.0000  0.7715E-28
  0.4300  -0.689E-02 -0.2162E+01  0.6793E-04  0.2448E+02  0.1389E+01    1.0000  0.2533E-27
  0.4300  -0.870E-02 -0.2061E+01  0.7738E-04  0.2442E+02  0.1388E+01    1.0000  0.7776E-27
  0.4300  -0.110E-01 -0.1960E+01  0.8814E-04  0.2434E+02  0.1386E+01    1.0000  0.3004E-26
  0.4300  -0.138E-01 -0.1859E+01  0.1004E-03  0.2426E+02  0.1385E+01    1.0000  0.9864E-26
  0.4300  -0.175E-01 -0.1758E+01  0.1144E-03  0.2416E+02  0.1383E+01    1.0000  0.3275E-25
  0.4300  -0.221E-01 -0.1657E+01  0.1303E-03  0.2405E+02  0.1381E+01    1.0000  0.1109E-24
  0.4300  -0.278E-01 -0.1556E+01  0.1484E-03  0.2393E+02  0.1379E+01    1.0000  0.3701E-24
  0.4300  -0.351E-01 -0.1455E+01  0.1690E-03  0.2378E+02  0.1376E+01    1.0000  0.1243E-23
  0.4300  -0.443E-01 -0.1354E+01  0.1926E-03  0.2362E+02  0.1373E+01    1.0000  0.4166E-23
  0.4300  -0.559E-01 -0.1253E+01  0.2193E-03  0.2344E+02  0.1370E+01    1.0000  0.1388E-22
  0.4300  -0.705E-01 -0.1152E+01  0.2498E-03  0.2323E+02  0.1366E+01    1.0000  0.4632E-22
  0.4300  -0.890E-01 -0.1051E+01  0.2846E-03  0.2300E+02  0.1362E+01    1.0000  0.1555E-21
  0.4300  -0.112E+00 -0.9495E+00  0.3241E-03  0.2273E+02  0.1357E+01    0.9999  0.5202E-21
  0.4300  -0.142E+00 -0.8485E+00  0.3692E-03  0.2243E+02  0.1351E+01    0.9999  0.1746E-20
  0.4300  -0.179E+00 -0.7475E+00  0.4205E-03  0.2209E+02  0.1344E+01    0.9999  0.5847E-20
  0.4299  -0.226E+00 -0.6465E+00  0.4789E-03  0.2170E+02  0.1336E+01    0.9998  0.1960E-19
  0.4299  -0.285E+00 -0.5455E+00  0.5453E-03  0.2127E+02  0.1328E+01    0.9997  0.6562E-19
  0.4299  -0.359E+00 -0.4444E+00  0.6209E-03  0.2077E+02  0.1318E+01    0.9996  0.2198E-18
  0.4298  -0.453E+00 -0.3434E+00  0.7068E-03  0.2022E+02  0.1306E+01    0.9994  0.7360E-18
  0.4297  -0.572E+00 -0.2424E+00  0.8043E-03  0.1960E+02  0.1292E+01    0.9992  0.2463E-17
  0.4296  -0.722E+00 -0.1414E+00  0.9149E-03  0.1891E+02  0.1277E+01    0.9988  0.8235E-17
  0.4294  -0.911E+00 -0.4040E-01  0.1040E-02  0.1813E+02  0.1258E+01    0.9983  0.2751E-16
  0.4291  -0.115E+01  0.6061E-01  0.1181E-02  0.1727E+02  0.1237E+01    0.9975  0.9175E-16
  0.4287  -0.145E+01  0.1616E+00  0.1340E-02  0.1632E+02  0.1213E+01    0.9964  0.3054E-15
  0.4282  -0.183E+01  0.2626E+00  0.1518E-02  0.1527E+02  0.1184E+01    0.9949  0.1014E-14
  0.4274  -0.231E+01  0.3636E+00  0.1714E-02  0.1412E+02  0.1150E+01    0.9927  0.3350E-14
  0.4263  -0.292E+01  0.4646E+00  0.1930E-02  0.1287E+02  0.1110E+01    0.9896  0.1101E-13
  0.4248  -0.368E+01  0.5657E+00  0.2161E-02  0.1154E+02  0.1062E+01    0.9851  0.3585E-13
  0.4226  -0.464E+01  0.6667E+00  0.2403E-02  0.1013E+02  0.1006E+01    0.9789  0.1154E-12
  0.4195  -0.586E+01  0.7677E+00  0.2646E-02  0.8682E+01  0.9386E+00    0.9701  0.3653E-12
  0.4152  -0.739E+01  0.8687E+00  0.2875E-02  0.7218E+01  0.8584E+00    0.9581  0.1131E-11
  0.4095  -0.933E+01  0.9697E+00  0.3068E-02  0.5791E+01  0.7627E+00    0.9417  0.3393E-11
  0.4018  -0.118E+02  0.1071E+01  0.3198E-02  0.4454E+01  0.6487E+00    0.9199  0.9779E-11
  0.3919  -0.148E+02  0.1172E+01  0.3237E-02  0.3264E+01  0.5137E+00    0.8916  0.2676E-10
  0.3794  -0.187E+02  0.1273E+01  0.3162E-02  0.2266E+01  0.3552E+00    0.8562  0.6874E-10
  0.3643  -0.236E+02  0.1374E+01  0.2967E-02  0.1484E+01  0.1715E+00    0.8134  0.1638E-09
  0.3469  -0.298E+02  0.1475E+01  0.2664E-02  0.9164E+00 -0.3792E-01    0.7638  0.3592E-09
  0.3276  -0.376E+02  0.1576E+01  0.2288E-02  0.5342E+00 -0.2723E+00    0.7090  0.7208E-09
  0.3071  -0.475E+02  0.1677E+01  0.1884E-02  0.2955E+00 -0.5295E+00    0.6507  0.1324E-08
  0.2862  -0.599E+02  0.1778E+01  0.1494E-02  0.1561E+00 -0.8066E+00    0.5914  0.2234E-08
  0.2656  -0.756E+02  0.1879E+01  0.1148E-02  0.7940E-01 -0.1100E+01    0.5330  0.3487E-08
  0.2459  -0.955E+02  0.1980E+01  0.8598E-03  0.3919E-01 -0.1407E+01    0.4771  0.5083E-08
  0.2275  -0.120E+03  0.2081E+01  0.6311E-03  0.1890E-01 -0.1724E+01    0.4248  0.6983E-08
  0.2106  -0.152E+03  0.2182E+01  0.4564E-03  0.8955E-02 -0.2048E+01    0.3767  0.9124E-08
  0.1953  -0.192E+03  0.2283E+01  0.3264E-03  0.4190E-02 -0.2378E+01    0.3331  0.1143E-07
  0.1815  -0.242E+03  0.2384E+01  0.2315E-03  0.1943E-02 -0.2712E+01    0.2940  0.1382E-07
  0.1692  -0.305E+03  0.2485E+01  0.1633E-03  0.8949E-03 -0.3048E+01    0.2590  0.1624E-07
  0.1582  -0.385E+03  0.2586E+01  0.1147E-03  0.4103E-03 -0.3387E+01    0.2279  0.1862E-07
  0.1486  -0.486E+03  0.2687E+01  0.8034E-04  0.1875E-03 -0.3727E+01    0.2005  0.2092E-07
  0.1400  -0.614E+03  0.2788E+01  0.5616E-04  0.8547E-04 -0.4068E+01    0.1762  0.2311E-07
  0.1325  -0.774E+03  0.2889E+01  0.3920E-04  0.3891E-04 -0.4410E+01    0.1548  0.2517E-07
  0.1259  -0.977E+03  0.2990E+01  0.2733E-04  0.1769E-04 -0.4752E+01    0.1360  0.2708E-07
  0.1200  -0.123E+04  0.3091E+01  0.1905E-04  0.8036E-05 -0.5095E+01    0.1194  0.2885E-07
  0.1149  -0.156E+04  0.3192E+01  0.1326E-04  0.3649E-05 -0.5438E+01    0.1049  0.3046E-07
  0.1104  -0.196E+04  0.3293E+01  0.9236E-05  0.1656E-05 -0.5781E+01    0.0921  0.3193E-07
  0.1065  -0.248E+04  0.3394E+01  0.6429E-05  0.7515E-06 -0.6124E+01    0.0809  0.3325E-07
  0.1030  -0.313E+04  0.3495E+01  0.4474E-05  0.3410E-06 -0.6467E+01    0.0710  0.3444E-07
  0.0999  -0.394E+04  0.3596E+01  0.3113E-05  0.1547E-06 -0.6811E+01    0.0623  0.3550E-07
  0.0973  -0.498E+04  0.3697E+01  0.2166E-05  0.7015E-07 -0.7154E+01    0.0547  0.3644E-07
  0.0949  -0.628E+04  0.3798E+01  0.1507E-05  0.3182E-07 -0.7497E+01    0.0480  0.3727E-07
  0.0928  -0.792E+04  0.3899E+01  0.1049E-05  0.1443E-07 -0.7841E+01    0.0422  0.3800E-07
  0.0910  -0.100E+05  0.4000E+01  0.7297E-06  0.6544E-08 -0.8184E+01    0.0370  0.3862E-07
end
