 ******* Program HYDRUS
 ******* Pluie 10 cm/j pendant 0.5 j sur un loam avec croûte de 1 cm (Ks = 0.5 c
 Date:   0. 0.    Time: 512:**:**
 Units: L = cm   , T = days , M = g    



                               Node(  5)                      Node( 21)                      Node( 61)

         time         h        theta    Temp         h        theta    Temp         h        theta    Temp   
          0.0000     -300.00  0.1702   20.000       -300.00  0.1702   20.000       -300.00  0.1702   20.000
          0.0000     -300.00  0.1702   20.000       -300.00  0.1702   20.000       -300.00  0.1702   20.000
          0.0000     -300.00  0.1702   20.000       -300.00  0.1702   20.000       -300.00  0.1702   20.000
          0.0000     -300.00  0.1702   20.000       -300.00  0.1702   20.000       -300.00  0.1702   20.000
          0.0001     -300.00  0.1702   20.000       -300.00  0.1702   20.000       -300.00  0.1702   20.000
          0.0001     -300.00  0.1702   20.000       -300.00  0.1702   20.000       -300.00  0.1702   20.000
          0.0001     -300.00  0.1702   20.000       -300.00  0.1702   20.000       -300.00  0.1702   20.000
          0.0002     -300.00  0.1702   20.000       -300.00  0.1702   20.000       -300.00  0.1702   20.000
          0.0002     -300.00  0.1702   20.000       -300.00  0.1702   20.000       -300.00  0.1702   20.000
          0.0003     -300.00  0.1702   20.000       -300.00  0.1702   20.000       -300.00  0.1702   20.000
          0.0004     -300.00  0.1702   20.000       -300.00  0.1702   20.000       -300.00  0.1702   20.000
          0.0005     -300.00  0.1702   20.000       -300.00  0.1702   20.000       -300.00  0.1702   20.000
          0.0007     -300.00  0.1702   20.000       -300.00  0.1702   20.000       -300.00  0.1702   20.000
          0.0009     -300.00  0.1702   20.000       -300.00  0.1702   20.000       -300.00  0.1702   20.000
          0.0010     -300.00  0.1702   20.000       -300.00  0.1702   20.000       -300.00  0.1702   20.000
          0.0013     -300.00  0.1702   20.000       -300.00  0.1702   20.000       -300.00  0.1702   20.000
          0.0015     -300.00  0.1702   20.000       -300.00  0.1702   20.000       -300.00  0.1702   20.000
          0.0018     -300.00  0.1702   20.000       -300.00  0.1702   20.000       -300.00  0.1702   20.000
          0.0021     -300.00  0.1702   20.000       -300.00  0.1702   20.000       -300.00  0.1702   20.000
          0.0024     -300.00  0.1702   20.000       -300.00  0.1702   20.000       -300.00  0.1702   20.000
          0.0028     -300.00  0.1702   20.000       -300.00  0.1702   20.000       -300.00  0.1702   20.000
          0.0032     -300.00  0.1702   20.000       -300.00  0.1702   20.000       -300.00  0.1702   20.000
          0.0036     -300.00  0.1702   20.000       -300.00  0.1702   20.000       -300.00  0.1702   20.000
          0.0040     -300.00  0.1702   20.000       -300.00  0.1702   20.000       -300.00  0.1702   20.000
          0.0044     -300.00  0.1702   20.000       -300.00  0.1702   20.000       -300.00  0.1702   20.000
          0.0048     -300.00  0.1702   20.000       -300.00  0.1702   20.000       -300.00  0.1702   20.000
          0.0052     -300.00  0.1702   20.000       -300.00  0.1702   20.000       -300.00  0.1702   20.000
          0.0056     -300.00  0.1702   20.000       -300.00  0.1702   20.000       -300.00  0.1702   20.000
          0.0060     -300.00  0.1702   20.000       -300.00  0.1702   20.000       -300.00  0.1702   20.000
          0.0064     -300.00  0.1702   20.000       -300.00  0.1702   20.000       -300.00  0.1702   20.000
          0.0067     -300.00  0.1702   20.000       -300.00  0.1702   20.000       -300.00  0.1702   20.000
          0.0071     -300.00  0.1702   20.000       -300.00  0.1702   20.000       -300.00  0.1702   20.000
          0.0075     -300.00  0.1702   20.000       -300.00  0.1702   20.000       -300.00  0.1702   20.000
          0.0079     -300.00  0.1702   20.000       -300.00  0.1702   20.000       -300.00  0.1702   20.000
          0.0083     -300.00  0.1702   20.000       -300.00  0.1702   20.000       -300.00  0.1702   20.000
          0.0088     -300.00  0.1702   20.000       -300.00  0.1702   20.000       -300.00  0.1702   20.000
          0.0093     -300.00  0.1702   20.000       -300.00  0.1702   20.000       -300.00  0.1702   20.000
          0.0099     -300.00  0.1702   20.000       -300.00  0.1702   20.000       -300.00  0.1702   20.000
          0.0104     -300.00  0.1702   20.000       -300.00  0.1702   20.000       -300.00  0.1702   20.000
          0.0109     -300.00  0.1702   20.000       -300.00  0.1702   20.000       -300.00  0.1702   20.000
          0.0115     -300.00  0.1702   20.000       -300.00  0.1702   20.000       -300.00  0.1702   20.000
          0.0122     -300.00  0.1702   20.000       -300.00  0.1702   20.000       -300.00  0.1702   20.000
          0.0129     -299.99  0.1702   20.000       -300.00  0.1702   20.000       -300.00  0.1702   20.000
          0.0135     -299.99  0.1702   20.000       -300.00  0.1702   20.000       -300.00  0.1702   20.000
          0.0142     -299.97  0.1702   20.000       -300.00  0.1702   20.000       -300.00  0.1702   20.000
          0.0147     -299.96  0.1702   20.000       -300.00  0.1702   20.000       -300.00  0.1702   20.000
          0.0153     -299.95  0.1702   20.000       -300.00  0.1702   20.000       -300.00  0.1702   20.000
          0.0157     -299.93  0.1702   20.000       -300.00  0.1702   20.000       -300.00  0.1702   20.000
          0.0161     -299.91  0.1702   20.000       -300.00  0.1702   20.000       -300.00  0.1702   20.000
          0.0164     -299.90  0.1702   20.000       -300.00  0.1702   20.000       -300.00  0.1702   20.000
          0.0165     -299.89  0.1702   20.000       -300.00  0.1702   20.000       -300.00  0.1702   20.000
          0.0167     -299.89  0.1702   20.000       -300.00  0.1702   20.000       -300.00  0.1702   20.000
          0.0168     -299.88  0.1702   20.000       -300.00  0.1702   20.000       -300.00  0.1702   20.000
          0.0171     -299.86  0.1702   20.000       -300.00  0.1702   20.000       -300.00  0.1702   20.000
          0.0172     -299.86  0.1702   20.000       -300.00  0.1702   20.000       -300.00  0.1702   20.000
          0.0173     -299.85  0.1702   20.000       -300.00  0.1702   20.000       -300.00  0.1702   20.000
          0.0174     -299.84  0.1702   20.000       -300.00  0.1702   20.000       -300.00  0.1702   20.000
          0.0175     -299.83  0.1702   20.000       -300.00  0.1702   20.000       -300.00  0.1702   20.000
          0.0177     -299.82  0.1702   20.000       -300.00  0.1702   20.000       -300.00  0.1702   20.000
          0.0178     -299.81  0.1702   20.000       -300.00  0.1702   20.000       -300.00  0.1702   20.000
          0.0179     -299.80  0.1703   20.000       -300.00  0.1702   20.000       -300.00  0.1702   20.000
          0.0180     -299.79  0.1703   20.000       -300.00  0.1702   20.000       -300.00  0.1702   20.000
          0.0181     -299.79  0.1703   20.000       -300.00  0.1702   20.000       -300.00  0.1702   20.000
          0.0181     -299.78  0.1703   20.000       -300.00  0.1702   20.000       -300.00  0.1702   20.000
          0.0182     -299.78  0.1703   20.000       -300.00  0.1702   20.000       -300.00  0.1702   20.000
          0.0183     -299.77  0.1703   20.000       -300.00  0.1702   20.000       -300.00  0.1702   20.000
          0.0184     -299.76  0.1703   20.000       -300.00  0.1702   20.000       -300.00  0.1702   20.000
          0.0185     -299.74  0.1703   20.000       -300.00  0.1702   20.000       -300.00  0.1702   20.000
          0.0186     -299.74  0.1703   20.000       -300.00  0.1702   20.000       -300.00  0.1702   20.000
          0.0187     -299.73  0.1703   20.000       -300.00  0.1702   20.000       -300.00  0.1702   20.000
          0.0187     -299.73  0.1703   20.000       -300.00  0.1702   20.000       -300.00  0.1702   20.000
          0.0187     -299.72  0.1703   20.000       -300.00  0.1702   20.000       -300.00  0.1702   20.000
          0.0188     -299.72  0.1703   20.000       -300.00  0.1702   20.000       -300.00  0.1702   20.000
          0.0188     -299.71  0.1703   20.000       -300.00  0.1702   20.000       -300.00  0.1702   20.000
          0.0189     -299.71  0.1703   20.000       -300.00  0.1702   20.000       -300.00  0.1702   20.000
          0.0189     -299.70  0.1703   20.000       -300.00  0.1702   20.000       -300.00  0.1702   20.000
          0.0189     -299.70  0.1703   20.000       -300.00  0.1702   20.000       -300.00  0.1702   20.000
          0.0190     -299.70  0.1703   20.000       -300.00  0.1702   20.000       -300.00  0.1702   20.000
          0.0190     -299.69  0.1703   20.000       -300.00  0.1702   20.000       -300.00  0.1702   20.000
          0.0190     -299.69  0.1703   20.000       -300.00  0.1702   20.000       -300.00  0.1702   20.000
          0.0191     -299.69  0.1703   20.000       -300.00  0.1702   20.000       -300.00  0.1702   20.000
          0.0191     -299.68  0.1703   20.000       -300.00  0.1702   20.000       -300.00  0.1702   20.000
          0.0191     -299.68  0.1703   20.000       -300.00  0.1702   20.000       -300.00  0.1702   20.000
          0.0191     -299.68  0.1703   20.000       -300.00  0.1702   20.000       -300.00  0.1702   20.000
          0.0192     -299.67  0.1703   20.000       -300.00  0.1702   20.000       -300.00  0.1702   20.000
          0.0192     -299.67  0.1703   20.000       -300.00  0.1702   20.000       -300.00  0.1702   20.000
          0.0192     -299.67  0.1703   20.000       -300.00  0.1702   20.000       -300.00  0.1702   20.000
          0.0192     -299.66  0.1703   20.000       -300.00  0.1702   20.000       -300.00  0.1702   20.000
          0.0192     -299.66  0.1703   20.000       -300.00  0.1702   20.000       -300.00  0.1702   20.000
          0.0193     -299.66  0.1703   20.000       -300.00  0.1702   20.000       -300.00  0.1702   20.000
          0.0193     -299.66  0.1703   20.000       -300.00  0.1702   20.000       -300.00  0.1702   20.000
          0.0193     -299.65  0.1703   20.000       -300.00  0.1702   20.000       -300.00  0.1702   20.000
          0.0193     -299.65  0.1703   20.000       -300.00  0.1702   20.000       -300.00  0.1702   20.000
          0.0193     -299.65  0.1703   20.000       -300.00  0.1702   20.000       -300.00  0.1702   20.000
          0.0194     -299.65  0.1703   20.000       -300.00  0.1702   20.000       -300.00  0.1702   20.000
          0.0194     -299.64  0.1703   20.000       -300.00  0.1702   20.000       -300.00  0.1702   20.000
          0.0194     -299.64  0.1703   20.000       -300.00  0.1702   20.000       -300.00  0.1702   20.000
          0.0194     -299.64  0.1703   20.000       -300.00  0.1702   20.000       -300.00  0.1702   20.000
          0.0194     -299.64  0.1703   20.000       -300.00  0.1702   20.000       -300.00  0.1702   20.000
          0.0194     -299.64  0.1703   20.000       -300.00  0.1702   20.000       -300.00  0.1702   20.000
          0.0194     -299.64  0.1703   20.000       -300.00  0.1702   20.000       -300.00  0.1702   20.000
          0.0194     -299.64  0.1703   20.000       -300.00  0.1702   20.000       -300.00  0.1702   20.000
          0.0194     -299.64  0.1703   20.000       -300.00  0.1702   20.000       -300.00  0.1702   20.000
          0.0194     -299.64  0.1703   20.000       -300.00  0.1702   20.000       -300.00  0.1702   20.000
          0.0194     -299.64  0.1703   20.000       -300.00  0.1702   20.000       -300.00  0.1702   20.000
          0.0195     -299.64  0.1703   20.000       -300.00  0.1702   20.000       -300.00  0.1702   20.000
          0.0195     -299.63  0.1703   20.000       -300.00  0.1702   20.000       -300.00  0.1702   20.000
          0.0195     -299.63  0.1703   20.000       -300.00  0.1702   20.000       -300.00  0.1702   20.000
          0.0195     -299.63  0.1703   20.000       -300.00  0.1702   20.000       -300.00  0.1702   20.000
          0.0195     -299.63  0.1703   20.000       -300.00  0.1702   20.000       -300.00  0.1702   20.000
          0.0195     -299.63  0.1703   20.000       -300.00  0.1702   20.000       -300.00  0.1702   20.000
          0.0195     -299.63  0.1703   20.000       -300.00  0.1702   20.000       -300.00  0.1702   20.000
          0.0195     -299.63  0.1703   20.000       -300.00  0.1702   20.000       -300.00  0.1702   20.000
          0.0195     -299.63  0.1703   20.000       -300.00  0.1702   20.000       -300.00  0.1702   20.000
          0.0195     -299.63  0.1703   20.000       -300.00  0.1702   20.000       -300.00  0.1702   20.000
          0.0195     -299.63  0.1703   20.000       -300.00  0.1702   20.000       -300.00  0.1702   20.000
          0.0195     -299.63  0.1703   20.000       -300.00  0.1702   20.000       -300.00  0.1702   20.000
          0.0195     -299.62  0.1703   20.000       -300.00  0.1702   20.000       -300.00  0.1702   20.000
          0.0195     -299.62  0.1703   20.000       -300.00  0.1702   20.000       -300.00  0.1702   20.000
          0.0195     -299.62  0.1703   20.000       -300.00  0.1702   20.000       -300.00  0.1702   20.000
          0.0195     -299.62  0.1703   20.000       -300.00  0.1702   20.000       -300.00  0.1702   20.000
          0.0196     -299.62  0.1703   20.000       -300.00  0.1702   20.000       -300.00  0.1702   20.000
          0.0196     -299.62  0.1703   20.000       -300.00  0.1702   20.000       -300.00  0.1702   20.000
          0.0196     -299.62  0.1703   20.000       -300.00  0.1702   20.000       -300.00  0.1702   20.000
          0.0196     -299.62  0.1703   20.000       -300.00  0.1702   20.000       -300.00  0.1702   20.000
          0.0196     -299.62  0.1703   20.000       -300.00  0.1702   20.000       -300.00  0.1702   20.000
          0.0196     -299.62  0.1703   20.000       -300.00  0.1702   20.000       -300.00  0.1702   20.000
          0.0196     -299.62  0.1703   20.000       -300.00  0.1702   20.000       -300.00  0.1702   20.000
          0.0196     -299.61  0.1703   20.000       -300.00  0.1702   20.000       -300.00  0.1702   20.000
          0.0196     -299.61  0.1703   20.000       -300.00  0.1702   20.000       -300.00  0.1702   20.000
          0.0196     -299.61  0.1703   20.000       -300.00  0.1702   20.000       -300.00  0.1702   20.000
          0.0196     -299.61  0.1703   20.000       -300.00  0.1702   20.000       -300.00  0.1702   20.000
          0.0196     -299.61  0.1703   20.000       -300.00  0.1702   20.000       -300.00  0.1702   20.000
          0.0196     -299.61  0.1703   20.000       -300.00  0.1702   20.000       -300.00  0.1702   20.000
          0.0196     -299.61  0.1703   20.000       -300.00  0.1702   20.000       -300.00  0.1702   20.000
          0.0196     -299.61  0.1703   20.000       -300.00  0.1702   20.000       -300.00  0.1702   20.000
          0.0197     -299.61  0.1703   20.000       -300.00  0.1702   20.000       -300.00  0.1702   20.000
          0.0197     -299.61  0.1703   20.000       -300.00  0.1702   20.000       -300.00  0.1702   20.000
          0.0197     -299.61  0.1703   20.000       -300.00  0.1702   20.000       -300.00  0.1702   20.000
          0.0197     -299.60  0.1703   20.000       -300.00  0.1702   20.000       -300.00  0.1702   20.000
          0.0197     -299.60  0.1703   20.000       -300.00  0.1702   20.000       -300.00  0.1702   20.000
          0.0197     -299.60  0.1703   20.000       -300.00  0.1702   20.000       -300.00  0.1702   20.000
          0.0197     -299.60  0.1703   20.000       -300.00  0.1702   20.000       -300.00  0.1702   20.000
          0.0197     -299.60  0.1703   20.000       -300.00  0.1702   20.000       -300.00  0.1702   20.000
          0.0197     -299.60  0.1703   20.000       -300.00  0.1702   20.000       -300.00  0.1702   20.000
          0.0197     -299.60  0.1703   20.000       -300.00  0.1702   20.000       -300.00  0.1702   20.000
          0.0197     -299.60  0.1703   20.000       -300.00  0.1702   20.000       -300.00  0.1702   20.000
          0.0197     -299.60  0.1703   20.000       -300.00  0.1702   20.000       -300.00  0.1702   20.000
          0.0197     -299.60  0.1703   20.000       -300.00  0.1702   20.000       -300.00  0.1702   20.000
          0.0197     -299.60  0.1703   20.000       -300.00  0.1702   20.000       -300.00  0.1702   20.000
          0.0197     -299.59  0.1703   20.000       -300.00  0.1702   20.000       -300.00  0.1702   20.000
          0.0197     -299.59  0.1703   20.000       -300.00  0.1702   20.000       -300.00  0.1702   20.000
          0.0198     -299.59  0.1703   20.000       -300.00  0.1702   20.000       -300.00  0.1702   20.000
          0.0198     -299.59  0.1703   20.000       -300.00  0.1702   20.000       -300.00  0.1702   20.000
          0.0198     -299.59  0.1703   20.000       -300.00  0.1702   20.000       -300.00  0.1702   20.000
          0.0198     -299.59  0.1703   20.000       -300.00  0.1702   20.000       -300.00  0.1702   20.000
          0.0198     -299.59  0.1703   20.000       -300.00  0.1702   20.000       -300.00  0.1702   20.000
          0.0198     -299.59  0.1703   20.000       -300.00  0.1702   20.000       -300.00  0.1702   20.000
          0.0198     -299.58  0.1703   20.000       -300.00  0.1702   20.000       -300.00  0.1702   20.000
          0.0198     -299.58  0.1703   20.000       -300.00  0.1702   20.000       -300.00  0.1702   20.000
          0.0198     -299.58  0.1703   20.000       -300.00  0.1702   20.000       -300.00  0.1702   20.000
          0.0198     -299.58  0.1703   20.000       -300.00  0.1702   20.000       -300.00  0.1702   20.000
          0.0199     -299.58  0.1703   20.000       -300.00  0.1702   20.000       -300.00  0.1702   20.000
          0.0199     -299.57  0.1703   20.000       -300.00  0.1702   20.000       -300.00  0.1702   20.000
          0.0199     -299.57  0.1703   20.000       -300.00  0.1702   20.000       -300.00  0.1702   20.000
          0.0199     -299.57  0.1703   20.000       -300.00  0.1702   20.000       -300.00  0.1702   20.000
          0.0200     -299.56  0.1703   20.000       -300.00  0.1702   20.000       -300.00  0.1702   20.000
          0.0200     -299.55  0.1703   20.000       -300.00  0.1702   20.000       -300.00  0.1702   20.000
          0.0201     -299.54  0.1703   20.000       -300.00  0.1702   20.000       -300.00  0.1702   20.000
          0.0202     -299.53  0.1703   20.000       -300.00  0.1702   20.000       -300.00  0.1702   20.000
          0.0203     -299.51  0.1703   20.000       -300.00  0.1702   20.000       -300.00  0.1702   20.000
          0.0204     -299.48  0.1703   20.000       -300.00  0.1702   20.000       -300.00  0.1702   20.000
          0.0206     -299.45  0.1703   20.000       -300.00  0.1702   20.000       -300.00  0.1702   20.000
          0.0208     -299.40  0.1703   20.000       -300.00  0.1702   20.000       -300.00  0.1702   20.000
          0.0212     -299.33  0.1703   20.000       -300.00  0.1702   20.000       -300.00  0.1702   20.000
          0.0216     -299.22  0.1704   20.000       -300.00  0.1702   20.000       -300.00  0.1702   20.000
          0.0221     -299.07  0.1704   20.000       -300.00  0.1702   20.000       -300.00  0.1702   20.000
          0.0226     -298.88  0.1704   20.000       -300.00  0.1702   20.000       -300.00  0.1702   20.000
          0.0231     -298.67  0.1705   20.000       -300.00  0.1702   20.000       -300.00  0.1702   20.000
          0.0238     -298.31  0.1705   20.000       -300.00  0.1702   20.000       -300.00  0.1702   20.000
          0.0247     -297.72  0.1707   20.000       -300.00  0.1702   20.000       -300.00  0.1702   20.000
          0.0256     -296.94  0.1708   20.000       -300.00  0.1702   20.000       -300.00  0.1702   20.000
          0.0268     -295.49  0.1711   20.000       -300.00  0.1702   20.000       -300.00  0.1702   20.000
          0.0279     -293.50  0.1715   20.000       -300.00  0.1702   20.000       -300.00  0.1702   20.000
          0.0291     -290.78  0.1720   20.000       -300.00  0.1702   20.000       -300.00  0.1702   20.000
          0.0302     -287.09  0.1727   20.000       -300.00  0.1702   20.000       -300.00  0.1702   20.000
          0.0314     -282.30  0.1737   20.000       -300.00  0.1702   20.000       -300.00  0.1702   20.000
          0.0326     -276.05  0.1749   20.000       -300.00  0.1702   20.000       -300.00  0.1702   20.000
          0.0337     -268.11  0.1764   20.000       -300.00  0.1702   20.000       -300.00  0.1702   20.000
          0.0349     -258.49  0.1783   20.000       -300.00  0.1702   20.000       -300.00  0.1702   20.000
          0.0360     -247.36  0.1804   20.000       -300.00  0.1702   20.000       -300.00  0.1702   20.000
          0.0372     -236.24  0.1831   20.000       -300.00  0.1702   20.000       -300.00  0.1702   20.000
          0.0383     -225.32  0.1861   20.000       -300.00  0.1702   20.000       -300.00  0.1702   20.000
          0.0395     -213.38  0.1893   20.000       -300.00  0.1702   20.000       -300.00  0.1702   20.000
          0.0407     -200.91  0.1928   20.000       -300.00  0.1702   20.000       -300.00  0.1702   20.000
          0.0418     -188.62  0.1965   20.000       -300.00  0.1702   20.000       -300.00  0.1702   20.000
          0.0430     -178.38  0.2004   20.000       -300.00  0.1702   20.000       -300.00  0.1702   20.000
          0.0442     -168.02  0.2044   20.000       -300.00  0.1702   20.000       -300.00  0.1702   20.000
          0.0456     -155.40  0.2093   20.000       -300.00  0.1702   20.000       -300.00  0.1702   20.000
          0.0478     -140.67  0.2167   20.000       -300.00  0.1702   20.000       -300.00  0.1702   20.000
          0.0500     -127.35  0.2238   20.000       -300.00  0.1702   20.000       -300.00  0.1702   20.000
          0.0520     -117.23  0.2299   20.000       -300.00  0.1702   20.000       -300.00  0.1702   20.000
          0.0539     -109.69  0.2354   20.000       -300.00  0.1702   20.000       -300.00  0.1702   20.000
          0.0559     -102.17  0.2410   20.000       -300.00  0.1702   20.000       -300.00  0.1702   20.000
          0.0578      -95.20  0.2462   20.000       -300.00  0.1702   20.000       -300.00  0.1702   20.000
          0.0598      -90.28  0.2511   20.000       -300.00  0.1702   20.000       -300.00  0.1702   20.000
          0.0617      -85.64  0.2557   20.000       -300.00  0.1702   20.000       -300.00  0.1702   20.000
          0.0637      -81.55  0.2597   20.000       -300.00  0.1702   20.000       -300.00  0.1702   20.000
          0.0657      -78.06  0.2632   20.000       -300.00  0.1702   20.000       -300.00  0.1702   20.000
          0.0676      -74.90  0.2666   20.000       -300.00  0.1702   20.000       -300.00  0.1702   20.000
          0.0696      -72.23  0.2701   20.000       -300.00  0.1702   20.000       -300.00  0.1702   20.000
          0.0715      -69.82  0.2732   20.000       -300.00  0.1702   20.000       -300.00  0.1702   20.000
          0.0735      -67.70  0.2760   20.000       -300.00  0.1702   20.000       -300.00  0.1702   20.000
          0.0754      -65.74  0.2786   20.000       -300.00  0.1702   20.000       -300.00  0.1702   20.000
          0.0774      -63.92  0.2810   20.000       -300.00  0.1702   20.000       -300.00  0.1702   20.000
          0.0794      -62.22  0.2832   20.000       -300.00  0.1702   20.000       -300.00  0.1702   20.000
          0.0819      -60.10  0.2860   20.000       -300.00  0.1702   20.000       -300.00  0.1702   20.000
          0.0845      -58.60  0.2884   20.000       -300.00  0.1702   20.000       -300.00  0.1702   20.000
          0.0871      -57.28  0.2907   20.000       -300.00  0.1702   20.000       -300.00  0.1702   20.000
          0.0897      -56.04  0.2927   20.000       -300.00  0.1702   20.000       -300.00  0.1702   20.000
          0.0923      -54.79  0.2948   20.000       -300.00  0.1702   20.000       -300.00  0.1702   20.000
          0.0948      -53.52  0.2970   20.000       -300.00  0.1702   20.000       -300.00  0.1702   20.000
          0.0974      -52.24  0.2991   20.000       -300.00  0.1702   20.000       -300.00  0.1702   20.000
          0.1000      -51.02  0.3012   20.000       -300.00  0.1702   20.000       -300.00  0.1702   20.000
          0.1033      -49.79  0.3032   20.000       -300.00  0.1702   20.000       -300.00  0.1702   20.000
          0.1066      -48.72  0.3050   20.000       -300.00  0.1702   20.000       -300.00  0.1702   20.000
          0.1099      -47.69  0.3067   20.000       -300.00  0.1702   20.000       -300.00  0.1702   20.000
          0.1132      -46.77  0.3086   20.000       -300.00  0.1702   20.000       -300.00  0.1702   20.000
          0.1165      -45.85  0.3105   20.000       -300.00  0.1702   20.000       -300.00  0.1702   20.000
          0.1199      -44.98  0.3123   20.000       -300.00  0.1702   20.000       -300.00  0.1702   20.000
          0.1232      -44.20  0.3139   20.000       -300.00  0.1702   20.000       -300.00  0.1702   20.000
          0.1266      -43.47  0.3155   20.000       -300.00  0.1702   20.000       -300.00  0.1702   20.000
          0.1299      -42.76  0.3169   20.000       -300.00  0.1702   20.000       -300.00  0.1702   20.000
          0.1333      -42.09  0.3183   20.000       -300.00  0.1702   20.000       -300.00  0.1702   20.000
          0.1366      -41.48  0.3196   20.000       -300.00  0.1702   20.000       -300.00  0.1702   20.000
          0.1400      -40.88  0.3208   20.000       -300.00  0.1702   20.000       -300.00  0.1702   20.000
          0.1433      -40.30  0.3220   20.000       -300.00  0.1702   20.000       -300.00  0.1702   20.000
          0.1467      -39.76  0.3232   20.000       -300.00  0.1702   20.000       -300.00  0.1702   20.000
          0.1500      -39.22  0.3243   20.000       -300.00  0.1702   20.000       -300.00  0.1702   20.000
          0.1533      -38.70  0.3254   20.000       -300.00  0.1702   20.000       -300.00  0.1702   20.000
          0.1566      -38.21  0.3264   20.000       -300.00  0.1702   20.000       -300.00  0.1702   20.000
          0.1599      -37.76  0.3273   20.000       -300.00  0.1702   20.000       -300.00  0.1702   20.000
          0.1632      -37.34  0.3283   20.000       -300.00  0.1702   20.000       -300.00  0.1702   20.000
          0.1665      -36.95  0.3293   20.000       -300.00  0.1702   20.000       -300.00  0.1702   20.000
          0.1707      -36.46  0.3305   20.000       -300.00  0.1702   20.000       -300.00  0.1702   20.000
          0.1749      -35.97  0.3317   20.000       -300.00  0.1702   20.000       -300.00  0.1702   20.000
          0.1791      -35.51  0.3328   20.000       -300.00  0.1702   20.000       -300.00  0.1702   20.000
          0.1833      -35.07  0.3339   20.000       -299.99  0.1702   20.000       -300.00  0.1702   20.000
          0.1875      -34.67  0.3349   20.000       -299.99  0.1702   20.000       -300.00  0.1702   20.000
          0.1916      -34.29  0.3358   20.000       -299.98  0.1702   20.000       -300.00  0.1702   20.000
          0.1958      -33.93  0.3368   20.000       -299.97  0.1702   20.000       -300.00  0.1702   20.000
          0.2000      -33.57  0.3376   20.000       -299.95  0.1702   20.000       -300.00  0.1702   20.000
          0.2043      -33.21  0.3385   20.000       -299.92  0.1702   20.000       -300.00  0.1702   20.000
          0.2086      -32.87  0.3394   20.000       -299.88  0.1702   20.000       -300.00  0.1702   20.000
          0.2127      -32.56  0.3401   20.000       -299.81  0.1702   20.000       -300.00  0.1702   20.000
          0.2169      -32.26  0.3409   20.000       -299.72  0.1703   20.000       -300.00  0.1702   20.000
          0.2210      -31.97  0.3416   20.000       -299.57  0.1703   20.000       -300.00  0.1702   20.000
          0.2252      -31.68  0.3423   20.000       -299.36  0.1703   20.000       -300.00  0.1702   20.000
          0.2293      -31.40  0.3430   20.000       -299.05  0.1704   20.000       -300.00  0.1702   20.000
          0.2345      -31.06  0.3439   20.000       -298.42  0.1705   20.000       -300.00  0.1702   20.000
          0.2396      -30.73  0.3447   20.000       -297.44  0.1707   20.000       -300.00  0.1702   20.000
          0.2448      -30.41  0.3455   20.000       -295.92  0.1710   20.000       -300.00  0.1702   20.000
          0.2500      -30.11  0.3462   20.000       -293.64  0.1715   20.000       -300.00  0.1702   20.000
          0.2556      -29.79  0.3470   20.000       -289.93  0.1722   20.000       -300.00  0.1702   20.000
          0.2611      -29.50  0.3478   20.000       -284.57  0.1732   20.000       -300.00  0.1702   20.000
          0.2667      -29.21  0.3486   20.000       -277.10  0.1747   20.000       -300.00  0.1702   20.000
          0.2722      -28.94  0.3494   20.000       -267.18  0.1766   20.000       -300.00  0.1702   20.000
          0.2778      -28.67  0.3502   20.000       -254.77  0.1790   20.000       -300.00  0.1702   20.000
          0.2833      -28.41  0.3509   20.000       -240.09  0.1820   20.000       -300.00  0.1702   20.000
          0.2889      -28.17  0.3516   20.000       -226.41  0.1858   20.000       -300.00  0.1702   20.000
          0.2944      -27.93  0.3522   20.000       -211.26  0.1899   20.000       -300.00  0.1702   20.000
          0.3000      -27.71  0.3529   20.000       -194.75  0.1945   20.000       -300.00  0.1702   20.000
          0.3056      -27.49  0.3535   20.000       -180.93  0.1994   20.000       -300.00  0.1702   20.000
          0.3111      -27.28  0.3541   20.000       -168.14  0.2044   20.000       -300.00  0.1702   20.000
          0.3189      -26.99  0.3549   20.000       -150.76  0.2113   20.000       -300.00  0.1702   20.000
          0.3267      -26.73  0.3556   20.000       -137.47  0.2184   20.000       -300.00  0.1702   20.000
          0.3344      -26.47  0.3564   20.000       -125.34  0.2249   20.000       -300.00  0.1702   20.000
          0.3422      -26.21  0.3571   20.000       -115.24  0.2314   20.000       -300.00  0.1702   20.000
          0.3500      -25.97  0.3578   20.000       -106.97  0.2374   20.000       -300.00  0.1702   20.000
          0.3571      -25.76  0.3584   20.000        -99.76  0.2428   20.000       -300.00  0.1702   20.000
          0.3643      -25.55  0.3589   20.000        -93.77  0.2476   20.000       -300.00  0.1702   20.000
          0.3714      -25.35  0.3595   20.000        -89.08  0.2523   20.000       -300.00  0.1702   20.000
          0.3786      -25.15  0.3601   20.000        -84.39  0.2569   20.000       -300.00  0.1702   20.000
          0.3857      -24.96  0.3606   20.000        -79.90  0.2614   20.000       -300.00  0.1702   20.000
          0.3929      -24.78  0.3611   20.000        -76.33  0.2649   20.000       -300.00  0.1702   20.000
          0.4000      -24.60  0.3616   20.000        -73.34  0.2686   20.000       -300.00  0.1702   20.000
          0.4071      -24.43  0.3621   20.000        -70.37  0.2725   20.000       -300.00  0.1702   20.000
          0.4143      -24.26  0.3626   20.000        -67.63  0.2761   20.000       -300.00  0.1702   20.000
          0.4214      -24.09  0.3631   20.000        -65.17  0.2793   20.000       -300.00  0.1702   20.000
          0.4286      -23.93  0.3635   20.000        -63.00  0.2822   20.000       -300.00  0.1702   20.000
          0.4357      -23.77  0.3640   20.000        -60.90  0.2849   20.000       -300.00  0.1702   20.000
          0.4429      -23.62  0.3644   20.000        -59.01  0.2877   20.000       -300.00  0.1702   20.000
          0.4500      -23.47  0.3649   20.000        -57.35  0.2905   20.000       -300.00  0.1702   20.000
          0.4571      -23.33  0.3653   20.000        -55.74  0.2932   20.000       -300.00  0.1702   20.000
          0.4643      -23.18  0.3657   20.000        -54.18  0.2959   20.000       -300.00  0.1702   20.000
          0.4714      -23.05  0.3661   20.000        -52.83  0.2981   20.000       -300.00  0.1702   20.000
          0.4786      -22.91  0.3666   20.000        -51.58  0.3002   20.000       -300.00  0.1702   20.000
          0.4886      -22.74  0.3671   20.000        -49.86  0.3031   20.000       -300.00  0.1702   20.000
          0.4943      -22.64  0.3674   20.000        -48.93  0.3047   20.000       -300.00  0.1702   20.000
          0.5000      -22.54  0.3677   20.000        -48.06  0.3061   20.000       -300.00  0.1702   20.000
          0.5100      -24.17  0.3628   20.000        -46.79  0.3086   20.000       -300.00  0.1702   20.000
          0.5167      -25.33  0.3596   20.000        -46.05  0.3101   20.000       -300.00  0.1702   20.000
          0.5233      -26.41  0.3565   20.000        -45.45  0.3113   20.000       -300.00  0.1702   20.000
          0.5300      -27.39  0.3538   20.000        -45.01  0.3122   20.000       -300.00  0.1702   20.000
          0.5367      -28.29  0.3512   20.000        -44.69  0.3129   20.000       -300.00  0.1702   20.000
          0.5433      -29.11  0.3489   20.000        -44.48  0.3133   20.000       -300.00  0.1702   20.000
          0.5500      -29.89  0.3467   20.000        -44.37  0.3136   20.000       -300.00  0.1702   20.000
          0.5571      -30.77  0.3446   20.000        -44.34  0.3136   20.000       -300.00  0.1702   20.000
          0.5643      -31.58  0.3426   20.000        -44.38  0.3136   20.000       -300.00  0.1702   20.000
          0.5714      -32.33  0.3407   20.000        -44.48  0.3134   20.000       -300.00  0.1702   20.000
          0.5786      -33.03  0.3390   20.000        -44.61  0.3131   20.000       -300.00  0.1702   20.000
          0.5886      -33.93  0.3368   20.000        -44.85  0.3126   20.000       -300.00  0.1702   20.000
          0.5943      -34.42  0.3355   20.000        -44.99  0.3123   20.000       -300.00  0.1702   20.000
          0.6000      -34.89  0.3344   20.000        -45.15  0.3120   20.000       -300.00  0.1702   20.000
          0.6100      -35.66  0.3325   20.000        -45.46  0.3113   20.000       -300.00  0.1702   20.000
          0.6200      -36.39  0.3307   20.000        -45.79  0.3106   20.000       -300.00  0.1702   20.000
          0.6300      -37.07  0.3290   20.000        -46.14  0.3099   20.000       -300.00  0.1702   20.000
          0.6400      -37.74  0.3274   20.000        -46.50  0.3092   20.000       -300.00  0.1702   20.000
          0.6500      -38.48  0.3258   20.000        -46.86  0.3084   20.000       -300.00  0.1702   20.000
          0.6600      -39.18  0.3244   20.000        -47.23  0.3076   20.000       -300.00  0.1702   20.000
          0.6700      -39.85  0.3230   20.000        -47.60  0.3069   20.000       -300.00  0.1702   20.000
          0.6800      -40.48  0.3217   20.000        -47.98  0.3063   20.000       -300.00  0.1702   20.000
          0.6900      -41.09  0.3204   20.000        -48.36  0.3056   20.000       -300.00  0.1702   20.000
          0.7000      -41.67  0.3192   20.000        -48.73  0.3050   20.000       -300.00  0.1702   20.000
          0.7100      -42.23  0.3180   20.000        -49.10  0.3044   20.000       -300.00  0.1702   20.000
          0.7200      -42.76  0.3169   20.000        -49.45  0.3038   20.000       -300.00  0.1702   20.000
          0.7300      -43.28  0.3159   20.000        -49.81  0.3032   20.000       -300.00  0.1702   20.000
          0.7400      -43.77  0.3148   20.000        -50.15  0.3026   20.000       -300.00  0.1702   20.000
          0.7500      -44.25  0.3138   20.000        -50.49  0.3020   20.000       -300.00  0.1702   20.000
          0.7600      -44.71  0.3129   20.000        -50.83  0.3015   20.000       -300.00  0.1702   20.000
          0.7700      -45.15  0.3120   20.000        -51.16  0.3009   20.000       -300.00  0.1702   20.000
          0.7800      -45.58  0.3111   20.000        -51.48  0.3004   20.000       -300.00  0.1702   20.000
          0.7900      -45.99  0.3102   20.000        -51.80  0.2999   20.000       -300.00  0.1702   20.000
          0.8000      -46.40  0.3094   20.000        -52.11  0.2993   20.000       -300.00  0.1702   20.000
          0.8100      -46.79  0.3085   20.000        -52.41  0.2988   20.000       -300.00  0.1702   20.000
          0.8200      -47.17  0.3077   20.000        -52.72  0.2983   20.000       -300.00  0.1702   20.000
          0.8300      -47.57  0.3070   20.000        -53.01  0.2978   20.000       -300.00  0.1702   20.000
          0.8400      -47.99  0.3062   20.000        -53.31  0.2973   20.000       -300.00  0.1702   20.000
          0.8500      -48.43  0.3055   20.000        -53.59  0.2968   20.000       -300.00  0.1702   20.000
          0.8600      -48.86  0.3048   20.000        -53.88  0.2964   20.000       -300.00  0.1702   20.000
          0.8700      -49.28  0.3041   20.000        -54.16  0.2959   20.000       -300.00  0.1702   20.000
          0.8800      -49.69  0.3034   20.000        -54.44  0.2954   20.000       -300.00  0.1702   20.000
          0.8900      -50.08  0.3027   20.000        -54.71  0.2950   20.000       -300.00  0.1702   20.000
          0.9000      -50.48  0.3021   20.000        -54.98  0.2945   20.000       -300.00  0.1702   20.000
          0.9100      -50.86  0.3014   20.000        -55.25  0.2941   20.000       -300.00  0.1702   20.000
          0.9200      -51.23  0.3008   20.000        -55.52  0.2936   20.000       -300.00  0.1702   20.000
          0.9300      -51.59  0.3002   20.000        -55.78  0.2932   20.000       -300.00  0.1702   20.000
          0.9400      -51.94  0.2996   20.000        -56.04  0.2927   20.000       -300.00  0.1702   20.000
          0.9500      -52.29  0.2990   20.000        -56.29  0.2923   20.000       -300.00  0.1702   20.000
          0.9600      -52.63  0.2985   20.000        -56.54  0.2919   20.000       -300.00  0.1702   20.000
          0.9700      -52.96  0.2979   20.000        -56.79  0.2915   20.000       -300.00  0.1702   20.000
          0.9800      -53.29  0.2973   20.000        -57.04  0.2911   20.000       -300.00  0.1702   20.000
          0.9900      -53.61  0.2968   20.000        -57.29  0.2906   20.000       -300.00  0.1702   20.000
          1.0000      -53.92  0.2963   20.000        -57.53  0.2902   20.000       -300.00  0.1702   20.000
end
