 ******* Program HYDRUS
 ******* Pluie 10 cm/j pendant 0.5 j sur un loam avec croûte de 1 cm (Ks = 0.5 c
 Date:   0. 0.    Time: 512:**:**
 Units: L = cm   , T = days , M = g    


    n      depth     THr       THs       hs       Ks        Ks/KsTop     Beta      Ah        AK        ATh

    1      0.00     0.078     0.430      -0.0   0.500E+00     1.000     0.000     1.000     1.000     1.000
    2      0.50     0.078     0.430      -0.0   0.500E+00     1.000     0.000     1.000     1.000     1.000
    3      1.00     0.078     0.430      -0.0   0.500E+00     1.000     0.000     1.000     1.000     1.000
    4      1.50     0.078     0.430      -0.0   0.250E+02    49.920     0.000     1.000     1.000     1.000
    5      2.00     0.078     0.430      -0.0   0.250E+02    49.920     0.000     1.000     1.000     1.000
    6      2.50     0.078     0.430      -0.0   0.250E+02    49.920     0.000     1.000     1.000     1.000
    7      3.00     0.078     0.430      -0.0   0.250E+02    49.920     0.000     1.000     1.000     1.000
    8      3.50     0.078     0.430      -0.0   0.250E+02    49.920     0.000     1.000     1.000     1.000
    9      4.00     0.078     0.430      -0.0   0.250E+02    49.920     0.000     1.000     1.000     1.000
   10      4.50     0.078     0.430      -0.0   0.250E+02    49.920     0.000     1.000     1.000     1.000
   11      5.00     0.078     0.430      -0.0   0.250E+02    49.920     0.000     1.000     1.000     1.000
   12      5.50     0.078     0.430      -0.0   0.250E+02    49.920     0.000     1.000     1.000     1.000
   13      6.00     0.078     0.430      -0.0   0.250E+02    49.920     0.000     1.000     1.000     1.000
   14      6.50     0.078     0.430      -0.0   0.250E+02    49.920     0.000     1.000     1.000     1.000
   15      7.00     0.078     0.430      -0.0   0.250E+02    49.920     0.000     1.000     1.000     1.000
   16      7.50     0.078     0.430      -0.0   0.250E+02    49.920     0.000     1.000     1.000     1.000
   17      8.00     0.078     0.430      -0.0   0.250E+02    49.920     0.000     1.000     1.000     1.000
   18      8.50     0.078     0.430      -0.0   0.250E+02    49.920     0.000     1.000     1.000     1.000
   19      9.00     0.078     0.430      -0.0   0.250E+02    49.920     0.000     1.000     1.000     1.000
   20      9.50     0.078     0.430      -0.0   0.250E+02    49.920     0.000     1.000     1.000     1.000
   21     10.00     0.078     0.430      -0.0   0.250E+02    49.920     0.000     1.000     1.000     1.000
   22     10.50     0.078     0.430      -0.0   0.250E+02    49.920     0.000     1.000     1.000     1.000
   23     11.00     0.078     0.430      -0.0   0.250E+02    49.920     0.000     1.000     1.000     1.000
   24     11.50     0.078     0.430      -0.0   0.250E+02    49.920     0.000     1.000     1.000     1.000
   25     12.00     0.078     0.430      -0.0   0.250E+02    49.920     0.000     1.000     1.000     1.000
   26     12.50     0.078     0.430      -0.0   0.250E+02    49.920     0.000     1.000     1.000     1.000
   27     13.00     0.078     0.430      -0.0   0.250E+02    49.920     0.000     1.000     1.000     1.000
   28     13.50     0.078     0.430      -0.0   0.250E+02    49.920     0.000     1.000     1.000     1.000
   29     14.00     0.078     0.430      -0.0   0.250E+02    49.920     0.000     1.000     1.000     1.000
   30     14.50     0.078     0.430      -0.0   0.250E+02    49.920     0.000     1.000     1.000     1.000
   31     15.00     0.078     0.430      -0.0   0.250E+02    49.920     0.000     1.000     1.000     1.000
   32     15.50     0.078     0.430      -0.0   0.250E+02    49.920     0.000     1.000     1.000     1.000
   33     16.00     0.078     0.430      -0.0   0.250E+02    49.920     0.000     1.000     1.000     1.000
   34     16.50     0.078     0.430      -0.0   0.250E+02    49.920     0.000     1.000     1.000     1.000
   35     17.00     0.078     0.430      -0.0   0.250E+02    49.920     0.000     1.000     1.000     1.000
   36     17.50     0.078     0.430      -0.0   0.250E+02    49.920     0.000     1.000     1.000     1.000
   37     18.00     0.078     0.430      -0.0   0.250E+02    49.920     0.000     1.000     1.000     1.000
   38     18.50     0.078     0.430      -0.0   0.250E+02    49.920     0.000     1.000     1.000     1.000
   39     19.00     0.078     0.430      -0.0   0.250E+02    49.920     0.000     1.000     1.000     1.000
   40     19.50     0.078     0.430      -0.0   0.250E+02    49.920     0.000     1.000     1.000     1.000
   41     20.00     0.078     0.430      -0.0   0.250E+02    49.920     0.000     1.000     1.000     1.000
   42     20.50     0.078     0.430      -0.0   0.250E+02    49.920     0.000     1.000     1.000     1.000
   43     21.00     0.078     0.430      -0.0   0.250E+02    49.920     0.000     1.000     1.000     1.000
   44     21.50     0.078     0.430      -0.0   0.250E+02    49.920     0.000     1.000     1.000     1.000
   45     22.00     0.078     0.430      -0.0   0.250E+02    49.920     0.000     1.000     1.000     1.000
   46     22.50     0.078     0.430      -0.0   0.250E+02    49.920     0.000     1.000     1.000     1.000
   47     23.00     0.078     0.430      -0.0   0.250E+02    49.920     0.000     1.000     1.000     1.000
   48     23.50     0.078     0.430      -0.0   0.250E+02    49.920     0.000     1.000     1.000     1.000
   49     24.00     0.078     0.430      -0.0   0.250E+02    49.920     0.000     1.000     1.000     1.000
   50     24.50     0.078     0.430      -0.0   0.250E+02    49.920     0.000     1.000     1.000     1.000
   51     25.00     0.078     0.430      -0.0   0.250E+02    49.920     0.000     1.000     1.000     1.000
   52     25.50     0.078     0.430      -0.0   0.250E+02    49.920     0.000     1.000     1.000     1.000
   53     26.00     0.078     0.430      -0.0   0.250E+02    49.920     0.000     1.000     1.000     1.000
   54     26.50     0.078     0.430      -0.0   0.250E+02    49.920     0.000     1.000     1.000     1.000
   55     27.00     0.078     0.430      -0.0   0.250E+02    49.920     0.000     1.000     1.000     1.000
   56     27.50     0.078     0.430      -0.0   0.250E+02    49.920     0.000     1.000     1.000     1.000
   57     28.00     0.078     0.430      -0.0   0.250E+02    49.920     0.000     1.000     1.000     1.000
   58     28.50     0.078     0.430      -0.0   0.250E+02    49.920     0.000     1.000     1.000     1.000
   59     29.00     0.078     0.430      -0.0   0.250E+02    49.920     0.000     1.000     1.000     1.000
   60     29.50     0.078     0.430      -0.0   0.250E+02    49.920     0.000     1.000     1.000     1.000
   61     30.00     0.078     0.430      -0.0   0.250E+02    49.920     0.000     1.000     1.000     1.000
   62     30.50     0.078     0.430      -0.0   0.250E+02    49.920     0.000     1.000     1.000     1.000
   63     31.00     0.078     0.430      -0.0   0.250E+02    49.920     0.000     1.000     1.000     1.000
   64     31.50     0.078     0.430      -0.0   0.250E+02    49.920     0.000     1.000     1.000     1.000
   65     32.00     0.078     0.430      -0.0   0.250E+02    49.920     0.000     1.000     1.000     1.000
   66     32.50     0.078     0.430      -0.0   0.250E+02    49.920     0.000     1.000     1.000     1.000
   67     33.00     0.078     0.430      -0.0   0.250E+02    49.920     0.000     1.000     1.000     1.000
   68     33.50     0.078     0.430      -0.0   0.250E+02    49.920     0.000     1.000     1.000     1.000
   69     34.00     0.078     0.430      -0.0   0.250E+02    49.920     0.000     1.000     1.000     1.000
   70     34.50     0.078     0.430      -0.0   0.250E+02    49.920     0.000     1.000     1.000     1.000
   71     35.00     0.078     0.430      -0.0   0.250E+02    49.920     0.000     1.000     1.000     1.000
   72     35.50     0.078     0.430      -0.0   0.250E+02    49.920     0.000     1.000     1.000     1.000
   73     36.00     0.078     0.430      -0.0   0.250E+02    49.920     0.000     1.000     1.000     1.000
   74     36.50     0.078     0.430      -0.0   0.250E+02    49.920     0.000     1.000     1.000     1.000
   75     37.00     0.078     0.430      -0.0   0.250E+02    49.920     0.000     1.000     1.000     1.000
   76     37.50     0.078     0.430      -0.0   0.250E+02    49.920     0.000     1.000     1.000     1.000
   77     38.00     0.078     0.430      -0.0   0.250E+02    49.920     0.000     1.000     1.000     1.000
   78     38.50     0.078     0.430      -0.0   0.250E+02    49.920     0.000     1.000     1.000     1.000
   79     39.00     0.078     0.430      -0.0   0.250E+02    49.920     0.000     1.000     1.000     1.000
   80     39.50     0.078     0.430      -0.0   0.250E+02    49.920     0.000     1.000     1.000     1.000
   81     40.00     0.078     0.430      -0.0   0.250E+02    49.920     0.000     1.000     1.000     1.000
   82     40.50     0.078     0.430      -0.0   0.250E+02    49.920     0.000     1.000     1.000     1.000
   83     41.00     0.078     0.430      -0.0   0.250E+02    49.920     0.000     1.000     1.000     1.000
   84     41.50     0.078     0.430      -0.0   0.250E+02    49.920     0.000     1.000     1.000     1.000
   85     42.00     0.078     0.430      -0.0   0.250E+02    49.920     0.000     1.000     1.000     1.000
   86     42.50     0.078     0.430      -0.0   0.250E+02    49.920     0.000     1.000     1.000     1.000
   87     43.00     0.078     0.430      -0.0   0.250E+02    49.920     0.000     1.000     1.000     1.000
   88     43.50     0.078     0.430      -0.0   0.250E+02    49.920     0.000     1.000     1.000     1.000
   89     44.00     0.078     0.430      -0.0   0.250E+02    49.920     0.000     1.000     1.000     1.000
   90     44.50     0.078     0.430      -0.0   0.250E+02    49.920     0.000     1.000     1.000     1.000
   91     45.00     0.078     0.430      -0.0   0.250E+02    49.920     0.000     1.000     1.000     1.000
   92     45.50     0.078     0.430      -0.0   0.250E+02    49.920     0.000     1.000     1.000     1.000
   93     46.00     0.078     0.430      -0.0   0.250E+02    49.920     0.000     1.000     1.000     1.000
   94     46.50     0.078     0.430      -0.0   0.250E+02    49.920     0.000     1.000     1.000     1.000
   95     47.00     0.078     0.430      -0.0   0.250E+02    49.920     0.000     1.000     1.000     1.000
   96     47.50     0.078     0.430      -0.0   0.250E+02    49.920     0.000     1.000     1.000     1.000
   97     48.00     0.078     0.430      -0.0   0.250E+02    49.920     0.000     1.000     1.000     1.000
   98     48.50     0.078     0.430      -0.0   0.250E+02    49.920     0.000     1.000     1.000     1.000
   99     49.00     0.078     0.430      -0.0   0.250E+02    49.920     0.000     1.000     1.000     1.000
  100     49.50     0.078     0.430      -0.0   0.250E+02    49.920     0.000     1.000     1.000     1.000
  101     50.00     0.078     0.430      -0.0   0.250E+02    49.920     0.000     1.000     1.000     1.000
  102     50.50     0.078     0.430      -0.0   0.250E+02    49.920     0.000     1.000     1.000     1.000
  103     51.00     0.078     0.430      -0.0   0.250E+02    49.920     0.000     1.000     1.000     1.000
  104     51.50     0.078     0.430      -0.0   0.250E+02    49.920     0.000     1.000     1.000     1.000
  105     52.00     0.078     0.430      -0.0   0.250E+02    49.920     0.000     1.000     1.000     1.000
  106     52.50     0.078     0.430      -0.0   0.250E+02    49.920     0.000     1.000     1.000     1.000
  107     53.00     0.078     0.430      -0.0   0.250E+02    49.920     0.000     1.000     1.000     1.000
  108     53.50     0.078     0.430      -0.0   0.250E+02    49.920     0.000     1.000     1.000     1.000
  109     54.00     0.078     0.430      -0.0   0.250E+02    49.920     0.000     1.000     1.000     1.000
  110     54.50     0.078     0.430      -0.0   0.250E+02    49.920     0.000     1.000     1.000     1.000
  111     55.00     0.078     0.430      -0.0   0.250E+02    49.920     0.000     1.000     1.000     1.000
  112     55.50     0.078     0.430      -0.0   0.250E+02    49.920     0.000     1.000     1.000     1.000
  113     56.00     0.078     0.430      -0.0   0.250E+02    49.920     0.000     1.000     1.000     1.000
  114     56.50     0.078     0.430      -0.0   0.250E+02    49.920     0.000     1.000     1.000     1.000
  115     57.00     0.078     0.430      -0.0   0.250E+02    49.920     0.000     1.000     1.000     1.000
  116     57.50     0.078     0.430      -0.0   0.250E+02    49.920     0.000     1.000     1.000     1.000
  117     58.00     0.078     0.430      -0.0   0.250E+02    49.920     0.000     1.000     1.000     1.000
  118     58.50     0.078     0.430      -0.0   0.250E+02    49.920     0.000     1.000     1.000     1.000
  119     59.00     0.078     0.430      -0.0   0.250E+02    49.920     0.000     1.000     1.000     1.000
  120     59.50     0.078     0.430      -0.0   0.250E+02    49.920     0.000     1.000     1.000     1.000
  121     60.00     0.078     0.430      -0.0   0.250E+02    49.920     0.000     1.000     1.000     1.000
  122     60.50     0.078     0.430      -0.0   0.250E+02    49.920     0.000     1.000     1.000     1.000
  123     61.00     0.078     0.430      -0.0   0.250E+02    49.920     0.000     1.000     1.000     1.000
  124     61.50     0.078     0.430      -0.0   0.250E+02    49.920     0.000     1.000     1.000     1.000
  125     62.00     0.078     0.430      -0.0   0.250E+02    49.920     0.000     1.000     1.000     1.000
  126     62.50     0.078     0.430      -0.0   0.250E+02    49.920     0.000     1.000     1.000     1.000
  127     63.00     0.078     0.430      -0.0   0.250E+02    49.920     0.000     1.000     1.000     1.000
  128     63.50     0.078     0.430      -0.0   0.250E+02    49.920     0.000     1.000     1.000     1.000
  129     64.00     0.078     0.430      -0.0   0.250E+02    49.920     0.000     1.000     1.000     1.000
  130     64.50     0.078     0.430      -0.0   0.250E+02    49.920     0.000     1.000     1.000     1.000
  131     65.00     0.078     0.430      -0.0   0.250E+02    49.920     0.000     1.000     1.000     1.000
  132     65.50     0.078     0.430      -0.0   0.250E+02    49.920     0.000     1.000     1.000     1.000
  133     66.00     0.078     0.430      -0.0   0.250E+02    49.920     0.000     1.000     1.000     1.000
  134     66.50     0.078     0.430      -0.0   0.250E+02    49.920     0.000     1.000     1.000     1.000
  135     67.00     0.078     0.430      -0.0   0.250E+02    49.920     0.000     1.000     1.000     1.000
  136     67.50     0.078     0.430      -0.0   0.250E+02    49.920     0.000     1.000     1.000     1.000
  137     68.00     0.078     0.430      -0.0   0.250E+02    49.920     0.000     1.000     1.000     1.000
  138     68.50     0.078     0.430      -0.0   0.250E+02    49.920     0.000     1.000     1.000     1.000
  139     69.00     0.078     0.430      -0.0   0.250E+02    49.920     0.000     1.000     1.000     1.000
  140     69.50     0.078     0.430      -0.0   0.250E+02    49.920     0.000     1.000     1.000     1.000
  141     70.00     0.078     0.430      -0.0   0.250E+02    49.920     0.000     1.000     1.000     1.000
  142     70.50     0.078     0.430      -0.0   0.250E+02    49.920     0.000     1.000     1.000     1.000
  143     71.00     0.078     0.430      -0.0   0.250E+02    49.920     0.000     1.000     1.000     1.000
  144     71.50     0.078     0.430      -0.0   0.250E+02    49.920     0.000     1.000     1.000     1.000
  145     72.00     0.078     0.430      -0.0   0.250E+02    49.920     0.000     1.000     1.000     1.000
  146     72.50     0.078     0.430      -0.0   0.250E+02    49.920     0.000     1.000     1.000     1.000
  147     73.00     0.078     0.430      -0.0   0.250E+02    49.920     0.000     1.000     1.000     1.000
  148     73.50     0.078     0.430      -0.0   0.250E+02    49.920     0.000     1.000     1.000     1.000
  149     74.00     0.078     0.430      -0.0   0.250E+02    49.920     0.000     1.000     1.000     1.000
  150     74.50     0.078     0.430      -0.0   0.250E+02    49.920     0.000     1.000     1.000     1.000
  151     75.00     0.078     0.430      -0.0   0.250E+02    49.920     0.000     1.000     1.000     1.000
  152     75.50     0.078     0.430      -0.0   0.250E+02    49.920     0.000     1.000     1.000     1.000
  153     76.00     0.078     0.430      -0.0   0.250E+02    49.920     0.000     1.000     1.000     1.000
  154     76.50     0.078     0.430      -0.0   0.250E+02    49.920     0.000     1.000     1.000     1.000
  155     77.00     0.078     0.430      -0.0   0.250E+02    49.920     0.000     1.000     1.000     1.000
  156     77.50     0.078     0.430      -0.0   0.250E+02    49.920     0.000     1.000     1.000     1.000
  157     78.00     0.078     0.430      -0.0   0.250E+02    49.920     0.000     1.000     1.000     1.000
  158     78.50     0.078     0.430      -0.0   0.250E+02    49.920     0.000     1.000     1.000     1.000
  159     79.00     0.078     0.430      -0.0   0.250E+02    49.920     0.000     1.000     1.000     1.000
  160     79.50     0.078     0.430      -0.0   0.250E+02    49.920     0.000     1.000     1.000     1.000
  161     80.00     0.078     0.430      -0.0   0.250E+02    49.920     0.000     1.000     1.000     1.000
  162     80.50     0.078     0.430      -0.0   0.250E+02    49.920     0.000     1.000     1.000     1.000
  163     81.00     0.078     0.430      -0.0   0.250E+02    49.920     0.000     1.000     1.000     1.000
  164     81.50     0.078     0.430      -0.0   0.250E+02    49.920     0.000     1.000     1.000     1.000
  165     82.00     0.078     0.430      -0.0   0.250E+02    49.920     0.000     1.000     1.000     1.000
  166     82.50     0.078     0.430      -0.0   0.250E+02    49.920     0.000     1.000     1.000     1.000
  167     83.00     0.078     0.430      -0.0   0.250E+02    49.920     0.000     1.000     1.000     1.000
  168     83.50     0.078     0.430      -0.0   0.250E+02    49.920     0.000     1.000     1.000     1.000
  169     84.00     0.078     0.430      -0.0   0.250E+02    49.920     0.000     1.000     1.000     1.000
  170     84.50     0.078     0.430      -0.0   0.250E+02    49.920     0.000     1.000     1.000     1.000
  171     85.00     0.078     0.430      -0.0   0.250E+02    49.920     0.000     1.000     1.000     1.000
  172     85.50     0.078     0.430      -0.0   0.250E+02    49.920     0.000     1.000     1.000     1.000
  173     86.00     0.078     0.430      -0.0   0.250E+02    49.920     0.000     1.000     1.000     1.000
  174     86.50     0.078     0.430      -0.0   0.250E+02    49.920     0.000     1.000     1.000     1.000
  175     87.00     0.078     0.430      -0.0   0.250E+02    49.920     0.000     1.000     1.000     1.000
  176     87.50     0.078     0.430      -0.0   0.250E+02    49.920     0.000     1.000     1.000     1.000
  177     88.00     0.078     0.430      -0.0   0.250E+02    49.920     0.000     1.000     1.000     1.000
  178     88.50     0.078     0.430      -0.0   0.250E+02    49.920     0.000     1.000     1.000     1.000
  179     89.00     0.078     0.430      -0.0   0.250E+02    49.920     0.000     1.000     1.000     1.000
  180     89.50     0.078     0.430      -0.0   0.250E+02    49.920     0.000     1.000     1.000     1.000
  181     90.00     0.078     0.430      -0.0   0.250E+02    49.920     0.000     1.000     1.000     1.000
  182     90.50     0.078     0.430      -0.0   0.250E+02    49.920     0.000     1.000     1.000     1.000
  183     91.00     0.078     0.430      -0.0   0.250E+02    49.920     0.000     1.000     1.000     1.000
  184     91.50     0.078     0.430      -0.0   0.250E+02    49.920     0.000     1.000     1.000     1.000
  185     92.00     0.078     0.430      -0.0   0.250E+02    49.920     0.000     1.000     1.000     1.000
  186     92.50     0.078     0.430      -0.0   0.250E+02    49.920     0.000     1.000     1.000     1.000
  187     93.00     0.078     0.430      -0.0   0.250E+02    49.920     0.000     1.000     1.000     1.000
  188     93.50     0.078     0.430      -0.0   0.250E+02    49.920     0.000     1.000     1.000     1.000
  189     94.00     0.078     0.430      -0.0   0.250E+02    49.920     0.000     1.000     1.000     1.000
  190     94.50     0.078     0.430      -0.0   0.250E+02    49.920     0.000     1.000     1.000     1.000
  191     95.00     0.078     0.430      -0.0   0.250E+02    49.920     0.000     1.000     1.000     1.000
  192     95.50     0.078     0.430      -0.0   0.250E+02    49.920     0.000     1.000     1.000     1.000
  193     96.00     0.078     0.430      -0.0   0.250E+02    49.920     0.000     1.000     1.000     1.000
  194     96.50     0.078     0.430      -0.0   0.250E+02    49.920     0.000     1.000     1.000     1.000
  195     97.00     0.078     0.430      -0.0   0.250E+02    49.920     0.000     1.000     1.000     1.000
  196     97.50     0.078     0.430      -0.0   0.250E+02    49.920     0.000     1.000     1.000     1.000
  197     98.00     0.078     0.430      -0.0   0.250E+02    49.920     0.000     1.000     1.000     1.000
  198     98.50     0.078     0.430      -0.0   0.250E+02    49.920     0.000     1.000     1.000     1.000
  199     99.00     0.078     0.430      -0.0   0.250E+02    49.920     0.000     1.000     1.000     1.000
  200     99.50     0.078     0.430      -0.0   0.250E+02    49.920     0.000     1.000     1.000     1.000
  201    100.00     0.078     0.430      -0.0   0.250E+02    49.920     0.000     1.000     1.000     1.000
end
