 ******* Program HYDRUS
 ******* Pluie 10 cm/j pendant 0.5 j sur un loam avec croûte de 1 cm (Ks = 0.5 c
 Date:   0. 0.    Time: 512:**:**
 Units: L = cm   , T = days , M = g    


    TLevel      Time          dt      Iter    ItCum  KodT  KodB  Convergency

        1  0.1000000E-04  0.10000E-04    2        2    -4    -5     T
        2  0.2000000E-04  0.10000E-04    2        4    -4    -5     T
        3  0.3300000E-04  0.13000E-04    2        6    -4    -5     T
        4  0.4990000E-04  0.16900E-04    2        8    -4    -5     T
        5  0.7186999E-04  0.21970E-04    2       10    -4    -5     T
        6  0.1004310E-03  0.28561E-04    2       12    -4    -5     T
        7  0.1375603E-03  0.37129E-04    2       14    -4    -5     T
        8  0.1858283E-03  0.48268E-04    2       16    -4    -5     T
        9  0.2485768E-03  0.62748E-04    2       18    -4    -5     T
       10  0.3301499E-03  0.81573E-04    2       20    -4    -5     T
       11  0.4361948E-03  0.10604E-03    4       24    -4    -5     T
       12  0.5422398E-03  0.10604E-03    2       26    -4    -5     T
       13  0.6800982E-03  0.13786E-03    2       28    -4    -5     T
       14  0.8593141E-03  0.17922E-03    5       33    -4    -5     T
       15  0.1038530E-02  0.17922E-03    2       35    -4    -5     T
       16  0.1271511E-02  0.23298E-03    5       40    -4    -5     T
       17  0.1504492E-02  0.23298E-03    2       42    -4    -5     T
       18  0.1807366E-02  0.30287E-03    5       47    -4    -5     T
       19  0.2110241E-02  0.30287E-03    5       52    -4    -5     T
       20  0.2413116E-02  0.30287E-03    2       54    -4    -5     T
       21  0.2806854E-02  0.39374E-03    5       59    -4    -5     T
       22  0.3200591E-02  0.39374E-03    6       65    -4    -5     T
       23  0.3594328E-02  0.39374E-03    6       71    -4    -5     T
       24  0.3988066E-02  0.39374E-03    6       77    -4    -5     T
       25  0.4381803E-02  0.39374E-03    4       81    -4    -5     T
       26  0.4775540E-02  0.39374E-03    4       85    -4    -5     T
       27  0.5169278E-02  0.39374E-03    5       90    -4    -5     T
       28  0.5563015E-02  0.39374E-03    4       94    -4    -5     T
       29  0.5956753E-02  0.39374E-03    5       99    -4    -5     T
       30  0.6350490E-02  0.39374E-03    5      104    -4    -5     T
       31  0.6744227E-02  0.39374E-03    4      108    -4    -5     T
       32  0.7137965E-02  0.39374E-03    5      113    -4    -5     T
       33  0.7531702E-02  0.39374E-03    4      117    -4    -5     T
       34  0.7925439E-02  0.39374E-03    4      121    -4    -5     T
       35  0.8319177E-02  0.39374E-03    3      124    -4    -5     T
       36  0.8831035E-02  0.51186E-03    5      129    -4    -5     T
       37  0.9342894E-02  0.51186E-03    4      133    -4    -5     T
       38  0.9854752E-02  0.51186E-03    4      137    -4    -5     T
       39  0.1036661E-01  0.51186E-03    5      142    -4    -5     T
       40  0.1087847E-01  0.51186E-03    3      145    -4    -5     T
       41  0.1154389E-01  0.66542E-03    5      150    -4    -5     T
       42  0.1220930E-01  0.66542E-03    4      154    -4    -5     T
       43  0.1287472E-01  0.66542E-03    5      159    -4    -5     T
       44  0.1354013E-01  0.66542E-03    5      164    -4    -5     T
       45  0.1420555E-01  0.66542E-03    7      171    -4    -5     T
       46  0.1467134E-01  0.46579E-03    3      174    -4    -5     T
       47  0.1527687E-01  0.60553E-03   12      186    -4    -5     T
       48  0.1570074E-01  0.42387E-03    6      192    -4    -5     T
       49  0.1612461E-01  0.42387E-03    7      199    -4    -5     T
       50  0.1642132E-01  0.29671E-03    2      201    -4    -5     T
       51  0.1654989E-01  0.12857E-03    4      235    -4    -5     T
       52  0.1667847E-01  0.12857E-03    2      237    -4    -5     T
       53  0.1684561E-01  0.16715E-03    2      239    -4    -5     T
       54  0.1706290E-01  0.21729E-03    2      241    -4    -5     T
       55  0.1715706E-01  0.94159E-04    4      275    -4    -5     T
       56  0.1725122E-01  0.94159E-04    2      277    -4    -5     T
       57  0.1737363E-01  0.12241E-03    2      279    -4    -5     T
       58  0.1753276E-01  0.15913E-03    2      281    -4    -5     T
       59  0.1773962E-01  0.20687E-03    2      283    -4    -5     T
       60  0.1782927E-01  0.89642E-04    4      317    -4    -5     T
       61  0.1791891E-01  0.89642E-04    2      319    -4    -5     T
       62  0.1803544E-01  0.11654E-03    2      321    -4    -5     T
       63  0.1808594E-01  0.50499E-04    4      355    -4    -5     T
       64  0.1813644E-01  0.50499E-04    2      357    -4    -5     T
       65  0.1820209E-01  0.65648E-04    2      359    -4    -5     T
       66  0.1828743E-01  0.85343E-04    2      361    -4    -5     T
       67  0.1839838E-01  0.11095E-03    2      363    -4    -5     T
       68  0.1854260E-01  0.14423E-03    2      365    -4    -5     T
       69  0.1860510E-01  0.62499E-04    4      399    -4    -5     T
       70  0.1866760E-01  0.62499E-04    2      401    -4    -5     T
       71  0.1869469E-01  0.27083E-04    3      434    -4    -5     T
       72  0.1872989E-01  0.35208E-04    2      436    -4    -5     T
       73  0.1877566E-01  0.45770E-04    2      438    -4    -5     T
       74  0.1883517E-01  0.59501E-04    2      440    -4    -5     T
       75  0.1886095E-01  0.25784E-04    2      472    -4    -5     T
       76  0.1889447E-01  0.33519E-04    2      474    -4    -5     T
       77  0.1893804E-01  0.43575E-04    2      476    -4    -5     T
       78  0.1895693E-01  0.18882E-04    2      508    -4    -5     T
       79  0.1898147E-01  0.24547E-04    2      510    -4    -5     T
       80  0.1901338E-01  0.31911E-04    2      512    -4    -5     T
       81  0.1905487E-01  0.41485E-04    2      514    -4    -5     T
       82  0.1907285E-01  0.17977E-04    2      546    -4    -5     T
       83  0.1909622E-01  0.23370E-04    2      548    -4    -5     T
       84  0.1912660E-01  0.30381E-04    2      550    -4    -5     T
       85  0.1916609E-01  0.39495E-04    2      552    -4    -5     T
       86  0.1918321E-01  0.17114E-04    2      584    -4    -5     T
       87  0.1920545E-01  0.22249E-04    3      587    -4    -5     T
       88  0.1923438E-01  0.28923E-04    2      589    -4    -5     T
       89  0.1924691E-01  0.12533E-04    2      621    -4    -5     T
       90  0.1926320E-01  0.16293E-04    2      623    -4    -5     T
       91  0.1928439E-01  0.21182E-04    3      626    -4    -5     T
       92  0.1931192E-01  0.27536E-04    2      628    -4    -5     T
       93  0.1932385E-01  0.11932E-04    2      660    -4    -5     T
       94  0.1933937E-01  0.15512E-04    2      662    -4    -5     T
       95  0.1935953E-01  0.20166E-04    2      664    -4    -5     T
       96  0.1938575E-01  0.26215E-04    2      666    -4    -5     T
       97  0.1939711E-01  0.11360E-04    2      698    -4    -5     T
       98  0.1940203E-01  0.49226E-05    2      730    -4    -5     T
       99  0.1940843E-01  0.63994E-05    5      735     4    -5     T
      100  0.1941483E-01  0.63994E-05    4      739    -4    -5     T
      101  0.1942123E-01  0.63994E-05    5      744     4    -5     T
      102  0.1942763E-01  0.63994E-05    4      748    -4    -5     T
      103  0.1943403E-01  0.63994E-05    5      753     4    -5     T
      104  0.1944043E-01  0.63994E-05    4      757    -4    -5     T
      105  0.1944682E-01  0.63994E-05    5      762     4    -5     T
      106  0.1945322E-01  0.63994E-05    4      766    -4    -5     T
      107  0.1945962E-01  0.63994E-05    5      771     4    -5     T
      108  0.1946602E-01  0.63994E-05    4      775    -4    -5     T
      109  0.1947242E-01  0.63994E-05    5      780     4    -5     T
      110  0.1947882E-01  0.63994E-05    4      784    -4    -5     T
      111  0.1948522E-01  0.63994E-05    5      789     4    -5     T
      112  0.1949162E-01  0.63994E-05    4      793    -4    -5     T
      113  0.1949802E-01  0.63994E-05    5      798     4    -5     T
      114  0.1950442E-01  0.63994E-05    4      802    -4    -5     T
      115  0.1951082E-01  0.63994E-05    5      807     4    -5     T
      116  0.1951722E-01  0.63994E-05    4      811    -4    -5     T
      117  0.1952362E-01  0.63994E-05    5      816     4    -5     T
      118  0.1953002E-01  0.63994E-05    4      820    -4    -5     T
      119  0.1953642E-01  0.63994E-05    5      825     4    -5     T
      120  0.1954282E-01  0.63994E-05    4      829    -4    -5     T
      121  0.1954922E-01  0.63994E-05    5      834     4    -5     T
      122  0.1955561E-01  0.63994E-05    4      838    -4    -5     T
      123  0.1956201E-01  0.63994E-05    5      843     4    -5     T
      124  0.1956841E-01  0.63994E-05    4      847    -4    -5     T
      125  0.1957481E-01  0.63994E-05    5      852     4    -5     T
      126  0.1958121E-01  0.63994E-05    4      856    -4    -5     T
      127  0.1958761E-01  0.63994E-05    5      861     4    -5     T
      128  0.1959401E-01  0.63994E-05    4      865    -4    -5     T
      129  0.1960041E-01  0.63994E-05    5      870     4    -5     T
      130  0.1960681E-01  0.63994E-05    4      874     4    -5     T
      131  0.1961321E-01  0.63994E-05    4      878     4    -5     T
      132  0.1961961E-01  0.63994E-05    4      882     4    -5     T
      133  0.1962601E-01  0.63994E-05    4      886     4    -5     T
      134  0.1963241E-01  0.63994E-05    4      890     4    -5     T
      135  0.1963881E-01  0.63994E-05    4      894     4    -5     T
      136  0.1964521E-01  0.63994E-05    4      898     4    -5     T
      137  0.1965161E-01  0.63994E-05    4      902     4    -5     T
      138  0.1965801E-01  0.63994E-05    4      906     4    -5     T
      139  0.1966440E-01  0.63994E-05    4      910     4    -5     T
      140  0.1967080E-01  0.63994E-05    4      914     4    -5     T
      141  0.1967720E-01  0.63994E-05    4      918     4    -5     T
      142  0.1968360E-01  0.63994E-05    4      922     4    -5     T
      143  0.1969000E-01  0.63994E-05    4      926     4    -5     T
      144  0.1969640E-01  0.63994E-05    4      930     4    -5     T
      145  0.1970280E-01  0.63994E-05    4      934     4    -5     T
      146  0.1970920E-01  0.63994E-05    4      938     4    -5     T
      147  0.1971560E-01  0.63994E-05    4      942     4    -5     T
      148  0.1972200E-01  0.63994E-05    4      946     4    -5     T
      149  0.1972840E-01  0.63994E-05    4      950     4    -5     T
      150  0.1973480E-01  0.63994E-05    4      954     4    -5     T
      151  0.1974120E-01  0.63994E-05    4      958     4    -5     T
      152  0.1974760E-01  0.63994E-05    4      962     4    -5     T
      153  0.1975400E-01  0.63994E-05    4      966     4    -5     T
      154  0.1976040E-01  0.63994E-05    4      970     4    -5     T
      155  0.1976680E-01  0.63994E-05    3      973    -4    -5     T
      156  0.1977511E-01  0.83192E-05    2      975     4    -5     T
      157  0.1978593E-01  0.10815E-04    3      978     4    -5     T
      158  0.1979999E-01  0.14060E-04    3      981     4    -5     T
      159  0.1981827E-01  0.18277E-04    3      984     4    -5     T
      160  0.1982619E-01  0.79202E-05    4     1018     4    -5     T
      161  0.1983411E-01  0.79202E-05    3     1021     4    -5     T
      162  0.1984440E-01  0.10296E-04    2     1023    -4    -5     T
      163  0.1985779E-01  0.13385E-04    2     1025     4    -5     T
      164  0.1987519E-01  0.17401E-04    2     1027     4    -5     T
      165  0.1989781E-01  0.22621E-04    2     1029     4    -5     T
      166  0.1992722E-01  0.29407E-04    2     1031     4    -5     T
      167  0.1996545E-01  0.38229E-04    2     1033     4    -5     T
      168  0.2001514E-01  0.49698E-04    2     1035     4    -5     T
      169  0.2007975E-01  0.64607E-04    2     1037     4    -5     T
      170  0.2016374E-01  0.83990E-04    2     1039     4    -5     T
      171  0.2027293E-01  0.10919E-03    2     1041     4    -5     T
      172  0.2041487E-01  0.14194E-03    2     1043     4    -5     T
      173  0.2059939E-01  0.18453E-03    2     1045     4    -5     T
      174  0.2083928E-01  0.23988E-03    2     1047     4    -5     T
      175  0.2115112E-01  0.31185E-03    2     1049     4    -5     T
      176  0.2155653E-01  0.40540E-03    2     1051     4    -5     T
      177  0.2208355E-01  0.52702E-03    4     1055     4    -5     T
      178  0.2261057E-01  0.52702E-03    4     1059     4    -5     T
      179  0.2313759E-01  0.52702E-03    3     1062     4    -5     T
      180  0.2382272E-01  0.68513E-03    2     1064     4    -5     T
      181  0.2471339E-01  0.89067E-03    5     1069     4    -5     T
      182  0.2560405E-01  0.89067E-03    3     1072     4    -5     T
      183  0.2676192E-01  0.11579E-02    5     1077     4    -5     T
      184  0.2791979E-01  0.11579E-02    5     1082     4    -5     T
      185  0.2907766E-01  0.11579E-02    4     1086     4    -5     T
      186  0.3023552E-01  0.11579E-02    5     1091     4    -5     T
      187  0.3139339E-01  0.11579E-02    4     1095     4    -5     T
      188  0.3255126E-01  0.11579E-02    5     1100     4    -5     T
      189  0.3370912E-01  0.11579E-02    4     1104     4    -5     T
      190  0.3486699E-01  0.11579E-02    4     1108     4    -5     T
      191  0.3602486E-01  0.11579E-02    4     1112     4    -5     T
      192  0.3718273E-01  0.11579E-02    5     1117     4    -5     T
      193  0.3834059E-01  0.11579E-02    4     1121     4    -5     T
      194  0.3950653E-01  0.11659E-02    4     1125     4    -5     T
      195  0.4067247E-01  0.11659E-02    4     1129     4    -5     T
      196  0.4183841E-01  0.11659E-02    5     1134     4    -5     T
      197  0.4300436E-01  0.11659E-02    4     1138     4    -5     T
      198  0.4417030E-01  0.11659E-02    3     1141     4    -5     T
      199  0.4562772E-01  0.14574E-02    3     1144     4    -5     T
      200  0.4781386E-01  0.21861E-02    6     1150     4    -5     T
      201  0.5000000E-01  0.21861E-02    5     1155     4    -5     T
      202  0.5195680E-01  0.19568E-02    5     1160     4    -5     T
      203  0.5391359E-01  0.19568E-02    5     1165     4    -5     T
      204  0.5587039E-01  0.19568E-02    6     1171     4    -5     T
      205  0.5782718E-01  0.19568E-02    5     1176     4    -5     T
      206  0.5978398E-01  0.19568E-02    6     1182     4    -5     T
      207  0.6174077E-01  0.19568E-02    4     1186     4    -5     T
      208  0.6369757E-01  0.19568E-02    5     1191     4    -5     T
      209  0.6565436E-01  0.19568E-02    4     1195     4    -5     T
      210  0.6761116E-01  0.19568E-02    4     1199     4    -5     T
      211  0.6956795E-01  0.19568E-02    5     1204     4    -5     T
      212  0.7152475E-01  0.19568E-02    5     1209     4    -5     T
      213  0.7348154E-01  0.19568E-02    4     1213     4    -5     T
      214  0.7543834E-01  0.19568E-02    4     1217     4    -5     T
      215  0.7739513E-01  0.19568E-02    5     1222     4    -5     T
      216  0.7935193E-01  0.19568E-02    3     1225     4    -5     T
      217  0.8193294E-01  0.25810E-02    5     1230     4    -5     T
      218  0.8451395E-01  0.25810E-02    5     1235     4    -5     T
      219  0.8709496E-01  0.25810E-02    5     1240     4    -5     T
      220  0.8967597E-01  0.25810E-02    5     1245     4    -5     T
      221  0.9225697E-01  0.25810E-02    5     1250     4    -5     T
      222  0.9483798E-01  0.25810E-02    3     1253     4    -5     T
      223  0.9741899E-01  0.25810E-02    4     1257     4    -5     T
      224  0.1000000E+00  0.25810E-02    4     1261     4    -5     T
      225  0.1033070E+00  0.33070E-02    5     1266     4    -5     T
      226  0.1066140E+00  0.33070E-02    5     1271     4    -5     T
      227  0.1099210E+00  0.33070E-02    4     1275     4    -5     T
      228  0.1132279E+00  0.33070E-02    5     1280     4    -5     T
      229  0.1165349E+00  0.33070E-02    4     1284     4    -5     T
      230  0.1198814E+00  0.33465E-02    5     1289     4    -5     T
      231  0.1232279E+00  0.33465E-02    4     1293     4    -5     T
      232  0.1265744E+00  0.33465E-02    4     1297     4    -5     T
      233  0.1299210E+00  0.33465E-02    4     1301     4    -5     T
      234  0.1332675E+00  0.33465E-02    4     1305     4    -5     T
      235  0.1366140E+00  0.33465E-02    5     1310     4    -5     T
      236  0.1399605E+00  0.33465E-02    4     1314     4    -5     T
      237  0.1433070E+00  0.33465E-02    4     1318     4    -5     T
      238  0.1466535E+00  0.33465E-02    4     1322     4    -5     T
      239  0.1500000E+00  0.33465E-02    4     1326     4    -5     T
      240  0.1533070E+00  0.33070E-02    4     1330     4    -5     T
      241  0.1566140E+00  0.33070E-02    4     1334     4    -5     T
      242  0.1599210E+00  0.33070E-02    4     1338     4    -5     T
      243  0.1632279E+00  0.33070E-02    4     1342     4    -5     T
      244  0.1665349E+00  0.33070E-02    2     1344     4    -5     T
      245  0.1707181E+00  0.41831E-02    4     1348     4    -5     T
      246  0.1749012E+00  0.41831E-02    5     1353     4    -5     T
      247  0.1790843E+00  0.41831E-02    4     1357     4    -5     T
      248  0.1832675E+00  0.41831E-02    4     1361     4    -5     T
      249  0.1874506E+00  0.41831E-02    4     1365     4    -5     T
      250  0.1916337E+00  0.41831E-02    5     1370     4    -5     T
      251  0.1958169E+00  0.41831E-02    5     1375     4    -5     T
      252  0.2000000E+00  0.41831E-02    4     1379     4    -5     T
      253  0.2042991E+00  0.42991E-02    4     1383     4    -5     T
      254  0.2085982E+00  0.42991E-02    4     1387     4    -5     T
      255  0.2127383E+00  0.41402E-02    5     1392     4    -5     T
      256  0.2168785E+00  0.41402E-02    4     1396     4    -5     T
      257  0.2210187E+00  0.41402E-02    4     1400     4    -5     T
      258  0.2251589E+00  0.41402E-02    4     1404     4    -5     T
      259  0.2292991E+00  0.41402E-02    3     1407     4    -5     T
      260  0.2344743E+00  0.51752E-02    5     1412     4    -5     T
      261  0.2396495E+00  0.51752E-02    5     1417     4    -5     T
      262  0.2448248E+00  0.51752E-02    5     1422     4    -5     T
      263  0.2500000E+00  0.51752E-02    4     1426     4    -5     T
      264  0.2555556E+00  0.55556E-02    6     1432     4    -5     T
      265  0.2611111E+00  0.55556E-02    5     1437     4    -5     T
      266  0.2666667E+00  0.55556E-02    4     1441     4    -5     T
      267  0.2722222E+00  0.55556E-02    4     1445     4    -5     T
      268  0.2777778E+00  0.55556E-02    5     1450     4    -5     T
      269  0.2833333E+00  0.55556E-02    5     1455     4    -5     T
      270  0.2888889E+00  0.55556E-02    4     1459     4    -5     T
      271  0.2944444E+00  0.55556E-02    4     1463     4    -5     T
      272  0.3000000E+00  0.55556E-02    5     1468     4    -5     T
      273  0.3055556E+00  0.55556E-02    5     1473     4    -5     T
      274  0.3111111E+00  0.55556E-02    3     1476     4    -5     T
      275  0.3188889E+00  0.77778E-02    6     1482     4    -5     T
      276  0.3266667E+00  0.77778E-02    6     1488     4    -5     T
      277  0.3344444E+00  0.77778E-02    4     1492     4    -5     T
      278  0.3422222E+00  0.77778E-02    6     1498     4    -5     T
      279  0.3500000E+00  0.77778E-02    5     1503     4    -5     T
      280  0.3571429E+00  0.71429E-02    4     1507     4    -5     T
      281  0.3642857E+00  0.71429E-02    5     1512     4    -5     T
      282  0.3714286E+00  0.71429E-02    5     1517     4    -5     T
      283  0.3785714E+00  0.71429E-02    4     1521     4    -5     T
      284  0.3857143E+00  0.71429E-02    5     1526     4    -5     T
      285  0.3928571E+00  0.71429E-02    5     1531     4    -5     T
      286  0.4000000E+00  0.71429E-02    4     1535     4    -5     T
      287  0.4071429E+00  0.71429E-02    4     1539     4    -5     T
      288  0.4142857E+00  0.71429E-02    6     1545     4    -5     T
      289  0.4214286E+00  0.71429E-02    4     1549     4    -5     T
      290  0.4285714E+00  0.71429E-02    4     1553     4    -5     T
      291  0.4357143E+00  0.71429E-02    6     1559     4    -5     T
      292  0.4428571E+00  0.71429E-02    5     1564     4    -5     T
      293  0.4500000E+00  0.71429E-02    4     1568     4    -5     T
      294  0.4571429E+00  0.71429E-02    4     1572     4    -5     T
      295  0.4642857E+00  0.71429E-02    5     1577     4    -5     T
      296  0.4714286E+00  0.71429E-02    4     1581     4    -5     T
      297  0.4785714E+00  0.71429E-02    3     1584     4    -5     T
      298  0.4885714E+00  0.10000E-01    6     1590     4    -5     T
      299  0.4942857E+00  0.57143E-02    3     1593     4    -5     T
      300  0.5000000E+00  0.57143E-02    3     1596     4    -5     T
      301  0.5100000E+00  0.10000E-01    8     1604    -4    -5     T
      302  0.5166667E+00  0.66667E-02    5     1609    -4    -5     T
      303  0.5233333E+00  0.66667E-02    4     1613    -4    -5     T
      304  0.5300000E+00  0.66667E-02    4     1617    -4    -5     T
      305  0.5366667E+00  0.66667E-02    5     1622    -4    -5     T
      306  0.5433333E+00  0.66667E-02    4     1626    -4    -5     T
      307  0.5500000E+00  0.66667E-02    4     1630    -4    -5     T
      308  0.5571429E+00  0.71429E-02    5     1635    -4    -5     T
      309  0.5642857E+00  0.71429E-02    5     1640    -4    -5     T
      310  0.5714286E+00  0.71429E-02    4     1644    -4    -5     T
      311  0.5785714E+00  0.71429E-02    3     1647    -4    -5     T
      312  0.5885714E+00  0.10000E-01    5     1652    -4    -5     T
      313  0.5942857E+00  0.57143E-02    4     1656    -4    -5     T
      314  0.6000000E+00  0.57143E-02    4     1660    -4    -5     T
      315  0.6100000E+00  0.10000E-01    4     1664    -4    -5     T
      316  0.6200000E+00  0.10000E-01    5     1669    -4    -5     T
      317  0.6300000E+00  0.10000E-01    5     1674    -4    -5     T
      318  0.6400000E+00  0.10000E-01    4     1678    -4    -5     T
      319  0.6500000E+00  0.10000E-01    5     1683    -4    -5     T
      320  0.6600000E+00  0.10000E-01    5     1688    -4    -5     T
      321  0.6700000E+00  0.10000E-01    4     1692    -4    -5     T
      322  0.6800000E+00  0.10000E-01    4     1696    -4    -5     T
      323  0.6900000E+00  0.10000E-01    5     1701    -4    -5     T
      324  0.7000000E+00  0.10000E-01    4     1705    -4    -5     T
      325  0.7100000E+00  0.10000E-01    4     1709    -4    -5     T
      326  0.7200000E+00  0.10000E-01    4     1713    -4    -5     T
      327  0.7300000E+00  0.10000E-01    4     1717    -4    -5     T
      328  0.7400000E+00  0.10000E-01    3     1720    -4    -5     T
      329  0.7500000E+00  0.10000E-01    3     1723    -4    -5     T
      330  0.7600000E+00  0.10000E-01    3     1726    -4    -5     T
      331  0.7700000E+00  0.10000E-01    4     1730    -4    -5     T
      332  0.7800000E+00  0.10000E-01    4     1734    -4    -5     T
      333  0.7900000E+00  0.10000E-01    3     1737    -4    -5     T
      334  0.8000000E+00  0.10000E-01    3     1740    -4    -5     T
      335  0.8100000E+00  0.10000E-01    3     1743    -4    -5     T
      336  0.8200000E+00  0.10000E-01    3     1746    -4    -5     T
      337  0.8300000E+00  0.10000E-01    3     1749    -4    -5     T
      338  0.8400000E+00  0.10000E-01    2     1751    -4    -5     T
      339  0.8500000E+00  0.10000E-01    3     1754    -4    -5     T
      340  0.8600000E+00  0.10000E-01    2     1756    -4    -5     T
      341  0.8700000E+00  0.10000E-01    2     1758    -4    -5     T
      342  0.8800000E+00  0.10000E-01    3     1761    -4    -5     T
      343  0.8900000E+00  0.10000E-01    2     1763    -4    -5     T
      344  0.9000000E+00  0.10000E-01    2     1765    -4    -5     T
      345  0.9100000E+00  0.10000E-01    2     1767    -4    -5     T
      346  0.9200000E+00  0.10000E-01    2     1769    -4    -5     T
      347  0.9300000E+00  0.10000E-01    2     1771    -4    -5     T
      348  0.9400000E+00  0.10000E-01    3     1774    -4    -5     T
      349  0.9500000E+00  0.10000E-01    2     1776    -4    -5     T
      350  0.9600000E+00  0.10000E-01    2     1778    -4    -5     T
      351  0.9700000E+00  0.10000E-01    2     1780    -4    -5     T
      352  0.9800000E+00  0.10000E-01    2     1782    -4    -5     T
      353  0.9900000E+00  0.10000E-01    2     1784    -4    -5     T
      354  0.1000000E+01  0.10000E-01    2     1786    -4    -5     T
end
