 ******* Program HYDRUS
 ******* Pluie 10 cm/j pendant 0.5 j sur un loam avec croûte de 1 cm (Ks = 0.5 c
 Date:   0. 0.    Time: 512:**:**
 Units: L = cm   , T = days , M = g    

       Time          rTop        rRoot        vTop         vRoot        vBot       sum(rTop)   sum(rRoot)    sum(vTop)   sum(vRoot)    sum(vBot)      hTop         hRoot        hBot        RunOff    sum(RunOff)     Volume     sum(Infil)    sum(Evap) TLevel Cum(WTrans)  SnowLayer
        [T]         [L/T]        [L/T]        [L/T]        [L/T]        [L/T]         [L]          [L]          [L]         [L]           [L]         [L]           [L]         [L]          [L/T]         [L]          [L]          [L]          [L]

       0.0000 -0.10000E+02  0.00000E+00 -0.99999E+01  0.00000E+00 -0.98391E-03 -0.10000E-03  0.00000E+00 -0.99999E-04  0.00000E+00 -0.98391E-08 -0.29771E+03  0.00000E+00 -0.30000E+03  0.91553E-04  0.91553E-09  0.17021E+02  0.99999E-04  0.00000E+00      1  0.00000E+00      0.000
       0.0000 -0.10000E+02  0.00000E+00 -0.10000E+02  0.00000E+00 -0.98391E-03 -0.20000E-03  0.00000E+00 -0.20000E-03  0.00000E+00 -0.19678E-07 -0.29593E+03  0.00000E+00 -0.30000E+03  0.17166E-04  0.10872E-08  0.17022E+02  0.20000E-03  0.00000E+00      2  0.00000E+00      0.000
       0.0000 -0.10000E+02  0.00000E+00 -0.99998E+01  0.00000E+00 -0.98391E-03 -0.33000E-03  0.00000E+00 -0.33000E-03  0.00000E+00 -0.32469E-07 -0.29316E+03  0.00000E+00 -0.30000E+03  0.15450E-03  0.30956E-08  0.17022E+02  0.33000E-03  0.00000E+00      3  0.00000E+00      0.000
       0.0000 -0.10000E+02  0.00000E+00 -0.10000E+02  0.00000E+00 -0.98391E-03 -0.49900E-03  0.00000E+00 -0.49900E-03  0.00000E+00 -0.49097E-07 -0.28974E+03  0.00000E+00 -0.30000E+03  0.11063E-03  0.49652E-08  0.17022E+02  0.49900E-03  0.00000E+00      4  0.00000E+00      0.000
       0.0001 -0.10000E+02  0.00000E+00 -0.10000E+02  0.00000E+00 -0.98391E-03 -0.71870E-03  0.00000E+00 -0.71870E-03  0.00000E+00 -0.70713E-07 -0.28519E+03  0.00000E+00 -0.30000E+03  0.42915E-04  0.59081E-08  0.17022E+02  0.71870E-03  0.00000E+00      5  0.00000E+00      0.000
       0.0001 -0.10000E+02  0.00000E+00 -0.10000E+02  0.00000E+00 -0.98391E-03 -0.10043E-02  0.00000E+00 -0.10043E-02  0.00000E+00 -0.98815E-07 -0.27932E+03  0.00000E+00 -0.30000E+03  0.41008E-04  0.70793E-08  0.17022E+02  0.10043E-02  0.00000E+00      6  0.00000E+00      0.000
       0.0001 -0.10000E+02  0.00000E+00 -0.10000E+02  0.00000E+00 -0.98391E-03 -0.13756E-02  0.00000E+00 -0.13756E-02  0.00000E+00 -0.13535E-06 -0.27166E+03  0.00000E+00 -0.30000E+03  0.14305E-04  0.76104E-08  0.17023E+02  0.13756E-02  0.00000E+00      7  0.00000E+00      0.000
       0.0002 -0.10000E+02  0.00000E+00 -0.10000E+02  0.00000E+00 -0.98391E-03 -0.18583E-02  0.00000E+00 -0.18583E-02  0.00000E+00 -0.18284E-06 -0.26173E+03  0.00000E+00 -0.30000E+03  0.41962E-04  0.96358E-08  0.17023E+02  0.18583E-02  0.00000E+00      8  0.00000E+00      0.000
       0.0002 -0.10000E+02  0.00000E+00 -0.10000E+02  0.00000E+00 -0.98391E-03 -0.24858E-02  0.00000E+00 -0.24858E-02  0.00000E+00 -0.24458E-06 -0.24881E+03  0.00000E+00 -0.30000E+03  0.00000E+00  0.96358E-08  0.17024E+02  0.24858E-02  0.00000E+00      9  0.00000E+00      0.000
       0.0003 -0.10000E+02  0.00000E+00 -0.10000E+02  0.00000E+00 -0.98391E-03 -0.33015E-02  0.00000E+00 -0.33015E-02  0.00000E+00 -0.32484E-06 -0.23526E+03  0.00000E+00 -0.30000E+03  0.00000E+00  0.96358E-08  0.17025E+02  0.33015E-02  0.00000E+00     10  0.00000E+00      0.000
       0.0004 -0.10000E+02  0.00000E+00 -0.10000E+02  0.00000E+00 -0.98391E-03 -0.43619E-02  0.00000E+00 -0.43619E-02  0.00000E+00 -0.42918E-06 -0.21948E+03  0.00000E+00 -0.30000E+03  0.15259E-04  0.11254E-07  0.17026E+02  0.43619E-02  0.00000E+00     11  0.00000E+00      0.000
       0.0005 -0.10000E+02  0.00000E+00 -0.10000E+02  0.00000E+00 -0.98391E-03 -0.54224E-02  0.00000E+00 -0.54224E-02  0.00000E+00 -0.53351E-06 -0.20409E+03  0.00000E+00 -0.30000E+03  0.00000E+00  0.11254E-07  0.17027E+02  0.54224E-02  0.00000E+00     12  0.00000E+00      0.000
       0.0007 -0.10000E+02  0.00000E+00 -0.10000E+02  0.00000E+00 -0.98391E-03 -0.68010E-02  0.00000E+00 -0.68010E-02  0.00000E+00 -0.66915E-06 -0.18649E+03  0.00000E+00 -0.30000E+03  0.00000E+00  0.11254E-07  0.17028E+02  0.68010E-02  0.00000E+00     13  0.00000E+00      0.000
       0.0009 -0.10000E+02  0.00000E+00 -0.10000E+02  0.00000E+00 -0.98391E-03 -0.85931E-02  0.00000E+00 -0.85931E-02  0.00000E+00 -0.84549E-06 -0.16768E+03  0.00000E+00 -0.30000E+03  0.00000E+00  0.11254E-07  0.17030E+02  0.85931E-02  0.00000E+00     14  0.00000E+00      0.000
       0.0010 -0.10000E+02  0.00000E+00 -0.10000E+02  0.00000E+00 -0.98391E-03 -0.10385E-01  0.00000E+00 -0.10385E-01  0.00000E+00 -0.10218E-05 -0.15007E+03  0.00000E+00 -0.30000E+03  0.12398E-04  0.13476E-07  0.17032E+02  0.10385E-01  0.00000E+00     15  0.00000E+00      0.000
       0.0013 -0.10000E+02  0.00000E+00 -0.10000E+02  0.00000E+00 -0.98391E-03 -0.12715E-01  0.00000E+00 -0.12715E-01  0.00000E+00 -0.12510E-05 -0.13266E+03  0.00000E+00 -0.30000E+03  0.00000E+00  0.13476E-07  0.17034E+02  0.12715E-01  0.00000E+00     16  0.00000E+00      0.000
       0.0015 -0.10000E+02  0.00000E+00 -0.10000E+02  0.00000E+00 -0.98391E-03 -0.15045E-01  0.00000E+00 -0.15045E-01  0.00000E+00 -0.14803E-05 -0.11697E+03  0.00000E+00 -0.30000E+03  0.00000E+00  0.13476E-07  0.17036E+02  0.15045E-01  0.00000E+00     17  0.00000E+00      0.000
       0.0018 -0.10000E+02  0.00000E+00 -0.10000E+02  0.00000E+00 -0.98391E-03 -0.18074E-01  0.00000E+00 -0.18074E-01  0.00000E+00 -0.17783E-05 -0.10057E+03  0.00000E+00 -0.30000E+03  0.00000E+00  0.13476E-07  0.17039E+02  0.18074E-01  0.00000E+00     18  0.00000E+00      0.000
       0.0021 -0.10000E+02  0.00000E+00 -0.10000E+02  0.00000E+00 -0.98391E-03 -0.21102E-01  0.00000E+00 -0.21102E-01  0.00000E+00 -0.20763E-05 -0.87345E+02  0.00000E+00 -0.30000E+03  0.10490E-04  0.16653E-07  0.17042E+02  0.21102E-01  0.00000E+00     19  0.00000E+00      0.000
       0.0024 -0.10000E+02  0.00000E+00 -0.10000E+02  0.00000E+00 -0.98391E-03 -0.24131E-01  0.00000E+00 -0.24131E-01  0.00000E+00 -0.23743E-05 -0.75768E+02  0.00000E+00 -0.30000E+03  0.00000E+00  0.16653E-07  0.17045E+02  0.24131E-01  0.00000E+00     20  0.00000E+00      0.000
       0.0028 -0.10000E+02  0.00000E+00 -0.10000E+02  0.00000E+00 -0.98391E-03 -0.28069E-01  0.00000E+00 -0.28069E-01  0.00000E+00 -0.27617E-05 -0.64328E+02  0.00000E+00 -0.30000E+03  0.00000E+00  0.16653E-07  0.17049E+02  0.28069E-01  0.00000E+00     21  0.00000E+00      0.000
       0.0032 -0.10000E+02  0.00000E+00 -0.10000E+02  0.00000E+00 -0.98391E-03 -0.32006E-01  0.00000E+00 -0.32006E-01  0.00000E+00 -0.31491E-05 -0.54943E+02  0.00000E+00 -0.30000E+03  0.00000E+00  0.16653E-07  0.17053E+02  0.32006E-01  0.00000E+00     22  0.00000E+00      0.000
       0.0036 -0.10000E+02  0.00000E+00 -0.10000E+02  0.00000E+00 -0.98391E-03 -0.35943E-01  0.00000E+00 -0.35943E-01  0.00000E+00 -0.35365E-05 -0.47050E+02  0.00000E+00 -0.30000E+03  0.00000E+00  0.16653E-07  0.17057E+02  0.35943E-01  0.00000E+00     23  0.00000E+00      0.000
       0.0040 -0.10000E+02  0.00000E+00 -0.10000E+02  0.00000E+00 -0.98391E-03 -0.39881E-01  0.00000E+00 -0.39881E-01  0.00000E+00 -0.39239E-05 -0.41089E+02  0.00000E+00 -0.30000E+03  0.00000E+00  0.16653E-07  0.17061E+02  0.39881E-01  0.00000E+00     24  0.00000E+00      0.000
       0.0044 -0.10000E+02  0.00000E+00 -0.10000E+02  0.00000E+00 -0.98391E-03 -0.43818E-01  0.00000E+00 -0.43818E-01  0.00000E+00 -0.43113E-05 -0.35967E+02  0.00000E+00 -0.30000E+03  0.00000E+00  0.16653E-07  0.17065E+02  0.43818E-01  0.00000E+00     25  0.00000E+00      0.000
       0.0048 -0.10000E+02  0.00000E+00 -0.10000E+02  0.00000E+00 -0.98391E-03 -0.47755E-01  0.00000E+00 -0.47755E-01  0.00000E+00 -0.46987E-05 -0.31878E+02  0.00000E+00 -0.30000E+03  0.00000E+00  0.16653E-07  0.17069E+02  0.47755E-01  0.00000E+00     26  0.00000E+00      0.000
       0.0052 -0.10000E+02  0.00000E+00 -0.10000E+02  0.00000E+00 -0.98391E-03 -0.51693E-01  0.00000E+00 -0.51693E-01  0.00000E+00 -0.50861E-05 -0.28474E+02  0.00000E+00 -0.30000E+03  0.00000E+00  0.16653E-07  0.17073E+02  0.51693E-01  0.00000E+00     27  0.00000E+00      0.000
       0.0056 -0.10000E+02  0.00000E+00 -0.10000E+02  0.00000E+00 -0.98391E-03 -0.55630E-01  0.00000E+00 -0.55630E-01  0.00000E+00 -0.54735E-05 -0.25713E+02  0.00000E+00 -0.30000E+03  0.00000E+00  0.16653E-07  0.17077E+02  0.55630E-01  0.00000E+00     28  0.00000E+00      0.000
       0.0060 -0.10000E+02  0.00000E+00 -0.10000E+02  0.00000E+00 -0.98391E-03 -0.59568E-01  0.00000E+00 -0.59568E-01  0.00000E+00 -0.58609E-05 -0.23304E+02  0.00000E+00 -0.30000E+03  0.00000E+00  0.16653E-07  0.17081E+02  0.59568E-01  0.00000E+00     29  0.00000E+00      0.000
       0.0064 -0.10000E+02  0.00000E+00 -0.10000E+02  0.00000E+00 -0.98391E-03 -0.63505E-01  0.00000E+00 -0.63505E-01  0.00000E+00 -0.62483E-05 -0.21362E+02  0.00000E+00 -0.30000E+03  0.00000E+00  0.16653E-07  0.17085E+02  0.63505E-01  0.00000E+00     30  0.00000E+00      0.000
       0.0067 -0.10000E+02  0.00000E+00 -0.10000E+02  0.00000E+00 -0.98391E-03 -0.67442E-01  0.00000E+00 -0.67442E-01  0.00000E+00 -0.66357E-05 -0.19632E+02  0.00000E+00 -0.30000E+03  0.00000E+00  0.16653E-07  0.17089E+02  0.67442E-01  0.00000E+00     31  0.00000E+00      0.000
       0.0071 -0.10000E+02  0.00000E+00 -0.10000E+02  0.00000E+00 -0.98391E-03 -0.71380E-01  0.00000E+00 -0.71380E-01  0.00000E+00 -0.70231E-05 -0.18111E+02  0.00000E+00 -0.30000E+03  0.10490E-04  0.20784E-07  0.17093E+02  0.71380E-01  0.00000E+00     32  0.00000E+00      0.000
       0.0075 -0.10000E+02  0.00000E+00 -0.10000E+02  0.00000E+00 -0.98391E-03 -0.75317E-01  0.00000E+00 -0.75317E-01  0.00000E+00 -0.74105E-05 -0.16783E+02  0.00000E+00 -0.30000E+03  0.00000E+00  0.20784E-07  0.17097E+02  0.75317E-01  0.00000E+00     33  0.00000E+00      0.000
       0.0079 -0.10000E+02  0.00000E+00 -0.10000E+02  0.00000E+00 -0.98391E-03 -0.79254E-01  0.00000E+00 -0.79254E-01  0.00000E+00 -0.77979E-05 -0.15568E+02  0.00000E+00 -0.30000E+03  0.00000E+00  0.20784E-07  0.17101E+02  0.79254E-01  0.00000E+00     34  0.00000E+00      0.000
       0.0083 -0.10000E+02  0.00000E+00 -0.10000E+02  0.00000E+00 -0.98391E-03 -0.83192E-01  0.00000E+00 -0.83192E-01  0.00000E+00 -0.81853E-05 -0.14428E+02  0.00000E+00 -0.30000E+03  0.00000E+00  0.20784E-07  0.17104E+02  0.83192E-01  0.00000E+00     35  0.00000E+00      0.000
       0.0088 -0.10000E+02  0.00000E+00 -0.10000E+02  0.00000E+00 -0.98391E-03 -0.88310E-01  0.00000E+00 -0.88310E-01  0.00000E+00 -0.86889E-05 -0.13132E+02  0.00000E+00 -0.30000E+03  0.00000E+00  0.20784E-07  0.17110E+02  0.88310E-01  0.00000E+00     36  0.00000E+00      0.000
       0.0093 -0.10000E+02  0.00000E+00 -0.10000E+02  0.00000E+00 -0.98391E-03 -0.93429E-01  0.00000E+00 -0.93429E-01  0.00000E+00 -0.91925E-05 -0.11898E+02  0.00000E+00 -0.30000E+03  0.00000E+00  0.20784E-07  0.17115E+02  0.93429E-01  0.00000E+00     37  0.00000E+00      0.000
       0.0099 -0.10000E+02  0.00000E+00 -0.10000E+02  0.00000E+00 -0.98391E-03 -0.98548E-01  0.00000E+00 -0.98548E-01  0.00000E+00 -0.96962E-05 -0.10773E+02  0.00000E+00 -0.30000E+03  0.00000E+00  0.20784E-07  0.17120E+02  0.98548E-01  0.00000E+00     38  0.00000E+00      0.000
       0.0104 -0.10000E+02  0.00000E+00 -0.10000E+02  0.00000E+00 -0.98391E-03 -0.10367E+00  0.00000E+00 -0.10367E+00  0.00000E+00 -0.10200E-04 -0.97303E+01  0.00000E+00 -0.30000E+03  0.00000E+00  0.20784E-07  0.17125E+02  0.10367E+00  0.00000E+00     39  0.00000E+00      0.000
       0.0109 -0.10000E+02  0.00000E+00 -0.10000E+02  0.00000E+00 -0.98391E-03 -0.10878E+00  0.00000E+00 -0.10878E+00  0.00000E+00 -0.10703E-04 -0.87175E+01  0.00000E+00 -0.30000E+03  0.00000E+00  0.20784E-07  0.17130E+02  0.10878E+00  0.00000E+00     40  0.00000E+00      0.000
       0.0115 -0.10000E+02  0.00000E+00 -0.10000E+02  0.00000E+00 -0.98391E-03 -0.11544E+00  0.00000E+00 -0.11544E+00  0.00000E+00 -0.11358E-04 -0.75467E+01  0.00000E+00 -0.30000E+03  0.00000E+00  0.20784E-07  0.17137E+02  0.11544E+00  0.00000E+00     41  0.00000E+00      0.000
       0.0122 -0.10000E+02  0.00000E+00 -0.10000E+02  0.00000E+00 -0.98391E-03 -0.12209E+00  0.00000E+00 -0.12209E+00  0.00000E+00 -0.12013E-04 -0.64381E+01  0.00000E+00 -0.30000E+03  0.00000E+00  0.20784E-07  0.17143E+02  0.12209E+00  0.00000E+00     42  0.00000E+00      0.000
       0.0129 -0.10000E+02  0.00000E+00 -0.10000E+02  0.00000E+00 -0.98391E-03 -0.12875E+00  0.00000E+00 -0.12875E+00  0.00000E+00 -0.12668E-04 -0.54530E+01  0.00000E+00 -0.30000E+03  0.00000E+00  0.20784E-07  0.17150E+02  0.12875E+00  0.00000E+00     43  0.00000E+00      0.000
       0.0135 -0.10000E+02  0.00000E+00 -0.10000E+02  0.00000E+00 -0.98391E-03 -0.13540E+00  0.00000E+00 -0.13540E+00  0.00000E+00 -0.13322E-04 -0.45189E+01  0.00000E+00 -0.30000E+03  0.00000E+00  0.20784E-07  0.17157E+02  0.13540E+00  0.00000E+00     44  0.00000E+00      0.000
       0.0142 -0.10000E+02  0.00000E+00 -0.10000E+02  0.00000E+00 -0.98391E-03 -0.14206E+00  0.00000E+00 -0.14206E+00  0.00000E+00 -0.13977E-04 -0.37030E+01  0.00000E+00 -0.30000E+03  0.00000E+00  0.20784E-07  0.17163E+02  0.14206E+00  0.00000E+00     45  0.00000E+00      0.000
       0.0147 -0.10000E+02  0.00000E+00 -0.10000E+02  0.00000E+00 -0.98391E-03 -0.14671E+00  0.00000E+00 -0.14671E+00  0.00000E+00 -0.14435E-04 -0.31562E+01  0.00000E+00 -0.30000E+03  0.00000E+00  0.20784E-07  0.17168E+02  0.14671E+00  0.00000E+00     46  0.00000E+00      0.000
       0.0153 -0.10000E+02  0.00000E+00 -0.10000E+02  0.00000E+00 -0.98391E-03 -0.15277E+00  0.00000E+00 -0.15277E+00  0.00000E+00 -0.15031E-04 -0.25303E+01  0.00000E+00 -0.30000E+03  0.00000E+00  0.20784E-07  0.17174E+02  0.15277E+00  0.00000E+00     47  0.00000E+00      0.000
       0.0157 -0.10000E+02  0.00000E+00 -0.10000E+02  0.00000E+00 -0.98391E-03 -0.15701E+00  0.00000E+00 -0.15701E+00  0.00000E+00 -0.15448E-04 -0.21319E+01  0.00000E+00 -0.30000E+03  0.00000E+00  0.20784E-07  0.17178E+02  0.15701E+00  0.00000E+00     48  0.00000E+00      0.000
       0.0161 -0.10000E+02  0.00000E+00 -0.10000E+02  0.00000E+00 -0.98391E-03 -0.16125E+00  0.00000E+00 -0.16125E+00  0.00000E+00 -0.15865E-04 -0.17698E+01  0.00000E+00 -0.30000E+03  0.00000E+00  0.20784E-07  0.17183E+02  0.16125E+00  0.00000E+00     49  0.00000E+00      0.000
       0.0164 -0.10000E+02  0.00000E+00 -0.10000E+02  0.00000E+00 -0.98391E-03 -0.16421E+00  0.00000E+00 -0.16421E+00  0.00000E+00 -0.16157E-04 -0.15147E+01  0.00000E+00 -0.30000E+03  0.00000E+00  0.20784E-07  0.17186E+02  0.16421E+00  0.00000E+00     50  0.00000E+00      0.000
       0.0165 -0.10000E+02  0.00000E+00 -0.10000E+02  0.00000E+00 -0.98391E-03 -0.16550E+00  0.00000E+00 -0.16550E+00  0.00000E+00 -0.16284E-04 -0.14120E+01  0.00000E+00 -0.30000E+03  0.00000E+00  0.20784E-07  0.17187E+02  0.16550E+00  0.00000E+00     51  0.00000E+00      0.000
       0.0167 -0.10000E+02  0.00000E+00 -0.10000E+02  0.00000E+00 -0.98391E-03 -0.16678E+00  0.00000E+00 -0.16678E+00  0.00000E+00 -0.16410E-04 -0.13178E+01  0.00000E+00 -0.30000E+03  0.00000E+00  0.20784E-07  0.17188E+02  0.16678E+00  0.00000E+00     52  0.00000E+00      0.000
       0.0168 -0.10000E+02  0.00000E+00 -0.10000E+02  0.00000E+00 -0.98391E-03 -0.16846E+00  0.00000E+00 -0.16846E+00  0.00000E+00 -0.16575E-04 -0.12020E+01  0.00000E+00 -0.30000E+03  0.00000E+00  0.20784E-07  0.17190E+02  0.16846E+00  0.00000E+00     53  0.00000E+00      0.000
       0.0171 -0.10000E+02  0.00000E+00 -0.10000E+02  0.00000E+00 -0.98391E-03 -0.17063E+00  0.00000E+00 -0.17063E+00  0.00000E+00 -0.16788E-04 -0.10542E+01  0.00000E+00 -0.30000E+03  0.00000E+00  0.20784E-07  0.17192E+02  0.17063E+00  0.00000E+00     54  0.00000E+00      0.000
       0.0172 -0.10000E+02  0.00000E+00 -0.10000E+02  0.00000E+00 -0.98391E-03 -0.17157E+00  0.00000E+00 -0.17157E+00  0.00000E+00 -0.16881E-04 -0.99479E+00  0.00000E+00 -0.30000E+03  0.22888E-04  0.22939E-07  0.17193E+02  0.17157E+00  0.00000E+00     55  0.00000E+00      0.000
       0.0173 -0.10000E+02  0.00000E+00 -0.10000E+02  0.00000E+00 -0.98391E-03 -0.17251E+00  0.00000E+00 -0.17251E+00  0.00000E+00 -0.16974E-04 -0.93910E+00  0.00000E+00 -0.30000E+03  0.00000E+00  0.22939E-07  0.17194E+02  0.17251E+00  0.00000E+00     56  0.00000E+00      0.000
       0.0174 -0.10000E+02  0.00000E+00 -0.10000E+02  0.00000E+00 -0.98391E-03 -0.17374E+00  0.00000E+00 -0.17374E+00  0.00000E+00 -0.17094E-04 -0.86583E+00  0.00000E+00 -0.30000E+03  0.20027E-04  0.25390E-07  0.17195E+02  0.17374E+00  0.00000E+00     57  0.00000E+00      0.000
       0.0175 -0.10000E+02  0.00000E+00 -0.10000E+02  0.00000E+00 -0.98391E-03 -0.17533E+00  0.00000E+00 -0.17533E+00  0.00000E+00 -0.17251E-04 -0.77089E+00  0.00000E+00 -0.30000E+03  0.20981E-04  0.28729E-07  0.17197E+02  0.17533E+00  0.00000E+00     58  0.00000E+00      0.000
       0.0177 -0.10000E+02  0.00000E+00 -0.10000E+02  0.00000E+00 -0.98391E-03 -0.17740E+00  0.00000E+00 -0.17740E+00  0.00000E+00 -0.17454E-04 -0.64467E+00  0.00000E+00 -0.30000E+03  0.00000E+00  0.28729E-07  0.17199E+02  0.17740E+00  0.00000E+00     59  0.00000E+00      0.000
       0.0178 -0.10000E+02  0.00000E+00 -0.10000E+02  0.00000E+00 -0.98391E-03 -0.17829E+00  0.00000E+00 -0.17829E+00  0.00000E+00 -0.17542E-04 -0.59654E+00  0.00000E+00 -0.30000E+03  0.00000E+00  0.28729E-07  0.17200E+02  0.17829E+00  0.00000E+00     60  0.00000E+00      0.000
       0.0179 -0.10000E+02  0.00000E+00 -0.10000E+02  0.00000E+00 -0.98391E-03 -0.17919E+00  0.00000E+00 -0.17919E+00  0.00000E+00 -0.17631E-04 -0.55106E+00  0.00000E+00 -0.30000E+03  0.31471E-04  0.31550E-07  0.17200E+02  0.17919E+00  0.00000E+00     61  0.00000E+00      0.000
       0.0180 -0.10000E+02  0.00000E+00 -0.10000E+02  0.00000E+00 -0.98391E-03 -0.18035E+00  0.00000E+00 -0.18035E+00  0.00000E+00 -0.17745E-04 -0.49224E+00  0.00000E+00 -0.30000E+03  0.10490E-04  0.32772E-07  0.17202E+02  0.18035E+00  0.00000E+00     62  0.00000E+00      0.000
       0.0181 -0.10000E+02  0.00000E+00 -0.10000E+02  0.00000E+00 -0.98391E-03 -0.18086E+00  0.00000E+00 -0.18086E+00  0.00000E+00 -0.17795E-04 -0.47124E+00  0.00000E+00 -0.30000E+03  0.61035E-04  0.35855E-07  0.17202E+02  0.18086E+00  0.00000E+00     63  0.00000E+00      0.000
       0.0181 -0.10000E+02  0.00000E+00 -0.10000E+02  0.00000E+00 -0.98391E-03 -0.18136E+00  0.00000E+00 -0.18136E+00  0.00000E+00 -0.17845E-04 -0.45127E+00  0.00000E+00 -0.30000E+03  0.72479E-04  0.39515E-07  0.17203E+02  0.18136E+00  0.00000E+00     64  0.00000E+00      0.000
       0.0182 -0.10000E+02  0.00000E+00 -0.10000E+02  0.00000E+00 -0.98391E-03 -0.18202E+00  0.00000E+00 -0.18202E+00  0.00000E+00 -0.17909E-04 -0.42447E+00  0.00000E+00 -0.30000E+03  0.20981E-04  0.40892E-07  0.17203E+02  0.18202E+00  0.00000E+00     65  0.00000E+00      0.000
       0.0183 -0.10000E+02  0.00000E+00 -0.10000E+02  0.00000E+00 -0.98391E-03 -0.18287E+00  0.00000E+00 -0.18287E+00  0.00000E+00 -0.17993E-04 -0.38964E+00  0.00000E+00 -0.30000E+03  0.36240E-04  0.43985E-07  0.17204E+02  0.18287E+00  0.00000E+00     66  0.00000E+00      0.000
       0.0184 -0.10000E+02  0.00000E+00 -0.10000E+02  0.00000E+00 -0.98391E-03 -0.18398E+00  0.00000E+00 -0.18398E+00  0.00000E+00 -0.18102E-04 -0.34342E+00  0.00000E+00 -0.30000E+03  0.20027E-04  0.46207E-07  0.17205E+02  0.18398E+00  0.00000E+00     67  0.00000E+00      0.000
       0.0185 -0.10000E+02  0.00000E+00 -0.10000E+02  0.00000E+00 -0.98391E-03 -0.18543E+00  0.00000E+00 -0.18543E+00  0.00000E+00 -0.18244E-04 -0.27016E+00  0.00000E+00 -0.30000E+03  0.00000E+00  0.46207E-07  0.17207E+02  0.18543E+00  0.00000E+00     68  0.00000E+00      0.000
       0.0186 -0.10000E+02  0.00000E+00 -0.10000E+02  0.00000E+00 -0.98391E-03 -0.18605E+00  0.00000E+00 -0.18605E+00  0.00000E+00 -0.18306E-04 -0.26610E+00  0.00000E+00 -0.30000E+03  0.46730E-04  0.49127E-07  0.17207E+02  0.18605E+00  0.00000E+00     69  0.00000E+00      0.000
       0.0187 -0.10000E+02  0.00000E+00 -0.10000E+02  0.00000E+00 -0.98391E-03 -0.18668E+00  0.00000E+00 -0.18668E+00  0.00000E+00 -0.18367E-04 -0.26436E+00  0.00000E+00 -0.30000E+03  0.00000E+00  0.49127E-07  0.17208E+02  0.18668E+00  0.00000E+00     70  0.00000E+00      0.000
       0.0187 -0.10000E+02  0.00000E+00 -0.99999E+01  0.00000E+00 -0.98391E-03 -0.18695E+00  0.00000E+00 -0.18695E+00  0.00000E+00 -0.18394E-04 -0.24716E+00  0.00000E+00 -0.30000E+03  0.97275E-04  0.51762E-07  0.17208E+02  0.18695E+00  0.00000E+00     71  0.00000E+00      0.000
       0.0187 -0.10000E+02  0.00000E+00 -0.10000E+02  0.00000E+00 -0.98391E-03 -0.18730E+00  0.00000E+00 -0.18730E+00  0.00000E+00 -0.18428E-04 -0.22631E+00  0.00000E+00 -0.30000E+03  0.47684E-04  0.53441E-07  0.17209E+02  0.18730E+00  0.00000E+00     72  0.00000E+00      0.000
       0.0188 -0.10000E+02  0.00000E+00 -0.99999E+01  0.00000E+00 -0.98391E-03 -0.18776E+00  0.00000E+00 -0.18776E+00  0.00000E+00 -0.18474E-04 -0.20022E+00  0.00000E+00 -0.30000E+03  0.75340E-04  0.56889E-07  0.17209E+02  0.18776E+00  0.00000E+00     73  0.00000E+00      0.000
       0.0188 -0.10000E+02  0.00000E+00 -0.10000E+02  0.00000E+00 -0.98391E-03 -0.18835E+00  0.00000E+00 -0.18835E+00  0.00000E+00 -0.18532E-04 -0.15330E+00  0.00000E+00 -0.30000E+03  0.22888E-04  0.58251E-07  0.17210E+02  0.18835E+00  0.00000E+00     74  0.00000E+00      0.000
       0.0189 -0.10000E+02  0.00000E+00 -0.99999E+01  0.00000E+00 -0.98391E-03 -0.18861E+00  0.00000E+00 -0.18861E+00  0.00000E+00 -0.18557E-04 -0.15503E+00  0.00000E+00 -0.30000E+03  0.52452E-04  0.59603E-07  0.17210E+02  0.18861E+00  0.00000E+00     75  0.00000E+00      0.000
       0.0189 -0.10000E+02  0.00000E+00 -0.10000E+02  0.00000E+00 -0.98391E-03 -0.18894E+00  0.00000E+00 -0.18894E+00  0.00000E+00 -0.18590E-04 -0.15718E+00  0.00000E+00 -0.30000E+03  0.81062E-04  0.62321E-07  0.17210E+02  0.18894E+00  0.00000E+00     76  0.00000E+00      0.000
       0.0189 -0.10000E+02  0.00000E+00 -0.10000E+02  0.00000E+00 -0.98391E-03 -0.18938E+00  0.00000E+00 -0.18938E+00  0.00000E+00 -0.18633E-04 -0.16575E+00  0.00000E+00 -0.30000E+03  0.00000E+00  0.62321E-07  0.17211E+02  0.18938E+00  0.00000E+00     77  0.00000E+00      0.000
       0.0190 -0.10000E+02  0.00000E+00 -0.10000E+02  0.00000E+00 -0.98391E-03 -0.18957E+00  0.00000E+00 -0.18957E+00  0.00000E+00 -0.18652E-04 -0.15615E+00  0.00000E+00 -0.30000E+03  0.50545E-04  0.63275E-07  0.17211E+02  0.18957E+00  0.00000E+00     78  0.00000E+00      0.000
       0.0190 -0.10000E+02  0.00000E+00 -0.99999E+01  0.00000E+00 -0.98391E-03 -0.18981E+00  0.00000E+00 -0.18981E+00  0.00000E+00 -0.18676E-04 -0.14415E+00  0.00000E+00 -0.30000E+03  0.14782E-03  0.66903E-07  0.17211E+02  0.18981E+00  0.00000E+00     79  0.00000E+00      0.000
       0.0190 -0.10000E+02  0.00000E+00 -0.99999E+01  0.00000E+00 -0.98391E-03 -0.19013E+00  0.00000E+00 -0.19013E+00  0.00000E+00 -0.18707E-04 -0.12828E+00  0.00000E+00 -0.30000E+03  0.54359E-04  0.68638E-07  0.17211E+02  0.19013E+00  0.00000E+00     80  0.00000E+00      0.000
       0.0191 -0.10000E+02  0.00000E+00 -0.10000E+02  0.00000E+00 -0.98391E-03 -0.19055E+00  0.00000E+00 -0.19055E+00  0.00000E+00 -0.18748E-04 -0.96654E-01  0.00000E+00 -0.30000E+03  0.16212E-04  0.69311E-07  0.17212E+02  0.19055E+00  0.00000E+00     81  0.00000E+00      0.000
       0.0191 -0.10000E+02  0.00000E+00 -0.99998E+01  0.00000E+00 -0.98391E-03 -0.19073E+00  0.00000E+00 -0.19073E+00  0.00000E+00 -0.18766E-04 -0.97945E-01  0.00000E+00 -0.30000E+03  0.20599E-03  0.73014E-07  0.17212E+02  0.19073E+00  0.00000E+00     82  0.00000E+00      0.000
       0.0191 -0.10000E+02  0.00000E+00 -0.10000E+02  0.00000E+00 -0.98391E-03 -0.19096E+00  0.00000E+00 -0.19096E+00  0.00000E+00 -0.18789E-04 -0.99611E-01  0.00000E+00 -0.30000E+03  0.74387E-04  0.74752E-07  0.17212E+02  0.19096E+00  0.00000E+00     83  0.00000E+00      0.000
       0.0191 -0.10000E+02  0.00000E+00 -0.99999E+01  0.00000E+00 -0.98391E-03 -0.19127E+00  0.00000E+00 -0.19127E+00  0.00000E+00 -0.18819E-04 -0.10680E+00  0.00000E+00 -0.30000E+03  0.84877E-04  0.77331E-07  0.17213E+02  0.19127E+00  0.00000E+00     84  0.00000E+00      0.000
       0.0192 -0.10000E+02  0.00000E+00 -0.10000E+02  0.00000E+00 -0.98391E-03 -0.19166E+00  0.00000E+00 -0.19166E+00  0.00000E+00 -0.18858E-04 -0.19014E+00  0.00000E+00 -0.30000E+03  0.57220E-04  0.79591E-07  0.17213E+02  0.19166E+00  0.00000E+00     85  0.00000E+00      0.000
       0.0192 -0.10000E+02  0.00000E+00 -0.99999E+01  0.00000E+00 -0.98391E-03 -0.19183E+00  0.00000E+00 -0.19183E+00  0.00000E+00 -0.18874E-04 -0.12904E+00  0.00000E+00 -0.30000E+03  0.89645E-04  0.81125E-07  0.17213E+02  0.19183E+00  0.00000E+00     86  0.00000E+00      0.000
       0.0192 -0.10000E+02  0.00000E+00 -0.10000E+02  0.00000E+00 -0.98391E-03 -0.19205E+00  0.00000E+00 -0.19205E+00  0.00000E+00 -0.18896E-04 -0.12276E+00  0.00000E+00 -0.30000E+03  0.41008E-04  0.82037E-07  0.17213E+02  0.19205E+00  0.00000E+00     87  0.00000E+00      0.000
       0.0192 -0.10000E+02  0.00000E+00 -0.10000E+02  0.00000E+00 -0.98391E-03 -0.19234E+00  0.00000E+00 -0.19234E+00  0.00000E+00 -0.18925E-04 -0.14389E+00  0.00000E+00 -0.30000E+03  0.11635E-03  0.85402E-07  0.17214E+02  0.19234E+00  0.00000E+00     88  0.00000E+00      0.000
       0.0192 -0.10000E+02  0.00000E+00 -0.10000E+02  0.00000E+00 -0.98391E-03 -0.19247E+00  0.00000E+00 -0.19247E+00  0.00000E+00 -0.18937E-04 -0.10479E+00  0.00000E+00 -0.30000E+03  0.19264E-03  0.87817E-07  0.17214E+02  0.19247E+00  0.00000E+00     89  0.00000E+00      0.000
       0.0193 -0.10000E+02  0.00000E+00 -0.10000E+02  0.00000E+00 -0.98391E-03 -0.19263E+00  0.00000E+00 -0.19263E+00  0.00000E+00 -0.18953E-04 -0.63695E-01  0.00000E+00 -0.30000E+03  0.36240E-04  0.88407E-07  0.17214E+02  0.19263E+00  0.00000E+00     90  0.00000E+00      0.000
       0.0193 -0.10000E+02  0.00000E+00 -0.99999E+01  0.00000E+00 -0.98391E-03 -0.19284E+00  0.00000E+00 -0.19284E+00  0.00000E+00 -0.18974E-04 -0.64730E-01  0.00000E+00 -0.30000E+03  0.69618E-04  0.89882E-07  0.17214E+02  0.19284E+00  0.00000E+00     91  0.00000E+00      0.000
       0.0193 -0.10000E+02  0.00000E+00 -0.10000E+02  0.00000E+00 -0.98391E-03 -0.19312E+00  0.00000E+00 -0.19312E+00  0.00000E+00 -0.19001E-04 -0.85184E-01  0.00000E+00 -0.30000E+03  0.34332E-04  0.90827E-07  0.17214E+02  0.19312E+00  0.00000E+00     92  0.00000E+00      0.000
       0.0193 -0.10000E+02  0.00000E+00 -0.99998E+01  0.00000E+00 -0.98391E-03 -0.19324E+00  0.00000E+00 -0.19324E+00  0.00000E+00 -0.19013E-04 -0.75269E-01  0.00000E+00 -0.30000E+03  0.23651E-03  0.93650E-07  0.17215E+02  0.19324E+00  0.00000E+00     93  0.00000E+00      0.000
       0.0193 -0.10000E+02  0.00000E+00 -0.10000E+02  0.00000E+00 -0.98391E-03 -0.19339E+00  0.00000E+00 -0.19339E+00  0.00000E+00 -0.19028E-04 -0.64310E-01  0.00000E+00 -0.30000E+03  0.18120E-04  0.93931E-07  0.17215E+02  0.19339E+00  0.00000E+00     94  0.00000E+00      0.000
       0.0194 -0.10000E+02  0.00000E+00 -0.99999E+01  0.00000E+00 -0.98391E-03 -0.19360E+00  0.00000E+00 -0.19360E+00  0.00000E+00 -0.19048E-04 -0.52683E-01  0.00000E+00 -0.30000E+03  0.11826E-03  0.96315E-07  0.17215E+02  0.19360E+00  0.00000E+00     95  0.00000E+00      0.000
       0.0194 -0.10000E+02  0.00000E+00 -0.99999E+01  0.00000E+00 -0.98391E-03 -0.19386E+00  0.00000E+00 -0.19386E+00  0.00000E+00 -0.19074E-04 -0.19305E-01  0.00000E+00 -0.30000E+03  0.10014E-03  0.98940E-07  0.17215E+02  0.19386E+00  0.00000E+00     96  0.00000E+00      0.000
       0.0194 -0.10000E+02  0.00000E+00 -0.10000E+02  0.00000E+00 -0.98391E-03 -0.19397E+00  0.00000E+00 -0.19397E+00  0.00000E+00 -0.19085E-04 -0.49550E-02  0.00000E+00 -0.30000E+03  0.37193E-04  0.99363E-07  0.17215E+02  0.19397E+00  0.00000E+00     97  0.00000E+00      0.000
       0.0194 -0.10000E+02  0.00000E+00 -0.99999E+01  0.00000E+00 -0.98391E-03 -0.19402E+00  0.00000E+00 -0.19402E+00  0.00000E+00 -0.19090E-04  0.12585E-02  0.00000E+00 -0.30000E+03  0.12016E-03  0.99954E-07  0.17215E+02  0.19402E+00  0.00000E+00     98  0.00000E+00      0.000
       0.0194 -0.10000E+02  0.00000E+00 -0.99029E+01  0.00000E+00 -0.98391E-03 -0.19408E+00  0.00000E+00 -0.19408E+00  0.00000E+00 -0.19096E-04  0.00000E+00  0.00000E+00 -0.30000E+03  0.97138E-01  0.72158E-06  0.17215E+02  0.19408E+00  0.00000E+00     99  0.00000E+00      0.000
       0.0194 -0.10000E+02  0.00000E+00 -0.99998E+01  0.00000E+00 -0.98391E-03 -0.19415E+00  0.00000E+00 -0.19415E+00  0.00000E+00 -0.19102E-04  0.18408E-01  0.00000E+00 -0.30000E+03  0.19550E-03  0.72283E-06  0.17215E+02  0.19415E+00  0.00000E+00    100  0.00000E+00      0.000
       0.0194 -0.10000E+02  0.00000E+00 -0.99005E+01  0.00000E+00 -0.98391E-03 -0.19421E+00  0.00000E+00 -0.19421E+00  0.00000E+00 -0.19109E-04  0.00000E+00  0.00000E+00 -0.30000E+03  0.99450E-01  0.13593E-05  0.17216E+02  0.19421E+00  0.00000E+00    101  0.00000E+00      0.000
       0.0194 -0.10000E+02  0.00000E+00 -0.10000E+02  0.00000E+00 -0.98391E-03 -0.19428E+00  0.00000E+00 -0.19427E+00  0.00000E+00 -0.19115E-04  0.18514E-01  0.00000E+00 -0.30000E+03  0.43964E-03  0.13621E-05  0.17216E+02  0.19427E+00  0.00000E+00    102  0.00000E+00      0.000
       0.0194 -0.10000E+02  0.00000E+00 -0.98973E+01  0.00000E+00 -0.98391E-03 -0.19434E+00  0.00000E+00 -0.19434E+00  0.00000E+00 -0.19121E-04  0.00000E+00  0.00000E+00 -0.30000E+03  0.10268E+00  0.20192E-05  0.17216E+02  0.19434E+00  0.00000E+00    103  0.00000E+00      0.000
       0.0194 -0.10000E+02  0.00000E+00 -0.10001E+02  0.00000E+00 -0.98391E-03 -0.19440E+00  0.00000E+00 -0.19440E+00  0.00000E+00 -0.19128E-04  0.18599E-01  0.00000E+00 -0.30000E+03  0.54359E-03  0.20226E-05  0.17216E+02  0.19440E+00  0.00000E+00    104  0.00000E+00      0.000
       0.0194 -0.10000E+02  0.00000E+00 -0.98930E+01  0.00000E+00 -0.98391E-03 -0.19447E+00  0.00000E+00 -0.19447E+00  0.00000E+00 -0.19134E-04  0.00000E+00  0.00000E+00 -0.30000E+03  0.10704E+00  0.27076E-05  0.17216E+02  0.19447E+00  0.00000E+00    105  0.00000E+00      0.000
       0.0195 -0.10000E+02  0.00000E+00 -0.99996E+01  0.00000E+00 -0.98391E-03 -0.19453E+00  0.00000E+00 -0.19453E+00  0.00000E+00 -0.19140E-04  0.18742E-01  0.00000E+00 -0.30000E+03  0.35858E-03  0.27099E-05  0.17216E+02  0.19453E+00  0.00000E+00    106  0.00000E+00      0.000
       0.0195 -0.10000E+02  0.00000E+00 -0.98896E+01  0.00000E+00 -0.98391E-03 -0.19460E+00  0.00000E+00 -0.19459E+00  0.00000E+00 -0.19146E-04  0.00000E+00  0.00000E+00 -0.30000E+03  0.11041E+00  0.34165E-05  0.17216E+02  0.19459E+00  0.00000E+00    107  0.00000E+00      0.000
       0.0195 -0.10000E+02  0.00000E+00 -0.99998E+01  0.00000E+00 -0.98391E-03 -0.19466E+00  0.00000E+00 -0.19466E+00  0.00000E+00 -0.19153E-04  0.18782E-01  0.00000E+00 -0.30000E+03  0.22507E-03  0.34179E-05  0.17216E+02  0.19466E+00  0.00000E+00    108  0.00000E+00      0.000
       0.0195 -0.10000E+02  0.00000E+00 -0.98842E+01  0.00000E+00 -0.98391E-03 -0.19472E+00  0.00000E+00 -0.19472E+00  0.00000E+00 -0.19159E-04  0.00000E+00  0.00000E+00 -0.30000E+03  0.11576E+00  0.41587E-05  0.17216E+02  0.19472E+00  0.00000E+00    109  0.00000E+00      0.000
       0.0195 -0.10000E+02  0.00000E+00 -0.99995E+01  0.00000E+00 -0.98391E-03 -0.19479E+00  0.00000E+00 -0.19478E+00  0.00000E+00 -0.19165E-04  0.18793E-01  0.00000E+00 -0.30000E+03  0.50449E-03  0.41620E-05  0.17216E+02  0.19478E+00  0.00000E+00    110  0.00000E+00      0.000
       0.0195 -0.10000E+02  0.00000E+00 -0.98789E+01  0.00000E+00 -0.98391E-03 -0.19485E+00  0.00000E+00 -0.19485E+00  0.00000E+00 -0.19172E-04  0.00000E+00  0.00000E+00 -0.30000E+03  0.12109E+00  0.49368E-05  0.17216E+02  0.19485E+00  0.00000E+00    111  0.00000E+00      0.000
       0.0195 -0.10000E+02  0.00000E+00 -0.10000E+02  0.00000E+00 -0.98391E-03 -0.19492E+00  0.00000E+00 -0.19491E+00  0.00000E+00 -0.19178E-04  0.18816E-01  0.00000E+00 -0.30000E+03  0.39101E-04  0.49371E-05  0.17216E+02  0.19491E+00  0.00000E+00    112  0.00000E+00      0.000
       0.0195 -0.10000E+02  0.00000E+00 -0.98756E+01  0.00000E+00 -0.98391E-03 -0.19498E+00  0.00000E+00 -0.19497E+00  0.00000E+00 -0.19184E-04  0.00000E+00  0.00000E+00 -0.30000E+03  0.12444E+00  0.57335E-05  0.17216E+02  0.19497E+00  0.00000E+00    113  0.00000E+00      0.000
       0.0195 -0.10000E+02  0.00000E+00 -0.10001E+02  0.00000E+00 -0.98391E-03 -0.19504E+00  0.00000E+00 -0.19504E+00  0.00000E+00 -0.19191E-04  0.18903E-01  0.00000E+00 -0.30000E+03  0.55313E-03  0.57370E-05  0.17216E+02  0.19504E+00  0.00000E+00    114  0.00000E+00      0.000
       0.0195 -0.10000E+02  0.00000E+00 -0.98702E+01  0.00000E+00 -0.98391E-03 -0.19511E+00  0.00000E+00 -0.19510E+00  0.00000E+00 -0.19197E-04  0.00000E+00  0.00000E+00 -0.30000E+03  0.12977E+00  0.65675E-05  0.17216E+02  0.19510E+00  0.00000E+00    115  0.00000E+00      0.000
       0.0195 -0.10000E+02  0.00000E+00 -0.99998E+01  0.00000E+00 -0.98391E-03 -0.19517E+00  0.00000E+00 -0.19517E+00  0.00000E+00 -0.19203E-04  0.18861E-01  0.00000E+00 -0.30000E+03  0.22984E-03  0.65689E-05  0.17216E+02  0.19517E+00  0.00000E+00    116  0.00000E+00      0.000
       0.0195 -0.10000E+02  0.00000E+00 -0.98676E+01  0.00000E+00 -0.98391E-03 -0.19524E+00  0.00000E+00 -0.19523E+00  0.00000E+00 -0.19209E-04  0.00000E+00  0.00000E+00 -0.30000E+03  0.13238E+00  0.74161E-05  0.17217E+02  0.19523E+00  0.00000E+00    117  0.00000E+00      0.000
       0.0195 -0.10000E+02  0.00000E+00 -0.10000E+02  0.00000E+00 -0.98391E-03 -0.19530E+00  0.00000E+00 -0.19529E+00  0.00000E+00 -0.19216E-04  0.18843E-01  0.00000E+00 -0.30000E+03  0.41199E-03  0.74187E-05  0.17217E+02  0.19529E+00  0.00000E+00    118  0.00000E+00      0.000
       0.0195 -0.10000E+02  0.00000E+00 -0.98645E+01  0.00000E+00 -0.98391E-03 -0.19536E+00  0.00000E+00 -0.19536E+00  0.00000E+00 -0.19222E-04  0.00000E+00  0.00000E+00 -0.30000E+03  0.13545E+00  0.82855E-05  0.17217E+02  0.19536E+00  0.00000E+00    119  0.00000E+00      0.000
       0.0195 -0.10000E+02  0.00000E+00 -0.10000E+02  0.00000E+00 -0.98391E-03 -0.19543E+00  0.00000E+00 -0.19542E+00  0.00000E+00 -0.19228E-04  0.18049E-01  0.00000E+00 -0.30000E+03  0.22411E-03  0.82869E-05  0.17217E+02  0.19542E+00  0.00000E+00    120  0.00000E+00      0.000
       0.0195 -0.10000E+02  0.00000E+00 -0.98661E+01  0.00000E+00 -0.98391E-03 -0.19549E+00  0.00000E+00 -0.19548E+00  0.00000E+00 -0.19235E-04  0.00000E+00  0.00000E+00 -0.30000E+03  0.13394E+00  0.91441E-05  0.17217E+02  0.19548E+00  0.00000E+00    121  0.00000E+00      0.000
       0.0196 -0.10000E+02  0.00000E+00 -0.99994E+01  0.00000E+00 -0.98391E-03 -0.19556E+00  0.00000E+00 -0.19555E+00  0.00000E+00 -0.19241E-04  0.16848E-01  0.00000E+00 -0.30000E+03  0.55695E-03  0.91477E-05  0.17217E+02  0.19555E+00  0.00000E+00    122  0.00000E+00      0.000
       0.0196 -0.10000E+02  0.00000E+00 -0.98678E+01  0.00000E+00 -0.98391E-03 -0.19562E+00  0.00000E+00 -0.19561E+00  0.00000E+00 -0.19247E-04  0.00000E+00  0.00000E+00 -0.30000E+03  0.13225E+00  0.99940E-05  0.17217E+02  0.19561E+00  0.00000E+00    123  0.00000E+00      0.000
       0.0196 -0.10000E+02  0.00000E+00 -0.99995E+01  0.00000E+00 -0.98391E-03 -0.19568E+00  0.00000E+00 -0.19567E+00  0.00000E+00 -0.19253E-04  0.15739E-01  0.00000E+00 -0.30000E+03  0.48351E-03  0.99971E-05  0.17217E+02  0.19567E+00  0.00000E+00    124  0.00000E+00      0.000
       0.0196 -0.10000E+02  0.00000E+00 -0.98675E+01  0.00000E+00 -0.98391E-03 -0.19575E+00  0.00000E+00 -0.19574E+00  0.00000E+00 -0.19260E-04  0.00000E+00  0.00000E+00 -0.30000E+03  0.13248E+00  0.10845E-04  0.17217E+02  0.19574E+00  0.00000E+00    125  0.00000E+00      0.000
       0.0196 -0.10000E+02  0.00000E+00 -0.10000E+02  0.00000E+00 -0.98391E-03 -0.19581E+00  0.00000E+00 -0.19580E+00  0.00000E+00 -0.19266E-04  0.14328E-01  0.00000E+00 -0.30000E+03  0.00000E+00  0.10845E-04  0.17217E+02  0.19580E+00  0.00000E+00    126  0.00000E+00      0.000
       0.0196 -0.10000E+02  0.00000E+00 -0.98676E+01  0.00000E+00 -0.98391E-03 -0.19588E+00  0.00000E+00 -0.19586E+00  0.00000E+00 -0.19272E-04  0.00000E+00  0.00000E+00 -0.30000E+03  0.13235E+00  0.11692E-04  0.17217E+02  0.19586E+00  0.00000E+00    127  0.00000E+00      0.000
       0.0196 -0.10000E+02  0.00000E+00 -0.99997E+01  0.00000E+00 -0.98391E-03 -0.19594E+00  0.00000E+00 -0.19593E+00  0.00000E+00 -0.19279E-04  0.11993E-01  0.00000E+00 -0.30000E+03  0.25654E-03  0.11694E-04  0.17217E+02  0.19593E+00  0.00000E+00    128  0.00000E+00      0.000
       0.0196 -0.10000E+02  0.00000E+00 -0.98696E+01  0.00000E+00 -0.98391E-03 -0.19600E+00  0.00000E+00 -0.19599E+00  0.00000E+00 -0.19285E-04  0.00000E+00  0.00000E+00 -0.30000E+03  0.13041E+00  0.12528E-04  0.17217E+02  0.19599E+00  0.00000E+00    129  0.00000E+00      0.000
       0.0196 -0.10000E+02  0.00000E+00 -0.99462E+01  0.00000E+00 -0.98391E-03 -0.19607E+00  0.00000E+00 -0.19606E+00  0.00000E+00 -0.19291E-04  0.00000E+00  0.00000E+00 -0.30000E+03  0.53767E-01  0.12872E-04  0.17217E+02  0.19606E+00  0.00000E+00    130  0.00000E+00      0.000
       0.0196 -0.10000E+02  0.00000E+00 -0.98944E+01  0.00000E+00 -0.98391E-03 -0.19613E+00  0.00000E+00 -0.19612E+00  0.00000E+00 -0.19298E-04  0.00000E+00  0.00000E+00 -0.30000E+03  0.10557E+00  0.13548E-04  0.17217E+02  0.19612E+00  0.00000E+00    131  0.00000E+00      0.000
       0.0196 -0.10000E+02  0.00000E+00 -0.99206E+01  0.00000E+00 -0.98391E-03 -0.19620E+00  0.00000E+00 -0.19618E+00  0.00000E+00 -0.19304E-04  0.00000E+00  0.00000E+00 -0.30000E+03  0.79419E-01  0.14056E-04  0.17217E+02  0.19618E+00  0.00000E+00    132  0.00000E+00      0.000
       0.0196 -0.10000E+02  0.00000E+00 -0.98983E+01  0.00000E+00 -0.98391E-03 -0.19626E+00  0.00000E+00 -0.19625E+00  0.00000E+00 -0.19310E-04  0.00000E+00  0.00000E+00 -0.30000E+03  0.10168E+00  0.14707E-04  0.17218E+02  0.19625E+00  0.00000E+00    133  0.00000E+00      0.000
       0.0196 -0.10000E+02  0.00000E+00 -0.99043E+01  0.00000E+00 -0.98391E-03 -0.19632E+00  0.00000E+00 -0.19631E+00  0.00000E+00 -0.19316E-04  0.00000E+00  0.00000E+00 -0.30000E+03  0.95687E-01  0.15319E-04  0.17218E+02  0.19631E+00  0.00000E+00    134  0.00000E+00      0.000
       0.0196 -0.10000E+02  0.00000E+00 -0.98965E+01  0.00000E+00 -0.98391E-03 -0.19639E+00  0.00000E+00 -0.19637E+00  0.00000E+00 -0.19323E-04  0.00000E+00  0.00000E+00 -0.30000E+03  0.10349E+00  0.15981E-04  0.17218E+02  0.19637E+00  0.00000E+00    135  0.00000E+00      0.000
       0.0196 -0.10000E+02  0.00000E+00 -0.98946E+01  0.00000E+00 -0.98391E-03 -0.19645E+00  0.00000E+00 -0.19644E+00  0.00000E+00 -0.19329E-04  0.00000E+00  0.00000E+00 -0.30000E+03  0.10537E+00  0.16656E-04  0.17218E+02  0.19644E+00  0.00000E+00    136  0.00000E+00      0.000
       0.0197 -0.10000E+02  0.00000E+00 -0.98929E+01  0.00000E+00 -0.98391E-03 -0.19652E+00  0.00000E+00 -0.19650E+00  0.00000E+00 -0.19335E-04  0.00000E+00  0.00000E+00 -0.30000E+03  0.10712E+00  0.17341E-04  0.17218E+02  0.19650E+00  0.00000E+00    137  0.00000E+00      0.000
       0.0197 -0.10000E+02  0.00000E+00 -0.98887E+01  0.00000E+00 -0.98391E-03 -0.19658E+00  0.00000E+00 -0.19656E+00  0.00000E+00 -0.19342E-04  0.00000E+00  0.00000E+00 -0.30000E+03  0.11127E+00  0.18053E-04  0.17218E+02  0.19656E+00  0.00000E+00    138  0.00000E+00      0.000
       0.0197 -0.10000E+02  0.00000E+00 -0.98884E+01  0.00000E+00 -0.98391E-03 -0.19664E+00  0.00000E+00 -0.19663E+00  0.00000E+00 -0.19348E-04  0.00000E+00  0.00000E+00 -0.30000E+03  0.11164E+00  0.18768E-04  0.17218E+02  0.19663E+00  0.00000E+00    139  0.00000E+00      0.000
       0.0197 -0.10000E+02  0.00000E+00 -0.98838E+01  0.00000E+00 -0.98391E-03 -0.19671E+00  0.00000E+00 -0.19669E+00  0.00000E+00 -0.19354E-04  0.00000E+00  0.00000E+00 -0.30000E+03  0.11615E+00  0.19511E-04  0.17218E+02  0.19669E+00  0.00000E+00    140  0.00000E+00      0.000
       0.0197 -0.10000E+02  0.00000E+00 -0.98812E+01  0.00000E+00 -0.98391E-03 -0.19677E+00  0.00000E+00 -0.19675E+00  0.00000E+00 -0.19361E-04  0.00000E+00  0.00000E+00 -0.30000E+03  0.11878E+00  0.20271E-04  0.17218E+02  0.19675E+00  0.00000E+00    141  0.00000E+00      0.000
       0.0197 -0.10000E+02  0.00000E+00 -0.98784E+01  0.00000E+00 -0.98391E-03 -0.19684E+00  0.00000E+00 -0.19682E+00  0.00000E+00 -0.19367E-04  0.00000E+00  0.00000E+00 -0.30000E+03  0.12159E+00  0.21049E-04  0.17218E+02  0.19682E+00  0.00000E+00    142  0.00000E+00      0.000
       0.0197 -0.10000E+02  0.00000E+00 -0.98766E+01  0.00000E+00 -0.98391E-03 -0.19690E+00  0.00000E+00 -0.19688E+00  0.00000E+00 -0.19373E-04  0.00000E+00  0.00000E+00 -0.30000E+03  0.12336E+00  0.21839E-04  0.17218E+02  0.19688E+00  0.00000E+00    143  0.00000E+00      0.000
       0.0197 -0.10000E+02  0.00000E+00 -0.98757E+01  0.00000E+00 -0.98391E-03 -0.19696E+00  0.00000E+00 -0.19694E+00  0.00000E+00 -0.19379E-04  0.00000E+00  0.00000E+00 -0.30000E+03  0.12434E+00  0.22634E-04  0.17218E+02  0.19694E+00  0.00000E+00    144  0.00000E+00      0.000
       0.0197 -0.10000E+02  0.00000E+00 -0.98730E+01  0.00000E+00 -0.98391E-03 -0.19703E+00  0.00000E+00 -0.19700E+00  0.00000E+00 -0.19386E-04  0.00000E+00  0.00000E+00 -0.30000E+03  0.12699E+00  0.23447E-04  0.17218E+02  0.19700E+00  0.00000E+00    145  0.00000E+00      0.000
       0.0197 -0.10000E+02  0.00000E+00 -0.98727E+01  0.00000E+00 -0.98391E-03 -0.19709E+00  0.00000E+00 -0.19707E+00  0.00000E+00 -0.19392E-04  0.00000E+00  0.00000E+00 -0.30000E+03  0.12728E+00  0.24261E-04  0.17218E+02  0.19707E+00  0.00000E+00    146  0.00000E+00      0.000
       0.0197 -0.10000E+02  0.00000E+00 -0.98711E+01  0.00000E+00 -0.98391E-03 -0.19716E+00  0.00000E+00 -0.19713E+00  0.00000E+00 -0.19398E-04  0.00000E+00  0.00000E+00 -0.30000E+03  0.12891E+00  0.25086E-04  0.17218E+02  0.19713E+00  0.00000E+00    147  0.00000E+00      0.000
       0.0197 -0.10000E+02  0.00000E+00 -0.98692E+01  0.00000E+00 -0.98391E-03 -0.19722E+00  0.00000E+00 -0.19719E+00  0.00000E+00 -0.19405E-04  0.00000E+00  0.00000E+00 -0.30000E+03  0.13080E+00  0.25923E-04  0.17218E+02  0.19719E+00  0.00000E+00    148  0.00000E+00      0.000
       0.0197 -0.10000E+02  0.00000E+00 -0.98706E+01  0.00000E+00 -0.98391E-03 -0.19728E+00  0.00000E+00 -0.19726E+00  0.00000E+00 -0.19411E-04  0.00000E+00  0.00000E+00 -0.30000E+03  0.12945E+00  0.26752E-04  0.17219E+02  0.19726E+00  0.00000E+00    149  0.00000E+00      0.000
       0.0197 -0.10000E+02  0.00000E+00 -0.98715E+01  0.00000E+00 -0.98391E-03 -0.19735E+00  0.00000E+00 -0.19732E+00  0.00000E+00 -0.19417E-04  0.00000E+00  0.00000E+00 -0.30000E+03  0.12848E+00  0.27574E-04  0.17219E+02  0.19732E+00  0.00000E+00    150  0.00000E+00      0.000
       0.0197 -0.10000E+02  0.00000E+00 -0.98723E+01  0.00000E+00 -0.98391E-03 -0.19741E+00  0.00000E+00 -0.19738E+00  0.00000E+00 -0.19423E-04  0.00000E+00  0.00000E+00 -0.30000E+03  0.12774E+00  0.28391E-04  0.17219E+02  0.19738E+00  0.00000E+00    151  0.00000E+00      0.000
       0.0197 -0.10000E+02  0.00000E+00 -0.98729E+01  0.00000E+00 -0.98391E-03 -0.19748E+00  0.00000E+00 -0.19745E+00  0.00000E+00 -0.19430E-04  0.00000E+00  0.00000E+00 -0.30000E+03  0.12710E+00  0.29205E-04  0.17219E+02  0.19745E+00  0.00000E+00    152  0.00000E+00      0.000
       0.0198 -0.10000E+02  0.00000E+00 -0.98750E+01  0.00000E+00 -0.98391E-03 -0.19754E+00  0.00000E+00 -0.19751E+00  0.00000E+00 -0.19436E-04  0.00000E+00  0.00000E+00 -0.30000E+03  0.12496E+00  0.30005E-04  0.17219E+02  0.19751E+00  0.00000E+00    153  0.00000E+00      0.000
       0.0198 -0.10000E+02  0.00000E+00 -0.98803E+01  0.00000E+00 -0.98391E-03 -0.19760E+00  0.00000E+00 -0.19757E+00  0.00000E+00 -0.19442E-04  0.00000E+00  0.00000E+00 -0.30000E+03  0.11965E+00  0.30770E-04  0.17219E+02  0.19757E+00  0.00000E+00    154  0.00000E+00      0.000
       0.0198 -0.10000E+02  0.00000E+00 -0.10000E+02  0.00000E+00 -0.98391E-03 -0.19767E+00  0.00000E+00 -0.19764E+00  0.00000E+00 -0.19449E-04  0.41911E-01  0.00000E+00 -0.30000E+03  0.42343E-03  0.30773E-04  0.17219E+02  0.19764E+00  0.00000E+00    155  0.00000E+00      0.000
       0.0198 -0.10000E+02  0.00000E+00 -0.96494E+01  0.00000E+00 -0.98391E-03 -0.19775E+00  0.00000E+00 -0.19772E+00  0.00000E+00 -0.19457E-04  0.00000E+00  0.00000E+00 -0.30000E+03  0.35058E+00  0.33689E-04  0.17219E+02  0.19772E+00  0.00000E+00    156  0.00000E+00      0.000
       0.0198 -0.10000E+02  0.00000E+00 -0.98362E+01  0.00000E+00 -0.98391E-03 -0.19786E+00  0.00000E+00 -0.19782E+00  0.00000E+00 -0.19467E-04  0.00000E+00  0.00000E+00 -0.30000E+03  0.16381E+00  0.35461E-04  0.17219E+02  0.19782E+00  0.00000E+00    157  0.00000E+00      0.000
       0.0198 -0.10000E+02  0.00000E+00 -0.97133E+01  0.00000E+00 -0.98391E-03 -0.19800E+00  0.00000E+00 -0.19796E+00  0.00000E+00 -0.19481E-04  0.00000E+00  0.00000E+00 -0.30000E+03  0.28674E+00  0.39492E-04  0.17219E+02  0.19796E+00  0.00000E+00    158  0.00000E+00      0.000
       0.0198 -0.10000E+02  0.00000E+00 -0.96782E+01  0.00000E+00 -0.98391E-03 -0.19818E+00  0.00000E+00 -0.19814E+00  0.00000E+00 -0.19499E-04  0.00000E+00  0.00000E+00 -0.30000E+03  0.32177E+00  0.45374E-04  0.17219E+02  0.19814E+00  0.00000E+00    159  0.00000E+00      0.000
       0.0198 -0.10000E+02  0.00000E+00 -0.99096E+01  0.00000E+00 -0.98391E-03 -0.19826E+00  0.00000E+00 -0.19822E+00  0.00000E+00 -0.19507E-04  0.00000E+00  0.00000E+00 -0.30000E+03  0.90383E-01  0.46089E-04  0.17220E+02  0.19822E+00  0.00000E+00    160  0.00000E+00      0.000
       0.0198 -0.10000E+02  0.00000E+00 -0.97551E+01  0.00000E+00 -0.98391E-03 -0.19834E+00  0.00000E+00 -0.19829E+00  0.00000E+00 -0.19515E-04  0.00000E+00  0.00000E+00 -0.30000E+03  0.24494E+00  0.48029E-04  0.17220E+02  0.19829E+00  0.00000E+00    161  0.00000E+00      0.000
       0.0198 -0.10000E+02  0.00000E+00 -0.10000E+02  0.00000E+00 -0.98391E-03 -0.19844E+00  0.00000E+00 -0.19840E+00  0.00000E+00 -0.19525E-04  0.49777E-01  0.00000E+00 -0.30000E+03  0.31948E-03  0.48033E-04  0.17220E+02  0.19840E+00  0.00000E+00    162  0.00000E+00      0.000
       0.0199 -0.10000E+02  0.00000E+00 -0.99134E+01  0.00000E+00 -0.98391E-03 -0.19858E+00  0.00000E+00 -0.19853E+00  0.00000E+00 -0.19538E-04  0.00000E+00  0.00000E+00 -0.30000E+03  0.86632E-01  0.49192E-04  0.17220E+02  0.19853E+00  0.00000E+00    163  0.00000E+00      0.000
       0.0199 -0.10000E+02  0.00000E+00 -0.99137E+01  0.00000E+00 -0.98391E-03 -0.19875E+00  0.00000E+00 -0.19870E+00  0.00000E+00 -0.19555E-04  0.00000E+00  0.00000E+00 -0.30000E+03  0.86274E-01  0.50693E-04  0.17220E+02  0.19870E+00  0.00000E+00    164  0.00000E+00      0.000
       0.0199 -0.10000E+02  0.00000E+00 -0.98878E+01  0.00000E+00 -0.98391E-03 -0.19898E+00  0.00000E+00 -0.19892E+00  0.00000E+00 -0.19578E-04  0.00000E+00  0.00000E+00 -0.30000E+03  0.11220E+00  0.53232E-04  0.17220E+02  0.19892E+00  0.00000E+00    165  0.00000E+00      0.000
       0.0199 -0.10000E+02  0.00000E+00 -0.98544E+01  0.00000E+00 -0.98391E-03 -0.19927E+00  0.00000E+00 -0.19921E+00  0.00000E+00 -0.19606E-04  0.00000E+00  0.00000E+00 -0.30000E+03  0.14565E+00  0.57515E-04  0.17221E+02  0.19921E+00  0.00000E+00    166  0.00000E+00      0.000
       0.0200 -0.10000E+02  0.00000E+00 -0.98115E+01  0.00000E+00 -0.98391E-03 -0.19965E+00  0.00000E+00 -0.19959E+00  0.00000E+00 -0.19644E-04  0.00000E+00  0.00000E+00 -0.30000E+03  0.18852E+00  0.64721E-04  0.17221E+02  0.19959E+00  0.00000E+00    167  0.00000E+00      0.000
       0.0200 -0.10000E+02  0.00000E+00 -0.97566E+01  0.00000E+00 -0.98391E-03 -0.20015E+00  0.00000E+00 -0.20007E+00  0.00000E+00 -0.19693E-04  0.00000E+00  0.00000E+00 -0.30000E+03  0.24335E+00  0.76816E-04  0.17221E+02  0.20007E+00  0.00000E+00    168  0.00000E+00      0.000
       0.0201 -0.10000E+02  0.00000E+00 -0.96868E+01  0.00000E+00 -0.98391E-03 -0.20080E+00  0.00000E+00 -0.20070E+00  0.00000E+00 -0.19757E-04  0.00000E+00  0.00000E+00 -0.30000E+03  0.31317E+00  0.97049E-04  0.17222E+02  0.20070E+00  0.00000E+00    169  0.00000E+00      0.000
       0.0202 -0.10000E+02  0.00000E+00 -0.95983E+01  0.00000E+00 -0.98391E-03 -0.20164E+00  0.00000E+00 -0.20151E+00  0.00000E+00 -0.19839E-04  0.00000E+00  0.00000E+00 -0.30000E+03  0.40167E+00  0.13078E-03  0.17223E+02  0.20151E+00  0.00000E+00    170  0.00000E+00      0.000
       0.0203 -0.10000E+02  0.00000E+00 -0.94867E+01  0.00000E+00 -0.98391E-03 -0.20273E+00  0.00000E+00 -0.20254E+00  0.00000E+00 -0.19947E-04  0.00000E+00  0.00000E+00 -0.30000E+03  0.51326E+00  0.18683E-03  0.17224E+02  0.20254E+00  0.00000E+00    171  0.00000E+00      0.000
       0.0204 -0.10000E+02  0.00000E+00 -0.93488E+01  0.00000E+00 -0.98391E-03 -0.20415E+00  0.00000E+00 -0.20387E+00  0.00000E+00 -0.20086E-04  0.00000E+00  0.00000E+00 -0.30000E+03  0.65116E+00  0.27925E-03  0.17225E+02  0.20387E+00  0.00000E+00    172  0.00000E+00      0.000
       0.0206 -0.10000E+02  0.00000E+00 -0.91792E+01  0.00000E+00 -0.98391E-03 -0.20599E+00  0.00000E+00 -0.20556E+00  0.00000E+00 -0.20268E-04  0.00000E+00  0.00000E+00 -0.30000E+03  0.82078E+00  0.43071E-03  0.17227E+02  0.20556E+00  0.00000E+00    173  0.00000E+00      0.000
       0.0208 -0.10000E+02  0.00000E+00 -0.89732E+01  0.00000E+00 -0.98391E-03 -0.20839E+00  0.00000E+00 -0.20772E+00  0.00000E+00 -0.20504E-04  0.00000E+00  0.00000E+00 -0.30000E+03  0.10268E+01  0.67702E-03  0.17229E+02  0.20772E+00  0.00000E+00    174  0.00000E+00      0.000
       0.0212 -0.10000E+02  0.00000E+00 -0.87239E+01  0.00000E+00 -0.98391E-03 -0.21151E+00  0.00000E+00 -0.21044E+00  0.00000E+00 -0.20811E-04  0.00000E+00  0.00000E+00 -0.30000E+03  0.12761E+01  0.10750E-02  0.17232E+02  0.21044E+00  0.00000E+00    175  0.00000E+00      0.000
       0.0216 -0.10000E+02  0.00000E+00 -0.84532E+01  0.00000E+00 -0.98391E-03 -0.21557E+00  0.00000E+00 -0.21386E+00  0.00000E+00 -0.21210E-04  0.00000E+00  0.00000E+00 -0.30000E+03  0.15468E+01  0.17020E-02  0.17235E+02  0.21386E+00  0.00000E+00    176  0.00000E+00      0.000
       0.0221 -0.10000E+02  0.00000E+00 -0.81350E+01  0.00000E+00 -0.98391E-03 -0.22084E+00  0.00000E+00 -0.21815E+00  0.00000E+00 -0.21728E-04  0.00000E+00  0.00000E+00 -0.30000E+03  0.18650E+01  0.26850E-02  0.17239E+02  0.21815E+00  0.00000E+00    177  0.00000E+00      0.000
       0.0226 -0.10000E+02  0.00000E+00 -0.78528E+01  0.00000E+00 -0.98391E-03 -0.22611E+00  0.00000E+00 -0.22229E+00  0.00000E+00 -0.22247E-04  0.00000E+00  0.00000E+00 -0.30000E+03  0.21472E+01  0.38166E-02  0.17244E+02  0.22229E+00  0.00000E+00    178  0.00000E+00      0.000
       0.0231 -0.10000E+02  0.00000E+00 -0.75902E+01  0.00000E+00 -0.98391E-03 -0.23138E+00  0.00000E+00 -0.22629E+00  0.00000E+00 -0.22765E-04  0.00000E+00  0.00000E+00 -0.30000E+03  0.24098E+01  0.50866E-02  0.17248E+02  0.22629E+00  0.00000E+00    179  0.00000E+00      0.000
       0.0238 -0.10000E+02  0.00000E+00 -0.72754E+01  0.00000E+00 -0.98391E-03 -0.23823E+00  0.00000E+00 -0.23127E+00  0.00000E+00 -0.23439E-04  0.00000E+00  0.00000E+00 -0.30000E+03  0.27246E+01  0.69533E-02  0.17253E+02  0.23127E+00  0.00000E+00    180  0.00000E+00      0.000
       0.0247 -0.10000E+02  0.00000E+00 -0.69384E+01  0.00000E+00 -0.98391E-03 -0.24713E+00  0.00000E+00 -0.23745E+00  0.00000E+00 -0.24316E-04  0.00000E+00  0.00000E+00 -0.30000E+03  0.30616E+01  0.96802E-02  0.17259E+02  0.23745E+00  0.00000E+00    181  0.00000E+00      0.000
       0.0256 -0.10000E+02  0.00000E+00 -0.66333E+01  0.00000E+00 -0.98391E-03 -0.25604E+00  0.00000E+00 -0.24336E+00  0.00000E+00 -0.25192E-04  0.00000E+00  0.00000E+00 -0.30000E+03  0.33667E+01  0.12679E-01  0.17265E+02  0.24336E+00  0.00000E+00    182  0.00000E+00      0.000
       0.0268 -0.10000E+02  0.00000E+00 -0.62909E+01  0.00000E+00 -0.98391E-03 -0.26762E+00  0.00000E+00 -0.25065E+00  0.00000E+00 -0.26331E-04  0.00000E+00  0.00000E+00 -0.30000E+03  0.37091E+01  0.16973E-01  0.17272E+02  0.25065E+00  0.00000E+00    183  0.00000E+00      0.000
       0.0279 -0.10000E+02  0.00000E+00 -0.59859E+01  0.00000E+00 -0.98391E-03 -0.27920E+00  0.00000E+00 -0.25758E+00  0.00000E+00 -0.27470E-04  0.00000E+00  0.00000E+00 -0.30000E+03  0.40141E+01  0.21621E-01  0.17279E+02  0.25758E+00  0.00000E+00    184  0.00000E+00      0.000
       0.0291 -0.10000E+02  0.00000E+00 -0.57277E+01  0.00000E+00 -0.98391E-03 -0.29078E+00  0.00000E+00 -0.26421E+00  0.00000E+00 -0.28610E-04  0.00000E+00  0.00000E+00 -0.30000E+03  0.42723E+01  0.26568E-01  0.17285E+02  0.26421E+00  0.00000E+00    185  0.00000E+00      0.000
       0.0302 -0.10000E+02  0.00000E+00 -0.55097E+01  0.00000E+00 -0.98391E-03 -0.30236E+00  0.00000E+00 -0.27059E+00  0.00000E+00 -0.29749E-04  0.00000E+00  0.00000E+00 -0.30000E+03  0.44903E+01  0.31767E-01  0.17292E+02  0.27059E+00  0.00000E+00    186  0.00000E+00      0.000
       0.0314 -0.10000E+02  0.00000E+00 -0.53115E+01  0.00000E+00 -0.98391E-03 -0.31393E+00  0.00000E+00 -0.27674E+00  0.00000E+00 -0.30888E-04  0.00000E+00  0.00000E+00 -0.30000E+03  0.46885E+01  0.37196E-01  0.17298E+02  0.27674E+00  0.00000E+00    187  0.00000E+00      0.000
       0.0326 -0.10000E+02  0.00000E+00 -0.51324E+01  0.00000E+00 -0.98391E-03 -0.32551E+00  0.00000E+00 -0.28268E+00  0.00000E+00 -0.32027E-04  0.00000E+00  0.00000E+00 -0.30000E+03  0.48676E+01  0.42832E-01  0.17304E+02  0.28268E+00  0.00000E+00    188  0.00000E+00      0.000
       0.0337 -0.10000E+02  0.00000E+00 -0.49881E+01  0.00000E+00 -0.98391E-03 -0.33709E+00  0.00000E+00 -0.28846E+00  0.00000E+00 -0.33167E-04  0.00000E+00  0.00000E+00 -0.30000E+03  0.50119E+01  0.48635E-01  0.17310E+02  0.28846E+00  0.00000E+00    189  0.00000E+00      0.000
       0.0349 -0.10000E+02  0.00000E+00 -0.48685E+01  0.00000E+00 -0.98391E-03 -0.34867E+00  0.00000E+00 -0.29409E+00  0.00000E+00 -0.34306E-04  0.00000E+00  0.00000E+00 -0.30000E+03  0.51315E+01  0.54577E-01  0.17315E+02  0.29409E+00  0.00000E+00    190  0.00000E+00      0.000
       0.0360 -0.10000E+02  0.00000E+00 -0.47634E+01  0.00000E+00 -0.98391E-03 -0.36025E+00  0.00000E+00 -0.29961E+00  0.00000E+00 -0.35445E-04  0.00000E+00  0.00000E+00 -0.30000E+03  0.52366E+01  0.60640E-01  0.17321E+02  0.29961E+00  0.00000E+00    191  0.00000E+00      0.000
       0.0372 -0.10000E+02  0.00000E+00 -0.46724E+01  0.00000E+00 -0.98391E-03 -0.37183E+00  0.00000E+00 -0.30502E+00  0.00000E+00 -0.36584E-04  0.00000E+00  0.00000E+00 -0.30000E+03  0.53276E+01  0.66808E-01  0.17326E+02  0.30502E+00  0.00000E+00    192  0.00000E+00      0.000
       0.0383 -0.10000E+02  0.00000E+00 -0.45923E+01  0.00000E+00 -0.98391E-03 -0.38341E+00  0.00000E+00 -0.31034E+00  0.00000E+00 -0.37724E-04  0.00000E+00  0.00000E+00 -0.30000E+03  0.54077E+01  0.73070E-01  0.17332E+02  0.31034E+00  0.00000E+00    193  0.00000E+00      0.000
       0.0395 -0.10000E+02  0.00000E+00 -0.45251E+01  0.00000E+00 -0.98391E-03 -0.39507E+00  0.00000E+00 -0.31561E+00  0.00000E+00 -0.38871E-04  0.00000E+00  0.00000E+00 -0.30000E+03  0.54749E+01  0.79453E-01  0.17337E+02  0.31561E+00  0.00000E+00    194  0.00000E+00      0.000
       0.0407 -0.10000E+02  0.00000E+00 -0.44709E+01  0.00000E+00 -0.98391E-03 -0.40673E+00  0.00000E+00 -0.32082E+00  0.00000E+00 -0.40018E-04  0.00000E+00  0.00000E+00 -0.30000E+03  0.55291E+01  0.85900E-01  0.17342E+02  0.32082E+00  0.00000E+00    195  0.00000E+00      0.000
       0.0418 -0.10000E+02  0.00000E+00 -0.44304E+01  0.00000E+00 -0.98391E-03 -0.41838E+00  0.00000E+00 -0.32599E+00  0.00000E+00 -0.41165E-04  0.00000E+00  0.00000E+00 -0.30000E+03  0.55696E+01  0.92394E-01  0.17347E+02  0.32599E+00  0.00000E+00    196  0.00000E+00      0.000
       0.0430 -0.10000E+02  0.00000E+00 -0.44001E+01  0.00000E+00 -0.98391E-03 -0.43004E+00  0.00000E+00 -0.33112E+00  0.00000E+00 -0.42312E-04  0.00000E+00  0.00000E+00 -0.30000E+03  0.55999E+01  0.98923E-01  0.17352E+02  0.33112E+00  0.00000E+00    197  0.00000E+00      0.000
       0.0442 -0.10000E+02  0.00000E+00 -0.43779E+01  0.00000E+00 -0.98391E-03 -0.44170E+00  0.00000E+00 -0.33623E+00  0.00000E+00 -0.43459E-04  0.00000E+00  0.00000E+00 -0.30000E+03  0.56221E+01  0.10548E+00  0.17357E+02  0.33623E+00  0.00000E+00    198  0.00000E+00      0.000
       0.0456 -0.10000E+02  0.00000E+00 -0.43594E+01  0.00000E+00 -0.98391E-03 -0.45628E+00  0.00000E+00 -0.34258E+00  0.00000E+00 -0.44893E-04  0.00000E+00  0.00000E+00 -0.30000E+03  0.56406E+01  0.11370E+00  0.17364E+02  0.34258E+00  0.00000E+00    199  0.00000E+00      0.000
       0.0478 -0.10000E+02  0.00000E+00 -0.43561E+01  0.00000E+00 -0.98391E-03 -0.47814E+00  0.00000E+00 -0.35210E+00  0.00000E+00 -0.47044E-04  0.00000E+00  0.00000E+00 -0.30000E+03  0.56439E+01  0.12604E+00  0.17373E+02  0.35210E+00  0.00000E+00    200  0.00000E+00      0.000
       0.0500 -0.10000E+02  0.00000E+00 -0.43731E+01  0.00000E+00 -0.98391E-03 -0.50000E+00  0.00000E+00 -0.36166E+00  0.00000E+00 -0.49195E-04  0.00000E+00  0.00000E+00 -0.30000E+03  0.56269E+01  0.13834E+00  0.17383E+02  0.36166E+00  0.00000E+00    201  0.00000E+00      0.000
       0.0520 -0.10000E+02  0.00000E+00 -0.43945E+01  0.00000E+00 -0.98391E-03 -0.51957E+00  0.00000E+00 -0.37026E+00  0.00000E+00 -0.51121E-04  0.00000E+00  0.00000E+00 -0.30000E+03  0.56055E+01  0.14931E+00  0.17392E+02  0.37026E+00  0.00000E+00    202  0.00000E+00      0.000
       0.0539 -0.10000E+02  0.00000E+00 -0.44158E+01  0.00000E+00 -0.98391E-03 -0.53914E+00  0.00000E+00 -0.37890E+00  0.00000E+00 -0.53046E-04  0.00000E+00  0.00000E+00 -0.30000E+03  0.55842E+01  0.16023E+00  0.17400E+02  0.37890E+00  0.00000E+00    203  0.00000E+00      0.000
       0.0559 -0.10000E+02  0.00000E+00 -0.44466E+01  0.00000E+00 -0.98391E-03 -0.55870E+00  0.00000E+00 -0.38760E+00  0.00000E+00 -0.54971E-04  0.00000E+00  0.00000E+00 -0.30000E+03  0.55534E+01  0.17110E+00  0.17409E+02  0.38760E+00  0.00000E+00    204  0.00000E+00      0.000
       0.0578 -0.10000E+02  0.00000E+00 -0.44919E+01  0.00000E+00 -0.98391E-03 -0.57827E+00  0.00000E+00 -0.39639E+00  0.00000E+00 -0.56897E-04  0.00000E+00  0.00000E+00 -0.30000E+03  0.55081E+01  0.18188E+00  0.17418E+02  0.39639E+00  0.00000E+00    205  0.00000E+00      0.000
       0.0598 -0.10000E+02  0.00000E+00 -0.45403E+01  0.00000E+00 -0.98391E-03 -0.59784E+00  0.00000E+00 -0.40528E+00  0.00000E+00 -0.58822E-04  0.00000E+00  0.00000E+00 -0.30000E+03  0.54597E+01  0.19256E+00  0.17427E+02  0.40528E+00  0.00000E+00    206  0.00000E+00      0.000
       0.0617 -0.10000E+02  0.00000E+00 -0.45836E+01  0.00000E+00 -0.98391E-03 -0.61741E+00  0.00000E+00 -0.41425E+00  0.00000E+00 -0.60747E-04  0.00000E+00  0.00000E+00 -0.30000E+03  0.54164E+01  0.20316E+00  0.17435E+02  0.41425E+00  0.00000E+00    207  0.00000E+00      0.000
       0.0637 -0.10000E+02  0.00000E+00 -0.46174E+01  0.00000E+00 -0.98391E-03 -0.63698E+00  0.00000E+00 -0.42328E+00  0.00000E+00 -0.62672E-04  0.00000E+00  0.00000E+00 -0.30000E+03  0.53826E+01  0.21369E+00  0.17445E+02  0.42328E+00  0.00000E+00    208  0.00000E+00      0.000
       0.0657 -0.10000E+02  0.00000E+00 -0.46408E+01  0.00000E+00 -0.98391E-03 -0.65654E+00  0.00000E+00 -0.43236E+00  0.00000E+00 -0.64598E-04  0.00000E+00  0.00000E+00 -0.30000E+03  0.53592E+01  0.22418E+00  0.17454E+02  0.43236E+00  0.00000E+00    209  0.00000E+00      0.000
       0.0676 -0.10000E+02  0.00000E+00 -0.46638E+01  0.00000E+00 -0.98391E-03 -0.67611E+00  0.00000E+00 -0.44149E+00  0.00000E+00 -0.66523E-04  0.00000E+00  0.00000E+00 -0.30000E+03  0.53362E+01  0.23462E+00  0.17463E+02  0.44149E+00  0.00000E+00    210  0.00000E+00      0.000
       0.0696 -0.10000E+02  0.00000E+00 -0.46878E+01  0.00000E+00 -0.98391E-03 -0.69568E+00  0.00000E+00 -0.45066E+00  0.00000E+00 -0.68448E-04  0.00000E+00  0.00000E+00 -0.30000E+03  0.53122E+01  0.24502E+00  0.17472E+02  0.45066E+00  0.00000E+00    211  0.00000E+00      0.000
       0.0715 -0.10000E+02  0.00000E+00 -0.47102E+01  0.00000E+00 -0.98391E-03 -0.71525E+00  0.00000E+00 -0.45988E+00  0.00000E+00 -0.70374E-04  0.00000E+00  0.00000E+00 -0.30000E+03  0.52898E+01  0.25537E+00  0.17481E+02  0.45988E+00  0.00000E+00    212  0.00000E+00      0.000
       0.0735 -0.10000E+02  0.00000E+00 -0.47292E+01  0.00000E+00 -0.98391E-03 -0.73482E+00  0.00000E+00 -0.46913E+00  0.00000E+00 -0.72299E-04  0.00000E+00  0.00000E+00 -0.30000E+03  0.52708E+01  0.26568E+00  0.17490E+02  0.46913E+00  0.00000E+00    213  0.00000E+00      0.000
       0.0754 -0.10000E+02  0.00000E+00 -0.47432E+01  0.00000E+00 -0.98391E-03 -0.75438E+00  0.00000E+00 -0.47841E+00  0.00000E+00 -0.74224E-04  0.00000E+00  0.00000E+00 -0.30000E+03  0.52568E+01  0.27597E+00  0.17500E+02  0.47841E+00  0.00000E+00    214  0.00000E+00      0.000
       0.0774 -0.10000E+02  0.00000E+00 -0.47521E+01  0.00000E+00 -0.98391E-03 -0.77395E+00  0.00000E+00 -0.48771E+00  0.00000E+00 -0.76150E-04  0.00000E+00  0.00000E+00 -0.30000E+03  0.52479E+01  0.28624E+00  0.17509E+02  0.48771E+00  0.00000E+00    215  0.00000E+00      0.000
       0.0794 -0.10000E+02  0.00000E+00 -0.47563E+01  0.00000E+00 -0.98391E-03 -0.79352E+00  0.00000E+00 -0.49702E+00  0.00000E+00 -0.78075E-04  0.00000E+00  0.00000E+00 -0.30000E+03  0.52437E+01  0.29650E+00  0.17518E+02  0.49702E+00  0.00000E+00    216  0.00000E+00      0.000
       0.0819 -0.10000E+02  0.00000E+00 -0.47536E+01  0.00000E+00 -0.98391E-03 -0.81933E+00  0.00000E+00 -0.50929E+00  0.00000E+00 -0.80614E-04  0.00000E+00  0.00000E+00 -0.30000E+03  0.52464E+01  0.31004E+00  0.17531E+02  0.50929E+00  0.00000E+00    217  0.00000E+00      0.000
       0.0845 -0.10000E+02  0.00000E+00 -0.47460E+01  0.00000E+00 -0.98391E-03 -0.84514E+00  0.00000E+00 -0.52154E+00  0.00000E+00 -0.83154E-04  0.00000E+00  0.00000E+00 -0.30000E+03  0.52540E+01  0.32360E+00  0.17543E+02  0.52154E+00  0.00000E+00    218  0.00000E+00      0.000
       0.0871 -0.10000E+02  0.00000E+00 -0.47344E+01  0.00000E+00 -0.98391E-03 -0.87095E+00  0.00000E+00 -0.53376E+00  0.00000E+00 -0.85693E-04  0.00000E+00  0.00000E+00 -0.30000E+03  0.52656E+01  0.33719E+00  0.17555E+02  0.53376E+00  0.00000E+00    219  0.00000E+00      0.000
       0.0897 -0.10000E+02  0.00000E+00 -0.47204E+01  0.00000E+00 -0.98391E-03 -0.89676E+00  0.00000E+00 -0.54594E+00  0.00000E+00 -0.88233E-04  0.00000E+00  0.00000E+00 -0.30000E+03  0.52796E+01  0.35082E+00  0.17567E+02  0.54594E+00  0.00000E+00    220  0.00000E+00      0.000
       0.0923 -0.10000E+02  0.00000E+00 -0.47097E+01  0.00000E+00 -0.98391E-03 -0.92257E+00  0.00000E+00 -0.55810E+00  0.00000E+00 -0.90772E-04  0.00000E+00  0.00000E+00 -0.30000E+03  0.52903E+01  0.36447E+00  0.17579E+02  0.55810E+00  0.00000E+00    221  0.00000E+00      0.000
       0.0948 -0.10000E+02  0.00000E+00 -0.47025E+01  0.00000E+00 -0.98391E-03 -0.94838E+00  0.00000E+00 -0.57023E+00  0.00000E+00 -0.93312E-04  0.00000E+00  0.00000E+00 -0.30000E+03  0.52975E+01  0.37815E+00  0.17591E+02  0.57023E+00  0.00000E+00    222  0.00000E+00      0.000
       0.0974 -0.10000E+02  0.00000E+00 -0.46975E+01  0.00000E+00 -0.98391E-03 -0.97419E+00  0.00000E+00 -0.58236E+00  0.00000E+00 -0.95851E-04  0.00000E+00  0.00000E+00 -0.30000E+03  0.53025E+01  0.39183E+00  0.17604E+02  0.58236E+00  0.00000E+00    223  0.00000E+00      0.000
       0.1000 -0.10000E+02  0.00000E+00 -0.46919E+01  0.00000E+00 -0.98391E-03 -0.10000E+01  0.00000E+00 -0.59447E+00  0.00000E+00 -0.98391E-04  0.00000E+00  0.00000E+00 -0.30000E+03  0.53081E+01  0.40553E+00  0.17616E+02  0.59447E+00  0.00000E+00    224  0.00000E+00      0.000
       0.1033 -0.10000E+02  0.00000E+00 -0.46822E+01  0.00000E+00 -0.98391E-03 -0.10331E+01  0.00000E+00 -0.60995E+00  0.00000E+00 -0.10164E-03  0.00000E+00  0.00000E+00 -0.30000E+03  0.53178E+01  0.42312E+00  0.17631E+02  0.60995E+00  0.00000E+00    225  0.00000E+00      0.000
       0.1066 -0.10000E+02  0.00000E+00 -0.46698E+01  0.00000E+00 -0.98391E-03 -0.10661E+01  0.00000E+00 -0.62540E+00  0.00000E+00 -0.10490E-03  0.00000E+00  0.00000E+00 -0.30000E+03  0.53302E+01  0.44074E+00  0.17647E+02  0.62540E+00  0.00000E+00    226  0.00000E+00      0.000
       0.1099 -0.10000E+02  0.00000E+00 -0.46554E+01  0.00000E+00 -0.98391E-03 -0.10992E+01  0.00000E+00 -0.64079E+00  0.00000E+00 -0.10815E-03  0.00000E+00  0.00000E+00 -0.30000E+03  0.53446E+01  0.45842E+00  0.17662E+02  0.64079E+00  0.00000E+00    227  0.00000E+00      0.000
       0.1132 -0.10000E+02  0.00000E+00 -0.46397E+01  0.00000E+00 -0.98391E-03 -0.11323E+01  0.00000E+00 -0.65613E+00  0.00000E+00 -0.11141E-03  0.00000E+00  0.00000E+00 -0.30000E+03  0.53603E+01  0.47615E+00  0.17677E+02  0.65613E+00  0.00000E+00    228  0.00000E+00      0.000
       0.1165 -0.10000E+02  0.00000E+00 -0.46230E+01  0.00000E+00 -0.98391E-03 -0.11653E+01  0.00000E+00 -0.67142E+00  0.00000E+00 -0.11466E-03  0.00000E+00  0.00000E+00 -0.30000E+03  0.53770E+01  0.49393E+00  0.17693E+02  0.67142E+00  0.00000E+00    229  0.00000E+00      0.000
       0.1199 -0.10000E+02  0.00000E+00 -0.46051E+01  0.00000E+00 -0.98391E-03 -0.11988E+01  0.00000E+00 -0.68683E+00  0.00000E+00 -0.11795E-03  0.00000E+00  0.00000E+00 -0.30000E+03  0.53949E+01  0.51198E+00  0.17708E+02  0.68683E+00  0.00000E+00    230  0.00000E+00      0.000
       0.1232 -0.10000E+02  0.00000E+00 -0.45866E+01  0.00000E+00 -0.98391E-03 -0.12323E+01  0.00000E+00 -0.70218E+00  0.00000E+00 -0.12124E-03  0.00000E+00  0.00000E+00 -0.30000E+03  0.54134E+01  0.53010E+00  0.17723E+02  0.70218E+00  0.00000E+00    231  0.00000E+00      0.000
       0.1266 -0.10000E+02  0.00000E+00 -0.45676E+01  0.00000E+00 -0.98391E-03 -0.12657E+01  0.00000E+00 -0.71747E+00  0.00000E+00 -0.12454E-03  0.00000E+00  0.00000E+00 -0.30000E+03  0.54324E+01  0.54828E+00  0.17739E+02  0.71747E+00  0.00000E+00    232  0.00000E+00      0.000
       0.1299 -0.10000E+02  0.00000E+00 -0.45482E+01  0.00000E+00 -0.98391E-03 -0.12992E+01  0.00000E+00 -0.73269E+00  0.00000E+00 -0.12783E-03  0.00000E+00  0.00000E+00 -0.30000E+03  0.54518E+01  0.56652E+00  0.17754E+02  0.73269E+00  0.00000E+00    233  0.00000E+00      0.000
       0.1333 -0.10000E+02  0.00000E+00 -0.45285E+01  0.00000E+00 -0.98391E-03 -0.13327E+01  0.00000E+00 -0.74784E+00  0.00000E+00 -0.13112E-03  0.00000E+00  0.00000E+00 -0.30000E+03  0.54715E+01  0.58483E+00  0.17769E+02  0.74784E+00  0.00000E+00    234  0.00000E+00      0.000
       0.1366 -0.10000E+02  0.00000E+00 -0.45090E+01  0.00000E+00 -0.98391E-03 -0.13661E+01  0.00000E+00 -0.76293E+00  0.00000E+00 -0.13442E-03  0.00000E+00  0.00000E+00 -0.30000E+03  0.54910E+01  0.60321E+00  0.17784E+02  0.76293E+00  0.00000E+00    235  0.00000E+00      0.000
       0.1400 -0.10000E+02  0.00000E+00 -0.44942E+01  0.00000E+00 -0.98391E-03 -0.13996E+01  0.00000E+00 -0.77797E+00  0.00000E+00 -0.13771E-03  0.00000E+00  0.00000E+00 -0.30000E+03  0.55058E+01  0.62163E+00  0.17799E+02  0.77797E+00  0.00000E+00    236  0.00000E+00      0.000
       0.1433 -0.10000E+02  0.00000E+00 -0.44818E+01  0.00000E+00 -0.98391E-03 -0.14331E+01  0.00000E+00 -0.79297E+00  0.00000E+00 -0.14100E-03  0.00000E+00  0.00000E+00 -0.30000E+03  0.55182E+01  0.64010E+00  0.17814E+02  0.79297E+00  0.00000E+00    237  0.00000E+00      0.000
       0.1467 -0.10000E+02  0.00000E+00 -0.44714E+01  0.00000E+00 -0.98391E-03 -0.14665E+01  0.00000E+00 -0.80793E+00  0.00000E+00 -0.14429E-03  0.00000E+00  0.00000E+00 -0.30000E+03  0.55286E+01  0.65860E+00  0.17829E+02  0.80793E+00  0.00000E+00    238  0.00000E+00      0.000
       0.1500 -0.10000E+02  0.00000E+00 -0.44610E+01  0.00000E+00 -0.98391E-03 -0.15000E+01  0.00000E+00 -0.82286E+00  0.00000E+00 -0.14759E-03  0.00000E+00  0.00000E+00 -0.30000E+03  0.55390E+01  0.67714E+00  0.17844E+02  0.82286E+00  0.00000E+00    239  0.00000E+00      0.000
       0.1533 -0.10000E+02  0.00000E+00 -0.44503E+01  0.00000E+00 -0.98391E-03 -0.15331E+01  0.00000E+00 -0.83758E+00  0.00000E+00 -0.15084E-03  0.00000E+00  0.00000E+00 -0.30000E+03  0.55497E+01  0.69549E+00  0.17859E+02  0.83758E+00  0.00000E+00    240  0.00000E+00      0.000
       0.1566 -0.10000E+02  0.00000E+00 -0.44390E+01  0.00000E+00 -0.98391E-03 -0.15661E+01  0.00000E+00 -0.85226E+00  0.00000E+00 -0.15409E-03  0.00000E+00  0.00000E+00 -0.30000E+03  0.55610E+01  0.71388E+00  0.17873E+02  0.85226E+00  0.00000E+00    241  0.00000E+00      0.000
       0.1599 -0.10000E+02  0.00000E+00 -0.44272E+01  0.00000E+00 -0.98391E-03 -0.15992E+01  0.00000E+00 -0.86690E+00  0.00000E+00 -0.15735E-03  0.00000E+00  0.00000E+00 -0.30000E+03  0.55728E+01  0.73231E+00  0.17888E+02  0.86690E+00  0.00000E+00    242  0.00000E+00      0.000
       0.1632 -0.10000E+02  0.00000E+00 -0.44156E+01  0.00000E+00 -0.98391E-03 -0.16323E+01  0.00000E+00 -0.88150E+00  0.00000E+00 -0.16060E-03  0.00000E+00  0.00000E+00 -0.30000E+03  0.55844E+01  0.75078E+00  0.17903E+02  0.88150E+00  0.00000E+00    243  0.00000E+00      0.000
       0.1665 -0.10000E+02  0.00000E+00 -0.44040E+01  0.00000E+00 -0.98391E-03 -0.16653E+01  0.00000E+00 -0.89607E+00  0.00000E+00 -0.16385E-03  0.00000E+00  0.00000E+00 -0.30000E+03  0.55960E+01  0.76928E+00  0.17917E+02  0.89607E+00  0.00000E+00    244  0.00000E+00      0.000
       0.1707 -0.10000E+02  0.00000E+00 -0.43900E+01  0.00000E+00 -0.98391E-03 -0.17072E+01  0.00000E+00 -0.91443E+00  0.00000E+00 -0.16797E-03  0.00000E+00  0.00000E+00 -0.30000E+03  0.56100E+01  0.79275E+00  0.17936E+02  0.91443E+00  0.00000E+00    245  0.00000E+00      0.000
       0.1749 -0.10000E+02  0.00000E+00 -0.43754E+01  0.00000E+00 -0.98391E-03 -0.17490E+01  0.00000E+00 -0.93273E+00  0.00000E+00 -0.17209E-03  0.00000E+00  0.00000E+00 -0.30000E+03  0.56246E+01  0.81628E+00  0.17954E+02  0.93273E+00  0.00000E+00    246  0.00000E+00      0.000
       0.1791 -0.10000E+02  0.00000E+00 -0.43605E+01  0.00000E+00 -0.98391E-03 -0.17908E+01  0.00000E+00 -0.95097E+00  0.00000E+00 -0.17620E-03  0.00000E+00  0.00000E+00 -0.30000E+03  0.56395E+01  0.83987E+00  0.17972E+02  0.95097E+00  0.00000E+00    247  0.00000E+00      0.000
       0.1833 -0.10000E+02  0.00000E+00 -0.43454E+01  0.00000E+00 -0.98391E-03 -0.18327E+01  0.00000E+00 -0.96915E+00  0.00000E+00 -0.18032E-03  0.00000E+00  0.00000E+00 -0.30000E+03  0.56546E+01  0.86352E+00  0.17990E+02  0.96915E+00  0.00000E+00    248  0.00000E+00      0.000
       0.1875 -0.10000E+02  0.00000E+00 -0.43305E+01  0.00000E+00 -0.98391E-03 -0.18745E+01  0.00000E+00 -0.98727E+00  0.00000E+00 -0.18443E-03  0.00000E+00  0.00000E+00 -0.30000E+03  0.56695E+01  0.88724E+00  0.18008E+02  0.98727E+00  0.00000E+00    249  0.00000E+00      0.000
       0.1916 -0.10000E+02  0.00000E+00 -0.43160E+01  0.00000E+00 -0.98391E-03 -0.19163E+01  0.00000E+00 -0.10053E+01  0.00000E+00 -0.18855E-03  0.00000E+00  0.00000E+00 -0.30000E+03  0.56840E+01  0.91102E+00  0.18026E+02  0.10053E+01  0.00000E+00    250  0.00000E+00      0.000
       0.1958 -0.10000E+02  0.00000E+00 -0.43017E+01  0.00000E+00 -0.98391E-03 -0.19582E+01  0.00000E+00 -0.10233E+01  0.00000E+00 -0.19267E-03  0.00000E+00  0.00000E+00 -0.30000E+03  0.56983E+01  0.93485E+00  0.18044E+02  0.10233E+01  0.00000E+00    251  0.00000E+00      0.000
       0.2000 -0.10000E+02  0.00000E+00 -0.42873E+01  0.00000E+00 -0.98391E-03 -0.20000E+01  0.00000E+00 -0.10413E+01  0.00000E+00 -0.19678E-03  0.00000E+00  0.00000E+00 -0.30000E+03  0.57127E+01  0.95875E+00  0.18062E+02  0.10413E+01  0.00000E+00    252  0.00000E+00      0.000
       0.2043 -0.10000E+02  0.00000E+00 -0.42735E+01  0.00000E+00 -0.98391E-03 -0.20430E+01  0.00000E+00 -0.10596E+01  0.00000E+00 -0.20101E-03  0.00000E+00  0.00000E+00 -0.30000E+03  0.57265E+01  0.98337E+00  0.18081E+02  0.10596E+01  0.00000E+00    253  0.00000E+00      0.000
       0.2086 -0.10000E+02  0.00000E+00 -0.42600E+01  0.00000E+00 -0.98391E-03 -0.20860E+01  0.00000E+00 -0.10779E+01  0.00000E+00 -0.20524E-03  0.00000E+00  0.00000E+00 -0.30000E+03  0.57400E+01  0.10080E+01  0.18099E+02  0.10779E+01  0.00000E+00    254  0.00000E+00      0.000
       0.2127 -0.10000E+02  0.00000E+00 -0.42473E+01  0.00000E+00 -0.98391E-03 -0.21274E+01  0.00000E+00 -0.10955E+01  0.00000E+00 -0.20931E-03  0.00000E+00  0.00000E+00 -0.30000E+03  0.57527E+01  0.10319E+01  0.18117E+02  0.10955E+01  0.00000E+00    255  0.00000E+00      0.000
       0.2169 -0.10000E+02  0.00000E+00 -0.42349E+01  0.00000E+00 -0.98391E-03 -0.21688E+01  0.00000E+00 -0.11131E+01  0.00000E+00 -0.21339E-03  0.00000E+00  0.00000E+00 -0.30000E+03  0.57651E+01  0.10557E+01  0.18134E+02  0.11131E+01  0.00000E+00    256  0.00000E+00      0.000
       0.2210 -0.10000E+02  0.00000E+00 -0.42225E+01  0.00000E+00 -0.98391E-03 -0.22102E+01  0.00000E+00 -0.11305E+01  0.00000E+00 -0.21746E-03  0.00000E+00  0.00000E+00 -0.30000E+03  0.57775E+01  0.10797E+01  0.18152E+02  0.11305E+01  0.00000E+00    257  0.00000E+00      0.000
       0.2252 -0.10000E+02  0.00000E+00 -0.42103E+01  0.00000E+00 -0.98391E-03 -0.22516E+01  0.00000E+00 -0.11480E+01  0.00000E+00 -0.22154E-03  0.00000E+00  0.00000E+00 -0.30000E+03  0.57897E+01  0.11036E+01  0.18169E+02  0.11480E+01  0.00000E+00    258  0.00000E+00      0.000
       0.2293 -0.10000E+02  0.00000E+00 -0.41996E+01  0.00000E+00 -0.98391E-03 -0.22930E+01  0.00000E+00 -0.11654E+01  0.00000E+00 -0.22561E-03  0.00000E+00  0.00000E+00 -0.30000E+03  0.58004E+01  0.11276E+01  0.18186E+02  0.11654E+01  0.00000E+00    259  0.00000E+00      0.000
       0.2345 -0.10000E+02  0.00000E+00 -0.41880E+01  0.00000E+00 -0.98391E-03 -0.23447E+01  0.00000E+00 -0.11870E+01  0.00000E+00 -0.23070E-03  0.00000E+00  0.00000E+00 -0.30000E+03  0.58120E+01  0.11577E+01  0.18208E+02  0.11870E+01  0.00000E+00    260  0.00000E+00      0.000
       0.2396 -0.10000E+02  0.00000E+00 -0.41764E+01  0.00000E+00 -0.98391E-03 -0.23965E+01  0.00000E+00 -0.12086E+01  0.00000E+00 -0.23579E-03  0.00000E+00  0.00000E+00 -0.30000E+03  0.58236E+01  0.11879E+01  0.18230E+02  0.12086E+01  0.00000E+00    261  0.00000E+00      0.000
       0.2448 -0.10000E+02  0.00000E+00 -0.41648E+01  0.00000E+00 -0.98391E-03 -0.24482E+01  0.00000E+00 -0.12302E+01  0.00000E+00 -0.24088E-03  0.00000E+00  0.00000E+00 -0.30000E+03  0.58352E+01  0.12181E+01  0.18251E+02  0.12302E+01  0.00000E+00    262  0.00000E+00      0.000
       0.2500 -0.10000E+02  0.00000E+00 -0.41532E+01  0.00000E+00 -0.98391E-03 -0.25000E+01  0.00000E+00 -0.12517E+01  0.00000E+00 -0.24598E-03  0.00000E+00  0.00000E+00 -0.30000E+03  0.58468E+01  0.12483E+01  0.18273E+02  0.12517E+01  0.00000E+00    263  0.00000E+00      0.000
       0.2556 -0.10000E+02  0.00000E+00 -0.41406E+01  0.00000E+00 -0.98391E-03 -0.25556E+01  0.00000E+00 -0.12747E+01  0.00000E+00 -0.25144E-03  0.00000E+00  0.00000E+00 -0.30000E+03  0.58594E+01  0.12809E+01  0.18296E+02  0.12747E+01  0.00000E+00    264  0.00000E+00      0.000
       0.2611 -0.10000E+02  0.00000E+00 -0.41286E+01  0.00000E+00 -0.98391E-03 -0.26111E+01  0.00000E+00 -0.12976E+01  0.00000E+00 -0.25691E-03  0.00000E+00  0.00000E+00 -0.30000E+03  0.58714E+01  0.13135E+01  0.18319E+02  0.12976E+01  0.00000E+00    265  0.00000E+00      0.000
       0.2667 -0.10000E+02  0.00000E+00 -0.41168E+01  0.00000E+00 -0.98391E-03 -0.26667E+01  0.00000E+00 -0.13205E+01  0.00000E+00 -0.26238E-03  0.00000E+00  0.00000E+00 -0.30000E+03  0.58832E+01  0.13462E+01  0.18342E+02  0.13205E+01  0.00000E+00    266  0.00000E+00      0.000
       0.2722 -0.10000E+02  0.00000E+00 -0.41050E+01  0.00000E+00 -0.98391E-03 -0.27222E+01  0.00000E+00 -0.13433E+01  0.00000E+00 -0.26784E-03  0.00000E+00  0.00000E+00 -0.30000E+03  0.58950E+01  0.13789E+01  0.18364E+02  0.13433E+01  0.00000E+00    267  0.00000E+00      0.000
       0.2778 -0.10000E+02  0.00000E+00 -0.40932E+01  0.00000E+00 -0.98391E-03 -0.27778E+01  0.00000E+00 -0.13660E+01  0.00000E+00 -0.27331E-03  0.00000E+00  0.00000E+00 -0.30000E+03  0.59068E+01  0.14117E+01  0.18387E+02  0.13660E+01  0.00000E+00    268  0.00000E+00      0.000
       0.2833 -0.10000E+02  0.00000E+00 -0.40815E+01  0.00000E+00 -0.98391E-03 -0.28333E+01  0.00000E+00 -0.13887E+01  0.00000E+00 -0.27877E-03  0.00000E+00  0.00000E+00 -0.30000E+03  0.59185E+01  0.14446E+01  0.18410E+02  0.13887E+01  0.00000E+00    269  0.00000E+00      0.000
       0.2889 -0.10000E+02  0.00000E+00 -0.40700E+01  0.00000E+00 -0.98391E-03 -0.28889E+01  0.00000E+00 -0.14113E+01  0.00000E+00 -0.28424E-03  0.00000E+00  0.00000E+00 -0.30000E+03  0.59300E+01  0.14776E+01  0.18432E+02  0.14113E+01  0.00000E+00    270  0.00000E+00      0.000
       0.2944 -0.10000E+02  0.00000E+00 -0.40588E+01  0.00000E+00 -0.98391E-03 -0.29444E+01  0.00000E+00 -0.14339E+01  0.00000E+00 -0.28971E-03  0.00000E+00  0.00000E+00 -0.30000E+03  0.59412E+01  0.15106E+01  0.18455E+02  0.14339E+01  0.00000E+00    271  0.00000E+00      0.000
       0.3000 -0.10000E+02  0.00000E+00 -0.40477E+01  0.00000E+00 -0.98391E-03 -0.30000E+01  0.00000E+00 -0.14564E+01  0.00000E+00 -0.29517E-03  0.00000E+00  0.00000E+00 -0.30000E+03  0.59523E+01  0.15436E+01  0.18477E+02  0.14564E+01  0.00000E+00    272  0.00000E+00      0.000
       0.3056 -0.10000E+02  0.00000E+00 -0.40367E+01  0.00000E+00 -0.98391E-03 -0.30556E+01  0.00000E+00 -0.14788E+01  0.00000E+00 -0.30064E-03  0.00000E+00  0.00000E+00 -0.30000E+03  0.59633E+01  0.15768E+01  0.18500E+02  0.14788E+01  0.00000E+00    273  0.00000E+00      0.000
       0.3111 -0.10000E+02  0.00000E+00 -0.40268E+01  0.00000E+00 -0.98391E-03 -0.31111E+01  0.00000E+00 -0.15012E+01  0.00000E+00 -0.30610E-03  0.00000E+00  0.00000E+00 -0.30000E+03  0.59732E+01  0.16099E+01  0.18522E+02  0.15012E+01  0.00000E+00    274  0.00000E+00      0.000
       0.3189 -0.10000E+02  0.00000E+00 -0.40137E+01  0.00000E+00 -0.98391E-03 -0.31889E+01  0.00000E+00 -0.15324E+01  0.00000E+00 -0.31376E-03  0.00000E+00  0.00000E+00 -0.30000E+03  0.59863E+01  0.16565E+01  0.18553E+02  0.15324E+01  0.00000E+00    275  0.00000E+00      0.000
       0.3267 -0.10000E+02  0.00000E+00 -0.40010E+01  0.00000E+00 -0.98391E-03 -0.32667E+01  0.00000E+00 -0.15635E+01  0.00000E+00 -0.32141E-03  0.00000E+00  0.00000E+00 -0.30000E+03  0.59990E+01  0.17032E+01  0.18584E+02  0.15635E+01  0.00000E+00    276  0.00000E+00      0.000
       0.3344 -0.10000E+02  0.00000E+00 -0.39886E+01  0.00000E+00 -0.98391E-03 -0.33444E+01  0.00000E+00 -0.15945E+01  0.00000E+00 -0.32906E-03  0.00000E+00  0.00000E+00 -0.30000E+03  0.60114E+01  0.17499E+01  0.18616E+02  0.15945E+01  0.00000E+00    277  0.00000E+00      0.000
       0.3422 -0.10000E+02  0.00000E+00 -0.39760E+01  0.00000E+00 -0.98391E-03 -0.34222E+01  0.00000E+00 -0.16254E+01  0.00000E+00 -0.33672E-03  0.00000E+00  0.00000E+00 -0.30000E+03  0.60240E+01  0.17968E+01  0.18646E+02  0.16254E+01  0.00000E+00    278  0.00000E+00      0.000
       0.3500 -0.10000E+02  0.00000E+00 -0.39637E+01  0.00000E+00 -0.98391E-03 -0.35000E+01  0.00000E+00 -0.16563E+01  0.00000E+00 -0.34437E-03  0.00000E+00  0.00000E+00 -0.30000E+03  0.60363E+01  0.18437E+01  0.18677E+02  0.16563E+01  0.00000E+00    279  0.00000E+00      0.000
       0.3571 -0.10000E+02  0.00000E+00 -0.39526E+01  0.00000E+00 -0.98391E-03 -0.35714E+01  0.00000E+00 -0.16845E+01  0.00000E+00 -0.35140E-03  0.00000E+00  0.00000E+00 -0.30000E+03  0.60474E+01  0.18869E+01  0.18705E+02  0.16845E+01  0.00000E+00    280  0.00000E+00      0.000
       0.3643 -0.10000E+02  0.00000E+00 -0.39416E+01  0.00000E+00 -0.98391E-03 -0.36429E+01  0.00000E+00 -0.17127E+01  0.00000E+00 -0.35842E-03  0.00000E+00  0.00000E+00 -0.30000E+03  0.60584E+01  0.19302E+01  0.18734E+02  0.17127E+01  0.00000E+00    281  0.00000E+00      0.000
       0.3714 -0.10000E+02  0.00000E+00 -0.39307E+01  0.00000E+00 -0.98391E-03 -0.37143E+01  0.00000E+00 -0.17407E+01  0.00000E+00 -0.36545E-03  0.00000E+00  0.00000E+00 -0.30000E+03  0.60693E+01  0.19735E+01  0.18762E+02  0.17407E+01  0.00000E+00    282  0.00000E+00      0.000
       0.3786 -0.10000E+02  0.00000E+00 -0.39199E+01  0.00000E+00 -0.98391E-03 -0.37857E+01  0.00000E+00 -0.17687E+01  0.00000E+00 -0.37248E-03  0.00000E+00  0.00000E+00 -0.30000E+03  0.60801E+01  0.20170E+01  0.18790E+02  0.17687E+01  0.00000E+00    283  0.00000E+00      0.000
       0.3857 -0.10000E+02  0.00000E+00 -0.39093E+01  0.00000E+00 -0.98391E-03 -0.38571E+01  0.00000E+00 -0.17967E+01  0.00000E+00 -0.37951E-03  0.00000E+00  0.00000E+00 -0.30000E+03  0.60907E+01  0.20605E+01  0.18818E+02  0.17967E+01  0.00000E+00    284  0.00000E+00      0.000
       0.3929 -0.10000E+02  0.00000E+00 -0.38989E+01  0.00000E+00 -0.98391E-03 -0.39286E+01  0.00000E+00 -0.18245E+01  0.00000E+00 -0.38654E-03  0.00000E+00  0.00000E+00 -0.30000E+03  0.61011E+01  0.21041E+01  0.18845E+02  0.18245E+01  0.00000E+00    285  0.00000E+00      0.000
       0.4000 -0.10000E+02  0.00000E+00 -0.38886E+01  0.00000E+00 -0.98391E-03 -0.40000E+01  0.00000E+00 -0.18523E+01  0.00000E+00 -0.39356E-03  0.00000E+00  0.00000E+00 -0.30000E+03  0.61114E+01  0.21477E+01  0.18873E+02  0.18523E+01  0.00000E+00    286  0.00000E+00      0.000
       0.4071 -0.10000E+02  0.00000E+00 -0.38786E+01  0.00000E+00 -0.98391E-03 -0.40714E+01  0.00000E+00 -0.18800E+01  0.00000E+00 -0.40059E-03  0.00000E+00  0.00000E+00 -0.30000E+03  0.61214E+01  0.21914E+01  0.18901E+02  0.18800E+01  0.00000E+00    287  0.00000E+00      0.000
       0.4143 -0.10000E+02  0.00000E+00 -0.38695E+01  0.00000E+00 -0.98391E-03 -0.41429E+01  0.00000E+00 -0.19076E+01  0.00000E+00 -0.40762E-03  0.00000E+00  0.00000E+00 -0.30000E+03  0.61305E+01  0.22352E+01  0.18929E+02  0.19076E+01  0.00000E+00    288  0.00000E+00      0.000
       0.4214 -0.10000E+02  0.00000E+00 -0.38609E+01  0.00000E+00 -0.98391E-03 -0.42143E+01  0.00000E+00 -0.19352E+01  0.00000E+00 -0.41465E-03  0.00000E+00  0.00000E+00 -0.30000E+03  0.61391E+01  0.22791E+01  0.18956E+02  0.19352E+01  0.00000E+00    289  0.00000E+00      0.000
       0.4286 -0.10000E+02  0.00000E+00 -0.38524E+01  0.00000E+00 -0.98391E-03 -0.42857E+01  0.00000E+00 -0.19627E+01  0.00000E+00 -0.42167E-03  0.00000E+00  0.00000E+00 -0.30000E+03  0.61476E+01  0.23230E+01  0.18984E+02  0.19627E+01  0.00000E+00    290  0.00000E+00      0.000
       0.4357 -0.10000E+02  0.00000E+00 -0.38438E+01  0.00000E+00 -0.98391E-03 -0.43571E+01  0.00000E+00 -0.19902E+01  0.00000E+00 -0.42870E-03  0.00000E+00  0.00000E+00 -0.30000E+03  0.61562E+01  0.23670E+01  0.19011E+02  0.19902E+01  0.00000E+00    291  0.00000E+00      0.000
       0.4429 -0.10000E+02  0.00000E+00 -0.38354E+01  0.00000E+00 -0.98391E-03 -0.44286E+01  0.00000E+00 -0.20176E+01  0.00000E+00 -0.43573E-03  0.00000E+00  0.00000E+00 -0.30000E+03  0.61646E+01  0.24110E+01  0.19038E+02  0.20176E+01  0.00000E+00    292  0.00000E+00      0.000
       0.4500 -0.10000E+02  0.00000E+00 -0.38273E+01  0.00000E+00 -0.98391E-03 -0.45000E+01  0.00000E+00 -0.20449E+01  0.00000E+00 -0.44276E-03  0.00000E+00  0.00000E+00 -0.30000E+03  0.61727E+01  0.24551E+01  0.19066E+02  0.20449E+01  0.00000E+00    293  0.00000E+00      0.000
       0.4571 -0.10000E+02  0.00000E+00 -0.38193E+01  0.00000E+00 -0.98391E-03 -0.45714E+01  0.00000E+00 -0.20722E+01  0.00000E+00 -0.44979E-03  0.00000E+00  0.00000E+00 -0.30000E+03  0.61807E+01  0.24992E+01  0.19093E+02  0.20722E+01  0.00000E+00    294  0.00000E+00      0.000
       0.4643 -0.10000E+02  0.00000E+00 -0.38114E+01  0.00000E+00 -0.98391E-03 -0.46429E+01  0.00000E+00 -0.20994E+01  0.00000E+00 -0.45681E-03  0.00000E+00  0.00000E+00 -0.30000E+03  0.61886E+01  0.25434E+01  0.19120E+02  0.20994E+01  0.00000E+00    295  0.00000E+00      0.000
       0.4714 -0.10000E+02  0.00000E+00 -0.38035E+01  0.00000E+00 -0.98391E-03 -0.47143E+01  0.00000E+00 -0.21266E+01  0.00000E+00 -0.46384E-03  0.00000E+00  0.00000E+00 -0.30000E+03  0.61965E+01  0.25877E+01  0.19147E+02  0.21266E+01  0.00000E+00    296  0.00000E+00      0.000
       0.4786 -0.10000E+02  0.00000E+00 -0.37956E+01  0.00000E+00 -0.98391E-03 -0.47857E+01  0.00000E+00 -0.21537E+01  0.00000E+00 -0.47087E-03  0.00000E+00  0.00000E+00 -0.30000E+03  0.62044E+01  0.26320E+01  0.19175E+02  0.21537E+01  0.00000E+00    297  0.00000E+00      0.000
       0.4886 -0.10000E+02  0.00000E+00 -0.37853E+01  0.00000E+00 -0.98391E-03 -0.48857E+01  0.00000E+00 -0.21916E+01  0.00000E+00 -0.48071E-03  0.00000E+00  0.00000E+00 -0.30000E+03  0.62147E+01  0.26942E+01  0.19212E+02  0.21916E+01  0.00000E+00    298  0.00000E+00      0.000
       0.4943 -0.10000E+02  0.00000E+00 -0.37794E+01  0.00000E+00 -0.98391E-03 -0.49429E+01  0.00000E+00 -0.22131E+01  0.00000E+00 -0.48633E-03  0.00000E+00  0.00000E+00 -0.30000E+03  0.62206E+01  0.27297E+01  0.19234E+02  0.22131E+01  0.00000E+00    299  0.00000E+00      0.000
       0.5000 -0.10000E+02  0.00000E+00 -0.37735E+01  0.00000E+00 -0.98391E-03 -0.50000E+01  0.00000E+00 -0.22347E+01  0.00000E+00 -0.49195E-03  0.00000E+00  0.00000E+00 -0.30000E+03  0.62265E+01  0.27653E+01  0.19256E+02  0.22347E+01  0.00000E+00    300  0.00000E+00      0.000
       0.5100  0.00000E+00  0.00000E+00  0.23842E-06  0.00000E+00 -0.98391E-03 -0.50000E+01  0.00000E+00 -0.22347E+01  0.00000E+00 -0.50179E-03 -0.94848E+01  0.00000E+00 -0.30000E+03  0.00000E+00  0.27653E+01  0.19256E+02  0.22347E+01  0.23842E-08    301  0.00000E+00      0.000
       0.5167  0.00000E+00  0.00000E+00 -0.29802E-06  0.00000E+00 -0.98391E-03 -0.50000E+01  0.00000E+00 -0.22347E+01  0.00000E+00 -0.50835E-03 -0.12514E+02  0.00000E+00 -0.30000E+03  0.00000E+00  0.27653E+01  0.19256E+02  0.22347E+01  0.23842E-08    302  0.00000E+00      0.000
       0.5233  0.00000E+00  0.00000E+00  0.44703E-06  0.00000E+00 -0.98391E-03 -0.50000E+01  0.00000E+00 -0.22347E+01  0.00000E+00 -0.51491E-03 -0.14821E+02  0.00000E+00 -0.30000E+03  0.00000E+00  0.27653E+01  0.19255E+02  0.22347E+01  0.53644E-08    303  0.00000E+00      0.000
       0.5300  0.00000E+00  0.00000E+00  0.29802E-07  0.00000E+00 -0.98391E-03 -0.50000E+01  0.00000E+00 -0.22347E+01  0.00000E+00 -0.52147E-03 -0.16691E+02  0.00000E+00 -0.30000E+03  0.00000E+00  0.27653E+01  0.19255E+02  0.22347E+01  0.55631E-08    304  0.00000E+00      0.000
       0.5367  0.00000E+00  0.00000E+00 -0.61095E-06  0.00000E+00 -0.98391E-03 -0.50000E+01  0.00000E+00 -0.22347E+01  0.00000E+00 -0.52803E-03 -0.18275E+02  0.00000E+00 -0.30000E+03  0.00000E+00  0.27653E+01  0.19255E+02  0.22347E+01  0.55631E-08    305  0.00000E+00      0.000
       0.5433  0.00000E+00  0.00000E+00  0.59605E-07  0.00000E+00 -0.98391E-03 -0.50000E+01  0.00000E+00 -0.22347E+01  0.00000E+00 -0.53459E-03 -0.19687E+02  0.00000E+00 -0.30000E+03  0.00000E+00  0.27653E+01  0.19255E+02  0.22347E+01  0.59605E-08    306  0.00000E+00      0.000
       0.5500  0.00000E+00  0.00000E+00 -0.34273E-06  0.00000E+00 -0.98391E-03 -0.50000E+01  0.00000E+00 -0.22347E+01  0.00000E+00 -0.54115E-03 -0.20931E+02  0.00000E+00 -0.30000E+03  0.00000E+00  0.27653E+01  0.19255E+02  0.22347E+01  0.59605E-08    307  0.00000E+00      0.000
       0.5571  0.00000E+00  0.00000E+00  0.19372E-06  0.00000E+00 -0.98391E-03 -0.50000E+01  0.00000E+00 -0.22347E+01  0.00000E+00 -0.54818E-03 -0.22099E+02  0.00000E+00 -0.30000E+03  0.00000E+00  0.27653E+01  0.19255E+02  0.22347E+01  0.73441E-08    308  0.00000E+00      0.000
       0.5643  0.00000E+00  0.00000E+00 -0.34273E-06  0.00000E+00 -0.98391E-03 -0.50000E+01  0.00000E+00 -0.22347E+01  0.00000E+00 -0.55520E-03 -0.23177E+02  0.00000E+00 -0.30000E+03  0.00000E+00  0.27653E+01  0.19255E+02  0.22347E+01  0.73441E-08    309  0.00000E+00      0.000
       0.5714  0.00000E+00  0.00000E+00 -0.35018E-06  0.00000E+00 -0.98391E-03 -0.50000E+01  0.00000E+00 -0.22347E+01  0.00000E+00 -0.56223E-03 -0.24210E+02  0.00000E+00 -0.30000E+03  0.00000E+00  0.27653E+01  0.19255E+02  0.22347E+01  0.73441E-08    310  0.00000E+00      0.000
       0.5786  0.00000E+00  0.00000E+00  0.52154E-07  0.00000E+00 -0.98391E-03 -0.50000E+01  0.00000E+00 -0.22347E+01  0.00000E+00 -0.56926E-03 -0.25188E+02  0.00000E+00 -0.30000E+03  0.00000E+00  0.27653E+01  0.19255E+02  0.22347E+01  0.77167E-08    311  0.00000E+00      0.000
       0.5886  0.00000E+00  0.00000E+00  0.22352E-06  0.00000E+00 -0.98391E-03 -0.50000E+01  0.00000E+00 -0.22347E+01  0.00000E+00 -0.57910E-03 -0.26406E+02  0.00000E+00 -0.30000E+03  0.00000E+00  0.27653E+01  0.19255E+02  0.22347E+01  0.99518E-08    312  0.00000E+00      0.000
       0.5943  0.00000E+00  0.00000E+00  0.18626E-06  0.00000E+00 -0.98391E-03 -0.50000E+01  0.00000E+00 -0.22347E+01  0.00000E+00 -0.58472E-03 -0.27057E+02  0.00000E+00 -0.30000E+03  0.00000E+00  0.27653E+01  0.19255E+02  0.22347E+01  0.11016E-07    313  0.00000E+00      0.000
       0.6000  0.00000E+00  0.00000E+00 -0.42468E-06  0.00000E+00 -0.98391E-03 -0.50000E+01  0.00000E+00 -0.22347E+01  0.00000E+00 -0.59034E-03 -0.27668E+02  0.00000E+00 -0.30000E+03  0.00000E+00  0.27653E+01  0.19255E+02  0.22347E+01  0.11016E-07    314  0.00000E+00      0.000
       0.6100  0.00000E+00  0.00000E+00  0.41723E-06  0.00000E+00 -0.98391E-03 -0.50000E+01  0.00000E+00 -0.22347E+01  0.00000E+00 -0.60018E-03 -0.28636E+02  0.00000E+00 -0.30000E+03  0.00000E+00  0.27653E+01  0.19255E+02  0.22347E+01  0.15189E-07    315  0.00000E+00      0.000
       0.6200  0.00000E+00  0.00000E+00 -0.17136E-06  0.00000E+00 -0.98391E-03 -0.50000E+01  0.00000E+00 -0.22347E+01  0.00000E+00 -0.61002E-03 -0.29554E+02  0.00000E+00 -0.30000E+03  0.00000E+00  0.27653E+01  0.19255E+02  0.22347E+01  0.15189E-07    316  0.00000E+00      0.000
       0.6300  0.00000E+00  0.00000E+00 -0.37625E-06  0.00000E+00 -0.98391E-03 -0.50000E+01  0.00000E+00 -0.22347E+01  0.00000E+00 -0.61986E-03 -0.30478E+02  0.00000E+00 -0.30000E+03  0.00000E+00  0.27653E+01  0.19255E+02  0.22347E+01  0.15189E-07    317  0.00000E+00      0.000
       0.6400  0.00000E+00  0.00000E+00 -0.33528E-07  0.00000E+00 -0.98391E-03 -0.50000E+01  0.00000E+00 -0.22347E+01  0.00000E+00 -0.62970E-03 -0.31363E+02  0.00000E+00 -0.30000E+03  0.00000E+00  0.27653E+01  0.19255E+02  0.22347E+01  0.15189E-07    318  0.00000E+00      0.000
       0.6500  0.00000E+00  0.00000E+00  0.10431E-06  0.00000E+00 -0.98391E-03 -0.50000E+01  0.00000E+00 -0.22347E+01  0.00000E+00 -0.63954E-03 -0.32187E+02  0.00000E+00 -0.30000E+03  0.00000E+00  0.27653E+01  0.19255E+02  0.22347E+01  0.16232E-07    319  0.00000E+00      0.000
       0.6600  0.00000E+00  0.00000E+00  0.14901E-06  0.00000E+00 -0.98391E-03 -0.50000E+01  0.00000E+00 -0.22347E+01  0.00000E+00 -0.64938E-03 -0.32961E+02  0.00000E+00 -0.30000E+03  0.00000E+00  0.27653E+01  0.19255E+02  0.22347E+01  0.17722E-07    320  0.00000E+00      0.000
       0.6700  0.00000E+00  0.00000E+00 -0.14529E-06  0.00000E+00 -0.98391E-03 -0.50000E+01  0.00000E+00 -0.22347E+01  0.00000E+00 -0.65922E-03 -0.33693E+02  0.00000E+00 -0.30000E+03  0.00000E+00  0.27653E+01  0.19255E+02  0.22347E+01  0.17722E-07    321  0.00000E+00      0.000
       0.6800  0.00000E+00  0.00000E+00 -0.17881E-06  0.00000E+00 -0.98391E-03 -0.50000E+01  0.00000E+00 -0.22347E+01  0.00000E+00 -0.66906E-03 -0.34386E+02  0.00000E+00 -0.30000E+03  0.00000E+00  0.27653E+01  0.19255E+02  0.22347E+01  0.17722E-07    322  0.00000E+00      0.000
       0.6900  0.00000E+00  0.00000E+00 -0.16764E-06  0.00000E+00 -0.98391E-03 -0.50000E+01  0.00000E+00 -0.22347E+01  0.00000E+00 -0.67890E-03 -0.35043E+02  0.00000E+00 -0.30000E+03  0.00000E+00  0.27653E+01  0.19255E+02  0.22347E+01  0.17722E-07    323  0.00000E+00      0.000
       0.7000  0.00000E+00  0.00000E+00 -0.33528E-07  0.00000E+00 -0.98391E-03 -0.50000E+01  0.00000E+00 -0.22347E+01  0.00000E+00 -0.68874E-03 -0.35668E+02  0.00000E+00 -0.30000E+03  0.00000E+00  0.27653E+01  0.19255E+02  0.22347E+01  0.17722E-07    324  0.00000E+00      0.000
       0.7100  0.00000E+00  0.00000E+00 -0.35018E-06  0.00000E+00 -0.98391E-03 -0.50000E+01  0.00000E+00 -0.22347E+01  0.00000E+00 -0.69857E-03 -0.36263E+02  0.00000E+00 -0.30000E+03  0.00000E+00  0.27653E+01  0.19255E+02  0.22347E+01  0.17722E-07    325  0.00000E+00      0.000
       0.7200  0.00000E+00  0.00000E+00  0.85682E-07  0.00000E+00 -0.98391E-03 -0.50000E+01  0.00000E+00 -0.22347E+01  0.00000E+00 -0.70841E-03 -0.36842E+02  0.00000E+00 -0.30000E+03  0.00000E+00  0.27653E+01  0.19255E+02  0.22347E+01  0.18579E-07    326  0.00000E+00      0.000
       0.7300  0.00000E+00  0.00000E+00  0.36135E-06  0.00000E+00 -0.98391E-03 -0.50000E+01  0.00000E+00 -0.22347E+01  0.00000E+00 -0.71825E-03 -0.37415E+02  0.00000E+00 -0.30000E+03  0.00000E+00  0.27653E+01  0.19255E+02  0.22347E+01  0.22192E-07    327  0.00000E+00      0.000
       0.7400  0.00000E+00  0.00000E+00  0.26822E-06  0.00000E+00 -0.98391E-03 -0.50000E+01  0.00000E+00 -0.22347E+01  0.00000E+00 -0.72809E-03 -0.38023E+02  0.00000E+00 -0.30000E+03  0.00000E+00  0.27653E+01  0.19255E+02  0.22347E+01  0.24874E-07    328  0.00000E+00      0.000
       0.7500  0.00000E+00  0.00000E+00 -0.18999E-06  0.00000E+00 -0.98391E-03 -0.50000E+01  0.00000E+00 -0.22347E+01  0.00000E+00 -0.73793E-03 -0.38640E+02  0.00000E+00 -0.30000E+03  0.00000E+00  0.27653E+01  0.19255E+02  0.22347E+01  0.24874E-07    329  0.00000E+00      0.000
       0.7600  0.00000E+00  0.00000E+00  0.25146E-06  0.00000E+00 -0.98391E-03 -0.50000E+01  0.00000E+00 -0.22347E+01  0.00000E+00 -0.74777E-03 -0.39224E+02  0.00000E+00 -0.30000E+03  0.00000E+00  0.27653E+01  0.19255E+02  0.22347E+01  0.27389E-07    330  0.00000E+00      0.000
       0.7700  0.00000E+00  0.00000E+00  0.65193E-07  0.00000E+00 -0.98391E-03 -0.50000E+01  0.00000E+00 -0.22347E+01  0.00000E+00 -0.75761E-03 -0.39783E+02  0.00000E+00 -0.30000E+03  0.00000E+00  0.27653E+01  0.19255E+02  0.22347E+01  0.28041E-07    331  0.00000E+00      0.000
       0.7800  0.00000E+00  0.00000E+00 -0.23842E-06  0.00000E+00 -0.98391E-03 -0.50000E+01  0.00000E+00 -0.22347E+01  0.00000E+00 -0.76745E-03 -0.40315E+02  0.00000E+00 -0.30000E+03  0.00000E+00  0.27653E+01  0.19255E+02  0.22347E+01  0.28041E-07    332  0.00000E+00      0.000
       0.7900  0.00000E+00  0.00000E+00  0.85682E-07  0.00000E+00 -0.98391E-03 -0.50000E+01  0.00000E+00 -0.22347E+01  0.00000E+00 -0.77729E-03 -0.40825E+02  0.00000E+00 -0.30000E+03  0.00000E+00  0.27653E+01  0.19255E+02  0.22347E+01  0.28898E-07    333  0.00000E+00      0.000
       0.8000  0.00000E+00  0.00000E+00 -0.59605E-07  0.00000E+00 -0.98391E-03 -0.50000E+01  0.00000E+00 -0.22347E+01  0.00000E+00 -0.78713E-03 -0.41314E+02  0.00000E+00 -0.30000E+03  0.00000E+00  0.27653E+01  0.19255E+02  0.22347E+01  0.28898E-07    334  0.00000E+00      0.000
       0.8100  0.00000E+00  0.00000E+00  0.23097E-06  0.00000E+00 -0.98391E-03 -0.50000E+01  0.00000E+00 -0.22347E+01  0.00000E+00 -0.79697E-03 -0.41783E+02  0.00000E+00 -0.30000E+03  0.00000E+00  0.27653E+01  0.19255E+02  0.22347E+01  0.31207E-07    335  0.00000E+00      0.000
       0.8200  0.00000E+00  0.00000E+00  0.27753E-06  0.00000E+00 -0.98391E-03 -0.50000E+01  0.00000E+00 -0.22347E+01  0.00000E+00 -0.80680E-03 -0.42235E+02  0.00000E+00 -0.30000E+03  0.00000E+00  0.27653E+01  0.19255E+02  0.22347E+01  0.33983E-07    336  0.00000E+00      0.000
       0.8300  0.00000E+00  0.00000E+00 -0.28312E-06  0.00000E+00 -0.98391E-03 -0.50000E+01  0.00000E+00 -0.22347E+01  0.00000E+00 -0.81664E-03 -0.42672E+02  0.00000E+00 -0.30000E+03  0.00000E+00  0.27653E+01  0.19255E+02  0.22347E+01  0.33983E-07    337  0.00000E+00      0.000
       0.8400  0.00000E+00  0.00000E+00 -0.17323E-06  0.00000E+00 -0.98391E-03 -0.50000E+01  0.00000E+00 -0.22347E+01  0.00000E+00 -0.82648E-03 -0.43095E+02  0.00000E+00 -0.30000E+03  0.00000E+00  0.27653E+01  0.19255E+02  0.22347E+01  0.33983E-07    338  0.00000E+00      0.000
       0.8500  0.00000E+00  0.00000E+00  0.21607E-06  0.00000E+00 -0.98391E-03 -0.50000E+01  0.00000E+00 -0.22347E+01  0.00000E+00 -0.83632E-03 -0.43509E+02  0.00000E+00 -0.30000E+03  0.00000E+00  0.27653E+01  0.19255E+02  0.22347E+01  0.36143E-07    339  0.00000E+00      0.000
       0.8600  0.00000E+00  0.00000E+00 -0.14342E-06  0.00000E+00 -0.98391E-03 -0.50000E+01  0.00000E+00 -0.22347E+01  0.00000E+00 -0.84616E-03 -0.43911E+02  0.00000E+00 -0.30000E+03  0.00000E+00  0.27653E+01  0.19255E+02  0.22347E+01  0.36143E-07    340  0.00000E+00      0.000
       0.8700  0.00000E+00  0.00000E+00 -0.23842E-06  0.00000E+00 -0.98391E-03 -0.50000E+01  0.00000E+00 -0.22347E+01  0.00000E+00 -0.85600E-03 -0.44305E+02  0.00000E+00 -0.30000E+03  0.00000E+00  0.27653E+01  0.19255E+02  0.22347E+01  0.36143E-07    341  0.00000E+00      0.000
       0.8800  0.00000E+00  0.00000E+00  0.14529E-06  0.00000E+00 -0.98391E-03 -0.50000E+01  0.00000E+00 -0.22347E+01  0.00000E+00 -0.86584E-03 -0.44691E+02  0.00000E+00 -0.30000E+03  0.00000E+00  0.27653E+01  0.19255E+02  0.22347E+01  0.37596E-07    342  0.00000E+00      0.000
       0.8900  0.00000E+00  0.00000E+00  0.29244E-06  0.00000E+00 -0.98391E-03 -0.50000E+01  0.00000E+00 -0.22347E+01  0.00000E+00 -0.87568E-03 -0.45068E+02  0.00000E+00 -0.30000E+03  0.00000E+00  0.27653E+01  0.19255E+02  0.22347E+01  0.40521E-07    343  0.00000E+00      0.000
       0.9000  0.00000E+00  0.00000E+00  0.18626E-06  0.00000E+00 -0.98391E-03 -0.50000E+01  0.00000E+00 -0.22347E+01  0.00000E+00 -0.88552E-03 -0.45437E+02  0.00000E+00 -0.30000E+03  0.00000E+00  0.27653E+01  0.19255E+02  0.22347E+01  0.42383E-07    344  0.00000E+00      0.000
       0.9100  0.00000E+00  0.00000E+00 -0.39488E-06  0.00000E+00 -0.98391E-03 -0.50000E+01  0.00000E+00 -0.22347E+01  0.00000E+00 -0.89536E-03 -0.45799E+02  0.00000E+00 -0.30000E+03  0.00000E+00  0.27653E+01  0.19255E+02  0.22347E+01  0.42383E-07    345  0.00000E+00      0.000
       0.9200  0.00000E+00  0.00000E+00 -0.20862E-06  0.00000E+00 -0.98391E-03 -0.50000E+01  0.00000E+00 -0.22347E+01  0.00000E+00 -0.90519E-03 -0.46153E+02  0.00000E+00 -0.30000E+03  0.00000E+00  0.27653E+01  0.19255E+02  0.22347E+01  0.42383E-07    346  0.00000E+00      0.000
       0.9300  0.00000E+00  0.00000E+00  0.35763E-06  0.00000E+00 -0.98391E-03 -0.50000E+01  0.00000E+00 -0.22347E+01  0.00000E+00 -0.91503E-03 -0.46499E+02  0.00000E+00 -0.30000E+03  0.00000E+00  0.27653E+01  0.19255E+02  0.22347E+01  0.45959E-07    347  0.00000E+00      0.000
       0.9400  0.00000E+00  0.00000E+00  0.72643E-07  0.00000E+00 -0.98391E-03 -0.50000E+01  0.00000E+00 -0.22347E+01  0.00000E+00 -0.92487E-03 -0.46852E+02  0.00000E+00 -0.30000E+03  0.00000E+00  0.27653E+01  0.19255E+02  0.22347E+01  0.46686E-07    348  0.00000E+00      0.000
       0.9500  0.00000E+00  0.00000E+00 -0.39302E-06  0.00000E+00 -0.98391E-03 -0.50000E+01  0.00000E+00 -0.22347E+01  0.00000E+00 -0.93471E-03 -0.47206E+02  0.00000E+00 -0.30000E+03  0.00000E+00  0.27653E+01  0.19255E+02  0.22347E+01  0.46686E-07    349  0.00000E+00      0.000
       0.9600  0.00000E+00  0.00000E+00 -0.25332E-06  0.00000E+00 -0.98391E-03 -0.50000E+01  0.00000E+00 -0.22347E+01  0.00000E+00 -0.94455E-03 -0.47570E+02  0.00000E+00 -0.30000E+03  0.00000E+00  0.27653E+01  0.19255E+02  0.22347E+01  0.46686E-07    350  0.00000E+00      0.000
       0.9700  0.00000E+00  0.00000E+00  0.17509E-06  0.00000E+00 -0.98391E-03 -0.50000E+01  0.00000E+00 -0.22347E+01  0.00000E+00 -0.95439E-03 -0.47992E+02  0.00000E+00 -0.30000E+03  0.00000E+00  0.27653E+01  0.19255E+02  0.22347E+01  0.48437E-07    351  0.00000E+00      0.000
       0.9800  0.00000E+00  0.00000E+00  0.35763E-06  0.00000E+00 -0.98391E-03 -0.50000E+01  0.00000E+00 -0.22347E+01  0.00000E+00 -0.96423E-03 -0.48391E+02  0.00000E+00 -0.30000E+03  0.00000E+00  0.27653E+01  0.19255E+02  0.22347E+01  0.52013E-07    352  0.00000E+00      0.000
       0.9900  0.00000E+00  0.00000E+00  0.10990E-06  0.00000E+00 -0.98391E-03 -0.50000E+01  0.00000E+00 -0.22347E+01  0.00000E+00 -0.97407E-03 -0.48784E+02  0.00000E+00 -0.30000E+03  0.00000E+00  0.27653E+01  0.19255E+02  0.22347E+01  0.53112E-07    353  0.00000E+00      0.000
       1.0000  0.00000E+00  0.00000E+00 -0.11735E-06  0.00000E+00 -0.98391E-03 -0.50000E+01  0.00000E+00 -0.22347E+01  0.00000E+00 -0.98391E-03 -0.49164E+02  0.00000E+00 -0.30000E+03  0.00000E+00  0.27653E+01  0.19255E+02  0.22347E+01  0.53112E-07    354  0.00000E+00      0.000
end
