 ******* Program HYDRUS
 ******* Pluie 30 cm/j pendant 0.5 j (> Ks) puis 0 : apparition du ruissellement 
 Date:   0. 0.    Time: 512:**:**
 Units: L = cm   , T = days , M = g    

----------------------------------------------------------
 Time       [T]        0.0000
----------------------------------------------------------
 Sub-region num.                     1
----------------------------------------------------------
 Area     [L]        0.10000E+03  0.10000E+03
 W-volume [L]        0.17021E+02  0.17021E+02
 In-flow  [L/T]      0.00000E+00  0.00000E+00
 h Mean   [L]       -0.30000E+03 -0.30000E+03
 Top Flux [L/T]     -0.98391E-03
 Bot Flux [L/T]     -0.98391E-03
----------------------------------------------------------

----------------------------------------------------------
 Time       [T]        0.0500
----------------------------------------------------------
 Sub-region num.                     1
----------------------------------------------------------
 Area     [L]        0.10000E+03  0.10000E+03
 W-volume [L]        0.18521E+02  0.18521E+02
 In-flow  [L/T]      0.29999E+02  0.29999E+02
 h Mean   [L]       -0.27926E+03 -0.27926E+03
 Top Flux [L/T]     -0.29864E+02
 Bot Flux [L/T]     -0.98391E-03
 WatBalT  [L]        0.77486E-05
 WatBalR  [%]              0.001
----------------------------------------------------------

----------------------------------------------------------
 Time       [T]        0.1000
----------------------------------------------------------
 Sub-region num.                     1
----------------------------------------------------------
 Area     [L]        0.10000E+03  0.10000E+03
 W-volume [L]        0.20005E+02  0.20005E+02
 In-flow  [L/T]      0.27928E+02  0.27928E+02
 h Mean   [L]       -0.26197E+03 -0.26197E+03
 Top Flux [L/T]     -0.27929E+02
 Bot Flux [L/T]     -0.98391E-03
 WatBalT  [L]        0.18120E-04
 WatBalR  [%]              0.001
----------------------------------------------------------

----------------------------------------------------------
 Time       [T]        0.1500
----------------------------------------------------------
 Sub-region num.                     1
----------------------------------------------------------
 Area     [L]        0.10000E+03  0.10000E+03
 W-volume [L]        0.21308E+02  0.21308E+02
 In-flow  [L/T]      0.25008E+02  0.25008E+02
 h Mean   [L]       -0.24657E+03 -0.24657E+03
 Top Flux [L/T]     -0.25009E+02
 Bot Flux [L/T]     -0.98391E-03
 WatBalT  [L]        0.24796E-04
 WatBalR  [%]              0.001
----------------------------------------------------------

----------------------------------------------------------
 Time       [T]        0.2000
----------------------------------------------------------
 Sub-region num.                     1
----------------------------------------------------------
 Area     [L]        0.10000E+03  0.10000E+03
 W-volume [L]        0.22549E+02  0.22549E+02
 In-flow  [L/T]      0.24436E+02  0.24436E+02
 h Mean   [L]       -0.23220E+03 -0.23220E+03
 Top Flux [L/T]     -0.24437E+02
 Bot Flux [L/T]     -0.98391E-03
 WatBalT  [L]        0.33379E-04
 WatBalR  [%]              0.001
----------------------------------------------------------

----------------------------------------------------------
 Time       [T]        0.2500
----------------------------------------------------------
 Sub-region num.                     1
----------------------------------------------------------
 Area     [L]        0.10000E+03  0.10000E+03
 W-volume [L]        0.23793E+02  0.23793E+02
 In-flow  [L/T]      0.25045E+02  0.25045E+02
 h Mean   [L]       -0.21787E+03 -0.21787E+03
 Top Flux [L/T]     -0.25046E+02
 Bot Flux [L/T]     -0.98391E-03
 WatBalT  [L]        0.37193E-04
 WatBalR  [%]              0.001
----------------------------------------------------------

----------------------------------------------------------
 Time       [T]        0.3000
----------------------------------------------------------
 Sub-region num.                     1
----------------------------------------------------------
 Area     [L]        0.10000E+03  0.10000E+03
 W-volume [L]        0.25042E+02  0.25042E+02
 In-flow  [L/T]      0.24960E+02  0.24960E+02
 h Mean   [L]       -0.20343E+03 -0.20343E+03
 Top Flux [L/T]     -0.24961E+02
 Bot Flux [L/T]     -0.98391E-03
 WatBalT  [L]        0.45776E-04
 WatBalR  [%]              0.001
----------------------------------------------------------

----------------------------------------------------------
 Time       [T]        0.3500
----------------------------------------------------------
 Sub-region num.                     1
----------------------------------------------------------
 Area     [L]        0.10000E+03  0.10000E+03
 W-volume [L]        0.26289E+02  0.26289E+02
 In-flow  [L/T]      0.24986E+02  0.24986E+02
 h Mean   [L]       -0.18906E+03 -0.18906E+03
 Top Flux [L/T]     -0.24987E+02
 Bot Flux [L/T]     -0.98391E-03
 WatBalT  [L]        0.41008E-04
 WatBalR  [%]              0.000
----------------------------------------------------------

----------------------------------------------------------
 Time       [T]        0.4000
----------------------------------------------------------
 Sub-region num.                     1
----------------------------------------------------------
 Area     [L]        0.10000E+03  0.10000E+03
 W-volume [L]        0.27533E+02  0.27533E+02
 In-flow  [L/T]      0.25003E+02  0.25003E+02
 h Mean   [L]       -0.17472E+03 -0.17472E+03
 Top Flux [L/T]     -0.25004E+02
 Bot Flux [L/T]     -0.98391E-03
 WatBalT  [L]        0.39101E-04
 WatBalR  [%]              0.000
----------------------------------------------------------

----------------------------------------------------------
 Time       [T]        0.4500
----------------------------------------------------------
 Sub-region num.                     1
----------------------------------------------------------
 Area     [L]        0.10000E+03  0.10000E+03
 W-volume [L]        0.28777E+02  0.28777E+02
 In-flow  [L/T]      0.25003E+02  0.25003E+02
 h Mean   [L]       -0.16034E+03 -0.16034E+03
 Top Flux [L/T]     -0.25004E+02
 Bot Flux [L/T]     -0.98391E-03
 WatBalT  [L]        0.38147E-04
 WatBalR  [%]              0.000
----------------------------------------------------------

----------------------------------------------------------
 Time       [T]        0.5000
----------------------------------------------------------
 Sub-region num.                     1
----------------------------------------------------------
 Area     [L]        0.10000E+03  0.10000E+03
 W-volume [L]        0.30022E+02  0.30022E+02
 In-flow  [L/T]      0.24989E+02  0.24989E+02
 h Mean   [L]       -0.14595E+03 -0.14595E+03
 Top Flux [L/T]     -0.24990E+02
 Bot Flux [L/T]     -0.98391E-03
 WatBalT  [L]        0.33379E-04
 WatBalR  [%]              0.000
----------------------------------------------------------

----------------------------------------------------------
 Time       [T]        0.5500
----------------------------------------------------------
 Sub-region num.                     1
----------------------------------------------------------
 Area     [L]        0.10000E+03  0.10000E+03
 W-volume [L]        0.30022E+02  0.30022E+02
 In-flow  [L/T]     -0.10883E-02 -0.10883E-02
 h Mean   [L]       -0.13867E+03 -0.13867E+03
 Top Flux [L/T]     -0.17572E+00
 Bot Flux [L/T]     -0.98391E-03
 WatBalT  [L]        0.23842E-04
 WatBalR  [%]              0.000
----------------------------------------------------------

----------------------------------------------------------
 Time       [T]        0.6000
----------------------------------------------------------
 Sub-region num.                     1
----------------------------------------------------------
 Area     [L]        0.10000E+03  0.10000E+03
 W-volume [L]        0.30022E+02  0.30022E+02
 In-flow  [L/T]     -0.10649E-02 -0.10649E-02
 h Mean   [L]       -0.13319E+03 -0.13319E+03
 Top Flux [L/T]     -0.10327E+00
 Bot Flux [L/T]     -0.98391E-03
 WatBalT  [L]        0.25749E-04
 WatBalR  [%]              0.000
----------------------------------------------------------

----------------------------------------------------------
 Time       [T]        0.6500
----------------------------------------------------------
 Sub-region num.                     1
----------------------------------------------------------
 Area     [L]        0.10000E+03  0.10000E+03
 W-volume [L]        0.30022E+02  0.30022E+02
 In-flow  [L/T]     -0.97442E-03 -0.97442E-03
 h Mean   [L]       -0.12889E+03 -0.12889E+03
 Top Flux [L/T]     -0.76796E-01
 Bot Flux [L/T]     -0.98391E-03
 WatBalT  [L]        0.17166E-04
 WatBalR  [%]              0.000
----------------------------------------------------------

----------------------------------------------------------
 Time       [T]        0.7000
----------------------------------------------------------
 Sub-region num.                     1
----------------------------------------------------------
 Area     [L]        0.10000E+03  0.10000E+03
 W-volume [L]        0.30022E+02  0.30022E+02
 In-flow  [L/T]     -0.10262E-02 -0.10262E-02
 h Mean   [L]       -0.12526E+03 -0.12526E+03
 Top Flux [L/T]     -0.57676E-01
 Bot Flux [L/T]     -0.98391E-03
 WatBalT  [L]        0.15259E-04
 WatBalR  [%]              0.000
----------------------------------------------------------

----------------------------------------------------------
 Time       [T]        0.7500
----------------------------------------------------------
 Sub-region num.                     1
----------------------------------------------------------
 Area     [L]        0.10000E+03  0.10000E+03
 W-volume [L]        0.30022E+02  0.30022E+02
 In-flow  [L/T]     -0.10111E-02 -0.10111E-02
 h Mean   [L]       -0.12208E+03 -0.12208E+03
 Top Flux [L/T]     -0.49293E-01
 Bot Flux [L/T]     -0.98391E-03
 WatBalT  [L]        0.76294E-05
 WatBalR  [%]              0.000
----------------------------------------------------------

----------------------------------------------------------
 Time       [T]        0.8000
----------------------------------------------------------
 Sub-region num.                     1
----------------------------------------------------------
 Area     [L]        0.10000E+03  0.10000E+03
 W-volume [L]        0.30022E+02  0.30022E+02
 In-flow  [L/T]     -0.96909E-03 -0.96909E-03
 h Mean   [L]       -0.11925E+03 -0.11925E+03
 Top Flux [L/T]     -0.42883E-01
 Bot Flux [L/T]     -0.98391E-03
 WatBalT  [L]        0.17166E-04
 WatBalR  [%]              0.000
----------------------------------------------------------

----------------------------------------------------------
 Time       [T]        0.8500
----------------------------------------------------------
 Sub-region num.                     1
----------------------------------------------------------
 Area     [L]        0.10000E+03  0.10000E+03
 W-volume [L]        0.30022E+02  0.30022E+02
 In-flow  [L/T]     -0.98133E-03 -0.98133E-03
 h Mean   [L]       -0.11668E+03 -0.11668E+03
 Top Flux [L/T]     -0.33901E-01
 Bot Flux [L/T]     -0.98391E-03
 WatBalT  [L]        0.95367E-06
 WatBalR  [%]              0.000
----------------------------------------------------------

----------------------------------------------------------
 Time       [T]        0.9000
----------------------------------------------------------
 Sub-region num.                     1
----------------------------------------------------------
 Area     [L]        0.10000E+03  0.10000E+03
 W-volume [L]        0.30022E+02  0.30022E+02
 In-flow  [L/T]     -0.94271E-03 -0.94271E-03
 h Mean   [L]       -0.11435E+03 -0.11435E+03
 Top Flux [L/T]     -0.30790E-01
 Bot Flux [L/T]     -0.98391E-03
 WatBalT  [L]        0.76294E-05
 WatBalR  [%]              0.000
----------------------------------------------------------

----------------------------------------------------------
 Time       [T]        0.9500
----------------------------------------------------------
 Sub-region num.                     1
----------------------------------------------------------
 Area     [L]        0.10000E+03  0.10000E+03
 W-volume [L]        0.30022E+02  0.30022E+02
 In-flow  [L/T]     -0.98141E-03 -0.98141E-03
 h Mean   [L]       -0.11217E+03 -0.11217E+03
 Top Flux [L/T]     -0.28627E-01
 Bot Flux [L/T]     -0.98391E-03
 WatBalT  [L]        0.00000E+00
 WatBalR  [%]              0.000
----------------------------------------------------------

----------------------------------------------------------
 Time       [T]        1.0000
----------------------------------------------------------
 Sub-region num.                     1
----------------------------------------------------------
 Area     [L]        0.10000E+03  0.10000E+03
 W-volume [L]        0.30021E+02  0.30021E+02
 In-flow  [L/T]     -0.99642E-03 -0.99642E-03
 h Mean   [L]       -0.11013E+03 -0.11013E+03
 Top Flux [L/T]     -0.26367E-01
 Bot Flux [L/T]     -0.98391E-03
 WatBalT  [L]        0.38147E-05
 WatBalR  [%]              0.000
----------------------------------------------------------

 Calculation time [sec]   2151936034.5000000     
