 ******* Program HYDRUS
 ******* Pluie 30 cm/j pendant 0.5 j (> Ks) puis 0 : apparition du ruissellement 
 Date:   0. 0.    Time: 512:**:**
 Units: L = cm   , T = days , M = g    


    TLevel      Time          dt      Iter    ItCum  KodT  KodB  Convergency

        1  0.1000000E-03  0.10000E-03    6        6    -4    -5     T
        2  0.2000000E-03  0.10000E-03    2        8    -4    -5     T
        3  0.3300000E-03  0.13000E-03    5       13    -4    -5     T
        4  0.4600000E-03  0.13000E-03    2       15    -4    -5     T
        5  0.6289999E-03  0.16900E-03    5       20    -4    -5     T
        6  0.7979999E-03  0.16900E-03    5       25    -4    -5     T
        7  0.9669999E-03  0.16900E-03    4       29    -4    -5     T
        8  0.1136000E-02  0.16900E-03    5       34    -4    -5     T
        9  0.1305000E-02  0.16900E-03    3       37    -4    -5     T
       10  0.1524700E-02  0.21970E-03    6       43    -4    -5     T
       11  0.1744400E-02  0.21970E-03    4       47    -4    -5     T
       12  0.1964100E-02  0.21970E-03    4       51    -4    -5     T
       13  0.2183800E-02  0.21970E-03    4       55    -4    -5     T
       14  0.2403500E-02  0.21970E-03    5       60    -4    -5     T
       15  0.2623200E-02  0.21970E-03    5       65    -4    -5     T
       16  0.2842900E-02  0.21970E-03    4       69    -4    -5     T
       17  0.3062599E-02  0.21970E-03    4       73    -4    -5     T
       18  0.3282299E-02  0.21970E-03    5       78    -4    -5     T
       19  0.3501999E-02  0.21970E-03    5       83    -4    -5     T
       20  0.3721699E-02  0.21970E-03    3       86    -4    -5     T
       21  0.4007309E-02  0.28561E-03    4       90    -4    -5     T
       22  0.4292919E-02  0.28561E-03    4       94    -4    -5     T
       23  0.4578529E-02  0.28561E-03    2       96    -4    -5     T
       24  0.4949822E-02  0.37129E-03    6      102    -4    -5     T
       25  0.5321115E-02  0.37129E-03    3      105    -4    -5     T
       26  0.5803796E-02  0.48268E-03    6      111    -4    -5     T
       27  0.6286476E-02  0.48268E-03    5      116    -4    -5     T
       28  0.6769157E-02  0.48268E-03    6      122    -4    -5     T
       29  0.7251838E-02  0.48268E-03    5      127    -4    -5     T
       30  0.7734519E-02  0.48268E-03    4      131    -4    -5     T
       31  0.8217199E-02  0.48268E-03    6      137    -4    -5     T
       32  0.8699880E-02  0.48268E-03    5      142    -4    -5     T
       33  0.9182561E-02  0.48268E-03    4      146    -4    -5     T
       34  0.9665242E-02  0.48268E-03    5      151    -4    -5     T
       35  0.1014792E-01  0.48268E-03    5      156    -4    -5     T
       36  0.1063060E-01  0.48268E-03    4      160    -4    -5     T
       37  0.1111328E-01  0.48268E-03    4      164    -4    -5     T
       38  0.1159596E-01  0.48268E-03    5      169    -4    -5     T
       39  0.1207865E-01  0.48268E-03    5      174    -4    -5     T
       40  0.1256133E-01  0.48268E-03    4      178    -4    -5     T
       41  0.1304401E-01  0.48268E-03    4      182    -4    -5     T
       42  0.1352669E-01  0.48268E-03    4      186    -4    -5     T
       43  0.1400937E-01  0.48268E-03    5      191    -4    -5     T
       44  0.1449205E-01  0.48268E-03    4      195    -4    -5     T
       45  0.1497473E-01  0.48268E-03    5      200    -4    -5     T
       46  0.1545741E-01  0.48268E-03    4      204    -4    -5     T
       47  0.1594009E-01  0.48268E-03    4      208    -4    -5     T
       48  0.1642277E-01  0.48268E-03    4      212    -4    -5     T
       49  0.1690545E-01  0.48268E-03    5      217    -4    -5     T
       50  0.1738813E-01  0.48268E-03    4      221    -4    -5     T
       51  0.1787081E-01  0.48268E-03    4      225    -4    -5     T
       52  0.1835350E-01  0.48268E-03    2      227    -4    -5     T
       53  0.1898098E-01  0.62748E-03    5      232    -4    -5     T
       54  0.1960846E-01  0.62748E-03    5      237    -4    -5     T
       55  0.2023595E-01  0.62748E-03    4      241    -4    -5     T
       56  0.2086343E-01  0.62748E-03    4      245    -4    -5     T
       57  0.2149092E-01  0.62748E-03    4      249    -4    -5     T
       58  0.2211840E-01  0.62748E-03    4      253    -4    -5     T
       59  0.2274589E-01  0.62748E-03    4      257    -4    -5     T
       60  0.2337337E-01  0.62748E-03    4      261    -4    -5     T
       61  0.2400086E-01  0.62748E-03    4      265    -4    -5     T
       62  0.2462834E-01  0.62748E-03    5      270    -4    -5     T
       63  0.2525583E-01  0.62748E-03    5      275    -4    -5     T
       64  0.2588331E-01  0.62748E-03    3      278    -4    -5     T
       65  0.2669904E-01  0.81573E-03    4      282    -4    -5     T
       66  0.2751477E-01  0.81573E-03    5      287    -4    -5     T
       67  0.2833051E-01  0.81573E-03    4      291    -4    -5     T
       68  0.2914624E-01  0.81573E-03    5      296    -4    -5     T
       69  0.2996197E-01  0.81573E-03    4      300    -4    -5     T
       70  0.3077770E-01  0.81573E-03    5      305    -4    -5     T
       71  0.3159343E-01  0.81573E-03    5      310    -4    -5     T
       72  0.3240916E-01  0.81573E-03    4      314    -4    -5     T
       73  0.3322489E-01  0.81573E-03    5      319    -4    -5     T
       74  0.3404062E-01  0.81573E-03    4      323    -4    -5     T
       75  0.3485635E-01  0.81573E-03    5      328    -4    -5     T
       76  0.3567208E-01  0.81573E-03    5      333    -4    -5     T
       77  0.3648781E-01  0.81573E-03    4      337    -4    -5     T
       78  0.3730354E-01  0.81573E-03    5      342    -4    -5     T
       79  0.3811927E-01  0.81573E-03    4      346    -4    -5     T
       80  0.3893500E-01  0.81573E-03    5      351    -4    -5     T
       81  0.3975073E-01  0.81573E-03    5      356    -4    -5     T
       82  0.4056646E-01  0.81573E-03    3      359    -4    -5     T
       83  0.4161463E-01  0.10482E-02    6      365    -4    -5     T
       84  0.4266280E-01  0.10482E-02    5      370    -4    -5     T
       85  0.4371097E-01  0.10482E-02    6      376    -4    -5     T
       86  0.4475914E-01  0.10482E-02    5      381    -4    -5     T
       87  0.4580732E-01  0.10482E-02    5      386    -4    -5     T
       88  0.4685549E-01  0.10482E-02    4      390    -4    -5     T
       89  0.4790366E-01  0.10482E-02    6      396    -4    -5     T
       90  0.4895183E-01  0.10482E-02    4      400    -4    -5     T
       91  0.5000000E-01  0.10482E-02    5      405    -4    -5     T
       92  0.5106045E-01  0.10604E-02    5      410    -4    -5     T
       93  0.5212090E-01  0.10604E-02    5      415    -4    -5     T
       94  0.5318135E-01  0.10604E-02    5      420    -4    -5     T
       95  0.5424180E-01  0.10604E-02    5      425    -4    -5     T
       96  0.5530225E-01  0.10604E-02    4      429    -4    -5     T
       97  0.5636270E-01  0.10604E-02    6      435    -4    -5     T
       98  0.5742315E-01  0.10604E-02    4      439    -4    -5     T
       99  0.5848360E-01  0.10604E-02    5      444    -4    -5     T
      100  0.5954404E-01  0.10604E-02    5      449    -4    -5     T
      101  0.6060449E-01  0.10604E-02    5      454    -4    -5     T
      102  0.6166494E-01  0.10604E-02    5      459    -4    -5     T
      103  0.6272539E-01  0.10604E-02    6      465    -4    -5     T
      104  0.6378584E-01  0.10604E-02    4      469    -4    -5     T
      105  0.6484629E-01  0.10604E-02    6      475    -4    -5     T
      106  0.6590674E-01  0.10604E-02    4      479    -4    -5     T
      107  0.6696719E-01  0.10604E-02    5      484    -4    -5     T
      108  0.6802764E-01  0.10604E-02    5      489    -4    -5     T
      109  0.6908809E-01  0.10604E-02    5      494    -4    -5     T
      110  0.7014854E-01  0.10604E-02    5      499    -4    -5     T
      111  0.7120899E-01  0.10604E-02    6      505    -4    -5     T
      112  0.7226944E-01  0.10604E-02    3      508    -4    -5     T
      113  0.7364802E-01  0.13786E-02    6      514    -4    -5     T
      114  0.7502661E-01  0.13786E-02    6      520    -4    -5     T
      115  0.7640519E-01  0.13786E-02    6      526    -4    -5     T
      116  0.7778377E-01  0.13786E-02    6      532    -4    -5     T
      117  0.7916236E-01  0.13786E-02    6      538    -4    -5     T
      118  0.8054094E-01  0.13786E-02    6      544    -4    -5     T
      119  0.8191953E-01  0.13786E-02    6      550    -4    -5     T
      120  0.8329811E-01  0.13786E-02    5      555    -4    -5     T
      121  0.8467670E-01  0.13786E-02    6      561    -4    -5     T
      122  0.8605528E-01  0.13786E-02    8      569    -4    -5     T
      123  0.8702029E-01  0.96501E-03    5      574    -4    -5     T
      124  0.8798530E-01  0.96501E-03    5      579     4    -5     T
      125  0.8895031E-01  0.96501E-03    5      584     4    -5     T
      126  0.8991532E-01  0.96501E-03    4      588     4    -5     T
      127  0.9092378E-01  0.10085E-02    5      593     4    -5     T
      128  0.9193225E-01  0.10085E-02    4      597     4    -5     T
      129  0.9294072E-01  0.10085E-02    5      602     4    -5     T
      130  0.9394919E-01  0.10085E-02    5      607     4    -5     T
      131  0.9495766E-01  0.10085E-02    5      612     4    -5     T
      132  0.9596613E-01  0.10085E-02    5      617     4    -5     T
      133  0.9697459E-01  0.10085E-02    6      623     4    -5     T
      134  0.9798306E-01  0.10085E-02    4      627     4    -5     T
      135  0.9899153E-01  0.10085E-02    5      632     4    -5     T
      136  0.1000000E+00  0.10085E-02    5      637     4    -5     T
      137  0.1009650E+00  0.96501E-03    4      641     4    -5     T
      138  0.1019300E+00  0.96501E-03    5      646     4    -5     T
      139  0.1028950E+00  0.96501E-03    4      650     4    -5     T
      140  0.1038600E+00  0.96501E-03    5      655     4    -5     T
      141  0.1048250E+00  0.96501E-03    4      659     4    -5     T
      142  0.1057901E+00  0.96501E-03    5      664     4    -5     T
      143  0.1067551E+00  0.96501E-03    5      669     4    -5     T
      144  0.1077201E+00  0.96501E-03    4      673     4    -5     T
      145  0.1086851E+00  0.96501E-03    5      678     4    -5     T
      146  0.1096501E+00  0.96501E-03    4      682     4    -5     T
      147  0.1106151E+00  0.96501E-03    5      687     4    -5     T
      148  0.1115801E+00  0.96501E-03    5      692     4    -5     T
      149  0.1125451E+00  0.96501E-03    5      697     4    -5     T
      150  0.1135101E+00  0.96501E-03    4      701     4    -5     T
      151  0.1144751E+00  0.96501E-03    5      706     4    -5     T
      152  0.1154401E+00  0.96501E-03    5      711     4    -5     T
      153  0.1164052E+00  0.96501E-03    3      714     4    -5     T
      154  0.1176597E+00  0.12545E-02    5      719     4    -5     T
      155  0.1189142E+00  0.12545E-02    5      724     4    -5     T
      156  0.1201687E+00  0.12545E-02    5      729     4    -5     T
      157  0.1214232E+00  0.12545E-02    6      735     4    -5     T
      158  0.1226777E+00  0.12545E-02    6      741     4    -5     T
      159  0.1239322E+00  0.12545E-02    4      745     4    -5     T
      160  0.1251867E+00  0.12545E-02    6      751     4    -5     T
      161  0.1264412E+00  0.12545E-02    4      755     4    -5     T
      162  0.1276958E+00  0.12545E-02    5      760     4    -5     T
      163  0.1289503E+00  0.12545E-02    5      765     4    -5     T
      164  0.1302048E+00  0.12545E-02    5      770     4    -5     T
      165  0.1314593E+00  0.12545E-02    6      776     4    -5     T
      166  0.1327138E+00  0.12545E-02    5      781     4    -5     T
      167  0.1339683E+00  0.12545E-02    4      785     4    -5     T
      168  0.1352228E+00  0.12545E-02    6      791     4    -5     T
      169  0.1364773E+00  0.12545E-02    3      794     4    -5     T
      170  0.1381677E+00  0.16903E-02    7      801     4    -5     T
      171  0.1393509E+00  0.11832E-02    4      805     4    -5     T
      172  0.1405341E+00  0.11832E-02    5      810     4    -5     T
      173  0.1417174E+00  0.11832E-02    5      815     4    -5     T
      174  0.1429006E+00  0.11832E-02    5      820     4    -5     T
      175  0.1440838E+00  0.11832E-02    4      824     4    -5     T
      176  0.1452671E+00  0.11832E-02    6      830     4    -5     T
      177  0.1464503E+00  0.11832E-02    3      833     4    -5     T
      178  0.1482252E+00  0.17748E-02    6      839     4    -5     T
      179  0.1500000E+00  0.17748E-02    5      844     4    -5     T
      180  0.1514841E+00  0.14841E-02    6      850     4    -5     T
      181  0.1529682E+00  0.14841E-02    6      856     4    -5     T
      182  0.1544523E+00  0.14841E-02    5      861     4    -5     T
      183  0.1559363E+00  0.14841E-02    6      867     4    -5     T
      184  0.1574204E+00  0.14841E-02    5      872     4    -5     T
      185  0.1589045E+00  0.14841E-02    6      878     4    -5     T
      186  0.1603886E+00  0.14841E-02    5      883     4    -5     T
      187  0.1618727E+00  0.14841E-02    6      889     4    -5     T
      188  0.1633568E+00  0.14841E-02    6      895     4    -5     T
      189  0.1648409E+00  0.14841E-02    5      900     4    -5     T
      190  0.1663250E+00  0.14841E-02    6      906     4    -5     T
      191  0.1678090E+00  0.14841E-02    5      911     4    -5     T
      192  0.1692931E+00  0.14841E-02    6      917     4    -5     T
      193  0.1707772E+00  0.14841E-02    5      922     4    -5     T
      194  0.1722613E+00  0.14841E-02    6      928     4    -5     T
      195  0.1737454E+00  0.14841E-02    6      934     4    -5     T
      196  0.1752295E+00  0.14841E-02    5      939     4    -5     T
      197  0.1767136E+00  0.14841E-02    7      946     4    -5     T
      198  0.1777524E+00  0.10389E-02    3      949     4    -5     T
      199  0.1791029E+00  0.13505E-02    6      955     4    -5     T
      200  0.1804535E+00  0.13505E-02    5      960     4    -5     T
      201  0.1818040E+00  0.13505E-02    6      966     4    -5     T
      202  0.1831545E+00  0.13505E-02    6      972     4    -5     T
      203  0.1845050E+00  0.13505E-02    7      979     4    -5     T
      204  0.1854504E+00  0.94536E-03    3      982     4    -5     T
      205  0.1866794E+00  0.12290E-02    8      990     4    -5     T
      206  0.1875396E+00  0.86028E-03    3      993     4    -5     T
      207  0.1886580E+00  0.11184E-02    8     1001     4    -5     T
      208  0.1894409E+00  0.78286E-03    6     1007     4    -5     T
      209  0.1902237E+00  0.78286E-03    4     1011     4    -5     T
      210  0.1910066E+00  0.78286E-03    4     1015     4    -5     T
      211  0.1917894E+00  0.78286E-03    5     1020     4    -5     T
      212  0.1926105E+00  0.82106E-03    5     1025     4    -5     T
      213  0.1934315E+00  0.82106E-03    5     1030     4    -5     T
      214  0.1942526E+00  0.82106E-03    5     1035     4    -5     T
      215  0.1950737E+00  0.82106E-03    5     1040     4    -5     T
      216  0.1958947E+00  0.82106E-03    3     1043     4    -5     T
      217  0.1969210E+00  0.10263E-02    5     1048     4    -5     T
      218  0.1979474E+00  0.10263E-02    6     1054     4    -5     T
      219  0.1989737E+00  0.10263E-02    6     1060     4    -5     T
      220  0.2000000E+00  0.10263E-02    7     1067     4    -5     T
      221  0.2007124E+00  0.71240E-03    5     1072     4    -5     T
      222  0.2014248E+00  0.71240E-03    5     1077     4    -5     T
      223  0.2021372E+00  0.71240E-03    5     1082     4    -5     T
      224  0.2028496E+00  0.71240E-03    5     1087     4    -5     T
      225  0.2035620E+00  0.71240E-03    5     1092     4    -5     T
      226  0.2042744E+00  0.71240E-03    5     1097     4    -5     T
      227  0.2049868E+00  0.71240E-03    2     1099     4    -5     T
      228  0.2059129E+00  0.92612E-03    6     1105     4    -5     T
      229  0.2068390E+00  0.92612E-03    7     1112     4    -5     T
      230  0.2074873E+00  0.64828E-03    5     1117     4    -5     T
      231  0.2081356E+00  0.64828E-03    2     1119     4    -5     T
      232  0.2089784E+00  0.84277E-03    8     1127     4    -5     T
      233  0.2095683E+00  0.58994E-03    5     1132     4    -5     T
      234  0.2101582E+00  0.58994E-03    4     1136     4    -5     T
      235  0.2107482E+00  0.58994E-03    3     1139     4    -5     T
      236  0.2115151E+00  0.76692E-03    6     1145     4    -5     T
      237  0.2122820E+00  0.76692E-03    7     1152     4    -5     T
      238  0.2128188E+00  0.53684E-03    2     1154     4    -5     T
      239  0.2135167E+00  0.69790E-03   10     1164     4    -5     T
      240  0.2140053E+00  0.48853E-03    2     1166     4    -5     T
      241  0.2146404E+00  0.63508E-03    6     1172     4    -5     T
      242  0.2152754E+00  0.63508E-03    2     1174     4    -5     T
      243  0.2161010E+00  0.82561E-03    7     1181     4    -5     T
      244  0.2166790E+00  0.57793E-03    2     1183     4    -5     T
      245  0.2174303E+00  0.75131E-03   10     1193     4    -5     T
      246  0.2179562E+00  0.52591E-03    4     1197     4    -5     T
      247  0.2184821E+00  0.52591E-03    3     1200     4    -5     T
      248  0.2191658E+00  0.68369E-03    3     1203     4    -5     T
      249  0.2200546E+00  0.88879E-03   15     1218     4    -5     T
      250  0.2206767E+00  0.62216E-03    5     1223     4    -5     T
      251  0.2212989E+00  0.62216E-03    3     1226     4    -5     T
      252  0.2221077E+00  0.80880E-03    7     1233     4    -5     T
      253  0.2226739E+00  0.56616E-03    5     1238     4    -5     T
      254  0.2232400E+00  0.56616E-03    2     1240     4    -5     T
      255  0.2239760E+00  0.73601E-03    8     1248     4    -5     T
      256  0.2244912E+00  0.51521E-03    5     1253     4    -5     T
      257  0.2250065E+00  0.51521E-03    5     1258     4    -5     T
      258  0.2255217E+00  0.51521E-03    2     1260     4    -5     T
      259  0.2261914E+00  0.66977E-03    3     1263     4    -5     T
      260  0.2270621E+00  0.87070E-03   15     1278     4    -5     T
      261  0.2276716E+00  0.60949E-03    5     1283     4    -5     T
      262  0.2282811E+00  0.60949E-03    5     1288     4    -5     T
      263  0.2288906E+00  0.60949E-03    2     1290     4    -5     T
      264  0.2296829E+00  0.79234E-03    8     1298     4    -5     T
      265  0.2302376E+00  0.55464E-03    5     1303     4    -5     T
      266  0.2307922E+00  0.55464E-03    5     1308     4    -5     T
      267  0.2313468E+00  0.55464E-03    4     1312     4    -5     T
      268  0.2319015E+00  0.55464E-03    6     1318     4    -5     T
      269  0.2324561E+00  0.55464E-03    3     1321     4    -5     T
      270  0.2331771E+00  0.72103E-03    6     1327     4    -5     T
      271  0.2338982E+00  0.72103E-03    5     1332     4    -5     T
      272  0.2346192E+00  0.72103E-03    5     1337     4    -5     T
      273  0.2353402E+00  0.72103E-03    5     1342     4    -5     T
      274  0.2360612E+00  0.72103E-03    5     1347     4    -5     T
      275  0.2367823E+00  0.72103E-03    5     1352     4    -5     T
      276  0.2375033E+00  0.72103E-03    5     1357     4    -5     T
      277  0.2382243E+00  0.72103E-03    5     1362     4    -5     T
      278  0.2389454E+00  0.72103E-03    5     1367     4    -5     T
      279  0.2396664E+00  0.72103E-03    5     1372     4    -5     T
      280  0.2403874E+00  0.72103E-03    5     1377     4    -5     T
      281  0.2411084E+00  0.72103E-03    5     1382     4    -5     T
      282  0.2418295E+00  0.72103E-03    5     1387     4    -5     T
      283  0.2425505E+00  0.72103E-03    5     1392     4    -5     T
      284  0.2432954E+00  0.74495E-03    5     1397     4    -5     T
      285  0.2440404E+00  0.74495E-03    5     1402     4    -5     T
      286  0.2447853E+00  0.74495E-03    5     1407     4    -5     T
      287  0.2455303E+00  0.74495E-03    5     1412     4    -5     T
      288  0.2462752E+00  0.74495E-03    5     1417     4    -5     T
      289  0.2470202E+00  0.74495E-03    5     1422     4    -5     T
      290  0.2477651E+00  0.74495E-03    5     1427     4    -5     T
      291  0.2485101E+00  0.74495E-03    5     1432     4    -5     T
      292  0.2492550E+00  0.74495E-03    5     1437     4    -5     T
      293  0.2500000E+00  0.74495E-03    5     1442     4    -5     T
      294  0.2507210E+00  0.72103E-03    5     1447     4    -5     T
      295  0.2514421E+00  0.72103E-03    5     1452     4    -5     T
      296  0.2521631E+00  0.72103E-03    5     1457     4    -5     T
      297  0.2528841E+00  0.72103E-03    5     1462     4    -5     T
      298  0.2536051E+00  0.72103E-03    5     1467     4    -5     T
      299  0.2543262E+00  0.72103E-03    5     1472     4    -5     T
      300  0.2550472E+00  0.72103E-03    5     1477     4    -5     T
      301  0.2557682E+00  0.72103E-03    5     1482     4    -5     T
      302  0.2564892E+00  0.72103E-03    5     1487     4    -5     T
      303  0.2572103E+00  0.72103E-03    5     1492     4    -5     T
      304  0.2579313E+00  0.72103E-03    5     1497     4    -5     T
      305  0.2586523E+00  0.72103E-03    5     1502     4    -5     T
      306  0.2593733E+00  0.72103E-03    5     1507     4    -5     T
      307  0.2600944E+00  0.72103E-03    5     1512     4    -5     T
      308  0.2608154E+00  0.72103E-03    5     1517     4    -5     T
      309  0.2615364E+00  0.72103E-03    5     1522     4    -5     T
      310  0.2622575E+00  0.72103E-03    5     1527     4    -5     T
      311  0.2629785E+00  0.72103E-03    5     1532     4    -5     T
      312  0.2636995E+00  0.72103E-03    5     1537     4    -5     T
      313  0.2644205E+00  0.72103E-03    5     1542     4    -5     T
      314  0.2651416E+00  0.72103E-03    5     1547     4    -5     T
      315  0.2658626E+00  0.72103E-03    5     1552     4    -5     T
      316  0.2665836E+00  0.72103E-03    5     1557     4    -5     T
      317  0.2673046E+00  0.72103E-03    5     1562     4    -5     T
      318  0.2680257E+00  0.72103E-03    5     1567     4    -5     T
      319  0.2687467E+00  0.72103E-03    5     1572     4    -5     T
      320  0.2694677E+00  0.72103E-03    5     1577     4    -5     T
      321  0.2701887E+00  0.72103E-03    5     1582     4    -5     T
      322  0.2709098E+00  0.72103E-03    5     1587     4    -5     T
      323  0.2716308E+00  0.72103E-03    5     1592     4    -5     T
      324  0.2723518E+00  0.72103E-03    5     1597     4    -5     T
      325  0.2730729E+00  0.72103E-03    4     1601     4    -5     T
      326  0.2737939E+00  0.72103E-03   10     1611     4    -5     T
      327  0.2742986E+00  0.50472E-03    4     1615     4    -5     T
      328  0.2748033E+00  0.50472E-03    6     1621     4    -5     T
      329  0.2753080E+00  0.50472E-03    4     1625     4    -5     T
      330  0.2758128E+00  0.50472E-03    5     1630     4    -5     T
      331  0.2763175E+00  0.50472E-03    5     1635     4    -5     T
      332  0.2768222E+00  0.50472E-03    4     1639     4    -5     T
      333  0.2773269E+00  0.50472E-03    5     1644     4    -5     T
      334  0.2778316E+00  0.50472E-03    6     1650     4    -5     T
      335  0.2783363E+00  0.50472E-03    4     1654     4    -5     T
      336  0.2788411E+00  0.50472E-03    5     1659     4    -5     T
      337  0.2793458E+00  0.50472E-03    5     1664     4    -5     T
      338  0.2798505E+00  0.50472E-03    4     1668     4    -5     T
      339  0.2803552E+00  0.50472E-03    5     1673     4    -5     T
      340  0.2808599E+00  0.50472E-03    6     1679     4    -5     T
      341  0.2813647E+00  0.50472E-03    3     1682     4    -5     T
      342  0.2820208E+00  0.65613E-03    6     1688     4    -5     T
      343  0.2826769E+00  0.65613E-03    5     1693     4    -5     T
      344  0.2833331E+00  0.65613E-03    4     1697     4    -5     T
      345  0.2839892E+00  0.65613E-03   10     1707     4    -5     T
      346  0.2844485E+00  0.45929E-03    4     1711     4    -5     T
      347  0.2849078E+00  0.45929E-03    6     1717     4    -5     T
      348  0.2853671E+00  0.45929E-03    2     1719     4    -5     T
      349  0.2859642E+00  0.59708E-03    2     1721     4    -5     T
      350  0.2867404E+00  0.77621E-03    5     1726     4    -5     T
      351  0.2875166E+00  0.77621E-03    5     1731     4    -5     T
      352  0.2882928E+00  0.77621E-03    4     1735     4    -5     T
      353  0.2890690E+00  0.77621E-03   10     1745     4    -5     T
      354  0.2896123E+00  0.54334E-03    5     1750     4    -5     T
      355  0.2901557E+00  0.54334E-03    2     1752     4    -5     T
      356  0.2908620E+00  0.70635E-03    6     1758     4    -5     T
      357  0.2915684E+00  0.70635E-03    5     1763     4    -5     T
      358  0.2922747E+00  0.70635E-03    2     1765     4    -5     T
      359  0.2932404E+00  0.96566E-03   16     1781     4    -5     T
      360  0.2938832E+00  0.64278E-03    5     1786     4    -5     T
      361  0.2944948E+00  0.61168E-03    3     1789     4    -5     T
      362  0.2952813E+00  0.78645E-03    6     1795     4    -5     T
      363  0.2960677E+00  0.78645E-03    9     1804     4    -5     T
      364  0.2966295E+00  0.56175E-03    5     1809     4    -5     T
      365  0.2971912E+00  0.56175E-03    4     1813     4    -5     T
      366  0.2977530E+00  0.56175E-03    6     1819     4    -5     T
      367  0.2983147E+00  0.56175E-03    5     1824     4    -5     T
      368  0.2988765E+00  0.56175E-03    4     1828     4    -5     T
      369  0.2994382E+00  0.56175E-03   10     1838     4    -5     T
      370  0.3000000E+00  0.56175E-03    4     1842     4    -5     T
      371  0.3004094E+00  0.40945E-03    6     1848     4    -5     T
      372  0.3008189E+00  0.40945E-03    4     1852     4    -5     T
      373  0.3012283E+00  0.40945E-03    5     1857     4    -5     T
      374  0.3016378E+00  0.40945E-03    4     1861     4    -5     T
      375  0.3020472E+00  0.40945E-03    6     1867     4    -5     T
      376  0.3024567E+00  0.40945E-03    3     1870     4    -5     T
      377  0.3029890E+00  0.53228E-03    6     1876     4    -5     T
      378  0.3035213E+00  0.53228E-03    4     1880     4    -5     T
      379  0.3040535E+00  0.53228E-03    5     1885     4    -5     T
      380  0.3045858E+00  0.53228E-03    5     1890     4    -5     T
      381  0.3051181E+00  0.53228E-03    3     1893     4    -5     T
      382  0.3058101E+00  0.69197E-03    6     1899     4    -5     T
      383  0.3065020E+00  0.69197E-03    5     1904     4    -5     T
      384  0.3071940E+00  0.69197E-03    4     1908     4    -5     T
      385  0.3078860E+00  0.69197E-03   10     1918     4    -5     T
      386  0.3083704E+00  0.48438E-03    5     1923     4    -5     T
      387  0.3088547E+00  0.48438E-03    3     1926     4    -5     T
      388  0.3094844E+00  0.62969E-03    6     1932     4    -5     T
      389  0.3101141E+00  0.62969E-03    9     1941     4    -5     T
      390  0.3105549E+00  0.44078E-03    5     1946     4    -5     T
      391  0.3109957E+00  0.44078E-03    4     1950     4    -5     T
      392  0.3114365E+00  0.44078E-03    6     1956     4    -5     T
      393  0.3118773E+00  0.44078E-03    3     1959     4    -5     T
      394  0.3124503E+00  0.57302E-03    6     1965     4    -5     T
      395  0.3130233E+00  0.57302E-03    9     1974     4    -5     T
      396  0.3134244E+00  0.40111E-03    5     1979     4    -5     T
      397  0.3138255E+00  0.40111E-03    4     1983     4    -5     T
      398  0.3142266E+00  0.40111E-03    4     1987     4    -5     T
      399  0.3146277E+00  0.40111E-03   10     1997     4    -5     T
      400  0.3149085E+00  0.28078E-03    2     1999     4    -5     T
      401  0.3152735E+00  0.36501E-03    2     2001     4    -5     T
      402  0.3157481E+00  0.47452E-03    8     2009     4    -5     T
      403  0.3160802E+00  0.33216E-03    6     2015     4    -5     T
      404  0.3164124E+00  0.33216E-03    4     2019     4    -5     T
      405  0.3167445E+00  0.33216E-03    2     2021     4    -5     T
      406  0.3171764E+00  0.43181E-03    6     2027     4    -5     T
      407  0.3176082E+00  0.43181E-03    4     2031     4    -5     T
      408  0.3180400E+00  0.43181E-03    5     2036     4    -5     T
      409  0.3184718E+00  0.43181E-03    5     2041     4    -5     T
      410  0.3189036E+00  0.43181E-03    4     2045     4    -5     T
      411  0.3193354E+00  0.43181E-03    4     2049     4    -5     T
      412  0.3197672E+00  0.43181E-03    2     2051     4    -5     T
      413  0.3203286E+00  0.56135E-03    6     2057     4    -5     T
      414  0.3208899E+00  0.56135E-03    5     2062     4    -5     T
      415  0.3214513E+00  0.56135E-03    4     2066     4    -5     T
      416  0.3220126E+00  0.56135E-03    4     2070     4    -5     T
      417  0.3225740E+00  0.56135E-03   10     2080     4    -5     T
      418  0.3229669E+00  0.39295E-03    4     2084     4    -5     T
      419  0.3233599E+00  0.39295E-03    6     2090     4    -5     T
      420  0.3237528E+00  0.39295E-03    3     2093     4    -5     T
      421  0.3242637E+00  0.51083E-03    6     2099     4    -5     T
      422  0.3247745E+00  0.51083E-03    4     2103     4    -5     T
      423  0.3252853E+00  0.51083E-03    5     2108     4    -5     T
      424  0.3257961E+00  0.51083E-03    5     2113     4    -5     T
      425  0.3263070E+00  0.51083E-03    2     2115     4    -5     T
      426  0.3269711E+00  0.66408E-03    6     2121     4    -5     T
      427  0.3276351E+00  0.66408E-03    9     2130     4    -5     T
      428  0.3281000E+00  0.46486E-03    5     2135     4    -5     T
      429  0.3285649E+00  0.46486E-03    2     2137     4    -5     T
      430  0.3291692E+00  0.60431E-03    6     2143     4    -5     T
      431  0.3297735E+00  0.60431E-03    5     2148     4    -5     T
      432  0.3303778E+00  0.60431E-03    4     2152     4    -5     T
      433  0.3309821E+00  0.60431E-03    5     2157     4    -5     T
      434  0.3315864E+00  0.60431E-03   10     2167     4    -5     T
      435  0.3320094E+00  0.42302E-03    4     2171     4    -5     T
      436  0.3324325E+00  0.42302E-03    6     2177     4    -5     T
      437  0.3328555E+00  0.42302E-03    3     2180     4    -5     T
      438  0.3334054E+00  0.54993E-03    6     2186     4    -5     T
      439  0.3339553E+00  0.54993E-03    4     2190     4    -5     T
      440  0.3345053E+00  0.54993E-03   10     2200     4    -5     T
      441  0.3348902E+00  0.38495E-03    4     2204     4    -5     T
      442  0.3352752E+00  0.38495E-03    5     2209     4    -5     T
      443  0.3356601E+00  0.38495E-03    5     2214     4    -5     T
      444  0.3360451E+00  0.38495E-03    2     2216     4    -5     T
      445  0.3365455E+00  0.50043E-03    6     2222     4    -5     T
      446  0.3370459E+00  0.50043E-03    9     2231     4    -5     T
      447  0.3373962E+00  0.35030E-03    3     2234     4    -5     T
      448  0.3378516E+00  0.45539E-03    6     2240     4    -5     T
      449  0.3383070E+00  0.45539E-03    5     2245     4    -5     T
      450  0.3387624E+00  0.45539E-03    2     2247     4    -5     T
      451  0.3393544E+00  0.59201E-03    6     2253     4    -5     T
      452  0.3399464E+00  0.59201E-03    5     2258     4    -5     T
      453  0.3405384E+00  0.59201E-03    4     2262     4    -5     T
      454  0.3411304E+00  0.59201E-03    4     2266     4    -5     T
      455  0.3417225E+00  0.59201E-03   10     2276     4    -5     T
      456  0.3421369E+00  0.41441E-03    2     2278     4    -5     T
      457  0.3426756E+00  0.53873E-03    6     2284     4    -5     T
      458  0.3432143E+00  0.53873E-03    5     2289     4    -5     T
      459  0.3437531E+00  0.53873E-03    4     2293     4    -5     T
      460  0.3442918E+00  0.53873E-03    3     2296     4    -5     T
      461  0.3450053E+00  0.71353E-03    6     2302     4    -5     T
      462  0.3457188E+00  0.71353E-03    9     2311     4    -5     T
      463  0.3461945E+00  0.47568E-03    5     2316     4    -5     T
      464  0.3466702E+00  0.47568E-03    2     2318     4    -5     T
      465  0.3473362E+00  0.66596E-03    6     2324     4    -5     T
      466  0.3480021E+00  0.66596E-03    9     2333     4    -5     T
      467  0.3485016E+00  0.49947E-03    5     2338     4    -5     T
      468  0.3490011E+00  0.49947E-03    4     2342     4    -5     T
      469  0.3495005E+00  0.49947E-03    4     2346     4    -5     T
      470  0.3500000E+00  0.49947E-03    6     2352     4    -5     T
      471  0.3504461E+00  0.44612E-03    5     2357     4    -5     T
      472  0.3508922E+00  0.44612E-03    5     2362     4    -5     T
      473  0.3513384E+00  0.44612E-03    5     2367     4    -5     T
      474  0.3517845E+00  0.44612E-03    4     2371     4    -5     T
      475  0.3522306E+00  0.44612E-03    2     2373     4    -5     T
      476  0.3528106E+00  0.57996E-03    6     2379     4    -5     T
      477  0.3533905E+00  0.57996E-03    9     2388     4    -5     T
      478  0.3537965E+00  0.40597E-03    5     2393     4    -5     T
      479  0.3542025E+00  0.40597E-03    2     2395     4    -5     T
      480  0.3547302E+00  0.52776E-03    6     2401     4    -5     T
      481  0.3552580E+00  0.52776E-03    9     2410     4    -5     T
      482  0.3556274E+00  0.36943E-03    4     2414     4    -5     T
      483  0.3559969E+00  0.36943E-03    4     2418     4    -5     T
      484  0.3563663E+00  0.36943E-03    6     2424     4    -5     T
      485  0.3567357E+00  0.36943E-03    3     2427     4    -5     T
      486  0.3572160E+00  0.48026E-03    6     2433     4    -5     T
      487  0.3576963E+00  0.48026E-03    5     2438     4    -5     T
      488  0.3581765E+00  0.48026E-03    2     2440     4    -5     T
      489  0.3588009E+00  0.62434E-03    6     2446     4    -5     T
      490  0.3594252E+00  0.62434E-03    5     2451     4    -5     T
      491  0.3600496E+00  0.62434E-03    4     2455     4    -5     T
      492  0.3606739E+00  0.62434E-03    4     2459     4    -5     T
      493  0.3612982E+00  0.62434E-03   10     2469     4    -5     T
      494  0.3617353E+00  0.43704E-03    5     2474     4    -5     T
      495  0.3621723E+00  0.43704E-03    4     2478     4    -5     T
      496  0.3626094E+00  0.43704E-03    2     2480     4    -5     T
      497  0.3631775E+00  0.56815E-03    6     2486     4    -5     T
      498  0.3637457E+00  0.56815E-03    9     2495     4    -5     T
      499  0.3641434E+00  0.39771E-03    5     2500     4    -5     T
      500  0.3645411E+00  0.39771E-03    2     2502     4    -5     T
      501  0.3650581E+00  0.51702E-03    6     2508     4    -5     T
      502  0.3655751E+00  0.51702E-03    9     2517     4    -5     T
      503  0.3659370E+00  0.36191E-03    4     2521     4    -5     T
      504  0.3662989E+00  0.36191E-03    4     2525     4    -5     T
      505  0.3666609E+00  0.36191E-03    6     2531     4    -5     T
      506  0.3670228E+00  0.36191E-03    3     2534     4    -5     T
      507  0.3674933E+00  0.47049E-03    6     2540     4    -5     T
      508  0.3679637E+00  0.47049E-03    9     2549     4    -5     T
      509  0.3682931E+00  0.32934E-03    5     2554     4    -5     T
      510  0.3686224E+00  0.32934E-03    2     2556     4    -5     T
      511  0.3690506E+00  0.42814E-03    6     2562     4    -5     T
      512  0.3694787E+00  0.42814E-03    5     2567     4    -5     T
      513  0.3699069E+00  0.42814E-03    2     2569     4    -5     T
      514  0.3704634E+00  0.55659E-03    6     2575     4    -5     T
      515  0.3710200E+00  0.55659E-03    5     2580     4    -5     T
      516  0.3715766E+00  0.55659E-03    4     2584     4    -5     T
      517  0.3721332E+00  0.55659E-03    4     2588     4    -5     T
      518  0.3726898E+00  0.55659E-03    6     2594     4    -5     T
      519  0.3732464E+00  0.55659E-03    5     2599     4    -5     T
      520  0.3738030E+00  0.55659E-03    4     2603     4    -5     T
      521  0.3743595E+00  0.55659E-03   10     2613     4    -5     T
      522  0.3747492E+00  0.38961E-03    4     2617     4    -5     T
      523  0.3751388E+00  0.38961E-03   10     2627     4    -5     T
      524  0.3754115E+00  0.27273E-03    3     2630     4    -5     T
      525  0.3757660E+00  0.35455E-03    6     2636     4    -5     T
      526  0.3761206E+00  0.35455E-03    3     2639     4    -5     T
      527  0.3765815E+00  0.46091E-03    6     2645     4    -5     T
      528  0.3770424E+00  0.46091E-03    5     2650     4    -5     T
      529  0.3775033E+00  0.46091E-03    4     2654     4    -5     T
      530  0.3779642E+00  0.46091E-03    4     2658     4    -5     T
      531  0.3784251E+00  0.46091E-03    6     2664     4    -5     T
      532  0.3788860E+00  0.46091E-03    6     2670     4    -5     T
      533  0.3793469E+00  0.46091E-03    9     2679     4    -5     T
      534  0.3796696E+00  0.32264E-03    3     2682     4    -5     T
      535  0.3800890E+00  0.41943E-03    6     2688     4    -5     T
      536  0.3805084E+00  0.41943E-03    5     2693     4    -5     T
      537  0.3809279E+00  0.41943E-03    2     2695     4    -5     T
      538  0.3814731E+00  0.54525E-03    6     2701     4    -5     T
      539  0.3820184E+00  0.54525E-03    5     2706     4    -5     T
      540  0.3825636E+00  0.54525E-03    4     2710     4    -5     T
      541  0.3831089E+00  0.54525E-03    4     2714     4    -5     T
      542  0.3836541E+00  0.54525E-03    2     2716     4    -5     T
      543  0.3843630E+00  0.70883E-03    6     2722     4    -5     T
      544  0.3850718E+00  0.70883E-03    9     2731     4    -5     T
      545  0.3855680E+00  0.49618E-03    5     2736     4    -5     T
      546  0.3860642E+00  0.49618E-03    5     2741     4    -5     T
      547  0.3865603E+00  0.49618E-03    2     2743     4    -5     T
      548  0.3872054E+00  0.64504E-03    7     2750     4    -5     T
      549  0.3876569E+00  0.45153E-03    2     2752     4    -5     T
      550  0.3882439E+00  0.58698E-03    6     2758     4    -5     T
      551  0.3888309E+00  0.58698E-03    5     2763     4    -5     T
      552  0.3894179E+00  0.58698E-03    8     2771     4    -5     T
      553  0.3898287E+00  0.41089E-03   10     2781     4    -5     T
      554  0.3901164E+00  0.28762E-03    3     2784     4    -5     T
      555  0.3904903E+00  0.37391E-03    6     2790     4    -5     T
      556  0.3908642E+00  0.37391E-03    5     2795     4    -5     T
      557  0.3912381E+00  0.37391E-03    2     2797     4    -5     T
      558  0.3917242E+00  0.48608E-03    6     2803     4    -5     T
      559  0.3922102E+00  0.48608E-03    9     2812     4    -5     T
      560  0.3925505E+00  0.34026E-03    5     2817     4    -5     T
      561  0.3928908E+00  0.34026E-03    2     2819     4    -5     T
      562  0.3933331E+00  0.44233E-03    6     2825     4    -5     T
      563  0.3937754E+00  0.44233E-03    5     2830     4    -5     T
      564  0.3942178E+00  0.44233E-03    4     2834     4    -5     T
      565  0.3946601E+00  0.44233E-03    4     2838     4    -5     T
      566  0.3951024E+00  0.44233E-03    6     2844     4    -5     T
      567  0.3955448E+00  0.44233E-03    6     2850     4    -5     T
      568  0.3959903E+00  0.44552E-03    4     2854     4    -5     T
      569  0.3964358E+00  0.44552E-03   10     2864     4    -5     T
      570  0.3967454E+00  0.30963E-03    2     2866     4    -5     T
      571  0.3971523E+00  0.40682E-03    6     2872     4    -5     T
      572  0.3975591E+00  0.40682E-03    5     2877     4    -5     T
      573  0.3979659E+00  0.40682E-03    4     2881     4    -5     T
      574  0.3983727E+00  0.40682E-03    4     2885     4    -5     T
      575  0.3987795E+00  0.40682E-03    2     2887     4    -5     T
      576  0.3993898E+00  0.61023E-03    6     2893     4    -5     T
      577  0.4000000E+00  0.61023E-03    9     2902     4    -5     T
      578  0.4003663E+00  0.36630E-03    5     2907     4    -5     T
      579  0.4007326E+00  0.36630E-03    2     2909     4    -5     T
      580  0.4012088E+00  0.47619E-03    6     2915     4    -5     T
      581  0.4016850E+00  0.47619E-03    9     2924     4    -5     T
      582  0.4020183E+00  0.33333E-03    5     2929     4    -5     T
      583  0.4023516E+00  0.33333E-03    2     2931     4    -5     T
      584  0.4027850E+00  0.43333E-03    6     2937     4    -5     T
      585  0.4032183E+00  0.43333E-03    5     2942     4    -5     T
      586  0.4036516E+00  0.43333E-03    4     2946     4    -5     T
      587  0.4040849E+00  0.43333E-03    2     2948     4    -5     T
      588  0.4046483E+00  0.56333E-03    6     2954     4    -5     T
      589  0.4052116E+00  0.56333E-03    9     2963     4    -5     T
      590  0.4056059E+00  0.39433E-03    5     2968     4    -5     T
      591  0.4060002E+00  0.39433E-03    2     2970     4    -5     T
      592  0.4065129E+00  0.51263E-03    6     2976     4    -5     T
      593  0.4070255E+00  0.51263E-03    9     2985     4    -5     T
      594  0.4073843E+00  0.35884E-03    3     2988     4    -5     T
      595  0.4078508E+00  0.46649E-03    6     2994     4    -5     T
      596  0.4083173E+00  0.46649E-03    5     2999     4    -5     T
      597  0.4087838E+00  0.46649E-03    6     3005     4    -5     T
      598  0.4092503E+00  0.46649E-03    6     3011     4    -5     T
      599  0.4097168E+00  0.46649E-03    5     3016     4    -5     T
      600  0.4101833E+00  0.46649E-03    4     3020     4    -5     T
      601  0.4106498E+00  0.46649E-03    6     3026     4    -5     T
      602  0.4111163E+00  0.46649E-03    6     3032     4    -5     T
      603  0.4115828E+00  0.46649E-03    9     3041     4    -5     T
      604  0.4119093E+00  0.32654E-03    3     3044     4    -5     T
      605  0.4123338E+00  0.42451E-03    6     3050     4    -5     T
      606  0.4127583E+00  0.42451E-03    5     3055     4    -5     T
      607  0.4131828E+00  0.42451E-03    2     3057     4    -5     T
      608  0.4137347E+00  0.55186E-03    6     3063     4    -5     T
      609  0.4142865E+00  0.55186E-03    9     3072     4    -5     T
      610  0.4146728E+00  0.38630E-03    5     3077     4    -5     T
      611  0.4150591E+00  0.38630E-03    2     3079     4    -5     T
      612  0.4155613E+00  0.50219E-03    6     3085     4    -5     T
      613  0.4160635E+00  0.50219E-03    9     3094     4    -5     T
      614  0.4164151E+00  0.35153E-03    3     3097     4    -5     T
      615  0.4168721E+00  0.45699E-03    6     3103     4    -5     T
      616  0.4173291E+00  0.45699E-03    9     3112     4    -5     T
      617  0.4176489E+00  0.31990E-03    3     3115     4    -5     T
      618  0.4180648E+00  0.41586E-03    6     3121     4    -5     T
      619  0.4184807E+00  0.41586E-03    5     3126     4    -5     T
      620  0.4188965E+00  0.41586E-03    6     3132     4    -5     T
      621  0.4193124E+00  0.41586E-03    6     3138     4    -5     T
      622  0.4197283E+00  0.41586E-03    5     3143     4    -5     T
      623  0.4201441E+00  0.41586E-03    4     3147     4    -5     T
      624  0.4205600E+00  0.41586E-03    6     3153     4    -5     T
      625  0.4209759E+00  0.41586E-03    6     3159     4    -5     T
      626  0.4213917E+00  0.41586E-03    5     3164     4    -5     T
      627  0.4218076E+00  0.41586E-03    6     3170     4    -5     T
      628  0.4222235E+00  0.41586E-03    6     3176     4    -5     T
      629  0.4226393E+00  0.41586E-03    5     3181     4    -5     T
      630  0.4230552E+00  0.41586E-03    5     3186     4    -5     T
      631  0.4234711E+00  0.41586E-03    2     3188     4    -5     T
      632  0.4240117E+00  0.54062E-03   10     3198     4    -5     T
      633  0.4243901E+00  0.37844E-03    6     3204     4    -5     T
      634  0.4247686E+00  0.37844E-03    5     3209     4    -5     T
      635  0.4251470E+00  0.37844E-03    2     3211     4    -5     T
      636  0.4256390E+00  0.49197E-03    6     3217     4    -5     T
      637  0.4261309E+00  0.49197E-03    9     3226     4    -5     T
      638  0.4264753E+00  0.34438E-03    3     3229     4    -5     T
      639  0.4269230E+00  0.44769E-03    6     3235     4    -5     T
      640  0.4273707E+00  0.44769E-03    9     3244     4    -5     T
      641  0.4276841E+00  0.31338E-03    3     3247     4    -5     T
      642  0.4280915E+00  0.40740E-03    6     3253     4    -5     T
      643  0.4284989E+00  0.40740E-03    5     3258     4    -5     T
      644  0.4289063E+00  0.40740E-03    6     3264     4    -5     T
      645  0.4293137E+00  0.40740E-03    6     3270     4    -5     T
      646  0.4297211E+00  0.40740E-03    5     3275     4    -5     T
      647  0.4301285E+00  0.40740E-03    6     3281     4    -5     T
      648  0.4305359E+00  0.40740E-03    6     3287     4    -5     T
      649  0.4309433E+00  0.40740E-03    5     3292     4    -5     T
      650  0.4313507E+00  0.40740E-03    6     3298     4    -5     T
      651  0.4317581E+00  0.40740E-03    6     3304     4    -5     T
      652  0.4321655E+00  0.40740E-03    5     3309     4    -5     T
      653  0.4325728E+00  0.40740E-03    2     3311     4    -5     T
      654  0.4331025E+00  0.52962E-03    6     3317     4    -5     T
      655  0.4336321E+00  0.52962E-03    9     3326     4    -5     T
      656  0.4340028E+00  0.37073E-03    5     3331     4    -5     T
      657  0.4343736E+00  0.37073E-03    2     3333     4    -5     T
      658  0.4348555E+00  0.48195E-03    6     3339     4    -5     T
      659  0.4353375E+00  0.48195E-03    5     3344     4    -5     T
      660  0.4358194E+00  0.48195E-03    4     3348     4    -5     T
      661  0.4363014E+00  0.48195E-03    6     3354     4    -5     T
      662  0.4367833E+00  0.48195E-03    6     3360     4    -5     T
      663  0.4372653E+00  0.48195E-03    9     3369     4    -5     T
      664  0.4376026E+00  0.33737E-03    3     3372     4    -5     T
      665  0.4380412E+00  0.43858E-03    6     3378     4    -5     T
      666  0.4384798E+00  0.43858E-03    5     3383     4    -5     T
      667  0.4389184E+00  0.43858E-03    6     3389     4    -5     T
      668  0.4393569E+00  0.43858E-03    6     3395     4    -5     T
      669  0.4397955E+00  0.43858E-03    5     3400     4    -5     T
      670  0.4402341E+00  0.43858E-03   10     3410     4    -5     T
      671  0.4405411E+00  0.30700E-03    6     3416     4    -5     T
      672  0.4408481E+00  0.30700E-03    5     3421     4    -5     T
      673  0.4411551E+00  0.30700E-03    6     3427     4    -5     T
      674  0.4414621E+00  0.30700E-03    6     3433     4    -5     T
      675  0.4417691E+00  0.30700E-03    5     3438     4    -5     T
      676  0.4420761E+00  0.30700E-03    2     3440     4    -5     T
      677  0.4424752E+00  0.39910E-03    6     3446     4    -5     T
      678  0.4428743E+00  0.39910E-03    5     3451     4    -5     T
      679  0.4432734E+00  0.39910E-03    3     3454     4    -5     T
      680  0.4437923E+00  0.51884E-03    6     3460     4    -5     T
      681  0.4443111E+00  0.51884E-03    5     3465     4    -5     T
      682  0.4448299E+00  0.51884E-03    8     3473     4    -5     T
      683  0.4451931E+00  0.36319E-03    2     3475     4    -5     T
      684  0.4456738E+00  0.48069E-03    6     3481     4    -5     T
      685  0.4461545E+00  0.48069E-03    9     3490     4    -5     T
      686  0.4464850E+00  0.33050E-03    5     3495     4    -5     T
      687  0.4468155E+00  0.33050E-03    2     3497     4    -5     T
      688  0.4472704E+00  0.45493E-03    6     3503     4    -5     T
      689  0.4477254E+00  0.45493E-03    5     3508     4    -5     T
      690  0.4481803E+00  0.45493E-03    4     3512     4    -5     T
      691  0.4486352E+00  0.45493E-03    2     3514     4    -5     T
      692  0.4493176E+00  0.68239E-03    6     3520     4    -5     T
      693  0.4500000E+00  0.68239E-03    9     3529     4    -5     T
      694  0.4503910E+00  0.39098E-03    5     3534     4    -5     T
      695  0.4507820E+00  0.39098E-03    2     3536     4    -5     T
      696  0.4512902E+00  0.50827E-03    6     3542     4    -5     T
      697  0.4517985E+00  0.50827E-03    9     3551     4    -5     T
      698  0.4521543E+00  0.35579E-03    5     3556     4    -5     T
      699  0.4525101E+00  0.35579E-03    2     3558     4    -5     T
      700  0.4529726E+00  0.46253E-03    6     3564     4    -5     T
      701  0.4534351E+00  0.46253E-03    9     3573     4    -5     T
      702  0.4537589E+00  0.32377E-03    3     3576     4    -5     T
      703  0.4541798E+00  0.42090E-03    6     3582     4    -5     T
      704  0.4546007E+00  0.42090E-03    5     3587     4    -5     T
      705  0.4550216E+00  0.42090E-03    3     3590     4    -5     T
      706  0.4555688E+00  0.54717E-03    6     3596     4    -5     T
      707  0.4561160E+00  0.54717E-03    9     3605     4    -5     T
      708  0.4564990E+00  0.38302E-03    5     3610     4    -5     T
      709  0.4568820E+00  0.38302E-03    2     3612     4    -5     T
      710  0.4573799E+00  0.49793E-03    6     3618     4    -5     T
      711  0.4578779E+00  0.49793E-03    9     3627     4    -5     T
      712  0.4582264E+00  0.34855E-03    3     3630     4    -5     T
      713  0.4586795E+00  0.45311E-03    6     3636     4    -5     T
      714  0.4591326E+00  0.45311E-03    5     3641     4    -5     T
      715  0.4595857E+00  0.45311E-03   10     3651     4    -5     T
      716  0.4599029E+00  0.31718E-03    6     3657     4    -5     T
      717  0.4602201E+00  0.31718E-03    5     3662     4    -5     T
      718  0.4605373E+00  0.31718E-03    6     3668     4    -5     T
      719  0.4608545E+00  0.31718E-03    6     3674     4    -5     T
      720  0.4611716E+00  0.31718E-03    5     3679     4    -5     T
      721  0.4614888E+00  0.31718E-03    2     3681     4    -5     T
      722  0.4619012E+00  0.41233E-03    6     3687     4    -5     T
      723  0.4623135E+00  0.41233E-03    5     3692     4    -5     T
      724  0.4627258E+00  0.41233E-03    8     3700     4    -5     T
      725  0.4630145E+00  0.28863E-03    2     3702     4    -5     T
      726  0.4633897E+00  0.37522E-03    6     3708     4    -5     T
      727  0.4637649E+00  0.37522E-03    5     3713     4    -5     T
      728  0.4641401E+00  0.37522E-03    2     3715     4    -5     T
      729  0.4646279E+00  0.48779E-03    6     3721     4    -5     T
      730  0.4651157E+00  0.48779E-03    5     3726     4    -5     T
      731  0.4656035E+00  0.48779E-03    2     3728     4    -5     T
      732  0.4662376E+00  0.63413E-03    6     3734     4    -5     T
      733  0.4668717E+00  0.63413E-03    9     3743     4    -5     T
      734  0.4673156E+00  0.44389E-03    5     3748     4    -5     T
      735  0.4677595E+00  0.44389E-03    5     3753     4    -5     T
      736  0.4682034E+00  0.44389E-03    6     3759     4    -5     T
      737  0.4686473E+00  0.44389E-03    6     3765     4    -5     T
      738  0.4690912E+00  0.44389E-03    9     3774     4    -5     T
      739  0.4694019E+00  0.31072E-03    3     3777     4    -5     T
      740  0.4698059E+00  0.40394E-03    6     3783     4    -5     T
      741  0.4702098E+00  0.40394E-03    5     3788     4    -5     T
      742  0.4706137E+00  0.40394E-03    6     3794     4    -5     T
      743  0.4710177E+00  0.40394E-03    6     3800     4    -5     T
      744  0.4714216E+00  0.40394E-03    5     3805     4    -5     T
      745  0.4718255E+00  0.40394E-03   10     3815     4    -5     T
      746  0.4721083E+00  0.28276E-03    6     3821     4    -5     T
      747  0.4723911E+00  0.28276E-03    5     3826     4    -5     T
      748  0.4726738E+00  0.28276E-03    2     3828     4    -5     T
      749  0.4730414E+00  0.36758E-03    6     3834     4    -5     T
      750  0.4734090E+00  0.36758E-03    5     3839     4    -5     T
      751  0.4737766E+00  0.36758E-03    2     3841     4    -5     T
      752  0.4742544E+00  0.47786E-03    6     3847     4    -5     T
      753  0.4747323E+00  0.47786E-03    5     3852     4    -5     T
      754  0.4752101E+00  0.47786E-03    5     3857     4    -5     T
      755  0.4756880E+00  0.47786E-03    6     3863     4    -5     T
      756  0.4761659E+00  0.47786E-03    5     3868     4    -5     T
      757  0.4766437E+00  0.47786E-03    3     3871     4    -5     T
      758  0.4772649E+00  0.62122E-03    6     3877     4    -5     T
      759  0.4778862E+00  0.62122E-03    9     3886     4    -5     T
      760  0.4783210E+00  0.43485E-03    5     3891     4    -5     T
      761  0.4787559E+00  0.43485E-03    6     3897     4    -5     T
      762  0.4791907E+00  0.43485E-03    6     3903     4    -5     T
      763  0.4796256E+00  0.43485E-03    5     3908     4    -5     T
      764  0.4800604E+00  0.43485E-03   10     3918     4    -5     T
      765  0.4803648E+00  0.30440E-03    6     3924     4    -5     T
      766  0.4806692E+00  0.30440E-03    5     3929     4    -5     T
      767  0.4809736E+00  0.30440E-03    6     3935     4    -5     T
      768  0.4812780E+00  0.30440E-03    6     3941     4    -5     T
      769  0.4815824E+00  0.30440E-03    5     3946     4    -5     T
      770  0.4818868E+00  0.30440E-03    2     3948     4    -5     T
      771  0.4822825E+00  0.39572E-03    6     3954     4    -5     T
      772  0.4826782E+00  0.39572E-03    5     3959     4    -5     T
      773  0.4830739E+00  0.39572E-03    2     3961     4    -5     T
      774  0.4835884E+00  0.51443E-03    6     3967     4    -5     T
      775  0.4841028E+00  0.51443E-03    9     3976     4    -5     T
      776  0.4844629E+00  0.36010E-03    5     3981     4    -5     T
      777  0.4848230E+00  0.36010E-03    2     3983     4    -5     T
      778  0.4852911E+00  0.46813E-03    6     3989     4    -5     T
      779  0.4857593E+00  0.46813E-03    9     3998     4    -5     T
      780  0.4860870E+00  0.32769E-03    5     4003     4    -5     T
      781  0.4864147E+00  0.32769E-03    2     4005     4    -5     T
      782  0.4868407E+00  0.42600E-03    6     4011     4    -5     T
      783  0.4872666E+00  0.42600E-03    5     4016     4    -5     T
      784  0.4876926E+00  0.42600E-03    6     4022     4    -5     T
      785  0.4881186E+00  0.42600E-03    6     4028     4    -5     T
      786  0.4885446E+00  0.42600E-03    5     4033     4    -5     T
      787  0.4889706E+00  0.42600E-03    2     4035     4    -5     T
      788  0.4895244E+00  0.55380E-03   11     4046     4    -5     T
      789  0.4899121E+00  0.38766E-03    5     4051     4    -5     T
      790  0.4902998E+00  0.38766E-03    6     4057     4    -5     T
      791  0.4906874E+00  0.38766E-03    6     4063     4    -5     T
      792  0.4910751E+00  0.38766E-03    5     4068     4    -5     T
      793  0.4914627E+00  0.38766E-03   10     4078     4    -5     T
      794  0.4917341E+00  0.27136E-03    6     4084     4    -5     T
      795  0.4920055E+00  0.27136E-03    5     4089     4    -5     T
      796  0.4922768E+00  0.27136E-03    2     4091     4    -5     T
      797  0.4926296E+00  0.35277E-03    6     4097     4    -5     T
      798  0.4929824E+00  0.35277E-03    5     4102     4    -5     T
      799  0.4933351E+00  0.35277E-03    2     4104     4    -5     T
      800  0.4937937E+00  0.45860E-03    6     4110     4    -5     T
      801  0.4942523E+00  0.45860E-03    5     4115     4    -5     T
      802  0.4947109E+00  0.45860E-03    8     4123     4    -5     T
      803  0.4950320E+00  0.32102E-03    2     4125     4    -5     T
      804  0.4954493E+00  0.41733E-03    6     4131     4    -5     T
      805  0.4958666E+00  0.41733E-03    5     4136     4    -5     T
      806  0.4962800E+00  0.41334E-03    2     4138     4    -5     T
      807  0.4968114E+00  0.53144E-03    6     4144     4    -5     T
      808  0.4973428E+00  0.53144E-03    5     4149     4    -5     T
      809  0.4978743E+00  0.53144E-03    2     4151     4    -5     T
      810  0.4985828E+00  0.70858E-03   10     4161     4    -5     T
      811  0.4990552E+00  0.47239E-03    5     4166     4    -5     T
      812  0.4995276E+00  0.47239E-03    2     4168     4    -5     T
      813  0.5000000E+00  0.47239E-03   10     4178     4    -5     T
      814  0.5003456E+00  0.34559E-03    8     4186    -4    -5     T
      815  0.5005875E+00  0.24191E-03    4     4190    -4    -5     T
      816  0.5008294E+00  0.24191E-03    2     4192    -4    -5     T
      817  0.5011439E+00  0.31449E-03    2     4194    -4    -5     T
      818  0.5015527E+00  0.40883E-03    2     4196    -4    -5     T
      819  0.5020842E+00  0.53148E-03    4     4200    -4    -5     T
      820  0.5026157E+00  0.53148E-03    2     4202    -4    -5     T
      821  0.5033066E+00  0.69092E-03    3     4205    -4    -5     T
      822  0.5042048E+00  0.89820E-03    4     4209    -4    -5     T
      823  0.5051030E+00  0.89820E-03    4     4213    -4    -5     T
      824  0.5060012E+00  0.89820E-03    4     4217    -4    -5     T
      825  0.5068994E+00  0.89820E-03    5     4222    -4    -5     T
      826  0.5077976E+00  0.89820E-03    4     4226    -4    -5     T
      827  0.5086958E+00  0.89820E-03    4     4230    -4    -5     T
      828  0.5095940E+00  0.89820E-03    5     4235    -4    -5     T
      829  0.5104922E+00  0.89820E-03    5     4240    -4    -5     T
      830  0.5113904E+00  0.89820E-03    3     4243    -4    -5     T
      831  0.5125581E+00  0.11677E-02    4     4247    -4    -5     T
      832  0.5137258E+00  0.11677E-02    5     4252    -4    -5     T
      833  0.5148934E+00  0.11677E-02    4     4256    -4    -5     T
      834  0.5160611E+00  0.11677E-02    5     4261    -4    -5     T
      835  0.5172287E+00  0.11677E-02    4     4265    -4    -5     T
      836  0.5183964E+00  0.11677E-02    5     4270    -4    -5     T
      837  0.5195641E+00  0.11677E-02    4     4274    -4    -5     T
      838  0.5207317E+00  0.11677E-02    4     4278    -4    -5     T
      839  0.5218994E+00  0.11677E-02    5     4283    -4    -5     T
      840  0.5230671E+00  0.11677E-02    4     4287    -4    -5     T
      841  0.5242347E+00  0.11677E-02    4     4291    -4    -5     T
      842  0.5254024E+00  0.11677E-02    4     4295    -4    -5     T
      843  0.5265700E+00  0.11677E-02    4     4299    -4    -5     T
      844  0.5277377E+00  0.11677E-02    4     4303    -4    -5     T
      845  0.5289054E+00  0.11677E-02    4     4307    -4    -5     T
      846  0.5300730E+00  0.11677E-02    3     4310    -4    -5     T
      847  0.5315910E+00  0.15180E-02    5     4315    -4    -5     T
      848  0.5331089E+00  0.15180E-02    5     4320    -4    -5     T
      849  0.5346269E+00  0.15180E-02    4     4324    -4    -5     T
      850  0.5361642E+00  0.15373E-02    5     4329    -4    -5     T
      851  0.5377015E+00  0.15373E-02    4     4333    -4    -5     T
      852  0.5392388E+00  0.15373E-02    5     4338    -4    -5     T
      853  0.5407761E+00  0.15373E-02    4     4342    -4    -5     T
      854  0.5423135E+00  0.15373E-02    4     4346    -4    -5     T
      855  0.5438508E+00  0.15373E-02    5     4351    -4    -5     T
      856  0.5453881E+00  0.15373E-02    4     4355    -4    -5     T
      857  0.5469254E+00  0.15373E-02    4     4359    -4    -5     T
      858  0.5484627E+00  0.15373E-02    4     4363    -4    -5     T
      859  0.5500000E+00  0.15373E-02    4     4367    -4    -5     T
      860  0.5515180E+00  0.15180E-02    4     4371    -4    -5     T
      861  0.5530359E+00  0.15180E-02    4     4375    -4    -5     T
      862  0.5545539E+00  0.15180E-02    5     4380    -4    -5     T
      863  0.5560718E+00  0.15180E-02    4     4384    -4    -5     T
      864  0.5575898E+00  0.15180E-02    3     4387    -4    -5     T
      865  0.5595632E+00  0.19733E-02    2     4389    -4    -5     T
      866  0.5621285E+00  0.25654E-02    5     4394    -4    -5     T
      867  0.5646939E+00  0.25654E-02    5     4399    -4    -5     T
      868  0.5672592E+00  0.25654E-02    5     4404    -4    -5     T
      869  0.5698246E+00  0.25654E-02    4     4408    -4    -5     T
      870  0.5723899E+00  0.25654E-02    5     4413    -4    -5     T
      871  0.5749553E+00  0.25654E-02    5     4418    -4    -5     T
      872  0.5774597E+00  0.25045E-02    3     4421    -4    -5     T
      873  0.5806798E+00  0.32200E-02    6     4427    -4    -5     T
      874  0.5838998E+00  0.32200E-02    5     4432    -4    -5     T
      875  0.5871199E+00  0.32200E-02    5     4437    -4    -5     T
      876  0.5903399E+00  0.32200E-02    5     4442    -4    -5     T
      877  0.5935599E+00  0.32200E-02    4     4446    -4    -5     T
      878  0.5967800E+00  0.32200E-02    6     4452    -4    -5     T
      879  0.6000000E+00  0.32200E-02    5     4457    -4    -5     T
      880  0.6033350E+00  0.33350E-02    5     4462    -4    -5     T
      881  0.6066699E+00  0.33350E-02    5     4467    -4    -5     T
      882  0.6100049E+00  0.33350E-02    5     4472    -4    -5     T
      883  0.6133398E+00  0.33350E-02    4     4476    -4    -5     T
      884  0.6166748E+00  0.33350E-02    4     4480    -4    -5     T
      885  0.6200073E+00  0.33325E-02    5     4485    -4    -5     T
      886  0.6233398E+00  0.33325E-02    4     4489    -4    -5     T
      887  0.6266724E+00  0.33325E-02    4     4493    -4    -5     T
      888  0.6300049E+00  0.33325E-02    4     4497    -4    -5     T
      889  0.6333374E+00  0.33325E-02    4     4501    -4    -5     T
      890  0.6366699E+00  0.33325E-02    5     4506    -4    -5     T
      891  0.6400024E+00  0.33325E-02    4     4510    -4    -5     T
      892  0.6433350E+00  0.33325E-02    4     4514    -4    -5     T
      893  0.6466675E+00  0.33325E-02    4     4518    -4    -5     T
      894  0.6500000E+00  0.33325E-02    5     4523    -4    -5     T
      895  0.6533350E+00  0.33350E-02    4     4527    -4    -5     T
      896  0.6566699E+00  0.33350E-02    4     4531    -4    -5     T
      897  0.6600049E+00  0.33350E-02    4     4535    -4    -5     T
      898  0.6633398E+00  0.33350E-02    5     4540    -4    -5     T
      899  0.6666748E+00  0.33350E-02    5     4545    -4    -5     T
      900  0.6700073E+00  0.33325E-02    4     4549    -4    -5     T
      901  0.6733398E+00  0.33325E-02    4     4553    -4    -5     T
      902  0.6766724E+00  0.33325E-02    4     4557    -4    -5     T
      903  0.6800049E+00  0.33325E-02    5     4562    -4    -5     T
      904  0.6833374E+00  0.33325E-02    4     4566    -4    -5     T
      905  0.6866699E+00  0.33325E-02    3     4569    -4    -5     T
      906  0.6911133E+00  0.44434E-02    4     4573    -4    -5     T
      907  0.6955566E+00  0.44434E-02    4     4577    -4    -5     T
      908  0.7000000E+00  0.44434E-02    5     4582    -4    -5     T
      909  0.7043354E+00  0.43354E-02    5     4587    -4    -5     T
      910  0.7086709E+00  0.43354E-02    3     4590    -4    -5     T
      911  0.7145751E+00  0.59042E-02    6     4596    -4    -5     T
      912  0.7204792E+00  0.59042E-02    5     4601    -4    -5     T
      913  0.7263834E+00  0.59042E-02    4     4605    -4    -5     T
      914  0.7322875E+00  0.59042E-02    5     4610    -4    -5     T
      915  0.7381917E+00  0.59042E-02    5     4615    -4    -5     T
      916  0.7440958E+00  0.59042E-02    5     4620    -4    -5     T
      917  0.7500000E+00  0.59042E-02    5     4625    -4    -5     T
      918  0.7555556E+00  0.55556E-02    5     4630    -4    -5     T
      919  0.7611111E+00  0.55556E-02    4     4634    -4    -5     T
      920  0.7666667E+00  0.55556E-02    4     4638    -4    -5     T
      921  0.7722222E+00  0.55556E-02    5     4643    -4    -5     T
      922  0.7777778E+00  0.55556E-02    3     4646    -4    -5     T
      923  0.7851852E+00  0.74074E-02    4     4650    -4    -5     T
      924  0.7925926E+00  0.74074E-02    6     4656    -4    -5     T
      925  0.8000000E+00  0.74074E-02    5     4661    -4    -5     T
      926  0.8071429E+00  0.71429E-02    5     4666    -4    -5     T
      927  0.8142857E+00  0.71429E-02    5     4671    -4    -5     T
      928  0.8214286E+00  0.71429E-02    4     4675    -4    -5     T
      929  0.8285714E+00  0.71429E-02    5     4680    -4    -5     T
      930  0.8357143E+00  0.71429E-02    5     4685    -4    -5     T
      931  0.8428571E+00  0.71429E-02    4     4689    -4    -5     T
      932  0.8500000E+00  0.71429E-02    5     4694    -4    -5     T
      933  0.8571429E+00  0.71429E-02    5     4699    -4    -5     T
      934  0.8642857E+00  0.71429E-02    4     4703    -4    -5     T
      935  0.8714286E+00  0.71429E-02    5     4708    -4    -5     T
      936  0.8785714E+00  0.71429E-02    5     4713    -4    -5     T
      937  0.8857143E+00  0.71429E-02    4     4717    -4    -5     T
      938  0.8928571E+00  0.71429E-02    4     4721    -4    -5     T
      939  0.9000000E+00  0.71429E-02    5     4726    -4    -5     T
      940  0.9071429E+00  0.71429E-02    4     4730    -4    -5     T
      941  0.9142857E+00  0.71429E-02    3     4733    -4    -5     T
      942  0.9232143E+00  0.89286E-02    5     4738    -4    -5     T
      943  0.9321429E+00  0.89286E-02    4     4742    -4    -5     T
      944  0.9410714E+00  0.89286E-02    4     4746    -4    -5     T
      945  0.9500000E+00  0.89286E-02    5     4751    -4    -5     T
      946  0.9600000E+00  0.10000E-01    5     4756    -4    -5     T
      947  0.9700000E+00  0.10000E-01    5     4761    -4    -5     T
      948  0.9800000E+00  0.10000E-01    5     4766    -4    -5     T
      949  0.9900000E+00  0.10000E-01    3     4769    -4    -5     T
      950  0.1000000E+01  0.10000E-01    5     4774    -4    -5     T
end
