 ******* Program HYDRUS
 ******* Traceur inerte, loam sableux, q=10 cm/j, dispersivite 0.5 cm            
 Date:   0. 0.    Time: 512:**:**
 Units: L = cm   , T = days , M = g    

----------------------------------------------------------
 Time       [T]        0.0000
----------------------------------------------------------
 Sub-region num.                     1
----------------------------------------------------------
 Area     [L]        0.60000E+02  0.60000E+02
 W-volume [L]        0.19790E+02  0.19790E+02
 In-flow  [L/T]      0.00000E+00  0.00000E+00
 h Mean   [L]       -0.11484E+02 -0.11484E+02
 ConcVol  [M/L2] 1   0.00000E+00  0.00000E+00
 cMean    [M/L3] 1   0.00000E+00  0.00000E+00
 Top Flux [L/T]     -0.10153E+02
 Bot Flux [L/T]     -0.10153E+02
----------------------------------------------------------

----------------------------------------------------------
 Time       [T]        0.5000
----------------------------------------------------------
 Sub-region num.                     1
----------------------------------------------------------
 Area     [L]        0.60000E+02  0.60000E+02
 W-volume [L]        0.19757E+02  0.19757E+02
 In-flow  [L/T]     -0.21562E-02 -0.21562E-02
 h Mean   [L]       -0.11547E+02 -0.11547E+02
 ConcVol  [M/L2] 1   0.50001E+01  0.50001E+01
 cMean    [M/L3] 1   0.25308E+00  0.25308E+00
 Top Flux [L/T]     -0.10000E+02
 Bot Flux [L/T]     -0.10002E+02
 WatBalT  [L]       -0.53234E-05
 WatBalR  [%]              0.000
 CncBalT  [M]    1   0.77248E-04
 CncBalR  [%]    1         0.002
----------------------------------------------------------

----------------------------------------------------------
 Time       [T]        1.0000
----------------------------------------------------------
 Sub-region num.                     1
----------------------------------------------------------
 Area     [L]        0.60000E+02  0.60000E+02
 W-volume [L]        0.19757E+02  0.19757E+02
 In-flow  [L/T]     -0.17964E-03 -0.17964E-03
 h Mean   [L]       -0.11547E+02 -0.11547E+02
 ConcVol  [M/L2] 1   0.50001E+01  0.50001E+01
 cMean    [M/L3] 1   0.25308E+00  0.25308E+00
 Top Flux [L/T]     -0.10000E+02
 Bot Flux [L/T]     -0.10000E+02
 WatBalT  [L]       -0.44703E-06
 WatBalR  [%]              0.000
 CncBalT  [M]    1   0.77724E-04
 CncBalR  [%]    1         0.002
----------------------------------------------------------

----------------------------------------------------------
 Time       [T]        1.5000
----------------------------------------------------------
 Sub-region num.                     1
----------------------------------------------------------
 Area     [L]        0.60000E+02  0.60000E+02
 W-volume [L]        0.19757E+02  0.19757E+02
 In-flow  [L/T]      0.46251E-04  0.46251E-04
 h Mean   [L]       -0.11547E+02 -0.11547E+02
 ConcVol  [M/L2] 1   0.49858E+01  0.49858E+01
 cMean    [M/L3] 1   0.25236E+00  0.25236E+00
 Top Flux [L/T]     -0.10000E+02
 Bot Flux [L/T]     -0.10000E+02
 WatBalT  [L]        0.28525E-04
 WatBalR  [%]              0.000
 CncBalT  [M]    1   0.19317E-02
 CncBalR  [%]    1         0.039
----------------------------------------------------------

----------------------------------------------------------
 Time       [T]        2.0000
----------------------------------------------------------
 Sub-region num.                     1
----------------------------------------------------------
 Area     [L]        0.60000E+02  0.60000E+02
 W-volume [L]        0.19757E+02  0.19757E+02
 In-flow  [L/T]     -0.23785E-04 -0.23785E-04
 h Mean   [L]       -0.11547E+02 -0.11547E+02
 ConcVol  [M/L2] 1   0.38632E+01  0.38632E+01
 cMean    [M/L3] 1   0.19554E+00  0.19554E+00
 Top Flux [L/T]     -0.10000E+02
 Bot Flux [L/T]     -0.10000E+02
 WatBalT  [L]        0.58278E-04
 WatBalR  [%]              0.000
 CncBalT  [M]    1   0.45469E-01
 CncBalR  [%]    1         0.735
----------------------------------------------------------

----------------------------------------------------------
 Time       [T]        2.5000
----------------------------------------------------------
 Sub-region num.                     1
----------------------------------------------------------
 Area     [L]        0.60000E+02  0.60000E+02
 W-volume [L]        0.19757E+02  0.19757E+02
 In-flow  [L/T]     -0.18634E-03 -0.18634E-03
 h Mean   [L]       -0.11547E+02 -0.11547E+02
 ConcVol  [M/L2] 1   0.87038E+00  0.87038E+00
 cMean    [M/L3] 1   0.44055E-01  0.44055E-01
 Top Flux [L/T]     -0.10000E+02
 Bot Flux [L/T]     -0.10000E+02
 WatBalT  [L]        0.50317E-04
 WatBalR  [%]              0.000
 CncBalT  [M]    1   0.32896E-01
 CncBalR  [%]    1         0.359
----------------------------------------------------------

----------------------------------------------------------
 Time       [T]        3.0000
----------------------------------------------------------
 Sub-region num.                     1
----------------------------------------------------------
 Area     [L]        0.60000E+02  0.60000E+02
 W-volume [L]        0.19757E+02  0.19757E+02
 In-flow  [L/T]      0.19294E-03  0.19294E-03
 h Mean   [L]       -0.11547E+02 -0.11547E+02
 ConcVol  [M/L2] 1   0.36639E-01  0.36639E-01
 cMean    [M/L3] 1   0.18545E-02  0.18545E-02
 Top Flux [L/T]     -0.10000E+02
 Bot Flux [L/T]     -0.10000E+02
 WatBalT  [L]        0.52668E-04
 WatBalR  [%]              0.000
 CncBalT  [M]    1   0.23007E-02
 CncBalR  [%]    1         0.023
----------------------------------------------------------

----------------------------------------------------------
 Time       [T]        3.5000
----------------------------------------------------------
 Sub-region num.                     1
----------------------------------------------------------
 Area     [L]        0.60000E+02  0.60000E+02
 W-volume [L]        0.19757E+02  0.19757E+02
 In-flow  [L/T]     -0.31058E-03 -0.31058E-03
 h Mean   [L]       -0.11547E+02 -0.11547E+02
 ConcVol  [M/L2] 1   0.41418E-03  0.41418E-03
 cMean    [M/L3] 1   0.20964E-04  0.20964E-04
 Top Flux [L/T]     -0.10000E+02
 Bot Flux [L/T]     -0.99999E+01
 WatBalT  [L]        0.37465E-04
 WatBalR  [%]              0.000
 CncBalT  [M]    1   0.10867E-03
 CncBalR  [%]    1         0.001
----------------------------------------------------------

----------------------------------------------------------
 Time       [T]        4.0000
----------------------------------------------------------
 Sub-region num.                     1
----------------------------------------------------------
 Area     [L]        0.60000E+02  0.60000E+02
 W-volume [L]        0.19757E+02  0.19757E+02
 In-flow  [L/T]      0.71361E-04  0.71361E-04
 h Mean   [L]       -0.11547E+02 -0.11547E+02
 ConcVol  [M/L2] 1   0.19329E-05  0.19329E-05
 cMean    [M/L3] 1   0.97836E-07  0.97836E-07
 Top Flux [L/T]     -0.10000E+02
 Bot Flux [L/T]     -0.10000E+02
 WatBalT  [L]        0.53722E-04
 WatBalR  [%]              0.000
 CncBalT  [M]    1   0.77384E-04
 CncBalR  [%]    1         0.001
----------------------------------------------------------

----------------------------------------------------------
 Time       [T]        4.5000
----------------------------------------------------------
 Sub-region num.                     1
----------------------------------------------------------
 Area     [L]        0.60000E+02  0.60000E+02
 W-volume [L]        0.19757E+02  0.19757E+02
 In-flow  [L/T]      0.21012E-03  0.21012E-03
 h Mean   [L]       -0.11547E+02 -0.11547E+02
 ConcVol  [M/L2] 1   0.49845E-08  0.49845E-08
 cMean    [M/L3] 1   0.25229E-09  0.25229E-09
 Top Flux [L/T]     -0.10000E+02
 Bot Flux [L/T]     -0.10000E+02
 WatBalT  [L]        0.70926E-04
 WatBalR  [%]              0.000
 CncBalT  [M]    1   0.77219E-04
 CncBalR  [%]    1         0.001
----------------------------------------------------------

----------------------------------------------------------
 Time       [T]        5.0000
----------------------------------------------------------
 Sub-region num.                     1
----------------------------------------------------------
 Area     [L]        0.60000E+02  0.60000E+02
 W-volume [L]        0.19757E+02  0.19757E+02
 In-flow  [L/T]      0.92510E-04  0.92510E-04
 h Mean   [L]       -0.11547E+02 -0.11547E+02
 ConcVol  [M/L2] 1   0.85342E-11  0.85342E-11
 cMean    [M/L3] 1   0.43197E-12  0.43197E-12
 Top Flux [L/T]     -0.10000E+02
 Bot Flux [L/T]     -0.10000E+02
 WatBalT  [L]        0.59746E-04
 WatBalR  [%]              0.000
 CncBalT  [M]    1   0.77219E-04
 CncBalR  [%]    1         0.001
----------------------------------------------------------

----------------------------------------------------------
 Time       [T]        5.5000
----------------------------------------------------------
 Sub-region num.                     1
----------------------------------------------------------
 Area     [L]        0.60000E+02  0.60000E+02
 W-volume [L]        0.19757E+02  0.19757E+02
 In-flow  [L/T]     -0.71363E-04 -0.71363E-04
 h Mean   [L]       -0.11547E+02 -0.11547E+02
 ConcVol  [M/L2] 1   0.10909E-13  0.10909E-13
 cMean    [M/L3] 1   0.55215E-15  0.55215E-15
 Top Flux [L/T]     -0.10000E+02
 Bot Flux [L/T]     -0.10000E+02
 WatBalT  [L]        0.67178E-04
 WatBalR  [%]              0.000
 CncBalT  [M]    1   0.77219E-04
 CncBalR  [%]    1         0.001
----------------------------------------------------------

----------------------------------------------------------
 Time       [T]        6.0000
----------------------------------------------------------
 Sub-region num.                     1
----------------------------------------------------------
 Area     [L]        0.60000E+02  0.60000E+02
 W-volume [L]        0.19757E+02  0.19757E+02
 In-flow  [L/T]     -0.81937E-04 -0.81937E-04
 h Mean   [L]       -0.11547E+02 -0.11547E+02
 ConcVol  [M/L2] 1   0.11249E-16  0.11249E-16
 cMean    [M/L3] 1   0.56937E-18  0.56937E-18
 Top Flux [L/T]     -0.10000E+02
 Bot Flux [L/T]     -0.10000E+02
 WatBalT  [L]        0.59083E-04
 WatBalR  [%]              0.000
 CncBalT  [M]    1   0.77219E-04
 CncBalR  [%]    1         0.001
----------------------------------------------------------

 Calculation time [sec]  -1884424412.0000000     
