 ******* Program HYDRUS
 ******* Traceur inerte, loam sableux, q=10 cm/j, dispersivite 0.5 cm            
 Date:   0. 0.    Time: 512:**:**
 Units: L = cm   , T = days , M = g    

 CosAlf,MaxIt,TolTh,  TolH
 1.000   20   0.001 1.00000

 TopInF,BotInF,AtmBC,SinkF,WLayer,qGWLF,FreeD,SeepF,lWat,lChem,lTemp,lRoot,lWDep
     F     F     F     F     F     F     T     F     T     T     F     F     F

Nodal point information

node      x         hOld    MatN LayN  Beta      Ah       AK      ATh     Temp    Conc(1...NS)         Sorb(1...NS)

   1      0.000    -11.484    1    1   0.000    1.000    1.000    1.000   20.00  0.0000E+00
   2     -0.500    -11.484    1    1   0.000    1.000    1.000    1.000   20.00  0.0000E+00
   3     -1.000    -11.484    1    1   0.000    1.000    1.000    1.000   20.00  0.0000E+00
   4     -1.500    -11.484    1    1   0.000    1.000    1.000    1.000   20.00  0.0000E+00
   5     -2.000    -11.484    1    1   0.000    1.000    1.000    1.000   20.00  0.0000E+00
   6     -2.500    -11.484    1    1   0.000    1.000    1.000    1.000   20.00  0.0000E+00
   7     -3.000    -11.484    1    1   0.000    1.000    1.000    1.000   20.00  0.0000E+00
   8     -3.500    -11.484    1    1   0.000    1.000    1.000    1.000   20.00  0.0000E+00
   9     -4.000    -11.484    1    1   0.000    1.000    1.000    1.000   20.00  0.0000E+00
  10     -4.500    -11.484    1    1   0.000    1.000    1.000    1.000   20.00  0.0000E+00
  11     -5.000    -11.484    1    1   0.000    1.000    1.000    1.000   20.00  0.0000E+00
  12     -5.500    -11.484    1    1   0.000    1.000    1.000    1.000   20.00  0.0000E+00
  13     -6.000    -11.484    1    1   0.000    1.000    1.000    1.000   20.00  0.0000E+00
  14     -6.500    -11.484    1    1   0.000    1.000    1.000    1.000   20.00  0.0000E+00
  15     -7.000    -11.484    1    1   0.000    1.000    1.000    1.000   20.00  0.0000E+00
  16     -7.500    -11.484    1    1   0.000    1.000    1.000    1.000   20.00  0.0000E+00
  17     -8.000    -11.484    1    1   0.000    1.000    1.000    1.000   20.00  0.0000E+00
  18     -8.500    -11.484    1    1   0.000    1.000    1.000    1.000   20.00  0.0000E+00
  19     -9.000    -11.484    1    1   0.000    1.000    1.000    1.000   20.00  0.0000E+00
  20     -9.500    -11.484    1    1   0.000    1.000    1.000    1.000   20.00  0.0000E+00
  21    -10.000    -11.484    1    1   0.000    1.000    1.000    1.000   20.00  0.0000E+00
  22    -10.500    -11.484    1    1   0.000    1.000    1.000    1.000   20.00  0.0000E+00
  23    -11.000    -11.484    1    1   0.000    1.000    1.000    1.000   20.00  0.0000E+00
  24    -11.500    -11.484    1    1   0.000    1.000    1.000    1.000   20.00  0.0000E+00
  25    -12.000    -11.484    1    1   0.000    1.000    1.000    1.000   20.00  0.0000E+00
  26    -12.500    -11.484    1    1   0.000    1.000    1.000    1.000   20.00  0.0000E+00
  27    -13.000    -11.484    1    1   0.000    1.000    1.000    1.000   20.00  0.0000E+00
  28    -13.500    -11.484    1    1   0.000    1.000    1.000    1.000   20.00  0.0000E+00
  29    -14.000    -11.484    1    1   0.000    1.000    1.000    1.000   20.00  0.0000E+00
  30    -14.500    -11.484    1    1   0.000    1.000    1.000    1.000   20.00  0.0000E+00
  31    -15.000    -11.484    1    1   0.000    1.000    1.000    1.000   20.00  0.0000E+00
  32    -15.500    -11.484    1    1   0.000    1.000    1.000    1.000   20.00  0.0000E+00
  33    -16.000    -11.484    1    1   0.000    1.000    1.000    1.000   20.00  0.0000E+00
  34    -16.500    -11.484    1    1   0.000    1.000    1.000    1.000   20.00  0.0000E+00
  35    -17.000    -11.484    1    1   0.000    1.000    1.000    1.000   20.00  0.0000E+00
  36    -17.500    -11.484    1    1   0.000    1.000    1.000    1.000   20.00  0.0000E+00
  37    -18.000    -11.484    1    1   0.000    1.000    1.000    1.000   20.00  0.0000E+00
  38    -18.500    -11.484    1    1   0.000    1.000    1.000    1.000   20.00  0.0000E+00
  39    -19.000    -11.484    1    1   0.000    1.000    1.000    1.000   20.00  0.0000E+00
  40    -19.500    -11.484    1    1   0.000    1.000    1.000    1.000   20.00  0.0000E+00
  41    -20.000    -11.484    1    1   0.000    1.000    1.000    1.000   20.00  0.0000E+00
  42    -20.500    -11.484    1    1   0.000    1.000    1.000    1.000   20.00  0.0000E+00
  43    -21.000    -11.484    1    1   0.000    1.000    1.000    1.000   20.00  0.0000E+00
  44    -21.500    -11.484    1    1   0.000    1.000    1.000    1.000   20.00  0.0000E+00
  45    -22.000    -11.484    1    1   0.000    1.000    1.000    1.000   20.00  0.0000E+00
  46    -22.500    -11.484    1    1   0.000    1.000    1.000    1.000   20.00  0.0000E+00
  47    -23.000    -11.484    1    1   0.000    1.000    1.000    1.000   20.00  0.0000E+00
  48    -23.500    -11.484    1    1   0.000    1.000    1.000    1.000   20.00  0.0000E+00
  49    -24.000    -11.484    1    1   0.000    1.000    1.000    1.000   20.00  0.0000E+00
  50    -24.500    -11.484    1    1   0.000    1.000    1.000    1.000   20.00  0.0000E+00
  51    -25.000    -11.484    1    1   0.000    1.000    1.000    1.000   20.00  0.0000E+00
  52    -25.500    -11.484    1    1   0.000    1.000    1.000    1.000   20.00  0.0000E+00
  53    -26.000    -11.484    1    1   0.000    1.000    1.000    1.000   20.00  0.0000E+00
  54    -26.500    -11.484    1    1   0.000    1.000    1.000    1.000   20.00  0.0000E+00
  55    -27.000    -11.484    1    1   0.000    1.000    1.000    1.000   20.00  0.0000E+00
  56    -27.500    -11.484    1    1   0.000    1.000    1.000    1.000   20.00  0.0000E+00
  57    -28.000    -11.484    1    1   0.000    1.000    1.000    1.000   20.00  0.0000E+00
  58    -28.500    -11.484    1    1   0.000    1.000    1.000    1.000   20.00  0.0000E+00
  59    -29.000    -11.484    1    1   0.000    1.000    1.000    1.000   20.00  0.0000E+00
  60    -29.500    -11.484    1    1   0.000    1.000    1.000    1.000   20.00  0.0000E+00
  61    -30.000    -11.484    1    1   0.000    1.000    1.000    1.000   20.00  0.0000E+00
  62    -30.500    -11.484    1    1   0.000    1.000    1.000    1.000   20.00  0.0000E+00
  63    -31.000    -11.484    1    1   0.000    1.000    1.000    1.000   20.00  0.0000E+00
  64    -31.500    -11.484    1    1   0.000    1.000    1.000    1.000   20.00  0.0000E+00
  65    -32.000    -11.484    1    1   0.000    1.000    1.000    1.000   20.00  0.0000E+00
  66    -32.500    -11.484    1    1   0.000    1.000    1.000    1.000   20.00  0.0000E+00
  67    -33.000    -11.484    1    1   0.000    1.000    1.000    1.000   20.00  0.0000E+00
  68    -33.500    -11.484    1    1   0.000    1.000    1.000    1.000   20.00  0.0000E+00
  69    -34.000    -11.484    1    1   0.000    1.000    1.000    1.000   20.00  0.0000E+00
  70    -34.500    -11.484    1    1   0.000    1.000    1.000    1.000   20.00  0.0000E+00
  71    -35.000    -11.484    1    1   0.000    1.000    1.000    1.000   20.00  0.0000E+00
  72    -35.500    -11.484    1    1   0.000    1.000    1.000    1.000   20.00  0.0000E+00
  73    -36.000    -11.484    1    1   0.000    1.000    1.000    1.000   20.00  0.0000E+00
  74    -36.500    -11.484    1    1   0.000    1.000    1.000    1.000   20.00  0.0000E+00
  75    -37.000    -11.484    1    1   0.000    1.000    1.000    1.000   20.00  0.0000E+00
  76    -37.500    -11.484    1    1   0.000    1.000    1.000    1.000   20.00  0.0000E+00
  77    -38.000    -11.484    1    1   0.000    1.000    1.000    1.000   20.00  0.0000E+00
  78    -38.500    -11.484    1    1   0.000    1.000    1.000    1.000   20.00  0.0000E+00
  79    -39.000    -11.484    1    1   0.000    1.000    1.000    1.000   20.00  0.0000E+00
  80    -39.500    -11.484    1    1   0.000    1.000    1.000    1.000   20.00  0.0000E+00
  81    -40.000    -11.484    1    1   0.000    1.000    1.000    1.000   20.00  0.0000E+00
  82    -40.500    -11.484    1    1   0.000    1.000    1.000    1.000   20.00  0.0000E+00
  83    -41.000    -11.484    1    1   0.000    1.000    1.000    1.000   20.00  0.0000E+00
  84    -41.500    -11.484    1    1   0.000    1.000    1.000    1.000   20.00  0.0000E+00
  85    -42.000    -11.484    1    1   0.000    1.000    1.000    1.000   20.00  0.0000E+00
  86    -42.500    -11.484    1    1   0.000    1.000    1.000    1.000   20.00  0.0000E+00
  87    -43.000    -11.484    1    1   0.000    1.000    1.000    1.000   20.00  0.0000E+00
  88    -43.500    -11.484    1    1   0.000    1.000    1.000    1.000   20.00  0.0000E+00
  89    -44.000    -11.484    1    1   0.000    1.000    1.000    1.000   20.00  0.0000E+00
  90    -44.500    -11.484    1    1   0.000    1.000    1.000    1.000   20.00  0.0000E+00
  91    -45.000    -11.484    1    1   0.000    1.000    1.000    1.000   20.00  0.0000E+00
  92    -45.500    -11.484    1    1   0.000    1.000    1.000    1.000   20.00  0.0000E+00
  93    -46.000    -11.484    1    1   0.000    1.000    1.000    1.000   20.00  0.0000E+00
  94    -46.500    -11.484    1    1   0.000    1.000    1.000    1.000   20.00  0.0000E+00
  95    -47.000    -11.484    1    1   0.000    1.000    1.000    1.000   20.00  0.0000E+00
  96    -47.500    -11.484    1    1   0.000    1.000    1.000    1.000   20.00  0.0000E+00
  97    -48.000    -11.484    1    1   0.000    1.000    1.000    1.000   20.00  0.0000E+00
  98    -48.500    -11.484    1    1   0.000    1.000    1.000    1.000   20.00  0.0000E+00
  99    -49.000    -11.484    1    1   0.000    1.000    1.000    1.000   20.00  0.0000E+00
 100    -49.500    -11.484    1    1   0.000    1.000    1.000    1.000   20.00  0.0000E+00
 101    -50.000    -11.484    1    1   0.000    1.000    1.000    1.000   20.00  0.0000E+00
 102    -50.500    -11.484    1    1   0.000    1.000    1.000    1.000   20.00  0.0000E+00
 103    -51.000    -11.484    1    1   0.000    1.000    1.000    1.000   20.00  0.0000E+00
 104    -51.500    -11.484    1    1   0.000    1.000    1.000    1.000   20.00  0.0000E+00
 105    -52.000    -11.484    1    1   0.000    1.000    1.000    1.000   20.00  0.0000E+00
 106    -52.500    -11.484    1    1   0.000    1.000    1.000    1.000   20.00  0.0000E+00
 107    -53.000    -11.484    1    1   0.000    1.000    1.000    1.000   20.00  0.0000E+00
 108    -53.500    -11.484    1    1   0.000    1.000    1.000    1.000   20.00  0.0000E+00
 109    -54.000    -11.484    1    1   0.000    1.000    1.000    1.000   20.00  0.0000E+00
 110    -54.500    -11.484    1    1   0.000    1.000    1.000    1.000   20.00  0.0000E+00
 111    -55.000    -11.484    1    1   0.000    1.000    1.000    1.000   20.00  0.0000E+00
 112    -55.500    -11.484    1    1   0.000    1.000    1.000    1.000   20.00  0.0000E+00
 113    -56.000    -11.484    1    1   0.000    1.000    1.000    1.000   20.00  0.0000E+00
 114    -56.500    -11.484    1    1   0.000    1.000    1.000    1.000   20.00  0.0000E+00
 115    -57.000    -11.484    1    1   0.000    1.000    1.000    1.000   20.00  0.0000E+00
 116    -57.500    -11.484    1    1   0.000    1.000    1.000    1.000   20.00  0.0000E+00
 117    -58.000    -11.484    1    1   0.000    1.000    1.000    1.000   20.00  0.0000E+00
 118    -58.500    -11.484    1    1   0.000    1.000    1.000    1.000   20.00  0.0000E+00
 119    -59.000    -11.484    1    1   0.000    1.000    1.000    1.000   20.00  0.0000E+00
 120    -59.500    -11.484    1    1   0.000    1.000    1.000    1.000   20.00  0.0000E+00
 121    -60.000    -11.484    1    1   0.000    1.000    1.000    1.000   20.00  0.0000E+00
end

 Number of species in the chain :   1


MatNum, Param. array:

   Mat     Qr     Qs        Alfa         n          Ks      l

    1    0.065  0.410   0.750E-01   0.189E+01   0.106E+03  0.500

       Table of Hydraulic Properties which are interpolated in simulation
       =================================================================

  theta         h        log h        C             K        log K          S          Kv

  0.4100  -0.100E-05 -0.6000E+01  0.1050E-07  0.1061E+03  0.2026E+01    1.0000  0.0000E+00
  0.4100  -0.126E-05 -0.5899E+01  0.1291E-07  0.1061E+03  0.2026E+01    1.0000  0.0000E+00
  0.4100  -0.159E-05 -0.5798E+01  0.1588E-07  0.1061E+03  0.2026E+01    1.0000  0.0000E+00
  0.4100  -0.201E-05 -0.5697E+01  0.1953E-07  0.1061E+03  0.2026E+01    1.0000  0.0000E+00
  0.4100  -0.254E-05 -0.5596E+01  0.2403E-07  0.1061E+03  0.2026E+01    1.0000  0.0000E+00
  0.4100  -0.320E-05 -0.5495E+01  0.2955E-07  0.1061E+03  0.2026E+01    1.0000  0.0000E+00
  0.4100  -0.404E-05 -0.5394E+01  0.3635E-07  0.1061E+03  0.2026E+01    1.0000  0.0000E+00
  0.4100  -0.509E-05 -0.5293E+01  0.4471E-07  0.1061E+03  0.2026E+01    1.0000  0.0000E+00
  0.4100  -0.643E-05 -0.5192E+01  0.5499E-07  0.1061E+03  0.2026E+01    1.0000  0.0000E+00
  0.4100  -0.811E-05 -0.5091E+01  0.6763E-07  0.1061E+03  0.2026E+01    1.0000  0.0000E+00
  0.4100  -0.102E-04 -0.4990E+01  0.8319E-07  0.1061E+03  0.2026E+01    1.0000  0.0000E+00
  0.4100  -0.129E-04 -0.4889E+01  0.1023E-06  0.1061E+03  0.2026E+01    1.0000  0.0000E+00
  0.4100  -0.163E-04 -0.4788E+01  0.1259E-06  0.1061E+03  0.2026E+01    1.0000  0.0000E+00
  0.4100  -0.206E-04 -0.4687E+01  0.1548E-06  0.1061E+03  0.2026E+01    1.0000  0.0000E+00
  0.4100  -0.260E-04 -0.4586E+01  0.1904E-06  0.1061E+03  0.2026E+01    1.0000  0.0000E+00
  0.4100  -0.327E-04 -0.4485E+01  0.2342E-06  0.1061E+03  0.2026E+01    1.0000  0.0000E+00
  0.4100  -0.413E-04 -0.4384E+01  0.2880E-06  0.1061E+03  0.2026E+01    1.0000  0.0000E+00
  0.4100  -0.521E-04 -0.4283E+01  0.3543E-06  0.1061E+03  0.2026E+01    1.0000  0.0000E+00
  0.4100  -0.658E-04 -0.4182E+01  0.4358E-06  0.1061E+03  0.2026E+01    1.0000  0.0000E+00
  0.4100  -0.830E-04 -0.4081E+01  0.5360E-06  0.1061E+03  0.2026E+01    1.0000  0.0000E+00
  0.4100  -0.105E-03 -0.3980E+01  0.6593E-06  0.1061E+03  0.2026E+01    1.0000  0.0000E+00
  0.4100  -0.132E-03 -0.3879E+01  0.8109E-06  0.1061E+03  0.2026E+01    1.0000  0.0000E+00
  0.4100  -0.167E-03 -0.3778E+01  0.9974E-06  0.1061E+03  0.2026E+01    1.0000  0.0000E+00
  0.4100  -0.210E-03 -0.3677E+01  0.1227E-05  0.1061E+03  0.2026E+01    1.0000  0.0000E+00
  0.4100  -0.266E-03 -0.3576E+01  0.1509E-05  0.1061E+03  0.2026E+01    1.0000  0.0000E+00
  0.4100  -0.335E-03 -0.3475E+01  0.1856E-05  0.1061E+03  0.2026E+01    1.0000  0.0000E+00
  0.4100  -0.423E-03 -0.3374E+01  0.2283E-05  0.1061E+03  0.2026E+01    1.0000  0.0000E+00
  0.4100  -0.534E-03 -0.3273E+01  0.2808E-05  0.1061E+03  0.2026E+01    1.0000  0.0000E+00
  0.4100  -0.673E-03 -0.3172E+01  0.3453E-05  0.1061E+03  0.2026E+01    1.0000  0.0000E+00
  0.4100  -0.850E-03 -0.3071E+01  0.4248E-05  0.1061E+03  0.2026E+01    1.0000  0.0000E+00
  0.4100  -0.107E-02 -0.2970E+01  0.5224E-05  0.1061E+03  0.2026E+01    1.0000  0.0000E+00
  0.4100  -0.135E-02 -0.2869E+01  0.6426E-05  0.1060E+03  0.2025E+01    1.0000  0.0000E+00
  0.4100  -0.171E-02 -0.2768E+01  0.7904E-05  0.1060E+03  0.2025E+01    1.0000  0.0000E+00
  0.4100  -0.215E-02 -0.2667E+01  0.9722E-05  0.1060E+03  0.2025E+01    1.0000  0.0000E+00
  0.4100  -0.272E-02 -0.2566E+01  0.1196E-04  0.1060E+03  0.2025E+01    1.0000  0.1293E-30
  0.4100  -0.343E-02 -0.2465E+01  0.1471E-04  0.1060E+03  0.2025E+01    1.0000  0.1293E-30
  0.4100  -0.433E-02 -0.2364E+01  0.1809E-04  0.1059E+03  0.2025E+01    1.0000  0.1293E-30
  0.4100  -0.546E-02 -0.2263E+01  0.2225E-04  0.1059E+03  0.2025E+01    1.0000  0.1304E-29
  0.4100  -0.689E-02 -0.2162E+01  0.2737E-04  0.1058E+03  0.2025E+01    1.0000  0.5036E-29
  0.4100  -0.870E-02 -0.2061E+01  0.3366E-04  0.1058E+03  0.2024E+01    1.0000  0.2764E-28
  0.4100  -0.110E-01 -0.1960E+01  0.4140E-04  0.1057E+03  0.2024E+01    1.0000  0.1324E-27
  0.4100  -0.138E-01 -0.1859E+01  0.5093E-04  0.1056E+03  0.2024E+01    1.0000  0.6681E-27
  0.4100  -0.175E-01 -0.1758E+01  0.6264E-04  0.1055E+03  0.2023E+01    1.0000  0.2367E-26
  0.4100  -0.221E-01 -0.1657E+01  0.7704E-04  0.1054E+03  0.2023E+01    1.0000  0.1085E-25
  0.4100  -0.278E-01 -0.1556E+01  0.9476E-04  0.1052E+03  0.2022E+01    1.0000  0.4846E-25
  0.4100  -0.351E-01 -0.1455E+01  0.1166E-03  0.1050E+03  0.2021E+01    1.0000  0.2103E-24
  0.4100  -0.443E-01 -0.1354E+01  0.1434E-03  0.1048E+03  0.2020E+01    1.0000  0.9022E-24
  0.4100  -0.559E-01 -0.1253E+01  0.1763E-03  0.1045E+03  0.2019E+01    1.0000  0.3877E-23
  0.4100  -0.705E-01 -0.1152E+01  0.2169E-03  0.1041E+03  0.2017E+01    1.0000  0.1686E-22
  0.4100  -0.890E-01 -0.1051E+01  0.2667E-03  0.1037E+03  0.2016E+01    1.0000  0.7290E-22
  0.4100  -0.112E+00 -0.9495E+00  0.3281E-03  0.1031E+03  0.2013E+01    0.9999  0.3140E-21
  0.4100  -0.142E+00 -0.8485E+00  0.4035E-03  0.1024E+03  0.2010E+01    0.9999  0.1359E-20
  0.4100  -0.179E+00 -0.7475E+00  0.4962E-03  0.1016E+03  0.2007E+01    0.9999  0.5891E-20
  0.4099  -0.226E+00 -0.6465E+00  0.6101E-03  0.1005E+03  0.2002E+01    0.9998  0.2550E-19
  0.4099  -0.285E+00 -0.5455E+00  0.7502E-03  0.9928E+02  0.1997E+01    0.9997  0.1103E-18
  0.4098  -0.359E+00 -0.4444E+00  0.9222E-03  0.9774E+02  0.1990E+01    0.9995  0.4770E-18
  0.4097  -0.453E+00 -0.3434E+00  0.1133E-02  0.9586E+02  0.1982E+01    0.9992  0.2062E-17
  0.4096  -0.572E+00 -0.2424E+00  0.1392E-02  0.9357E+02  0.1971E+01    0.9988  0.8902E-17
  0.4093  -0.722E+00 -0.1414E+00  0.1709E-02  0.9079E+02  0.1958E+01    0.9981  0.3841E-16
  0.4090  -0.911E+00 -0.4040E-01  0.2095E-02  0.8744E+02  0.1942E+01    0.9971  0.1653E-15
  0.4084  -0.115E+01  0.6061E-01  0.2563E-02  0.8340E+02  0.1921E+01    0.9954  0.7097E-15
  0.4076  -0.145E+01  0.1616E+00  0.3128E-02  0.7858E+02  0.1895E+01    0.9930  0.3032E-14
  0.4063  -0.183E+01  0.2626E+00  0.3802E-02  0.7288E+02  0.1863E+01    0.9891  0.1286E-13
  0.4042  -0.231E+01  0.3636E+00  0.4591E-02  0.6623E+02  0.1821E+01    0.9833  0.5399E-13
  0.4012  -0.292E+01  0.4646E+00  0.5489E-02  0.5863E+02  0.1768E+01    0.9745  0.2229E-12
  0.3966  -0.368E+01  0.5657E+00  0.6469E-02  0.5017E+02  0.1700E+01    0.9612  0.8982E-12
  0.3899  -0.464E+01  0.6667E+00  0.7463E-02  0.4110E+02  0.1614E+01    0.9417  0.3491E-11
  0.3802  -0.586E+01  0.7677E+00  0.8354E-02  0.3188E+02  0.1503E+01    0.9137  0.1289E-10
  0.3669  -0.739E+01  0.8687E+00  0.8976E-02  0.2310E+02  0.1364E+01    0.8750  0.4432E-10
  0.3492  -0.933E+01  0.9697E+00  0.9148E-02  0.1546E+02  0.1189E+01    0.8239  0.1389E-09
  0.3273  -0.118E+02  0.1071E+01  0.8753E-02  0.9456E+01  0.9757E+00    0.7603  0.3885E-09
  0.3017  -0.148E+02  0.1172E+01  0.7813E-02  0.5271E+01  0.7219E+00    0.6861  0.9543E-09
  0.2739  -0.187E+02  0.1273E+01  0.6503E-02  0.2686E+01  0.4291E+00    0.6055  0.2044E-08
  0.2456  -0.236E+02  0.1374E+01  0.5078E-02  0.1264E+01  0.1019E+00    0.5235  0.3835E-08
  0.2185  -0.298E+02  0.1475E+01  0.3759E-02  0.5575E+00 -0.2537E+00    0.4449  0.6378E-08
  0.1937  -0.376E+02  0.1576E+01  0.2668E-02  0.2338E+00 -0.6311E+00    0.3731  0.9568E-08
  0.1719  -0.475E+02  0.1677E+01  0.1836E-02  0.9454E-01 -0.1024E+01    0.3098  0.1318E-07
  0.1531  -0.599E+02  0.1778E+01  0.1236E-02  0.3726E-01 -0.1429E+01    0.2555  0.1697E-07
  0.1373  -0.756E+02  0.1879E+01  0.8202E-03  0.1443E-01 -0.1841E+01    0.2097  0.2071E-07
  0.1242  -0.955E+02  0.1980E+01  0.5386E-03  0.5521E-02 -0.2258E+01    0.1715  0.2424E-07
  0.1133  -0.120E+03  0.2081E+01  0.3514E-03  0.2097E-02 -0.2678E+01    0.1400  0.2745E-07
  0.1044  -0.152E+03  0.2182E+01  0.2282E-03  0.7922E-03 -0.3101E+01    0.1141  0.3030E-07
  0.0971  -0.192E+03  0.2283E+01  0.1478E-03  0.2983E-03 -0.3525E+01    0.0929  0.3278E-07
  0.0911  -0.242E+03  0.2384E+01  0.9556E-04  0.1121E-03 -0.3950E+01    0.0756  0.3491E-07
  0.0862  -0.305E+03  0.2485E+01  0.6171E-04  0.4207E-04 -0.4376E+01    0.0615  0.3672E-07
  0.0823  -0.385E+03  0.2586E+01  0.3981E-04  0.1577E-04 -0.4802E+01    0.0501  0.3824E-07
  0.0790  -0.486E+03  0.2687E+01  0.2567E-04  0.5910E-05 -0.5228E+01    0.0407  0.3950E-07
  0.0764  -0.614E+03  0.2788E+01  0.1655E-04  0.2214E-05 -0.5655E+01    0.0331  0.4055E-07
  0.0743  -0.774E+03  0.2889E+01  0.1067E-04  0.8290E-06 -0.6081E+01    0.0269  0.4142E-07
  0.0725  -0.977E+03  0.2990E+01  0.6876E-05  0.3104E-06 -0.6508E+01    0.0219  0.4213E-07
  0.0711  -0.123E+04  0.3091E+01  0.4431E-05  0.1162E-06 -0.6935E+01    0.0178  0.4271E-07
  0.0700  -0.156E+04  0.3192E+01  0.2855E-05  0.4350E-07 -0.7362E+01    0.0145  0.4319E-07
  0.0691  -0.196E+04  0.3293E+01  0.1840E-05  0.1628E-07 -0.7788E+01    0.0118  0.4357E-07
  0.0683  -0.248E+04  0.3394E+01  0.1185E-05  0.6095E-08 -0.8215E+01    0.0096  0.4388E-07
  0.0677  -0.313E+04  0.3495E+01  0.7637E-06  0.2282E-08 -0.8642E+01    0.0078  0.4412E-07
  0.0672  -0.394E+04  0.3596E+01  0.4921E-06  0.8541E-09 -0.9069E+01    0.0063  0.4431E-07
  0.0668  -0.498E+04  0.3697E+01  0.3170E-06  0.3197E-09 -0.9495E+01    0.0051  0.4445E-07
  0.0664  -0.628E+04  0.3798E+01  0.2043E-06  0.1197E-09 -0.9922E+01    0.0042  0.4455E-07
  0.0662  -0.792E+04  0.3899E+01  0.1316E-06  0.4479E-10 -0.1035E+02    0.0034  0.4462E-07
  0.0660  -0.100E+05  0.4000E+01  0.8480E-07  0.1677E-10 -0.1078E+02    0.0028  0.4464E-07
end


 Solute transport information
 ============================

 Galerkin finite-element method


 lTDep     lWDep     cTolA     cTolR   MaxItC
  F        0    0.000E+00    0.0000      0


 Mat.     Bulk.D.    DispL    Fraction  Immobile WC
  1       1.5000    0.5000    1.0000    0.0000

    Dif.w.      Dif.g.   -------------------------------------------------- ( 1.solute)
  0.1000E+01  0.0000E+00
 Mat.     KS         Nu         Beta      Henry      SinkL1     SinkS1     SinkG1     SinkL1`    SinkS1`    SinkG1`    SinkL0     SinkS0     SinkG0      Alfa
   1 0.0000E+00 0.0000E+00 0.1000E+01 0.0000E+00 0.0000E+00 0.0000E+00 0.0000E+00 0.0000E+00 0.0000E+00 0.0000E+00 0.0000E+00 0.0000E+00 0.0000E+00 0.0000E+00

 No adsorption or linear adsorp. isotherm for material  1

 kTopCh      cTop(1...NS)
  -1        0.100E+01

 kBotCh      cBot(1...NS)
   0        0.000E+00

 tPulse =             0.500
