 ******* Program HYDRUS
 ******* Traceur inerte, loam sableux, q=10 cm/j, dispersivite 0.5 cm            
 Date:   0. 0.    Time: 512:**:**
 Units: L = cm   , T = days , M = g    



                               Node( 21)                                 Node( 41)                                 Node( 81)                                 Node(121)

         time         h        theta    Temp      Conc           h        theta    Temp      Conc           h        theta    Temp      Conc           h        theta    Temp      Conc     
          0.0010      -11.48  0.3298   20.000  0.7599E-28        -11.48  0.3298   20.000  0.0000E+00        -11.48  0.3298   20.000  0.0000E+00        -11.48  0.3298   20.000  0.0000E+00
          0.0020      -11.48  0.3298   20.000  0.3010E-26        -11.48  0.3298   20.000  0.0000E+00        -11.48  0.3298   20.000  0.0000E+00        -11.48  0.3298   20.000  0.0000E+00
          0.0033      -11.48  0.3298   20.000  0.7155E-24        -11.48  0.3298   20.000  0.0000E+00        -11.48  0.3298   20.000  0.0000E+00        -11.48  0.3298   20.000  0.0000E+00
          0.0050      -11.48  0.3298   20.000  0.2134E-21        -11.48  0.3298   20.000  0.0000E+00        -11.48  0.3298   20.000  0.0000E+00        -11.48  0.3298   20.000  0.0000E+00
          0.0072      -11.49  0.3298   20.000  0.5098E-19        -11.48  0.3298   20.000  0.0000E+00        -11.48  0.3298   20.000  0.0000E+00        -11.48  0.3298   20.000  0.0000E+00
          0.0100      -11.49  0.3298   20.000  0.9241E-17        -11.48  0.3298   20.000  0.0000E+00        -11.48  0.3298   20.000  0.0000E+00        -11.48  0.3298   20.000  0.0000E+00
          0.0138      -11.49  0.3298   20.000  0.1263E-14        -11.48  0.3298   20.000  0.0000E+00        -11.48  0.3298   20.000  0.0000E+00        -11.48  0.3298   20.000  0.0000E+00
          0.0186      -11.50  0.3297   20.000  0.1295E-12        -11.49  0.3298   20.000  0.6569E-28        -11.48  0.3298   20.000  0.0000E+00        -11.48  0.3298   20.000  0.0000E+00
          0.0249      -11.50  0.3297   20.000  0.9888E-11        -11.49  0.3298   20.000  0.2526E-24        -11.48  0.3298   20.000  0.0000E+00        -11.48  0.3298   20.000  0.0000E+00
          0.0330      -11.51  0.3296   20.000  0.5567E-09        -11.49  0.3298   20.000  0.5637E-21        -11.48  0.3298   20.000  0.0000E+00        -11.48  0.3298   20.000  0.0000E+00
          0.0436      -11.52  0.3295   20.000  0.2287E-07        -11.50  0.3297   20.000  0.7150E-18        -11.49  0.3298   20.000  0.0000E+00        -11.48  0.3298   20.000  0.0000E+00
          0.0574      -11.52  0.3295   20.000  0.6792E-06        -11.50  0.3297   20.000  0.5090E-15        -11.49  0.3298   20.000  0.0000E+00        -11.48  0.3298   20.000  0.0000E+00
          0.0736      -11.53  0.3294   20.000  0.1043E-04        -11.51  0.3296   20.000  0.6865E-13        -11.49  0.3298   20.000  0.0000E+00        -11.49  0.3298   20.000  0.0000E+00
          0.0899      -11.53  0.3294   20.000  0.7448E-04        -11.52  0.3295   20.000  0.1644E-11        -11.49  0.3297   20.000  0.6877E-28        -11.49  0.3298   20.000  0.0000E+00
          0.1061      -11.54  0.3294   20.000  0.3553E-03        -11.53  0.3295   20.000  0.2256E-10        -11.50  0.3297   20.000  0.2473E-26        -11.49  0.3298   20.000  0.0000E+00
          0.1224      -11.54  0.3293   20.000  0.1281E-02        -11.53  0.3294   20.000  0.2191E-09        -11.51  0.3296   20.000  0.6032E-25        -11.49  0.3298   20.000  0.0000E+00
          0.1387      -11.54  0.3293   20.000  0.3729E-02        -11.53  0.3294   20.000  0.1648E-08        -11.51  0.3296   20.000  0.1117E-23        -11.50  0.3297   20.000  0.0000E+00
          0.1550      -11.54  0.3293   20.000  0.9125E-02        -11.54  0.3294   20.000  0.1011E-07        -11.52  0.3296   20.000  0.1670E-22        -11.50  0.3297   20.000  0.0000E+00
          0.1712      -11.54  0.3293   20.000  0.1936E-01        -11.54  0.3293   20.000  0.5228E-07        -11.52  0.3295   20.000  0.2092E-21        -11.50  0.3297   20.000  0.0000E+00
          0.1876      -11.55  0.3293   20.000  0.3644E-01        -11.54  0.3293   20.000  0.2333E-06        -11.53  0.3295   20.000  0.2253E-20        -11.51  0.3296   20.000  0.0000E+00
          0.2039      -11.55  0.3293   20.000  0.6205E-01        -11.54  0.3293   20.000  0.9140E-06        -11.53  0.3294   20.000  0.2127E-19        -11.51  0.3296   20.000  0.0000E+00
          0.2202      -11.55  0.3293   20.000  0.9710E-01        -11.54  0.3293   20.000  0.3187E-05        -11.53  0.3294   20.000  0.1786E-18        -11.52  0.3295   20.000  0.0000E+00
          0.2366      -11.55  0.3293   20.000  0.1415E+00        -11.54  0.3293   20.000  0.1000E-04        -11.53  0.3294   20.000  0.1347E-17        -11.52  0.3295   20.000  0.0000E+00
          0.2530      -11.55  0.3293   20.000  0.1944E+00        -11.55  0.3293   20.000  0.2852E-04        -11.54  0.3294   20.000  0.9216E-17        -11.53  0.3295   20.000  0.0000E+00
          0.2694      -11.55  0.3293   20.000  0.2539E+00        -11.55  0.3293   20.000  0.7447E-04        -11.54  0.3293   20.000  0.5761E-16        -11.53  0.3294   20.000  0.0000E+00
          0.2858      -11.55  0.3293   20.000  0.3179E+00        -11.55  0.3293   20.000  0.1794E-03        -11.54  0.3293   20.000  0.3311E-15        -11.53  0.3294   20.000  0.6340E-29
          0.3022      -11.55  0.3293   20.000  0.3841E+00        -11.55  0.3293   20.000  0.4010E-03        -11.54  0.3293   20.000  0.1758E-14        -11.53  0.3294   20.000  0.5838E-28
          0.3186      -11.55  0.3293   20.000  0.4504E+00        -11.55  0.3293   20.000  0.8372E-03        -11.54  0.3293   20.000  0.8674E-14        -11.54  0.3294   20.000  0.4701E-27
          0.3350      -11.55  0.3293   20.000  0.5149E+00        -11.55  0.3293   20.000  0.1641E-02        -11.54  0.3293   20.000  0.3990E-13        -11.54  0.3294   20.000  0.3508E-26
          0.3515      -11.55  0.3293   20.000  0.5762E+00        -11.55  0.3293   20.000  0.3033E-02        -11.54  0.3293   20.000  0.1717E-12        -11.54  0.3293   20.000  0.2453E-25
          0.3679      -11.55  0.3293   20.000  0.6332E+00        -11.55  0.3293   20.000  0.5313E-02        -11.54  0.3293   20.000  0.6941E-12        -11.54  0.3293   20.000  0.1612E-24
          0.3843      -11.55  0.3293   20.000  0.6852E+00        -11.55  0.3293   20.000  0.8860E-02        -11.55  0.3293   20.000  0.2642E-11        -11.54  0.3293   20.000  0.9996E-24
          0.4008      -11.55  0.3293   20.000  0.7320E+00        -11.55  0.3293   20.000  0.1412E-01        -11.55  0.3293   20.000  0.9499E-11        -11.54  0.3293   20.000  0.5860E-23
          0.4172      -11.55  0.3293   20.000  0.7735E+00        -11.55  0.3293   20.000  0.2157E-01        -11.55  0.3293   20.000  0.3233E-10        -11.54  0.3293   20.000  0.3256E-22
          0.4337      -11.55  0.3293   20.000  0.8099E+00        -11.55  0.3293   20.000  0.3173E-01        -11.55  0.3293   20.000  0.1045E-09        -11.54  0.3293   20.000  0.1718E-21
          0.4502      -11.55  0.3293   20.000  0.8413E+00        -11.55  0.3293   20.000  0.4505E-01        -11.55  0.3293   20.000  0.3209E-09        -11.55  0.3293   20.000  0.8630E-21
          0.4666      -11.55  0.3293   20.000  0.8683E+00        -11.55  0.3293   20.000  0.6194E-01        -11.55  0.3293   20.000  0.9399E-09        -11.55  0.3293   20.000  0.4133E-20
          0.4831      -11.55  0.3293   20.000  0.8913E+00        -11.55  0.3293   20.000  0.8269E-01        -11.55  0.3293   20.000  0.2629E-08        -11.55  0.3293   20.000  0.1890E-19
          0.4915      -11.55  0.3293   20.000  0.9017E+00        -11.55  0.3293   20.000  0.9492E-01        -11.55  0.3293   20.000  0.4317E-08        -11.55  0.3293   20.000  0.3846E-19
          0.5000      -11.55  0.3293   20.000  0.9111E+00        -11.55  0.3293   20.000  0.1082E+00        -11.55  0.3293   20.000  0.7024E-08        -11.55  0.3293   20.000  0.7727E-19
          0.5165      -11.55  0.3293   20.000  0.9273E+00        -11.55  0.3293   20.000  0.1371E+00        -11.55  0.3293   20.000  0.1807E-07        -11.55  0.3293   20.000  0.3239E-18
          0.5329      -11.55  0.3293   20.000  0.9407E+00        -11.55  0.3293   20.000  0.1698E+00        -11.55  0.3293   20.000  0.4458E-07        -11.55  0.3293   20.000  0.1313E-17
          0.5494      -11.55  0.3293   20.000  0.9519E+00        -11.55  0.3293   20.000  0.2061E+00        -11.55  0.3293   20.000  0.1057E-06        -11.55  0.3293   20.000  0.5113E-17
          0.5658      -11.55  0.3293   20.000  0.9610E+00        -11.55  0.3293   20.000  0.2454E+00        -11.55  0.3293   20.000  0.2413E-06        -11.55  0.3293   20.000  0.1913E-16
          0.5823      -11.55  0.3293   20.000  0.9685E+00        -11.55  0.3293   20.000  0.2872E+00        -11.55  0.3293   20.000  0.5310E-06        -11.55  0.3293   20.000  0.6891E-16
          0.5988      -11.55  0.3293   20.000  0.9745E+00        -11.55  0.3293   20.000  0.3310E+00        -11.55  0.3293   20.000  0.1128E-05        -11.55  0.3293   20.000  0.2391E-15
          0.6152      -11.55  0.3293   20.000  0.9789E+00        -11.55  0.3293   20.000  0.3760E+00        -11.55  0.3293   20.000  0.2316E-05        -11.55  0.3293   20.000  0.8001E-15
          0.6317      -11.55  0.3293   20.000  0.9812E+00        -11.55  0.3293   20.000  0.4216E+00        -11.55  0.3293   20.000  0.4603E-05        -11.55  0.3293   20.000  0.2585E-14
          0.6482      -11.55  0.3293   20.000  0.9805E+00        -11.55  0.3293   20.000  0.4671E+00        -11.55  0.3293   20.000  0.8868E-05        -11.55  0.3293   20.000  0.8073E-14
          0.6646      -11.55  0.3293   20.000  0.9752E+00        -11.55  0.3293   20.000  0.5120E+00        -11.55  0.3293   20.000  0.1658E-04        -11.55  0.3293   20.000  0.2439E-13
          0.6811      -11.55  0.3293   20.000  0.9633E+00        -11.55  0.3293   20.000  0.5557E+00        -11.55  0.3293   20.000  0.3011E-04        -11.55  0.3293   20.000  0.7134E-13
          0.6976      -11.55  0.3293   20.000  0.9429E+00        -11.55  0.3293   20.000  0.5978E+00        -11.55  0.3293   20.000  0.5320E-04        -11.55  0.3293   20.000  0.2022E-12
          0.7140      -11.55  0.3293   20.000  0.9129E+00        -11.55  0.3293   20.000  0.6380E+00        -11.55  0.3293   20.000  0.9151E-04        -11.55  0.3293   20.000  0.5561E-12
          0.7305      -11.55  0.3293   20.000  0.8728E+00        -11.55  0.3293   20.000  0.6758E+00        -11.55  0.3293   20.000  0.1535E-03        -11.55  0.3293   20.000  0.1484E-11
          0.7469      -11.55  0.3293   20.000  0.8235E+00        -11.55  0.3293   20.000  0.7112E+00        -11.55  0.3293   20.000  0.2511E-03        -11.55  0.3293   20.000  0.3849E-11
          0.7634      -11.55  0.3293   20.000  0.7666E+00        -11.55  0.3293   20.000  0.7440E+00        -11.55  0.3293   20.000  0.4014E-03        -11.55  0.3293   20.000  0.9705E-11
          0.7799      -11.55  0.3293   20.000  0.7041E+00        -11.55  0.3293   20.000  0.7741E+00        -11.55  0.3293   20.000  0.6272E-03        -11.55  0.3293   20.000  0.2381E-10
          0.7963      -11.55  0.3293   20.000  0.6384E+00        -11.55  0.3293   20.000  0.8014E+00        -11.55  0.3293   20.000  0.9592E-03        -11.55  0.3293   20.000  0.5686E-10
          0.8128      -11.55  0.3293   20.000  0.5719E+00        -11.55  0.3293   20.000  0.8260E+00        -11.55  0.3293   20.000  0.1437E-02        -11.55  0.3293   20.000  0.1323E-09
          0.8293      -11.55  0.3293   20.000  0.5065E+00        -11.55  0.3293   20.000  0.8478E+00        -11.55  0.3293   20.000  0.2110E-02        -11.55  0.3293   20.000  0.3002E-09
          0.8457      -11.55  0.3293   20.000  0.4439E+00        -11.55  0.3293   20.000  0.8667E+00        -11.55  0.3293   20.000  0.3040E-02        -11.55  0.3293   20.000  0.6644E-09
          0.8622      -11.55  0.3293   20.000  0.3853E+00        -11.55  0.3293   20.000  0.8826E+00        -11.55  0.3293   20.000  0.4301E-02        -11.55  0.3293   20.000  0.1436E-08
          0.8787      -11.55  0.3293   20.000  0.3314E+00        -11.55  0.3293   20.000  0.8954E+00        -11.55  0.3293   20.000  0.5980E-02        -11.55  0.3293   20.000  0.3030E-08
          0.8951      -11.55  0.3293   20.000  0.2828E+00        -11.55  0.3293   20.000  0.9046E+00        -11.55  0.3293   20.000  0.8176E-02        -11.55  0.3293   20.000  0.6250E-08
          0.9116      -11.55  0.3293   20.000  0.2395E+00        -11.55  0.3293   20.000  0.9102E+00        -11.55  0.3293   20.000  0.1100E-01        -11.55  0.3293   20.000  0.1261E-07
          0.9280      -11.55  0.3293   20.000  0.2014E+00        -11.55  0.3293   20.000  0.9116E+00        -11.55  0.3293   20.000  0.1458E-01        -11.55  0.3293   20.000  0.2489E-07
          0.9445      -11.55  0.3293   20.000  0.1684E+00        -11.55  0.3293   20.000  0.9086E+00        -11.55  0.3293   20.000  0.1904E-01        -11.55  0.3293   20.000  0.4812E-07
          0.9610      -11.55  0.3293   20.000  0.1400E+00        -11.55  0.3293   20.000  0.9009E+00        -11.55  0.3293   20.000  0.2452E-01        -11.55  0.3293   20.000  0.9111E-07
          0.9774      -11.55  0.3293   20.000  0.1157E+00        -11.55  0.3293   20.000  0.8883E+00        -11.55  0.3293   20.000  0.3115E-01        -11.55  0.3293   20.000  0.1691E-06
          0.9887      -11.55  0.3293   20.000  0.1013E+00        -11.55  0.3293   20.000  0.8769E+00        -11.55  0.3293   20.000  0.3643E-01        -11.55  0.3293   20.000  0.2554E-06
          1.0000      -11.55  0.3293   20.000  0.8852E-01        -11.55  0.3293   20.000  0.8631E+00        -11.55  0.3293   20.000  0.4236E-01        -11.55  0.3293   20.000  0.3817E-06
          1.0165      -11.55  0.3293   20.000  0.7241E-01        -11.55  0.3293   20.000  0.8389E+00        -11.55  0.3293   20.000  0.5226E-01        -11.55  0.3293   20.000  0.6756E-06
          1.0329      -11.55  0.3293   20.000  0.5901E-01        -11.55  0.3293   20.000  0.8101E+00        -11.55  0.3293   20.000  0.6373E-01        -11.55  0.3293   20.000  0.1176E-05
          1.0494      -11.55  0.3293   20.000  0.4791E-01        -11.55  0.3293   20.000  0.7772E+00        -11.55  0.3293   20.000  0.7686E-01        -11.55  0.3293   20.000  0.2013E-05
          1.0659      -11.55  0.3293   20.000  0.3877E-01        -11.55  0.3293   20.000  0.7407E+00        -11.55  0.3293   20.000  0.9174E-01        -11.55  0.3293   20.000  0.3384E-05
          1.0823      -11.55  0.3293   20.000  0.3128E-01        -11.55  0.3293   20.000  0.7013E+00        -11.55  0.3293   20.000  0.1084E+00        -11.55  0.3293   20.000  0.5595E-05
          1.0988      -11.55  0.3293   20.000  0.2517E-01        -11.55  0.3293   20.000  0.6595E+00        -11.55  0.3293   20.000  0.1269E+00        -11.55  0.3293   20.000  0.9099E-05
          1.1152      -11.55  0.3293   20.000  0.2020E-01        -11.55  0.3293   20.000  0.6161E+00        -11.55  0.3293   20.000  0.1471E+00        -11.55  0.3293   20.000  0.1456E-04
          1.1317      -11.55  0.3293   20.000  0.1617E-01        -11.55  0.3293   20.000  0.5719E+00        -11.55  0.3293   20.000  0.1691E+00        -11.55  0.3293   20.000  0.2294E-04
          1.1482      -11.55  0.3293   20.000  0.1291E-01        -11.55  0.3293   20.000  0.5275E+00        -11.55  0.3293   20.000  0.1928E+00        -11.55  0.3293   20.000  0.3560E-04
          1.1646      -11.55  0.3293   20.000  0.1029E-01        -11.55  0.3293   20.000  0.4835E+00        -11.55  0.3293   20.000  0.2180E+00        -11.55  0.3293   20.000  0.5443E-04
          1.1811      -11.55  0.3293   20.000  0.8188E-02        -11.55  0.3293   20.000  0.4405E+00        -11.55  0.3293   20.000  0.2447E+00        -11.55  0.3293   20.000  0.8204E-04
          1.1976      -11.55  0.3293   20.000  0.6502E-02        -11.55  0.3293   20.000  0.3990E+00        -11.55  0.3293   20.000  0.2727E+00        -11.55  0.3293   20.000  0.1219E-03
          1.2140      -11.55  0.3293   20.000  0.5155E-02        -11.55  0.3293   20.000  0.3594E+00        -11.55  0.3293   20.000  0.3017E+00        -11.55  0.3293   20.000  0.1788E-03
          1.2305      -11.55  0.3293   20.000  0.4080E-02        -11.55  0.3293   20.000  0.3220E+00        -11.55  0.3293   20.000  0.3317E+00        -11.55  0.3293   20.000  0.2587E-03
          1.2470      -11.55  0.3293   20.000  0.3225E-02        -11.55  0.3293   20.000  0.2870E+00        -11.55  0.3293   20.000  0.3624E+00        -11.55  0.3293   20.000  0.3696E-03
          1.2634      -11.55  0.3293   20.000  0.2546E-02        -11.55  0.3293   20.000  0.2544E+00        -11.55  0.3293   20.000  0.3936E+00        -11.55  0.3293   20.000  0.5214E-03
          1.2799      -11.55  0.3293   20.000  0.2007E-02        -11.55  0.3293   20.000  0.2245E+00        -11.55  0.3293   20.000  0.4250E+00        -11.55  0.3293   20.000  0.7268E-03
          1.2963      -11.55  0.3293   20.000  0.1580E-02        -11.55  0.3293   20.000  0.1972E+00        -11.55  0.3293   20.000  0.4564E+00        -11.55  0.3293   20.000  0.1001E-02
          1.3128      -11.55  0.3293   20.000  0.1243E-02        -11.55  0.3293   20.000  0.1724E+00        -11.55  0.3293   20.000  0.4875E+00        -11.55  0.3293   20.000  0.1364E-02
          1.3293      -11.55  0.3293   20.000  0.9763E-03        -11.55  0.3293   20.000  0.1501E+00        -11.55  0.3293   20.000  0.5182E+00        -11.55  0.3293   20.000  0.1837E-02
          1.3457      -11.55  0.3293   20.000  0.7663E-03        -11.55  0.3293   20.000  0.1302E+00        -11.55  0.3293   20.000  0.5481E+00        -11.55  0.3293   20.000  0.2447E-02
          1.3622      -11.55  0.3293   20.000  0.6009E-03        -11.55  0.3293   20.000  0.1124E+00        -11.55  0.3293   20.000  0.5770E+00        -11.55  0.3293   20.000  0.3227E-02
          1.3787      -11.55  0.3293   20.000  0.4707E-03        -11.55  0.3293   20.000  0.9675E-01        -11.55  0.3293   20.000  0.6048E+00        -11.55  0.3293   20.000  0.4212E-02
          1.3951      -11.55  0.3293   20.000  0.3685E-03        -11.55  0.3293   20.000  0.8295E-01        -11.55  0.3293   20.000  0.6310E+00        -11.55  0.3293   20.000  0.5443E-02
          1.4116      -11.55  0.3293   20.000  0.2883E-03        -11.55  0.3293   20.000  0.7087E-01        -11.55  0.3293   20.000  0.6556E+00        -11.55  0.3293   20.000  0.6968E-02
          1.4281      -11.55  0.3293   20.000  0.2253E-03        -11.55  0.3293   20.000  0.6035E-01        -11.55  0.3293   20.000  0.6783E+00        -11.55  0.3293   20.000  0.8836E-02
          1.4445      -11.55  0.3293   20.000  0.1760E-03        -11.55  0.3293   20.000  0.5124E-01        -11.55  0.3293   20.000  0.6989E+00        -11.55  0.3293   20.000  0.1111E-01
          1.4610      -11.55  0.3293   20.000  0.1374E-03        -11.55  0.3293   20.000  0.4336E-01        -11.55  0.3293   20.000  0.7173E+00        -11.55  0.3293   20.000  0.1383E-01
          1.4774      -11.55  0.3293   20.000  0.1072E-03        -11.55  0.3293   20.000  0.3659E-01        -11.55  0.3293   20.000  0.7331E+00        -11.55  0.3293   20.000  0.1709E-01
          1.4887      -11.55  0.3293   20.000  0.9033E-04        -11.55  0.3293   20.000  0.3252E-01        -11.55  0.3293   20.000  0.7425E+00        -11.55  0.3293   20.000  0.1966E-01
          1.5000      -11.55  0.3293   20.000  0.7612E-04        -11.55  0.3293   20.000  0.2887E-01        -11.55  0.3293   20.000  0.7505E+00        -11.55  0.3293   20.000  0.2253E-01
          1.5165      -11.55  0.3293   20.000  0.5930E-04        -11.55  0.3293   20.000  0.2421E-01        -11.55  0.3293   20.000  0.7599E+00        -11.55  0.3293   20.000  0.2729E-01
          1.5329      -11.55  0.3293   20.000  0.4617E-04        -11.55  0.3293   20.000  0.2025E-01        -11.55  0.3293   20.000  0.7665E+00        -11.55  0.3293   20.000  0.3282E-01
          1.5494      -11.55  0.3293   20.000  0.3594E-04        -11.55  0.3293   20.000  0.1689E-01        -11.55  0.3293   20.000  0.7700E+00        -11.55  0.3293   20.000  0.3917E-01
          1.5659      -11.55  0.3293   20.000  0.2796E-04        -11.55  0.3293   20.000  0.1406E-01        -11.55  0.3293   20.000  0.7705E+00        -11.55  0.3293   20.000  0.4641E-01
          1.5823      -11.55  0.3293   20.000  0.2174E-04        -11.55  0.3293   20.000  0.1168E-01        -11.55  0.3293   20.000  0.7681E+00        -11.55  0.3293   20.000  0.5460E-01
          1.5988      -11.55  0.3293   20.000  0.1690E-04        -11.55  0.3293   20.000  0.9679E-02        -11.55  0.3293   20.000  0.7626E+00        -11.55  0.3293   20.000  0.6381E-01
          1.6152      -11.55  0.3293   20.000  0.1313E-04        -11.55  0.3293   20.000  0.8006E-02        -11.55  0.3293   20.000  0.7543E+00        -11.55  0.3293   20.000  0.7408E-01
          1.6317      -11.55  0.3293   20.000  0.1020E-04        -11.55  0.3293   20.000  0.6608E-02        -11.55  0.3293   20.000  0.7431E+00        -11.55  0.3293   20.000  0.8546E-01
          1.6482      -11.55  0.3293   20.000  0.7916E-05        -11.55  0.3293   20.000  0.5444E-02        -11.55  0.3293   20.000  0.7292E+00        -11.55  0.3293   20.000  0.9797E-01
          1.6646      -11.55  0.3293   20.000  0.6144E-05        -11.55  0.3293   20.000  0.4477E-02        -11.55  0.3293   20.000  0.7129E+00        -11.55  0.3293   20.000  0.1116E+00
          1.6811      -11.55  0.3293   20.000  0.4767E-05        -11.55  0.3293   20.000  0.3676E-02        -11.55  0.3293   20.000  0.6942E+00        -11.55  0.3293   20.000  0.1265E+00
          1.6976      -11.55  0.3293   20.000  0.3698E-05        -11.55  0.3293   20.000  0.3012E-02        -11.55  0.3293   20.000  0.6734E+00        -11.55  0.3293   20.000  0.1425E+00
          1.7140      -11.55  0.3293   20.000  0.2867E-05        -11.55  0.3293   20.000  0.2465E-02        -11.55  0.3293   20.000  0.6508E+00        -11.55  0.3293   20.000  0.1596E+00
          1.7305      -11.55  0.3293   20.000  0.2223E-05        -11.55  0.3293   20.000  0.2014E-02        -11.55  0.3293   20.000  0.6265E+00        -11.55  0.3293   20.000  0.1779E+00
          1.7470      -11.55  0.3293   20.000  0.1723E-05        -11.55  0.3293   20.000  0.1643E-02        -11.55  0.3293   20.000  0.6009E+00        -11.55  0.3293   20.000  0.1972E+00
          1.7634      -11.55  0.3293   20.000  0.1335E-05        -11.55  0.3293   20.000  0.1338E-02        -11.55  0.3293   20.000  0.5741E+00        -11.55  0.3293   20.000  0.2175E+00
          1.7799      -11.55  0.3293   20.000  0.1034E-05        -11.55  0.3293   20.000  0.1088E-02        -11.55  0.3293   20.000  0.5466E+00        -11.55  0.3293   20.000  0.2388E+00
          1.7963      -11.55  0.3293   20.000  0.8008E-06        -11.55  0.3293   20.000  0.8840E-03        -11.55  0.3293   20.000  0.5184E+00        -11.55  0.3293   20.000  0.2609E+00
          1.8128      -11.55  0.3293   20.000  0.6200E-06        -11.55  0.3293   20.000  0.7171E-03        -11.55  0.3293   20.000  0.4900E+00        -11.55  0.3293   20.000  0.2837E+00
          1.8293      -11.55  0.3293   20.000  0.4800E-06        -11.55  0.3293   20.000  0.5810E-03        -11.55  0.3293   20.000  0.4614E+00        -11.55  0.3293   20.000  0.3072E+00
          1.8457      -11.55  0.3293   20.000  0.3715E-06        -11.55  0.3293   20.000  0.4702E-03        -11.55  0.3293   20.000  0.4330E+00        -11.55  0.3293   20.000  0.3311E+00
          1.8622      -11.55  0.3293   20.000  0.2875E-06        -11.55  0.3293   20.000  0.3800E-03        -11.55  0.3293   20.000  0.4050E+00        -11.55  0.3293   20.000  0.3554E+00
          1.8787      -11.55  0.3293   20.000  0.2224E-06        -11.55  0.3293   20.000  0.3068E-03        -11.55  0.3293   20.000  0.3774E+00        -11.55  0.3293   20.000  0.3799E+00
          1.8951      -11.55  0.3293   20.000  0.1721E-06        -11.55  0.3293   20.000  0.2475E-03        -11.55  0.3293   20.000  0.3506E+00        -11.55  0.3293   20.000  0.4045E+00
          1.9116      -11.55  0.3293   20.000  0.1331E-06        -11.55  0.3293   20.000  0.1994E-03        -11.55  0.3293   20.000  0.3246E+00        -11.55  0.3293   20.000  0.4290E+00
          1.9281      -11.55  0.3293   20.000  0.1029E-06        -11.55  0.3293   20.000  0.1605E-03        -11.55  0.3293   20.000  0.2995E+00        -11.55  0.3293   20.000  0.4531E+00
          1.9445      -11.55  0.3293   20.000  0.7957E-07        -11.55  0.3293   20.000  0.1290E-03        -11.55  0.3293   20.000  0.2756E+00        -11.55  0.3293   20.000  0.4769E+00
          1.9610      -11.55  0.3293   20.000  0.6151E-07        -11.55  0.3293   20.000  0.1036E-03        -11.55  0.3293   20.000  0.2527E+00        -11.55  0.3293   20.000  0.5000E+00
          1.9774      -11.55  0.3293   20.000  0.4755E-07        -11.55  0.3293   20.000  0.8316E-04        -11.55  0.3293   20.000  0.2310E+00        -11.55  0.3293   20.000  0.5224E+00
          1.9887      -11.55  0.3293   20.000  0.3982E-07        -11.55  0.3293   20.000  0.7148E-04        -11.55  0.3293   20.000  0.2169E+00        -11.55  0.3293   20.000  0.5371E+00
          2.0000      -11.55  0.3293   20.000  0.3335E-07        -11.55  0.3293   20.000  0.6140E-04        -11.55  0.3293   20.000  0.2033E+00        -11.55  0.3293   20.000  0.5514E+00
          2.0165      -11.55  0.3293   20.000  0.2577E-07        -11.55  0.3293   20.000  0.4917E-04        -11.55  0.3293   20.000  0.1846E+00        -11.55  0.3293   20.000  0.5713E+00
          2.0329      -11.55  0.3293   20.000  0.1991E-07        -11.55  0.3293   20.000  0.3935E-04        -11.55  0.3293   20.000  0.1671E+00        -11.55  0.3293   20.000  0.5898E+00
          2.0494      -11.55  0.3293   20.000  0.1538E-07        -11.55  0.3293   20.000  0.3146E-04        -11.55  0.3293   20.000  0.1508E+00        -11.55  0.3293   20.000  0.6068E+00
          2.0659      -11.55  0.3293   20.000  0.1188E-07        -11.55  0.3293   20.000  0.2513E-04        -11.55  0.3293   20.000  0.1358E+00        -11.55  0.3293   20.000  0.6223E+00
          2.0823      -11.55  0.3293   20.000  0.9177E-08        -11.55  0.3293   20.000  0.2006E-04        -11.55  0.3293   20.000  0.1219E+00        -11.55  0.3293   20.000  0.6360E+00
          2.0988      -11.55  0.3293   20.000  0.7088E-08        -11.55  0.3293   20.000  0.1601E-04        -11.55  0.3293   20.000  0.1092E+00        -11.55  0.3293   20.000  0.6479E+00
          2.1152      -11.55  0.3293   20.000  0.5473E-08        -11.55  0.3293   20.000  0.1276E-04        -11.55  0.3293   20.000  0.9750E-01        -11.55  0.3293   20.000  0.6579E+00
          2.1317      -11.55  0.3293   20.000  0.4226E-08        -11.55  0.3293   20.000  0.1016E-04        -11.55  0.3293   20.000  0.8686E-01        -11.55  0.3293   20.000  0.6660E+00
          2.1482      -11.55  0.3293   20.000  0.3263E-08        -11.55  0.3293   20.000  0.8092E-05        -11.55  0.3293   20.000  0.7719E-01        -11.55  0.3293   20.000  0.6719E+00
          2.1646      -11.55  0.3293   20.000  0.2519E-08        -11.55  0.3293   20.000  0.6438E-05        -11.55  0.3293   20.000  0.6843E-01        -11.55  0.3293   20.000  0.6758E+00
          2.1811      -11.55  0.3293   20.000  0.1945E-08        -11.55  0.3293   20.000  0.5118E-05        -11.55  0.3293   20.000  0.6053E-01        -11.55  0.3293   20.000  0.6776E+00
          2.1976      -11.55  0.3293   20.000  0.1501E-08        -11.55  0.3293   20.000  0.4067E-05        -11.55  0.3293   20.000  0.5341E-01        -11.55  0.3293   20.000  0.6773E+00
          2.2140      -11.55  0.3293   20.000  0.1159E-08        -11.55  0.3293   20.000  0.3230E-05        -11.55  0.3293   20.000  0.4702E-01        -11.55  0.3293   20.000  0.6749E+00
          2.2305      -11.55  0.3293   20.000  0.8944E-09        -11.55  0.3293   20.000  0.2563E-05        -11.55  0.3293   20.000  0.4131E-01        -11.55  0.3293   20.000  0.6705E+00
          2.2470      -11.55  0.3293   20.000  0.6903E-09        -11.55  0.3293   20.000  0.2033E-05        -11.55  0.3293   20.000  0.3621E-01        -11.55  0.3293   20.000  0.6640E+00
          2.2634      -11.55  0.3293   20.000  0.5327E-09        -11.55  0.3293   20.000  0.1612E-05        -11.55  0.3293   20.000  0.3167E-01        -11.55  0.3293   20.000  0.6557E+00
          2.2799      -11.55  0.3293   20.000  0.4111E-09        -11.55  0.3293   20.000  0.1277E-05        -11.55  0.3293   20.000  0.2765E-01        -11.55  0.3293   20.000  0.6456E+00
          2.2963      -11.55  0.3293   20.000  0.3172E-09        -11.55  0.3293   20.000  0.1011E-05        -11.55  0.3293   20.000  0.2408E-01        -11.55  0.3293   20.000  0.6337E+00
          2.3128      -11.55  0.3293   20.000  0.2447E-09        -11.55  0.3293   20.000  0.8006E-06        -11.55  0.3293   20.000  0.2094E-01        -11.55  0.3293   20.000  0.6202E+00
          2.3293      -11.55  0.3293   20.000  0.1888E-09        -11.55  0.3293   20.000  0.6335E-06        -11.55  0.3293   20.000  0.1817E-01        -11.55  0.3293   20.000  0.6053E+00
          2.3457      -11.55  0.3293   20.000  0.1457E-09        -11.55  0.3293   20.000  0.5009E-06        -11.55  0.3293   20.000  0.1574E-01        -11.55  0.3293   20.000  0.5890E+00
          2.3622      -11.55  0.3293   20.000  0.1124E-09        -11.55  0.3293   20.000  0.3960E-06        -11.55  0.3293   20.000  0.1360E-01        -11.55  0.3293   20.000  0.5715E+00
          2.3787      -11.55  0.3293   20.000  0.8669E-10        -11.55  0.3293   20.000  0.3128E-06        -11.55  0.3293   20.000  0.1174E-01        -11.55  0.3293   20.000  0.5530E+00
          2.3951      -11.55  0.3293   20.000  0.6687E-10        -11.55  0.3293   20.000  0.2471E-06        -11.55  0.3293   20.000  0.1011E-01        -11.55  0.3293   20.000  0.5336E+00
          2.4116      -11.55  0.3293   20.000  0.5158E-10        -11.55  0.3293   20.000  0.1950E-06        -11.55  0.3293   20.000  0.8695E-02        -11.55  0.3293   20.000  0.5134E+00
          2.4281      -11.55  0.3293   20.000  0.3979E-10        -11.55  0.3293   20.000  0.1539E-06        -11.55  0.3293   20.000  0.7465E-02        -11.55  0.3293   20.000  0.4927E+00
          2.4445      -11.55  0.3293   20.000  0.3069E-10        -11.55  0.3293   20.000  0.1214E-06        -11.55  0.3293   20.000  0.6397E-02        -11.55  0.3293   20.000  0.4715E+00
          2.4610      -11.55  0.3293   20.000  0.2367E-10        -11.55  0.3293   20.000  0.9571E-07        -11.55  0.3293   20.000  0.5474E-02        -11.55  0.3293   20.000  0.4500E+00
          2.4774      -11.55  0.3293   20.000  0.1825E-10        -11.55  0.3293   20.000  0.7543E-07        -11.55  0.3293   20.000  0.4676E-02        -11.55  0.3293   20.000  0.4284E+00
          2.4887      -11.55  0.3293   20.000  0.1526E-10        -11.55  0.3293   20.000  0.6403E-07        -11.55  0.3293   20.000  0.4194E-02        -11.55  0.3293   20.000  0.4135E+00
          2.5000      -11.55  0.3293   20.000  0.1276E-10        -11.55  0.3293   20.000  0.5435E-07        -11.55  0.3293   20.000  0.3759E-02        -11.55  0.3293   20.000  0.3987E+00
          2.5165      -11.55  0.3293   20.000  0.9839E-11        -11.55  0.3293   20.000  0.4280E-07        -11.55  0.3293   20.000  0.3200E-02        -11.55  0.3293   20.000  0.3772E+00
          2.5329      -11.55  0.3293   20.000  0.7587E-11        -11.55  0.3293   20.000  0.3369E-07        -11.55  0.3293   20.000  0.2719E-02        -11.55  0.3293   20.000  0.3559E+00
          2.5494      -11.55  0.3293   20.000  0.5851E-11        -11.55  0.3293   20.000  0.2651E-07        -11.55  0.3293   20.000  0.2308E-02        -11.55  0.3293   20.000  0.3350E+00
          2.5659      -11.55  0.3293   20.000  0.4512E-11        -11.55  0.3293   20.000  0.2085E-07        -11.55  0.3293   20.000  0.1956E-02        -11.55  0.3293   20.000  0.3145E+00
          2.5823      -11.55  0.3293   20.000  0.3479E-11        -11.55  0.3293   20.000  0.1640E-07        -11.55  0.3293   20.000  0.1655E-02        -11.55  0.3293   20.000  0.2946E+00
          2.5988      -11.55  0.3293   20.000  0.2682E-11        -11.55  0.3293   20.000  0.1289E-07        -11.55  0.3293   20.000  0.1399E-02        -11.55  0.3293   20.000  0.2752E+00
          2.6152      -11.55  0.3293   20.000  0.2068E-11        -11.55  0.3293   20.000  0.1013E-07        -11.55  0.3293   20.000  0.1181E-02        -11.55  0.3293   20.000  0.2565E+00
          2.6317      -11.55  0.3293   20.000  0.1595E-11        -11.55  0.3293   20.000  0.7960E-08        -11.55  0.3293   20.000  0.9955E-03        -11.55  0.3293   20.000  0.2385E+00
          2.6482      -11.55  0.3293   20.000  0.1229E-11        -11.55  0.3293   20.000  0.6252E-08        -11.55  0.3293   20.000  0.8381E-03        -11.55  0.3293   20.000  0.2213E+00
          2.6646      -11.55  0.3293   20.000  0.9479E-12        -11.55  0.3293   20.000  0.4909E-08        -11.55  0.3293   20.000  0.7047E-03        -11.55  0.3293   20.000  0.2048E+00
          2.6811      -11.55  0.3293   20.000  0.7308E-12        -11.55  0.3293   20.000  0.3854E-08        -11.55  0.3293   20.000  0.5918E-03        -11.55  0.3293   20.000  0.1891E+00
          2.6976      -11.55  0.3293   20.000  0.5634E-12        -11.55  0.3293   20.000  0.3024E-08        -11.55  0.3293   20.000  0.4964E-03        -11.55  0.3293   20.000  0.1743E+00
          2.7140      -11.55  0.3293   20.000  0.4344E-12        -11.55  0.3293   20.000  0.2373E-08        -11.55  0.3293   20.000  0.4159E-03        -11.55  0.3293   20.000  0.1602E+00
          2.7305      -11.55  0.3293   20.000  0.3349E-12        -11.55  0.3293   20.000  0.1861E-08        -11.55  0.3293   20.000  0.3481E-03        -11.55  0.3293   20.000  0.1470E+00
          2.7470      -11.55  0.3293   20.000  0.2582E-12        -11.55  0.3293   20.000  0.1459E-08        -11.55  0.3293   20.000  0.2909E-03        -11.55  0.3293   20.000  0.1346E+00
          2.7634      -11.55  0.3293   20.000  0.1990E-12        -11.55  0.3293   20.000  0.1144E-08        -11.55  0.3293   20.000  0.2429E-03        -11.55  0.3293   20.000  0.1229E+00
          2.7799      -11.55  0.3293   20.000  0.1534E-12        -11.55  0.3293   20.000  0.8966E-09        -11.55  0.3293   20.000  0.2026E-03        -11.55  0.3293   20.000  0.1120E+00
          2.7963      -11.55  0.3293   20.000  0.1183E-12        -11.55  0.3293   20.000  0.7025E-09        -11.55  0.3293   20.000  0.1688E-03        -11.55  0.3293   20.000  0.1019E+00
          2.8128      -11.55  0.3293   20.000  0.9118E-13        -11.55  0.3293   20.000  0.5503E-09        -11.55  0.3293   20.000  0.1405E-03        -11.55  0.3293   20.000  0.9254E-01
          2.8293      -11.55  0.3293   20.000  0.7029E-13        -11.55  0.3293   20.000  0.4310E-09        -11.55  0.3293   20.000  0.1168E-03        -11.55  0.3293   20.000  0.8384E-01
          2.8457      -11.55  0.3293   20.000  0.5418E-13        -11.55  0.3293   20.000  0.3375E-09        -11.55  0.3293   20.000  0.9706E-04        -11.55  0.3293   20.000  0.7582E-01
          2.8622      -11.55  0.3293   20.000  0.4177E-13        -11.55  0.3293   20.000  0.2642E-09        -11.55  0.3293   20.000  0.8055E-04        -11.55  0.3293   20.000  0.6843E-01
          2.8787      -11.55  0.3293   20.000  0.3220E-13        -11.55  0.3293   20.000  0.2068E-09        -11.55  0.3293   20.000  0.6678E-04        -11.55  0.3293   20.000  0.6165E-01
          2.8951      -11.55  0.3293   20.000  0.2482E-13        -11.55  0.3293   20.000  0.1618E-09        -11.55  0.3293   20.000  0.5531E-04        -11.55  0.3293   20.000  0.5543E-01
          2.9116      -11.55  0.3293   20.000  0.1913E-13        -11.55  0.3293   20.000  0.1266E-09        -11.55  0.3293   20.000  0.4577E-04        -11.55  0.3293   20.000  0.4975E-01
          2.9281      -11.55  0.3293   20.000  0.1475E-13        -11.55  0.3293   20.000  0.9903E-10        -11.55  0.3293   20.000  0.3784E-04        -11.55  0.3293   20.000  0.4457E-01
          2.9445      -11.55  0.3293   20.000  0.1137E-13        -11.55  0.3293   20.000  0.7745E-10        -11.55  0.3293   20.000  0.3126E-04        -11.55  0.3293   20.000  0.3985E-01
          2.9610      -11.55  0.3293   20.000  0.8762E-14        -11.55  0.3293   20.000  0.6055E-10        -11.55  0.3293   20.000  0.2580E-04        -11.55  0.3293   20.000  0.3558E-01
          2.9774      -11.55  0.3293   20.000  0.6754E-14        -11.55  0.3293   20.000  0.4734E-10        -11.55  0.3293   20.000  0.2127E-04        -11.55  0.3293   20.000  0.3171E-01
          2.9887      -11.55  0.3293   20.000  0.5643E-14        -11.55  0.3293   20.000  0.3996E-10        -11.55  0.3293   20.000  0.1863E-04        -11.55  0.3293   20.000  0.2928E-01
          3.0000      -11.55  0.3293   20.000  0.4715E-14        -11.55  0.3293   20.000  0.3373E-10        -11.55  0.3293   20.000  0.1631E-04        -11.55  0.3293   20.000  0.2701E-01
          3.0165      -11.55  0.3293   20.000  0.3635E-14        -11.55  0.3293   20.000  0.2636E-10        -11.55  0.3293   20.000  0.1342E-04        -11.55  0.3293   20.000  0.2397E-01
          3.0329      -11.55  0.3293   20.000  0.2802E-14        -11.55  0.3293   20.000  0.2059E-10        -11.55  0.3293   20.000  0.1104E-04        -11.55  0.3293   20.000  0.2124E-01
          3.0494      -11.55  0.3293   20.000  0.2159E-14        -11.55  0.3293   20.000  0.1608E-10        -11.55  0.3293   20.000  0.9068E-05        -11.55  0.3293   20.000  0.1879E-01
          3.0659      -11.55  0.3293   20.000  0.1664E-14        -11.55  0.3293   20.000  0.1256E-10        -11.55  0.3293   20.000  0.7445E-05        -11.55  0.3293   20.000  0.1660E-01
          3.0823      -11.55  0.3293   20.000  0.1283E-14        -11.55  0.3293   20.000  0.9810E-11        -11.55  0.3293   20.000  0.6108E-05        -11.55  0.3293   20.000  0.1464E-01
          3.0988      -11.55  0.3293   20.000  0.9888E-15        -11.55  0.3293   20.000  0.7659E-11        -11.55  0.3293   20.000  0.5007E-05        -11.55  0.3293   20.000  0.1289E-01
          3.1152      -11.55  0.3293   20.000  0.7622E-15        -11.55  0.3293   20.000  0.5979E-11        -11.55  0.3293   20.000  0.4102E-05        -11.55  0.3293   20.000  0.1133E-01
          3.1317      -11.55  0.3293   20.000  0.5875E-15        -11.55  0.3293   20.000  0.4666E-11        -11.55  0.3293   20.000  0.3358E-05        -11.55  0.3293   20.000  0.9946E-02
          3.1482      -11.55  0.3293   20.000  0.4528E-15        -11.55  0.3293   20.000  0.3642E-11        -11.55  0.3293   20.000  0.2747E-05        -11.55  0.3293   20.000  0.8719E-02
          3.1646      -11.55  0.3293   20.000  0.3490E-15        -11.55  0.3293   20.000  0.2841E-11        -11.55  0.3293   20.000  0.2245E-05        -11.55  0.3293   20.000  0.7631E-02
          3.1811      -11.55  0.3293   20.000  0.2690E-15        -11.55  0.3293   20.000  0.2217E-11        -11.55  0.3293   20.000  0.1834E-05        -11.55  0.3293   20.000  0.6670E-02
          3.1976      -11.55  0.3293   20.000  0.2073E-15        -11.55  0.3293   20.000  0.1729E-11        -11.55  0.3293   20.000  0.1497E-05        -11.55  0.3293   20.000  0.5822E-02
          3.2140      -11.55  0.3293   20.000  0.1598E-15        -11.55  0.3293   20.000  0.1349E-11        -11.55  0.3293   20.000  0.1222E-05        -11.55  0.3293   20.000  0.5075E-02
          3.2305      -11.55  0.3293   20.000  0.1232E-15        -11.55  0.3293   20.000  0.1052E-11        -11.55  0.3293   20.000  0.9959E-06        -11.55  0.3293   20.000  0.4417E-02
          3.2470      -11.55  0.3293   20.000  0.9495E-16        -11.55  0.3293   20.000  0.8201E-12        -11.55  0.3293   20.000  0.8114E-06        -11.55  0.3293   20.000  0.3840E-02
          3.2634      -11.55  0.3293   20.000  0.7318E-16        -11.55  0.3293   20.000  0.6393E-12        -11.55  0.3293   20.000  0.6607E-06        -11.55  0.3293   20.000  0.3333E-02
          3.2799      -11.55  0.3293   20.000  0.5641E-16        -11.55  0.3293   20.000  0.4984E-12        -11.55  0.3293   20.000  0.5376E-06        -11.55  0.3293   20.000  0.2890E-02
          3.2963      -11.55  0.3293   20.000  0.4348E-16        -11.55  0.3293   20.000  0.3885E-12        -11.55  0.3293   20.000  0.4372E-06        -11.55  0.3293   20.000  0.2502E-02
          3.3128      -11.55  0.3293   20.000  0.3351E-16        -11.55  0.3293   20.000  0.3027E-12        -11.55  0.3293   20.000  0.3554E-06        -11.55  0.3293   20.000  0.2164E-02
          3.3293      -11.55  0.3293   20.000  0.2583E-16        -11.55  0.3293   20.000  0.2359E-12        -11.55  0.3293   20.000  0.2887E-06        -11.55  0.3293   20.000  0.1869E-02
          3.3457      -11.55  0.3293   20.000  0.1991E-16        -11.55  0.3293   20.000  0.1838E-12        -11.55  0.3293   20.000  0.2344E-06        -11.55  0.3293   20.000  0.1612E-02
          3.3622      -11.55  0.3293   20.000  0.1535E-16        -11.55  0.3293   20.000  0.1432E-12        -11.55  0.3293   20.000  0.1902E-06        -11.55  0.3293   20.000  0.1389E-02
          3.3787      -11.55  0.3293   20.000  0.1183E-16        -11.55  0.3293   20.000  0.1115E-12        -11.55  0.3293   20.000  0.1542E-06        -11.55  0.3293   20.000  0.1195E-02
          3.3951      -11.55  0.3293   20.000  0.9117E-17        -11.55  0.3293   20.000  0.8687E-13        -11.55  0.3293   20.000  0.1250E-06        -11.55  0.3293   20.000  0.1028E-02
          3.4116      -11.55  0.3293   20.000  0.7027E-17        -11.55  0.3293   20.000  0.6766E-13        -11.55  0.3293   20.000  0.1012E-06        -11.55  0.3293   20.000  0.8823E-03
          3.4281      -11.55  0.3293   20.000  0.5416E-17        -11.55  0.3293   20.000  0.5268E-13        -11.55  0.3293   20.000  0.8196E-07        -11.55  0.3293   20.000  0.7566E-03
          3.4445      -11.55  0.3293   20.000  0.4175E-17        -11.55  0.3293   20.000  0.4102E-13        -11.55  0.3293   20.000  0.6632E-07        -11.55  0.3293   20.000  0.6482E-03
          3.4610      -11.55  0.3293   20.000  0.3218E-17        -11.55  0.3293   20.000  0.3194E-13        -11.55  0.3293   20.000  0.5364E-07        -11.55  0.3293   20.000  0.5547E-03
          3.4775      -11.55  0.3293   20.000  0.2480E-17        -11.55  0.3293   20.000  0.2486E-13        -11.55  0.3293   20.000  0.4336E-07        -11.55  0.3293   20.000  0.4741E-03
          3.4887      -11.55  0.3293   20.000  0.2072E-17        -11.55  0.3293   20.000  0.2092E-13        -11.55  0.3293   20.000  0.3746E-07        -11.55  0.3293   20.000  0.4257E-03
          3.5000      -11.55  0.3293   20.000  0.1731E-17        -11.55  0.3293   20.000  0.1761E-13        -11.55  0.3293   20.000  0.3236E-07        -11.55  0.3293   20.000  0.3821E-03
          3.5165      -11.55  0.3293   20.000  0.1335E-17        -11.55  0.3293   20.000  0.1370E-13        -11.55  0.3293   20.000  0.2613E-07        -11.55  0.3293   20.000  0.3256E-03
          3.5329      -11.55  0.3293   20.000  0.1029E-17        -11.55  0.3293   20.000  0.1066E-13        -11.55  0.3293   20.000  0.2109E-07        -11.55  0.3293   20.000  0.2773E-03
          3.5494      -11.55  0.3293   20.000  0.7929E-18        -11.55  0.3293   20.000  0.8298E-14        -11.55  0.3293   20.000  0.1701E-07        -11.55  0.3293   20.000  0.2359E-03
          3.5659      -11.55  0.3293   20.000  0.6112E-18        -11.55  0.3293   20.000  0.6456E-14        -11.55  0.3293   20.000  0.1372E-07        -11.55  0.3293   20.000  0.2006E-03
          3.5823      -11.55  0.3293   20.000  0.4711E-18        -11.55  0.3293   20.000  0.5023E-14        -11.55  0.3293   20.000  0.1105E-07        -11.55  0.3293   20.000  0.1703E-03
          3.5988      -11.55  0.3293   20.000  0.3631E-18        -11.55  0.3293   20.000  0.3907E-14        -11.55  0.3293   20.000  0.8904E-08        -11.55  0.3293   20.000  0.1445E-03
          3.6152      -11.55  0.3293   20.000  0.2799E-18        -11.55  0.3293   20.000  0.3039E-14        -11.55  0.3293   20.000  0.7170E-08        -11.55  0.3293   20.000  0.1224E-03
          3.6317      -11.55  0.3293   20.000  0.2158E-18        -11.55  0.3293   20.000  0.2364E-14        -11.55  0.3293   20.000  0.5771E-08        -11.55  0.3293   20.000  0.1037E-03
          3.6482      -11.55  0.3293   20.000  0.1663E-18        -11.55  0.3293   20.000  0.1838E-14        -11.55  0.3293   20.000  0.4643E-08        -11.55  0.3293   20.000  0.8771E-04
          3.6646      -11.55  0.3293   20.000  0.1282E-18        -11.55  0.3293   20.000  0.1429E-14        -11.55  0.3293   20.000  0.3734E-08        -11.55  0.3293   20.000  0.7413E-04
          3.6811      -11.55  0.3293   20.000  0.9882E-19        -11.55  0.3293   20.000  0.1111E-14        -11.55  0.3293   20.000  0.3001E-08        -11.55  0.3293   20.000  0.6259E-04
          3.6976      -11.55  0.3293   20.000  0.7617E-19        -11.55  0.3293   20.000  0.8642E-15        -11.55  0.3293   20.000  0.2412E-08        -11.55  0.3293   20.000  0.5281E-04
          3.7140      -11.55  0.3293   20.000  0.5872E-19        -11.55  0.3293   20.000  0.6718E-15        -11.55  0.3293   20.000  0.1937E-08        -11.55  0.3293   20.000  0.4451E-04
          3.7305      -11.55  0.3293   20.000  0.4526E-19        -11.55  0.3293   20.000  0.5223E-15        -11.55  0.3293   20.000  0.1555E-08        -11.55  0.3293   20.000  0.3749E-04
          3.7470      -11.55  0.3293   20.000  0.3489E-19        -11.55  0.3293   20.000  0.4060E-15        -11.55  0.3293   20.000  0.1248E-08        -11.55  0.3293   20.000  0.3155E-04
          3.7634      -11.55  0.3293   20.000  0.2690E-19        -11.55  0.3293   20.000  0.3155E-15        -11.55  0.3293   20.000  0.1001E-08        -11.55  0.3293   20.000  0.2652E-04
          3.7799      -11.55  0.3293   20.000  0.2073E-19        -11.55  0.3293   20.000  0.2452E-15        -11.55  0.3293   20.000  0.8030E-09        -11.55  0.3293   20.000  0.2228E-04
          3.7963      -11.55  0.3293   20.000  0.1598E-19        -11.55  0.3293   20.000  0.1906E-15        -11.55  0.3293   20.000  0.6437E-09        -11.55  0.3293   20.000  0.1870E-04
          3.8128      -11.55  0.3293   20.000  0.1232E-19        -11.55  0.3293   20.000  0.1481E-15        -11.55  0.3293   20.000  0.5159E-09        -11.55  0.3293   20.000  0.1568E-04
          3.8293      -11.55  0.3293   20.000  0.9497E-20        -11.55  0.3293   20.000  0.1151E-15        -11.55  0.3293   20.000  0.4133E-09        -11.55  0.3293   20.000  0.1314E-04
          3.8457      -11.55  0.3293   20.000  0.7321E-20        -11.55  0.3293   20.000  0.8941E-16        -11.55  0.3293   20.000  0.3309E-09        -11.55  0.3293   20.000  0.1101E-04
          3.8622      -11.55  0.3293   20.000  0.5644E-20        -11.55  0.3293   20.000  0.6947E-16        -11.55  0.3293   20.000  0.2649E-09        -11.55  0.3293   20.000  0.9209E-05
          3.8787      -11.55  0.3293   20.000  0.4351E-20        -11.55  0.3293   20.000  0.5397E-16        -11.55  0.3293   20.000  0.2120E-09        -11.55  0.3293   20.000  0.7700E-05
          3.8951      -11.55  0.3293   20.000  0.3354E-20        -11.55  0.3293   20.000  0.4192E-16        -11.55  0.3293   20.000  0.1696E-09        -11.55  0.3293   20.000  0.6433E-05
          3.9116      -11.55  0.3293   20.000  0.2585E-20        -11.55  0.3293   20.000  0.3256E-16        -11.55  0.3293   20.000  0.1356E-09        -11.55  0.3293   20.000  0.5370E-05
          3.9281      -11.55  0.3293   20.000  0.1993E-20        -11.55  0.3293   20.000  0.2529E-16        -11.55  0.3293   20.000  0.1084E-09        -11.55  0.3293   20.000  0.4480E-05
          3.9445      -11.55  0.3293   20.000  0.1537E-20        -11.55  0.3293   20.000  0.1964E-16        -11.55  0.3293   20.000  0.8664E-10        -11.55  0.3293   20.000  0.3735E-05
          3.9610      -11.55  0.3293   20.000  0.1185E-20        -11.55  0.3293   20.000  0.1526E-16        -11.55  0.3293   20.000  0.6922E-10        -11.55  0.3293   20.000  0.3111E-05
          3.9774      -11.55  0.3293   20.000  0.9132E-21        -11.55  0.3293   20.000  0.1185E-16        -11.55  0.3293   20.000  0.5528E-10        -11.55  0.3293   20.000  0.2590E-05
          3.9887      -11.55  0.3293   20.000  0.7630E-21        -11.55  0.3293   20.000  0.9954E-17        -11.55  0.3293   20.000  0.4736E-10        -11.55  0.3293   20.000  0.2285E-05
          4.0000      -11.55  0.3293   20.000  0.6375E-21        -11.55  0.3293   20.000  0.8362E-17        -11.55  0.3293   20.000  0.4057E-10        -11.55  0.3293   20.000  0.2014E-05
          4.0165      -11.55  0.3293   20.000  0.4914E-21        -11.55  0.3293   20.000  0.6493E-17        -11.55  0.3293   20.000  0.3238E-10        -11.55  0.3293   20.000  0.1673E-05
          4.0329      -11.55  0.3293   20.000  0.3789E-21        -11.55  0.3293   20.000  0.5041E-17        -11.55  0.3293   20.000  0.2583E-10        -11.55  0.3293   20.000  0.1389E-05
          4.0494      -11.55  0.3293   20.000  0.2921E-21        -11.55  0.3293   20.000  0.3914E-17        -11.55  0.3293   20.000  0.2060E-10        -11.55  0.3293   20.000  0.1153E-05
          4.0659      -11.55  0.3293   20.000  0.2252E-21        -11.55  0.3293   20.000  0.3038E-17        -11.55  0.3293   20.000  0.1643E-10        -11.55  0.3293   20.000  0.9561E-06
          4.0823      -11.55  0.3293   20.000  0.1736E-21        -11.55  0.3293   20.000  0.2359E-17        -11.55  0.3293   20.000  0.1310E-10        -11.55  0.3293   20.000  0.7924E-06
          4.0988      -11.55  0.3293   20.000  0.1338E-21        -11.55  0.3293   20.000  0.1831E-17        -11.55  0.3293   20.000  0.1044E-10        -11.55  0.3293   20.000  0.6564E-06
          4.1152      -11.55  0.3293   20.000  0.1032E-21        -11.55  0.3293   20.000  0.1421E-17        -11.55  0.3293   20.000  0.8314E-11        -11.55  0.3293   20.000  0.5433E-06
          4.1317      -11.55  0.3293   20.000  0.7955E-22        -11.55  0.3293   20.000  0.1103E-17        -11.55  0.3293   20.000  0.6621E-11        -11.55  0.3293   20.000  0.4495E-06
          4.1482      -11.55  0.3293   20.000  0.6133E-22        -11.55  0.3293   20.000  0.8561E-18        -11.55  0.3293   20.000  0.5272E-11        -11.55  0.3293   20.000  0.3716E-06
          4.1646      -11.55  0.3293   20.000  0.4729E-22        -11.55  0.3293   20.000  0.6644E-18        -11.55  0.3293   20.000  0.4196E-11        -11.55  0.3293   20.000  0.3071E-06
          4.1811      -11.55  0.3293   20.000  0.3646E-22        -11.55  0.3293   20.000  0.5156E-18        -11.55  0.3293   20.000  0.3339E-11        -11.55  0.3293   20.000  0.2536E-06
          4.1976      -11.55  0.3293   20.000  0.2811E-22        -11.55  0.3293   20.000  0.4001E-18        -11.55  0.3293   20.000  0.2657E-11        -11.55  0.3293   20.000  0.2093E-06
          4.2140      -11.55  0.3293   20.000  0.2167E-22        -11.55  0.3293   20.000  0.3105E-18        -11.55  0.3293   20.000  0.2113E-11        -11.55  0.3293   20.000  0.1726E-06
          4.2305      -11.55  0.3293   20.000  0.1671E-22        -11.55  0.3293   20.000  0.2409E-18        -11.55  0.3293   20.000  0.1680E-11        -11.55  0.3293   20.000  0.1423E-06
          4.2470      -11.55  0.3293   20.000  0.1288E-22        -11.55  0.3293   20.000  0.1869E-18        -11.55  0.3293   20.000  0.1336E-11        -11.55  0.3293   20.000  0.1172E-06
          4.2634      -11.55  0.3293   20.000  0.9932E-23        -11.55  0.3293   20.000  0.1450E-18        -11.55  0.3293   20.000  0.1062E-11        -11.55  0.3293   20.000  0.9653E-07
          4.2799      -11.55  0.3293   20.000  0.7658E-23        -11.55  0.3293   20.000  0.1125E-18        -11.55  0.3293   20.000  0.8435E-12        -11.55  0.3293   20.000  0.7944E-07
          4.2963      -11.55  0.3293   20.000  0.5904E-23        -11.55  0.3293   20.000  0.8729E-19        -11.55  0.3293   20.000  0.6700E-12        -11.55  0.3293   20.000  0.6534E-07
          4.3128      -11.55  0.3293   20.000  0.4552E-23        -11.55  0.3293   20.000  0.6771E-19        -11.55  0.3293   20.000  0.5321E-12        -11.55  0.3293   20.000  0.5371E-07
          4.3293      -11.55  0.3293   20.000  0.3510E-23        -11.55  0.3293   20.000  0.5253E-19        -11.55  0.3293   20.000  0.4225E-12        -11.55  0.3293   20.000  0.4413E-07
          4.3457      -11.55  0.3293   20.000  0.2706E-23        -11.55  0.3293   20.000  0.4074E-19        -11.55  0.3293   20.000  0.3354E-12        -11.55  0.3293   20.000  0.3624E-07
          4.3622      -11.55  0.3293   20.000  0.2087E-23        -11.55  0.3293   20.000  0.3160E-19        -11.55  0.3293   20.000  0.2662E-12        -11.55  0.3293   20.000  0.2975E-07
          4.3787      -11.55  0.3293   20.000  0.1609E-23        -11.55  0.3293   20.000  0.2451E-19        -11.55  0.3293   20.000  0.2112E-12        -11.55  0.3293   20.000  0.2440E-07
          4.3951      -11.55  0.3293   20.000  0.1241E-23        -11.55  0.3293   20.000  0.1901E-19        -11.55  0.3293   20.000  0.1675E-12        -11.55  0.3293   20.000  0.2001E-07
          4.4116      -11.55  0.3293   20.000  0.9565E-24        -11.55  0.3293   20.000  0.1474E-19        -11.55  0.3293   20.000  0.1329E-12        -11.55  0.3293   20.000  0.1640E-07
          4.4281      -11.55  0.3293   20.000  0.7376E-24        -11.55  0.3293   20.000  0.1143E-19        -11.55  0.3293   20.000  0.1053E-12        -11.55  0.3293   20.000  0.1343E-07
          4.4445      -11.55  0.3293   20.000  0.5687E-24        -11.55  0.3293   20.000  0.8867E-20        -11.55  0.3293   20.000  0.8351E-13        -11.55  0.3293   20.000  0.1100E-07
          4.4610      -11.55  0.3293   20.000  0.4385E-24        -11.55  0.3293   20.000  0.6876E-20        -11.55  0.3293   20.000  0.6618E-13        -11.55  0.3293   20.000  0.8999E-08
          4.4774      -11.55  0.3293   20.000  0.3381E-24        -11.55  0.3293   20.000  0.5332E-20        -11.55  0.3293   20.000  0.5244E-13        -11.55  0.3293   20.000  0.7360E-08
          4.4887      -11.55  0.3293   20.000  0.2825E-24        -11.55  0.3293   20.000  0.4475E-20        -11.55  0.3293   20.000  0.4469E-13        -11.55  0.3293   20.000  0.6417E-08
          4.5000      -11.55  0.3293   20.000  0.2361E-24        -11.55  0.3293   20.000  0.3755E-20        -11.55  0.3293   20.000  0.3808E-13        -11.55  0.3293   20.000  0.5592E-08
          4.5165      -11.55  0.3293   20.000  0.1820E-24        -11.55  0.3293   20.000  0.2912E-20        -11.55  0.3293   20.000  0.3016E-13        -11.55  0.3293   20.000  0.4566E-08
          4.5329      -11.55  0.3293   20.000  0.1404E-24        -11.55  0.3293   20.000  0.2257E-20        -11.55  0.3293   20.000  0.2388E-13        -11.55  0.3293   20.000  0.3728E-08
          4.5494      -11.55  0.3293   20.000  0.1082E-24        -11.55  0.3293   20.000  0.1750E-20        -11.55  0.3293   20.000  0.1891E-13        -11.55  0.3293   20.000  0.3042E-08
          4.5659      -11.55  0.3293   20.000  0.8347E-25        -11.55  0.3293   20.000  0.1357E-20        -11.55  0.3293   20.000  0.1496E-13        -11.55  0.3293   20.000  0.2482E-08
          4.5823      -11.55  0.3293   20.000  0.6436E-25        -11.55  0.3293   20.000  0.1052E-20        -11.55  0.3293   20.000  0.1184E-13        -11.55  0.3293   20.000  0.2024E-08
          4.5988      -11.55  0.3293   20.000  0.4963E-25        -11.55  0.3293   20.000  0.8155E-21        -11.55  0.3293   20.000  0.9369E-14        -11.55  0.3293   20.000  0.1650E-08
          4.6152      -11.55  0.3293   20.000  0.3827E-25        -11.55  0.3293   20.000  0.6322E-21        -11.55  0.3293   20.000  0.7412E-14        -11.55  0.3293   20.000  0.1344E-08
          4.6317      -11.55  0.3293   20.000  0.2951E-25        -11.55  0.3293   20.000  0.4901E-21        -11.55  0.3293   20.000  0.5862E-14        -11.55  0.3293   20.000  0.1095E-08
          4.6482      -11.55  0.3293   20.000  0.2276E-25        -11.55  0.3293   20.000  0.3799E-21        -11.55  0.3293   20.000  0.4635E-14        -11.55  0.3293   20.000  0.8913E-09
          4.6646      -11.55  0.3293   20.000  0.1755E-25        -11.55  0.3293   20.000  0.2944E-21        -11.55  0.3293   20.000  0.3665E-14        -11.55  0.3293   20.000  0.7253E-09
          4.6811      -11.55  0.3293   20.000  0.1353E-25        -11.55  0.3293   20.000  0.2282E-21        -11.55  0.3293   20.000  0.2897E-14        -11.55  0.3293   20.000  0.5900E-09
          4.6976      -11.55  0.3293   20.000  0.1044E-25        -11.55  0.3293   20.000  0.1769E-21        -11.55  0.3293   20.000  0.2289E-14        -11.55  0.3293   20.000  0.4797E-09
          4.7140      -11.55  0.3293   20.000  0.8049E-26        -11.55  0.3293   20.000  0.1371E-21        -11.55  0.3293   20.000  0.1809E-14        -11.55  0.3293   20.000  0.3899E-09
          4.7305      -11.55  0.3293   20.000  0.6207E-26        -11.55  0.3293   20.000  0.1063E-21        -11.55  0.3293   20.000  0.1429E-14        -11.55  0.3293   20.000  0.3168E-09
          4.7470      -11.55  0.3293   20.000  0.4786E-26        -11.55  0.3293   20.000  0.8235E-22        -11.55  0.3293   20.000  0.1129E-14        -11.55  0.3293   20.000  0.2573E-09
          4.7634      -11.55  0.3293   20.000  0.3691E-26        -11.55  0.3293   20.000  0.6382E-22        -11.55  0.3293   20.000  0.8916E-15        -11.55  0.3293   20.000  0.2089E-09
          4.7799      -11.55  0.3293   20.000  0.2846E-26        -11.55  0.3293   20.000  0.4945E-22        -11.55  0.3293   20.000  0.7041E-15        -11.55  0.3293   20.000  0.1695E-09
          4.7963      -11.55  0.3293   20.000  0.2195E-26        -11.55  0.3293   20.000  0.3832E-22        -11.55  0.3293   20.000  0.5559E-15        -11.55  0.3293   20.000  0.1375E-09
          4.8128      -11.55  0.3293   20.000  0.1693E-26        -11.55  0.3293   20.000  0.2970E-22        -11.55  0.3293   20.000  0.4388E-15        -11.55  0.3293   20.000  0.1115E-09
          4.8293      -11.55  0.3293   20.000  0.1305E-26        -11.55  0.3293   20.000  0.2301E-22        -11.55  0.3293   20.000  0.3463E-15        -11.55  0.3293   20.000  0.9039E-10
          4.8457      -11.55  0.3293   20.000  0.1006E-26        -11.55  0.3293   20.000  0.1783E-22        -11.55  0.3293   20.000  0.2733E-15        -11.55  0.3293   20.000  0.7324E-10
          4.8622      -11.55  0.3293   20.000  0.7759E-27        -11.55  0.3293   20.000  0.1382E-22        -11.55  0.3293   20.000  0.2156E-15        -11.55  0.3293   20.000  0.5933E-10
          4.8787      -11.55  0.3293   20.000  0.5982E-27        -11.55  0.3293   20.000  0.1071E-22        -11.55  0.3293   20.000  0.1701E-15        -11.55  0.3293   20.000  0.4804E-10
          4.8951      -11.55  0.3293   20.000  0.4611E-27        -11.55  0.3293   20.000  0.8295E-23        -11.55  0.3293   20.000  0.1342E-15        -11.55  0.3293   20.000  0.3888E-10
          4.9116      -11.55  0.3293   20.000  0.3553E-27        -11.55  0.3293   20.000  0.6427E-23        -11.55  0.3293   20.000  0.1058E-15        -11.55  0.3293   20.000  0.3146E-10
          4.9281      -11.55  0.3293   20.000  0.2738E-27        -11.55  0.3293   20.000  0.4979E-23        -11.55  0.3293   20.000  0.8342E-16        -11.55  0.3293   20.000  0.2545E-10
          4.9445      -11.55  0.3293   20.000  0.2108E-27        -11.55  0.3293   20.000  0.3858E-23        -11.55  0.3293   20.000  0.6577E-16        -11.55  0.3293   20.000  0.2058E-10
          4.9610      -11.55  0.3293   20.000  0.1623E-27        -11.55  0.3293   20.000  0.2989E-23        -11.55  0.3293   20.000  0.5184E-16        -11.55  0.3293   20.000  0.1663E-10
          4.9774      -11.55  0.3293   20.000  0.1249E-27        -11.55  0.3293   20.000  0.2315E-23        -11.55  0.3293   20.000  0.4086E-16        -11.55  0.3293   20.000  0.1344E-10
          4.9887      -11.55  0.3293   20.000  0.1041E-27        -11.55  0.3293   20.000  0.1942E-23        -11.55  0.3293   20.000  0.3469E-16        -11.55  0.3293   20.000  0.1162E-10
          5.0000      -11.55  0.3293   20.000  0.8680E-28        -11.55  0.3293   20.000  0.1628E-23        -11.55  0.3293   20.000  0.2945E-16        -11.55  0.3293   20.000  0.1005E-10
          5.0165      -11.55  0.3293   20.000  0.6661E-28        -11.55  0.3293   20.000  0.1261E-23        -11.55  0.3293   20.000  0.2320E-16        -11.55  0.3293   20.000  0.8107E-11
          5.0329      -11.55  0.3293   20.000  0.5102E-28        -11.55  0.3293   20.000  0.9771E-24        -11.55  0.3293   20.000  0.1828E-16        -11.55  0.3293   20.000  0.6542E-11
          5.0494      -11.55  0.3293   20.000  0.3899E-28        -11.55  0.3293   20.000  0.7569E-24        -11.55  0.3293   20.000  0.1439E-16        -11.55  0.3293   20.000  0.5277E-11
          5.0659      -11.55  0.3293   20.000  0.2970E-28        -11.55  0.3293   20.000  0.5863E-24        -11.55  0.3293   20.000  0.1134E-16        -11.55  0.3293   20.000  0.4256E-11
          5.0823      -11.55  0.3293   20.000  0.2255E-28        -11.55  0.3293   20.000  0.4541E-24        -11.55  0.3293   20.000  0.8927E-17        -11.55  0.3293   20.000  0.3431E-11
          5.0988      -11.55  0.3293   20.000  0.1703E-28        -11.55  0.3293   20.000  0.3518E-24        -11.55  0.3293   20.000  0.7028E-17        -11.55  0.3293   20.000  0.2766E-11
          5.1152      -11.55  0.3293   20.000  0.1277E-28        -11.55  0.3293   20.000  0.2725E-24        -11.55  0.3293   20.000  0.5532E-17        -11.55  0.3293   20.000  0.2229E-11
          5.1317      -11.55  0.3293   20.000  0.9481E-29        -11.55  0.3293   20.000  0.2110E-24        -11.55  0.3293   20.000  0.4355E-17        -11.55  0.3293   20.000  0.1795E-11
          5.1482      -11.55  0.3293   20.000  0.6927E-29        -11.55  0.3293   20.000  0.1634E-24        -11.55  0.3293   20.000  0.3427E-17        -11.55  0.3293   20.000  0.1446E-11
          5.1646      -11.55  0.3293   20.000  0.4963E-29        -11.55  0.3293   20.000  0.1266E-24        -11.55  0.3293   20.000  0.2697E-17        -11.55  0.3293   20.000  0.1164E-11
          5.1811      -11.55  0.3293   20.000  0.3407E-29        -11.55  0.3293   20.000  0.9804E-25        -11.55  0.3293   20.000  0.2122E-17        -11.55  0.3293   20.000  0.9370E-12
          5.1976      -11.55  0.3293   20.000  0.2282E-29        -11.55  0.3293   20.000  0.7593E-25        -11.55  0.3293   20.000  0.1669E-17        -11.55  0.3293   20.000  0.7540E-12
          5.2140      -11.55  0.3293   20.000  0.1221E-29        -11.55  0.3293   20.000  0.5880E-25        -11.55  0.3293   20.000  0.1313E-17        -11.55  0.3293   20.000  0.6065E-12
          5.2305      -11.55  0.3293   20.000  0.0000E+00        -11.55  0.3293   20.000  0.4554E-25        -11.55  0.3293   20.000  0.1033E-17        -11.55  0.3293   20.000  0.4877E-12
          5.2470      -11.55  0.3293   20.000  0.0000E+00        -11.55  0.3293   20.000  0.3527E-25        -11.55  0.3293   20.000  0.8121E-18        -11.55  0.3293   20.000  0.3921E-12
          5.2634      -11.55  0.3293   20.000  0.0000E+00        -11.55  0.3293   20.000  0.2731E-25        -11.55  0.3293   20.000  0.6385E-18        -11.55  0.3293   20.000  0.3152E-12
          5.2799      -11.55  0.3293   20.000  0.0000E+00        -11.55  0.3293   20.000  0.2115E-25        -11.55  0.3293   20.000  0.5020E-18        -11.55  0.3293   20.000  0.2532E-12
          5.2963      -11.55  0.3293   20.000  0.0000E+00        -11.55  0.3293   20.000  0.1638E-25        -11.55  0.3293   20.000  0.3946E-18        -11.55  0.3293   20.000  0.2034E-12
          5.3128      -11.55  0.3293   20.000  0.0000E+00        -11.55  0.3293   20.000  0.1268E-25        -11.55  0.3293   20.000  0.3102E-18        -11.55  0.3293   20.000  0.1634E-12
          5.3293      -11.55  0.3293   20.000  0.0000E+00        -11.55  0.3293   20.000  0.9819E-26        -11.55  0.3293   20.000  0.2438E-18        -11.55  0.3293   20.000  0.1312E-12
          5.3457      -11.55  0.3293   20.000  0.0000E+00        -11.55  0.3293   20.000  0.7603E-26        -11.55  0.3293   20.000  0.1916E-18        -11.55  0.3293   20.000  0.1053E-12
          5.3622      -11.55  0.3293   20.000  0.0000E+00        -11.55  0.3293   20.000  0.5887E-26        -11.55  0.3293   20.000  0.1505E-18        -11.55  0.3293   20.000  0.8448E-13
          5.3787      -11.55  0.3293   20.000  0.0000E+00        -11.55  0.3293   20.000  0.4558E-26        -11.55  0.3293   20.000  0.1183E-18        -11.55  0.3293   20.000  0.6777E-13
          5.3951      -11.55  0.3293   20.000  0.0000E+00        -11.55  0.3293   20.000  0.3529E-26        -11.55  0.3293   20.000  0.9291E-19        -11.55  0.3293   20.000  0.5435E-13
          5.4116      -11.55  0.3293   20.000  0.0000E+00        -11.55  0.3293   20.000  0.2732E-26        -11.55  0.3293   20.000  0.7297E-19        -11.55  0.3293   20.000  0.4358E-13
          5.4281      -11.55  0.3293   20.000  0.0000E+00        -11.55  0.3293   20.000  0.2115E-26        -11.55  0.3293   20.000  0.5731E-19        -11.55  0.3293   20.000  0.3494E-13
          5.4445      -11.55  0.3293   20.000  0.0000E+00        -11.55  0.3293   20.000  0.1637E-26        -11.55  0.3293   20.000  0.4501E-19        -11.55  0.3293   20.000  0.2800E-13
          5.4610      -11.55  0.3293   20.000  0.0000E+00        -11.55  0.3293   20.000  0.1267E-26        -11.55  0.3293   20.000  0.3534E-19        -11.55  0.3293   20.000  0.2243E-13
          5.4774      -11.55  0.3293   20.000  0.0000E+00        -11.55  0.3293   20.000  0.9807E-27        -11.55  0.3293   20.000  0.2775E-19        -11.55  0.3293   20.000  0.1797E-13
          5.4887      -11.55  0.3293   20.000  0.0000E+00        -11.55  0.3293   20.000  0.8218E-27        -11.55  0.3293   20.000  0.2349E-19        -11.55  0.3293   20.000  0.1545E-13
          5.5000      -11.55  0.3293   20.000  0.0000E+00        -11.55  0.3293   20.000  0.6886E-27        -11.55  0.3293   20.000  0.1989E-19        -11.55  0.3293   20.000  0.1328E-13
          5.5165      -11.55  0.3293   20.000  0.0000E+00        -11.55  0.3293   20.000  0.5327E-27        -11.55  0.3293   20.000  0.1561E-19        -11.55  0.3293   20.000  0.1062E-13
          5.5329      -11.55  0.3293   20.000  0.0000E+00        -11.55  0.3293   20.000  0.4120E-27        -11.55  0.3293   20.000  0.1225E-19        -11.55  0.3293   20.000  0.8498E-14
          5.5494      -11.55  0.3293   20.000  0.0000E+00        -11.55  0.3293   20.000  0.3186E-27        -11.55  0.3293   20.000  0.9617E-20        -11.55  0.3293   20.000  0.6799E-14
          5.5659      -11.55  0.3293   20.000  0.0000E+00        -11.55  0.3293   20.000  0.2463E-27        -11.55  0.3293   20.000  0.7546E-20        -11.55  0.3293   20.000  0.5438E-14
          5.5823      -11.55  0.3293   20.000  0.0000E+00        -11.55  0.3293   20.000  0.1902E-27        -11.55  0.3293   20.000  0.5921E-20        -11.55  0.3293   20.000  0.4349E-14
          5.5988      -11.55  0.3293   20.000  0.0000E+00        -11.55  0.3293   20.000  0.1469E-27        -11.55  0.3293   20.000  0.4645E-20        -11.55  0.3293   20.000  0.3477E-14
          5.6152      -11.55  0.3293   20.000  0.0000E+00        -11.55  0.3293   20.000  0.1133E-27        -11.55  0.3293   20.000  0.3644E-20        -11.55  0.3293   20.000  0.2779E-14
          5.6317      -11.55  0.3293   20.000  0.0000E+00        -11.55  0.3293   20.000  0.8728E-28        -11.55  0.3293   20.000  0.2858E-20        -11.55  0.3293   20.000  0.2221E-14
          5.6482      -11.55  0.3293   20.000  0.0000E+00        -11.55  0.3293   20.000  0.6715E-28        -11.55  0.3293   20.000  0.2242E-20        -11.55  0.3293   20.000  0.1775E-14
          5.6646      -11.55  0.3293   20.000  0.0000E+00        -11.55  0.3293   20.000  0.5156E-28        -11.55  0.3293   20.000  0.1758E-20        -11.55  0.3293   20.000  0.1418E-14
          5.6811      -11.55  0.3293   20.000  0.0000E+00        -11.55  0.3293   20.000  0.3949E-28        -11.55  0.3293   20.000  0.1379E-20        -11.55  0.3293   20.000  0.1133E-14
          5.6976      -11.55  0.3293   20.000  0.0000E+00        -11.55  0.3293   20.000  0.3016E-28        -11.55  0.3293   20.000  0.1081E-20        -11.55  0.3293   20.000  0.9044E-15
          5.7140      -11.55  0.3293   20.000  0.0000E+00        -11.55  0.3293   20.000  0.2293E-28        -11.55  0.3293   20.000  0.8475E-21        -11.55  0.3293   20.000  0.7220E-15
          5.7305      -11.55  0.3293   20.000  0.0000E+00        -11.55  0.3293   20.000  0.1735E-28        -11.55  0.3293   20.000  0.6644E-21        -11.55  0.3293   20.000  0.5763E-15
          5.7470      -11.55  0.3293   20.000  0.0000E+00        -11.55  0.3293   20.000  0.1304E-28        -11.55  0.3293   20.000  0.5208E-21        -11.55  0.3293   20.000  0.4599E-15
          5.7634      -11.55  0.3293   20.000  0.0000E+00        -11.55  0.3293   20.000  0.9712E-29        -11.55  0.3293   20.000  0.4082E-21        -11.55  0.3293   20.000  0.3670E-15
          5.7799      -11.55  0.3293   20.000  0.0000E+00        -11.55  0.3293   20.000  0.7082E-29        -11.55  0.3293   20.000  0.3199E-21        -11.55  0.3293   20.000  0.2927E-15
          5.7963      -11.55  0.3293   20.000  0.0000E+00        -11.55  0.3293   20.000  0.4996E-29        -11.55  0.3293   20.000  0.2507E-21        -11.55  0.3293   20.000  0.2335E-15
          5.8128      -11.55  0.3293   20.000  0.0000E+00        -11.55  0.3293   20.000  0.3356E-29        -11.55  0.3293   20.000  0.1964E-21        -11.55  0.3293   20.000  0.1862E-15
          5.8293      -11.55  0.3293   20.000  0.0000E+00        -11.55  0.3293   20.000  0.2202E-29        -11.55  0.3293   20.000  0.1539E-21        -11.55  0.3293   20.000  0.1484E-15
          5.8457      -11.55  0.3293   20.000  0.0000E+00        -11.55  0.3293   20.000  0.1149E-29        -11.55  0.3293   20.000  0.1206E-21        -11.55  0.3293   20.000  0.1183E-15
          5.8622      -11.55  0.3293   20.000  0.0000E+00        -11.55  0.3293   20.000  0.0000E+00        -11.55  0.3293   20.000  0.9446E-22        -11.55  0.3293   20.000  0.9428E-16
          5.8787      -11.55  0.3293   20.000  0.0000E+00        -11.55  0.3293   20.000  0.0000E+00        -11.55  0.3293   20.000  0.7400E-22        -11.55  0.3293   20.000  0.7512E-16
          5.8951      -11.55  0.3293   20.000  0.0000E+00        -11.55  0.3293   20.000  0.0000E+00        -11.55  0.3293   20.000  0.5796E-22        -11.55  0.3293   20.000  0.5984E-16
          5.9116      -11.55  0.3293   20.000  0.0000E+00        -11.55  0.3293   20.000  0.0000E+00        -11.55  0.3293   20.000  0.4539E-22        -11.55  0.3293   20.000  0.4766E-16
          5.9281      -11.55  0.3293   20.000  0.0000E+00        -11.55  0.3293   20.000  0.0000E+00        -11.55  0.3293   20.000  0.3555E-22        -11.55  0.3293   20.000  0.3795E-16
          5.9445      -11.55  0.3293   20.000  0.0000E+00        -11.55  0.3293   20.000  0.0000E+00        -11.55  0.3293   20.000  0.2784E-22        -11.55  0.3293   20.000  0.3022E-16
          5.9610      -11.55  0.3293   20.000  0.0000E+00        -11.55  0.3293   20.000  0.0000E+00        -11.55  0.3293   20.000  0.2180E-22        -11.55  0.3293   20.000  0.2405E-16
          5.9774      -11.55  0.3293   20.000  0.0000E+00        -11.55  0.3293   20.000  0.0000E+00        -11.55  0.3293   20.000  0.1706E-22        -11.55  0.3293   20.000  0.1914E-16
          5.9887      -11.55  0.3293   20.000  0.0000E+00        -11.55  0.3293   20.000  0.0000E+00        -11.55  0.3293   20.000  0.1442E-22        -11.55  0.3293   20.000  0.1639E-16
          6.0000      -11.55  0.3293   20.000  0.0000E+00        -11.55  0.3293   20.000  0.0000E+00        -11.55  0.3293   20.000  0.1218E-22        -11.55  0.3293   20.000  0.1402E-16
end
