 ******* Program HYDRUS
 ******* Traceur inerte, loam sableux, q=10 cm/j, dispersivite 0.5 cm            
 Date:   0. 0.    Time: 512:**:**
 Units: L = cm   , T = days , M = g    


    TLevel      Time           dt     ItrW ItrC    ItCum  KodT  KodB Converg  Peclet   Courant

        1  0.1000000E-02  0.10000E-02    2    1        2    -1    -5     T     0.986     0.062
        2  0.2000000E-02  0.10000E-02    2    1        4    -1    -5     T     0.986     0.062
        3  0.3300000E-02  0.13000E-02    2    1        6    -1    -5     T     0.989     0.080
        4  0.4990000E-02  0.16900E-02    2    1        8    -1    -5     T     0.993     0.104
        5  0.7187000E-02  0.21970E-02    2    1       10    -1    -5     T     0.999     0.135
        6  0.1004310E-01  0.28561E-02    2    1       12    -1    -5     T     1.005     0.176
        7  0.1375603E-01  0.37129E-02    2    1       14    -1    -5     T     1.014     0.229
        8  0.1858284E-01  0.48268E-02    2    1       16    -1    -5     T     1.026     0.297
        9  0.2485769E-01  0.62749E-02    2    1       18    -1    -5     T     1.042     0.386
       10  0.3301499E-01  0.81573E-02    2    1       20    -1    -5     T     1.063     0.502
       11  0.4361949E-01  0.10604E-01    2    1       22    -1    -5     T     1.093     0.653
       12  0.5740534E-01  0.13786E-01    2    1       24    -1    -5     T     1.133     0.849
       13  0.7364882E-01  0.16243E-01    2    1       26    -1    -5     T     1.166     1.000
       14  0.8989414E-01  0.16245E-01    2    1       28    -1    -5     T     1.166     1.000
       15  0.1061442E+00  0.16250E-01    2    1       30    -1    -5     T     1.166     1.000
       16  0.1224020E+00  0.16258E-01    2    1       32    -1    -5     T     1.166     0.999
       17  0.1386706E+00  0.16269E-01    2    1       34    -1    -5     T     1.166     0.999
       18  0.1549522E+00  0.16282E-01    2    1       36    -1    -5     T     1.166     0.999
       19  0.1712487E+00  0.16297E-01    2    1       38    -1    -5     T     1.166     0.999
       20  0.1875612E+00  0.16312E-01    2    1       40    -1    -5     T     1.166     0.999
       21  0.2038902E+00  0.16329E-01    2    1       42    -1    -5     T     1.166     0.999
       22  0.2202356E+00  0.16345E-01    2    1       44    -1    -5     T     1.166     0.999
       23  0.2365965E+00  0.16361E-01    2    1       46    -1    -5     T     1.166     0.999
       24  0.2529719E+00  0.16375E-01    2    1       48    -1    -5     T     1.166     0.999
       25  0.2693606E+00  0.16389E-01    2    1       50    -1    -5     T     1.166     0.999
       26  0.2857613E+00  0.16401E-01    2    1       52    -1    -5     T     1.166     0.999
       27  0.3021724E+00  0.16411E-01    2    1       54    -1    -5     T     1.166     0.999
       28  0.3185927E+00  0.16420E-01    2    1       56    -1    -5     T     1.166     1.000
       29  0.3350208E+00  0.16428E-01    2    1       58    -1    -5     T     1.166     1.000
       30  0.3514554E+00  0.16435E-01    2    1       60    -1    -5     T     1.166     1.000
       31  0.3678956E+00  0.16440E-01    2    1       62    -1    -5     T     1.166     1.000
       32  0.3843403E+00  0.16445E-01    2    1       64    -1    -5     T     1.166     1.000
       33  0.4007890E+00  0.16449E-01    2    1       66    -1    -5     T     1.166     1.000
       34  0.4172407E+00  0.16452E-01    2    1       68    -1    -5     T     1.166     1.000
       35  0.4336948E+00  0.16454E-01    2    1       70    -1    -5     T     1.166     1.000
       36  0.4501510E+00  0.16456E-01    2    1       72    -1    -5     T     1.166     1.000
       37  0.4666089E+00  0.16458E-01    2    1       74    -1    -5     T     1.166     1.000
       38  0.4830681E+00  0.16459E-01    2    1       76    -1    -5     T     1.166     1.000
       39  0.4915340E+00  0.84660E-02    2    1       78    -1    -5     T     1.066     0.514
       40  0.5000000E+00  0.84660E-02    2    1       80    -1    -5     T     1.066     0.514
       41  0.5164611E+00  0.16461E-01    2    1       82    -1    -5     T     1.166     1.000
       42  0.5329228E+00  0.16462E-01    2    1       84    -1    -5     T     1.166     1.000
       43  0.5493850E+00  0.16462E-01    2    1       86    -1    -5     T     1.166     1.000
       44  0.5658475E+00  0.16463E-01    2    1       88    -1    -5     T     1.166     1.000
       45  0.5823104E+00  0.16463E-01    2    1       90    -1    -5     T     1.166     1.000
       46  0.5987735E+00  0.16463E-01    2    1       92    -1    -5     T     1.166     1.000
       47  0.6152368E+00  0.16463E-01    2    1       94    -1    -5     T     1.166     1.000
       48  0.6317004E+00  0.16464E-01    2    1       96    -1    -5     T     1.166     1.000
       49  0.6481639E+00  0.16464E-01    2    1       98    -1    -5     T     1.166     1.000
       50  0.6646275E+00  0.16464E-01    2    1      100    -1    -5     T     1.166     1.000
       51  0.6810910E+00  0.16464E-01    2    1      102    -1    -5     T     1.166     1.000
       52  0.6975547E+00  0.16464E-01    2    1      104    -1    -5     T     1.166     1.000
       53  0.7140183E+00  0.16464E-01    2    1      106    -1    -5     T     1.166     1.000
       54  0.7304819E+00  0.16464E-01    2    1      108    -1    -5     T     1.166     1.000
       55  0.7469455E+00  0.16464E-01    2    1      110    -1    -5     T     1.166     1.000
       56  0.7634092E+00  0.16464E-01    2    1      112    -1    -5     T     1.166     1.000
       57  0.7798729E+00  0.16464E-01    2    1      114    -1    -5     T     1.166     1.000
       58  0.7963366E+00  0.16464E-01    2    1      116    -1    -5     T     1.166     1.000
       59  0.8128003E+00  0.16464E-01    2    1      118    -1    -5     T     1.166     1.000
       60  0.8292640E+00  0.16464E-01    2    1      120    -1    -5     T     1.166     1.000
       61  0.8457277E+00  0.16464E-01    2    1      122    -1    -5     T     1.166     1.000
       62  0.8621915E+00  0.16464E-01    2    1      124    -1    -5     T     1.166     1.000
       63  0.8786552E+00  0.16464E-01    2    1      126    -1    -5     T     1.166     1.000
       64  0.8951190E+00  0.16464E-01    2    1      128    -1    -5     T     1.166     1.000
       65  0.9115828E+00  0.16464E-01    2    1      130    -1    -5     T     1.166     1.000
       66  0.9280466E+00  0.16464E-01    2    1      132    -1    -5     T     1.166     1.000
       67  0.9445103E+00  0.16464E-01    2    1      134    -1    -5     T     1.166     1.000
       68  0.9609741E+00  0.16464E-01    2    1      136    -1    -5     T     1.166     1.000
       69  0.9774379E+00  0.16464E-01    2    1      138    -1    -5     T     1.166     1.000
       70  0.9887189E+00  0.11281E-01    2    1      140    -1    -5     T     1.099     0.685
       71  0.1000000E+01  0.11281E-01    2    1      142    -1    -5     T     1.099     0.685
       72  0.1016464E+01  0.16464E-01    2    1      144    -1    -5     T     1.166     1.000
       73  0.1032927E+01  0.16464E-01    2    1      146    -1    -5     T     1.166     1.000
       74  0.1049391E+01  0.16464E-01    2    1      148    -1    -5     T     1.166     1.000
       75  0.1065855E+01  0.16464E-01    2    1      150    -1    -5     T     1.166     1.000
       76  0.1082319E+01  0.16464E-01    2    1      152    -1    -5     T     1.166     1.000
       77  0.1098782E+01  0.16464E-01    2    1      154    -1    -5     T     1.166     1.000
       78  0.1115246E+01  0.16464E-01    2    1      156    -1    -5     T     1.166     1.000
       79  0.1131710E+01  0.16464E-01    2    1      158    -1    -5     T     1.166     1.000
       80  0.1148173E+01  0.16464E-01    2    1      160    -1    -5     T     1.166     1.000
       81  0.1164637E+01  0.16464E-01    2    1      162    -1    -5     T     1.166     1.000
       82  0.1181101E+01  0.16464E-01    2    1      164    -1    -5     T     1.166     1.000
       83  0.1197564E+01  0.16464E-01    2    1      166    -1    -5     T     1.166     1.000
       84  0.1214028E+01  0.16464E-01    2    1      168    -1    -5     T     1.166     1.000
       85  0.1230492E+01  0.16464E-01    2    1      170    -1    -5     T     1.166     1.000
       86  0.1246955E+01  0.16464E-01    2    1      172    -1    -5     T     1.166     1.000
       87  0.1263419E+01  0.16464E-01    2    1      174    -1    -5     T     1.166     1.000
       88  0.1279883E+01  0.16464E-01    2    1      176    -1    -5     T     1.166     1.000
       89  0.1296346E+01  0.16464E-01    2    1      178    -1    -5     T     1.166     1.000
       90  0.1312810E+01  0.16464E-01    2    1      180    -1    -5     T     1.166     1.000
       91  0.1329274E+01  0.16464E-01    2    1      182    -1    -5     T     1.166     1.000
       92  0.1345737E+01  0.16464E-01    2    1      184    -1    -5     T     1.166     1.000
       93  0.1362201E+01  0.16464E-01    2    1      186    -1    -5     T     1.166     1.000
       94  0.1378665E+01  0.16464E-01    2    1      188    -1    -5     T     1.166     1.000
       95  0.1395129E+01  0.16464E-01    2    1      190    -1    -5     T     1.166     1.000
       96  0.1411592E+01  0.16464E-01    2    1      192    -1    -5     T     1.166     1.000
       97  0.1428056E+01  0.16464E-01    2    1      194    -1    -5     T     1.166     1.000
       98  0.1444520E+01  0.16464E-01    2    1      196    -1    -5     T     1.166     1.000
       99  0.1460984E+01  0.16464E-01    2    1      198    -1    -5     T     1.166     1.000
      100  0.1477447E+01  0.16464E-01    2    1      200    -1    -5     T     1.166     1.000
      101  0.1488724E+01  0.11276E-01    2    1      202    -1    -5     T     1.099     0.685
      102  0.1500000E+01  0.11276E-01    2    1      204    -1    -5     T     1.099     0.685
      103  0.1516464E+01  0.16464E-01    2    1      206    -1    -5     T     1.166     1.000
      104  0.1532927E+01  0.16464E-01    2    1      208    -1    -5     T     1.166     1.000
      105  0.1549391E+01  0.16464E-01    2    1      210    -1    -5     T     1.166     1.000
      106  0.1565855E+01  0.16464E-01    2    1      212    -1    -5     T     1.166     1.000
      107  0.1582318E+01  0.16464E-01    2    1      214    -1    -5     T     1.166     1.000
      108  0.1598782E+01  0.16464E-01    2    1      216    -1    -5     T     1.166     1.000
      109  0.1615246E+01  0.16464E-01    2    1      218    -1    -5     T     1.166     1.000
      110  0.1631709E+01  0.16464E-01    2    1      220    -1    -5     T     1.166     1.000
      111  0.1648173E+01  0.16464E-01    2    1      222    -1    -5     T     1.166     1.000
      112  0.1664637E+01  0.16464E-01    2    1      224    -1    -5     T     1.166     1.000
      113  0.1681100E+01  0.16464E-01    2    1      226    -1    -5     T     1.166     1.000
      114  0.1697564E+01  0.16464E-01    2    1      228    -1    -5     T     1.166     1.000
      115  0.1714028E+01  0.16464E-01    2    1      230    -1    -5     T     1.166     1.000
      116  0.1730491E+01  0.16464E-01    2    1      232    -1    -5     T     1.166     1.000
      117  0.1746955E+01  0.16464E-01    2    1      234    -1    -5     T     1.166     1.000
      118  0.1763419E+01  0.16464E-01    2    1      236    -1    -5     T     1.166     1.000
      119  0.1779882E+01  0.16464E-01    2    1      238    -1    -5     T     1.166     1.000
      120  0.1796346E+01  0.16464E-01    2    1      240    -1    -5     T     1.166     1.000
      121  0.1812810E+01  0.16464E-01    2    1      242    -1    -5     T     1.166     1.000
      122  0.1829273E+01  0.16464E-01    2    1      244    -1    -5     T     1.166     1.000
      123  0.1845737E+01  0.16464E-01    2    1      246    -1    -5     T     1.166     1.000
      124  0.1862201E+01  0.16464E-01    2    1      248    -1    -5     T     1.166     1.000
      125  0.1878664E+01  0.16464E-01    2    1      250    -1    -5     T     1.166     1.000
      126  0.1895128E+01  0.16464E-01    2    1      252    -1    -5     T     1.166     1.000
      127  0.1911592E+01  0.16464E-01    2    1      254    -1    -5     T     1.166     1.000
      128  0.1928055E+01  0.16464E-01    2    1      256    -1    -5     T     1.166     1.000
      129  0.1944519E+01  0.16464E-01    2    1      258    -1    -5     T     1.166     1.000
      130  0.1960983E+01  0.16464E-01    2    1      260    -1    -5     T     1.166     1.000
      131  0.1977447E+01  0.16464E-01    2    1      262    -1    -5     T     1.166     1.000
      132  0.1988723E+01  0.11277E-01    2    1      264    -1    -5     T     1.099     0.685
      133  0.2000000E+01  0.11277E-01    2    1      266    -1    -5     T     1.099     0.685
      134  0.2016464E+01  0.16464E-01    2    1      268    -1    -5     T     1.166     1.000
      135  0.2032928E+01  0.16464E-01    2    1      270    -1    -5     T     1.166     1.000
      136  0.2049391E+01  0.16464E-01    2    1      272    -1    -5     T     1.166     1.000
      137  0.2065855E+01  0.16464E-01    2    1      274    -1    -5     T     1.166     1.000
      138  0.2082319E+01  0.16464E-01    2    1      276    -1    -5     T     1.166     1.000
      139  0.2098783E+01  0.16464E-01    2    1      278    -1    -5     T     1.166     1.000
      140  0.2115246E+01  0.16464E-01    2    1      280    -1    -5     T     1.166     1.000
      141  0.2131710E+01  0.16464E-01    2    1      282    -1    -5     T     1.166     1.000
      142  0.2148174E+01  0.16464E-01    2    1      284    -1    -5     T     1.166     1.000
      143  0.2164638E+01  0.16464E-01    2    1      286    -1    -5     T     1.166     1.000
      144  0.2181101E+01  0.16464E-01    2    1      288    -1    -5     T     1.166     1.000
      145  0.2197565E+01  0.16464E-01    2    1      290    -1    -5     T     1.166     1.000
      146  0.2214029E+01  0.16464E-01    2    1      292    -1    -5     T     1.166     1.000
      147  0.2230493E+01  0.16464E-01    2    1      294    -1    -5     T     1.166     1.000
      148  0.2246957E+01  0.16464E-01    2    1      296    -1    -5     T     1.166     1.000
      149  0.2263420E+01  0.16464E-01    2    1      298    -1    -5     T     1.166     1.000
      150  0.2279884E+01  0.16464E-01    2    1      300    -1    -5     T     1.166     1.000
      151  0.2296348E+01  0.16464E-01    2    1      302    -1    -5     T     1.166     1.000
      152  0.2312812E+01  0.16464E-01    2    1      304    -1    -5     T     1.166     1.000
      153  0.2329275E+01  0.16464E-01    2    1      306    -1    -5     T     1.166     1.000
      154  0.2345739E+01  0.16464E-01    2    1      308    -1    -5     T     1.166     1.000
      155  0.2362203E+01  0.16464E-01    2    1      310    -1    -5     T     1.166     1.000
      156  0.2378666E+01  0.16464E-01    2    1      312    -1    -5     T     1.166     1.000
      157  0.2395130E+01  0.16464E-01    2    1      314    -1    -5     T     1.166     1.000
      158  0.2411594E+01  0.16464E-01    2    1      316    -1    -5     T     1.166     1.000
      159  0.2428058E+01  0.16464E-01    2    1      318    -1    -5     T     1.166     1.000
      160  0.2444521E+01  0.16464E-01    2    1      320    -1    -5     T     1.166     1.000
      161  0.2460985E+01  0.16464E-01    2    1      322    -1    -5     T     1.166     1.000
      162  0.2477449E+01  0.16464E-01    2    1      324    -1    -5     T     1.166     1.000
      163  0.2488724E+01  0.11276E-01    2    1      326    -1    -5     T     1.099     0.685
      164  0.2500000E+01  0.11276E-01    2    1      328    -1    -5     T     1.099     0.685
      165  0.2516464E+01  0.16464E-01    2    1      330    -1    -5     T     1.166     1.000
      166  0.2532928E+01  0.16464E-01    2    1      332    -1    -5     T     1.166     1.000
      167  0.2549391E+01  0.16464E-01    2    1      334    -1    -5     T     1.166     1.000
      168  0.2565855E+01  0.16464E-01    2    1      336    -1    -5     T     1.166     1.000
      169  0.2582319E+01  0.16464E-01    2    1      338    -1    -5     T     1.166     1.000
      170  0.2598783E+01  0.16464E-01    2    1      340    -1    -5     T     1.166     1.000
      171  0.2615246E+01  0.16464E-01    2    1      342    -1    -5     T     1.166     1.000
      172  0.2631710E+01  0.16464E-01    2    1      344    -1    -5     T     1.166     1.000
      173  0.2648174E+01  0.16464E-01    2    1      346    -1    -5     T     1.166     1.000
      174  0.2664638E+01  0.16464E-01    2    1      348    -1    -5     T     1.166     1.000
      175  0.2681101E+01  0.16464E-01    2    1      350    -1    -5     T     1.166     1.000
      176  0.2697565E+01  0.16464E-01    2    1      352    -1    -5     T     1.166     1.000
      177  0.2714029E+01  0.16464E-01    2    1      354    -1    -5     T     1.166     1.000
      178  0.2730493E+01  0.16464E-01    2    1      356    -1    -5     T     1.166     1.000
      179  0.2746956E+01  0.16464E-01    2    1      358    -1    -5     T     1.166     1.000
      180  0.2763420E+01  0.16464E-01    2    1      360    -1    -5     T     1.166     1.000
      181  0.2779884E+01  0.16464E-01    2    1      362    -1    -5     T     1.166     1.000
      182  0.2796348E+01  0.16464E-01    2    1      364    -1    -5     T     1.166     1.000
      183  0.2812811E+01  0.16464E-01    2    1      366    -1    -5     T     1.166     1.000
      184  0.2829275E+01  0.16464E-01    2    1      368    -1    -5     T     1.166     1.000
      185  0.2845739E+01  0.16464E-01    2    1      370    -1    -5     T     1.166     1.000
      186  0.2862202E+01  0.16464E-01    2    1      372    -1    -5     T     1.166     1.000
      187  0.2878666E+01  0.16464E-01    2    1      374    -1    -5     T     1.166     1.000
      188  0.2895130E+01  0.16464E-01    2    1      376    -1    -5     T     1.166     1.000
      189  0.2911594E+01  0.16464E-01    2    1      378    -1    -5     T     1.166     1.000
      190  0.2928057E+01  0.16464E-01    2    1      380    -1    -5     T     1.166     1.000
      191  0.2944521E+01  0.16464E-01    2    1      382    -1    -5     T     1.166     1.000
      192  0.2960985E+01  0.16464E-01    2    1      384    -1    -5     T     1.166     1.000
      193  0.2977449E+01  0.16464E-01    2    1      386    -1    -5     T     1.166     1.000
      194  0.2988724E+01  0.11276E-01    2    1      388    -1    -5     T     1.099     0.685
      195  0.3000000E+01  0.11276E-01    2    1      390    -1    -5     T     1.099     0.685
      196  0.3016464E+01  0.16464E-01    2    1      392    -1    -5     T     1.166     1.000
      197  0.3032928E+01  0.16464E-01    2    1      394    -1    -5     T     1.166     1.000
      198  0.3049391E+01  0.16464E-01    2    1      396    -1    -5     T     1.166     1.000
      199  0.3065855E+01  0.16464E-01    2    1      398    -1    -5     T     1.166     1.000
      200  0.3082319E+01  0.16464E-01    2    1      400    -1    -5     T     1.166     1.000
      201  0.3098783E+01  0.16464E-01    2    1      402    -1    -5     T     1.166     1.000
      202  0.3115246E+01  0.16464E-01    2    1      404    -1    -5     T     1.166     1.000
      203  0.3131710E+01  0.16464E-01    2    1      406    -1    -5     T     1.166     1.000
      204  0.3148174E+01  0.16464E-01    2    1      408    -1    -5     T     1.166     1.000
      205  0.3164638E+01  0.16464E-01    2    1      410    -1    -5     T     1.166     1.000
      206  0.3181102E+01  0.16464E-01    2    1      412    -1    -5     T     1.166     1.000
      207  0.3197565E+01  0.16464E-01    2    1      414    -1    -5     T     1.166     1.000
      208  0.3214029E+01  0.16464E-01    2    1      416    -1    -5     T     1.166     1.000
      209  0.3230493E+01  0.16464E-01    2    1      418    -1    -5     T     1.166     1.000
      210  0.3246957E+01  0.16464E-01    2    1      420    -1    -5     T     1.166     1.000
      211  0.3263421E+01  0.16464E-01    2    1      422    -1    -5     T     1.166     1.000
      212  0.3279884E+01  0.16464E-01    2    1      424    -1    -5     T     1.166     1.000
      213  0.3296348E+01  0.16464E-01    2    1      426    -1    -5     T     1.166     1.000
      214  0.3312812E+01  0.16464E-01    2    1      428    -1    -5     T     1.166     1.000
      215  0.3329276E+01  0.16464E-01    2    1      430    -1    -5     T     1.166     1.000
      216  0.3345740E+01  0.16464E-01    2    1      432    -1    -5     T     1.166     1.000
      217  0.3362204E+01  0.16464E-01    2    1      434    -1    -5     T     1.166     1.000
      218  0.3378667E+01  0.16464E-01    2    1      436    -1    -5     T     1.166     1.000
      219  0.3395131E+01  0.16464E-01    2    1      438    -1    -5     T     1.166     1.000
      220  0.3411595E+01  0.16464E-01    2    1      440    -1    -5     T     1.166     1.000
      221  0.3428059E+01  0.16464E-01    2    1      442    -1    -5     T     1.166     1.000
      222  0.3444523E+01  0.16464E-01    2    1      444    -1    -5     T     1.166     1.000
      223  0.3460986E+01  0.16464E-01    2    1      446    -1    -5     T     1.166     1.000
      224  0.3477450E+01  0.16464E-01    2    1      448    -1    -5     T     1.166     1.000
      225  0.3488725E+01  0.11275E-01    2    1      450    -1    -5     T     1.099     0.685
      226  0.3500000E+01  0.11275E-01    2    1      452    -1    -5     T     1.099     0.685
      227  0.3516464E+01  0.16464E-01    2    1      454    -1    -5     T     1.166     1.000
      228  0.3532928E+01  0.16464E-01    2    1      456    -1    -5     T     1.166     1.000
      229  0.3549391E+01  0.16464E-01    2    1      458    -1    -5     T     1.166     1.000
      230  0.3565855E+01  0.16464E-01    2    1      460    -1    -5     T     1.166     1.000
      231  0.3582319E+01  0.16464E-01    2    1      462    -1    -5     T     1.166     1.000
      232  0.3598783E+01  0.16464E-01    2    1      464    -1    -5     T     1.166     1.000
      233  0.3615247E+01  0.16464E-01    2    1      466    -1    -5     T     1.166     1.000
      234  0.3631710E+01  0.16464E-01    2    1      468    -1    -5     T     1.166     1.000
      235  0.3648174E+01  0.16464E-01    2    1      470    -1    -5     T     1.166     1.000
      236  0.3664638E+01  0.16464E-01    2    1      472    -1    -5     T     1.166     1.000
      237  0.3681102E+01  0.16464E-01    2    1      474    -1    -5     T     1.166     1.000
      238  0.3697565E+01  0.16464E-01    2    1      476    -1    -5     T     1.166     1.000
      239  0.3714029E+01  0.16464E-01    2    1      478    -1    -5     T     1.166     1.000
      240  0.3730493E+01  0.16464E-01    2    1      480    -1    -5     T     1.166     1.000
      241  0.3746956E+01  0.16464E-01    2    1      482    -1    -5     T     1.166     1.000
      242  0.3763420E+01  0.16464E-01    2    1      484    -1    -5     T     1.166     1.000
      243  0.3779884E+01  0.16464E-01    2    1      486    -1    -5     T     1.166     1.000
      244  0.3796348E+01  0.16464E-01    2    1      488    -1    -5     T     1.166     1.000
      245  0.3812811E+01  0.16464E-01    2    1      490    -1    -5     T     1.166     1.000
      246  0.3829275E+01  0.16464E-01    2    1      492    -1    -5     T     1.166     1.000
      247  0.3845739E+01  0.16464E-01    2    1      494    -1    -5     T     1.166     1.000
      248  0.3862202E+01  0.16464E-01    2    1      496    -1    -5     T     1.166     1.000
      249  0.3878666E+01  0.16464E-01    2    1      498    -1    -5     T     1.166     1.000
      250  0.3895130E+01  0.16464E-01    2    1      500    -1    -5     T     1.166     1.000
      251  0.3911593E+01  0.16464E-01    2    1      502    -1    -5     T     1.166     1.000
      252  0.3928057E+01  0.16464E-01    2    1      504    -1    -5     T     1.166     1.000
      253  0.3944521E+01  0.16464E-01    2    1      506    -1    -5     T     1.166     1.000
      254  0.3960984E+01  0.16464E-01    2    1      508    -1    -5     T     1.166     1.000
      255  0.3977448E+01  0.16464E-01    2    1      510    -1    -5     T     1.166     1.000
      256  0.3988724E+01  0.11276E-01    2    1      512    -1    -5     T     1.099     0.685
      257  0.4000000E+01  0.11276E-01    2    1      514    -1    -5     T     1.099     0.685
      258  0.4016464E+01  0.16464E-01    2    1      516    -1    -5     T     1.166     1.000
      259  0.4032927E+01  0.16464E-01    2    1      518    -1    -5     T     1.166     1.000
      260  0.4049391E+01  0.16464E-01    2    1      520    -1    -5     T     1.166     1.000
      261  0.4065855E+01  0.16464E-01    2    1      522    -1    -5     T     1.166     1.000
      262  0.4082318E+01  0.16464E-01    2    1      524    -1    -5     T     1.166     1.000
      263  0.4098782E+01  0.16464E-01    2    1      526    -1    -5     T     1.166     1.000
      264  0.4115246E+01  0.16464E-01    2    1      528    -1    -5     T     1.166     1.000
      265  0.4131710E+01  0.16464E-01    2    1      530    -1    -5     T     1.166     1.000
      266  0.4148173E+01  0.16464E-01    2    1      532    -1    -5     T     1.166     1.000
      267  0.4164637E+01  0.16464E-01    2    1      534    -1    -5     T     1.166     1.000
      268  0.4181101E+01  0.16464E-01    2    1      536    -1    -5     T     1.166     1.000
      269  0.4197564E+01  0.16464E-01    2    1      538    -1    -5     T     1.166     1.000
      270  0.4214028E+01  0.16464E-01    2    1      540    -1    -5     T     1.166     1.000
      271  0.4230492E+01  0.16464E-01    2    1      542    -1    -5     T     1.166     1.000
      272  0.4246955E+01  0.16464E-01    2    1      544    -1    -5     T     1.166     1.000
      273  0.4263419E+01  0.16464E-01    2    1      546    -1    -5     T     1.166     1.000
      274  0.4279883E+01  0.16464E-01    2    1      548    -1    -5     T     1.166     1.000
      275  0.4296347E+01  0.16464E-01    2    1      550    -1    -5     T     1.166     1.000
      276  0.4312810E+01  0.16464E-01    2    1      552    -1    -5     T     1.166     1.000
      277  0.4329274E+01  0.16464E-01    2    1      554    -1    -5     T     1.166     1.000
      278  0.4345738E+01  0.16464E-01    2    1      556    -1    -5     T     1.166     1.000
      279  0.4362202E+01  0.16464E-01    2    1      558    -1    -5     T     1.166     1.000
      280  0.4378666E+01  0.16464E-01    2    1      560    -1    -5     T     1.166     1.000
      281  0.4395129E+01  0.16464E-01    2    1      562    -1    -5     T     1.166     1.000
      282  0.4411593E+01  0.16464E-01    2    1      564    -1    -5     T     1.166     1.000
      283  0.4428057E+01  0.16464E-01    2    1      566    -1    -5     T     1.166     1.000
      284  0.4444521E+01  0.16464E-01    2    1      568    -1    -5     T     1.166     1.000
      285  0.4460984E+01  0.16464E-01    2    1      570    -1    -5     T     1.166     1.000
      286  0.4477448E+01  0.16464E-01    2    1      572    -1    -5     T     1.166     1.000
      287  0.4488724E+01  0.11276E-01    2    1      574    -1    -5     T     1.099     0.685
      288  0.4500000E+01  0.11276E-01    2    1      576    -1    -5     T     1.099     0.685
      289  0.4516464E+01  0.16464E-01    2    1      578    -1    -5     T     1.166     1.000
      290  0.4532928E+01  0.16464E-01    2    1      580    -1    -5     T     1.166     1.000
      291  0.4549391E+01  0.16464E-01    2    1      582    -1    -5     T     1.166     1.000
      292  0.4565855E+01  0.16464E-01    2    1      584    -1    -5     T     1.166     1.000
      293  0.4582319E+01  0.16464E-01    2    1      586    -1    -5     T     1.166     1.000
      294  0.4598783E+01  0.16464E-01    2    1      588    -1    -5     T     1.166     1.000
      295  0.4615246E+01  0.16464E-01    2    1      590    -1    -5     T     1.166     1.000
      296  0.4631710E+01  0.16464E-01    2    1      592    -1    -5     T     1.166     1.000
      297  0.4648174E+01  0.16464E-01    2    1      594    -1    -5     T     1.166     1.000
      298  0.4664638E+01  0.16464E-01    2    1      596    -1    -5     T     1.166     1.000
      299  0.4681102E+01  0.16464E-01    2    1      598    -1    -5     T     1.166     1.000
      300  0.4697565E+01  0.16464E-01    2    1      600    -1    -5     T     1.166     1.000
      301  0.4714029E+01  0.16464E-01    2    1      602    -1    -5     T     1.166     1.000
      302  0.4730493E+01  0.16464E-01    2    1      604    -1    -5     T     1.166     1.000
      303  0.4746957E+01  0.16464E-01    2    1      606    -1    -5     T     1.166     1.000
      304  0.4763420E+01  0.16464E-01    2    1      608    -1    -5     T     1.166     1.000
      305  0.4779884E+01  0.16464E-01    2    1      610    -1    -5     T     1.166     1.000
      306  0.4796348E+01  0.16464E-01    2    1      612    -1    -5     T     1.166     1.000
      307  0.4812812E+01  0.16464E-01    2    1      614    -1    -5     T     1.166     1.000
      308  0.4829275E+01  0.16464E-01    2    1      616    -1    -5     T     1.166     1.000
      309  0.4845739E+01  0.16464E-01    2    1      618    -1    -5     T     1.166     1.000
      310  0.4862203E+01  0.16464E-01    2    1      620    -1    -5     T     1.166     1.000
      311  0.4878667E+01  0.16464E-01    2    1      622    -1    -5     T     1.166     1.000
      312  0.4895130E+01  0.16464E-01    2    1      624    -1    -5     T     1.166     1.000
      313  0.4911594E+01  0.16464E-01    2    1      626    -1    -5     T     1.166     1.000
      314  0.4928058E+01  0.16464E-01    2    1      628    -1    -5     T     1.166     1.000
      315  0.4944522E+01  0.16464E-01    2    1      630    -1    -5     T     1.166     1.000
      316  0.4960986E+01  0.16464E-01    2    1      632    -1    -5     T     1.166     1.000
      317  0.4977449E+01  0.16464E-01    2    1      634    -1    -5     T     1.166     1.000
      318  0.4988725E+01  0.11275E-01    2    1      636    -1    -5     T     1.099     0.685
      319  0.5000000E+01  0.11275E-01    2    1      638    -1    -5     T     1.099     0.685
      320  0.5016464E+01  0.16464E-01    2    1      640    -1    -5     T     1.166     1.000
      321  0.5032927E+01  0.16464E-01    2    1      642    -1    -5     T     1.166     1.000
      322  0.5049391E+01  0.16464E-01    2    1      644    -1    -5     T     1.166     1.000
      323  0.5065855E+01  0.16464E-01    2    1      646    -1    -5     T     1.166     1.000
      324  0.5082319E+01  0.16464E-01    2    1      648    -1    -5     T     1.166     1.000
      325  0.5098782E+01  0.16464E-01    2    1      650    -1    -5     T     1.166     1.000
      326  0.5115246E+01  0.16464E-01    2    1      652    -1    -5     T     1.166     1.000
      327  0.5131710E+01  0.16464E-01    2    1      654    -1    -5     T     1.166     1.000
      328  0.5148174E+01  0.16464E-01    2    1      656    -1    -5     T     1.166     1.000
      329  0.5164638E+01  0.16464E-01    2    1      658    -1    -5     T     1.166     1.000
      330  0.5181101E+01  0.16464E-01    2    1      660    -1    -5     T     1.166     1.000
      331  0.5197565E+01  0.16464E-01    2    1      662    -1    -5     T     1.166     1.000
      332  0.5214029E+01  0.16464E-01    2    1      664    -1    -5     T     1.166     1.000
      333  0.5230493E+01  0.16464E-01    2    1      666    -1    -5     T     1.166     1.000
      334  0.5246956E+01  0.16464E-01    2    1      668    -1    -5     T     1.166     1.000
      335  0.5263420E+01  0.16464E-01    2    1      670    -1    -5     T     1.166     1.000
      336  0.5279884E+01  0.16464E-01    2    1      672    -1    -5     T     1.166     1.000
      337  0.5296348E+01  0.16464E-01    2    1      674    -1    -5     T     1.166     1.000
      338  0.5312811E+01  0.16464E-01    2    1      676    -1    -5     T     1.166     1.000
      339  0.5329275E+01  0.16464E-01    2    1      678    -1    -5     T     1.166     1.000
      340  0.5345739E+01  0.16464E-01    2    1      680    -1    -5     T     1.166     1.000
      341  0.5362202E+01  0.16464E-01    2    1      682    -1    -5     T     1.166     1.000
      342  0.5378666E+01  0.16464E-01    2    1      684    -1    -5     T     1.166     1.000
      343  0.5395130E+01  0.16464E-01    2    1      686    -1    -5     T     1.166     1.000
      344  0.5411594E+01  0.16464E-01    2    1      688    -1    -5     T     1.166     1.000
      345  0.5428057E+01  0.16464E-01    2    1      690    -1    -5     T     1.166     1.000
      346  0.5444521E+01  0.16464E-01    2    1      692    -1    -5     T     1.166     1.000
      347  0.5460985E+01  0.16464E-01    2    1      694    -1    -5     T     1.166     1.000
      348  0.5477449E+01  0.16464E-01    2    1      696    -1    -5     T     1.166     1.000
      349  0.5488724E+01  0.11276E-01    2    1      698    -1    -5     T     1.099     0.685
      350  0.5500000E+01  0.11276E-01    2    1      700    -1    -5     T     1.099     0.685
      351  0.5516464E+01  0.16464E-01    2    1      702    -1    -5     T     1.166     1.000
      352  0.5532927E+01  0.16464E-01    2    1      704    -1    -5     T     1.166     1.000
      353  0.5549391E+01  0.16464E-01    2    1      706    -1    -5     T     1.166     1.000
      354  0.5565855E+01  0.16464E-01    2    1      708    -1    -5     T     1.166     1.000
      355  0.5582319E+01  0.16464E-01    2    1      710    -1    -5     T     1.166     1.000
      356  0.5598782E+01  0.16464E-01    2    1      712    -1    -5     T     1.166     1.000
      357  0.5615246E+01  0.16464E-01    2    1      714    -1    -5     T     1.166     1.000
      358  0.5631710E+01  0.16464E-01    2    1      716    -1    -5     T     1.166     1.000
      359  0.5648174E+01  0.16464E-01    2    1      718    -1    -5     T     1.166     1.000
      360  0.5664638E+01  0.16464E-01    2    1      720    -1    -5     T     1.166     1.000
      361  0.5681101E+01  0.16464E-01    2    1      722    -1    -5     T     1.166     1.000
      362  0.5697565E+01  0.16464E-01    2    1      724    -1    -5     T     1.166     1.000
      363  0.5714029E+01  0.16464E-01    2    1      726    -1    -5     T     1.166     1.000
      364  0.5730493E+01  0.16464E-01    2    1      728    -1    -5     T     1.166     1.000
      365  0.5746956E+01  0.16464E-01    2    1      730    -1    -5     T     1.166     1.000
      366  0.5763420E+01  0.16464E-01    2    1      732    -1    -5     T     1.166     1.000
      367  0.5779884E+01  0.16464E-01    2    1      734    -1    -5     T     1.166     1.000
      368  0.5796348E+01  0.16464E-01    2    1      736    -1    -5     T     1.166     1.000
      369  0.5812812E+01  0.16464E-01    2    1      738    -1    -5     T     1.166     1.000
      370  0.5829275E+01  0.16464E-01    2    1      740    -1    -5     T     1.166     1.000
      371  0.5845739E+01  0.16464E-01    2    1      742    -1    -5     T     1.166     1.000
      372  0.5862203E+01  0.16464E-01    2    1      744    -1    -5     T     1.166     1.000
      373  0.5878667E+01  0.16464E-01    2    1      746    -1    -5     T     1.166     1.000
      374  0.5895130E+01  0.16464E-01    2    1      748    -1    -5     T     1.166     1.000
      375  0.5911594E+01  0.16464E-01    2    1      750    -1    -5     T     1.166     1.000
      376  0.5928058E+01  0.16464E-01    2    1      752    -1    -5     T     1.166     1.000
      377  0.5944522E+01  0.16464E-01    2    1      754    -1    -5     T     1.166     1.000
      378  0.5960986E+01  0.16464E-01    2    1      756    -1    -5     T     1.166     1.000
      379  0.5977449E+01  0.16464E-01    2    1      758    -1    -5     T     1.166     1.000
      380  0.5988725E+01  0.11275E-01    2    1      760    -1    -5     T     1.099     0.685
      381  0.6000000E+01  0.11275E-01    2    1      762    -1    -5     T     1.099     0.685
end
