 All solute fluxes and cumulative solute fluxes are positive into the region

       Time         cvTop        cvBot      Sum(cvTop)   Sum(cvBot)     cvCh0        cvCh1         cTop        cRoot         cBot        cvRoot    Sum(cvRoot)  Sum(cvNEql) TLevel      cGWL        cRunOff   Sum(cRunOff)    (cv(i),    Sum(cv(i)), i=1,NObs)
        [T]        [M/L2/T]     [M/L2/T]      [M/L2]       [M/L2]       [M/L2]      [M/L2]        [M/L3]      [M/L3]        [M/L3]      [M/L2/T]      [M/L2]       [M/L2]              [M/L3]        [M/L2]      [M/L3]      [M/L2/T]      [M/L2]
        0.0010  0.10000E+02  0.00000E+00  0.10000E-01  0.00000E+00  0.00000E+00  0.00000E+00  0.11208E+00  0.00000E+00  0.00000E+00  0.00000E+00  0.00000E+00  0.00000E+00       1  0.00000E+00  0.00000E+00  0.00000E+00
        0.0020  0.10000E+02  0.00000E+00  0.20000E-01  0.00000E+00  0.00000E+00  0.00000E+00  0.20486E+00  0.00000E+00  0.00000E+00  0.00000E+00  0.00000E+00  0.00000E+00       2  0.00000E+00  0.00000E+00  0.00000E+00
        0.0033  0.10000E+02  0.00000E+00  0.33000E-01  0.00000E+00  0.00000E+00  0.00000E+00  0.30404E+00  0.00000E+00  0.00000E+00  0.00000E+00  0.00000E+00  0.00000E+00       3  0.00000E+00  0.00000E+00  0.00000E+00
        0.0050  0.10000E+02  0.00000E+00  0.49900E-01  0.00000E+00  0.00000E+00  0.00000E+00  0.40532E+00  0.00000E+00  0.00000E+00  0.00000E+00  0.00000E+00  0.00000E+00       4  0.00000E+00  0.00000E+00  0.00000E+00
        0.0072  0.10000E+02  0.00000E+00  0.71870E-01  0.00000E+00  0.00000E+00  0.00000E+00  0.50368E+00  0.00000E+00  0.00000E+00  0.00000E+00  0.00000E+00  0.00000E+00       5  0.00000E+00  0.00000E+00  0.00000E+00
        0.0100  0.10000E+02  0.00000E+00  0.10043E+00  0.00000E+00  0.00000E+00  0.00000E+00  0.59459E+00  0.00000E+00  0.00000E+00  0.00000E+00  0.00000E+00  0.00000E+00       6  0.00000E+00  0.00000E+00  0.00000E+00
        0.0138  0.10000E+02  0.00000E+00  0.13756E+00  0.00000E+00  0.00000E+00  0.00000E+00  0.67519E+00  0.00000E+00  0.00000E+00  0.00000E+00  0.00000E+00  0.00000E+00       7  0.00000E+00  0.00000E+00  0.00000E+00
        0.0186  0.10000E+02  0.00000E+00  0.18583E+00  0.00000E+00  0.00000E+00  0.00000E+00  0.74489E+00  0.00000E+00  0.00000E+00  0.00000E+00  0.00000E+00  0.00000E+00       8  0.00000E+00  0.00000E+00  0.00000E+00
        0.0249  0.10000E+02  0.00000E+00  0.24858E+00  0.00000E+00  0.00000E+00  0.00000E+00  0.80467E+00  0.00000E+00  0.00000E+00  0.00000E+00  0.00000E+00  0.00000E+00       9  0.00000E+00  0.00000E+00  0.00000E+00
        0.0330  0.10000E+02  0.00000E+00  0.33015E+00  0.00000E+00  0.00000E+00  0.00000E+00  0.85566E+00  0.00000E+00  0.00000E+00  0.00000E+00  0.00000E+00  0.00000E+00      10  0.00000E+00  0.00000E+00  0.00000E+00
        0.0436  0.10000E+02  0.00000E+00  0.43619E+00  0.00000E+00  0.00000E+00  0.00000E+00  0.89826E+00  0.00000E+00  0.00000E+00  0.00000E+00  0.00000E+00  0.00000E+00      11  0.00000E+00  0.00000E+00  0.00000E+00
        0.0574  0.10000E+02  0.00000E+00  0.57405E+00  0.00000E+00  0.00000E+00  0.00000E+00  0.93232E+00  0.00000E+00  0.00000E+00  0.00000E+00  0.00000E+00  0.00000E+00      12  0.00000E+00  0.00000E+00  0.00000E+00
        0.0736  0.10000E+02  0.00000E+00  0.73649E+00  0.00000E+00  0.00000E+00  0.00000E+00  0.95651E+00  0.00000E+00  0.00000E+00  0.00000E+00  0.00000E+00  0.00000E+00      13  0.00000E+00  0.00000E+00  0.00000E+00
        0.0899  0.10000E+02  0.00000E+00  0.89894E+00  0.00000E+00  0.00000E+00  0.00000E+00  0.97152E+00  0.00000E+00  0.00000E+00  0.00000E+00  0.00000E+00  0.00000E+00      14  0.00000E+00  0.00000E+00  0.00000E+00
        0.1061  0.10000E+02  0.00000E+00  0.10614E+01  0.00000E+00  0.00000E+00  0.00000E+00  0.98088E+00  0.00000E+00  0.00000E+00  0.00000E+00  0.00000E+00  0.00000E+00      15  0.00000E+00  0.00000E+00  0.00000E+00
        0.1224  0.10000E+02  0.00000E+00  0.12240E+01  0.00000E+00  0.00000E+00  0.00000E+00  0.98700E+00  0.00000E+00  0.00000E+00  0.00000E+00  0.00000E+00  0.00000E+00      16  0.00000E+00  0.00000E+00  0.00000E+00
        0.1387  0.10000E+02  0.00000E+00  0.13867E+01  0.00000E+00  0.00000E+00  0.00000E+00  0.99103E+00  0.00000E+00  0.00000E+00  0.00000E+00  0.00000E+00  0.00000E+00      17  0.00000E+00  0.00000E+00  0.00000E+00
        0.1550  0.10000E+02  0.00000E+00  0.15495E+01  0.00000E+00  0.00000E+00  0.00000E+00  0.99376E+00  0.00000E+00  0.00000E+00  0.00000E+00  0.00000E+00  0.00000E+00      18  0.00000E+00  0.00000E+00  0.00000E+00
        0.1712  0.10000E+02  0.00000E+00  0.17125E+01  0.00000E+00  0.00000E+00  0.00000E+00  0.99562E+00  0.00000E+00  0.00000E+00  0.00000E+00  0.00000E+00  0.00000E+00      19  0.00000E+00  0.00000E+00  0.00000E+00
        0.1876  0.10000E+02  0.00000E+00  0.18756E+01  0.00000E+00  0.00000E+00  0.00000E+00  0.99691E+00  0.00000E+00  0.00000E+00  0.00000E+00  0.00000E+00  0.00000E+00      20  0.00000E+00  0.00000E+00  0.00000E+00
        0.2039  0.10000E+02  0.00000E+00  0.20389E+01  0.00000E+00  0.00000E+00  0.00000E+00  0.99780E+00  0.00000E+00  0.00000E+00  0.00000E+00  0.00000E+00  0.00000E+00      21  0.00000E+00  0.00000E+00  0.00000E+00
        0.2202  0.10000E+02  0.00000E+00  0.22024E+01  0.00000E+00  0.00000E+00  0.00000E+00  0.99843E+00  0.00000E+00  0.00000E+00  0.00000E+00  0.00000E+00  0.00000E+00      22  0.00000E+00  0.00000E+00  0.00000E+00
        0.2366  0.10000E+02  0.00000E+00  0.23660E+01  0.00000E+00  0.00000E+00  0.00000E+00  0.99887E+00  0.00000E+00  0.00000E+00  0.00000E+00  0.00000E+00  0.00000E+00      23  0.00000E+00  0.00000E+00  0.00000E+00
        0.2530  0.10000E+02  0.00000E+00  0.25297E+01  0.00000E+00  0.00000E+00  0.00000E+00  0.99919E+00  0.00000E+00  0.00000E+00  0.00000E+00  0.00000E+00  0.00000E+00      24  0.00000E+00  0.00000E+00  0.00000E+00
        0.2694  0.10000E+02  0.00000E+00  0.26936E+01  0.00000E+00  0.00000E+00  0.00000E+00  0.99941E+00  0.00000E+00  0.00000E+00  0.00000E+00  0.00000E+00  0.00000E+00      25  0.00000E+00  0.00000E+00  0.00000E+00
        0.2858  0.10000E+02 -0.31815E-28  0.28576E+01 -0.52178E-30  0.00000E+00  0.00000E+00  0.99958E+00  0.00000E+00  0.63397E-29  0.00000E+00  0.00000E+00  0.00000E+00      26  0.00000E+00  0.00000E+00  0.00000E+00
        0.3022  0.10000E+02 -0.32460E-27  0.30217E+01 -0.58489E-29  0.00000E+00  0.00000E+00  0.99969E+00  0.00000E+00  0.58381E-28  0.00000E+00  0.00000E+00  0.00000E+00      27  0.00000E+00  0.00000E+00  0.00000E+00
        0.3186  0.10000E+02 -0.26490E-26  0.31859E+01 -0.49345E-28  0.00000E+00  0.00000E+00  0.99978E+00  0.00000E+00  0.47006E-27  0.00000E+00  0.00000E+00  0.00000E+00      28  0.00000E+00  0.00000E+00  0.00000E+00
        0.3350  0.10000E+02 -0.19934E-25  0.33502E+01 -0.37683E-27  0.00000E+00  0.00000E+00  0.99984E+00  0.00000E+00  0.35085E-26  0.00000E+00  0.00000E+00  0.00000E+00      29  0.00000E+00  0.00000E+00  0.00000E+00
        0.3515  0.10000E+02 -0.14042E-24  0.35146E+01 -0.26845E-26  0.00000E+00  0.00000E+00  0.99988E+00  0.00000E+00  0.24528E-25  0.00000E+00  0.00000E+00  0.00000E+00      30  0.00000E+00  0.00000E+00  0.00000E+00
        0.3679  0.10000E+02 -0.93009E-24  0.36790E+01 -0.17975E-25  0.00000E+00  0.00000E+00  0.99991E+00  0.00000E+00  0.16124E-24  0.00000E+00  0.00000E+00  0.00000E+00      31  0.00000E+00  0.00000E+00  0.00000E+00
        0.3843  0.10000E+02 -0.58106E-23  0.38434E+01 -0.11353E-24  0.00000E+00  0.00000E+00  0.99994E+00  0.00000E+00  0.99960E-24  0.00000E+00  0.00000E+00  0.00000E+00      32  0.00000E+00  0.00000E+00  0.00000E+00
        0.4008  0.10000E+02 -0.34328E-22  0.40079E+01 -0.67817E-24  0.00000E+00  0.00000E+00  0.99995E+00  0.00000E+00  0.58599E-23  0.00000E+00  0.00000E+00  0.00000E+00      33  0.00000E+00  0.00000E+00  0.00000E+00
        0.4172  0.10000E+02 -0.19223E-21  0.41724E+01 -0.38406E-23  0.00000E+00  0.00000E+00  0.99997E+00  0.00000E+00  0.32558E-22  0.00000E+00  0.00000E+00  0.00000E+00      34  0.00000E+00  0.00000E+00  0.00000E+00
        0.4337  0.10000E+02 -0.10225E-20  0.43369E+01 -0.20665E-22  0.00000E+00  0.00000E+00  0.99997E+00  0.00000E+00  0.17182E-21  0.00000E+00  0.00000E+00  0.00000E+00      35  0.00000E+00  0.00000E+00  0.00000E+00
        0.4502  0.10000E+02 -0.51764E-20  0.45015E+01 -0.10585E-21  0.00000E+00  0.00000E+00  0.99998E+00  0.00000E+00  0.86301E-21  0.00000E+00  0.00000E+00  0.00000E+00      36  0.00000E+00  0.00000E+00  0.00000E+00
        0.4666  0.10000E+02 -0.24988E-19  0.46661E+01 -0.51710E-21  0.00000E+00  0.00000E+00  0.99999E+00  0.00000E+00  0.41330E-20  0.00000E+00  0.00000E+00  0.00000E+00      37  0.00000E+00  0.00000E+00  0.00000E+00
        0.4831  0.10000E+02 -0.11522E-18  0.48307E+01 -0.24135E-20  0.00000E+00  0.00000E+00  0.99999E+00  0.00000E+00  0.18904E-19  0.00000E+00  0.00000E+00  0.00000E+00      38  0.00000E+00  0.00000E+00  0.00000E+00
        0.4915  0.10000E+02 -0.28688E-18  0.49153E+01 -0.48422E-20  0.00000E+00  0.00000E+00  0.99999E+00  0.00000E+00  0.38458E-19  0.00000E+00  0.00000E+00  0.00000E+00      39  0.00000E+00  0.00000E+00  0.00000E+00
        0.5000  0.10000E+02 -0.57876E-18  0.50000E+01 -0.97420E-20  0.00000E+00  0.00000E+00  0.99999E+00  0.00000E+00  0.77271E-19  0.00000E+00  0.00000E+00  0.00000E+00      40  0.00000E+00  0.00000E+00  0.00000E+00
        0.5165 -0.00000E+00 -0.20062E-17  0.50000E+01 -0.42766E-19  0.00000E+00  0.00000E+00  0.99964E-01  0.00000E+00  0.32391E-18  0.00000E+00  0.00000E+00  0.00000E+00      41  0.00000E+00  0.00000E+00  0.00000E+00
        0.5329 -0.00000E+00 -0.81862E-17  0.50000E+01 -0.17753E-18  0.00000E+00  0.00000E+00  0.20441E+00  0.00000E+00  0.13131E-17  0.00000E+00  0.00000E+00  0.00000E+00      42  0.00000E+00  0.00000E+00  0.00000E+00
        0.5494 -0.00000E+00 -0.32132E-16  0.50000E+01 -0.70649E-18  0.00000E+00  0.00000E+00  0.52293E-01  0.00000E+00  0.51127E-17  0.00000E+00  0.00000E+00  0.00000E+00      43  0.00000E+00  0.00000E+00  0.00000E+00
        0.5658 -0.00000E+00 -0.12124E-15  0.50000E+01 -0.27024E-17  0.00000E+00  0.00000E+00  0.66514E-01  0.00000E+00  0.19134E-16  0.00000E+00  0.00000E+00  0.00000E+00      44  0.00000E+00  0.00000E+00  0.00000E+00
        0.5823 -0.00000E+00 -0.44023E-15  0.50000E+01 -0.99499E-17  0.00000E+00  0.00000E+00  0.26670E-01  0.00000E+00  0.68908E-16  0.00000E+00  0.00000E+00  0.00000E+00      45  0.00000E+00  0.00000E+00  0.00000E+00
        0.5988 -0.00000E+00 -0.15400E-14  0.50000E+01 -0.35303E-16  0.00000E+00  0.00000E+00  0.25820E-01  0.00000E+00  0.23909E-15  0.00000E+00  0.00000E+00  0.00000E+00      46  0.00000E+00  0.00000E+00  0.00000E+00
        0.6152 -0.00000E+00 -0.51960E-14  0.50000E+01 -0.12085E-15  0.00000E+00  0.00000E+00  0.13383E-01  0.00000E+00  0.80009E-15  0.00000E+00  0.00000E+00  0.00000E+00      47  0.00000E+00  0.00000E+00  0.00000E+00
        0.6317 -0.00000E+00 -0.16927E-13  0.50000E+01 -0.39952E-15  0.00000E+00  0.00000E+00  0.11169E-01  0.00000E+00  0.25852E-14  0.00000E+00  0.00000E+00  0.00000E+00      48  0.00000E+00  0.00000E+00  0.00000E+00
        0.6482 -0.00000E+00 -0.53291E-13  0.50000E+01 -0.12769E-14  0.00000E+00  0.00000E+00  0.67107E-02  0.00000E+00  0.80728E-14  0.00000E+00  0.00000E+00  0.00000E+00      49  0.00000E+00  0.00000E+00  0.00000E+00
        0.6646 -0.00000E+00 -0.16231E-12  0.50000E+01 -0.39490E-14  0.00000E+00  0.00000E+00  0.51888E-02  0.00000E+00  0.24388E-13  0.00000E+00  0.00000E+00  0.00000E+00      50  0.00000E+00  0.00000E+00  0.00000E+00
        0.6811 -0.00000E+00 -0.47863E-12  0.50000E+01 -0.11829E-13  0.00000E+00  0.00000E+00  0.33913E-02  0.00000E+00  0.71337E-13  0.00000E+00  0.00000E+00  0.00000E+00      51  0.00000E+00  0.00000E+00  0.00000E+00
        0.6976 -0.00000E+00 -0.13679E-11  0.50000E+01 -0.34349E-13  0.00000E+00  0.00000E+00  0.25278E-02  0.00000E+00  0.20223E-12  0.00000E+00  0.00000E+00  0.00000E+00      52  0.00000E+00  0.00000E+00  0.00000E+00
        0.7140 -0.00000E+00 -0.37916E-11  0.50000E+01 -0.96773E-13  0.00000E+00  0.00000E+00  0.17332E-02  0.00000E+00  0.55608E-12  0.00000E+00  0.00000E+00  0.00000E+00      53  0.00000E+00  0.00000E+00  0.00000E+00
        0.7305 -0.00000E+00 -0.10202E-10  0.50000E+01 -0.26474E-12  0.00000E+00  0.00000E+00  0.12719E-02  0.00000E+00  0.14843E-11  0.00000E+00  0.00000E+00  0.00000E+00      54  0.00000E+00  0.00000E+00  0.00000E+00
        0.7469 -0.00000E+00 -0.26668E-10  0.50000E+01 -0.70378E-12  0.00000E+00  0.00000E+00  0.89658E-03  0.00000E+00  0.38491E-11  0.00000E+00  0.00000E+00  0.00000E+00      55  0.00000E+00  0.00000E+00  0.00000E+00
        0.7634 -0.00000E+00 -0.67769E-10  0.50000E+01 -0.18195E-11  0.00000E+00  0.00000E+00  0.65465E-03  0.00000E+00  0.97045E-11  0.00000E+00  0.00000E+00  0.00000E+00      56  0.00000E+00  0.00000E+00  0.00000E+00
        0.7799 -0.00000E+00 -0.16755E-09  0.50000E+01 -0.45780E-11  0.00000E+00  0.00000E+00  0.46924E-03  0.00000E+00  0.23805E-10  0.00000E+00  0.00000E+00  0.00000E+00      57  0.00000E+00  0.00000E+00  0.00000E+00
        0.7963 -0.00000E+00 -0.40331E-09  0.50000E+01 -0.11218E-10  0.00000E+00  0.00000E+00  0.34262E-03  0.00000E+00  0.56856E-10  0.00000E+00  0.00000E+00  0.00000E+00      58  0.00000E+00  0.00000E+00  0.00000E+00
        0.8128 -0.00000E+00 -0.94579E-09  0.50000E+01 -0.26789E-10  0.00000E+00  0.00000E+00  0.24821E-03  0.00000E+00  0.13230E-09  0.00000E+00  0.00000E+00  0.00000E+00      59  0.00000E+00  0.00000E+00  0.00000E+00
        0.8293 -0.00000E+00 -0.21623E-08  0.50000E+01 -0.62389E-10  0.00000E+00  0.00000E+00  0.18163E-03  0.00000E+00  0.30016E-09  0.00000E+00  0.00000E+00  0.00000E+00      60  0.00000E+00  0.00000E+00  0.00000E+00
        0.8457 -0.00000E+00 -0.48226E-08  0.50000E+01 -0.14179E-09  0.00000E+00  0.00000E+00  0.13254E-03  0.00000E+00  0.66437E-09  0.00000E+00  0.00000E+00  0.00000E+00      61  0.00000E+00  0.00000E+00  0.00000E+00
        0.8622 -0.00000E+00 -0.10499E-07  0.50000E+01 -0.31465E-09  0.00000E+00  0.00000E+00  0.97275E-04  0.00000E+00  0.14355E-08  0.00000E+00  0.00000E+00  0.00000E+00      62  0.00000E+00  0.00000E+00  0.00000E+00
        0.8787 -0.00000E+00 -0.22327E-07  0.50000E+01 -0.68223E-09  0.00000E+00  0.00000E+00  0.71362E-04  0.00000E+00  0.30298E-08  0.00000E+00  0.00000E+00  0.00000E+00      63  0.00000E+00  0.00000E+00  0.00000E+00
        0.8951 -0.00000E+00 -0.46401E-07  0.50000E+01 -0.14462E-08  0.00000E+00  0.00000E+00  0.52540E-04  0.00000E+00  0.62503E-08  0.00000E+00  0.00000E+00  0.00000E+00      64  0.00000E+00  0.00000E+00  0.00000E+00
        0.9116 -0.00000E+00 -0.94302E-07  0.50000E+01 -0.29987E-08  0.00000E+00  0.00000E+00  0.38704E-04  0.00000E+00  0.12610E-07  0.00000E+00  0.00000E+00  0.00000E+00      65  0.00000E+00  0.00000E+00  0.00000E+00
        0.9280 -0.00000E+00 -0.18752E-06  0.50000E+01 -0.60861E-08  0.00000E+00  0.00000E+00  0.28581E-04  0.00000E+00  0.24895E-07  0.00000E+00  0.00000E+00  0.00000E+00      66  0.00000E+00  0.00000E+00  0.00000E+00
        0.9445 -0.00000E+00 -0.36506E-06  0.50000E+01 -0.12096E-07  0.00000E+00  0.00000E+00  0.21126E-04  0.00000E+00  0.48118E-07  0.00000E+00  0.00000E+00  0.00000E+00      67  0.00000E+00  0.00000E+00  0.00000E+00
        0.9610 -0.00000E+00 -0.69616E-06  0.50000E+01 -0.23558E-07  0.00000E+00  0.00000E+00  0.15644E-04  0.00000E+00  0.91113E-07  0.00000E+00  0.00000E+00  0.00000E+00      68  0.00000E+00  0.00000E+00  0.00000E+00
        0.9774 -0.00000E+00 -0.13010E-05  0.50000E+01 -0.44978E-07  0.00000E+00  0.00000E+00  0.11596E-04  0.00000E+00  0.16910E-06  0.00000E+00  0.00000E+00  0.00000E+00      69  0.00000E+00  0.00000E+00  0.00000E+00
        0.9887 -0.00000E+00 -0.21223E-05  0.50000E+01 -0.68920E-07  0.00000E+00  0.00000E+00  0.92913E-05  0.00000E+00  0.25537E-06  0.00000E+00  0.00000E+00  0.00000E+00      70  0.00000E+00  0.00000E+00  0.00000E+00
        1.0000 -0.00000E+00 -0.31854E-05  0.50000E+01 -0.10485E-06  0.00000E+00  0.00000E+00  0.75417E-05  0.00000E+00  0.38171E-06  0.00000E+00  0.00000E+00  0.00000E+00      71  0.00000E+00  0.00000E+00  0.00000E+00
        1.0165 -0.00000E+00 -0.52866E-05  0.50000E+01 -0.19189E-06  0.00000E+00  0.00000E+00  0.56926E-05  0.00000E+00  0.67562E-06  0.00000E+00  0.00000E+00  0.00000E+00      72  0.00000E+00  0.00000E+00  0.00000E+00
        1.0329 -0.00000E+00 -0.92603E-05  0.50000E+01 -0.34435E-06  0.00000E+00  0.00000E+00  0.42235E-05  0.00000E+00  0.11764E-05  0.00000E+00  0.00000E+00  0.00000E+00      73  0.00000E+00  0.00000E+00  0.00000E+00
        1.0494 -0.00000E+00 -0.15946E-04  0.50000E+01 -0.60688E-06  0.00000E+00  0.00000E+00  0.31596E-05  0.00000E+00  0.20127E-05  0.00000E+00  0.00000E+00  0.00000E+00      74  0.00000E+00  0.00000E+00  0.00000E+00
        1.0659 -0.00000E+00 -0.26985E-04  0.50000E+01 -0.10511E-05  0.00000E+00  0.00000E+00  0.23538E-05  0.00000E+00  0.33843E-05  0.00000E+00  0.00000E+00  0.00000E+00      75  0.00000E+00  0.00000E+00  0.00000E+00
        1.0823 -0.00000E+00 -0.44897E-04  0.50000E+01 -0.17903E-05  0.00000E+00  0.00000E+00  0.17601E-05  0.00000E+00  0.55950E-05  0.00000E+00  0.00000E+00  0.00000E+00      76  0.00000E+00  0.00000E+00  0.00000E+00
        1.0988 -0.00000E+00 -0.73469E-04  0.50000E+01 -0.29999E-05  0.00000E+00  0.00000E+00  0.13146E-05  0.00000E+00  0.90987E-05  0.00000E+00  0.00000E+00  0.00000E+00      77  0.00000E+00  0.00000E+00  0.00000E+00
        1.1152 -0.00000E+00 -0.11830E-03  0.50000E+01 -0.49475E-05  0.00000E+00  0.00000E+00  0.98386E-06  0.00000E+00  0.14561E-04  0.00000E+00  0.00000E+00  0.00000E+00      78  0.00000E+00  0.00000E+00  0.00000E+00
        1.1317 -0.00000E+00 -0.18751E-03  0.50000E+01 -0.80346E-05  0.00000E+00  0.00000E+00  0.73626E-06  0.00000E+00  0.22941E-04  0.00000E+00  0.00000E+00  0.00000E+00      79  0.00000E+00  0.00000E+00  0.00000E+00
        1.1482 -0.00000E+00 -0.29270E-03  0.50000E+01 -0.12853E-04  0.00000E+00  0.00000E+00  0.55167E-06  0.00000E+00  0.35598E-04  0.00000E+00  0.00000E+00  0.00000E+00      80  0.00000E+00  0.00000E+00  0.00000E+00
        1.1646 -0.00000E+00 -0.45015E-03  0.50000E+01 -0.20265E-04  0.00000E+00  0.00000E+00  0.41349E-06  0.00000E+00  0.54430E-04  0.00000E+00  0.00000E+00  0.00000E+00      81  0.00000E+00  0.00000E+00  0.00000E+00
        1.1811 -0.00000E+00 -0.68235E-03  0.50000E+01 -0.31498E-04  0.00000E+00  0.00000E+00  0.31021E-06  0.00000E+00  0.82037E-04  0.00000E+00  0.00000E+00  0.00000E+00      82  0.00000E+00  0.00000E+00  0.00000E+00
        1.1976 -0.00000E+00 -0.10199E-02  0.50000E+01 -0.48289E-04  0.00000E+00  0.00000E+00  0.23284E-06  0.00000E+00  0.12193E-03  0.00000E+00  0.00000E+00  0.00000E+00      83  0.00000E+00  0.00000E+00  0.00000E+00
        1.2140 -0.00000E+00 -0.15036E-02  0.50000E+01 -0.73043E-04  0.00000E+00  0.00000E+00  0.17489E-06  0.00000E+00  0.17878E-03  0.00000E+00  0.00000E+00  0.00000E+00      84  0.00000E+00  0.00000E+00  0.00000E+00
        1.2305 -0.00000E+00 -0.21874E-02  0.50000E+01 -0.10906E-03  0.00000E+00  0.00000E+00  0.13144E-06  0.00000E+00  0.25870E-03  0.00000E+00  0.00000E+00  0.00000E+00      85  0.00000E+00  0.00000E+00  0.00000E+00
        1.2470 -0.00000E+00 -0.31415E-02  0.50000E+01 -0.16078E-03  0.00000E+00  0.00000E+00  0.98839E-07  0.00000E+00  0.36958E-03  0.00000E+00  0.00000E+00  0.00000E+00      86  0.00000E+00  0.00000E+00  0.00000E+00
        1.2634 -0.00000E+00 -0.44552E-02  0.50000E+01 -0.23412E-03  0.00000E+00  0.00000E+00  0.74365E-07  0.00000E+00  0.52144E-03  0.00000E+00  0.00000E+00  0.00000E+00      87  0.00000E+00  0.00000E+00  0.00000E+00
        1.2799 -0.00000E+00 -0.62415E-02  0.50000E+01 -0.33688E-03  0.00000E+00  0.00000E+00  0.55983E-07  0.00000E+00  0.72684E-03  0.00000E+00  0.00000E+00  0.00000E+00      88  0.00000E+00  0.00000E+00  0.00000E+00
        1.2963 -0.00000E+00 -0.86408E-02  0.50000E+01 -0.47914E-03  0.00000E+00  0.00000E+00  0.42165E-07  0.00000E+00  0.10013E-02  0.00000E+00  0.00000E+00  0.00000E+00      89  0.00000E+00  0.00000E+00  0.00000E+00
        1.3128 -0.00000E+00 -0.11825E-01  0.50000E+01 -0.67383E-03  0.00000E+00  0.00000E+00  0.31774E-07  0.00000E+00  0.13637E-02  0.00000E+00  0.00000E+00  0.00000E+00      90  0.00000E+00  0.00000E+00  0.00000E+00
        1.3293 -0.00000E+00 -0.16002E-01  0.50000E+01 -0.93729E-03  0.00000E+00  0.00000E+00  0.23955E-07  0.00000E+00  0.18368E-02  0.00000E+00  0.00000E+00  0.00000E+00      91  0.00000E+00  0.00000E+00  0.00000E+00
        1.3457 -0.00000E+00 -0.21421E-01  0.50000E+01 -0.12900E-02  0.00000E+00  0.00000E+00  0.18069E-07  0.00000E+00  0.24474E-02  0.00000E+00  0.00000E+00  0.00000E+00      92  0.00000E+00  0.00000E+00  0.00000E+00
        1.3622 -0.00000E+00 -0.28372E-01  0.50000E+01 -0.17571E-02  0.00000E+00  0.00000E+00  0.13635E-07  0.00000E+00  0.32270E-02  0.00000E+00  0.00000E+00  0.00000E+00      93  0.00000E+00  0.00000E+00  0.00000E+00
        1.3787 -0.00000E+00 -0.37195E-01  0.50000E+01 -0.23694E-02  0.00000E+00  0.00000E+00  0.10293E-07  0.00000E+00  0.42119E-02  0.00000E+00  0.00000E+00  0.00000E+00      94  0.00000E+00  0.00000E+00  0.00000E+00
        1.3951 -0.00000E+00 -0.48277E-01  0.50000E+01 -0.31642E-02  0.00000E+00  0.00000E+00  0.77740E-08  0.00000E+00  0.54434E-02  0.00000E+00  0.00000E+00  0.00000E+00      95  0.00000E+00  0.00000E+00  0.00000E+00
        1.4116 -0.00000E+00 -0.62056E-01  0.50000E+01 -0.41859E-02  0.00000E+00  0.00000E+00  0.58737E-08  0.00000E+00  0.69677E-02  0.00000E+00  0.00000E+00  0.00000E+00      96  0.00000E+00  0.00000E+00  0.00000E+00
        1.4281 -0.00000E+00 -0.79020E-01  0.50000E+01 -0.54869E-02  0.00000E+00  0.00000E+00  0.44396E-08  0.00000E+00  0.88363E-02  0.00000E+00  0.00000E+00  0.00000E+00      97  0.00000E+00  0.00000E+00  0.00000E+00
        1.4445 -0.00000E+00 -0.99706E-01  0.50000E+01 -0.71284E-02  0.00000E+00  0.00000E+00  0.33569E-08  0.00000E+00  0.11105E-01  0.00000E+00  0.00000E+00  0.00000E+00      98  0.00000E+00  0.00000E+00  0.00000E+00
        1.4610 -0.00000E+00 -0.12470E+00  0.50000E+01 -0.91814E-02  0.00000E+00  0.00000E+00  0.25392E-08  0.00000E+00  0.13834E-01  0.00000E+00  0.00000E+00  0.00000E+00      99  0.00000E+00  0.00000E+00  0.00000E+00
        1.4774 -0.00000E+00 -0.15461E+00  0.50000E+01 -0.11727E-01  0.00000E+00  0.00000E+00  0.19214E-08  0.00000E+00  0.17089E-01  0.00000E+00  0.00000E+00  0.00000E+00     100  0.00000E+00  0.00000E+00  0.00000E+00
        1.4887 -0.00000E+00 -0.18375E+00  0.50000E+01 -0.13799E-01  0.00000E+00  0.00000E+00  0.15615E-08  0.00000E+00  0.19662E-01  0.00000E+00  0.00000E+00  0.00000E+00     101  0.00000E+00  0.00000E+00  0.00000E+00
        1.5000 -0.00000E+00 -0.21098E+00  0.50000E+01 -0.16178E-01  0.00000E+00  0.00000E+00  0.12840E-08  0.00000E+00  0.22533E-01  0.00000E+00  0.00000E+00  0.00000E+00     102  0.00000E+00  0.00000E+00  0.00000E+00
        1.5165 -0.00000E+00 -0.24914E+00  0.50000E+01 -0.20280E-01  0.00000E+00  0.00000E+00  0.98608E-09  0.00000E+00  0.27294E-01  0.00000E+00  0.00000E+00  0.00000E+00     103  0.00000E+00  0.00000E+00  0.00000E+00
        1.5329 -0.00000E+00 -0.30056E+00  0.50000E+01 -0.25228E-01  0.00000E+00  0.00000E+00  0.74482E-09  0.00000E+00  0.32817E-01  0.00000E+00  0.00000E+00  0.00000E+00     104  0.00000E+00  0.00000E+00  0.00000E+00
        1.5494 -0.00000E+00 -0.35991E+00  0.50000E+01 -0.31154E-01  0.00000E+00  0.00000E+00  0.56646E-09  0.00000E+00  0.39166E-01  0.00000E+00  0.00000E+00  0.00000E+00     105  0.00000E+00  0.00000E+00  0.00000E+00
        1.5659 -0.00000E+00 -0.42786E+00  0.50000E+01 -0.38198E-01  0.00000E+00  0.00000E+00  0.42897E-09  0.00000E+00  0.46407E-01  0.00000E+00  0.00000E+00  0.00000E+00     106  0.00000E+00  0.00000E+00  0.00000E+00
        1.5823 -0.00000E+00 -0.50505E+00  0.50000E+01 -0.46513E-01  0.00000E+00  0.00000E+00  0.32574E-09  0.00000E+00  0.54603E-01  0.00000E+00  0.00000E+00  0.00000E+00     107  0.00000E+00  0.00000E+00  0.00000E+00
        1.5988 -0.00000E+00 -0.59207E+00  0.50000E+01 -0.56260E-01  0.00000E+00  0.00000E+00  0.24699E-09  0.00000E+00  0.63811E-01  0.00000E+00  0.00000E+00  0.00000E+00     108  0.00000E+00  0.00000E+00  0.00000E+00
        1.6152 -0.00000E+00 -0.68947E+00  0.50000E+01 -0.67612E-01  0.00000E+00  0.00000E+00  0.18751E-09  0.00000E+00  0.74081E-01  0.00000E+00  0.00000E+00  0.00000E+00     109  0.00000E+00  0.00000E+00  0.00000E+00
        1.6317 -0.00000E+00 -0.79769E+00  0.50000E+01 -0.80744E-01  0.00000E+00  0.00000E+00  0.14229E-09  0.00000E+00  0.85455E-01  0.00000E+00  0.00000E+00  0.00000E+00     110  0.00000E+00  0.00000E+00  0.00000E+00
        1.6482 -0.00000E+00 -0.91712E+00  0.50000E+01 -0.95844E-01  0.00000E+00  0.00000E+00  0.10805E-09  0.00000E+00  0.97966E-01  0.00000E+00  0.00000E+00  0.00000E+00     111  0.00000E+00  0.00000E+00  0.00000E+00
        1.6646 -0.00000E+00 -0.10480E+01  0.50000E+01 -0.11310E+00  0.00000E+00  0.00000E+00  0.82042E-10  0.00000E+00  0.11163E+00  0.00000E+00  0.00000E+00  0.00000E+00     112  0.00000E+00  0.00000E+00  0.00000E+00
        1.6811 -0.00000E+00 -0.11905E+01  0.50000E+01 -0.13270E+00  0.00000E+00  0.00000E+00  0.62320E-10  0.00000E+00  0.12647E+00  0.00000E+00  0.00000E+00  0.00000E+00     113  0.00000E+00  0.00000E+00  0.00000E+00
        1.6976 -0.00000E+00 -0.13447E+01  0.50000E+01 -0.15484E+00  0.00000E+00  0.00000E+00  0.47344E-10  0.00000E+00  0.14247E+00  0.00000E+00  0.00000E+00  0.00000E+00     114  0.00000E+00  0.00000E+00  0.00000E+00
        1.7140 -0.00000E+00 -0.15104E+01  0.50000E+01 -0.17970E+00  0.00000E+00  0.00000E+00  0.35978E-10  0.00000E+00  0.15961E+00  0.00000E+00  0.00000E+00  0.00000E+00     115  0.00000E+00  0.00000E+00  0.00000E+00
        1.7305 -0.00000E+00 -0.16874E+01  0.50000E+01 -0.20748E+00  0.00000E+00  0.00000E+00  0.27345E-10  0.00000E+00  0.17787E+00  0.00000E+00  0.00000E+00  0.00000E+00     116  0.00000E+00  0.00000E+00  0.00000E+00
        1.7470 -0.00000E+00 -0.18753E+01  0.50000E+01 -0.23836E+00  0.00000E+00  0.00000E+00  0.20789E-10  0.00000E+00  0.19719E+00  0.00000E+00  0.00000E+00  0.00000E+00     117  0.00000E+00  0.00000E+00  0.00000E+00
        1.7634 -0.00000E+00 -0.20735E+01  0.50000E+01 -0.27250E+00  0.00000E+00  0.00000E+00  0.15807E-10  0.00000E+00  0.21752E+00  0.00000E+00  0.00000E+00  0.00000E+00     118  0.00000E+00  0.00000E+00  0.00000E+00
        1.7799 -0.00000E+00 -0.22815E+01  0.50000E+01 -0.31006E+00  0.00000E+00  0.00000E+00  0.12022E-10  0.00000E+00  0.23877E+00  0.00000E+00  0.00000E+00  0.00000E+00     119  0.00000E+00  0.00000E+00  0.00000E+00
        1.7963 -0.00000E+00 -0.24982E+01  0.50000E+01 -0.35119E+00  0.00000E+00  0.00000E+00  0.91452E-11  0.00000E+00  0.26087E+00  0.00000E+00  0.00000E+00  0.00000E+00     120  0.00000E+00  0.00000E+00  0.00000E+00
        1.8128 -0.00000E+00 -0.27229E+01  0.50000E+01 -0.39602E+00  0.00000E+00  0.00000E+00  0.69582E-11  0.00000E+00  0.28370E+00  0.00000E+00  0.00000E+00  0.00000E+00     121  0.00000E+00  0.00000E+00  0.00000E+00
        1.8293 -0.00000E+00 -0.29543E+01  0.50000E+01 -0.44466E+00  0.00000E+00  0.00000E+00  0.52951E-11  0.00000E+00  0.30716E+00  0.00000E+00  0.00000E+00  0.00000E+00     122  0.00000E+00  0.00000E+00  0.00000E+00
        1.8457 -0.00000E+00 -0.31914E+01  0.50000E+01 -0.49720E+00  0.00000E+00  0.00000E+00  0.40304E-11  0.00000E+00  0.33111E+00  0.00000E+00  0.00000E+00  0.00000E+00     123  0.00000E+00  0.00000E+00  0.00000E+00
        1.8622 -0.00000E+00 -0.34326E+01  0.50000E+01 -0.55371E+00  0.00000E+00  0.00000E+00  0.30683E-11  0.00000E+00  0.35541E+00  0.00000E+00  0.00000E+00  0.00000E+00     124  0.00000E+00  0.00000E+00  0.00000E+00
        1.8787 -0.00000E+00 -0.36767E+01  0.50000E+01 -0.61424E+00  0.00000E+00  0.00000E+00  0.23362E-11  0.00000E+00  0.37993E+00  0.00000E+00  0.00000E+00  0.00000E+00     125  0.00000E+00  0.00000E+00  0.00000E+00
        1.8951 -0.00000E+00 -0.39221E+01  0.50000E+01 -0.67882E+00  0.00000E+00  0.00000E+00  0.17792E-11  0.00000E+00  0.40449E+00  0.00000E+00  0.00000E+00  0.00000E+00     126  0.00000E+00  0.00000E+00  0.00000E+00
        1.9116 -0.00000E+00 -0.41673E+01  0.50000E+01 -0.74743E+00  0.00000E+00  0.00000E+00  0.13552E-11  0.00000E+00  0.42896E+00  0.00000E+00  0.00000E+00  0.00000E+00     127  0.00000E+00  0.00000E+00  0.00000E+00
        1.9281 -0.00000E+00 -0.44105E+01  0.50000E+01 -0.82004E+00  0.00000E+00  0.00000E+00  0.10324E-11  0.00000E+00  0.45314E+00  0.00000E+00  0.00000E+00  0.00000E+00     128  0.00000E+00  0.00000E+00  0.00000E+00
        1.9445 -0.00000E+00 -0.46502E+01  0.50000E+01 -0.89660E+00  0.00000E+00  0.00000E+00  0.78667E-12  0.00000E+00  0.47689E+00  0.00000E+00  0.00000E+00  0.00000E+00     129  0.00000E+00  0.00000E+00  0.00000E+00
        1.9610 -0.00000E+00 -0.48846E+01  0.50000E+01 -0.97702E+00  0.00000E+00  0.00000E+00  0.59950E-12  0.00000E+00  0.50002E+00  0.00000E+00  0.00000E+00  0.00000E+00     130  0.00000E+00  0.00000E+00  0.00000E+00
        1.9774 -0.00000E+00 -0.51120E+01  0.50000E+01 -0.10612E+01  0.00000E+00  0.00000E+00  0.45694E-12  0.00000E+00  0.52237E+00  0.00000E+00  0.00000E+00  0.00000E+00     131  0.00000E+00  0.00000E+00  0.00000E+00
        1.9887 -0.00000E+00 -0.52975E+01  0.50000E+01 -0.11209E+01  0.00000E+00  0.00000E+00  0.37328E-12  0.00000E+00  0.53714E+00  0.00000E+00  0.00000E+00  0.00000E+00     132  0.00000E+00  0.00000E+00  0.00000E+00
        2.0000 -0.00000E+00 -0.54427E+01  0.50000E+01 -0.11823E+01  0.00000E+00  0.00000E+00  0.30840E-12  0.00000E+00  0.55140E+00  0.00000E+00  0.00000E+00  0.00000E+00     133  0.00000E+00  0.00000E+00  0.00000E+00
        2.0165 -0.00000E+00 -0.56133E+01  0.50000E+01 -0.12747E+01  0.00000E+00  0.00000E+00  0.23837E-12  0.00000E+00  0.57126E+00  0.00000E+00  0.00000E+00  0.00000E+00     134  0.00000E+00  0.00000E+00  0.00000E+00
        2.0329 -0.00000E+00 -0.58052E+01  0.50000E+01 -0.13703E+01  0.00000E+00  0.00000E+00  0.18127E-12  0.00000E+00  0.58978E+00  0.00000E+00  0.00000E+00  0.00000E+00     135  0.00000E+00  0.00000E+00  0.00000E+00
        2.0494 -0.00000E+00 -0.59831E+01  0.50000E+01 -0.14688E+01  0.00000E+00  0.00000E+00  0.13875E-12  0.00000E+00  0.60684E+00  0.00000E+00  0.00000E+00  0.00000E+00     136  0.00000E+00  0.00000E+00  0.00000E+00
        2.0659 -0.00000E+00 -0.61456E+01  0.50000E+01 -0.15700E+01  0.00000E+00  0.00000E+00  0.10574E-12  0.00000E+00  0.62229E+00  0.00000E+00  0.00000E+00  0.00000E+00     137  0.00000E+00  0.00000E+00  0.00000E+00
        2.0823 -0.00000E+00 -0.62916E+01  0.50000E+01 -0.16736E+01  0.00000E+00  0.00000E+00  0.80791E-13  0.00000E+00  0.63603E+00  0.00000E+00  0.00000E+00  0.00000E+00     138  0.00000E+00  0.00000E+00  0.00000E+00
        2.0988 -0.00000E+00 -0.64199E+01  0.50000E+01 -0.17792E+01  0.00000E+00  0.00000E+00  0.61632E-13  0.00000E+00  0.64795E+00  0.00000E+00  0.00000E+00  0.00000E+00     139  0.00000E+00  0.00000E+00  0.00000E+00
        2.1152 -0.00000E+00 -0.65294E+01  0.50000E+01 -0.18867E+01  0.00000E+00  0.00000E+00  0.47066E-13  0.00000E+00  0.65795E+00  0.00000E+00  0.00000E+00  0.00000E+00     140  0.00000E+00  0.00000E+00  0.00000E+00
        2.1317 -0.00000E+00 -0.66195E+01  0.50000E+01 -0.19957E+01  0.00000E+00  0.00000E+00  0.35923E-13  0.00000E+00  0.66596E+00  0.00000E+00  0.00000E+00  0.00000E+00     141  0.00000E+00  0.00000E+00  0.00000E+00
        2.1482 -0.00000E+00 -0.66894E+01  0.50000E+01 -0.21059E+01  0.00000E+00  0.00000E+00  0.27432E-13  0.00000E+00  0.67193E+00  0.00000E+00  0.00000E+00  0.00000E+00     142  0.00000E+00  0.00000E+00  0.00000E+00
        2.1646 -0.00000E+00 -0.67387E+01  0.50000E+01 -0.22168E+01  0.00000E+00  0.00000E+00  0.20944E-13  0.00000E+00  0.67581E+00  0.00000E+00  0.00000E+00  0.00000E+00     143  0.00000E+00  0.00000E+00  0.00000E+00
        2.1811 -0.00000E+00 -0.67670E+01  0.50000E+01 -0.23282E+01  0.00000E+00  0.00000E+00  0.15996E-13  0.00000E+00  0.67760E+00  0.00000E+00  0.00000E+00  0.00000E+00     144  0.00000E+00  0.00000E+00  0.00000E+00
        2.1976 -0.00000E+00 -0.67744E+01  0.50000E+01 -0.24397E+01  0.00000E+00  0.00000E+00  0.12216E-13  0.00000E+00  0.67728E+00  0.00000E+00  0.00000E+00  0.00000E+00     145  0.00000E+00  0.00000E+00  0.00000E+00
        2.2140 -0.00000E+00 -0.67609E+01  0.50000E+01 -0.25511E+01  0.00000E+00  0.00000E+00  0.93312E-14  0.00000E+00  0.67489E+00  0.00000E+00  0.00000E+00  0.00000E+00     146  0.00000E+00  0.00000E+00  0.00000E+00
        2.2305 -0.00000E+00 -0.67267E+01  0.50000E+01 -0.26618E+01  0.00000E+00  0.00000E+00  0.71281E-14  0.00000E+00  0.67046E+00  0.00000E+00  0.00000E+00  0.00000E+00     147  0.00000E+00  0.00000E+00  0.00000E+00
        2.2470 -0.00000E+00 -0.66725E+01  0.50000E+01 -0.27717E+01  0.00000E+00  0.00000E+00  0.54459E-14  0.00000E+00  0.66404E+00  0.00000E+00  0.00000E+00  0.00000E+00     148  0.00000E+00  0.00000E+00  0.00000E+00
        2.2634 -0.00000E+00 -0.65988E+01  0.50000E+01 -0.28803E+01  0.00000E+00  0.00000E+00  0.41610E-14  0.00000E+00  0.65572E+00  0.00000E+00  0.00000E+00  0.00000E+00     149  0.00000E+00  0.00000E+00  0.00000E+00
        2.2799 -0.00000E+00 -0.65064E+01  0.50000E+01 -0.29874E+01  0.00000E+00  0.00000E+00  0.31797E-14  0.00000E+00  0.64557E+00  0.00000E+00  0.00000E+00  0.00000E+00     150  0.00000E+00  0.00000E+00  0.00000E+00
        2.2963 -0.00000E+00 -0.63964E+01  0.50000E+01 -0.30927E+01  0.00000E+00  0.00000E+00  0.24301E-14  0.00000E+00  0.63370E+00  0.00000E+00  0.00000E+00  0.00000E+00     151  0.00000E+00  0.00000E+00  0.00000E+00
        2.3128 -0.00000E+00 -0.62697E+01  0.50000E+01 -0.31960E+01  0.00000E+00  0.00000E+00  0.18574E-14  0.00000E+00  0.62024E+00  0.00000E+00  0.00000E+00  0.00000E+00     152  0.00000E+00  0.00000E+00  0.00000E+00
        2.3293 -0.00000E+00 -0.61276E+01  0.50000E+01 -0.32968E+01  0.00000E+00  0.00000E+00  0.14198E-14  0.00000E+00  0.60530E+00  0.00000E+00  0.00000E+00  0.00000E+00     153  0.00000E+00  0.00000E+00  0.00000E+00
        2.3457 -0.00000E+00 -0.59716E+01  0.50000E+01 -0.33952E+01  0.00000E+00  0.00000E+00  0.10854E-14  0.00000E+00  0.58902E+00  0.00000E+00  0.00000E+00  0.00000E+00     154  0.00000E+00  0.00000E+00  0.00000E+00
        2.3622 -0.00000E+00 -0.58028E+01  0.50000E+01 -0.34907E+01  0.00000E+00  0.00000E+00  0.82983E-15  0.00000E+00  0.57154E+00  0.00000E+00  0.00000E+00  0.00000E+00     155  0.00000E+00  0.00000E+00  0.00000E+00
        2.3787 -0.00000E+00 -0.56228E+01  0.50000E+01 -0.35833E+01  0.00000E+00  0.00000E+00  0.63451E-15  0.00000E+00  0.55302E+00  0.00000E+00  0.00000E+00  0.00000E+00     156  0.00000E+00  0.00000E+00  0.00000E+00
        2.3951 -0.00000E+00 -0.54331E+01  0.50000E+01 -0.36727E+01  0.00000E+00  0.00000E+00  0.48522E-15  0.00000E+00  0.53361E+00  0.00000E+00  0.00000E+00  0.00000E+00     157  0.00000E+00  0.00000E+00  0.00000E+00
        2.4116 -0.00000E+00 -0.52353E+01  0.50000E+01 -0.37589E+01  0.00000E+00  0.00000E+00  0.37109E-15  0.00000E+00  0.51345E+00  0.00000E+00  0.00000E+00  0.00000E+00     158  0.00000E+00  0.00000E+00  0.00000E+00
        2.4281 -0.00000E+00 -0.50307E+01  0.50000E+01 -0.38417E+01  0.00000E+00  0.00000E+00  0.28383E-15  0.00000E+00  0.49270E+00  0.00000E+00  0.00000E+00  0.00000E+00     159  0.00000E+00  0.00000E+00  0.00000E+00
        2.4445 -0.00000E+00 -0.48210E+01  0.50000E+01 -0.39211E+01  0.00000E+00  0.00000E+00  0.21711E-15  0.00000E+00  0.47150E+00  0.00000E+00  0.00000E+00  0.00000E+00     160  0.00000E+00  0.00000E+00  0.00000E+00
        2.4610 -0.00000E+00 -0.46075E+01  0.50000E+01 -0.39970E+01  0.00000E+00  0.00000E+00  0.16609E-15  0.00000E+00  0.45001E+00  0.00000E+00  0.00000E+00  0.00000E+00     161  0.00000E+00  0.00000E+00  0.00000E+00
        2.4774 -0.00000E+00 -0.43918E+01  0.50000E+01 -0.40693E+01  0.00000E+00  0.00000E+00  0.12707E-15  0.00000E+00  0.42835E+00  0.00000E+00  0.00000E+00  0.00000E+00     162  0.00000E+00  0.00000E+00  0.00000E+00
        2.4887 -0.00000E+00 -0.42093E+01  0.50000E+01 -0.41167E+01  0.00000E+00  0.00000E+00  0.10408E-15  0.00000E+00  0.41350E+00  0.00000E+00  0.00000E+00  0.00000E+00     163  0.00000E+00  0.00000E+00  0.00000E+00
        2.5000 -0.00000E+00 -0.40609E+01  0.50000E+01 -0.41625E+01  0.00000E+00  0.00000E+00  0.86207E-16  0.00000E+00  0.39867E+00  0.00000E+00  0.00000E+00  0.00000E+00     164  0.00000E+00  0.00000E+00  0.00000E+00
        2.5165 -0.00000E+00 -0.38792E+01  0.50000E+01 -0.42264E+01  0.00000E+00  0.00000E+00  0.66858E-16  0.00000E+00  0.37716E+00  0.00000E+00  0.00000E+00  0.00000E+00     165  0.00000E+00  0.00000E+00  0.00000E+00
        2.5329 -0.00000E+00 -0.36652E+01  0.50000E+01 -0.42867E+01  0.00000E+00  0.00000E+00  0.51025E-16  0.00000E+00  0.35589E+00  0.00000E+00  0.00000E+00  0.00000E+00     166  0.00000E+00  0.00000E+00  0.00000E+00
        2.5494 -0.00000E+00 -0.34543E+01  0.50000E+01 -0.43436E+01  0.00000E+00  0.00000E+00  0.39188E-16  0.00000E+00  0.33498E+00  0.00000E+00  0.00000E+00  0.00000E+00     167  0.00000E+00  0.00000E+00  0.00000E+00
        2.5659 -0.00000E+00 -0.32474E+01  0.50000E+01 -0.43971E+01  0.00000E+00  0.00000E+00  0.29969E-16  0.00000E+00  0.31451E+00  0.00000E+00  0.00000E+00  0.00000E+00     168  0.00000E+00  0.00000E+00  0.00000E+00
        2.5823 -0.00000E+00 -0.30453E+01  0.50000E+01 -0.44472E+01  0.00000E+00  0.00000E+00  0.22973E-16  0.00000E+00  0.29456E+00  0.00000E+00  0.00000E+00  0.00000E+00     169  0.00000E+00  0.00000E+00  0.00000E+00
        2.5988 -0.00000E+00 -0.28489E+01  0.50000E+01 -0.44941E+01  0.00000E+00  0.00000E+00  0.17583E-16  0.00000E+00  0.27521E+00  0.00000E+00  0.00000E+00  0.00000E+00     170  0.00000E+00  0.00000E+00  0.00000E+00
        2.6152 -0.00000E+00 -0.26586E+01  0.50000E+01 -0.45379E+01  0.00000E+00  0.00000E+00  0.13471E-16  0.00000E+00  0.25652E+00  0.00000E+00  0.00000E+00  0.00000E+00     171  0.00000E+00  0.00000E+00  0.00000E+00
        2.6317 -0.00000E+00 -0.24752E+01  0.50000E+01 -0.45786E+01  0.00000E+00  0.00000E+00  0.10314E-16  0.00000E+00  0.23853E+00  0.00000E+00  0.00000E+00  0.00000E+00     172  0.00000E+00  0.00000E+00  0.00000E+00
        2.6482 -0.00000E+00 -0.22990E+01  0.50000E+01 -0.46165E+01  0.00000E+00  0.00000E+00  0.79008E-17  0.00000E+00  0.22128E+00  0.00000E+00  0.00000E+00  0.00000E+00     173  0.00000E+00  0.00000E+00  0.00000E+00
        2.6646 -0.00000E+00 -0.21305E+01  0.50000E+01 -0.46515E+01  0.00000E+00  0.00000E+00  0.60509E-17  0.00000E+00  0.20481E+00  0.00000E+00  0.00000E+00  0.00000E+00     174  0.00000E+00  0.00000E+00  0.00000E+00
        2.6811 -0.00000E+00 -0.19698E+01  0.50000E+01 -0.46840E+01  0.00000E+00  0.00000E+00  0.46351E-17  0.00000E+00  0.18914E+00  0.00000E+00  0.00000E+00  0.00000E+00     175  0.00000E+00  0.00000E+00  0.00000E+00
        2.6976 -0.00000E+00 -0.18171E+01  0.50000E+01 -0.47139E+01  0.00000E+00  0.00000E+00  0.35504E-17  0.00000E+00  0.17427E+00  0.00000E+00  0.00000E+00  0.00000E+00     176  0.00000E+00  0.00000E+00  0.00000E+00
        2.7140 -0.00000E+00 -0.16725E+01  0.50000E+01 -0.47414E+01  0.00000E+00  0.00000E+00  0.27200E-17  0.00000E+00  0.16022E+00  0.00000E+00  0.00000E+00  0.00000E+00     177  0.00000E+00  0.00000E+00  0.00000E+00
        2.7305 -0.00000E+00 -0.15360E+01  0.50000E+01 -0.47667E+01  0.00000E+00  0.00000E+00  0.20838E-17  0.00000E+00  0.14698E+00  0.00000E+00  0.00000E+00  0.00000E+00     178  0.00000E+00  0.00000E+00  0.00000E+00
        2.7470 -0.00000E+00 -0.14077E+01  0.50000E+01 -0.47899E+01  0.00000E+00  0.00000E+00  0.15965E-17  0.00000E+00  0.13455E+00  0.00000E+00  0.00000E+00  0.00000E+00     179  0.00000E+00  0.00000E+00  0.00000E+00
        2.7634 -0.00000E+00 -0.12873E+01  0.50000E+01 -0.48111E+01  0.00000E+00  0.00000E+00  0.12233E-17  0.00000E+00  0.12291E+00  0.00000E+00  0.00000E+00  0.00000E+00     180  0.00000E+00  0.00000E+00  0.00000E+00
        2.7799 -0.00000E+00 -0.11748E+01  0.50000E+01 -0.48304E+01  0.00000E+00  0.00000E+00  0.93734E-18  0.00000E+00  0.11204E+00  0.00000E+00  0.00000E+00  0.00000E+00     181  0.00000E+00  0.00000E+00  0.00000E+00
        2.7963 -0.00000E+00 -0.10698E+01  0.50000E+01 -0.48480E+01  0.00000E+00  0.00000E+00  0.71829E-18  0.00000E+00  0.10193E+00  0.00000E+00  0.00000E+00  0.00000E+00     182  0.00000E+00  0.00000E+00  0.00000E+00
        2.8128 -0.00000E+00 -0.97231E+00  0.50000E+01 -0.48640E+01  0.00000E+00  0.00000E+00  0.55047E-18  0.00000E+00  0.92537E-01  0.00000E+00  0.00000E+00  0.00000E+00     183  0.00000E+00  0.00000E+00  0.00000E+00
        2.8293 -0.00000E+00 -0.88191E+00  0.50000E+01 -0.48786E+01  0.00000E+00  0.00000E+00  0.42188E-18  0.00000E+00  0.83845E-01  0.00000E+00  0.00000E+00  0.00000E+00     184  0.00000E+00  0.00000E+00  0.00000E+00
        2.8457 -0.00000E+00 -0.79833E+00  0.50000E+01 -0.48917E+01  0.00000E+00  0.00000E+00  0.32335E-18  0.00000E+00  0.75821E-01  0.00000E+00  0.00000E+00  0.00000E+00     185  0.00000E+00  0.00000E+00  0.00000E+00
        2.8622 -0.00000E+00 -0.72127E+00  0.50000E+01 -0.49036E+01  0.00000E+00  0.00000E+00  0.24785E-18  0.00000E+00  0.68432E-01  0.00000E+00  0.00000E+00  0.00000E+00     186  0.00000E+00  0.00000E+00  0.00000E+00
        2.8787 -0.00000E+00 -0.65039E+00  0.50000E+01 -0.49143E+01  0.00000E+00  0.00000E+00  0.18999E-18  0.00000E+00  0.61646E-01  0.00000E+00  0.00000E+00  0.00000E+00     187  0.00000E+00  0.00000E+00  0.00000E+00
        2.8951 -0.00000E+00 -0.58538E+00  0.50000E+01 -0.49239E+01  0.00000E+00  0.00000E+00  0.14564E-18  0.00000E+00  0.55429E-01  0.00000E+00  0.00000E+00  0.00000E+00     188  0.00000E+00  0.00000E+00  0.00000E+00
        2.9116 -0.00000E+00 -0.52588E+00  0.50000E+01 -0.49326E+01  0.00000E+00  0.00000E+00  0.11166E-18  0.00000E+00  0.49747E-01  0.00000E+00  0.00000E+00  0.00000E+00     189  0.00000E+00  0.00000E+00  0.00000E+00
        2.9281 -0.00000E+00 -0.47157E+00  0.50000E+01 -0.49404E+01  0.00000E+00  0.00000E+00  0.85606E-19  0.00000E+00  0.44567E-01  0.00000E+00  0.00000E+00  0.00000E+00     190  0.00000E+00  0.00000E+00  0.00000E+00
        2.9445 -0.00000E+00 -0.42211E+00  0.50000E+01 -0.49473E+01  0.00000E+00  0.00000E+00  0.65637E-19  0.00000E+00  0.39855E-01  0.00000E+00  0.00000E+00  0.00000E+00     191  0.00000E+00  0.00000E+00  0.00000E+00
        2.9610 -0.00000E+00 -0.37716E+00  0.50000E+01 -0.49535E+01  0.00000E+00  0.00000E+00  0.50329E-19  0.00000E+00  0.35578E-01  0.00000E+00  0.00000E+00  0.00000E+00     192  0.00000E+00  0.00000E+00  0.00000E+00
        2.9774 -0.00000E+00 -0.33642E+00  0.50000E+01 -0.49590E+01  0.00000E+00  0.00000E+00  0.38594E-19  0.00000E+00  0.31705E-01  0.00000E+00  0.00000E+00  0.00000E+00     193  0.00000E+00  0.00000E+00  0.00000E+00
        2.9887 -0.00000E+00 -0.30491E+00  0.50000E+01 -0.49625E+01  0.00000E+00  0.00000E+00  0.31665E-19  0.00000E+00  0.29276E-01  0.00000E+00  0.00000E+00  0.00000E+00     194  0.00000E+00  0.00000E+00  0.00000E+00
        3.0000 -0.00000E+00 -0.28143E+00  0.50000E+01 -0.49657E+01  0.00000E+00  0.00000E+00  0.26267E-19  0.00000E+00  0.27010E-01  0.00000E+00  0.00000E+00  0.00000E+00     195  0.00000E+00  0.00000E+00  0.00000E+00
        3.0165 -0.00000E+00 -0.25490E+00  0.50000E+01 -0.49699E+01  0.00000E+00  0.00000E+00  0.20414E-19  0.00000E+00  0.23970E-01  0.00000E+00  0.00000E+00  0.00000E+00     196  0.00000E+00  0.00000E+00  0.00000E+00
        3.0329 -0.00000E+00 -0.22604E+00  0.50000E+01 -0.49736E+01  0.00000E+00  0.00000E+00  0.15614E-19  0.00000E+00  0.21239E-01  0.00000E+00  0.00000E+00  0.00000E+00     197  0.00000E+00  0.00000E+00  0.00000E+00
        3.0494 -0.00000E+00 -0.20014E+00  0.50000E+01 -0.49769E+01  0.00000E+00  0.00000E+00  0.12017E-19  0.00000E+00  0.18789E-01  0.00000E+00  0.00000E+00  0.00000E+00     198  0.00000E+00  0.00000E+00  0.00000E+00
        3.0659 -0.00000E+00 -0.17692E+00  0.50000E+01 -0.49798E+01  0.00000E+00  0.00000E+00  0.92098E-20  0.00000E+00  0.16596E-01  0.00000E+00  0.00000E+00  0.00000E+00     199  0.00000E+00  0.00000E+00  0.00000E+00
        3.0823 -0.00000E+00 -0.15615E+00  0.50000E+01 -0.49824E+01  0.00000E+00  0.00000E+00  0.70745E-20  0.00000E+00  0.14635E-01  0.00000E+00  0.00000E+00  0.00000E+00     200  0.00000E+00  0.00000E+00  0.00000E+00
        3.0988 -0.00000E+00 -0.13761E+00  0.50000E+01 -0.49846E+01  0.00000E+00  0.00000E+00  0.54259E-20  0.00000E+00  0.12887E-01  0.00000E+00  0.00000E+00  0.00000E+00     201  0.00000E+00  0.00000E+00  0.00000E+00
        3.1152 -0.00000E+00 -0.12108E+00  0.50000E+01 -0.49866E+01  0.00000E+00  0.00000E+00  0.41654E-20  0.00000E+00  0.11330E-01  0.00000E+00  0.00000E+00  0.00000E+00     202  0.00000E+00  0.00000E+00  0.00000E+00
        3.1317 -0.00000E+00 -0.10638E+00  0.50000E+01 -0.49884E+01  0.00000E+00  0.00000E+00  0.31958E-20  0.00000E+00  0.99461E-02  0.00000E+00  0.00000E+00  0.00000E+00     203  0.00000E+00  0.00000E+00  0.00000E+00
        3.1482 -0.00000E+00 -0.93323E-01  0.50000E+01 -0.49899E+01  0.00000E+00  0.00000E+00  0.24529E-20  0.00000E+00  0.87186E-02  0.00000E+00  0.00000E+00  0.00000E+00     204  0.00000E+00  0.00000E+00  0.00000E+00
        3.1646 -0.00000E+00 -0.81749E-01  0.50000E+01 -0.49913E+01  0.00000E+00  0.00000E+00  0.18822E-20  0.00000E+00  0.76314E-02  0.00000E+00  0.00000E+00  0.00000E+00     205  0.00000E+00  0.00000E+00  0.00000E+00
        3.1811 -0.00000E+00 -0.71508E-01  0.50000E+01 -0.49924E+01  0.00000E+00  0.00000E+00  0.14446E-20  0.00000E+00  0.66703E-02  0.00000E+00  0.00000E+00  0.00000E+00     206  0.00000E+00  0.00000E+00  0.00000E+00
        3.1976 -0.00000E+00 -0.62462E-01  0.50000E+01 -0.49935E+01  0.00000E+00  0.00000E+00  0.11087E-20  0.00000E+00  0.58221E-02  0.00000E+00  0.00000E+00  0.00000E+00     207  0.00000E+00  0.00000E+00  0.00000E+00
        3.2140 -0.00000E+00 -0.54483E-01  0.50000E+01 -0.49944E+01  0.00000E+00  0.00000E+00  0.85093E-21  0.00000E+00  0.50746E-02  0.00000E+00  0.00000E+00  0.00000E+00     208  0.00000E+00  0.00000E+00  0.00000E+00
        3.2305 -0.00000E+00 -0.47459E-01  0.50000E+01 -0.49951E+01  0.00000E+00  0.00000E+00  0.65311E-21  0.00000E+00  0.44171E-02  0.00000E+00  0.00000E+00  0.00000E+00     209  0.00000E+00  0.00000E+00  0.00000E+00
        3.2470 -0.00000E+00 -0.41284E-01  0.50000E+01 -0.49958E+01  0.00000E+00  0.00000E+00  0.50131E-21  0.00000E+00  0.38396E-02  0.00000E+00  0.00000E+00  0.00000E+00     210  0.00000E+00  0.00000E+00  0.00000E+00
        3.2634 -0.00000E+00 -0.35864E-01  0.50000E+01 -0.49964E+01  0.00000E+00  0.00000E+00  0.38481E-21  0.00000E+00  0.33333E-02  0.00000E+00  0.00000E+00  0.00000E+00     211  0.00000E+00  0.00000E+00  0.00000E+00
        3.2799 -0.00000E+00 -0.31116E-01  0.50000E+01 -0.49969E+01  0.00000E+00  0.00000E+00  0.29539E-21  0.00000E+00  0.28899E-02  0.00000E+00  0.00000E+00  0.00000E+00     212  0.00000E+00  0.00000E+00  0.00000E+00
        3.2963 -0.00000E+00 -0.26961E-01  0.50000E+01 -0.49974E+01  0.00000E+00  0.00000E+00  0.22676E-21  0.00000E+00  0.25023E-02  0.00000E+00  0.00000E+00  0.00000E+00     213  0.00000E+00  0.00000E+00  0.00000E+00
        3.3128 -0.00000E+00 -0.23331E-01  0.50000E+01 -0.49977E+01  0.00000E+00  0.00000E+00  0.17408E-21  0.00000E+00  0.21639E-02  0.00000E+00  0.00000E+00  0.00000E+00     214  0.00000E+00  0.00000E+00  0.00000E+00
        3.3293 -0.00000E+00 -0.20164E-01  0.50000E+01 -0.49981E+01  0.00000E+00  0.00000E+00  0.13365E-21  0.00000E+00  0.18690E-02  0.00000E+00  0.00000E+00  0.00000E+00     215  0.00000E+00  0.00000E+00  0.00000E+00
        3.3457 -0.00000E+00 -0.17406E-01  0.50000E+01 -0.49984E+01  0.00000E+00  0.00000E+00  0.10261E-21  0.00000E+00  0.16123E-02  0.00000E+00  0.00000E+00  0.00000E+00     216  0.00000E+00  0.00000E+00  0.00000E+00
        3.3622 -0.00000E+00 -0.15007E-01  0.50000E+01 -0.49986E+01  0.00000E+00  0.00000E+00  0.78783E-22  0.00000E+00  0.13891E-02  0.00000E+00  0.00000E+00  0.00000E+00     217  0.00000E+00  0.00000E+00  0.00000E+00
        3.3787 -0.00000E+00 -0.12923E-01  0.50000E+01 -0.49988E+01  0.00000E+00  0.00000E+00  0.60491E-22  0.00000E+00  0.11955E-02  0.00000E+00  0.00000E+00  0.00000E+00     218  0.00000E+00  0.00000E+00  0.00000E+00
        3.3951 -0.00000E+00 -0.11115E-01  0.50000E+01 -0.49990E+01  0.00000E+00  0.00000E+00  0.46448E-22  0.00000E+00  0.10276E-02  0.00000E+00  0.00000E+00  0.00000E+00     219  0.00000E+00  0.00000E+00  0.00000E+00
        3.4116 -0.00000E+00 -0.95493E-02  0.50000E+01 -0.49992E+01  0.00000E+00  0.00000E+00  0.35667E-22  0.00000E+00  0.88228E-03  0.00000E+00  0.00000E+00  0.00000E+00     220  0.00000E+00  0.00000E+00  0.00000E+00
        3.4281 -0.00000E+00 -0.81946E-02  0.50000E+01 -0.49993E+01  0.00000E+00  0.00000E+00  0.27389E-22  0.00000E+00  0.75665E-03  0.00000E+00  0.00000E+00  0.00000E+00     221  0.00000E+00  0.00000E+00  0.00000E+00
        3.4445 -0.00000E+00 -0.70242E-02  0.50000E+01 -0.49994E+01  0.00000E+00  0.00000E+00  0.21034E-22  0.00000E+00  0.64818E-03  0.00000E+00  0.00000E+00  0.00000E+00     222  0.00000E+00  0.00000E+00  0.00000E+00
        3.4610 -0.00000E+00 -0.60142E-02  0.50000E+01 -0.49995E+01  0.00000E+00  0.00000E+00  0.16154E-22  0.00000E+00  0.55466E-03  0.00000E+00  0.00000E+00  0.00000E+00     223  0.00000E+00  0.00000E+00  0.00000E+00
        3.4775 -0.00000E+00 -0.51438E-02  0.50000E+01 -0.49996E+01  0.00000E+00  0.00000E+00  0.12406E-22  0.00000E+00  0.47411E-03  0.00000E+00  0.00000E+00  0.00000E+00     224  0.00000E+00  0.00000E+00  0.00000E+00
        3.4887 -0.00000E+00 -0.44992E-02  0.50000E+01 -0.49996E+01  0.00000E+00  0.00000E+00  0.10190E-22  0.00000E+00  0.42574E-03  0.00000E+00  0.00000E+00  0.00000E+00     225  0.00000E+00  0.00000E+00  0.00000E+00
        3.5000 -0.00000E+00 -0.40389E-02  0.50000E+01 -0.49997E+01  0.00000E+00  0.00000E+00  0.84619E-23  0.00000E+00  0.38205E-03  0.00000E+00  0.00000E+00  0.00000E+00     226  0.00000E+00  0.00000E+00  0.00000E+00
        3.5165 -0.00000E+00 -0.35384E-02  0.50000E+01 -0.49998E+01  0.00000E+00  0.00000E+00  0.65857E-23  0.00000E+00  0.32563E-03  0.00000E+00  0.00000E+00  0.00000E+00     227  0.00000E+00  0.00000E+00  0.00000E+00
        3.5329 -0.00000E+00 -0.30148E-02  0.50000E+01 -0.49998E+01  0.00000E+00  0.00000E+00  0.50449E-23  0.00000E+00  0.27732E-03  0.00000E+00  0.00000E+00  0.00000E+00     228  0.00000E+00  0.00000E+00  0.00000E+00
        3.5494 -0.00000E+00 -0.25663E-02  0.50000E+01 -0.49998E+01  0.00000E+00  0.00000E+00  0.38883E-23  0.00000E+00  0.23595E-03  0.00000E+00  0.00000E+00  0.00000E+00     229  0.00000E+00  0.00000E+00  0.00000E+00
        3.5659 -0.00000E+00 -0.21825E-02  0.50000E+01 -0.49999E+01  0.00000E+00  0.00000E+00  0.29843E-23  0.00000E+00  0.20055E-03  0.00000E+00  0.00000E+00  0.00000E+00     230  0.00000E+00  0.00000E+00  0.00000E+00
        3.5823 -0.00000E+00 -0.18542E-02  0.50000E+01 -0.49999E+01  0.00000E+00  0.00000E+00  0.22957E-23  0.00000E+00  0.17030E-03  0.00000E+00  0.00000E+00  0.00000E+00     231  0.00000E+00  0.00000E+00  0.00000E+00
        3.5988 -0.00000E+00 -0.15739E-02  0.50000E+01 -0.49999E+01  0.00000E+00  0.00000E+00  0.17632E-23  0.00000E+00  0.14447E-03  0.00000E+00  0.00000E+00  0.00000E+00     232  0.00000E+00  0.00000E+00  0.00000E+00
        3.6152 -0.00000E+00 -0.13346E-02  0.50000E+01 -0.50000E+01  0.00000E+00  0.00000E+00  0.13555E-23  0.00000E+00  0.12244E-03  0.00000E+00  0.00000E+00  0.00000E+00     233  0.00000E+00  0.00000E+00  0.00000E+00
        3.6317 -0.00000E+00 -0.11306E-02  0.50000E+01 -0.50000E+01  0.00000E+00  0.00000E+00  0.10414E-23  0.00000E+00  0.10368E-03  0.00000E+00  0.00000E+00  0.00000E+00     234  0.00000E+00  0.00000E+00  0.00000E+00
        3.6482 -0.00000E+00 -0.95692E-03  0.50000E+01 -0.50000E+01  0.00000E+00  0.00000E+00  0.80040E-24  0.00000E+00  0.87707E-04  0.00000E+00  0.00000E+00  0.00000E+00     235  0.00000E+00  0.00000E+00  0.00000E+00
        3.6646 -0.00000E+00 -0.80917E-03  0.50000E+01 -0.50000E+01  0.00000E+00  0.00000E+00  0.61503E-24  0.00000E+00  0.74127E-04  0.00000E+00  0.00000E+00  0.00000E+00     236  0.00000E+00  0.00000E+00  0.00000E+00
        3.6811 -0.00000E+00 -0.68361E-03  0.50000E+01 -0.50000E+01  0.00000E+00  0.00000E+00  0.47267E-24  0.00000E+00  0.62594E-04  0.00000E+00  0.00000E+00  0.00000E+00     237  0.00000E+00  0.00000E+00  0.00000E+00
        3.6976 -0.00000E+00 -0.57701E-03  0.50000E+01 -0.50000E+01  0.00000E+00  0.00000E+00  0.36324E-24  0.00000E+00  0.52808E-04  0.00000E+00  0.00000E+00  0.00000E+00     238  0.00000E+00  0.00000E+00  0.00000E+00
        3.7140 -0.00000E+00 -0.48660E-03  0.50000E+01 -0.50000E+01  0.00000E+00  0.00000E+00  0.27916E-24  0.00000E+00  0.44513E-04  0.00000E+00  0.00000E+00  0.00000E+00     239  0.00000E+00  0.00000E+00  0.00000E+00
        3.7305 -0.00000E+00 -0.41001E-03  0.50000E+01 -0.50000E+01  0.00000E+00  0.00000E+00  0.21454E-24  0.00000E+00  0.37488E-04  0.00000E+00  0.00000E+00  0.00000E+00     240  0.00000E+00  0.00000E+00  0.00000E+00
        3.7470 -0.00000E+00 -0.34517E-03  0.50000E+01 -0.50000E+01  0.00000E+00  0.00000E+00  0.16489E-24  0.00000E+00  0.31545E-04  0.00000E+00  0.00000E+00  0.00000E+00     241  0.00000E+00  0.00000E+00  0.00000E+00
        3.7634 -0.00000E+00 -0.29033E-03  0.50000E+01 -0.50001E+01  0.00000E+00  0.00000E+00  0.12673E-24  0.00000E+00  0.26522E-04  0.00000E+00  0.00000E+00  0.00000E+00     242  0.00000E+00  0.00000E+00  0.00000E+00
        3.7799 -0.00000E+00 -0.24401E-03  0.50000E+01 -0.50001E+01  0.00000E+00  0.00000E+00  0.97406E-25  0.00000E+00  0.22280E-04  0.00000E+00  0.00000E+00  0.00000E+00     243  0.00000E+00  0.00000E+00  0.00000E+00
        3.7963 -0.00000E+00 -0.20491E-03  0.50000E+01 -0.50001E+01  0.00000E+00  0.00000E+00  0.74868E-25  0.00000E+00  0.18701E-04  0.00000E+00  0.00000E+00  0.00000E+00     244  0.00000E+00  0.00000E+00  0.00000E+00
        3.8128 -0.00000E+00 -0.17193E-03  0.50000E+01 -0.50001E+01  0.00000E+00  0.00000E+00  0.57547E-25  0.00000E+00  0.15685E-04  0.00000E+00  0.00000E+00  0.00000E+00     245  0.00000E+00  0.00000E+00  0.00000E+00
        3.8293 -0.00000E+00 -0.14414E-03  0.50000E+01 -0.50001E+01  0.00000E+00  0.00000E+00  0.44235E-25  0.00000E+00  0.13144E-04  0.00000E+00  0.00000E+00  0.00000E+00     246  0.00000E+00  0.00000E+00  0.00000E+00
        3.8457 -0.00000E+00 -0.12075E-03  0.50000E+01 -0.50001E+01  0.00000E+00  0.00000E+00  0.34003E-25  0.00000E+00  0.11006E-04  0.00000E+00  0.00000E+00  0.00000E+00     247  0.00000E+00  0.00000E+00  0.00000E+00
        3.8622 -0.00000E+00 -0.10108E-03  0.50000E+01 -0.50001E+01  0.00000E+00  0.00000E+00  0.26138E-25  0.00000E+00  0.92094E-05  0.00000E+00  0.00000E+00  0.00000E+00     248  0.00000E+00  0.00000E+00  0.00000E+00
        3.8787 -0.00000E+00 -0.84546E-04  0.50000E+01 -0.50001E+01  0.00000E+00  0.00000E+00  0.20094E-25  0.00000E+00  0.76998E-05  0.00000E+00  0.00000E+00  0.00000E+00     249  0.00000E+00  0.00000E+00  0.00000E+00
        3.8951 -0.00000E+00 -0.70663E-04  0.50000E+01 -0.50001E+01  0.00000E+00  0.00000E+00  0.15447E-25  0.00000E+00  0.64327E-05  0.00000E+00  0.00000E+00  0.00000E+00     250  0.00000E+00  0.00000E+00  0.00000E+00
        3.9116 -0.00000E+00 -0.59015E-04  0.50000E+01 -0.50001E+01  0.00000E+00  0.00000E+00  0.11875E-25  0.00000E+00  0.53702E-05  0.00000E+00  0.00000E+00  0.00000E+00     251  0.00000E+00  0.00000E+00  0.00000E+00
        3.9281 -0.00000E+00 -0.49251E-04  0.50000E+01 -0.50001E+01  0.00000E+00  0.00000E+00  0.91298E-26  0.00000E+00  0.44799E-05  0.00000E+00  0.00000E+00  0.00000E+00     252  0.00000E+00  0.00000E+00  0.00000E+00
        3.9445 -0.00000E+00 -0.41072E-04  0.50000E+01 -0.50001E+01  0.00000E+00  0.00000E+00  0.70192E-26  0.00000E+00  0.37345E-05  0.00000E+00  0.00000E+00  0.00000E+00     253  0.00000E+00  0.00000E+00  0.00000E+00
        3.9610 -0.00000E+00 -0.34227E-04  0.50000E+01 -0.50001E+01  0.00000E+00  0.00000E+00  0.53967E-26  0.00000E+00  0.31109E-05  0.00000E+00  0.00000E+00  0.00000E+00     254  0.00000E+00  0.00000E+00  0.00000E+00
        3.9774 -0.00000E+00 -0.28503E-04  0.50000E+01 -0.50001E+01  0.00000E+00  0.00000E+00  0.41494E-26  0.00000E+00  0.25896E-05  0.00000E+00  0.00000E+00  0.00000E+00     255  0.00000E+00  0.00000E+00  0.00000E+00
        3.9887 -0.00000E+00 -0.24371E-04  0.50000E+01 -0.50001E+01  0.00000E+00  0.00000E+00  0.34110E-26  0.00000E+00  0.22845E-05  0.00000E+00  0.00000E+00  0.00000E+00     256  0.00000E+00  0.00000E+00  0.00000E+00
        4.0000 -0.00000E+00 -0.21494E-04  0.50000E+01 -0.50001E+01  0.00000E+00  0.00000E+00  0.28345E-26  0.00000E+00  0.20143E-05  0.00000E+00  0.00000E+00  0.00000E+00     257  0.00000E+00  0.00000E+00  0.00000E+00
        4.0165 -0.00000E+00 -0.18437E-04  0.50000E+01 -0.50001E+01  0.00000E+00  0.00000E+00  0.22083E-26  0.00000E+00  0.16731E-05  0.00000E+00  0.00000E+00  0.00000E+00     258  0.00000E+00  0.00000E+00  0.00000E+00
        4.0329 -0.00000E+00 -0.15312E-04  0.50000E+01 -0.50001E+01  0.00000E+00  0.00000E+00  0.16935E-26  0.00000E+00  0.13893E-05  0.00000E+00  0.00000E+00  0.00000E+00     259  0.00000E+00  0.00000E+00  0.00000E+00
        4.0494 -0.00000E+00 -0.12711E-04  0.50000E+01 -0.50001E+01  0.00000E+00  0.00000E+00  0.13066E-26  0.00000E+00  0.11529E-05  0.00000E+00  0.00000E+00  0.00000E+00     260  0.00000E+00  0.00000E+00  0.00000E+00
        4.0659 -0.00000E+00 -0.10545E-04  0.50000E+01 -0.50001E+01  0.00000E+00  0.00000E+00  0.10039E-26  0.00000E+00  0.95610E-06  0.00000E+00  0.00000E+00  0.00000E+00     261  0.00000E+00  0.00000E+00  0.00000E+00
        4.0823 -0.00000E+00 -0.87428E-05  0.50000E+01 -0.50001E+01  0.00000E+00  0.00000E+00  0.77306E-27  0.00000E+00  0.79243E-06  0.00000E+00  0.00000E+00  0.00000E+00     262  0.00000E+00  0.00000E+00  0.00000E+00
        4.0988 -0.00000E+00 -0.72440E-05  0.50000E+01 -0.50001E+01  0.00000E+00  0.00000E+00  0.59437E-27  0.00000E+00  0.65637E-06  0.00000E+00  0.00000E+00  0.00000E+00     263  0.00000E+00  0.00000E+00  0.00000E+00
        4.1152 -0.00000E+00 -0.59985E-05  0.50000E+01 -0.50001E+01  0.00000E+00  0.00000E+00  0.45739E-27  0.00000E+00  0.54333E-06  0.00000E+00  0.00000E+00  0.00000E+00     264  0.00000E+00  0.00000E+00  0.00000E+00
        4.1317 -0.00000E+00 -0.49641E-05  0.50000E+01 -0.50001E+01  0.00000E+00  0.00000E+00  0.35177E-27  0.00000E+00  0.44948E-06  0.00000E+00  0.00000E+00  0.00000E+00     265  0.00000E+00  0.00000E+00  0.00000E+00
        4.1482 -0.00000E+00 -0.41056E-05  0.50000E+01 -0.50001E+01  0.00000E+00  0.00000E+00  0.27064E-27  0.00000E+00  0.37162E-06  0.00000E+00  0.00000E+00  0.00000E+00     266  0.00000E+00  0.00000E+00  0.00000E+00
        4.1646 -0.00000E+00 -0.33935E-05  0.50000E+01 -0.50001E+01  0.00000E+00  0.00000E+00  0.20816E-27  0.00000E+00  0.30706E-06  0.00000E+00  0.00000E+00  0.00000E+00     267  0.00000E+00  0.00000E+00  0.00000E+00
        4.1811 -0.00000E+00 -0.28032E-05  0.50000E+01 -0.50001E+01  0.00000E+00  0.00000E+00  0.16014E-27  0.00000E+00  0.25357E-06  0.00000E+00  0.00000E+00  0.00000E+00     268  0.00000E+00  0.00000E+00  0.00000E+00
        4.1976 -0.00000E+00 -0.23142E-05  0.50000E+01 -0.50001E+01  0.00000E+00  0.00000E+00  0.12318E-27  0.00000E+00  0.20927E-06  0.00000E+00  0.00000E+00  0.00000E+00     269  0.00000E+00  0.00000E+00  0.00000E+00
        4.2140 -0.00000E+00 -0.19094E-05  0.50000E+01 -0.50001E+01  0.00000E+00  0.00000E+00  0.94764E-28  0.00000E+00  0.17261E-06  0.00000E+00  0.00000E+00  0.00000E+00     270  0.00000E+00  0.00000E+00  0.00000E+00
        4.2305 -0.00000E+00 -0.15745E-05  0.50000E+01 -0.50001E+01  0.00000E+00  0.00000E+00  0.72899E-28  0.00000E+00  0.14229E-06  0.00000E+00  0.00000E+00  0.00000E+00     271  0.00000E+00  0.00000E+00  0.00000E+00
        4.2470 -0.00000E+00 -0.12976E-05  0.50000E+01 -0.50001E+01  0.00000E+00  0.00000E+00  0.56081E-28  0.00000E+00  0.11723E-06  0.00000E+00  0.00000E+00  0.00000E+00     272  0.00000E+00  0.00000E+00  0.00000E+00
        4.2634 -0.00000E+00 -0.10688E-05  0.50000E+01 -0.50001E+01  0.00000E+00  0.00000E+00  0.43143E-28  0.00000E+00  0.96530E-07  0.00000E+00  0.00000E+00  0.00000E+00     273  0.00000E+00  0.00000E+00  0.00000E+00
        4.2799 -0.00000E+00 -0.87985E-06  0.50000E+01 -0.50001E+01  0.00000E+00  0.00000E+00  0.33191E-28  0.00000E+00  0.79440E-07  0.00000E+00  0.00000E+00  0.00000E+00     274  0.00000E+00  0.00000E+00  0.00000E+00
        4.2963 -0.00000E+00 -0.72391E-06  0.50000E+01 -0.50001E+01  0.00000E+00  0.00000E+00  0.25535E-28  0.00000E+00  0.65341E-07  0.00000E+00  0.00000E+00  0.00000E+00     275  0.00000E+00  0.00000E+00  0.00000E+00
        4.3128 -0.00000E+00 -0.59528E-06  0.50000E+01 -0.50001E+01  0.00000E+00  0.00000E+00  0.19645E-28  0.00000E+00  0.53715E-07  0.00000E+00  0.00000E+00  0.00000E+00     276  0.00000E+00  0.00000E+00  0.00000E+00
        4.3293 -0.00000E+00 -0.48924E-06  0.50000E+01 -0.50001E+01  0.00000E+00  0.00000E+00  0.15115E-28  0.00000E+00  0.44134E-07  0.00000E+00  0.00000E+00  0.00000E+00     277  0.00000E+00  0.00000E+00  0.00000E+00
        4.3457 -0.00000E+00 -0.40188E-06  0.50000E+01 -0.50001E+01  0.00000E+00  0.00000E+00  0.11629E-28  0.00000E+00  0.36242E-07  0.00000E+00  0.00000E+00  0.00000E+00     278  0.00000E+00  0.00000E+00  0.00000E+00
        4.3622 -0.00000E+00 -0.32994E-06  0.50000E+01 -0.50001E+01  0.00000E+00  0.00000E+00  0.89473E-29  0.00000E+00  0.29747E-07  0.00000E+00  0.00000E+00  0.00000E+00     279  0.00000E+00  0.00000E+00  0.00000E+00
        4.3787 -0.00000E+00 -0.27075E-06  0.50000E+01 -0.50001E+01  0.00000E+00  0.00000E+00  0.68842E-29  0.00000E+00  0.24403E-07  0.00000E+00  0.00000E+00  0.00000E+00     280  0.00000E+00  0.00000E+00  0.00000E+00
        4.3951 -0.00000E+00 -0.22206E-06  0.50000E+01 -0.50001E+01  0.00000E+00  0.00000E+00  0.52969E-29  0.00000E+00  0.20009E-07  0.00000E+00  0.00000E+00  0.00000E+00     281  0.00000E+00  0.00000E+00  0.00000E+00
        4.4116 -0.00000E+00 -0.18203E-06  0.50000E+01 -0.50001E+01  0.00000E+00  0.00000E+00  0.40757E-29  0.00000E+00  0.16397E-07  0.00000E+00  0.00000E+00  0.00000E+00     282  0.00000E+00  0.00000E+00  0.00000E+00
        4.4281 -0.00000E+00 -0.14914E-06  0.50000E+01 -0.50001E+01  0.00000E+00  0.00000E+00  0.31361E-29  0.00000E+00  0.13431E-07  0.00000E+00  0.00000E+00  0.00000E+00     283  0.00000E+00  0.00000E+00  0.00000E+00
        4.4445 -0.00000E+00 -0.12214E-06  0.50000E+01 -0.50001E+01  0.00000E+00  0.00000E+00  0.24132E-29  0.00000E+00  0.10996E-07  0.00000E+00  0.00000E+00  0.00000E+00     284  0.00000E+00  0.00000E+00  0.00000E+00
        4.4610 -0.00000E+00 -0.99974E-07  0.50000E+01 -0.50001E+01  0.00000E+00  0.00000E+00  0.18570E-29  0.00000E+00  0.89986E-08  0.00000E+00  0.00000E+00  0.00000E+00     285  0.00000E+00  0.00000E+00  0.00000E+00
        4.4774 -0.00000E+00 -0.81793E-07  0.50000E+01 -0.50001E+01  0.00000E+00  0.00000E+00  0.14290E-29  0.00000E+00  0.73602E-08  0.00000E+00  0.00000E+00  0.00000E+00     286  0.00000E+00  0.00000E+00  0.00000E+00
        4.4887 -0.00000E+00 -0.68888E-07  0.50000E+01 -0.50001E+01  0.00000E+00  0.00000E+00  0.11754E-29  0.00000E+00  0.64174E-08  0.00000E+00  0.00000E+00  0.00000E+00     287  0.00000E+00  0.00000E+00  0.00000E+00
        4.5000 -0.00000E+00 -0.60049E-07  0.50000E+01 -0.50001E+01  0.00000E+00  0.00000E+00  0.00000E+00  0.00000E+00  0.55924E-08  0.00000E+00  0.00000E+00  0.00000E+00     288  0.00000E+00  0.00000E+00  0.00000E+00
        4.5165 -0.00000E+00 -0.50793E-07  0.50000E+01 -0.50001E+01  0.00000E+00  0.00000E+00  0.00000E+00  0.00000E+00  0.45662E-08  0.00000E+00  0.00000E+00  0.00000E+00     289  0.00000E+00  0.00000E+00  0.00000E+00
        4.5329 -0.00000E+00 -0.41471E-07  0.50000E+01 -0.50001E+01  0.00000E+00  0.00000E+00  0.00000E+00  0.00000E+00  0.37280E-08  0.00000E+00  0.00000E+00  0.00000E+00     290  0.00000E+00  0.00000E+00  0.00000E+00
        4.5494 -0.00000E+00 -0.33852E-07  0.50000E+01 -0.50001E+01  0.00000E+00  0.00000E+00  0.00000E+00  0.00000E+00  0.30425E-08  0.00000E+00  0.00000E+00  0.00000E+00     291  0.00000E+00  0.00000E+00  0.00000E+00
        4.5659 -0.00000E+00 -0.27623E-07  0.50000E+01 -0.50001E+01  0.00000E+00  0.00000E+00  0.00000E+00  0.00000E+00  0.24821E-08  0.00000E+00  0.00000E+00  0.00000E+00     292  0.00000E+00  0.00000E+00  0.00000E+00
        4.5823 -0.00000E+00 -0.22530E-07  0.50000E+01 -0.50001E+01  0.00000E+00  0.00000E+00  0.00000E+00  0.00000E+00  0.20240E-08  0.00000E+00  0.00000E+00  0.00000E+00     293  0.00000E+00  0.00000E+00  0.00000E+00
        4.5988 -0.00000E+00 -0.18369E-07  0.50000E+01 -0.50001E+01  0.00000E+00  0.00000E+00  0.00000E+00  0.00000E+00  0.16498E-08  0.00000E+00  0.00000E+00  0.00000E+00     294  0.00000E+00  0.00000E+00  0.00000E+00
        4.6152 -0.00000E+00 -0.14970E-07  0.50000E+01 -0.50001E+01  0.00000E+00  0.00000E+00  0.00000E+00  0.00000E+00  0.13443E-08  0.00000E+00  0.00000E+00  0.00000E+00     295  0.00000E+00  0.00000E+00  0.00000E+00
        4.6317 -0.00000E+00 -0.12195E-07  0.50000E+01 -0.50001E+01  0.00000E+00  0.00000E+00  0.00000E+00  0.00000E+00  0.10948E-08  0.00000E+00  0.00000E+00  0.00000E+00     296  0.00000E+00  0.00000E+00  0.00000E+00
        4.6482 -0.00000E+00 -0.99307E-08  0.50000E+01 -0.50001E+01  0.00000E+00  0.00000E+00  0.00000E+00  0.00000E+00  0.89131E-09  0.00000E+00  0.00000E+00  0.00000E+00     297  0.00000E+00  0.00000E+00  0.00000E+00
        4.6646 -0.00000E+00 -0.80831E-08  0.50000E+01 -0.50001E+01  0.00000E+00  0.00000E+00  0.00000E+00  0.00000E+00  0.72532E-09  0.00000E+00  0.00000E+00  0.00000E+00     298  0.00000E+00  0.00000E+00  0.00000E+00
        4.6811 -0.00000E+00 -0.65766E-08  0.50000E+01 -0.50001E+01  0.00000E+00  0.00000E+00  0.00000E+00  0.00000E+00  0.59001E-09  0.00000E+00  0.00000E+00  0.00000E+00     299  0.00000E+00  0.00000E+00  0.00000E+00
        4.6976 -0.00000E+00 -0.53488E-08  0.50000E+01 -0.50001E+01  0.00000E+00  0.00000E+00  0.00000E+00  0.00000E+00  0.47974E-09  0.00000E+00  0.00000E+00  0.00000E+00     300  0.00000E+00  0.00000E+00  0.00000E+00
        4.7140 -0.00000E+00 -0.43484E-08  0.50000E+01 -0.50001E+01  0.00000E+00  0.00000E+00  0.00000E+00  0.00000E+00  0.38993E-09  0.00000E+00  0.00000E+00  0.00000E+00     301  0.00000E+00  0.00000E+00  0.00000E+00
        4.7305 -0.00000E+00 -0.35337E-08  0.50000E+01 -0.50001E+01  0.00000E+00  0.00000E+00  0.00000E+00  0.00000E+00  0.31680E-09  0.00000E+00  0.00000E+00  0.00000E+00     302  0.00000E+00  0.00000E+00  0.00000E+00
        4.7470 -0.00000E+00 -0.28705E-08  0.50000E+01 -0.50001E+01  0.00000E+00  0.00000E+00  0.00000E+00  0.00000E+00  0.25729E-09  0.00000E+00  0.00000E+00  0.00000E+00     303  0.00000E+00  0.00000E+00  0.00000E+00
        4.7634 -0.00000E+00 -0.23308E-08  0.50000E+01 -0.50001E+01  0.00000E+00  0.00000E+00  0.00000E+00  0.00000E+00  0.20888E-09  0.00000E+00  0.00000E+00  0.00000E+00     304  0.00000E+00  0.00000E+00  0.00000E+00
        4.7799 -0.00000E+00 -0.18919E-08  0.50000E+01 -0.50001E+01  0.00000E+00  0.00000E+00  0.00000E+00  0.00000E+00  0.16951E-09  0.00000E+00  0.00000E+00  0.00000E+00     305  0.00000E+00  0.00000E+00  0.00000E+00
        4.7963 -0.00000E+00 -0.15351E-08  0.50000E+01 -0.50001E+01  0.00000E+00  0.00000E+00  0.00000E+00  0.00000E+00  0.13751E-09  0.00000E+00  0.00000E+00  0.00000E+00     306  0.00000E+00  0.00000E+00  0.00000E+00
        4.8128 -0.00000E+00 -0.12451E-08  0.50000E+01 -0.50001E+01  0.00000E+00  0.00000E+00  0.00000E+00  0.00000E+00  0.11151E-09  0.00000E+00  0.00000E+00  0.00000E+00     307  0.00000E+00  0.00000E+00  0.00000E+00
        4.8293 -0.00000E+00 -0.10095E-08  0.50000E+01 -0.50001E+01  0.00000E+00  0.00000E+00  0.00000E+00  0.00000E+00  0.90387E-10  0.00000E+00  0.00000E+00  0.00000E+00     308  0.00000E+00  0.00000E+00  0.00000E+00
        4.8457 -0.00000E+00 -0.81814E-09  0.50000E+01 -0.50001E+01  0.00000E+00  0.00000E+00  0.00000E+00  0.00000E+00  0.73241E-10  0.00000E+00  0.00000E+00  0.00000E+00     309  0.00000E+00  0.00000E+00  0.00000E+00
        4.8622 -0.00000E+00 -0.66284E-09  0.50000E+01 -0.50001E+01  0.00000E+00  0.00000E+00  0.00000E+00  0.00000E+00  0.59326E-10  0.00000E+00  0.00000E+00  0.00000E+00     310  0.00000E+00  0.00000E+00  0.00000E+00
        4.8787 -0.00000E+00 -0.53682E-09  0.50000E+01 -0.50001E+01  0.00000E+00  0.00000E+00  0.00000E+00  0.00000E+00  0.48038E-10  0.00000E+00  0.00000E+00  0.00000E+00     311  0.00000E+00  0.00000E+00  0.00000E+00
        4.8951 -0.00000E+00 -0.43460E-09  0.50000E+01 -0.50001E+01  0.00000E+00  0.00000E+00  0.00000E+00  0.00000E+00  0.38883E-10  0.00000E+00  0.00000E+00  0.00000E+00     312  0.00000E+00  0.00000E+00  0.00000E+00
        4.9116 -0.00000E+00 -0.35173E-09  0.50000E+01 -0.50001E+01  0.00000E+00  0.00000E+00  0.00000E+00  0.00000E+00  0.31462E-10  0.00000E+00  0.00000E+00  0.00000E+00     313  0.00000E+00  0.00000E+00  0.00000E+00
        4.9281 -0.00000E+00 -0.28455E-09  0.50000E+01 -0.50001E+01  0.00000E+00  0.00000E+00  0.00000E+00  0.00000E+00  0.25449E-10  0.00000E+00  0.00000E+00  0.00000E+00     314  0.00000E+00  0.00000E+00  0.00000E+00
        4.9445 -0.00000E+00 -0.23013E-09  0.50000E+01 -0.50001E+01  0.00000E+00  0.00000E+00  0.00000E+00  0.00000E+00  0.20578E-10  0.00000E+00  0.00000E+00  0.00000E+00     315  0.00000E+00  0.00000E+00  0.00000E+00
        4.9610 -0.00000E+00 -0.18605E-09  0.50000E+01 -0.50001E+01  0.00000E+00  0.00000E+00  0.00000E+00  0.00000E+00  0.16633E-10  0.00000E+00  0.00000E+00  0.00000E+00     316  0.00000E+00  0.00000E+00  0.00000E+00
        4.9774 -0.00000E+00 -0.15037E-09  0.50000E+01 -0.50001E+01  0.00000E+00  0.00000E+00  0.00000E+00  0.00000E+00  0.13440E-10  0.00000E+00  0.00000E+00  0.00000E+00     317  0.00000E+00  0.00000E+00  0.00000E+00
        4.9887 -0.00000E+00 -0.12532E-09  0.50000E+01 -0.50001E+01  0.00000E+00  0.00000E+00  0.00000E+00  0.00000E+00  0.11624E-10  0.00000E+00  0.00000E+00  0.00000E+00     318  0.00000E+00  0.00000E+00  0.00000E+00
        5.0000 -0.00000E+00 -0.10836E-09  0.50000E+01 -0.50001E+01  0.00000E+00  0.00000E+00  0.00000E+00  0.00000E+00  0.10048E-10  0.00000E+00  0.00000E+00  0.00000E+00     319  0.00000E+00  0.00000E+00  0.00000E+00
        5.0165 -0.00000E+00 -0.90776E-10  0.50000E+01 -0.50001E+01  0.00000E+00  0.00000E+00  0.00000E+00  0.00000E+00  0.81070E-11  0.00000E+00  0.00000E+00  0.00000E+00     320  0.00000E+00  0.00000E+00  0.00000E+00
        5.0329 -0.00000E+00 -0.73243E-10  0.50000E+01 -0.50001E+01  0.00000E+00  0.00000E+00  0.00000E+00  0.00000E+00  0.65415E-11  0.00000E+00  0.00000E+00  0.00000E+00     321  0.00000E+00  0.00000E+00  0.00000E+00
        5.0494 -0.00000E+00 -0.59093E-10  0.50000E+01 -0.50001E+01  0.00000E+00  0.00000E+00  0.00000E+00  0.00000E+00  0.52771E-11  0.00000E+00  0.00000E+00  0.00000E+00     322  0.00000E+00  0.00000E+00  0.00000E+00
        5.0659 -0.00000E+00 -0.47666E-10  0.50000E+01 -0.50001E+01  0.00000E+00  0.00000E+00  0.00000E+00  0.00000E+00  0.42560E-11  0.00000E+00  0.00000E+00  0.00000E+00     323  0.00000E+00  0.00000E+00  0.00000E+00
        5.0823 -0.00000E+00 -0.38438E-10  0.50000E+01 -0.50001E+01  0.00000E+00  0.00000E+00  0.00000E+00  0.00000E+00  0.34315E-11  0.00000E+00  0.00000E+00  0.00000E+00     324  0.00000E+00  0.00000E+00  0.00000E+00
        5.0988 -0.00000E+00 -0.30987E-10  0.50000E+01 -0.50001E+01  0.00000E+00  0.00000E+00  0.00000E+00  0.00000E+00  0.27659E-11  0.00000E+00  0.00000E+00  0.00000E+00     325  0.00000E+00  0.00000E+00  0.00000E+00
        5.1152 -0.00000E+00 -0.24974E-10  0.50000E+01 -0.50001E+01  0.00000E+00  0.00000E+00  0.00000E+00  0.00000E+00  0.22288E-11  0.00000E+00  0.00000E+00  0.00000E+00     326  0.00000E+00  0.00000E+00  0.00000E+00
        5.1317 -0.00000E+00 -0.20122E-10  0.50000E+01 -0.50001E+01  0.00000E+00  0.00000E+00  0.00000E+00  0.00000E+00  0.17955E-11  0.00000E+00  0.00000E+00  0.00000E+00     327  0.00000E+00  0.00000E+00  0.00000E+00
        5.1482 -0.00000E+00 -0.16207E-10  0.50000E+01 -0.50001E+01  0.00000E+00  0.00000E+00  0.00000E+00  0.00000E+00  0.14460E-11  0.00000E+00  0.00000E+00  0.00000E+00     328  0.00000E+00  0.00000E+00  0.00000E+00
        5.1646 -0.00000E+00 -0.13051E-10  0.50000E+01 -0.50001E+01  0.00000E+00  0.00000E+00  0.00000E+00  0.00000E+00  0.11642E-11  0.00000E+00  0.00000E+00  0.00000E+00     329  0.00000E+00  0.00000E+00  0.00000E+00
        5.1811 -0.00000E+00 -0.10506E-10  0.50000E+01 -0.50001E+01  0.00000E+00  0.00000E+00  0.00000E+00  0.00000E+00  0.93702E-12  0.00000E+00  0.00000E+00  0.00000E+00     330  0.00000E+00  0.00000E+00  0.00000E+00
        5.1976 -0.00000E+00 -0.84549E-11  0.50000E+01 -0.50001E+01  0.00000E+00  0.00000E+00  0.00000E+00  0.00000E+00  0.75397E-12  0.00000E+00  0.00000E+00  0.00000E+00     331  0.00000E+00  0.00000E+00  0.00000E+00
        5.2140 -0.00000E+00 -0.68023E-11  0.50000E+01 -0.50001E+01  0.00000E+00  0.00000E+00  0.00000E+00  0.00000E+00  0.60650E-12  0.00000E+00  0.00000E+00  0.00000E+00     332  0.00000E+00  0.00000E+00  0.00000E+00
        5.2305 -0.00000E+00 -0.54712E-11  0.50000E+01 -0.50001E+01  0.00000E+00  0.00000E+00  0.00000E+00  0.00000E+00  0.48774E-12  0.00000E+00  0.00000E+00  0.00000E+00     333  0.00000E+00  0.00000E+00  0.00000E+00
        5.2470 -0.00000E+00 -0.43993E-11  0.50000E+01 -0.50001E+01  0.00000E+00  0.00000E+00  0.00000E+00  0.00000E+00  0.39213E-12  0.00000E+00  0.00000E+00  0.00000E+00     334  0.00000E+00  0.00000E+00  0.00000E+00
        5.2634 -0.00000E+00 -0.35365E-11  0.50000E+01 -0.50001E+01  0.00000E+00  0.00000E+00  0.00000E+00  0.00000E+00  0.31517E-12  0.00000E+00  0.00000E+00  0.00000E+00     335  0.00000E+00  0.00000E+00  0.00000E+00
        5.2799 -0.00000E+00 -0.28420E-11  0.50000E+01 -0.50001E+01  0.00000E+00  0.00000E+00  0.00000E+00  0.00000E+00  0.25324E-12  0.00000E+00  0.00000E+00  0.00000E+00     336  0.00000E+00  0.00000E+00  0.00000E+00
        5.2963 -0.00000E+00 -0.22834E-11  0.50000E+01 -0.50001E+01  0.00000E+00  0.00000E+00  0.00000E+00  0.00000E+00  0.20343E-12  0.00000E+00  0.00000E+00  0.00000E+00     337  0.00000E+00  0.00000E+00  0.00000E+00
        5.3128 -0.00000E+00 -0.18340E-11  0.50000E+01 -0.50001E+01  0.00000E+00  0.00000E+00  0.00000E+00  0.00000E+00  0.16337E-12  0.00000E+00  0.00000E+00  0.00000E+00     338  0.00000E+00  0.00000E+00  0.00000E+00
        5.3293 -0.00000E+00 -0.14727E-11  0.50000E+01 -0.50001E+01  0.00000E+00  0.00000E+00  0.00000E+00  0.00000E+00  0.13116E-12  0.00000E+00  0.00000E+00  0.00000E+00     339  0.00000E+00  0.00000E+00  0.00000E+00
        5.3457 -0.00000E+00 -0.11822E-11  0.50000E+01 -0.50001E+01  0.00000E+00  0.00000E+00  0.00000E+00  0.00000E+00  0.10528E-12  0.00000E+00  0.00000E+00  0.00000E+00     340  0.00000E+00  0.00000E+00  0.00000E+00
        5.3622 -0.00000E+00 -0.94879E-12  0.50000E+01 -0.50001E+01  0.00000E+00  0.00000E+00  0.00000E+00  0.00000E+00  0.84479E-13  0.00000E+00  0.00000E+00  0.00000E+00     341  0.00000E+00  0.00000E+00  0.00000E+00
        5.3787 -0.00000E+00 -0.76126E-12  0.50000E+01 -0.50001E+01  0.00000E+00  0.00000E+00  0.00000E+00  0.00000E+00  0.67772E-13  0.00000E+00  0.00000E+00  0.00000E+00     342  0.00000E+00  0.00000E+00  0.00000E+00
        5.3951 -0.00000E+00 -0.61064E-12  0.50000E+01 -0.50001E+01  0.00000E+00  0.00000E+00  0.00000E+00  0.00000E+00  0.54355E-13  0.00000E+00  0.00000E+00  0.00000E+00     343  0.00000E+00  0.00000E+00  0.00000E+00
        5.4116 -0.00000E+00 -0.48969E-12  0.50000E+01 -0.50001E+01  0.00000E+00  0.00000E+00  0.00000E+00  0.00000E+00  0.43583E-13  0.00000E+00  0.00000E+00  0.00000E+00     344  0.00000E+00  0.00000E+00  0.00000E+00
        5.4281 -0.00000E+00 -0.39260E-12  0.50000E+01 -0.50001E+01  0.00000E+00  0.00000E+00  0.00000E+00  0.00000E+00  0.34937E-13  0.00000E+00  0.00000E+00  0.00000E+00     345  0.00000E+00  0.00000E+00  0.00000E+00
        5.4445 -0.00000E+00 -0.31468E-12  0.50000E+01 -0.50001E+01  0.00000E+00  0.00000E+00  0.00000E+00  0.00000E+00  0.27999E-13  0.00000E+00  0.00000E+00  0.00000E+00     346  0.00000E+00  0.00000E+00  0.00000E+00
        5.4610 -0.00000E+00 -0.25216E-12  0.50000E+01 -0.50001E+01  0.00000E+00  0.00000E+00  0.00000E+00  0.00000E+00  0.22433E-13  0.00000E+00  0.00000E+00  0.00000E+00     347  0.00000E+00  0.00000E+00  0.00000E+00
        5.4774 -0.00000E+00 -0.20201E-12  0.50000E+01 -0.50001E+01  0.00000E+00  0.00000E+00  0.00000E+00  0.00000E+00  0.17969E-13  0.00000E+00  0.00000E+00  0.00000E+00     348  0.00000E+00  0.00000E+00  0.00000E+00
        5.4887 -0.00000E+00 -0.16710E-12  0.50000E+01 -0.50001E+01  0.00000E+00  0.00000E+00  0.00000E+00  0.00000E+00  0.15451E-13  0.00000E+00  0.00000E+00  0.00000E+00     349  0.00000E+00  0.00000E+00  0.00000E+00
        5.5000 -0.00000E+00 -0.14365E-12  0.50000E+01 -0.50001E+01  0.00000E+00  0.00000E+00  0.00000E+00  0.00000E+00  0.13279E-13  0.00000E+00  0.00000E+00  0.00000E+00     350  0.00000E+00  0.00000E+00  0.00000E+00
        5.5165 -0.00000E+00 -0.11950E-12  0.50000E+01 -0.50001E+01  0.00000E+00  0.00000E+00  0.00000E+00  0.00000E+00  0.10622E-13  0.00000E+00  0.00000E+00  0.00000E+00     351  0.00000E+00  0.00000E+00  0.00000E+00
        5.5329 -0.00000E+00 -0.95602E-13  0.50000E+01 -0.50001E+01  0.00000E+00  0.00000E+00  0.00000E+00  0.00000E+00  0.84985E-14  0.00000E+00  0.00000E+00  0.00000E+00     352  0.00000E+00  0.00000E+00  0.00000E+00
        5.5494 -0.00000E+00 -0.76486E-13  0.50000E+01 -0.50001E+01  0.00000E+00  0.00000E+00  0.00000E+00  0.00000E+00  0.67986E-14  0.00000E+00  0.00000E+00  0.00000E+00     353  0.00000E+00  0.00000E+00  0.00000E+00
        5.5659 -0.00000E+00 -0.61183E-13  0.50000E+01 -0.50001E+01  0.00000E+00  0.00000E+00  0.00000E+00  0.00000E+00  0.54379E-14  0.00000E+00  0.00000E+00  0.00000E+00     354  0.00000E+00  0.00000E+00  0.00000E+00
        5.5823 -0.00000E+00 -0.48934E-13  0.50000E+01 -0.50001E+01  0.00000E+00  0.00000E+00  0.00000E+00  0.00000E+00  0.43487E-14  0.00000E+00  0.00000E+00  0.00000E+00     355  0.00000E+00  0.00000E+00  0.00000E+00
        5.5988 -0.00000E+00 -0.39129E-13  0.50000E+01 -0.50001E+01  0.00000E+00  0.00000E+00  0.00000E+00  0.00000E+00  0.34770E-14  0.00000E+00  0.00000E+00  0.00000E+00     356  0.00000E+00  0.00000E+00  0.00000E+00
        5.6152 -0.00000E+00 -0.31282E-13  0.50000E+01 -0.50001E+01  0.00000E+00  0.00000E+00  0.00000E+00  0.00000E+00  0.27794E-14  0.00000E+00  0.00000E+00  0.00000E+00     357  0.00000E+00  0.00000E+00  0.00000E+00
        5.6317 -0.00000E+00 -0.25004E-13  0.50000E+01 -0.50001E+01  0.00000E+00  0.00000E+00  0.00000E+00  0.00000E+00  0.22214E-14  0.00000E+00  0.00000E+00  0.00000E+00     358  0.00000E+00  0.00000E+00  0.00000E+00
        5.6482 -0.00000E+00 -0.19981E-13  0.50000E+01 -0.50001E+01  0.00000E+00  0.00000E+00  0.00000E+00  0.00000E+00  0.17750E-14  0.00000E+00  0.00000E+00  0.00000E+00     359  0.00000E+00  0.00000E+00  0.00000E+00
        5.6646 -0.00000E+00 -0.15965E-13  0.50000E+01 -0.50001E+01  0.00000E+00  0.00000E+00  0.00000E+00  0.00000E+00  0.14180E-14  0.00000E+00  0.00000E+00  0.00000E+00     360  0.00000E+00  0.00000E+00  0.00000E+00
        5.6811 -0.00000E+00 -0.12752E-13  0.50000E+01 -0.50001E+01  0.00000E+00  0.00000E+00  0.00000E+00  0.00000E+00  0.11325E-14  0.00000E+00  0.00000E+00  0.00000E+00     361  0.00000E+00  0.00000E+00  0.00000E+00
        5.6976 -0.00000E+00 -0.10185E-13  0.50000E+01 -0.50001E+01  0.00000E+00  0.00000E+00  0.00000E+00  0.00000E+00  0.90437E-15  0.00000E+00  0.00000E+00  0.00000E+00     362  0.00000E+00  0.00000E+00  0.00000E+00
        5.7140 -0.00000E+00 -0.81320E-14  0.50000E+01 -0.50001E+01  0.00000E+00  0.00000E+00  0.00000E+00  0.00000E+00  0.72202E-15  0.00000E+00  0.00000E+00  0.00000E+00     363  0.00000E+00  0.00000E+00  0.00000E+00
        5.7305 -0.00000E+00 -0.64917E-14  0.50000E+01 -0.50001E+01  0.00000E+00  0.00000E+00  0.00000E+00  0.00000E+00  0.57632E-15  0.00000E+00  0.00000E+00  0.00000E+00     364  0.00000E+00  0.00000E+00  0.00000E+00
        5.7470 -0.00000E+00 -0.51813E-14  0.50000E+01 -0.50001E+01  0.00000E+00  0.00000E+00  0.00000E+00  0.00000E+00  0.45993E-15  0.00000E+00  0.00000E+00  0.00000E+00     365  0.00000E+00  0.00000E+00  0.00000E+00
        5.7634 -0.00000E+00 -0.41345E-14  0.50000E+01 -0.50001E+01  0.00000E+00  0.00000E+00  0.00000E+00  0.00000E+00  0.36697E-15  0.00000E+00  0.00000E+00  0.00000E+00     366  0.00000E+00  0.00000E+00  0.00000E+00
        5.7799 -0.00000E+00 -0.32985E-14  0.50000E+01 -0.50001E+01  0.00000E+00  0.00000E+00  0.00000E+00  0.00000E+00  0.29273E-15  0.00000E+00  0.00000E+00  0.00000E+00     367  0.00000E+00  0.00000E+00  0.00000E+00
        5.7963 -0.00000E+00 -0.26310E-14  0.50000E+01 -0.50001E+01  0.00000E+00  0.00000E+00  0.00000E+00  0.00000E+00  0.23347E-15  0.00000E+00  0.00000E+00  0.00000E+00     368  0.00000E+00  0.00000E+00  0.00000E+00
        5.8128 -0.00000E+00 -0.20982E-14  0.50000E+01 -0.50001E+01  0.00000E+00  0.00000E+00  0.00000E+00  0.00000E+00  0.18617E-15  0.00000E+00  0.00000E+00  0.00000E+00     369  0.00000E+00  0.00000E+00  0.00000E+00
        5.8293 -0.00000E+00 -0.16729E-14  0.50000E+01 -0.50001E+01  0.00000E+00  0.00000E+00  0.00000E+00  0.00000E+00  0.14842E-15  0.00000E+00  0.00000E+00  0.00000E+00     370  0.00000E+00  0.00000E+00  0.00000E+00
        5.8457 -0.00000E+00 -0.13336E-14  0.50000E+01 -0.50001E+01  0.00000E+00  0.00000E+00  0.00000E+00  0.00000E+00  0.11830E-15  0.00000E+00  0.00000E+00  0.00000E+00     371  0.00000E+00  0.00000E+00  0.00000E+00
        5.8622 -0.00000E+00 -0.10629E-14  0.50000E+01 -0.50001E+01  0.00000E+00  0.00000E+00  0.00000E+00  0.00000E+00  0.94278E-16  0.00000E+00  0.00000E+00  0.00000E+00     372  0.00000E+00  0.00000E+00  0.00000E+00
        5.8787 -0.00000E+00 -0.84698E-15  0.50000E+01 -0.50001E+01  0.00000E+00  0.00000E+00  0.00000E+00  0.00000E+00  0.75118E-16  0.00000E+00  0.00000E+00  0.00000E+00     373  0.00000E+00  0.00000E+00  0.00000E+00
        5.8951 -0.00000E+00 -0.67479E-15  0.50000E+01 -0.50001E+01  0.00000E+00  0.00000E+00  0.00000E+00  0.00000E+00  0.59840E-16  0.00000E+00  0.00000E+00  0.00000E+00     374  0.00000E+00  0.00000E+00  0.00000E+00
        5.9116 -0.00000E+00 -0.53750E-15  0.50000E+01 -0.50001E+01  0.00000E+00  0.00000E+00  0.00000E+00  0.00000E+00  0.47661E-16  0.00000E+00  0.00000E+00  0.00000E+00     375  0.00000E+00  0.00000E+00  0.00000E+00
        5.9281 -0.00000E+00 -0.42806E-15  0.50000E+01 -0.50001E+01  0.00000E+00  0.00000E+00  0.00000E+00  0.00000E+00  0.37953E-16  0.00000E+00  0.00000E+00  0.00000E+00     376  0.00000E+00  0.00000E+00  0.00000E+00
        5.9445 -0.00000E+00 -0.34084E-15  0.50000E+01 -0.50001E+01  0.00000E+00  0.00000E+00  0.00000E+00  0.00000E+00  0.30217E-16  0.00000E+00  0.00000E+00  0.00000E+00     377  0.00000E+00  0.00000E+00  0.00000E+00
        5.9610 -0.00000E+00 -0.27135E-15  0.50000E+01 -0.50001E+01  0.00000E+00  0.00000E+00  0.00000E+00  0.00000E+00  0.24053E-16  0.00000E+00  0.00000E+00  0.00000E+00     378  0.00000E+00  0.00000E+00  0.00000E+00
        5.9774 -0.00000E+00 -0.21598E-15  0.50000E+01 -0.50001E+01  0.00000E+00  0.00000E+00  0.00000E+00  0.00000E+00  0.19143E-16  0.00000E+00  0.00000E+00  0.00000E+00     379  0.00000E+00  0.00000E+00  0.00000E+00
        5.9887 -0.00000E+00 -0.17766E-15  0.50000E+01 -0.50001E+01  0.00000E+00  0.00000E+00  0.00000E+00  0.00000E+00  0.16389E-16  0.00000E+00  0.00000E+00  0.00000E+00     380  0.00000E+00  0.00000E+00  0.00000E+00
        6.0000 -0.00000E+00 -0.15207E-15  0.50000E+01 -0.50001E+01  0.00000E+00  0.00000E+00  0.00000E+00  0.00000E+00  0.14025E-16  0.00000E+00  0.00000E+00  0.00000E+00     381  0.00000E+00  0.00000E+00  0.00000E+00
end
