 ******* Program HYDRUS
 ******* Traceur inerte, loam sableux, q=10 cm/j, dispersivite 2.0 cm            
 Date:   0. 0.    Time: 512:**:**
 Units: L = cm   , T = days , M = g    

----------------------------------------------------------
 Time       [T]        0.0000
----------------------------------------------------------
 Sub-region num.                     1
----------------------------------------------------------
 Area     [L]        0.60000E+02  0.60000E+02
 W-volume [L]        0.19790E+02  0.19790E+02
 In-flow  [L/T]      0.00000E+00  0.00000E+00
 h Mean   [L]       -0.11484E+02 -0.11484E+02
 ConcVol  [M/L2] 1   0.00000E+00  0.00000E+00
 cMean    [M/L3] 1   0.00000E+00  0.00000E+00
 Top Flux [L/T]     -0.10153E+02
 Bot Flux [L/T]     -0.10153E+02
----------------------------------------------------------

----------------------------------------------------------
 Time       [T]        0.5000
----------------------------------------------------------
 Sub-region num.                     1
----------------------------------------------------------
 Area     [L]        0.60000E+02  0.60000E+02
 W-volume [L]        0.19757E+02  0.19757E+02
 In-flow  [L/T]     -0.21562E-02 -0.21562E-02
 h Mean   [L]       -0.11547E+02 -0.11547E+02
 ConcVol  [M/L2] 1   0.50001E+01  0.50001E+01
 cMean    [M/L3] 1   0.25308E+00  0.25308E+00
 Top Flux [L/T]     -0.10000E+02
 Bot Flux [L/T]     -0.10002E+02
 WatBalT  [L]       -0.53234E-05
 WatBalR  [%]              0.000
 CncBalT  [M]    1   0.76294E-04
 CncBalR  [%]    1         0.002
----------------------------------------------------------

----------------------------------------------------------
 Time       [T]        1.0000
----------------------------------------------------------
 Sub-region num.                     1
----------------------------------------------------------
 Area     [L]        0.60000E+02  0.60000E+02
 W-volume [L]        0.19757E+02  0.19757E+02
 In-flow  [L/T]     -0.17964E-03 -0.17964E-03
 h Mean   [L]       -0.11547E+02 -0.11547E+02
 ConcVol  [M/L2] 1   0.49970E+01  0.49970E+01
 cMean    [M/L3] 1   0.25293E+00  0.25293E+00
 Top Flux [L/T]     -0.10000E+02
 Bot Flux [L/T]     -0.10000E+02
 WatBalT  [L]       -0.44703E-06
 WatBalR  [%]              0.000
 CncBalT  [M]    1   0.47588E-03
 CncBalR  [%]    1         0.010
----------------------------------------------------------

----------------------------------------------------------
 Time       [T]        1.5000
----------------------------------------------------------
 Sub-region num.                     1
----------------------------------------------------------
 Area     [L]        0.60000E+02  0.60000E+02
 W-volume [L]        0.19757E+02  0.19757E+02
 In-flow  [L/T]      0.46251E-04  0.46251E-04
 h Mean   [L]       -0.11547E+02 -0.11547E+02
 ConcVol  [M/L2] 1   0.47098E+01  0.47098E+01
 cMean    [M/L3] 1   0.23839E+00  0.23839E+00
 Top Flux [L/T]     -0.10000E+02
 Bot Flux [L/T]     -0.10000E+02
 WatBalT  [L]        0.28525E-04
 WatBalR  [%]              0.000
 CncBalT  [M]    1   0.13772E-01
 CncBalR  [%]    1         0.260
----------------------------------------------------------

----------------------------------------------------------
 Time       [T]        2.0000
----------------------------------------------------------
 Sub-region num.                     1
----------------------------------------------------------
 Area     [L]        0.60000E+02  0.60000E+02
 W-volume [L]        0.19757E+02  0.19757E+02
 In-flow  [L/T]     -0.23785E-04 -0.23785E-04
 h Mean   [L]       -0.11547E+02 -0.11547E+02
 ConcVol  [M/L2] 1   0.31860E+01  0.31860E+01
 cMean    [M/L3] 1   0.16126E+00  0.16126E+00
 Top Flux [L/T]     -0.10000E+02
 Bot Flux [L/T]     -0.10000E+02
 WatBalT  [L]        0.58278E-04
 WatBalR  [%]              0.000
 CncBalT  [M]    1   0.33348E-01
 CncBalR  [%]    1         0.487
----------------------------------------------------------

----------------------------------------------------------
 Time       [T]        2.5000
----------------------------------------------------------
 Sub-region num.                     1
----------------------------------------------------------
 Area     [L]        0.60000E+02  0.60000E+02
 W-volume [L]        0.19757E+02  0.19757E+02
 In-flow  [L/T]     -0.18634E-03 -0.18634E-03
 h Mean   [L]       -0.11547E+02 -0.11547E+02
 ConcVol  [M/L2] 1   0.13486E+01  0.13486E+01
 cMean    [M/L3] 1   0.68262E-01  0.68262E-01
 Top Flux [L/T]     -0.10000E+02
 Bot Flux [L/T]     -0.10000E+02
 WatBalT  [L]        0.50317E-04
 WatBalR  [%]              0.000
 CncBalT  [M]    1   0.23401E-01
 CncBalR  [%]    1         0.270
----------------------------------------------------------

----------------------------------------------------------
 Time       [T]        3.0000
----------------------------------------------------------
 Sub-region num.                     1
----------------------------------------------------------
 Area     [L]        0.60000E+02  0.60000E+02
 W-volume [L]        0.19757E+02  0.19757E+02
 In-flow  [L/T]      0.19294E-03  0.19294E-03
 h Mean   [L]       -0.11547E+02 -0.11547E+02
 ConcVol  [M/L2] 1   0.39877E+00  0.39877E+00
 cMean    [M/L3] 1   0.20184E-01  0.20184E-01
 Top Flux [L/T]     -0.10000E+02
 Bot Flux [L/T]     -0.10000E+02
 WatBalT  [L]        0.52668E-04
 WatBalR  [%]              0.000
 CncBalT  [M]    1   0.87838E-02
 CncBalR  [%]    1         0.091
----------------------------------------------------------

----------------------------------------------------------
 Time       [T]        3.5000
----------------------------------------------------------
 Sub-region num.                     1
----------------------------------------------------------
 Area     [L]        0.60000E+02  0.60000E+02
 W-volume [L]        0.19757E+02  0.19757E+02
 In-flow  [L/T]     -0.31058E-03 -0.31058E-03
 h Mean   [L]       -0.11547E+02 -0.11547E+02
 ConcVol  [M/L2] 1   0.93409E-01  0.93409E-01
 cMean    [M/L3] 1   0.47280E-02  0.47280E-02
 Top Flux [L/T]     -0.10000E+02
 Bot Flux [L/T]     -0.99999E+01
 WatBalT  [L]        0.37465E-04
 WatBalR  [%]              0.000
 CncBalT  [M]    1   0.23851E-02
 CncBalR  [%]    1         0.024
----------------------------------------------------------

----------------------------------------------------------
 Time       [T]        4.0000
----------------------------------------------------------
 Sub-region num.                     1
----------------------------------------------------------
 Area     [L]        0.60000E+02  0.60000E+02
 W-volume [L]        0.19757E+02  0.19757E+02
 In-flow  [L/T]      0.71361E-04  0.71361E-04
 h Mean   [L]       -0.11547E+02 -0.11547E+02
 ConcVol  [M/L2] 1   0.18839E-01  0.18839E-01
 cMean    [M/L3] 1   0.95353E-03  0.95353E-03
 Top Flux [L/T]     -0.10000E+02
 Bot Flux [L/T]     -0.10000E+02
 WatBalT  [L]        0.53722E-04
 WatBalR  [%]              0.000
 CncBalT  [M]    1   0.57733E-03
 CncBalR  [%]    1         0.006
----------------------------------------------------------

----------------------------------------------------------
 Time       [T]        4.5000
----------------------------------------------------------
 Sub-region num.                     1
----------------------------------------------------------
 Area     [L]        0.60000E+02  0.60000E+02
 W-volume [L]        0.19757E+02  0.19757E+02
 In-flow  [L/T]      0.21012E-03  0.21012E-03
 h Mean   [L]       -0.11547E+02 -0.11547E+02
 ConcVol  [M/L2] 1   0.34422E-02  0.34422E-02
 cMean    [M/L3] 1   0.17423E-03  0.17423E-03
 Top Flux [L/T]     -0.10000E+02
 Bot Flux [L/T]     -0.10000E+02
 WatBalT  [L]        0.70926E-04
 WatBalR  [%]              0.000
 CncBalT  [M]    1   0.17245E-03
 CncBalR  [%]    1         0.002
----------------------------------------------------------

----------------------------------------------------------
 Time       [T]        5.0000
----------------------------------------------------------
 Sub-region num.                     1
----------------------------------------------------------
 Area     [L]        0.60000E+02  0.60000E+02
 W-volume [L]        0.19757E+02  0.19757E+02
 In-flow  [L/T]      0.92510E-04  0.92510E-04
 h Mean   [L]       -0.11547E+02 -0.11547E+02
 ConcVol  [M/L2] 1   0.58807E-03  0.58807E-03
 cMean    [M/L3] 1   0.29765E-04  0.29765E-04
 Top Flux [L/T]     -0.10000E+02
 Bot Flux [L/T]     -0.10000E+02
 WatBalT  [L]        0.59746E-04
 WatBalR  [%]              0.000
 CncBalT  [M]    1   0.93555E-04
 CncBalR  [%]    1         0.001
----------------------------------------------------------

----------------------------------------------------------
 Time       [T]        5.5000
----------------------------------------------------------
 Sub-region num.                     1
----------------------------------------------------------
 Area     [L]        0.60000E+02  0.60000E+02
 W-volume [L]        0.19757E+02  0.19757E+02
 In-flow  [L/T]     -0.71363E-04 -0.71363E-04
 h Mean   [L]       -0.11547E+02 -0.11547E+02
 ConcVol  [M/L2] 1   0.95844E-04  0.95844E-04
 cMean    [M/L3] 1   0.48512E-05  0.48512E-05
 Top Flux [L/T]     -0.10000E+02
 Bot Flux [L/T]     -0.10000E+02
 WatBalT  [L]        0.67178E-04
 WatBalR  [%]              0.000
 CncBalT  [M]    1   0.79496E-04
 CncBalR  [%]    1         0.001
----------------------------------------------------------

----------------------------------------------------------
 Time       [T]        6.0000
----------------------------------------------------------
 Sub-region num.                     1
----------------------------------------------------------
 Area     [L]        0.60000E+02  0.60000E+02
 W-volume [L]        0.19757E+02  0.19757E+02
 In-flow  [L/T]     -0.81937E-04 -0.81937E-04
 h Mean   [L]       -0.11547E+02 -0.11547E+02
 ConcVol  [M/L2] 1   0.15101E-04  0.15101E-04
 cMean    [M/L3] 1   0.76436E-06  0.76436E-06
 Top Flux [L/T]     -0.10000E+02
 Bot Flux [L/T]     -0.10000E+02
 WatBalT  [L]        0.59083E-04
 WatBalR  [%]              0.000
 CncBalT  [M]    1   0.77137E-04
 CncBalR  [%]    1         0.001
----------------------------------------------------------

 Calculation time [sec]  -1890040412.0000000     
