 ******* Program HYDRUS
 ******* Traceur inerte, loam sableux, q=10 cm/j, dispersivite 2.0 cm            
 Date:   0. 0.    Time: 512:**:**
 Units: L = cm   , T = days , M = g    



                               Node( 21)                                 Node( 41)                                 Node( 81)                                 Node(121)

         time         h        theta    Temp      Conc           h        theta    Temp      Conc           h        theta    Temp      Conc           h        theta    Temp      Conc     
          0.0010      -11.48  0.3298   20.000  0.1000E-19        -11.48  0.3298   20.000  0.0000E+00        -11.48  0.3298   20.000  0.0000E+00        -11.48  0.3298   20.000  0.0000E+00
          0.0020      -11.48  0.3298   20.000  0.3429E-18        -11.48  0.3298   20.000  0.0000E+00        -11.48  0.3298   20.000  0.0000E+00        -11.48  0.3298   20.000  0.0000E+00
          0.0033      -11.48  0.3298   20.000  0.4407E-16        -11.48  0.3298   20.000  0.0000E+00        -11.48  0.3298   20.000  0.0000E+00        -11.48  0.3298   20.000  0.0000E+00
          0.0050      -11.48  0.3298   20.000  0.5686E-14        -11.48  0.3298   20.000  0.2212E-29        -11.48  0.3298   20.000  0.0000E+00        -11.48  0.3298   20.000  0.0000E+00
          0.0072      -11.49  0.3298   20.000  0.5141E-12        -11.48  0.3298   20.000  0.8601E-26        -11.48  0.3298   20.000  0.0000E+00        -11.48  0.3298   20.000  0.0000E+00
          0.0100      -11.49  0.3298   20.000  0.3125E-10        -11.48  0.3298   20.000  0.1771E-22        -11.48  0.3298   20.000  0.0000E+00        -11.48  0.3298   20.000  0.0000E+00
          0.0138      -11.49  0.3298   20.000  0.1284E-08        -11.48  0.3298   20.000  0.1924E-19        -11.48  0.3298   20.000  0.0000E+00        -11.48  0.3298   20.000  0.0000E+00
          0.0186      -11.50  0.3297   20.000  0.3611E-07        -11.49  0.3298   20.000  0.1115E-16        -11.48  0.3298   20.000  0.0000E+00        -11.48  0.3298   20.000  0.0000E+00
          0.0249      -11.50  0.3297   20.000  0.7049E-06        -11.49  0.3298   20.000  0.3520E-14        -11.48  0.3298   20.000  0.0000E+00        -11.48  0.3298   20.000  0.0000E+00
          0.0330      -11.51  0.3296   20.000  0.9693E-05        -11.49  0.3298   20.000  0.6215E-12        -11.48  0.3298   20.000  0.1081E-26        -11.48  0.3298   20.000  0.0000E+00
          0.0436      -11.52  0.3295   20.000  0.9538E-04        -11.50  0.3297   20.000  0.6340E-10        -11.49  0.3298   20.000  0.8833E-23        -11.48  0.3298   20.000  0.0000E+00
          0.0574      -11.52  0.3295   20.000  0.6831E-03        -11.50  0.3297   20.000  0.3864E-08        -11.49  0.3298   20.000  0.2733E-19        -11.48  0.3298   20.000  0.0000E+00
          0.0736      -11.53  0.3294   20.000  0.3172E-02        -11.51  0.3296   20.000  0.9287E-07        -11.49  0.3298   20.000  0.7871E-17        -11.49  0.3298   20.000  0.1149E-26
          0.0899      -11.53  0.3294   20.000  0.9259E-02        -11.52  0.3295   20.000  0.8457E-06        -11.49  0.3297   20.000  0.2350E-15        -11.49  0.3298   20.000  0.6316E-25
          0.1061      -11.54  0.3294   20.000  0.2047E-01        -11.53  0.3295   20.000  0.4908E-05        -11.50  0.3297   20.000  0.3855E-14        -11.49  0.3298   20.000  0.1802E-23
          0.1224      -11.54  0.3293   20.000  0.3753E-01        -11.53  0.3294   20.000  0.2109E-04        -11.51  0.3296   20.000  0.4398E-13        -11.49  0.3298   20.000  0.3493E-22
          0.1387      -11.54  0.3293   20.000  0.6037E-01        -11.53  0.3294   20.000  0.7228E-04        -11.51  0.3296   20.000  0.3854E-12        -11.50  0.3297   20.000  0.5133E-21
          0.1550      -11.54  0.3293   20.000  0.8832E-01        -11.54  0.3294   20.000  0.2069E-03        -11.52  0.3296   20.000  0.2741E-11        -11.50  0.3297   20.000  0.6075E-20
          0.1712      -11.54  0.3293   20.000  0.1204E+00        -11.54  0.3293   20.000  0.5110E-03        -11.52  0.3295   20.000  0.1639E-10        -11.50  0.3297   20.000  0.6015E-19
          0.1876      -11.55  0.3293   20.000  0.1557E+00        -11.54  0.3293   20.000  0.1116E-02        -11.53  0.3295   20.000  0.8446E-10        -11.51  0.3296   20.000  0.5113E-18
          0.2039      -11.55  0.3293   20.000  0.1932E+00        -11.54  0.3293   20.000  0.2199E-02        -11.53  0.3294   20.000  0.3819E-09        -11.51  0.3296   20.000  0.3805E-17
          0.2202      -11.55  0.3293   20.000  0.2321E+00        -11.54  0.3293   20.000  0.3972E-02        -11.53  0.3294   20.000  0.1537E-08        -11.52  0.3295   20.000  0.2515E-16
          0.2366      -11.55  0.3293   20.000  0.2716E+00        -11.54  0.3293   20.000  0.6666E-02        -11.53  0.3294   20.000  0.5572E-08        -11.52  0.3295   20.000  0.1494E-15
          0.2530      -11.55  0.3293   20.000  0.3110E+00        -11.55  0.3293   20.000  0.1051E-01        -11.54  0.3294   20.000  0.1836E-07        -11.53  0.3295   20.000  0.8043E-15
          0.2694      -11.55  0.3293   20.000  0.3500E+00        -11.55  0.3293   20.000  0.1572E-01        -11.54  0.3293   20.000  0.5544E-07        -11.53  0.3294   20.000  0.3959E-14
          0.2858      -11.55  0.3293   20.000  0.3882E+00        -11.55  0.3293   20.000  0.2247E-01        -11.54  0.3293   20.000  0.1546E-06        -11.53  0.3294   20.000  0.1792E-13
          0.3022      -11.55  0.3293   20.000  0.4252E+00        -11.55  0.3293   20.000  0.3089E-01        -11.54  0.3293   20.000  0.4003E-06        -11.53  0.3294   20.000  0.7507E-13
          0.3186      -11.55  0.3293   20.000  0.4608E+00        -11.55  0.3293   20.000  0.4107E-01        -11.54  0.3293   20.000  0.9686E-06        -11.54  0.3294   20.000  0.2924E-12
          0.3350      -11.55  0.3293   20.000  0.4950E+00        -11.55  0.3293   20.000  0.5304E-01        -11.54  0.3293   20.000  0.2202E-05        -11.54  0.3294   20.000  0.1063E-11
          0.3515      -11.55  0.3293   20.000  0.5276E+00        -11.55  0.3293   20.000  0.6679E-01        -11.54  0.3293   20.000  0.4724E-05        -11.54  0.3293   20.000  0.3625E-11
          0.3679      -11.55  0.3293   20.000  0.5586E+00        -11.55  0.3293   20.000  0.8227E-01        -11.54  0.3293   20.000  0.9610E-05        -11.54  0.3293   20.000  0.1163E-10
          0.3843      -11.55  0.3293   20.000  0.5879E+00        -11.55  0.3293   20.000  0.9939E-01        -11.55  0.3293   20.000  0.1861E-04        -11.54  0.3293   20.000  0.3523E-10
          0.4008      -11.55  0.3293   20.000  0.6156E+00        -11.55  0.3293   20.000  0.1180E+00        -11.55  0.3293   20.000  0.3445E-04        -11.54  0.3293   20.000  0.1010E-09
          0.4172      -11.55  0.3293   20.000  0.6417E+00        -11.55  0.3293   20.000  0.1381E+00        -11.55  0.3293   20.000  0.6114E-04        -11.54  0.3293   20.000  0.2752E-09
          0.4337      -11.55  0.3293   20.000  0.6662E+00        -11.55  0.3293   20.000  0.1593E+00        -11.55  0.3293   20.000  0.1044E-03        -11.54  0.3293   20.000  0.7139E-09
          0.4502      -11.55  0.3293   20.000  0.6892E+00        -11.55  0.3293   20.000  0.1816E+00        -11.55  0.3293   20.000  0.1721E-03        -11.55  0.3293   20.000  0.1768E-08
          0.4666      -11.55  0.3293   20.000  0.7108E+00        -11.55  0.3293   20.000  0.2048E+00        -11.55  0.3293   20.000  0.2746E-03        -11.55  0.3293   20.000  0.4188E-08
          0.4831      -11.55  0.3293   20.000  0.7310E+00        -11.55  0.3293   20.000  0.2288E+00        -11.55  0.3293   20.000  0.4250E-03        -11.55  0.3293   20.000  0.9516E-08
          0.4915      -11.55  0.3293   20.000  0.7408E+00        -11.55  0.3293   20.000  0.2413E+00        -11.55  0.3293   20.000  0.5258E-03        -11.55  0.3293   20.000  0.1417E-07
          0.5000      -11.55  0.3293   20.000  0.7503E+00        -11.55  0.3293   20.000  0.2540E+00        -11.55  0.3293   20.000  0.6462E-03        -11.55  0.3293   20.000  0.2090E-07
          0.5165      -11.55  0.3293   20.000  0.7679E+00        -11.55  0.3293   20.000  0.2790E+00        -11.55  0.3293   20.000  0.9475E-03        -11.55  0.3293   20.000  0.4398E-07
          0.5329      -11.55  0.3293   20.000  0.7842E+00        -11.55  0.3293   20.000  0.3042E+00        -11.55  0.3293   20.000  0.1357E-02        -11.55  0.3293   20.000  0.8937E-07
          0.5494      -11.55  0.3293   20.000  0.7991E+00        -11.55  0.3293   20.000  0.3295E+00        -11.55  0.3293   20.000  0.1901E-02        -11.55  0.3293   20.000  0.1755E-06
          0.5658      -11.55  0.3293   20.000  0.8119E+00        -11.55  0.3293   20.000  0.3548E+00        -11.55  0.3293   20.000  0.2609E-02        -11.55  0.3293   20.000  0.3337E-06
          0.5823      -11.55  0.3293   20.000  0.8210E+00        -11.55  0.3293   20.000  0.3801E+00        -11.55  0.3293   20.000  0.3515E-02        -11.55  0.3293   20.000  0.6155E-06
          0.5988      -11.55  0.3293   20.000  0.8248E+00        -11.55  0.3293   20.000  0.4050E+00        -11.55  0.3293   20.000  0.4653E-02        -11.55  0.3293   20.000  0.1103E-05
          0.6152      -11.55  0.3293   20.000  0.8219E+00        -11.55  0.3293   20.000  0.4297E+00        -11.55  0.3293   20.000  0.6061E-02        -11.55  0.3293   20.000  0.1922E-05
          0.6317      -11.55  0.3293   20.000  0.8120E+00        -11.55  0.3293   20.000  0.4540E+00        -11.55  0.3293   20.000  0.7778E-02        -11.55  0.3293   20.000  0.3265E-05
          0.6482      -11.55  0.3293   20.000  0.7957E+00        -11.55  0.3293   20.000  0.4777E+00        -11.55  0.3293   20.000  0.9842E-02        -11.55  0.3293   20.000  0.5411E-05
          0.6646      -11.55  0.3293   20.000  0.7740E+00        -11.55  0.3293   20.000  0.5008E+00        -11.55  0.3293   20.000  0.1229E-01        -11.55  0.3293   20.000  0.8761E-05
          0.6811      -11.55  0.3293   20.000  0.7481E+00        -11.55  0.3293   20.000  0.5231E+00        -11.55  0.3293   20.000  0.1517E-01        -11.55  0.3293   20.000  0.1388E-04
          0.6976      -11.55  0.3293   20.000  0.7189E+00        -11.55  0.3293   20.000  0.5443E+00        -11.55  0.3293   20.000  0.1851E-01        -11.55  0.3293   20.000  0.2152E-04
          0.7140      -11.55  0.3293   20.000  0.6875E+00        -11.55  0.3293   20.000  0.5643E+00        -11.55  0.3293   20.000  0.2234E-01        -11.55  0.3293   20.000  0.3274E-04
          0.7305      -11.55  0.3293   20.000  0.6547E+00        -11.55  0.3293   20.000  0.5828E+00        -11.55  0.3293   20.000  0.2671E-01        -11.55  0.3293   20.000  0.4887E-04
          0.7469      -11.55  0.3293   20.000  0.6213E+00        -11.55  0.3293   20.000  0.5995E+00        -11.55  0.3293   20.000  0.3163E-01        -11.55  0.3293   20.000  0.7167E-04
          0.7634      -11.55  0.3293   20.000  0.5877E+00        -11.55  0.3293   20.000  0.6143E+00        -11.55  0.3293   20.000  0.3713E-01        -11.55  0.3293   20.000  0.1034E-03
          0.7799      -11.55  0.3293   20.000  0.5545E+00        -11.55  0.3293   20.000  0.6268E+00        -11.55  0.3293   20.000  0.4324E-01        -11.55  0.3293   20.000  0.1467E-03
          0.7963      -11.55  0.3293   20.000  0.5220E+00        -11.55  0.3293   20.000  0.6370E+00        -11.55  0.3293   20.000  0.4997E-01        -11.55  0.3293   20.000  0.2051E-03
          0.8128      -11.55  0.3293   20.000  0.4905E+00        -11.55  0.3293   20.000  0.6447E+00        -11.55  0.3293   20.000  0.5734E-01        -11.55  0.3293   20.000  0.2827E-03
          0.8293      -11.55  0.3293   20.000  0.4601E+00        -11.55  0.3293   20.000  0.6499E+00        -11.55  0.3293   20.000  0.6534E-01        -11.55  0.3293   20.000  0.3843E-03
          0.8457      -11.55  0.3293   20.000  0.4309E+00        -11.55  0.3293   20.000  0.6526E+00        -11.55  0.3293   20.000  0.7399E-01        -11.55  0.3293   20.000  0.5159E-03
          0.8622      -11.55  0.3293   20.000  0.4031E+00        -11.55  0.3293   20.000  0.6529E+00        -11.55  0.3293   20.000  0.8327E-01        -11.55  0.3293   20.000  0.6840E-03
          0.8787      -11.55  0.3293   20.000  0.3766E+00        -11.55  0.3293   20.000  0.6509E+00        -11.55  0.3293   20.000  0.9319E-01        -11.55  0.3293   20.000  0.8965E-03
          0.8951      -11.55  0.3293   20.000  0.3516E+00        -11.55  0.3293   20.000  0.6466E+00        -11.55  0.3293   20.000  0.1037E+00        -11.55  0.3293   20.000  0.1162E-02
          0.9116      -11.55  0.3293   20.000  0.3279E+00        -11.55  0.3293   20.000  0.6402E+00        -11.55  0.3293   20.000  0.1149E+00        -11.55  0.3293   20.000  0.1490E-02
          0.9280      -11.55  0.3293   20.000  0.3057E+00        -11.55  0.3293   20.000  0.6320E+00        -11.55  0.3293   20.000  0.1266E+00        -11.55  0.3293   20.000  0.1893E-02
          0.9445      -11.55  0.3293   20.000  0.2847E+00        -11.55  0.3293   20.000  0.6220E+00        -11.55  0.3293   20.000  0.1388E+00        -11.55  0.3293   20.000  0.2381E-02
          0.9610      -11.55  0.3293   20.000  0.2651E+00        -11.55  0.3293   20.000  0.6104E+00        -11.55  0.3293   20.000  0.1516E+00        -11.55  0.3293   20.000  0.2967E-02
          0.9774      -11.55  0.3293   20.000  0.2466E+00        -11.55  0.3293   20.000  0.5975E+00        -11.55  0.3293   20.000  0.1649E+00        -11.55  0.3293   20.000  0.3667E-02
          0.9887      -11.55  0.3293   20.000  0.2347E+00        -11.55  0.3293   20.000  0.5880E+00        -11.55  0.3293   20.000  0.1742E+00        -11.55  0.3293   20.000  0.4219E-02
          1.0000      -11.55  0.3293   20.000  0.2233E+00        -11.55  0.3293   20.000  0.5780E+00        -11.55  0.3293   20.000  0.1837E+00        -11.55  0.3293   20.000  0.4836E-02
          1.0165      -11.55  0.3293   20.000  0.2076E+00        -11.55  0.3293   20.000  0.5626E+00        -11.55  0.3293   20.000  0.1979E+00        -11.55  0.3293   20.000  0.5863E-02
          1.0329      -11.55  0.3293   20.000  0.1930E+00        -11.55  0.3293   20.000  0.5465E+00        -11.55  0.3293   20.000  0.2123E+00        -11.55  0.3293   20.000  0.7056E-02
          1.0494      -11.55  0.3293   20.000  0.1793E+00        -11.55  0.3293   20.000  0.5297E+00        -11.55  0.3293   20.000  0.2270E+00        -11.55  0.3293   20.000  0.8433E-02
          1.0659      -11.55  0.3293   20.000  0.1666E+00        -11.55  0.3293   20.000  0.5125E+00        -11.55  0.3293   20.000  0.2419E+00        -11.55  0.3293   20.000  0.1001E-01
          1.0823      -11.55  0.3293   20.000  0.1547E+00        -11.55  0.3293   20.000  0.4950E+00        -11.55  0.3293   20.000  0.2568E+00        -11.55  0.3293   20.000  0.1181E-01
          1.0988      -11.55  0.3293   20.000  0.1437E+00        -11.55  0.3293   20.000  0.4773E+00        -11.55  0.3293   20.000  0.2718E+00        -11.55  0.3293   20.000  0.1384E-01
          1.1152      -11.55  0.3293   20.000  0.1334E+00        -11.55  0.3293   20.000  0.4595E+00        -11.55  0.3293   20.000  0.2868E+00        -11.55  0.3293   20.000  0.1613E-01
          1.1317      -11.55  0.3293   20.000  0.1239E+00        -11.55  0.3293   20.000  0.4418E+00        -11.55  0.3293   20.000  0.3016E+00        -11.55  0.3293   20.000  0.1869E-01
          1.1482      -11.55  0.3293   20.000  0.1150E+00        -11.55  0.3293   20.000  0.4241E+00        -11.55  0.3293   20.000  0.3161E+00        -11.55  0.3293   20.000  0.2153E-01
          1.1646      -11.55  0.3293   20.000  0.1067E+00        -11.55  0.3293   20.000  0.4066E+00        -11.55  0.3293   20.000  0.3304E+00        -11.55  0.3293   20.000  0.2469E-01
          1.1811      -11.55  0.3293   20.000  0.9907E-01        -11.55  0.3293   20.000  0.3893E+00        -11.55  0.3293   20.000  0.3444E+00        -11.55  0.3293   20.000  0.2816E-01
          1.1976      -11.55  0.3293   20.000  0.9196E-01        -11.55  0.3293   20.000  0.3724E+00        -11.55  0.3293   20.000  0.3579E+00        -11.55  0.3293   20.000  0.3197E-01
          1.2140      -11.55  0.3293   20.000  0.8535E-01        -11.55  0.3293   20.000  0.3558E+00        -11.55  0.3293   20.000  0.3709E+00        -11.55  0.3293   20.000  0.3613E-01
          1.2305      -11.55  0.3293   20.000  0.7921E-01        -11.55  0.3293   20.000  0.3396E+00        -11.55  0.3293   20.000  0.3834E+00        -11.55  0.3293   20.000  0.4064E-01
          1.2470      -11.55  0.3293   20.000  0.7352E-01        -11.55  0.3293   20.000  0.3238E+00        -11.55  0.3293   20.000  0.3952E+00        -11.55  0.3293   20.000  0.4552E-01
          1.2634      -11.55  0.3293   20.000  0.6823E-01        -11.55  0.3293   20.000  0.3085E+00        -11.55  0.3293   20.000  0.4064E+00        -11.55  0.3293   20.000  0.5078E-01
          1.2799      -11.55  0.3293   20.000  0.6332E-01        -11.55  0.3293   20.000  0.2936E+00        -11.55  0.3293   20.000  0.4169E+00        -11.55  0.3293   20.000  0.5643E-01
          1.2963      -11.55  0.3293   20.000  0.5877E-01        -11.55  0.3293   20.000  0.2792E+00        -11.55  0.3293   20.000  0.4265E+00        -11.55  0.3293   20.000  0.6245E-01
          1.3128      -11.55  0.3293   20.000  0.5454E-01        -11.55  0.3293   20.000  0.2654E+00        -11.55  0.3293   20.000  0.4354E+00        -11.55  0.3293   20.000  0.6887E-01
          1.3293      -11.55  0.3293   20.000  0.5062E-01        -11.55  0.3293   20.000  0.2520E+00        -11.55  0.3293   20.000  0.4435E+00        -11.55  0.3293   20.000  0.7567E-01
          1.3457      -11.55  0.3293   20.000  0.4699E-01        -11.55  0.3293   20.000  0.2392E+00        -11.55  0.3293   20.000  0.4507E+00        -11.55  0.3293   20.000  0.8285E-01
          1.3622      -11.55  0.3293   20.000  0.4361E-01        -11.55  0.3293   20.000  0.2268E+00        -11.55  0.3293   20.000  0.4570E+00        -11.55  0.3293   20.000  0.9040E-01
          1.3787      -11.55  0.3293   20.000  0.4048E-01        -11.55  0.3293   20.000  0.2150E+00        -11.55  0.3293   20.000  0.4624E+00        -11.55  0.3293   20.000  0.9832E-01
          1.3951      -11.55  0.3293   20.000  0.3758E-01        -11.55  0.3293   20.000  0.2036E+00        -11.55  0.3293   20.000  0.4670E+00        -11.55  0.3293   20.000  0.1066E+00
          1.4116      -11.55  0.3293   20.000  0.3488E-01        -11.55  0.3293   20.000  0.1928E+00        -11.55  0.3293   20.000  0.4707E+00        -11.55  0.3293   20.000  0.1152E+00
          1.4281      -11.55  0.3293   20.000  0.3238E-01        -11.55  0.3293   20.000  0.1824E+00        -11.55  0.3293   20.000  0.4734E+00        -11.55  0.3293   20.000  0.1241E+00
          1.4445      -11.55  0.3293   20.000  0.3006E-01        -11.55  0.3293   20.000  0.1725E+00        -11.55  0.3293   20.000  0.4754E+00        -11.55  0.3293   20.000  0.1334E+00
          1.4610      -11.55  0.3293   20.000  0.2791E-01        -11.55  0.3293   20.000  0.1631E+00        -11.55  0.3293   20.000  0.4764E+00        -11.55  0.3293   20.000  0.1429E+00
          1.4774      -11.55  0.3293   20.000  0.2591E-01        -11.55  0.3293   20.000  0.1541E+00        -11.55  0.3293   20.000  0.4767E+00        -11.55  0.3293   20.000  0.1526E+00
          1.4887      -11.55  0.3293   20.000  0.2463E-01        -11.55  0.3293   20.000  0.1482E+00        -11.55  0.3293   20.000  0.4764E+00        -11.55  0.3293   20.000  0.1594E+00
          1.5000      -11.55  0.3293   20.000  0.2341E-01        -11.55  0.3293   20.000  0.1425E+00        -11.55  0.3293   20.000  0.4757E+00        -11.55  0.3293   20.000  0.1664E+00
          1.5165      -11.55  0.3293   20.000  0.2174E-01        -11.55  0.3293   20.000  0.1345E+00        -11.55  0.3293   20.000  0.4741E+00        -11.55  0.3293   20.000  0.1766E+00
          1.5329      -11.55  0.3293   20.000  0.2019E-01        -11.55  0.3293   20.000  0.1269E+00        -11.55  0.3293   20.000  0.4717E+00        -11.55  0.3293   20.000  0.1870E+00
          1.5494      -11.55  0.3293   20.000  0.1875E-01        -11.55  0.3293   20.000  0.1197E+00        -11.55  0.3293   20.000  0.4687E+00        -11.55  0.3293   20.000  0.1975E+00
          1.5659      -11.55  0.3293   20.000  0.1741E-01        -11.55  0.3293   20.000  0.1129E+00        -11.55  0.3293   20.000  0.4649E+00        -11.55  0.3293   20.000  0.2081E+00
          1.5823      -11.55  0.3293   20.000  0.1617E-01        -11.55  0.3293   20.000  0.1064E+00        -11.55  0.3293   20.000  0.4606E+00        -11.55  0.3293   20.000  0.2187E+00
          1.5988      -11.55  0.3293   20.000  0.1502E-01        -11.55  0.3293   20.000  0.1002E+00        -11.55  0.3293   20.000  0.4556E+00        -11.55  0.3293   20.000  0.2294E+00
          1.6152      -11.55  0.3293   20.000  0.1395E-01        -11.55  0.3293   20.000  0.9443E-01        -11.55  0.3293   20.000  0.4501E+00        -11.55  0.3293   20.000  0.2400E+00
          1.6317      -11.55  0.3293   20.000  0.1296E-01        -11.55  0.3293   20.000  0.8893E-01        -11.55  0.3293   20.000  0.4441E+00        -11.55  0.3293   20.000  0.2505E+00
          1.6482      -11.55  0.3293   20.000  0.1204E-01        -11.55  0.3293   20.000  0.8373E-01        -11.55  0.3293   20.000  0.4377E+00        -11.55  0.3293   20.000  0.2610E+00
          1.6646      -11.55  0.3293   20.000  0.1119E-01        -11.55  0.3293   20.000  0.7881E-01        -11.55  0.3293   20.000  0.4307E+00        -11.55  0.3293   20.000  0.2713E+00
          1.6811      -11.55  0.3293   20.000  0.1040E-01        -11.55  0.3293   20.000  0.7416E-01        -11.55  0.3293   20.000  0.4234E+00        -11.55  0.3293   20.000  0.2814E+00
          1.6976      -11.55  0.3293   20.000  0.9660E-02        -11.55  0.3293   20.000  0.6977E-01        -11.55  0.3293   20.000  0.4158E+00        -11.55  0.3293   20.000  0.2914E+00
          1.7140      -11.55  0.3293   20.000  0.8977E-02        -11.55  0.3293   20.000  0.6563E-01        -11.55  0.3293   20.000  0.4078E+00        -11.55  0.3293   20.000  0.3010E+00
          1.7305      -11.55  0.3293   20.000  0.8342E-02        -11.55  0.3293   20.000  0.6171E-01        -11.55  0.3293   20.000  0.3996E+00        -11.55  0.3293   20.000  0.3104E+00
          1.7470      -11.55  0.3293   20.000  0.7753E-02        -11.55  0.3293   20.000  0.5802E-01        -11.55  0.3293   20.000  0.3911E+00        -11.55  0.3293   20.000  0.3195E+00
          1.7634      -11.55  0.3293   20.000  0.7206E-02        -11.55  0.3293   20.000  0.5454E-01        -11.55  0.3293   20.000  0.3824E+00        -11.55  0.3293   20.000  0.3283E+00
          1.7799      -11.55  0.3293   20.000  0.6698E-02        -11.55  0.3293   20.000  0.5126E-01        -11.55  0.3293   20.000  0.3735E+00        -11.55  0.3293   20.000  0.3366E+00
          1.7963      -11.55  0.3293   20.000  0.6226E-02        -11.55  0.3293   20.000  0.4817E-01        -11.55  0.3293   20.000  0.3645E+00        -11.55  0.3293   20.000  0.3446E+00
          1.8128      -11.55  0.3293   20.000  0.5788E-02        -11.55  0.3293   20.000  0.4525E-01        -11.55  0.3293   20.000  0.3554E+00        -11.55  0.3293   20.000  0.3522E+00
          1.8293      -11.55  0.3293   20.000  0.5381E-02        -11.55  0.3293   20.000  0.4251E-01        -11.55  0.3293   20.000  0.3461E+00        -11.55  0.3293   20.000  0.3593E+00
          1.8457      -11.55  0.3293   20.000  0.5003E-02        -11.55  0.3293   20.000  0.3992E-01        -11.55  0.3293   20.000  0.3369E+00        -11.55  0.3293   20.000  0.3660E+00
          1.8622      -11.55  0.3293   20.000  0.4651E-02        -11.55  0.3293   20.000  0.3749E-01        -11.55  0.3293   20.000  0.3276E+00        -11.55  0.3293   20.000  0.3722E+00
          1.8787      -11.55  0.3293   20.000  0.4325E-02        -11.55  0.3293   20.000  0.3520E-01        -11.55  0.3293   20.000  0.3183E+00        -11.55  0.3293   20.000  0.3779E+00
          1.8951      -11.55  0.3293   20.000  0.4022E-02        -11.55  0.3293   20.000  0.3304E-01        -11.55  0.3293   20.000  0.3090E+00        -11.55  0.3293   20.000  0.3831E+00
          1.9116      -11.55  0.3293   20.000  0.3740E-02        -11.55  0.3293   20.000  0.3102E-01        -11.55  0.3293   20.000  0.2998E+00        -11.55  0.3293   20.000  0.3878E+00
          1.9281      -11.55  0.3293   20.000  0.3478E-02        -11.55  0.3293   20.000  0.2911E-01        -11.55  0.3293   20.000  0.2906E+00        -11.55  0.3293   20.000  0.3920E+00
          1.9445      -11.55  0.3293   20.000  0.3235E-02        -11.55  0.3293   20.000  0.2732E-01        -11.55  0.3293   20.000  0.2815E+00        -11.55  0.3293   20.000  0.3957E+00
          1.9610      -11.55  0.3293   20.000  0.3009E-02        -11.55  0.3293   20.000  0.2563E-01        -11.55  0.3293   20.000  0.2725E+00        -11.55  0.3293   20.000  0.3988E+00
          1.9774      -11.55  0.3293   20.000  0.2799E-02        -11.55  0.3293   20.000  0.2405E-01        -11.55  0.3293   20.000  0.2636E+00        -11.55  0.3293   20.000  0.4014E+00
          1.9887      -11.55  0.3293   20.000  0.2664E-02        -11.55  0.3293   20.000  0.2302E-01        -11.55  0.3293   20.000  0.2576E+00        -11.55  0.3293   20.000  0.4029E+00
          2.0000      -11.55  0.3293   20.000  0.2535E-02        -11.55  0.3293   20.000  0.2203E-01        -11.55  0.3293   20.000  0.2516E+00        -11.55  0.3293   20.000  0.4042E+00
          2.0165      -11.55  0.3293   20.000  0.2358E-02        -11.55  0.3293   20.000  0.2067E-01        -11.55  0.3293   20.000  0.2430E+00        -11.55  0.3293   20.000  0.4056E+00
          2.0329      -11.55  0.3293   20.000  0.2194E-02        -11.55  0.3293   20.000  0.1938E-01        -11.55  0.3293   20.000  0.2346E+00        -11.55  0.3293   20.000  0.4064E+00
          2.0494      -11.55  0.3293   20.000  0.2041E-02        -11.55  0.3293   20.000  0.1818E-01        -11.55  0.3293   20.000  0.2263E+00        -11.55  0.3293   20.000  0.4068E+00
          2.0659      -11.55  0.3293   20.000  0.1899E-02        -11.55  0.3293   20.000  0.1704E-01        -11.55  0.3293   20.000  0.2181E+00        -11.55  0.3293   20.000  0.4067E+00
          2.0823      -11.55  0.3293   20.000  0.1767E-02        -11.55  0.3293   20.000  0.1598E-01        -11.55  0.3293   20.000  0.2102E+00        -11.55  0.3293   20.000  0.4061E+00
          2.0988      -11.55  0.3293   20.000  0.1645E-02        -11.55  0.3293   20.000  0.1498E-01        -11.55  0.3293   20.000  0.2024E+00        -11.55  0.3293   20.000  0.4051E+00
          2.1152      -11.55  0.3293   20.000  0.1531E-02        -11.55  0.3293   20.000  0.1405E-01        -11.55  0.3293   20.000  0.1948E+00        -11.55  0.3293   20.000  0.4036E+00
          2.1317      -11.55  0.3293   20.000  0.1424E-02        -11.55  0.3293   20.000  0.1317E-01        -11.55  0.3293   20.000  0.1874E+00        -11.55  0.3293   20.000  0.4016E+00
          2.1482      -11.55  0.3293   20.000  0.1326E-02        -11.55  0.3293   20.000  0.1234E-01        -11.55  0.3293   20.000  0.1802E+00        -11.55  0.3293   20.000  0.3993E+00
          2.1646      -11.55  0.3293   20.000  0.1234E-02        -11.55  0.3293   20.000  0.1157E-01        -11.55  0.3293   20.000  0.1731E+00        -11.55  0.3293   20.000  0.3965E+00
          2.1811      -11.55  0.3293   20.000  0.1149E-02        -11.55  0.3293   20.000  0.1084E-01        -11.55  0.3293   20.000  0.1663E+00        -11.55  0.3293   20.000  0.3934E+00
          2.1976      -11.55  0.3293   20.000  0.1069E-02        -11.55  0.3293   20.000  0.1016E-01        -11.55  0.3293   20.000  0.1597E+00        -11.55  0.3293   20.000  0.3898E+00
          2.2140      -11.55  0.3293   20.000  0.9953E-03        -11.55  0.3293   20.000  0.9521E-02        -11.55  0.3293   20.000  0.1532E+00        -11.55  0.3293   20.000  0.3860E+00
          2.2305      -11.55  0.3293   20.000  0.9266E-03        -11.55  0.3293   20.000  0.8921E-02        -11.55  0.3293   20.000  0.1470E+00        -11.55  0.3293   20.000  0.3818E+00
          2.2470      -11.55  0.3293   20.000  0.8627E-03        -11.55  0.3293   20.000  0.8359E-02        -11.55  0.3293   20.000  0.1409E+00        -11.55  0.3293   20.000  0.3773E+00
          2.2634      -11.55  0.3293   20.000  0.8032E-03        -11.55  0.3293   20.000  0.7832E-02        -11.55  0.3293   20.000  0.1350E+00        -11.55  0.3293   20.000  0.3725E+00
          2.2799      -11.55  0.3293   20.000  0.7479E-03        -11.55  0.3293   20.000  0.7337E-02        -11.55  0.3293   20.000  0.1294E+00        -11.55  0.3293   20.000  0.3674E+00
          2.2963      -11.55  0.3293   20.000  0.6964E-03        -11.55  0.3293   20.000  0.6874E-02        -11.55  0.3293   20.000  0.1239E+00        -11.55  0.3293   20.000  0.3621E+00
          2.3128      -11.55  0.3293   20.000  0.6485E-03        -11.55  0.3293   20.000  0.6439E-02        -11.55  0.3293   20.000  0.1186E+00        -11.55  0.3293   20.000  0.3566E+00
          2.3293      -11.55  0.3293   20.000  0.6039E-03        -11.55  0.3293   20.000  0.6032E-02        -11.55  0.3293   20.000  0.1135E+00        -11.55  0.3293   20.000  0.3508E+00
          2.3457      -11.55  0.3293   20.000  0.5624E-03        -11.55  0.3293   20.000  0.5650E-02        -11.55  0.3293   20.000  0.1085E+00        -11.55  0.3293   20.000  0.3449E+00
          2.3622      -11.55  0.3293   20.000  0.5238E-03        -11.55  0.3293   20.000  0.5292E-02        -11.55  0.3293   20.000  0.1037E+00        -11.55  0.3293   20.000  0.3388E+00
          2.3787      -11.55  0.3293   20.000  0.4879E-03        -11.55  0.3293   20.000  0.4957E-02        -11.55  0.3293   20.000  0.9916E-01        -11.55  0.3293   20.000  0.3325E+00
          2.3951      -11.55  0.3293   20.000  0.4544E-03        -11.55  0.3293   20.000  0.4642E-02        -11.55  0.3293   20.000  0.9474E-01        -11.55  0.3293   20.000  0.3261E+00
          2.4116      -11.55  0.3293   20.000  0.4233E-03        -11.55  0.3293   20.000  0.4348E-02        -11.55  0.3293   20.000  0.9049E-01        -11.55  0.3293   20.000  0.3196E+00
          2.4281      -11.55  0.3293   20.000  0.3943E-03        -11.55  0.3293   20.000  0.4072E-02        -11.55  0.3293   20.000  0.8640E-01        -11.55  0.3293   20.000  0.3130E+00
          2.4445      -11.55  0.3293   20.000  0.3673E-03        -11.55  0.3293   20.000  0.3813E-02        -11.55  0.3293   20.000  0.8247E-01        -11.55  0.3293   20.000  0.3063E+00
          2.4610      -11.55  0.3293   20.000  0.3422E-03        -11.55  0.3293   20.000  0.3571E-02        -11.55  0.3293   20.000  0.7869E-01        -11.55  0.3293   20.000  0.2996E+00
          2.4774      -11.55  0.3293   20.000  0.3188E-03        -11.55  0.3293   20.000  0.3344E-02        -11.55  0.3293   20.000  0.7506E-01        -11.55  0.3293   20.000  0.2927E+00
          2.4887      -11.55  0.3293   20.000  0.3037E-03        -11.55  0.3293   20.000  0.3196E-02        -11.55  0.3293   20.000  0.7266E-01        -11.55  0.3293   20.000  0.2880E+00
          2.5000      -11.55  0.3293   20.000  0.2893E-03        -11.55  0.3293   20.000  0.3056E-02        -11.55  0.3293   20.000  0.7033E-01        -11.55  0.3293   20.000  0.2833E+00
          2.5165      -11.55  0.3293   20.000  0.2696E-03        -11.55  0.3293   20.000  0.2861E-02        -11.55  0.3293   20.000  0.6704E-01        -11.55  0.3293   20.000  0.2765E+00
          2.5329      -11.55  0.3293   20.000  0.2512E-03        -11.55  0.3293   20.000  0.2679E-02        -11.55  0.3293   20.000  0.6388E-01        -11.55  0.3293   20.000  0.2696E+00
          2.5494      -11.55  0.3293   20.000  0.2341E-03        -11.55  0.3293   20.000  0.2508E-02        -11.55  0.3293   20.000  0.6086E-01        -11.55  0.3293   20.000  0.2627E+00
          2.5659      -11.55  0.3293   20.000  0.2181E-03        -11.55  0.3293   20.000  0.2348E-02        -11.55  0.3293   20.000  0.5797E-01        -11.55  0.3293   20.000  0.2558E+00
          2.5823      -11.55  0.3293   20.000  0.2033E-03        -11.55  0.3293   20.000  0.2199E-02        -11.55  0.3293   20.000  0.5519E-01        -11.55  0.3293   20.000  0.2490E+00
          2.5988      -11.55  0.3293   20.000  0.1894E-03        -11.55  0.3293   20.000  0.2058E-02        -11.55  0.3293   20.000  0.5254E-01        -11.55  0.3293   20.000  0.2422E+00
          2.6152      -11.55  0.3293   20.000  0.1766E-03        -11.55  0.3293   20.000  0.1927E-02        -11.55  0.3293   20.000  0.5000E-01        -11.55  0.3293   20.000  0.2354E+00
          2.6317      -11.55  0.3293   20.000  0.1646E-03        -11.55  0.3293   20.000  0.1804E-02        -11.55  0.3293   20.000  0.4758E-01        -11.55  0.3293   20.000  0.2287E+00
          2.6482      -11.55  0.3293   20.000  0.1534E-03        -11.55  0.3293   20.000  0.1689E-02        -11.55  0.3293   20.000  0.4525E-01        -11.55  0.3293   20.000  0.2221E+00
          2.6646      -11.55  0.3293   20.000  0.1430E-03        -11.55  0.3293   20.000  0.1581E-02        -11.55  0.3293   20.000  0.4304E-01        -11.55  0.3293   20.000  0.2156E+00
          2.6811      -11.55  0.3293   20.000  0.1333E-03        -11.55  0.3293   20.000  0.1480E-02        -11.55  0.3293   20.000  0.4092E-01        -11.55  0.3293   20.000  0.2091E+00
          2.6976      -11.55  0.3293   20.000  0.1242E-03        -11.55  0.3293   20.000  0.1386E-02        -11.55  0.3293   20.000  0.3890E-01        -11.55  0.3293   20.000  0.2027E+00
          2.7140      -11.55  0.3293   20.000  0.1158E-03        -11.55  0.3293   20.000  0.1297E-02        -11.55  0.3293   20.000  0.3696E-01        -11.55  0.3293   20.000  0.1964E+00
          2.7305      -11.55  0.3293   20.000  0.1080E-03        -11.55  0.3293   20.000  0.1214E-02        -11.55  0.3293   20.000  0.3512E-01        -11.55  0.3293   20.000  0.1903E+00
          2.7470      -11.55  0.3293   20.000  0.1006E-03        -11.55  0.3293   20.000  0.1137E-02        -11.55  0.3293   20.000  0.3336E-01        -11.55  0.3293   20.000  0.1842E+00
          2.7634      -11.55  0.3293   20.000  0.9384E-04        -11.55  0.3293   20.000  0.1064E-02        -11.55  0.3293   20.000  0.3169E-01        -11.55  0.3293   20.000  0.1782E+00
          2.7799      -11.55  0.3293   20.000  0.8749E-04        -11.55  0.3293   20.000  0.9958E-03        -11.55  0.3293   20.000  0.3009E-01        -11.55  0.3293   20.000  0.1723E+00
          2.7963      -11.55  0.3293   20.000  0.8158E-04        -11.55  0.3293   20.000  0.9321E-03        -11.55  0.3293   20.000  0.2856E-01        -11.55  0.3293   20.000  0.1666E+00
          2.8128      -11.55  0.3293   20.000  0.7606E-04        -11.55  0.3293   20.000  0.8725E-03        -11.55  0.3293   20.000  0.2711E-01        -11.55  0.3293   20.000  0.1610E+00
          2.8293      -11.55  0.3293   20.000  0.7093E-04        -11.55  0.3293   20.000  0.8166E-03        -11.55  0.3293   20.000  0.2573E-01        -11.55  0.3293   20.000  0.1555E+00
          2.8457      -11.55  0.3293   20.000  0.6614E-04        -11.55  0.3293   20.000  0.7644E-03        -11.55  0.3293   20.000  0.2441E-01        -11.55  0.3293   20.000  0.1501E+00
          2.8622      -11.55  0.3293   20.000  0.6168E-04        -11.55  0.3293   20.000  0.7154E-03        -11.55  0.3293   20.000  0.2316E-01        -11.55  0.3293   20.000  0.1448E+00
          2.8787      -11.55  0.3293   20.000  0.5752E-04        -11.55  0.3293   20.000  0.6696E-03        -11.55  0.3293   20.000  0.2197E-01        -11.55  0.3293   20.000  0.1397E+00
          2.8951      -11.55  0.3293   20.000  0.5364E-04        -11.55  0.3293   20.000  0.6267E-03        -11.55  0.3293   20.000  0.2083E-01        -11.55  0.3293   20.000  0.1347E+00
          2.9116      -11.55  0.3293   20.000  0.5003E-04        -11.55  0.3293   20.000  0.5866E-03        -11.55  0.3293   20.000  0.1975E-01        -11.55  0.3293   20.000  0.1298E+00
          2.9281      -11.55  0.3293   20.000  0.4666E-04        -11.55  0.3293   20.000  0.5490E-03        -11.55  0.3293   20.000  0.1872E-01        -11.55  0.3293   20.000  0.1251E+00
          2.9445      -11.55  0.3293   20.000  0.4352E-04        -11.55  0.3293   20.000  0.5139E-03        -11.55  0.3293   20.000  0.1775E-01        -11.55  0.3293   20.000  0.1204E+00
          2.9610      -11.55  0.3293   20.000  0.4059E-04        -11.55  0.3293   20.000  0.4809E-03        -11.55  0.3293   20.000  0.1682E-01        -11.55  0.3293   20.000  0.1159E+00
          2.9774      -11.55  0.3293   20.000  0.3786E-04        -11.55  0.3293   20.000  0.4501E-03        -11.55  0.3293   20.000  0.1593E-01        -11.55  0.3293   20.000  0.1116E+00
          2.9887      -11.55  0.3293   20.000  0.3610E-04        -11.55  0.3293   20.000  0.4302E-03        -11.55  0.3293   20.000  0.1536E-01        -11.55  0.3293   20.000  0.1086E+00
          3.0000      -11.55  0.3293   20.000  0.3442E-04        -11.55  0.3293   20.000  0.4111E-03        -11.55  0.3293   20.000  0.1480E-01        -11.55  0.3293   20.000  0.1058E+00
          3.0165      -11.55  0.3293   20.000  0.3211E-04        -11.55  0.3293   20.000  0.3847E-03        -11.55  0.3293   20.000  0.1402E-01        -11.55  0.3293   20.000  0.1017E+00
          3.0329      -11.55  0.3293   20.000  0.2995E-04        -11.55  0.3293   20.000  0.3601E-03        -11.55  0.3293   20.000  0.1327E-01        -11.55  0.3293   20.000  0.9774E-01
          3.0494      -11.55  0.3293   20.000  0.2794E-04        -11.55  0.3293   20.000  0.3370E-03        -11.55  0.3293   20.000  0.1257E-01        -11.55  0.3293   20.000  0.9391E-01
          3.0659      -11.55  0.3293   20.000  0.2607E-04        -11.55  0.3293   20.000  0.3154E-03        -11.55  0.3293   20.000  0.1190E-01        -11.55  0.3293   20.000  0.9019E-01
          3.0823      -11.55  0.3293   20.000  0.2432E-04        -11.55  0.3293   20.000  0.2952E-03        -11.55  0.3293   20.000  0.1126E-01        -11.55  0.3293   20.000  0.8660E-01
          3.0988      -11.55  0.3293   20.000  0.2269E-04        -11.55  0.3293   20.000  0.2763E-03        -11.55  0.3293   20.000  0.1066E-01        -11.55  0.3293   20.000  0.8312E-01
          3.1152      -11.55  0.3293   20.000  0.2117E-04        -11.55  0.3293   20.000  0.2585E-03        -11.55  0.3293   20.000  0.1009E-01        -11.55  0.3293   20.000  0.7975E-01
          3.1317      -11.55  0.3293   20.000  0.1976E-04        -11.55  0.3293   20.000  0.2420E-03        -11.55  0.3293   20.000  0.9548E-02        -11.55  0.3293   20.000  0.7650E-01
          3.1482      -11.55  0.3293   20.000  0.1843E-04        -11.55  0.3293   20.000  0.2264E-03        -11.55  0.3293   20.000  0.9034E-02        -11.55  0.3293   20.000  0.7336E-01
          3.1646      -11.55  0.3293   20.000  0.1720E-04        -11.55  0.3293   20.000  0.2119E-03        -11.55  0.3293   20.000  0.8546E-02        -11.55  0.3293   20.000  0.7032E-01
          3.1811      -11.55  0.3293   20.000  0.1605E-04        -11.55  0.3293   20.000  0.1983E-03        -11.55  0.3293   20.000  0.8084E-02        -11.55  0.3293   20.000  0.6739E-01
          3.1976      -11.55  0.3293   20.000  0.1498E-04        -11.55  0.3293   20.000  0.1856E-03        -11.55  0.3293   20.000  0.7645E-02        -11.55  0.3293   20.000  0.6456E-01
          3.2140      -11.55  0.3293   20.000  0.1398E-04        -11.55  0.3293   20.000  0.1737E-03        -11.55  0.3293   20.000  0.7230E-02        -11.55  0.3293   20.000  0.6184E-01
          3.2305      -11.55  0.3293   20.000  0.1304E-04        -11.55  0.3293   20.000  0.1626E-03        -11.55  0.3293   20.000  0.6836E-02        -11.55  0.3293   20.000  0.5921E-01
          3.2470      -11.55  0.3293   20.000  0.1217E-04        -11.55  0.3293   20.000  0.1521E-03        -11.55  0.3293   20.000  0.6463E-02        -11.55  0.3293   20.000  0.5668E-01
          3.2634      -11.55  0.3293   20.000  0.1136E-04        -11.55  0.3293   20.000  0.1424E-03        -11.55  0.3293   20.000  0.6110E-02        -11.55  0.3293   20.000  0.5424E-01
          3.2799      -11.55  0.3293   20.000  0.1060E-04        -11.55  0.3293   20.000  0.1333E-03        -11.55  0.3293   20.000  0.5775E-02        -11.55  0.3293   20.000  0.5189E-01
          3.2963      -11.55  0.3293   20.000  0.9897E-05        -11.55  0.3293   20.000  0.1247E-03        -11.55  0.3293   20.000  0.5459E-02        -11.55  0.3293   20.000  0.4963E-01
          3.3128      -11.55  0.3293   20.000  0.9238E-05        -11.55  0.3293   20.000  0.1167E-03        -11.55  0.3293   20.000  0.5159E-02        -11.55  0.3293   20.000  0.4746E-01
          3.3293      -11.55  0.3293   20.000  0.8622E-05        -11.55  0.3293   20.000  0.1092E-03        -11.55  0.3293   20.000  0.4874E-02        -11.55  0.3293   20.000  0.4537E-01
          3.3457      -11.55  0.3293   20.000  0.8048E-05        -11.55  0.3293   20.000  0.1022E-03        -11.55  0.3293   20.000  0.4606E-02        -11.55  0.3293   20.000  0.4336E-01
          3.3622      -11.55  0.3293   20.000  0.7513E-05        -11.55  0.3293   20.000  0.9567E-04        -11.55  0.3293   20.000  0.4351E-02        -11.55  0.3293   20.000  0.4143E-01
          3.3787      -11.55  0.3293   20.000  0.7013E-05        -11.55  0.3293   20.000  0.8953E-04        -11.55  0.3293   20.000  0.4110E-02        -11.55  0.3293   20.000  0.3957E-01
          3.3951      -11.55  0.3293   20.000  0.6546E-05        -11.55  0.3293   20.000  0.8379E-04        -11.55  0.3293   20.000  0.3882E-02        -11.55  0.3293   20.000  0.3779E-01
          3.4116      -11.55  0.3293   20.000  0.6111E-05        -11.55  0.3293   20.000  0.7842E-04        -11.55  0.3293   20.000  0.3667E-02        -11.55  0.3293   20.000  0.3609E-01
          3.4281      -11.55  0.3293   20.000  0.5705E-05        -11.55  0.3293   20.000  0.7339E-04        -11.55  0.3293   20.000  0.3463E-02        -11.55  0.3293   20.000  0.3445E-01
          3.4445      -11.55  0.3293   20.000  0.5326E-05        -11.55  0.3293   20.000  0.6868E-04        -11.55  0.3293   20.000  0.3270E-02        -11.55  0.3293   20.000  0.3287E-01
          3.4610      -11.55  0.3293   20.000  0.4973E-05        -11.55  0.3293   20.000  0.6428E-04        -11.55  0.3293   20.000  0.3087E-02        -11.55  0.3293   20.000  0.3137E-01
          3.4775      -11.55  0.3293   20.000  0.4642E-05        -11.55  0.3293   20.000  0.6016E-04        -11.55  0.3293   20.000  0.2915E-02        -11.55  0.3293   20.000  0.2992E-01
          3.4887      -11.55  0.3293   20.000  0.4429E-05        -11.55  0.3293   20.000  0.5749E-04        -11.55  0.3293   20.000  0.2802E-02        -11.55  0.3293   20.000  0.2897E-01
          3.5000      -11.55  0.3293   20.000  0.4226E-05        -11.55  0.3293   20.000  0.5493E-04        -11.55  0.3293   20.000  0.2694E-02        -11.55  0.3293   20.000  0.2804E-01
          3.5165      -11.55  0.3293   20.000  0.3945E-05        -11.55  0.3293   20.000  0.5141E-04        -11.55  0.3293   20.000  0.2543E-02        -11.55  0.3293   20.000  0.2674E-01
          3.5329      -11.55  0.3293   20.000  0.3684E-05        -11.55  0.3293   20.000  0.4812E-04        -11.55  0.3293   20.000  0.2400E-02        -11.55  0.3293   20.000  0.2549E-01
          3.5494      -11.55  0.3293   20.000  0.3440E-05        -11.55  0.3293   20.000  0.4503E-04        -11.55  0.3293   20.000  0.2265E-02        -11.55  0.3293   20.000  0.2429E-01
          3.5659      -11.55  0.3293   20.000  0.3212E-05        -11.55  0.3293   20.000  0.4214E-04        -11.55  0.3293   20.000  0.2137E-02        -11.55  0.3293   20.000  0.2314E-01
          3.5823      -11.55  0.3293   20.000  0.2999E-05        -11.55  0.3293   20.000  0.3944E-04        -11.55  0.3293   20.000  0.2017E-02        -11.55  0.3293   20.000  0.2205E-01
          3.5988      -11.55  0.3293   20.000  0.2801E-05        -11.55  0.3293   20.000  0.3691E-04        -11.55  0.3293   20.000  0.1903E-02        -11.55  0.3293   20.000  0.2100E-01
          3.6152      -11.55  0.3293   20.000  0.2615E-05        -11.55  0.3293   20.000  0.3455E-04        -11.55  0.3293   20.000  0.1795E-02        -11.55  0.3293   20.000  0.2000E-01
          3.6317      -11.55  0.3293   20.000  0.2442E-05        -11.55  0.3293   20.000  0.3233E-04        -11.55  0.3293   20.000  0.1694E-02        -11.55  0.3293   20.000  0.1904E-01
          3.6482      -11.55  0.3293   20.000  0.2281E-05        -11.55  0.3293   20.000  0.3026E-04        -11.55  0.3293   20.000  0.1598E-02        -11.55  0.3293   20.000  0.1813E-01
          3.6646      -11.55  0.3293   20.000  0.2130E-05        -11.55  0.3293   20.000  0.2832E-04        -11.55  0.3293   20.000  0.1507E-02        -11.55  0.3293   20.000  0.1725E-01
          3.6811      -11.55  0.3293   20.000  0.1989E-05        -11.55  0.3293   20.000  0.2651E-04        -11.55  0.3293   20.000  0.1421E-02        -11.55  0.3293   20.000  0.1642E-01
          3.6976      -11.55  0.3293   20.000  0.1858E-05        -11.55  0.3293   20.000  0.2481E-04        -11.55  0.3293   20.000  0.1340E-02        -11.55  0.3293   20.000  0.1562E-01
          3.7140      -11.55  0.3293   20.000  0.1735E-05        -11.55  0.3293   20.000  0.2322E-04        -11.55  0.3293   20.000  0.1264E-02        -11.55  0.3293   20.000  0.1486E-01
          3.7305      -11.55  0.3293   20.000  0.1621E-05        -11.55  0.3293   20.000  0.2173E-04        -11.55  0.3293   20.000  0.1192E-02        -11.55  0.3293   20.000  0.1413E-01
          3.7470      -11.55  0.3293   20.000  0.1514E-05        -11.55  0.3293   20.000  0.2034E-04        -11.55  0.3293   20.000  0.1124E-02        -11.55  0.3293   20.000  0.1344E-01
          3.7634      -11.55  0.3293   20.000  0.1414E-05        -11.55  0.3293   20.000  0.1903E-04        -11.55  0.3293   20.000  0.1060E-02        -11.55  0.3293   20.000  0.1278E-01
          3.7799      -11.55  0.3293   20.000  0.1321E-05        -11.55  0.3293   20.000  0.1781E-04        -11.55  0.3293   20.000  0.9991E-03        -11.55  0.3293   20.000  0.1215E-01
          3.7963      -11.55  0.3293   20.000  0.1234E-05        -11.55  0.3293   20.000  0.1667E-04        -11.55  0.3293   20.000  0.9419E-03        -11.55  0.3293   20.000  0.1154E-01
          3.8128      -11.55  0.3293   20.000  0.1152E-05        -11.55  0.3293   20.000  0.1560E-04        -11.55  0.3293   20.000  0.8879E-03        -11.55  0.3293   20.000  0.1097E-01
          3.8293      -11.55  0.3293   20.000  0.1076E-05        -11.55  0.3293   20.000  0.1461E-04        -11.55  0.3293   20.000  0.8369E-03        -11.55  0.3293   20.000  0.1042E-01
          3.8457      -11.55  0.3293   20.000  0.1005E-05        -11.55  0.3293   20.000  0.1367E-04        -11.55  0.3293   20.000  0.7888E-03        -11.55  0.3293   20.000  0.9903E-02
          3.8622      -11.55  0.3293   20.000  0.9392E-06        -11.55  0.3293   20.000  0.1279E-04        -11.55  0.3293   20.000  0.7435E-03        -11.55  0.3293   20.000  0.9407E-02
          3.8787      -11.55  0.3293   20.000  0.8774E-06        -11.55  0.3293   20.000  0.1197E-04        -11.55  0.3293   20.000  0.7007E-03        -11.55  0.3293   20.000  0.8934E-02
          3.8951      -11.55  0.3293   20.000  0.8196E-06        -11.55  0.3293   20.000  0.1121E-04        -11.55  0.3293   20.000  0.6603E-03        -11.55  0.3293   20.000  0.8483E-02
          3.9116      -11.55  0.3293   20.000  0.7657E-06        -11.55  0.3293   20.000  0.1049E-04        -11.55  0.3293   20.000  0.6222E-03        -11.55  0.3293   20.000  0.8054E-02
          3.9281      -11.55  0.3293   20.000  0.7154E-06        -11.55  0.3293   20.000  0.9818E-05        -11.55  0.3293   20.000  0.5863E-03        -11.55  0.3293   20.000  0.7646E-02
          3.9445      -11.55  0.3293   20.000  0.6683E-06        -11.55  0.3293   20.000  0.9190E-05        -11.55  0.3293   20.000  0.5524E-03        -11.55  0.3293   20.000  0.7258E-02
          3.9610      -11.55  0.3293   20.000  0.6244E-06        -11.55  0.3293   20.000  0.8601E-05        -11.55  0.3293   20.000  0.5205E-03        -11.55  0.3293   20.000  0.6888E-02
          3.9774      -11.55  0.3293   20.000  0.5834E-06        -11.55  0.3293   20.000  0.8051E-05        -11.55  0.3293   20.000  0.4903E-03        -11.55  0.3293   20.000  0.6536E-02
          3.9887      -11.55  0.3293   20.000  0.5569E-06        -11.55  0.3293   20.000  0.7694E-05        -11.55  0.3293   20.000  0.4707E-03        -11.55  0.3293   20.000  0.6305E-02
          4.0000      -11.55  0.3293   20.000  0.5315E-06        -11.55  0.3293   20.000  0.7353E-05        -11.55  0.3293   20.000  0.4518E-03        -11.55  0.3293   20.000  0.6082E-02
          4.0165      -11.55  0.3293   20.000  0.4966E-06        -11.55  0.3293   20.000  0.6882E-05        -11.55  0.3293   20.000  0.4256E-03        -11.55  0.3293   20.000  0.5769E-02
          4.0329      -11.55  0.3293   20.000  0.4640E-06        -11.55  0.3293   20.000  0.6442E-05        -11.55  0.3293   20.000  0.4009E-03        -11.55  0.3293   20.000  0.5472E-02
          4.0494      -11.55  0.3293   20.000  0.4336E-06        -11.55  0.3293   20.000  0.6030E-05        -11.55  0.3293   20.000  0.3776E-03        -11.55  0.3293   20.000  0.5189E-02
          4.0659      -11.55  0.3293   20.000  0.4051E-06        -11.55  0.3293   20.000  0.5644E-05        -11.55  0.3293   20.000  0.3557E-03        -11.55  0.3293   20.000  0.4921E-02
          4.0823      -11.55  0.3293   20.000  0.3786E-06        -11.55  0.3293   20.000  0.5283E-05        -11.55  0.3293   20.000  0.3350E-03        -11.55  0.3293   20.000  0.4665E-02
          4.0988      -11.55  0.3293   20.000  0.3537E-06        -11.55  0.3293   20.000  0.4945E-05        -11.55  0.3293   20.000  0.3154E-03        -11.55  0.3293   20.000  0.4423E-02
          4.1152      -11.55  0.3293   20.000  0.3306E-06        -11.55  0.3293   20.000  0.4628E-05        -11.55  0.3293   20.000  0.2971E-03        -11.55  0.3293   20.000  0.4192E-02
          4.1317      -11.55  0.3293   20.000  0.3089E-06        -11.55  0.3293   20.000  0.4332E-05        -11.55  0.3293   20.000  0.2797E-03        -11.55  0.3293   20.000  0.3973E-02
          4.1482      -11.55  0.3293   20.000  0.2887E-06        -11.55  0.3293   20.000  0.4055E-05        -11.55  0.3293   20.000  0.2634E-03        -11.55  0.3293   20.000  0.3765E-02
          4.1646      -11.55  0.3293   20.000  0.2698E-06        -11.55  0.3293   20.000  0.3796E-05        -11.55  0.3293   20.000  0.2480E-03        -11.55  0.3293   20.000  0.3568E-02
          4.1811      -11.55  0.3293   20.000  0.2521E-06        -11.55  0.3293   20.000  0.3553E-05        -11.55  0.3293   20.000  0.2335E-03        -11.55  0.3293   20.000  0.3380E-02
          4.1976      -11.55  0.3293   20.000  0.2356E-06        -11.55  0.3293   20.000  0.3326E-05        -11.55  0.3293   20.000  0.2198E-03        -11.55  0.3293   20.000  0.3202E-02
          4.2140      -11.55  0.3293   20.000  0.2202E-06        -11.55  0.3293   20.000  0.3113E-05        -11.55  0.3293   20.000  0.2070E-03        -11.55  0.3293   20.000  0.3033E-02
          4.2305      -11.55  0.3293   20.000  0.2058E-06        -11.55  0.3293   20.000  0.2914E-05        -11.55  0.3293   20.000  0.1948E-03        -11.55  0.3293   20.000  0.2873E-02
          4.2470      -11.55  0.3293   20.000  0.1923E-06        -11.55  0.3293   20.000  0.2728E-05        -11.55  0.3293   20.000  0.1834E-03        -11.55  0.3293   20.000  0.2720E-02
          4.2634      -11.55  0.3293   20.000  0.1797E-06        -11.55  0.3293   20.000  0.2553E-05        -11.55  0.3293   20.000  0.1727E-03        -11.55  0.3293   20.000  0.2576E-02
          4.2799      -11.55  0.3293   20.000  0.1680E-06        -11.55  0.3293   20.000  0.2390E-05        -11.55  0.3293   20.000  0.1625E-03        -11.55  0.3293   20.000  0.2439E-02
          4.2963      -11.55  0.3293   20.000  0.1570E-06        -11.55  0.3293   20.000  0.2237E-05        -11.55  0.3293   20.000  0.1530E-03        -11.55  0.3293   20.000  0.2309E-02
          4.3128      -11.55  0.3293   20.000  0.1468E-06        -11.55  0.3293   20.000  0.2094E-05        -11.55  0.3293   20.000  0.1440E-03        -11.55  0.3293   20.000  0.2186E-02
          4.3293      -11.55  0.3293   20.000  0.1372E-06        -11.55  0.3293   20.000  0.1961E-05        -11.55  0.3293   20.000  0.1355E-03        -11.55  0.3293   20.000  0.2069E-02
          4.3457      -11.55  0.3293   20.000  0.1282E-06        -11.55  0.3293   20.000  0.1835E-05        -11.55  0.3293   20.000  0.1275E-03        -11.55  0.3293   20.000  0.1958E-02
          4.3622      -11.55  0.3293   20.000  0.1199E-06        -11.55  0.3293   20.000  0.1718E-05        -11.55  0.3293   20.000  0.1200E-03        -11.55  0.3293   20.000  0.1853E-02
          4.3787      -11.55  0.3293   20.000  0.1120E-06        -11.55  0.3293   20.000  0.1608E-05        -11.55  0.3293   20.000  0.1129E-03        -11.55  0.3293   20.000  0.1753E-02
          4.3951      -11.55  0.3293   20.000  0.1047E-06        -11.55  0.3293   20.000  0.1505E-05        -11.55  0.3293   20.000  0.1063E-03        -11.55  0.3293   20.000  0.1659E-02
          4.4116      -11.55  0.3293   20.000  0.9789E-07        -11.55  0.3293   20.000  0.1409E-05        -11.55  0.3293   20.000  0.1000E-03        -11.55  0.3293   20.000  0.1569E-02
          4.4281      -11.55  0.3293   20.000  0.9151E-07        -11.55  0.3293   20.000  0.1319E-05        -11.55  0.3293   20.000  0.9410E-04        -11.55  0.3293   20.000  0.1485E-02
          4.4445      -11.55  0.3293   20.000  0.8554E-07        -11.55  0.3293   20.000  0.1235E-05        -11.55  0.3293   20.000  0.8854E-04        -11.55  0.3293   20.000  0.1404E-02
          4.4610      -11.55  0.3293   20.000  0.7996E-07        -11.55  0.3293   20.000  0.1156E-05        -11.55  0.3293   20.000  0.8331E-04        -11.55  0.3293   20.000  0.1328E-02
          4.4774      -11.55  0.3293   20.000  0.7475E-07        -11.55  0.3293   20.000  0.1082E-05        -11.55  0.3293   20.000  0.7838E-04        -11.55  0.3293   20.000  0.1256E-02
          4.4887      -11.55  0.3293   20.000  0.7138E-07        -11.55  0.3293   20.000  0.1034E-05        -11.55  0.3293   20.000  0.7517E-04        -11.55  0.3293   20.000  0.1209E-02
          4.5000      -11.55  0.3293   20.000  0.6816E-07        -11.55  0.3293   20.000  0.9888E-06        -11.55  0.3293   20.000  0.7210E-04        -11.55  0.3293   20.000  0.1163E-02
          4.5165      -11.55  0.3293   20.000  0.6372E-07        -11.55  0.3293   20.000  0.9256E-06        -11.55  0.3293   20.000  0.6783E-04        -11.55  0.3293   20.000  0.1100E-02
          4.5329      -11.55  0.3293   20.000  0.5957E-07        -11.55  0.3293   20.000  0.8666E-06        -11.55  0.3293   20.000  0.6381E-04        -11.55  0.3293   20.000  0.1040E-02
          4.5494      -11.55  0.3293   20.000  0.5569E-07        -11.55  0.3293   20.000  0.8112E-06        -11.55  0.3293   20.000  0.6002E-04        -11.55  0.3293   20.000  0.9830E-03
          4.5659      -11.55  0.3293   20.000  0.5207E-07        -11.55  0.3293   20.000  0.7595E-06        -11.55  0.3293   20.000  0.5646E-04        -11.55  0.3293   20.000  0.9292E-03
          4.5823      -11.55  0.3293   20.000  0.4868E-07        -11.55  0.3293   20.000  0.7110E-06        -11.55  0.3293   20.000  0.5311E-04        -11.55  0.3293   20.000  0.8783E-03
          4.5988      -11.55  0.3293   20.000  0.4551E-07        -11.55  0.3293   20.000  0.6656E-06        -11.55  0.3293   20.000  0.4996E-04        -11.55  0.3293   20.000  0.8300E-03
          4.6152      -11.55  0.3293   20.000  0.4255E-07        -11.55  0.3293   20.000  0.6232E-06        -11.55  0.3293   20.000  0.4699E-04        -11.55  0.3293   20.000  0.7844E-03
          4.6317      -11.55  0.3293   20.000  0.3979E-07        -11.55  0.3293   20.000  0.5834E-06        -11.55  0.3293   20.000  0.4420E-04        -11.55  0.3293   20.000  0.7412E-03
          4.6482      -11.55  0.3293   20.000  0.3720E-07        -11.55  0.3293   20.000  0.5462E-06        -11.55  0.3293   20.000  0.4157E-04        -11.55  0.3293   20.000  0.7004E-03
          4.6646      -11.55  0.3293   20.000  0.3478E-07        -11.55  0.3293   20.000  0.5113E-06        -11.55  0.3293   20.000  0.3909E-04        -11.55  0.3293   20.000  0.6617E-03
          4.6811      -11.55  0.3293   20.000  0.3252E-07        -11.55  0.3293   20.000  0.4787E-06        -11.55  0.3293   20.000  0.3677E-04        -11.55  0.3293   20.000  0.6251E-03
          4.6976      -11.55  0.3293   20.000  0.3041E-07        -11.55  0.3293   20.000  0.4482E-06        -11.55  0.3293   20.000  0.3458E-04        -11.55  0.3293   20.000  0.5905E-03
          4.7140      -11.55  0.3293   20.000  0.2844E-07        -11.55  0.3293   20.000  0.4196E-06        -11.55  0.3293   20.000  0.3252E-04        -11.55  0.3293   20.000  0.5578E-03
          4.7305      -11.55  0.3293   20.000  0.2659E-07        -11.55  0.3293   20.000  0.3928E-06        -11.55  0.3293   20.000  0.3058E-04        -11.55  0.3293   20.000  0.5268E-03
          4.7470      -11.55  0.3293   20.000  0.2486E-07        -11.55  0.3293   20.000  0.3678E-06        -11.55  0.3293   20.000  0.2875E-04        -11.55  0.3293   20.000  0.4976E-03
          4.7634      -11.55  0.3293   20.000  0.2325E-07        -11.55  0.3293   20.000  0.3443E-06        -11.55  0.3293   20.000  0.2704E-04        -11.55  0.3293   20.000  0.4699E-03
          4.7799      -11.55  0.3293   20.000  0.2174E-07        -11.55  0.3293   20.000  0.3224E-06        -11.55  0.3293   20.000  0.2542E-04        -11.55  0.3293   20.000  0.4437E-03
          4.7963      -11.55  0.3293   20.000  0.2033E-07        -11.55  0.3293   20.000  0.3018E-06        -11.55  0.3293   20.000  0.2391E-04        -11.55  0.3293   20.000  0.4190E-03
          4.8128      -11.55  0.3293   20.000  0.1901E-07        -11.55  0.3293   20.000  0.2826E-06        -11.55  0.3293   20.000  0.2248E-04        -11.55  0.3293   20.000  0.3956E-03
          4.8293      -11.55  0.3293   20.000  0.1778E-07        -11.55  0.3293   20.000  0.2646E-06        -11.55  0.3293   20.000  0.2113E-04        -11.55  0.3293   20.000  0.3735E-03
          4.8457      -11.55  0.3293   20.000  0.1663E-07        -11.55  0.3293   20.000  0.2477E-06        -11.55  0.3293   20.000  0.1987E-04        -11.55  0.3293   20.000  0.3526E-03
          4.8622      -11.55  0.3293   20.000  0.1555E-07        -11.55  0.3293   20.000  0.2319E-06        -11.55  0.3293   20.000  0.1868E-04        -11.55  0.3293   20.000  0.3328E-03
          4.8787      -11.55  0.3293   20.000  0.1454E-07        -11.55  0.3293   20.000  0.2172E-06        -11.55  0.3293   20.000  0.1756E-04        -11.55  0.3293   20.000  0.3141E-03
          4.8951      -11.55  0.3293   20.000  0.1360E-07        -11.55  0.3293   20.000  0.2033E-06        -11.55  0.3293   20.000  0.1651E-04        -11.55  0.3293   20.000  0.2965E-03
          4.9116      -11.55  0.3293   20.000  0.1272E-07        -11.55  0.3293   20.000  0.1904E-06        -11.55  0.3293   20.000  0.1552E-04        -11.55  0.3293   20.000  0.2798E-03
          4.9281      -11.55  0.3293   20.000  0.1189E-07        -11.55  0.3293   20.000  0.1783E-06        -11.55  0.3293   20.000  0.1459E-04        -11.55  0.3293   20.000  0.2641E-03
          4.9445      -11.55  0.3293   20.000  0.1112E-07        -11.55  0.3293   20.000  0.1669E-06        -11.55  0.3293   20.000  0.1372E-04        -11.55  0.3293   20.000  0.2492E-03
          4.9610      -11.55  0.3293   20.000  0.1040E-07        -11.55  0.3293   20.000  0.1563E-06        -11.55  0.3293   20.000  0.1290E-04        -11.55  0.3293   20.000  0.2352E-03
          4.9774      -11.55  0.3293   20.000  0.9731E-08        -11.55  0.3293   20.000  0.1463E-06        -11.55  0.3293   20.000  0.1212E-04        -11.55  0.3293   20.000  0.2219E-03
          4.9887      -11.55  0.3293   20.000  0.9294E-08        -11.55  0.3293   20.000  0.1399E-06        -11.55  0.3293   20.000  0.1162E-04        -11.55  0.3293   20.000  0.2132E-03
          5.0000      -11.55  0.3293   20.000  0.8878E-08        -11.55  0.3293   20.000  0.1337E-06        -11.55  0.3293   20.000  0.1114E-04        -11.55  0.3293   20.000  0.2049E-03
          5.0165      -11.55  0.3293   20.000  0.8304E-08        -11.55  0.3293   20.000  0.1252E-06        -11.55  0.3293   20.000  0.1047E-04        -11.55  0.3293   20.000  0.1933E-03
          5.0329      -11.55  0.3293   20.000  0.7767E-08        -11.55  0.3293   20.000  0.1172E-06        -11.55  0.3293   20.000  0.9839E-05        -11.55  0.3293   20.000  0.1823E-03
          5.0494      -11.55  0.3293   20.000  0.7264E-08        -11.55  0.3293   20.000  0.1098E-06        -11.55  0.3293   20.000  0.9248E-05        -11.55  0.3293   20.000  0.1720E-03
          5.0659      -11.55  0.3293   20.000  0.6795E-08        -11.55  0.3293   20.000  0.1028E-06        -11.55  0.3293   20.000  0.8692E-05        -11.55  0.3293   20.000  0.1622E-03
          5.0823      -11.55  0.3293   20.000  0.6355E-08        -11.55  0.3293   20.000  0.9623E-07        -11.55  0.3293   20.000  0.8170E-05        -11.55  0.3293   20.000  0.1530E-03
          5.0988      -11.55  0.3293   20.000  0.5945E-08        -11.55  0.3293   20.000  0.9011E-07        -11.55  0.3293   20.000  0.7678E-05        -11.55  0.3293   20.000  0.1443E-03
          5.1152      -11.55  0.3293   20.000  0.5560E-08        -11.55  0.3293   20.000  0.8437E-07        -11.55  0.3293   20.000  0.7216E-05        -11.55  0.3293   20.000  0.1361E-03
          5.1317      -11.55  0.3293   20.000  0.5201E-08        -11.55  0.3293   20.000  0.7901E-07        -11.55  0.3293   20.000  0.6782E-05        -11.55  0.3293   20.000  0.1284E-03
          5.1482      -11.55  0.3293   20.000  0.4865E-08        -11.55  0.3293   20.000  0.7398E-07        -11.55  0.3293   20.000  0.6374E-05        -11.55  0.3293   20.000  0.1210E-03
          5.1646      -11.55  0.3293   20.000  0.4551E-08        -11.55  0.3293   20.000  0.6927E-07        -11.55  0.3293   20.000  0.5990E-05        -11.55  0.3293   20.000  0.1141E-03
          5.1811      -11.55  0.3293   20.000  0.4257E-08        -11.55  0.3293   20.000  0.6487E-07        -11.55  0.3293   20.000  0.5629E-05        -11.55  0.3293   20.000  0.1076E-03
          5.1976      -11.55  0.3293   20.000  0.3982E-08        -11.55  0.3293   20.000  0.6074E-07        -11.55  0.3293   20.000  0.5290E-05        -11.55  0.3293   20.000  0.1015E-03
          5.2140      -11.55  0.3293   20.000  0.3725E-08        -11.55  0.3293   20.000  0.5688E-07        -11.55  0.3293   20.000  0.4971E-05        -11.55  0.3293   20.000  0.9565E-04
          5.2305      -11.55  0.3293   20.000  0.3485E-08        -11.55  0.3293   20.000  0.5326E-07        -11.55  0.3293   20.000  0.4671E-05        -11.55  0.3293   20.000  0.9017E-04
          5.2470      -11.55  0.3293   20.000  0.3260E-08        -11.55  0.3293   20.000  0.4987E-07        -11.55  0.3293   20.000  0.4389E-05        -11.55  0.3293   20.000  0.8500E-04
          5.2634      -11.55  0.3293   20.000  0.3050E-08        -11.55  0.3293   20.000  0.4670E-07        -11.55  0.3293   20.000  0.4124E-05        -11.55  0.3293   20.000  0.8013E-04
          5.2799      -11.55  0.3293   20.000  0.2853E-08        -11.55  0.3293   20.000  0.4373E-07        -11.55  0.3293   20.000  0.3875E-05        -11.55  0.3293   20.000  0.7553E-04
          5.2963      -11.55  0.3293   20.000  0.2669E-08        -11.55  0.3293   20.000  0.4095E-07        -11.55  0.3293   20.000  0.3641E-05        -11.55  0.3293   20.000  0.7119E-04
          5.3128      -11.55  0.3293   20.000  0.2497E-08        -11.55  0.3293   20.000  0.3835E-07        -11.55  0.3293   20.000  0.3421E-05        -11.55  0.3293   20.000  0.6709E-04
          5.3293      -11.55  0.3293   20.000  0.2336E-08        -11.55  0.3293   20.000  0.3591E-07        -11.55  0.3293   20.000  0.3215E-05        -11.55  0.3293   20.000  0.6323E-04
          5.3457      -11.55  0.3293   20.000  0.2186E-08        -11.55  0.3293   20.000  0.3363E-07        -11.55  0.3293   20.000  0.3020E-05        -11.55  0.3293   20.000  0.5959E-04
          5.3622      -11.55  0.3293   20.000  0.2045E-08        -11.55  0.3293   20.000  0.3149E-07        -11.55  0.3293   20.000  0.2838E-05        -11.55  0.3293   20.000  0.5615E-04
          5.3787      -11.55  0.3293   20.000  0.1913E-08        -11.55  0.3293   20.000  0.2949E-07        -11.55  0.3293   20.000  0.2666E-05        -11.55  0.3293   20.000  0.5292E-04
          5.3951      -11.55  0.3293   20.000  0.1790E-08        -11.55  0.3293   20.000  0.2762E-07        -11.55  0.3293   20.000  0.2505E-05        -11.55  0.3293   20.000  0.4986E-04
          5.4116      -11.55  0.3293   20.000  0.1674E-08        -11.55  0.3293   20.000  0.2586E-07        -11.55  0.3293   20.000  0.2353E-05        -11.55  0.3293   20.000  0.4698E-04
          5.4281      -11.55  0.3293   20.000  0.1567E-08        -11.55  0.3293   20.000  0.2422E-07        -11.55  0.3293   20.000  0.2211E-05        -11.55  0.3293   20.000  0.4426E-04
          5.4445      -11.55  0.3293   20.000  0.1466E-08        -11.55  0.3293   20.000  0.2268E-07        -11.55  0.3293   20.000  0.2077E-05        -11.55  0.3293   20.000  0.4170E-04
          5.4610      -11.55  0.3293   20.000  0.1371E-08        -11.55  0.3293   20.000  0.2124E-07        -11.55  0.3293   20.000  0.1951E-05        -11.55  0.3293   20.000  0.3929E-04
          5.4774      -11.55  0.3293   20.000  0.1283E-08        -11.55  0.3293   20.000  0.1989E-07        -11.55  0.3293   20.000  0.1833E-05        -11.55  0.3293   20.000  0.3701E-04
          5.4887      -11.55  0.3293   20.000  0.1226E-08        -11.55  0.3293   20.000  0.1902E-07        -11.55  0.3293   20.000  0.1756E-05        -11.55  0.3293   20.000  0.3553E-04
          5.5000      -11.55  0.3293   20.000  0.1171E-08        -11.55  0.3293   20.000  0.1818E-07        -11.55  0.3293   20.000  0.1683E-05        -11.55  0.3293   20.000  0.3410E-04
          5.5165      -11.55  0.3293   20.000  0.1096E-08        -11.55  0.3293   20.000  0.1703E-07        -11.55  0.3293   20.000  0.1581E-05        -11.55  0.3293   20.000  0.3213E-04
          5.5329      -11.55  0.3293   20.000  0.1025E-08        -11.55  0.3293   20.000  0.1595E-07        -11.55  0.3293   20.000  0.1485E-05        -11.55  0.3293   20.000  0.3026E-04
          5.5494      -11.55  0.3293   20.000  0.9595E-09        -11.55  0.3293   20.000  0.1493E-07        -11.55  0.3293   20.000  0.1395E-05        -11.55  0.3293   20.000  0.2850E-04
          5.5659      -11.55  0.3293   20.000  0.8978E-09        -11.55  0.3293   20.000  0.1399E-07        -11.55  0.3293   20.000  0.1310E-05        -11.55  0.3293   20.000  0.2684E-04
          5.5823      -11.55  0.3293   20.000  0.8401E-09        -11.55  0.3293   20.000  0.1310E-07        -11.55  0.3293   20.000  0.1231E-05        -11.55  0.3293   20.000  0.2528E-04
          5.5988      -11.55  0.3293   20.000  0.7861E-09        -11.55  0.3293   20.000  0.1227E-07        -11.55  0.3293   20.000  0.1156E-05        -11.55  0.3293   20.000  0.2381E-04
          5.6152      -11.55  0.3293   20.000  0.7356E-09        -11.55  0.3293   20.000  0.1149E-07        -11.55  0.3293   20.000  0.1086E-05        -11.55  0.3293   20.000  0.2242E-04
          5.6317      -11.55  0.3293   20.000  0.6883E-09        -11.55  0.3293   20.000  0.1076E-07        -11.55  0.3293   20.000  0.1020E-05        -11.55  0.3293   20.000  0.2111E-04
          5.6482      -11.55  0.3293   20.000  0.6441E-09        -11.55  0.3293   20.000  0.1008E-07        -11.55  0.3293   20.000  0.9580E-06        -11.55  0.3293   20.000  0.1988E-04
          5.6646      -11.55  0.3293   20.000  0.6027E-09        -11.55  0.3293   20.000  0.9437E-08        -11.55  0.3293   20.000  0.8998E-06        -11.55  0.3293   20.000  0.1872E-04
          5.6811      -11.55  0.3293   20.000  0.5640E-09        -11.55  0.3293   20.000  0.8838E-08        -11.55  0.3293   20.000  0.8452E-06        -11.55  0.3293   20.000  0.1763E-04
          5.6976      -11.55  0.3293   20.000  0.5278E-09        -11.55  0.3293   20.000  0.8277E-08        -11.55  0.3293   20.000  0.7938E-06        -11.55  0.3293   20.000  0.1660E-04
          5.7140      -11.55  0.3293   20.000  0.4939E-09        -11.55  0.3293   20.000  0.7752E-08        -11.55  0.3293   20.000  0.7455E-06        -11.55  0.3293   20.000  0.1563E-04
          5.7305      -11.55  0.3293   20.000  0.4622E-09        -11.55  0.3293   20.000  0.7261E-08        -11.55  0.3293   20.000  0.7002E-06        -11.55  0.3293   20.000  0.1471E-04
          5.7470      -11.55  0.3293   20.000  0.4325E-09        -11.55  0.3293   20.000  0.6800E-08        -11.55  0.3293   20.000  0.6576E-06        -11.55  0.3293   20.000  0.1385E-04
          5.7634      -11.55  0.3293   20.000  0.4048E-09        -11.55  0.3293   20.000  0.6369E-08        -11.55  0.3293   20.000  0.6176E-06        -11.55  0.3293   20.000  0.1304E-04
          5.7799      -11.55  0.3293   20.000  0.3788E-09        -11.55  0.3293   20.000  0.5965E-08        -11.55  0.3293   20.000  0.5801E-06        -11.55  0.3293   20.000  0.1227E-04
          5.7963      -11.55  0.3293   20.000  0.3545E-09        -11.55  0.3293   20.000  0.5587E-08        -11.55  0.3293   20.000  0.5448E-06        -11.55  0.3293   20.000  0.1155E-04
          5.8128      -11.55  0.3293   20.000  0.3317E-09        -11.55  0.3293   20.000  0.5233E-08        -11.55  0.3293   20.000  0.5116E-06        -11.55  0.3293   20.000  0.1088E-04
          5.8293      -11.55  0.3293   20.000  0.3105E-09        -11.55  0.3293   20.000  0.4901E-08        -11.55  0.3293   20.000  0.4805E-06        -11.55  0.3293   20.000  0.1024E-04
          5.8457      -11.55  0.3293   20.000  0.2906E-09        -11.55  0.3293   20.000  0.4590E-08        -11.55  0.3293   20.000  0.4512E-06        -11.55  0.3293   20.000  0.9636E-05
          5.8622      -11.55  0.3293   20.000  0.2719E-09        -11.55  0.3293   20.000  0.4299E-08        -11.55  0.3293   20.000  0.4237E-06        -11.55  0.3293   20.000  0.9069E-05
          5.8787      -11.55  0.3293   20.000  0.2545E-09        -11.55  0.3293   20.000  0.4027E-08        -11.55  0.3293   20.000  0.3979E-06        -11.55  0.3293   20.000  0.8536E-05
          5.8951      -11.55  0.3293   20.000  0.2382E-09        -11.55  0.3293   20.000  0.3771E-08        -11.55  0.3293   20.000  0.3737E-06        -11.55  0.3293   20.000  0.8033E-05
          5.9116      -11.55  0.3293   20.000  0.2229E-09        -11.55  0.3293   20.000  0.3532E-08        -11.55  0.3293   20.000  0.3509E-06        -11.55  0.3293   20.000  0.7560E-05
          5.9281      -11.55  0.3293   20.000  0.2086E-09        -11.55  0.3293   20.000  0.3309E-08        -11.55  0.3293   20.000  0.3295E-06        -11.55  0.3293   20.000  0.7115E-05
          5.9445      -11.55  0.3293   20.000  0.1953E-09        -11.55  0.3293   20.000  0.3099E-08        -11.55  0.3293   20.000  0.3094E-06        -11.55  0.3293   20.000  0.6696E-05
          5.9610      -11.55  0.3293   20.000  0.1828E-09        -11.55  0.3293   20.000  0.2903E-08        -11.55  0.3293   20.000  0.2906E-06        -11.55  0.3293   20.000  0.6301E-05
          5.9774      -11.55  0.3293   20.000  0.1710E-09        -11.55  0.3293   20.000  0.2719E-08        -11.55  0.3293   20.000  0.2728E-06        -11.55  0.3293   20.000  0.5929E-05
          5.9887      -11.55  0.3293   20.000  0.1635E-09        -11.55  0.3293   20.000  0.2599E-08        -11.55  0.3293   20.000  0.2613E-06        -11.55  0.3293   20.000  0.5687E-05
          6.0000      -11.55  0.3293   20.000  0.1562E-09        -11.55  0.3293   20.000  0.2485E-08        -11.55  0.3293   20.000  0.2503E-06        -11.55  0.3293   20.000  0.5455E-05
end
