 All solute fluxes and cumulative solute fluxes are positive into the region

       Time         cvTop        cvBot      Sum(cvTop)   Sum(cvBot)     cvCh0        cvCh1         cTop        cRoot         cBot        cvRoot    Sum(cvRoot)  Sum(cvNEql) TLevel      cGWL        cRunOff   Sum(cRunOff)    (cv(i),    Sum(cv(i)), i=1,NObs)
        [T]        [M/L2/T]     [M/L2/T]      [M/L2]       [M/L2]       [M/L2]      [M/L2]        [M/L3]      [M/L3]        [M/L3]      [M/L2/T]      [M/L2]       [M/L2]              [M/L3]        [M/L2]      [M/L3]      [M/L2/T]      [M/L2]
        0.0010  0.10000E+02  0.00000E+00  0.10000E-01  0.00000E+00  0.00000E+00  0.00000E+00  0.97742E-01  0.00000E+00  0.00000E+00  0.00000E+00  0.00000E+00  0.00000E+00       1  0.00000E+00  0.00000E+00  0.00000E+00
        0.0020  0.10000E+02  0.00000E+00  0.20000E-01  0.00000E+00  0.00000E+00  0.00000E+00  0.15858E+00  0.00000E+00  0.00000E+00  0.00000E+00  0.00000E+00  0.00000E+00       2  0.00000E+00  0.00000E+00  0.00000E+00
        0.0033  0.10000E+02  0.00000E+00  0.33000E-01  0.00000E+00  0.00000E+00  0.00000E+00  0.21326E+00  0.00000E+00  0.00000E+00  0.00000E+00  0.00000E+00  0.00000E+00       3  0.00000E+00  0.00000E+00  0.00000E+00
        0.0050  0.10000E+02  0.00000E+00  0.49900E-01  0.00000E+00  0.00000E+00  0.00000E+00  0.26426E+00  0.00000E+00  0.00000E+00  0.00000E+00  0.00000E+00  0.00000E+00       4  0.00000E+00  0.00000E+00  0.00000E+00
        0.0072  0.10000E+02  0.00000E+00  0.71870E-01  0.00000E+00  0.00000E+00  0.00000E+00  0.31411E+00  0.00000E+00  0.00000E+00  0.00000E+00  0.00000E+00  0.00000E+00       5  0.00000E+00  0.00000E+00  0.00000E+00
        0.0100  0.10000E+02  0.00000E+00  0.10043E+00  0.00000E+00  0.00000E+00  0.00000E+00  0.36449E+00  0.00000E+00  0.00000E+00  0.00000E+00  0.00000E+00  0.00000E+00       6  0.00000E+00  0.00000E+00  0.00000E+00
        0.0138  0.10000E+02  0.00000E+00  0.13756E+00  0.00000E+00  0.00000E+00  0.00000E+00  0.41617E+00  0.00000E+00  0.00000E+00  0.00000E+00  0.00000E+00  0.00000E+00       7  0.00000E+00  0.00000E+00  0.00000E+00
        0.0186  0.10000E+02  0.00000E+00  0.18583E+00  0.00000E+00  0.00000E+00  0.00000E+00  0.46938E+00  0.00000E+00  0.00000E+00  0.00000E+00  0.00000E+00  0.00000E+00       8  0.00000E+00  0.00000E+00  0.00000E+00
        0.0249  0.10000E+02  0.00000E+00  0.24858E+00  0.00000E+00  0.00000E+00  0.00000E+00  0.52404E+00  0.00000E+00  0.00000E+00  0.00000E+00  0.00000E+00  0.00000E+00       9  0.00000E+00  0.00000E+00  0.00000E+00
        0.0330  0.10000E+02  0.00000E+00  0.33015E+00  0.00000E+00  0.00000E+00  0.00000E+00  0.57980E+00  0.00000E+00  0.00000E+00  0.00000E+00  0.00000E+00  0.00000E+00      10  0.00000E+00  0.00000E+00  0.00000E+00
        0.0436  0.10000E+02  0.00000E+00  0.43619E+00  0.00000E+00  0.00000E+00  0.00000E+00  0.63605E+00  0.00000E+00  0.00000E+00  0.00000E+00  0.00000E+00  0.00000E+00      11  0.00000E+00  0.00000E+00  0.00000E+00
        0.0574  0.10000E+02  0.00000E+00  0.57405E+00  0.00000E+00  0.00000E+00  0.00000E+00  0.69192E+00  0.00000E+00  0.00000E+00  0.00000E+00  0.00000E+00  0.00000E+00      12  0.00000E+00  0.00000E+00  0.00000E+00
        0.0736  0.10000E+02 -0.58315E-26  0.73649E+00 -0.94724E-28  0.00000E+00  0.00000E+00  0.74186E+00  0.00000E+00  0.11489E-26  0.00000E+00  0.00000E+00  0.00000E+00      13  0.00000E+00  0.00000E+00  0.00000E+00
        0.0899  0.10000E+02 -0.32634E-24  0.89894E+00 -0.53961E-26  0.00000E+00  0.00000E+00  0.78054E+00  0.00000E+00  0.63163E-25  0.00000E+00  0.00000E+00  0.00000E+00      14  0.00000E+00  0.00000E+00  0.00000E+00
        0.1061  0.10000E+02 -0.94606E-23  0.10614E+01 -0.15913E-24  0.00000E+00  0.00000E+00  0.81140E+00  0.00000E+00  0.18022E-23  0.00000E+00  0.00000E+00  0.00000E+00      15  0.00000E+00  0.00000E+00  0.00000E+00
        0.1224  0.10000E+02 -0.18614E-21  0.12240E+01 -0.31854E-23  0.00000E+00  0.00000E+00  0.83660E+00  0.00000E+00  0.34927E-22  0.00000E+00  0.00000E+00  0.00000E+00      16  0.00000E+00  0.00000E+00  0.00000E+00
        0.1387  0.10000E+02 -0.27760E-20  0.13867E+01 -0.48348E-22  0.00000E+00  0.00000E+00  0.85749E+00  0.00000E+00  0.51330E-21  0.00000E+00  0.00000E+00  0.00000E+00      17  0.00000E+00  0.00000E+00  0.00000E+00
        0.1550  0.10000E+02 -0.33327E-19  0.15495E+01 -0.59096E-21  0.00000E+00  0.00000E+00  0.87506E+00  0.00000E+00  0.60749E-20  0.00000E+00  0.00000E+00  0.00000E+00      18  0.00000E+00  0.00000E+00  0.00000E+00
        0.1712  0.10000E+02 -0.33462E-18  0.17125E+01 -0.60441E-20  0.00000E+00  0.00000E+00  0.88997E+00  0.00000E+00  0.60145E-19  0.00000E+00  0.00000E+00  0.00000E+00      19  0.00000E+00  0.00000E+00  0.00000E+00
        0.1876  0.10000E+02 -0.28845E-17  0.18756E+01 -0.53098E-19  0.00000E+00  0.00000E+00  0.90273E+00  0.00000E+00  0.51133E-18  0.00000E+00  0.00000E+00  0.00000E+00      20  0.00000E+00  0.00000E+00  0.00000E+00
        0.2039  0.10000E+02 -0.21764E-16  0.20389E+01 -0.40848E-18  0.00000E+00  0.00000E+00  0.91373E+00  0.00000E+00  0.38052E-17  0.00000E+00  0.00000E+00  0.00000E+00      21  0.00000E+00  0.00000E+00  0.00000E+00
        0.2202  0.10000E+02 -0.14584E-15  0.22024E+01 -0.27923E-17  0.00000E+00  0.00000E+00  0.92326E+00  0.00000E+00  0.25151E-16  0.00000E+00  0.00000E+00  0.00000E+00      22  0.00000E+00  0.00000E+00  0.00000E+00
        0.2366  0.10000E+02 -0.87805E-15  0.23660E+01 -0.17158E-16  0.00000E+00  0.00000E+00  0.93156E+00  0.00000E+00  0.14936E-15  0.00000E+00  0.00000E+00  0.00000E+00      23  0.00000E+00  0.00000E+00  0.00000E+00
        0.2530  0.10000E+02 -0.47941E-14  0.25297E+01 -0.95663E-16  0.00000E+00  0.00000E+00  0.93883E+00  0.00000E+00  0.80434E-15  0.00000E+00  0.00000E+00  0.00000E+00      24  0.00000E+00  0.00000E+00  0.00000E+00
        0.2694  0.10000E+02 -0.23923E-13  0.26936E+01 -0.48773E-15  0.00000E+00  0.00000E+00  0.94521E+00  0.00000E+00  0.39587E-14  0.00000E+00  0.00000E+00  0.00000E+00      25  0.00000E+00  0.00000E+00  0.00000E+00
        0.2858  0.10000E+02 -0.10982E-12  0.28576E+01 -0.22889E-14  0.00000E+00  0.00000E+00  0.95083E+00  0.00000E+00  0.17923E-13  0.00000E+00  0.00000E+00  0.00000E+00      26  0.00000E+00  0.00000E+00  0.00000E+00
        0.3022  0.10000E+02 -0.46645E-12  0.30217E+01 -0.99438E-14  0.00000E+00  0.00000E+00  0.95580E+00  0.00000E+00  0.75073E-13  0.00000E+00  0.00000E+00  0.00000E+00      27  0.00000E+00  0.00000E+00  0.00000E+00
        0.3186  0.10000E+02 -0.18419E-11  0.31859E+01 -0.40189E-13  0.00000E+00  0.00000E+00  0.96021E+00  0.00000E+00  0.29236E-12  0.00000E+00  0.00000E+00  0.00000E+00      28  0.00000E+00  0.00000E+00  0.00000E+00
        0.3350  0.10000E+02 -0.67925E-11  0.33502E+01 -0.15178E-12  0.00000E+00  0.00000E+00  0.96412E+00  0.00000E+00  0.10632E-11  0.00000E+00  0.00000E+00  0.00000E+00      29  0.00000E+00  0.00000E+00  0.00000E+00
        0.3515  0.10000E+02 -0.23484E-10  0.35146E+01 -0.53772E-12  0.00000E+00  0.00000E+00  0.96761E+00  0.00000E+00  0.36253E-11  0.00000E+00  0.00000E+00  0.00000E+00      30  0.00000E+00  0.00000E+00  0.00000E+00
        0.3679  0.10000E+02 -0.76390E-10  0.36790E+01 -0.17936E-11  0.00000E+00  0.00000E+00  0.97072E+00  0.00000E+00  0.11631E-10  0.00000E+00  0.00000E+00  0.00000E+00      31  0.00000E+00  0.00000E+00  0.00000E+00
        0.3843  0.10000E+02 -0.23457E-09  0.38434E+01 -0.56509E-11  0.00000E+00  0.00000E+00  0.97350E+00  0.00000E+00  0.35229E-10  0.00000E+00  0.00000E+00  0.00000E+00      32  0.00000E+00  0.00000E+00  0.00000E+00
        0.4008  0.10000E+02 -0.68199E-09  0.40079E+01 -0.16869E-10  0.00000E+00  0.00000E+00  0.97599E+00  0.00000E+00  0.10105E-09  0.00000E+00  0.00000E+00  0.00000E+00      33  0.00000E+00  0.00000E+00  0.00000E+00
        0.4172  0.10000E+02 -0.18828E-08  0.41724E+01 -0.47844E-10  0.00000E+00  0.00000E+00  0.97822E+00  0.00000E+00  0.27524E-09  0.00000E+00  0.00000E+00  0.00000E+00      34  0.00000E+00  0.00000E+00  0.00000E+00
        0.4337  0.10000E+02 -0.49485E-08  0.43369E+01 -0.12927E-09  0.00000E+00  0.00000E+00  0.98023E+00  0.00000E+00  0.71389E-09  0.00000E+00  0.00000E+00  0.00000E+00      35  0.00000E+00  0.00000E+00  0.00000E+00
        0.4502  0.10000E+02 -0.12413E-07  0.45015E+01 -0.33354E-09  0.00000E+00  0.00000E+00  0.98203E+00  0.00000E+00  0.17676E-08  0.00000E+00  0.00000E+00  0.00000E+00      36  0.00000E+00  0.00000E+00  0.00000E+00
        0.4666  0.10000E+02 -0.29789E-07  0.46661E+01 -0.82379E-09  0.00000E+00  0.00000E+00  0.98366E+00  0.00000E+00  0.41880E-08  0.00000E+00  0.00000E+00  0.00000E+00      37  0.00000E+00  0.00000E+00  0.00000E+00
        0.4831  0.10000E+02 -0.68541E-07  0.48307E+01 -0.19519E-08  0.00000E+00  0.00000E+00  0.98513E+00  0.00000E+00  0.95164E-08  0.00000E+00  0.00000E+00  0.00000E+00      38  0.00000E+00  0.00000E+00  0.00000E+00
        0.4915  0.10000E+02 -0.11845E-06  0.49153E+01 -0.29547E-08  0.00000E+00  0.00000E+00  0.98584E+00  0.00000E+00  0.14167E-07  0.00000E+00  0.00000E+00  0.00000E+00      39  0.00000E+00  0.00000E+00  0.00000E+00
        0.5000  0.10000E+02 -0.17535E-06  0.50000E+01 -0.44392E-08  0.00000E+00  0.00000E+00  0.98650E+00  0.00000E+00  0.20896E-07  0.00000E+00  0.00000E+00  0.00000E+00      40  0.00000E+00  0.00000E+00  0.00000E+00
        0.5165 -0.00000E+00 -0.32445E-06  0.50000E+01 -0.97800E-08  0.00000E+00  0.00000E+00  0.41535E+00  0.00000E+00  0.43983E-07  0.00000E+00  0.00000E+00  0.00000E+00      41  0.00000E+00  0.00000E+00  0.00000E+00
        0.5329 -0.00000E+00 -0.66684E-06  0.50000E+01 -0.20757E-07  0.00000E+00  0.00000E+00  0.47552E+00  0.00000E+00  0.89369E-07  0.00000E+00  0.00000E+00  0.00000E+00      42  0.00000E+00  0.00000E+00  0.00000E+00
        0.5494 -0.00000E+00 -0.13245E-05  0.50000E+01 -0.42562E-07  0.00000E+00  0.00000E+00  0.27479E+00  0.00000E+00  0.17551E-06  0.00000E+00  0.00000E+00  0.00000E+00      43  0.00000E+00  0.00000E+00  0.00000E+00
        0.5658 -0.00000E+00 -0.25465E-05  0.50000E+01 -0.84484E-07  0.00000E+00  0.00000E+00  0.30760E+00  0.00000E+00  0.33375E-06  0.00000E+00  0.00000E+00  0.00000E+00      44  0.00000E+00  0.00000E+00  0.00000E+00
        0.5823 -0.00000E+00 -0.47466E-05  0.50000E+01 -0.16263E-06  0.00000E+00  0.00000E+00  0.19768E+00  0.00000E+00  0.61552E-06  0.00000E+00  0.00000E+00  0.00000E+00      45  0.00000E+00  0.00000E+00  0.00000E+00
        0.5988 -0.00000E+00 -0.85918E-05  0.50000E+01 -0.30408E-06  0.00000E+00  0.00000E+00  0.21616E+00  0.00000E+00  0.11028E-05  0.00000E+00  0.00000E+00  0.00000E+00      46  0.00000E+00  0.00000E+00  0.00000E+00
        0.6152 -0.00000E+00 -0.15126E-04  0.50000E+01 -0.55310E-06  0.00000E+00  0.00000E+00  0.14827E+00  0.00000E+00  0.19223E-05  0.00000E+00  0.00000E+00  0.00000E+00      47  0.00000E+00  0.00000E+00  0.00000E+00
        0.6317 -0.00000E+00 -0.25937E-04  0.50000E+01 -0.98011E-06  0.00000E+00  0.00000E+00  0.15853E+00  0.00000E+00  0.32650E-05  0.00000E+00  0.00000E+00  0.00000E+00      48  0.00000E+00  0.00000E+00  0.00000E+00
        0.6482 -0.00000E+00 -0.43380E-04  0.50000E+01 -0.16943E-05  0.00000E+00  0.00000E+00  0.11407E+00  0.00000E+00  0.54109E-05  0.00000E+00  0.00000E+00  0.00000E+00      49  0.00000E+00  0.00000E+00  0.00000E+00
        0.6646 -0.00000E+00 -0.70861E-04  0.50000E+01 -0.28609E-05  0.00000E+00  0.00000E+00  0.11948E+00  0.00000E+00  0.87610E-05  0.00000E+00  0.00000E+00  0.00000E+00      50  0.00000E+00  0.00000E+00  0.00000E+00
        0.6811 -0.00000E+00 -0.11319E-03  0.50000E+01 -0.47244E-05  0.00000E+00  0.00000E+00  0.89291E-01  0.00000E+00  0.13876E-04  0.00000E+00  0.00000E+00  0.00000E+00      51  0.00000E+00  0.00000E+00  0.00000E+00
        0.6976 -0.00000E+00 -0.17701E-03  0.50000E+01 -0.76386E-05  0.00000E+00  0.00000E+00  0.91811E-01  0.00000E+00  0.21525E-04  0.00000E+00  0.00000E+00  0.00000E+00      52  0.00000E+00  0.00000E+00  0.00000E+00
        0.7140 -0.00000E+00 -0.27131E-03  0.50000E+01 -0.12105E-04  0.00000E+00  0.00000E+00  0.70785E-01  0.00000E+00  0.32737E-04  0.00000E+00  0.00000E+00  0.00000E+00      53  0.00000E+00  0.00000E+00  0.00000E+00
        0.7305 -0.00000E+00 -0.40803E-03  0.50000E+01 -0.18823E-04  0.00000E+00  0.00000E+00  0.71596E-01  0.00000E+00  0.48868E-04  0.00000E+00  0.00000E+00  0.00000E+00      54  0.00000E+00  0.00000E+00  0.00000E+00
        0.7469 -0.00000E+00 -0.60267E-03  0.50000E+01 -0.28745E-04  0.00000E+00  0.00000E+00  0.56660E-01  0.00000E+00  0.71665E-04  0.00000E+00  0.00000E+00  0.00000E+00      55  0.00000E+00  0.00000E+00  0.00000E+00
        0.7634 -0.00000E+00 -0.87509E-03  0.50000E+01 -0.43152E-04  0.00000E+00  0.00000E+00  0.56490E-01  0.00000E+00  0.10335E-03  0.00000E+00  0.00000E+00  0.00000E+00      56  0.00000E+00  0.00000E+00  0.00000E+00
        0.7799 -0.00000E+00 -0.12502E-02  0.50000E+01 -0.63736E-04  0.00000E+00  0.00000E+00  0.45704E-01  0.00000E+00  0.14669E-03  0.00000E+00  0.00000E+00  0.00000E+00      57  0.00000E+00  0.00000E+00  0.00000E+00
        0.7963 -0.00000E+00 -0.17589E-02  0.50000E+01 -0.92694E-04  0.00000E+00  0.00000E+00  0.45000E-01  0.00000E+00  0.20509E-03  0.00000E+00  0.00000E+00  0.00000E+00      58  0.00000E+00  0.00000E+00  0.00000E+00
        0.8128 -0.00000E+00 -0.24388E-02  0.50000E+01 -0.13285E-03  0.00000E+00  0.00000E+00  0.37099E-01  0.00000E+00  0.28267E-03  0.00000E+00  0.00000E+00  0.00000E+00      59  0.00000E+00  0.00000E+00  0.00000E+00
        0.8293 -0.00000E+00 -0.33351E-02  0.50000E+01 -0.18775E-03  0.00000E+00  0.00000E+00  0.36136E-01  0.00000E+00  0.38434E-03  0.00000E+00  0.00000E+00  0.00000E+00      60  0.00000E+00  0.00000E+00  0.00000E+00
        0.8457 -0.00000E+00 -0.45012E-02  0.50000E+01 -0.26186E-03  0.00000E+00  0.00000E+00  0.30273E-01  0.00000E+00  0.51589E-03  0.00000E+00  0.00000E+00  0.00000E+00      61  0.00000E+00  0.00000E+00  0.00000E+00
        0.8622 -0.00000E+00 -0.59996E-02  0.50000E+01 -0.36064E-03  0.00000E+00  0.00000E+00  0.29217E-01  0.00000E+00  0.68404E-03  0.00000E+00  0.00000E+00  0.00000E+00      62  0.00000E+00  0.00000E+00  0.00000E+00
        0.8787 -0.00000E+00 -0.79027E-02  0.50000E+01 -0.49074E-03  0.00000E+00  0.00000E+00  0.24815E-01  0.00000E+00  0.89650E-03  0.00000E+00  0.00000E+00  0.00000E+00      63  0.00000E+00  0.00000E+00  0.00000E+00
        0.8951 -0.00000E+00 -0.10293E-01  0.50000E+01 -0.66020E-03  0.00000E+00  0.00000E+00  0.23762E-01  0.00000E+00  0.11620E-02  0.00000E+00  0.00000E+00  0.00000E+00      64  0.00000E+00  0.00000E+00  0.00000E+00
        0.9116 -0.00000E+00 -0.13262E-01  0.50000E+01 -0.87855E-03  0.00000E+00  0.00000E+00  0.20421E-01  0.00000E+00  0.14904E-02  0.00000E+00  0.00000E+00  0.00000E+00      65  0.00000E+00  0.00000E+00  0.00000E+00
        0.9280 -0.00000E+00 -0.16915E-01  0.50000E+01 -0.11570E-02  0.00000E+00  0.00000E+00  0.19425E-01  0.00000E+00  0.18926E-02  0.00000E+00  0.00000E+00  0.00000E+00      66  0.00000E+00  0.00000E+00  0.00000E+00
        0.9445 -0.00000E+00 -0.21366E-01  0.50000E+01 -0.15088E-02  0.00000E+00  0.00000E+00  0.16863E-01  0.00000E+00  0.23805E-02  0.00000E+00  0.00000E+00  0.00000E+00      67  0.00000E+00  0.00000E+00  0.00000E+00
        0.9610 -0.00000E+00 -0.26739E-01  0.50000E+01 -0.19490E-02  0.00000E+00  0.00000E+00  0.15951E-01  0.00000E+00  0.29672E-02  0.00000E+00  0.00000E+00  0.00000E+00      68  0.00000E+00  0.00000E+00  0.00000E+00
        0.9774 -0.00000E+00 -0.33169E-01  0.50000E+01 -0.24951E-02  0.00000E+00  0.00000E+00  0.13968E-01  0.00000E+00  0.36665E-02  0.00000E+00  0.00000E+00  0.00000E+00      69  0.00000E+00  0.00000E+00  0.00000E+00
        0.9887 -0.00000E+00 -0.39426E-01  0.50000E+01 -0.29399E-02  0.00000E+00  0.00000E+00  0.13504E-01  0.00000E+00  0.42188E-02  0.00000E+00  0.00000E+00  0.00000E+00      70  0.00000E+00  0.00000E+00  0.00000E+00
        1.0000 -0.00000E+00 -0.45273E-01  0.50000E+01 -0.34506E-02  0.00000E+00  0.00000E+00  0.12356E-01  0.00000E+00  0.48358E-02  0.00000E+00  0.00000E+00  0.00000E+00      71  0.00000E+00  0.00000E+00  0.00000E+00
        1.0165 -0.00000E+00 -0.53494E-01  0.50000E+01 -0.43313E-02  0.00000E+00  0.00000E+00  0.11488E-01  0.00000E+00  0.58630E-02  0.00000E+00  0.00000E+00  0.00000E+00      72  0.00000E+00  0.00000E+00  0.00000E+00
        1.0329 -0.00000E+00 -0.64597E-01  0.50000E+01 -0.53948E-02  0.00000E+00  0.00000E+00  0.10276E-01  0.00000E+00  0.70564E-02  0.00000E+00  0.00000E+00  0.00000E+00      73  0.00000E+00  0.00000E+00  0.00000E+00
        1.0494 -0.00000E+00 -0.77447E-01  0.50000E+01 -0.66699E-02  0.00000E+00  0.00000E+00  0.95346E-02  0.00000E+00  0.84330E-02  0.00000E+00  0.00000E+00  0.00000E+00      74  0.00000E+00  0.00000E+00  0.00000E+00
        1.0659 -0.00000E+00 -0.92218E-01  0.50000E+01 -0.81881E-02  0.00000E+00  0.00000E+00  0.85651E-02  0.00000E+00  0.10011E-01  0.00000E+00  0.00000E+00  0.00000E+00      75  0.00000E+00  0.00000E+00  0.00000E+00
        1.0823 -0.00000E+00 -0.10909E+00  0.50000E+01 -0.99841E-02  0.00000E+00  0.00000E+00  0.79354E-02  0.00000E+00  0.11807E-01  0.00000E+00  0.00000E+00  0.00000E+00      76  0.00000E+00  0.00000E+00  0.00000E+00
        1.0988 -0.00000E+00 -0.12823E+00  0.50000E+01 -0.12095E-01  0.00000E+00  0.00000E+00  0.71551E-02  0.00000E+00  0.13840E-01  0.00000E+00  0.00000E+00  0.00000E+00      77  0.00000E+00  0.00000E+00  0.00000E+00
        1.1152 -0.00000E+00 -0.14984E+00  0.50000E+01 -0.14562E-01  0.00000E+00  0.00000E+00  0.66214E-02  0.00000E+00  0.16127E-01  0.00000E+00  0.00000E+00  0.00000E+00      78  0.00000E+00  0.00000E+00  0.00000E+00
        1.1317 -0.00000E+00 -0.17407E+00  0.50000E+01 -0.17428E-01  0.00000E+00  0.00000E+00  0.59896E-02  0.00000E+00  0.18686E-01  0.00000E+00  0.00000E+00  0.00000E+00      79  0.00000E+00  0.00000E+00  0.00000E+00
        1.1482 -0.00000E+00 -0.20111E+00  0.50000E+01 -0.20739E-01  0.00000E+00  0.00000E+00  0.55380E-02  0.00000E+00  0.21535E-01  0.00000E+00  0.00000E+00  0.00000E+00      80  0.00000E+00  0.00000E+00  0.00000E+00
        1.1646 -0.00000E+00 -0.23112E+00  0.50000E+01 -0.24544E-01  0.00000E+00  0.00000E+00  0.50236E-02  0.00000E+00  0.24688E-01  0.00000E+00  0.00000E+00  0.00000E+00      81  0.00000E+00  0.00000E+00  0.00000E+00
        1.1811 -0.00000E+00 -0.26425E+00  0.50000E+01 -0.28895E-01  0.00000E+00  0.00000E+00  0.46418E-02  0.00000E+00  0.28162E-01  0.00000E+00  0.00000E+00  0.00000E+00      82  0.00000E+00  0.00000E+00  0.00000E+00
        1.1976 -0.00000E+00 -0.30066E+00  0.50000E+01 -0.33845E-01  0.00000E+00  0.00000E+00  0.42210E-02  0.00000E+00  0.31970E-01  0.00000E+00  0.00000E+00  0.00000E+00      83  0.00000E+00  0.00000E+00  0.00000E+00
        1.2140 -0.00000E+00 -0.34048E+00  0.50000E+01 -0.39450E-01  0.00000E+00  0.00000E+00  0.38983E-02  0.00000E+00  0.36126E-01  0.00000E+00  0.00000E+00  0.00000E+00      84  0.00000E+00  0.00000E+00  0.00000E+00
        1.2305 -0.00000E+00 -0.38384E+00  0.50000E+01 -0.45770E-01  0.00000E+00  0.00000E+00  0.35525E-02  0.00000E+00  0.40641E-01  0.00000E+00  0.00000E+00  0.00000E+00      85  0.00000E+00  0.00000E+00  0.00000E+00
        1.2470 -0.00000E+00 -0.43083E+00  0.50000E+01 -0.52863E-01  0.00000E+00  0.00000E+00  0.32799E-02  0.00000E+00  0.45525E-01  0.00000E+00  0.00000E+00  0.00000E+00      86  0.00000E+00  0.00000E+00  0.00000E+00
        1.2634 -0.00000E+00 -0.48155E+00  0.50000E+01 -0.60791E-01  0.00000E+00  0.00000E+00  0.29946E-02  0.00000E+00  0.50785E-01  0.00000E+00  0.00000E+00  0.00000E+00      87  0.00000E+00  0.00000E+00  0.00000E+00
        1.2799 -0.00000E+00 -0.53606E+00  0.50000E+01 -0.69616E-01  0.00000E+00  0.00000E+00  0.27642E-02  0.00000E+00  0.56427E-01  0.00000E+00  0.00000E+00  0.00000E+00      88  0.00000E+00  0.00000E+00  0.00000E+00
        1.2963 -0.00000E+00 -0.59441E+00  0.50000E+01 -0.79402E-01  0.00000E+00  0.00000E+00  0.25279E-02  0.00000E+00  0.62454E-01  0.00000E+00  0.00000E+00  0.00000E+00      89  0.00000E+00  0.00000E+00  0.00000E+00
        1.3128 -0.00000E+00 -0.65661E+00  0.50000E+01 -0.90213E-01  0.00000E+00  0.00000E+00  0.23332E-02  0.00000E+00  0.68868E-01  0.00000E+00  0.00000E+00  0.00000E+00      90  0.00000E+00  0.00000E+00  0.00000E+00
        1.3293 -0.00000E+00 -0.72268E+00  0.50000E+01 -0.10211E+00  0.00000E+00  0.00000E+00  0.21369E-02  0.00000E+00  0.75668E-01  0.00000E+00  0.00000E+00  0.00000E+00      91  0.00000E+00  0.00000E+00  0.00000E+00
        1.3457 -0.00000E+00 -0.79258E+00  0.50000E+01 -0.11516E+00  0.00000E+00  0.00000E+00  0.19723E-02  0.00000E+00  0.82848E-01  0.00000E+00  0.00000E+00  0.00000E+00      92  0.00000E+00  0.00000E+00  0.00000E+00
        1.3622 -0.00000E+00 -0.86625E+00  0.50000E+01 -0.12942E+00  0.00000E+00  0.00000E+00  0.18086E-02  0.00000E+00  0.90402E-01  0.00000E+00  0.00000E+00  0.00000E+00      93  0.00000E+00  0.00000E+00  0.00000E+00
        1.3787 -0.00000E+00 -0.94362E+00  0.50000E+01 -0.14496E+00  0.00000E+00  0.00000E+00  0.16694E-02  0.00000E+00  0.98322E-01  0.00000E+00  0.00000E+00  0.00000E+00      94  0.00000E+00  0.00000E+00  0.00000E+00
        1.3951 -0.00000E+00 -0.10246E+01  0.50000E+01 -0.16183E+00  0.00000E+00  0.00000E+00  0.15327E-02  0.00000E+00  0.10659E+00  0.00000E+00  0.00000E+00  0.00000E+00      95  0.00000E+00  0.00000E+00  0.00000E+00
        1.4116 -0.00000E+00 -0.11090E+01  0.50000E+01 -0.18008E+00  0.00000E+00  0.00000E+00  0.14149E-02  0.00000E+00  0.11520E+00  0.00000E+00  0.00000E+00  0.00000E+00      96  0.00000E+00  0.00000E+00  0.00000E+00
        1.4281 -0.00000E+00 -0.11967E+01  0.50000E+01 -0.19979E+00  0.00000E+00  0.00000E+00  0.13003E-02  0.00000E+00  0.12413E+00  0.00000E+00  0.00000E+00  0.00000E+00      97  0.00000E+00  0.00000E+00  0.00000E+00
        1.4445 -0.00000E+00 -0.12875E+01  0.50000E+01 -0.22098E+00  0.00000E+00  0.00000E+00  0.12005E-02  0.00000E+00  0.13336E+00  0.00000E+00  0.00000E+00  0.00000E+00      98  0.00000E+00  0.00000E+00  0.00000E+00
        1.4610 -0.00000E+00 -0.13812E+01  0.50000E+01 -0.24372E+00  0.00000E+00  0.00000E+00  0.11043E-02  0.00000E+00  0.14287E+00  0.00000E+00  0.00000E+00  0.00000E+00      99  0.00000E+00  0.00000E+00  0.00000E+00
        1.4774 -0.00000E+00 -0.14775E+01  0.50000E+01 -0.26805E+00  0.00000E+00  0.00000E+00  0.10198E-02  0.00000E+00  0.15263E+00  0.00000E+00  0.00000E+00  0.00000E+00     100  0.00000E+00  0.00000E+00  0.00000E+00
        1.4887 -0.00000E+00 -0.15604E+01  0.50000E+01 -0.28564E+00  0.00000E+00  0.00000E+00  0.96277E-03  0.00000E+00  0.15945E+00  0.00000E+00  0.00000E+00  0.00000E+00     101  0.00000E+00  0.00000E+00  0.00000E+00
        1.5000 -0.00000E+00 -0.16290E+01  0.50000E+01 -0.30401E+00  0.00000E+00  0.00000E+00  0.91180E-03  0.00000E+00  0.16636E+00  0.00000E+00  0.00000E+00  0.00000E+00     102  0.00000E+00  0.00000E+00  0.00000E+00
        1.5165 -0.00000E+00 -0.17148E+01  0.50000E+01 -0.33224E+00  0.00000E+00  0.00000E+00  0.84057E-03  0.00000E+00  0.17660E+00  0.00000E+00  0.00000E+00  0.00000E+00     103  0.00000E+00  0.00000E+00  0.00000E+00
        1.5329 -0.00000E+00 -0.18179E+01  0.50000E+01 -0.36217E+00  0.00000E+00  0.00000E+00  0.77614E-03  0.00000E+00  0.18699E+00  0.00000E+00  0.00000E+00  0.00000E+00     104  0.00000E+00  0.00000E+00  0.00000E+00
        1.5494 -0.00000E+00 -0.19224E+01  0.50000E+01 -0.39382E+00  0.00000E+00  0.00000E+00  0.71578E-03  0.00000E+00  0.19750E+00  0.00000E+00  0.00000E+00  0.00000E+00     105  0.00000E+00  0.00000E+00  0.00000E+00
        1.5659 -0.00000E+00 -0.20279E+01  0.50000E+01 -0.42721E+00  0.00000E+00  0.00000E+00  0.66114E-03  0.00000E+00  0.20809E+00  0.00000E+00  0.00000E+00  0.00000E+00     106  0.00000E+00  0.00000E+00  0.00000E+00
        1.5823 -0.00000E+00 -0.21341E+01  0.50000E+01 -0.46234E+00  0.00000E+00  0.00000E+00  0.61004E-03  0.00000E+00  0.21872E+00  0.00000E+00  0.00000E+00  0.00000E+00     107  0.00000E+00  0.00000E+00  0.00000E+00
        1.5988 -0.00000E+00 -0.22405E+01  0.50000E+01 -0.49923E+00  0.00000E+00  0.00000E+00  0.56366E-03  0.00000E+00  0.22937E+00  0.00000E+00  0.00000E+00  0.00000E+00     108  0.00000E+00  0.00000E+00  0.00000E+00
        1.6152 -0.00000E+00 -0.23468E+01  0.50000E+01 -0.53787E+00  0.00000E+00  0.00000E+00  0.52036E-03  0.00000E+00  0.23999E+00  0.00000E+00  0.00000E+00  0.00000E+00     109  0.00000E+00  0.00000E+00  0.00000E+00
        1.6317 -0.00000E+00 -0.24527E+01  0.50000E+01 -0.57825E+00  0.00000E+00  0.00000E+00  0.48095E-03  0.00000E+00  0.25054E+00  0.00000E+00  0.00000E+00  0.00000E+00     110  0.00000E+00  0.00000E+00  0.00000E+00
        1.6482 -0.00000E+00 -0.25577E+01  0.50000E+01 -0.62036E+00  0.00000E+00  0.00000E+00  0.44422E-03  0.00000E+00  0.26099E+00  0.00000E+00  0.00000E+00  0.00000E+00     111  0.00000E+00  0.00000E+00  0.00000E+00
        1.6646 -0.00000E+00 -0.26615E+01  0.50000E+01 -0.66417E+00  0.00000E+00  0.00000E+00  0.41070E-03  0.00000E+00  0.27130E+00  0.00000E+00  0.00000E+00  0.00000E+00     112  0.00000E+00  0.00000E+00  0.00000E+00
        1.6811 -0.00000E+00 -0.27637E+01  0.50000E+01 -0.70967E+00  0.00000E+00  0.00000E+00  0.37951E-03  0.00000E+00  0.28144E+00  0.00000E+00  0.00000E+00  0.00000E+00     113  0.00000E+00  0.00000E+00  0.00000E+00
        1.6976 -0.00000E+00 -0.28640E+01  0.50000E+01 -0.75683E+00  0.00000E+00  0.00000E+00  0.35099E-03  0.00000E+00  0.29136E+00  0.00000E+00  0.00000E+00  0.00000E+00     114  0.00000E+00  0.00000E+00  0.00000E+00
        1.7140 -0.00000E+00 -0.29620E+01  0.50000E+01 -0.80559E+00  0.00000E+00  0.00000E+00  0.32446E-03  0.00000E+00  0.30104E+00  0.00000E+00  0.00000E+00  0.00000E+00     115  0.00000E+00  0.00000E+00  0.00000E+00
        1.7305 -0.00000E+00 -0.30574E+01  0.50000E+01 -0.85593E+00  0.00000E+00  0.00000E+00  0.30017E-03  0.00000E+00  0.31043E+00  0.00000E+00  0.00000E+00  0.00000E+00     116  0.00000E+00  0.00000E+00  0.00000E+00
        1.7470 -0.00000E+00 -0.31498E+01  0.50000E+01 -0.90778E+00  0.00000E+00  0.00000E+00  0.27760E-03  0.00000E+00  0.31952E+00  0.00000E+00  0.00000E+00  0.00000E+00     117  0.00000E+00  0.00000E+00  0.00000E+00
        1.7634 -0.00000E+00 -0.32390E+01  0.50000E+01 -0.96111E+00  0.00000E+00  0.00000E+00  0.25689E-03  0.00000E+00  0.32827E+00  0.00000E+00  0.00000E+00  0.00000E+00     118  0.00000E+00  0.00000E+00  0.00000E+00
        1.7799 -0.00000E+00 -0.33246E+01  0.50000E+01 -0.10158E+01  0.00000E+00  0.00000E+00  0.23766E-03  0.00000E+00  0.33665E+00  0.00000E+00  0.00000E+00  0.00000E+00     119  0.00000E+00  0.00000E+00  0.00000E+00
        1.7963 -0.00000E+00 -0.34064E+01  0.50000E+01 -0.10719E+01  0.00000E+00  0.00000E+00  0.21999E-03  0.00000E+00  0.34464E+00  0.00000E+00  0.00000E+00  0.00000E+00     120  0.00000E+00  0.00000E+00  0.00000E+00
        1.8128 -0.00000E+00 -0.34842E+01  0.50000E+01 -0.11293E+01  0.00000E+00  0.00000E+00  0.20360E-03  0.00000E+00  0.35221E+00  0.00000E+00  0.00000E+00  0.00000E+00     121  0.00000E+00  0.00000E+00  0.00000E+00
        1.8293 -0.00000E+00 -0.35577E+01  0.50000E+01 -0.11879E+01  0.00000E+00  0.00000E+00  0.18851E-03  0.00000E+00  0.35934E+00  0.00000E+00  0.00000E+00  0.00000E+00     122  0.00000E+00  0.00000E+00  0.00000E+00
        1.8457 -0.00000E+00 -0.36268E+01  0.50000E+01 -0.12476E+01  0.00000E+00  0.00000E+00  0.17452E-03  0.00000E+00  0.36601E+00  0.00000E+00  0.00000E+00  0.00000E+00     123  0.00000E+00  0.00000E+00  0.00000E+00
        1.8622 -0.00000E+00 -0.36911E+01  0.50000E+01 -0.13083E+01  0.00000E+00  0.00000E+00  0.16164E-03  0.00000E+00  0.37221E+00  0.00000E+00  0.00000E+00  0.00000E+00     124  0.00000E+00  0.00000E+00  0.00000E+00
        1.8787 -0.00000E+00 -0.37507E+01  0.50000E+01 -0.13701E+01  0.00000E+00  0.00000E+00  0.14969E-03  0.00000E+00  0.37792E+00  0.00000E+00  0.00000E+00  0.00000E+00     125  0.00000E+00  0.00000E+00  0.00000E+00
        1.8951 -0.00000E+00 -0.38053E+01  0.50000E+01 -0.14327E+01  0.00000E+00  0.00000E+00  0.13868E-03  0.00000E+00  0.38313E+00  0.00000E+00  0.00000E+00  0.00000E+00     126  0.00000E+00  0.00000E+00  0.00000E+00
        1.9116 -0.00000E+00 -0.38549E+01  0.50000E+01 -0.14962E+01  0.00000E+00  0.00000E+00  0.12846E-03  0.00000E+00  0.38783E+00  0.00000E+00  0.00000E+00  0.00000E+00     127  0.00000E+00  0.00000E+00  0.00000E+00
        1.9281 -0.00000E+00 -0.38993E+01  0.50000E+01 -0.15604E+01  0.00000E+00  0.00000E+00  0.11904E-03  0.00000E+00  0.39202E+00  0.00000E+00  0.00000E+00  0.00000E+00     128  0.00000E+00  0.00000E+00  0.00000E+00
        1.9445 -0.00000E+00 -0.39385E+01  0.50000E+01 -0.16252E+01  0.00000E+00  0.00000E+00  0.11031E-03  0.00000E+00  0.39568E+00  0.00000E+00  0.00000E+00  0.00000E+00     129  0.00000E+00  0.00000E+00  0.00000E+00
        1.9610 -0.00000E+00 -0.39725E+01  0.50000E+01 -0.16906E+01  0.00000E+00  0.00000E+00  0.10224E-03  0.00000E+00  0.39882E+00  0.00000E+00  0.00000E+00  0.00000E+00     130  0.00000E+00  0.00000E+00  0.00000E+00
        1.9774 -0.00000E+00 -0.40013E+01  0.50000E+01 -0.17565E+01  0.00000E+00  0.00000E+00  0.94767E-04  0.00000E+00  0.40144E+00  0.00000E+00  0.00000E+00  0.00000E+00     131  0.00000E+00  0.00000E+00  0.00000E+00
        1.9887 -0.00000E+00 -0.40219E+01  0.50000E+01 -0.18019E+01  0.00000E+00  0.00000E+00  0.89936E-04  0.00000E+00  0.40293E+00  0.00000E+00  0.00000E+00  0.00000E+00     132  0.00000E+00  0.00000E+00  0.00000E+00
        2.0000 -0.00000E+00 -0.40355E+01  0.50000E+01 -0.18474E+01  0.00000E+00  0.00000E+00  0.85385E-04  0.00000E+00  0.40418E+00  0.00000E+00  0.00000E+00  0.00000E+00     133  0.00000E+00  0.00000E+00  0.00000E+00
        2.0165 -0.00000E+00 -0.40487E+01  0.50000E+01 -0.19140E+01  0.00000E+00  0.00000E+00  0.79200E-04  0.00000E+00  0.40557E+00  0.00000E+00  0.00000E+00  0.00000E+00     134  0.00000E+00  0.00000E+00  0.00000E+00
        2.0329 -0.00000E+00 -0.40601E+01  0.50000E+01 -0.19809E+01  0.00000E+00  0.00000E+00  0.73437E-04  0.00000E+00  0.40645E+00  0.00000E+00  0.00000E+00  0.00000E+00     135  0.00000E+00  0.00000E+00  0.00000E+00
        2.0494 -0.00000E+00 -0.40664E+01  0.50000E+01 -0.20478E+01  0.00000E+00  0.00000E+00  0.68117E-04  0.00000E+00  0.40683E+00  0.00000E+00  0.00000E+00  0.00000E+00     136  0.00000E+00  0.00000E+00  0.00000E+00
        2.0659 -0.00000E+00 -0.40677E+01  0.50000E+01 -0.21148E+01  0.00000E+00  0.00000E+00  0.63178E-04  0.00000E+00  0.40672E+00  0.00000E+00  0.00000E+00  0.00000E+00     137  0.00000E+00  0.00000E+00  0.00000E+00
        2.0823 -0.00000E+00 -0.40643E+01  0.50000E+01 -0.21817E+01  0.00000E+00  0.00000E+00  0.58612E-04  0.00000E+00  0.40613E+00  0.00000E+00  0.00000E+00  0.00000E+00     138  0.00000E+00  0.00000E+00  0.00000E+00
        2.0988 -0.00000E+00 -0.40560E+01  0.50000E+01 -0.22485E+01  0.00000E+00  0.00000E+00  0.54375E-04  0.00000E+00  0.40508E+00  0.00000E+00  0.00000E+00  0.00000E+00     139  0.00000E+00  0.00000E+00  0.00000E+00
        2.1152 -0.00000E+00 -0.40432E+01  0.50000E+01 -0.23151E+01  0.00000E+00  0.00000E+00  0.50454E-04  0.00000E+00  0.40357E+00  0.00000E+00  0.00000E+00  0.00000E+00     140  0.00000E+00  0.00000E+00  0.00000E+00
        2.1317 -0.00000E+00 -0.40260E+01  0.50000E+01 -0.23813E+01  0.00000E+00  0.00000E+00  0.46818E-04  0.00000E+00  0.40163E+00  0.00000E+00  0.00000E+00  0.00000E+00     141  0.00000E+00  0.00000E+00  0.00000E+00
        2.1482 -0.00000E+00 -0.40045E+01  0.50000E+01 -0.24473E+01  0.00000E+00  0.00000E+00  0.43451E-04  0.00000E+00  0.39927E+00  0.00000E+00  0.00000E+00  0.00000E+00     142  0.00000E+00  0.00000E+00  0.00000E+00
        2.1646 -0.00000E+00 -0.39789E+01  0.50000E+01 -0.25128E+01  0.00000E+00  0.00000E+00  0.40328E-04  0.00000E+00  0.39650E+00  0.00000E+00  0.00000E+00  0.00000E+00     143  0.00000E+00  0.00000E+00  0.00000E+00
        2.1811 -0.00000E+00 -0.39493E+01  0.50000E+01 -0.25778E+01  0.00000E+00  0.00000E+00  0.37436E-04  0.00000E+00  0.39335E+00  0.00000E+00  0.00000E+00  0.00000E+00     144  0.00000E+00  0.00000E+00  0.00000E+00
        2.1976 -0.00000E+00 -0.39160E+01  0.50000E+01 -0.26423E+01  0.00000E+00  0.00000E+00  0.34752E-04  0.00000E+00  0.38984E+00  0.00000E+00  0.00000E+00  0.00000E+00     145  0.00000E+00  0.00000E+00  0.00000E+00
        2.2140 -0.00000E+00 -0.38791E+01  0.50000E+01 -0.27061E+01  0.00000E+00  0.00000E+00  0.32266E-04  0.00000E+00  0.38597E+00  0.00000E+00  0.00000E+00  0.00000E+00     146  0.00000E+00  0.00000E+00  0.00000E+00
        2.2305 -0.00000E+00 -0.38388E+01  0.50000E+01 -0.27693E+01  0.00000E+00  0.00000E+00  0.29959E-04  0.00000E+00  0.38178E+00  0.00000E+00  0.00000E+00  0.00000E+00     147  0.00000E+00  0.00000E+00  0.00000E+00
        2.2470 -0.00000E+00 -0.37953E+01  0.50000E+01 -0.28318E+01  0.00000E+00  0.00000E+00  0.27821E-04  0.00000E+00  0.37728E+00  0.00000E+00  0.00000E+00  0.00000E+00     148  0.00000E+00  0.00000E+00  0.00000E+00
        2.2634 -0.00000E+00 -0.37489E+01  0.50000E+01 -0.28935E+01  0.00000E+00  0.00000E+00  0.25837E-04  0.00000E+00  0.37249E+00  0.00000E+00  0.00000E+00  0.00000E+00     149  0.00000E+00  0.00000E+00  0.00000E+00
        2.2799 -0.00000E+00 -0.36996E+01  0.50000E+01 -0.29545E+01  0.00000E+00  0.00000E+00  0.23997E-04  0.00000E+00  0.36744E+00  0.00000E+00  0.00000E+00  0.00000E+00     150  0.00000E+00  0.00000E+00  0.00000E+00
        2.2963 -0.00000E+00 -0.36478E+01  0.50000E+01 -0.30145E+01  0.00000E+00  0.00000E+00  0.22290E-04  0.00000E+00  0.36213E+00  0.00000E+00  0.00000E+00  0.00000E+00     151  0.00000E+00  0.00000E+00  0.00000E+00
        2.3128 -0.00000E+00 -0.35936E+01  0.50000E+01 -0.30737E+01  0.00000E+00  0.00000E+00  0.20707E-04  0.00000E+00  0.35659E+00  0.00000E+00  0.00000E+00  0.00000E+00     152  0.00000E+00  0.00000E+00  0.00000E+00
        2.3293 -0.00000E+00 -0.35372E+01  0.50000E+01 -0.31319E+01  0.00000E+00  0.00000E+00  0.19237E-04  0.00000E+00  0.35085E+00  0.00000E+00  0.00000E+00  0.00000E+00     153  0.00000E+00  0.00000E+00  0.00000E+00
        2.3457 -0.00000E+00 -0.34788E+01  0.50000E+01 -0.31892E+01  0.00000E+00  0.00000E+00  0.17874E-04  0.00000E+00  0.34491E+00  0.00000E+00  0.00000E+00  0.00000E+00     154  0.00000E+00  0.00000E+00  0.00000E+00
        2.3622 -0.00000E+00 -0.34186E+01  0.50000E+01 -0.32455E+01  0.00000E+00  0.00000E+00  0.16608E-04  0.00000E+00  0.33880E+00  0.00000E+00  0.00000E+00  0.00000E+00     155  0.00000E+00  0.00000E+00  0.00000E+00
        2.3787 -0.00000E+00 -0.33567E+01  0.50000E+01 -0.33007E+01  0.00000E+00  0.00000E+00  0.15433E-04  0.00000E+00  0.33254E+00  0.00000E+00  0.00000E+00  0.00000E+00     156  0.00000E+00  0.00000E+00  0.00000E+00
        2.3951 -0.00000E+00 -0.32934E+01  0.50000E+01 -0.33550E+01  0.00000E+00  0.00000E+00  0.14343E-04  0.00000E+00  0.32615E+00  0.00000E+00  0.00000E+00  0.00000E+00     157  0.00000E+00  0.00000E+00  0.00000E+00
        2.4116 -0.00000E+00 -0.32289E+01  0.50000E+01 -0.34081E+01  0.00000E+00  0.00000E+00  0.13331E-04  0.00000E+00  0.31963E+00  0.00000E+00  0.00000E+00  0.00000E+00     158  0.00000E+00  0.00000E+00  0.00000E+00
        2.4281 -0.00000E+00 -0.31632E+01  0.50000E+01 -0.34602E+01  0.00000E+00  0.00000E+00  0.12391E-04  0.00000E+00  0.31302E+00  0.00000E+00  0.00000E+00  0.00000E+00     159  0.00000E+00  0.00000E+00  0.00000E+00
        2.4445 -0.00000E+00 -0.30967E+01  0.50000E+01 -0.35112E+01  0.00000E+00  0.00000E+00  0.11518E-04  0.00000E+00  0.30632E+00  0.00000E+00  0.00000E+00  0.00000E+00     160  0.00000E+00  0.00000E+00  0.00000E+00
        2.4610 -0.00000E+00 -0.30294E+01  0.50000E+01 -0.35611E+01  0.00000E+00  0.00000E+00  0.10708E-04  0.00000E+00  0.29956E+00  0.00000E+00  0.00000E+00  0.00000E+00     161  0.00000E+00  0.00000E+00  0.00000E+00
        2.4774 -0.00000E+00 -0.29614E+01  0.50000E+01 -0.36098E+01  0.00000E+00  0.00000E+00  0.99554E-05  0.00000E+00  0.29274E+00  0.00000E+00  0.00000E+00  0.00000E+00     162  0.00000E+00  0.00000E+00  0.00000E+00
        2.4887 -0.00000E+00 -0.29039E+01  0.50000E+01 -0.36426E+01  0.00000E+00  0.00000E+00  0.94667E-05  0.00000E+00  0.28805E+00  0.00000E+00  0.00000E+00  0.00000E+00     163  0.00000E+00  0.00000E+00  0.00000E+00
        2.5000 -0.00000E+00 -0.28569E+01  0.50000E+01 -0.36748E+01  0.00000E+00  0.00000E+00  0.90061E-05  0.00000E+00  0.28334E+00  0.00000E+00  0.00000E+00  0.00000E+00     164  0.00000E+00  0.00000E+00  0.00000E+00
        2.5165 -0.00000E+00 -0.27990E+01  0.50000E+01 -0.37208E+01  0.00000E+00  0.00000E+00  0.83773E-05  0.00000E+00  0.27645E+00  0.00000E+00  0.00000E+00  0.00000E+00     165  0.00000E+00  0.00000E+00  0.00000E+00
        2.5329 -0.00000E+00 -0.27301E+01  0.50000E+01 -0.37658E+01  0.00000E+00  0.00000E+00  0.77901E-05  0.00000E+00  0.26956E+00  0.00000E+00  0.00000E+00  0.00000E+00     166  0.00000E+00  0.00000E+00  0.00000E+00
        2.5494 -0.00000E+00 -0.26612E+01  0.50000E+01 -0.38096E+01  0.00000E+00  0.00000E+00  0.72456E-05  0.00000E+00  0.26268E+00  0.00000E+00  0.00000E+00  0.00000E+00     167  0.00000E+00  0.00000E+00  0.00000E+00
        2.5659 -0.00000E+00 -0.25925E+01  0.50000E+01 -0.38523E+01  0.00000E+00  0.00000E+00  0.67388E-05  0.00000E+00  0.25581E+00  0.00000E+00  0.00000E+00  0.00000E+00     168  0.00000E+00  0.00000E+00  0.00000E+00
        2.5823 -0.00000E+00 -0.25240E+01  0.50000E+01 -0.38938E+01  0.00000E+00  0.00000E+00  0.62685E-05  0.00000E+00  0.24898E+00  0.00000E+00  0.00000E+00  0.00000E+00     169  0.00000E+00  0.00000E+00  0.00000E+00
        2.5988 -0.00000E+00 -0.24558E+01  0.50000E+01 -0.39343E+01  0.00000E+00  0.00000E+00  0.58309E-05  0.00000E+00  0.24218E+00  0.00000E+00  0.00000E+00  0.00000E+00     170  0.00000E+00  0.00000E+00  0.00000E+00
        2.6152 -0.00000E+00 -0.23881E+01  0.50000E+01 -0.39736E+01  0.00000E+00  0.00000E+00  0.54245E-05  0.00000E+00  0.23543E+00  0.00000E+00  0.00000E+00  0.00000E+00     171  0.00000E+00  0.00000E+00  0.00000E+00
        2.6317 -0.00000E+00 -0.23209E+01  0.50000E+01 -0.40118E+01  0.00000E+00  0.00000E+00  0.50466E-05  0.00000E+00  0.22874E+00  0.00000E+00  0.00000E+00  0.00000E+00     172  0.00000E+00  0.00000E+00  0.00000E+00
        2.6482 -0.00000E+00 -0.22543E+01  0.50000E+01 -0.40489E+01  0.00000E+00  0.00000E+00  0.46955E-05  0.00000E+00  0.22212E+00  0.00000E+00  0.00000E+00  0.00000E+00     173  0.00000E+00  0.00000E+00  0.00000E+00
        2.6646 -0.00000E+00 -0.21885E+01  0.50000E+01 -0.40849E+01  0.00000E+00  0.00000E+00  0.43689E-05  0.00000E+00  0.21557E+00  0.00000E+00  0.00000E+00  0.00000E+00     174  0.00000E+00  0.00000E+00  0.00000E+00
        2.6811 -0.00000E+00 -0.21234E+01  0.50000E+01 -0.41199E+01  0.00000E+00  0.00000E+00  0.40655E-05  0.00000E+00  0.20911E+00  0.00000E+00  0.00000E+00  0.00000E+00     175  0.00000E+00  0.00000E+00  0.00000E+00
        2.6976 -0.00000E+00 -0.20592E+01  0.50000E+01 -0.41538E+01  0.00000E+00  0.00000E+00  0.37832E-05  0.00000E+00  0.20273E+00  0.00000E+00  0.00000E+00  0.00000E+00     176  0.00000E+00  0.00000E+00  0.00000E+00
        2.7140 -0.00000E+00 -0.19959E+01  0.50000E+01 -0.41867E+01  0.00000E+00  0.00000E+00  0.35209E-05  0.00000E+00  0.19644E+00  0.00000E+00  0.00000E+00  0.00000E+00     177  0.00000E+00  0.00000E+00  0.00000E+00
        2.7305 -0.00000E+00 -0.19335E+01  0.50000E+01 -0.42185E+01  0.00000E+00  0.00000E+00  0.32769E-05  0.00000E+00  0.19026E+00  0.00000E+00  0.00000E+00  0.00000E+00     178  0.00000E+00  0.00000E+00  0.00000E+00
        2.7470 -0.00000E+00 -0.18722E+01  0.50000E+01 -0.42493E+01  0.00000E+00  0.00000E+00  0.30500E-05  0.00000E+00  0.18418E+00  0.00000E+00  0.00000E+00  0.00000E+00     179  0.00000E+00  0.00000E+00  0.00000E+00
        2.7634 -0.00000E+00 -0.18119E+01  0.50000E+01 -0.42792E+01  0.00000E+00  0.00000E+00  0.28390E-05  0.00000E+00  0.17821E+00  0.00000E+00  0.00000E+00  0.00000E+00     180  0.00000E+00  0.00000E+00  0.00000E+00
        2.7799 -0.00000E+00 -0.17528E+01  0.50000E+01 -0.43080E+01  0.00000E+00  0.00000E+00  0.26427E-05  0.00000E+00  0.17235E+00  0.00000E+00  0.00000E+00  0.00000E+00     181  0.00000E+00  0.00000E+00  0.00000E+00
        2.7963 -0.00000E+00 -0.16947E+01  0.50000E+01 -0.43359E+01  0.00000E+00  0.00000E+00  0.24602E-05  0.00000E+00  0.16660E+00  0.00000E+00  0.00000E+00  0.00000E+00     182  0.00000E+00  0.00000E+00  0.00000E+00
        2.8128 -0.00000E+00 -0.16379E+01  0.50000E+01 -0.43629E+01  0.00000E+00  0.00000E+00  0.22904E-05  0.00000E+00  0.16097E+00  0.00000E+00  0.00000E+00  0.00000E+00     183  0.00000E+00  0.00000E+00  0.00000E+00
        2.8293 -0.00000E+00 -0.15822E+01  0.50000E+01 -0.43889E+01  0.00000E+00  0.00000E+00  0.21324E-05  0.00000E+00  0.15547E+00  0.00000E+00  0.00000E+00  0.00000E+00     184  0.00000E+00  0.00000E+00  0.00000E+00
        2.8457 -0.00000E+00 -0.15278E+01  0.50000E+01 -0.44141E+01  0.00000E+00  0.00000E+00  0.19855E-05  0.00000E+00  0.15009E+00  0.00000E+00  0.00000E+00  0.00000E+00     185  0.00000E+00  0.00000E+00  0.00000E+00
        2.8622 -0.00000E+00 -0.14746E+01  0.50000E+01 -0.44384E+01  0.00000E+00  0.00000E+00  0.18487E-05  0.00000E+00  0.14483E+00  0.00000E+00  0.00000E+00  0.00000E+00     186  0.00000E+00  0.00000E+00  0.00000E+00
        2.8787 -0.00000E+00 -0.14226E+01  0.50000E+01 -0.44618E+01  0.00000E+00  0.00000E+00  0.17215E-05  0.00000E+00  0.13969E+00  0.00000E+00  0.00000E+00  0.00000E+00     187  0.00000E+00  0.00000E+00  0.00000E+00
        2.8951 -0.00000E+00 -0.13719E+01  0.50000E+01 -0.44844E+01  0.00000E+00  0.00000E+00  0.16031E-05  0.00000E+00  0.13469E+00  0.00000E+00  0.00000E+00  0.00000E+00     188  0.00000E+00  0.00000E+00  0.00000E+00
        2.9116 -0.00000E+00 -0.13225E+01  0.50000E+01 -0.45061E+01  0.00000E+00  0.00000E+00  0.14930E-05  0.00000E+00  0.12981E+00  0.00000E+00  0.00000E+00  0.00000E+00     189  0.00000E+00  0.00000E+00  0.00000E+00
        2.9281 -0.00000E+00 -0.12743E+01  0.50000E+01 -0.45271E+01  0.00000E+00  0.00000E+00  0.13905E-05  0.00000E+00  0.12505E+00  0.00000E+00  0.00000E+00  0.00000E+00     190  0.00000E+00  0.00000E+00  0.00000E+00
        2.9445 -0.00000E+00 -0.12274E+01  0.50000E+01 -0.45473E+01  0.00000E+00  0.00000E+00  0.12951E-05  0.00000E+00  0.12043E+00  0.00000E+00  0.00000E+00  0.00000E+00     191  0.00000E+00  0.00000E+00  0.00000E+00
        2.9610 -0.00000E+00 -0.11818E+01  0.50000E+01 -0.45668E+01  0.00000E+00  0.00000E+00  0.12063E-05  0.00000E+00  0.11593E+00  0.00000E+00  0.00000E+00  0.00000E+00     192  0.00000E+00  0.00000E+00  0.00000E+00
        2.9774 -0.00000E+00 -0.11374E+01  0.50000E+01 -0.45855E+01  0.00000E+00  0.00000E+00  0.11236E-05  0.00000E+00  0.11156E+00  0.00000E+00  0.00000E+00  0.00000E+00     193  0.00000E+00  0.00000E+00  0.00000E+00
        2.9887 -0.00000E+00 -0.11010E+01  0.50000E+01 -0.45979E+01  0.00000E+00  0.00000E+00  0.10699E-05  0.00000E+00  0.10864E+00  0.00000E+00  0.00000E+00  0.00000E+00     194  0.00000E+00  0.00000E+00  0.00000E+00
        3.0000 -0.00000E+00 -0.10720E+01  0.50000E+01 -0.46100E+01  0.00000E+00  0.00000E+00  0.10191E-05  0.00000E+00  0.10577E+00  0.00000E+00  0.00000E+00  0.00000E+00     195  0.00000E+00  0.00000E+00  0.00000E+00
        3.0165 -0.00000E+00 -0.10373E+01  0.50000E+01 -0.46271E+01  0.00000E+00  0.00000E+00  0.94968E-06  0.00000E+00  0.10169E+00  0.00000E+00  0.00000E+00  0.00000E+00     196  0.00000E+00  0.00000E+00  0.00000E+00
        3.0329 -0.00000E+00 -0.99718E+00  0.50000E+01 -0.46435E+01  0.00000E+00  0.00000E+00  0.88471E-06  0.00000E+00  0.97740E-01  0.00000E+00  0.00000E+00  0.00000E+00     197  0.00000E+00  0.00000E+00  0.00000E+00
        3.0494 -0.00000E+00 -0.95823E+00  0.50000E+01 -0.46593E+01  0.00000E+00  0.00000E+00  0.82435E-06  0.00000E+00  0.93907E-01  0.00000E+00  0.00000E+00  0.00000E+00     198  0.00000E+00  0.00000E+00  0.00000E+00
        3.0659 -0.00000E+00 -0.92050E+00  0.50000E+01 -0.46744E+01  0.00000E+00  0.00000E+00  0.76805E-06  0.00000E+00  0.90193E-01  0.00000E+00  0.00000E+00  0.00000E+00     199  0.00000E+00  0.00000E+00  0.00000E+00
        3.0823 -0.00000E+00 -0.88395E+00  0.50000E+01 -0.46890E+01  0.00000E+00  0.00000E+00  0.71569E-06  0.00000E+00  0.86597E-01  0.00000E+00  0.00000E+00  0.00000E+00     200  0.00000E+00  0.00000E+00  0.00000E+00
        3.0988 -0.00000E+00 -0.84857E+00  0.50000E+01 -0.47030E+01  0.00000E+00  0.00000E+00  0.66688E-06  0.00000E+00  0.83118E-01  0.00000E+00  0.00000E+00  0.00000E+00     201  0.00000E+00  0.00000E+00  0.00000E+00
        3.1152 -0.00000E+00 -0.81435E+00  0.50000E+01 -0.47164E+01  0.00000E+00  0.00000E+00  0.62146E-06  0.00000E+00  0.79752E-01  0.00000E+00  0.00000E+00  0.00000E+00     202  0.00000E+00  0.00000E+00  0.00000E+00
        3.1317 -0.00000E+00 -0.78126E+00  0.50000E+01 -0.47292E+01  0.00000E+00  0.00000E+00  0.57913E-06  0.00000E+00  0.76499E-01  0.00000E+00  0.00000E+00  0.00000E+00     203  0.00000E+00  0.00000E+00  0.00000E+00
        3.1482 -0.00000E+00 -0.74927E+00  0.50000E+01 -0.47416E+01  0.00000E+00  0.00000E+00  0.53973E-06  0.00000E+00  0.73356E-01  0.00000E+00  0.00000E+00  0.00000E+00     204  0.00000E+00  0.00000E+00  0.00000E+00
        3.1646 -0.00000E+00 -0.71837E+00  0.50000E+01 -0.47534E+01  0.00000E+00  0.00000E+00  0.50302E-06  0.00000E+00  0.70320E-01  0.00000E+00  0.00000E+00  0.00000E+00     205  0.00000E+00  0.00000E+00  0.00000E+00
        3.1811 -0.00000E+00 -0.68854E+00  0.50000E+01 -0.47647E+01  0.00000E+00  0.00000E+00  0.46884E-06  0.00000E+00  0.67390E-01  0.00000E+00  0.00000E+00  0.00000E+00     206  0.00000E+00  0.00000E+00  0.00000E+00
        3.1976 -0.00000E+00 -0.65976E+00  0.50000E+01 -0.47756E+01  0.00000E+00  0.00000E+00  0.43699E-06  0.00000E+00  0.64563E-01  0.00000E+00  0.00000E+00  0.00000E+00     207  0.00000E+00  0.00000E+00  0.00000E+00
        3.2140 -0.00000E+00 -0.63199E+00  0.50000E+01 -0.47860E+01  0.00000E+00  0.00000E+00  0.40733E-06  0.00000E+00  0.61836E-01  0.00000E+00  0.00000E+00  0.00000E+00     208  0.00000E+00  0.00000E+00  0.00000E+00
        3.2305 -0.00000E+00 -0.60522E+00  0.50000E+01 -0.47960E+01  0.00000E+00  0.00000E+00  0.37969E-06  0.00000E+00  0.59208E-01  0.00000E+00  0.00000E+00  0.00000E+00     209  0.00000E+00  0.00000E+00  0.00000E+00
        3.2470 -0.00000E+00 -0.57942E+00  0.50000E+01 -0.48055E+01  0.00000E+00  0.00000E+00  0.35395E-06  0.00000E+00  0.56676E-01  0.00000E+00  0.00000E+00  0.00000E+00     210  0.00000E+00  0.00000E+00  0.00000E+00
        3.2634 -0.00000E+00 -0.55456E+00  0.50000E+01 -0.48146E+01  0.00000E+00  0.00000E+00  0.32996E-06  0.00000E+00  0.54237E-01  0.00000E+00  0.00000E+00  0.00000E+00     211  0.00000E+00  0.00000E+00  0.00000E+00
        3.2799 -0.00000E+00 -0.53063E+00  0.50000E+01 -0.48234E+01  0.00000E+00  0.00000E+00  0.30761E-06  0.00000E+00  0.51889E-01  0.00000E+00  0.00000E+00  0.00000E+00     212  0.00000E+00  0.00000E+00  0.00000E+00
        3.2963 -0.00000E+00 -0.50759E+00  0.50000E+01 -0.48317E+01  0.00000E+00  0.00000E+00  0.28679E-06  0.00000E+00  0.49630E-01  0.00000E+00  0.00000E+00  0.00000E+00     213  0.00000E+00  0.00000E+00  0.00000E+00
        3.3128 -0.00000E+00 -0.48543E+00  0.50000E+01 -0.48397E+01  0.00000E+00  0.00000E+00  0.26739E-06  0.00000E+00  0.47456E-01  0.00000E+00  0.00000E+00  0.00000E+00     214  0.00000E+00  0.00000E+00  0.00000E+00
        3.3293 -0.00000E+00 -0.46411E+00  0.50000E+01 -0.48474E+01  0.00000E+00  0.00000E+00  0.24931E-06  0.00000E+00  0.45366E-01  0.00000E+00  0.00000E+00  0.00000E+00     215  0.00000E+00  0.00000E+00  0.00000E+00
        3.3457 -0.00000E+00 -0.44362E+00  0.50000E+01 -0.48547E+01  0.00000E+00  0.00000E+00  0.23246E-06  0.00000E+00  0.43358E-01  0.00000E+00  0.00000E+00  0.00000E+00     216  0.00000E+00  0.00000E+00  0.00000E+00
        3.3622 -0.00000E+00 -0.42393E+00  0.50000E+01 -0.48616E+01  0.00000E+00  0.00000E+00  0.21676E-06  0.00000E+00  0.41428E-01  0.00000E+00  0.00000E+00  0.00000E+00     217  0.00000E+00  0.00000E+00  0.00000E+00
        3.3787 -0.00000E+00 -0.40501E+00  0.50000E+01 -0.48683E+01  0.00000E+00  0.00000E+00  0.20213E-06  0.00000E+00  0.39574E-01  0.00000E+00  0.00000E+00  0.00000E+00     218  0.00000E+00  0.00000E+00  0.00000E+00
        3.3951 -0.00000E+00 -0.38684E+00  0.50000E+01 -0.48747E+01  0.00000E+00  0.00000E+00  0.18849E-06  0.00000E+00  0.37794E-01  0.00000E+00  0.00000E+00  0.00000E+00     219  0.00000E+00  0.00000E+00  0.00000E+00
        3.4116 -0.00000E+00 -0.36940E+00  0.50000E+01 -0.48808E+01  0.00000E+00  0.00000E+00  0.17578E-06  0.00000E+00  0.36086E-01  0.00000E+00  0.00000E+00  0.00000E+00     220  0.00000E+00  0.00000E+00  0.00000E+00
        3.4281 -0.00000E+00 -0.35266E+00  0.50000E+01 -0.48866E+01  0.00000E+00  0.00000E+00  0.16394E-06  0.00000E+00  0.34446E-01  0.00000E+00  0.00000E+00  0.00000E+00     221  0.00000E+00  0.00000E+00  0.00000E+00
        3.4445 -0.00000E+00 -0.33660E+00  0.50000E+01 -0.48921E+01  0.00000E+00  0.00000E+00  0.15289E-06  0.00000E+00  0.32874E-01  0.00000E+00  0.00000E+00  0.00000E+00     222  0.00000E+00  0.00000E+00  0.00000E+00
        3.4610 -0.00000E+00 -0.32121E+00  0.50000E+01 -0.48974E+01  0.00000E+00  0.00000E+00  0.14260E-06  0.00000E+00  0.31367E-01  0.00000E+00  0.00000E+00  0.00000E+00     223  0.00000E+00  0.00000E+00  0.00000E+00
        3.4775 -0.00000E+00 -0.30644E+00  0.50000E+01 -0.49024E+01  0.00000E+00  0.00000E+00  0.13300E-06  0.00000E+00  0.29922E-01  0.00000E+00  0.00000E+00  0.00000E+00     224  0.00000E+00  0.00000E+00  0.00000E+00
        3.4887 -0.00000E+00 -0.29445E+00  0.50000E+01 -0.49058E+01  0.00000E+00  0.00000E+00  0.12675E-06  0.00000E+00  0.28968E-01  0.00000E+00  0.00000E+00  0.00000E+00     225  0.00000E+00  0.00000E+00  0.00000E+00
        3.5000 -0.00000E+00 -0.28504E+00  0.50000E+01 -0.49090E+01  0.00000E+00  0.00000E+00  0.12085E-06  0.00000E+00  0.28041E-01  0.00000E+00  0.00000E+00  0.00000E+00     226  0.00000E+00  0.00000E+00  0.00000E+00
        3.5165 -0.00000E+00 -0.27388E+00  0.50000E+01 -0.49135E+01  0.00000E+00  0.00000E+00  0.11276E-06  0.00000E+00  0.26736E-01  0.00000E+00  0.00000E+00  0.00000E+00     227  0.00000E+00  0.00000E+00  0.00000E+00
        3.5329 -0.00000E+00 -0.26111E+00  0.50000E+01 -0.49178E+01  0.00000E+00  0.00000E+00  0.10518E-06  0.00000E+00  0.25486E-01  0.00000E+00  0.00000E+00  0.00000E+00     228  0.00000E+00  0.00000E+00  0.00000E+00
        3.5494 -0.00000E+00 -0.24887E+00  0.50000E+01 -0.49219E+01  0.00000E+00  0.00000E+00  0.98124E-07  0.00000E+00  0.24289E-01  0.00000E+00  0.00000E+00  0.00000E+00     229  0.00000E+00  0.00000E+00  0.00000E+00
        3.5659 -0.00000E+00 -0.23717E+00  0.50000E+01 -0.49258E+01  0.00000E+00  0.00000E+00  0.91536E-07  0.00000E+00  0.23144E-01  0.00000E+00  0.00000E+00  0.00000E+00     230  0.00000E+00  0.00000E+00  0.00000E+00
        3.5823 -0.00000E+00 -0.22597E+00  0.50000E+01 -0.49295E+01  0.00000E+00  0.00000E+00  0.85400E-07  0.00000E+00  0.22049E-01  0.00000E+00  0.00000E+00  0.00000E+00     231  0.00000E+00  0.00000E+00  0.00000E+00
        3.5988 -0.00000E+00 -0.21525E+00  0.50000E+01 -0.49331E+01  0.00000E+00  0.00000E+00  0.79672E-07  0.00000E+00  0.21001E-01  0.00000E+00  0.00000E+00  0.00000E+00     232  0.00000E+00  0.00000E+00  0.00000E+00
        3.6152 -0.00000E+00 -0.20500E+00  0.50000E+01 -0.49364E+01  0.00000E+00  0.00000E+00  0.74335E-07  0.00000E+00  0.20000E-01  0.00000E+00  0.00000E+00  0.00000E+00     233  0.00000E+00  0.00000E+00  0.00000E+00
        3.6317 -0.00000E+00 -0.19521E+00  0.50000E+01 -0.49396E+01  0.00000E+00  0.00000E+00  0.69355E-07  0.00000E+00  0.19042E-01  0.00000E+00  0.00000E+00  0.00000E+00     234  0.00000E+00  0.00000E+00  0.00000E+00
        3.6482 -0.00000E+00 -0.18585E+00  0.50000E+01 -0.49427E+01  0.00000E+00  0.00000E+00  0.64712E-07  0.00000E+00  0.18127E-01  0.00000E+00  0.00000E+00  0.00000E+00     235  0.00000E+00  0.00000E+00  0.00000E+00
        3.6646 -0.00000E+00 -0.17690E+00  0.50000E+01 -0.49456E+01  0.00000E+00  0.00000E+00  0.60381E-07  0.00000E+00  0.17253E-01  0.00000E+00  0.00000E+00  0.00000E+00     236  0.00000E+00  0.00000E+00  0.00000E+00
        3.6811 -0.00000E+00 -0.16835E+00  0.50000E+01 -0.49484E+01  0.00000E+00  0.00000E+00  0.56343E-07  0.00000E+00  0.16418E-01  0.00000E+00  0.00000E+00  0.00000E+00     237  0.00000E+00  0.00000E+00  0.00000E+00
        3.6976 -0.00000E+00 -0.16019E+00  0.50000E+01 -0.49510E+01  0.00000E+00  0.00000E+00  0.52575E-07  0.00000E+00  0.15620E-01  0.00000E+00  0.00000E+00  0.00000E+00     238  0.00000E+00  0.00000E+00  0.00000E+00
        3.7140 -0.00000E+00 -0.15240E+00  0.50000E+01 -0.49535E+01  0.00000E+00  0.00000E+00  0.49062E-07  0.00000E+00  0.14859E-01  0.00000E+00  0.00000E+00  0.00000E+00     239  0.00000E+00  0.00000E+00  0.00000E+00
        3.7305 -0.00000E+00 -0.14496E+00  0.50000E+01 -0.49559E+01  0.00000E+00  0.00000E+00  0.45784E-07  0.00000E+00  0.14132E-01  0.00000E+00  0.00000E+00  0.00000E+00     240  0.00000E+00  0.00000E+00  0.00000E+00
        3.7470 -0.00000E+00 -0.13785E+00  0.50000E+01 -0.49582E+01  0.00000E+00  0.00000E+00  0.42727E-07  0.00000E+00  0.13439E-01  0.00000E+00  0.00000E+00  0.00000E+00     241  0.00000E+00  0.00000E+00  0.00000E+00
        3.7634 -0.00000E+00 -0.13108E+00  0.50000E+01 -0.49603E+01  0.00000E+00  0.00000E+00  0.39875E-07  0.00000E+00  0.12777E-01  0.00000E+00  0.00000E+00  0.00000E+00     242  0.00000E+00  0.00000E+00  0.00000E+00
        3.7799 -0.00000E+00 -0.12462E+00  0.50000E+01 -0.49624E+01  0.00000E+00  0.00000E+00  0.37215E-07  0.00000E+00  0.12146E-01  0.00000E+00  0.00000E+00  0.00000E+00     243  0.00000E+00  0.00000E+00  0.00000E+00
        3.7963 -0.00000E+00 -0.11845E+00  0.50000E+01 -0.49643E+01  0.00000E+00  0.00000E+00  0.34733E-07  0.00000E+00  0.11545E-01  0.00000E+00  0.00000E+00  0.00000E+00     244  0.00000E+00  0.00000E+00  0.00000E+00
        3.8128 -0.00000E+00 -0.11258E+00  0.50000E+01 -0.49662E+01  0.00000E+00  0.00000E+00  0.32418E-07  0.00000E+00  0.10971E-01  0.00000E+00  0.00000E+00  0.00000E+00     245  0.00000E+00  0.00000E+00  0.00000E+00
        3.8293 -0.00000E+00 -0.10698E+00  0.50000E+01 -0.49680E+01  0.00000E+00  0.00000E+00  0.30258E-07  0.00000E+00  0.10424E-01  0.00000E+00  0.00000E+00  0.00000E+00     246  0.00000E+00  0.00000E+00  0.00000E+00
        3.8457 -0.00000E+00 -0.10164E+00  0.50000E+01 -0.49696E+01  0.00000E+00  0.00000E+00  0.28242E-07  0.00000E+00  0.99031E-02  0.00000E+00  0.00000E+00  0.00000E+00     247  0.00000E+00  0.00000E+00  0.00000E+00
        3.8622 -0.00000E+00 -0.96549E-01  0.50000E+01 -0.49712E+01  0.00000E+00  0.00000E+00  0.26362E-07  0.00000E+00  0.94066E-02  0.00000E+00  0.00000E+00  0.00000E+00     248  0.00000E+00  0.00000E+00  0.00000E+00
        3.8787 -0.00000E+00 -0.91702E-01  0.50000E+01 -0.49727E+01  0.00000E+00  0.00000E+00  0.24608E-07  0.00000E+00  0.89337E-02  0.00000E+00  0.00000E+00  0.00000E+00     249  0.00000E+00  0.00000E+00  0.00000E+00
        3.8951 -0.00000E+00 -0.87086E-01  0.50000E+01 -0.49742E+01  0.00000E+00  0.00000E+00  0.22971E-07  0.00000E+00  0.84833E-02  0.00000E+00  0.00000E+00  0.00000E+00     250  0.00000E+00  0.00000E+00  0.00000E+00
        3.9116 -0.00000E+00 -0.82689E-01  0.50000E+01 -0.49755E+01  0.00000E+00  0.00000E+00  0.21443E-07  0.00000E+00  0.80544E-02  0.00000E+00  0.00000E+00  0.00000E+00     251  0.00000E+00  0.00000E+00  0.00000E+00
        3.9281 -0.00000E+00 -0.78503E-01  0.50000E+01 -0.49768E+01  0.00000E+00  0.00000E+00  0.20018E-07  0.00000E+00  0.76461E-02  0.00000E+00  0.00000E+00  0.00000E+00     252  0.00000E+00  0.00000E+00  0.00000E+00
        3.9445 -0.00000E+00 -0.74519E-01  0.50000E+01 -0.49780E+01  0.00000E+00  0.00000E+00  0.18688E-07  0.00000E+00  0.72575E-02  0.00000E+00  0.00000E+00  0.00000E+00     253  0.00000E+00  0.00000E+00  0.00000E+00
        3.9610 -0.00000E+00 -0.70727E-01  0.50000E+01 -0.49792E+01  0.00000E+00  0.00000E+00  0.17447E-07  0.00000E+00  0.68877E-02  0.00000E+00  0.00000E+00  0.00000E+00     254  0.00000E+00  0.00000E+00  0.00000E+00
        3.9774 -0.00000E+00 -0.67118E-01  0.50000E+01 -0.49803E+01  0.00000E+00  0.00000E+00  0.16288E-07  0.00000E+00  0.65358E-02  0.00000E+00  0.00000E+00  0.00000E+00     255  0.00000E+00  0.00000E+00  0.00000E+00
        3.9887 -0.00000E+00 -0.64204E-01  0.50000E+01 -0.49810E+01  0.00000E+00  0.00000E+00  0.15533E-07  0.00000E+00  0.63048E-02  0.00000E+00  0.00000E+00  0.00000E+00     256  0.00000E+00  0.00000E+00  0.00000E+00
        4.0000 -0.00000E+00 -0.61932E-01  0.50000E+01 -0.49817E+01  0.00000E+00  0.00000E+00  0.14819E-07  0.00000E+00  0.60816E-02  0.00000E+00  0.00000E+00  0.00000E+00     257  0.00000E+00  0.00000E+00  0.00000E+00
        4.0165 -0.00000E+00 -0.59253E-01  0.50000E+01 -0.49827E+01  0.00000E+00  0.00000E+00  0.13840E-07  0.00000E+00  0.57690E-02  0.00000E+00  0.00000E+00  0.00000E+00     258  0.00000E+00  0.00000E+00  0.00000E+00
        4.0329 -0.00000E+00 -0.56204E-01  0.50000E+01 -0.49836E+01  0.00000E+00  0.00000E+00  0.12922E-07  0.00000E+00  0.54717E-02  0.00000E+00  0.00000E+00  0.00000E+00     259  0.00000E+00  0.00000E+00  0.00000E+00
        4.0494 -0.00000E+00 -0.53305E-01  0.50000E+01 -0.49845E+01  0.00000E+00  0.00000E+00  0.12066E-07  0.00000E+00  0.51892E-02  0.00000E+00  0.00000E+00  0.00000E+00     260  0.00000E+00  0.00000E+00  0.00000E+00
        4.0659 -0.00000E+00 -0.50549E-01  0.50000E+01 -0.49854E+01  0.00000E+00  0.00000E+00  0.11266E-07  0.00000E+00  0.49205E-02  0.00000E+00  0.00000E+00  0.00000E+00     261  0.00000E+00  0.00000E+00  0.00000E+00
        4.0823 -0.00000E+00 -0.47929E-01  0.50000E+01 -0.49861E+01  0.00000E+00  0.00000E+00  0.10521E-07  0.00000E+00  0.46652E-02  0.00000E+00  0.00000E+00  0.00000E+00     262  0.00000E+00  0.00000E+00  0.00000E+00
        4.0988 -0.00000E+00 -0.45440E-01  0.50000E+01 -0.49869E+01  0.00000E+00  0.00000E+00  0.98240E-08  0.00000E+00  0.44226E-02  0.00000E+00  0.00000E+00  0.00000E+00     263  0.00000E+00  0.00000E+00  0.00000E+00
        4.1152 -0.00000E+00 -0.43074E-01  0.50000E+01 -0.49876E+01  0.00000E+00  0.00000E+00  0.91741E-08  0.00000E+00  0.41921E-02  0.00000E+00  0.00000E+00  0.00000E+00     264  0.00000E+00  0.00000E+00  0.00000E+00
        4.1317 -0.00000E+00 -0.40827E-01  0.50000E+01 -0.49883E+01  0.00000E+00  0.00000E+00  0.85670E-08  0.00000E+00  0.39732E-02  0.00000E+00  0.00000E+00  0.00000E+00     265  0.00000E+00  0.00000E+00  0.00000E+00
        4.1482 -0.00000E+00 -0.38692E-01  0.50000E+01 -0.49889E+01  0.00000E+00  0.00000E+00  0.80006E-08  0.00000E+00  0.37652E-02  0.00000E+00  0.00000E+00  0.00000E+00     266  0.00000E+00  0.00000E+00  0.00000E+00
        4.1646 -0.00000E+00 -0.36665E-01  0.50000E+01 -0.49895E+01  0.00000E+00  0.00000E+00  0.74716E-08  0.00000E+00  0.35677E-02  0.00000E+00  0.00000E+00  0.00000E+00     267  0.00000E+00  0.00000E+00  0.00000E+00
        4.1811 -0.00000E+00 -0.34739E-01  0.50000E+01 -0.49901E+01  0.00000E+00  0.00000E+00  0.69779E-08  0.00000E+00  0.33802E-02  0.00000E+00  0.00000E+00  0.00000E+00     268  0.00000E+00  0.00000E+00  0.00000E+00
        4.1976 -0.00000E+00 -0.32912E-01  0.50000E+01 -0.49906E+01  0.00000E+00  0.00000E+00  0.65169E-08  0.00000E+00  0.32021E-02  0.00000E+00  0.00000E+00  0.00000E+00     269  0.00000E+00  0.00000E+00  0.00000E+00
        4.2140 -0.00000E+00 -0.31176E-01  0.50000E+01 -0.49911E+01  0.00000E+00  0.00000E+00  0.60865E-08  0.00000E+00  0.30331E-02  0.00000E+00  0.00000E+00  0.00000E+00     270  0.00000E+00  0.00000E+00  0.00000E+00
        4.2305 -0.00000E+00 -0.29529E-01  0.50000E+01 -0.49916E+01  0.00000E+00  0.00000E+00  0.56847E-08  0.00000E+00  0.28727E-02  0.00000E+00  0.00000E+00  0.00000E+00     271  0.00000E+00  0.00000E+00  0.00000E+00
        4.2470 -0.00000E+00 -0.27966E-01  0.50000E+01 -0.49921E+01  0.00000E+00  0.00000E+00  0.53095E-08  0.00000E+00  0.27205E-02  0.00000E+00  0.00000E+00  0.00000E+00     272  0.00000E+00  0.00000E+00  0.00000E+00
        4.2634 -0.00000E+00 -0.26483E-01  0.50000E+01 -0.49925E+01  0.00000E+00  0.00000E+00  0.49592E-08  0.00000E+00  0.25760E-02  0.00000E+00  0.00000E+00  0.00000E+00     273  0.00000E+00  0.00000E+00  0.00000E+00
        4.2799 -0.00000E+00 -0.25075E-01  0.50000E+01 -0.49929E+01  0.00000E+00  0.00000E+00  0.46322E-08  0.00000E+00  0.24390E-02  0.00000E+00  0.00000E+00  0.00000E+00     274  0.00000E+00  0.00000E+00  0.00000E+00
        4.2963 -0.00000E+00 -0.23740E-01  0.50000E+01 -0.49933E+01  0.00000E+00  0.00000E+00  0.43267E-08  0.00000E+00  0.23090E-02  0.00000E+00  0.00000E+00  0.00000E+00     275  0.00000E+00  0.00000E+00  0.00000E+00
        4.3128 -0.00000E+00 -0.22474E-01  0.50000E+01 -0.49937E+01  0.00000E+00  0.00000E+00  0.40416E-08  0.00000E+00  0.21858E-02  0.00000E+00  0.00000E+00  0.00000E+00     276  0.00000E+00  0.00000E+00  0.00000E+00
        4.3293 -0.00000E+00 -0.21273E-01  0.50000E+01 -0.49940E+01  0.00000E+00  0.00000E+00  0.37753E-08  0.00000E+00  0.20688E-02  0.00000E+00  0.00000E+00  0.00000E+00     277  0.00000E+00  0.00000E+00  0.00000E+00
        4.3457 -0.00000E+00 -0.20134E-01  0.50000E+01 -0.49944E+01  0.00000E+00  0.00000E+00  0.35266E-08  0.00000E+00  0.19580E-02  0.00000E+00  0.00000E+00  0.00000E+00     278  0.00000E+00  0.00000E+00  0.00000E+00
        4.3622 -0.00000E+00 -0.19054E-01  0.50000E+01 -0.49947E+01  0.00000E+00  0.00000E+00  0.32944E-08  0.00000E+00  0.18529E-02  0.00000E+00  0.00000E+00  0.00000E+00     279  0.00000E+00  0.00000E+00  0.00000E+00
        4.3787 -0.00000E+00 -0.18031E-01  0.50000E+01 -0.49950E+01  0.00000E+00  0.00000E+00  0.30776E-08  0.00000E+00  0.17533E-02  0.00000E+00  0.00000E+00  0.00000E+00     280  0.00000E+00  0.00000E+00  0.00000E+00
        4.3951 -0.00000E+00 -0.17060E-01  0.50000E+01 -0.49953E+01  0.00000E+00  0.00000E+00  0.28750E-08  0.00000E+00  0.16588E-02  0.00000E+00  0.00000E+00  0.00000E+00     281  0.00000E+00  0.00000E+00  0.00000E+00
        4.4116 -0.00000E+00 -0.16141E-01  0.50000E+01 -0.49955E+01  0.00000E+00  0.00000E+00  0.26859E-08  0.00000E+00  0.15693E-02  0.00000E+00  0.00000E+00  0.00000E+00     282  0.00000E+00  0.00000E+00  0.00000E+00
        4.4281 -0.00000E+00 -0.15269E-01  0.50000E+01 -0.49958E+01  0.00000E+00  0.00000E+00  0.25093E-08  0.00000E+00  0.14845E-02  0.00000E+00  0.00000E+00  0.00000E+00     283  0.00000E+00  0.00000E+00  0.00000E+00
        4.4445 -0.00000E+00 -0.14443E-01  0.50000E+01 -0.49960E+01  0.00000E+00  0.00000E+00  0.23443E-08  0.00000E+00  0.14042E-02  0.00000E+00  0.00000E+00  0.00000E+00     284  0.00000E+00  0.00000E+00  0.00000E+00
        4.4610 -0.00000E+00 -0.13661E-01  0.50000E+01 -0.49962E+01  0.00000E+00  0.00000E+00  0.21902E-08  0.00000E+00  0.13280E-02  0.00000E+00  0.00000E+00  0.00000E+00     285  0.00000E+00  0.00000E+00  0.00000E+00
        4.4774 -0.00000E+00 -0.12920E-01  0.50000E+01 -0.49965E+01  0.00000E+00  0.00000E+00  0.20463E-08  0.00000E+00  0.12559E-02  0.00000E+00  0.00000E+00  0.00000E+00     286  0.00000E+00  0.00000E+00  0.00000E+00
        4.4887 -0.00000E+00 -0.12323E-01  0.50000E+01 -0.49966E+01  0.00000E+00  0.00000E+00  0.19524E-08  0.00000E+00  0.12088E-02  0.00000E+00  0.00000E+00  0.00000E+00     287  0.00000E+00  0.00000E+00  0.00000E+00
        4.5000 -0.00000E+00 -0.11860E-01  0.50000E+01 -0.49967E+01  0.00000E+00  0.00000E+00  0.18636E-08  0.00000E+00  0.11633E-02  0.00000E+00  0.00000E+00  0.00000E+00     288  0.00000E+00  0.00000E+00  0.00000E+00
        4.5165 -0.00000E+00 -0.11316E-01  0.50000E+01 -0.49969E+01  0.00000E+00  0.00000E+00  0.17418E-08  0.00000E+00  0.10999E-02  0.00000E+00  0.00000E+00  0.00000E+00     289  0.00000E+00  0.00000E+00  0.00000E+00
        4.5329 -0.00000E+00 -0.10699E-01  0.50000E+01 -0.49971E+01  0.00000E+00  0.00000E+00  0.16274E-08  0.00000E+00  0.10399E-02  0.00000E+00  0.00000E+00  0.00000E+00     290  0.00000E+00  0.00000E+00  0.00000E+00
        4.5494 -0.00000E+00 -0.10114E-01  0.50000E+01 -0.49973E+01  0.00000E+00  0.00000E+00  0.15207E-08  0.00000E+00  0.98302E-03  0.00000E+00  0.00000E+00  0.00000E+00     291  0.00000E+00  0.00000E+00  0.00000E+00
        4.5659 -0.00000E+00 -0.95611E-02  0.50000E+01 -0.49974E+01  0.00000E+00  0.00000E+00  0.14209E-08  0.00000E+00  0.92921E-03  0.00000E+00  0.00000E+00  0.00000E+00     292  0.00000E+00  0.00000E+00  0.00000E+00
        4.5823 -0.00000E+00 -0.90373E-02  0.50000E+01 -0.49976E+01  0.00000E+00  0.00000E+00  0.13278E-08  0.00000E+00  0.87826E-03  0.00000E+00  0.00000E+00  0.00000E+00     293  0.00000E+00  0.00000E+00  0.00000E+00
        4.5988 -0.00000E+00 -0.85415E-02  0.50000E+01 -0.49977E+01  0.00000E+00  0.00000E+00  0.12407E-08  0.00000E+00  0.83004E-03  0.00000E+00  0.00000E+00  0.00000E+00     294  0.00000E+00  0.00000E+00  0.00000E+00
        4.6152 -0.00000E+00 -0.80722E-02  0.50000E+01 -0.49978E+01  0.00000E+00  0.00000E+00  0.11595E-08  0.00000E+00  0.78440E-03  0.00000E+00  0.00000E+00  0.00000E+00     295  0.00000E+00  0.00000E+00  0.00000E+00
        4.6317 -0.00000E+00 -0.76281E-02  0.50000E+01 -0.49980E+01  0.00000E+00  0.00000E+00  0.10835E-08  0.00000E+00  0.74122E-03  0.00000E+00  0.00000E+00  0.00000E+00     296  0.00000E+00  0.00000E+00  0.00000E+00
        4.6482 -0.00000E+00 -0.72078E-02  0.50000E+01 -0.49981E+01  0.00000E+00  0.00000E+00  0.10125E-08  0.00000E+00  0.70035E-03  0.00000E+00  0.00000E+00  0.00000E+00     297  0.00000E+00  0.00000E+00  0.00000E+00
        4.6646 -0.00000E+00 -0.68102E-02  0.50000E+01 -0.49982E+01  0.00000E+00  0.00000E+00  0.94621E-09  0.00000E+00  0.66169E-03  0.00000E+00  0.00000E+00  0.00000E+00     298  0.00000E+00  0.00000E+00  0.00000E+00
        4.6811 -0.00000E+00 -0.64340E-02  0.50000E+01 -0.49983E+01  0.00000E+00  0.00000E+00  0.88429E-09  0.00000E+00  0.62511E-03  0.00000E+00  0.00000E+00  0.00000E+00     299  0.00000E+00  0.00000E+00  0.00000E+00
        4.6976 -0.00000E+00 -0.60781E-02  0.50000E+01 -0.49984E+01  0.00000E+00  0.00000E+00  0.82641E-09  0.00000E+00  0.59051E-03  0.00000E+00  0.00000E+00  0.00000E+00     300  0.00000E+00  0.00000E+00  0.00000E+00
        4.7140 -0.00000E+00 -0.57415E-02  0.50000E+01 -0.49985E+01  0.00000E+00  0.00000E+00  0.77235E-09  0.00000E+00  0.55778E-03  0.00000E+00  0.00000E+00  0.00000E+00     301  0.00000E+00  0.00000E+00  0.00000E+00
        4.7305 -0.00000E+00 -0.54231E-02  0.50000E+01 -0.49986E+01  0.00000E+00  0.00000E+00  0.72182E-09  0.00000E+00  0.52683E-03  0.00000E+00  0.00000E+00  0.00000E+00     302  0.00000E+00  0.00000E+00  0.00000E+00
        4.7470 -0.00000E+00 -0.51219E-02  0.50000E+01 -0.49987E+01  0.00000E+00  0.00000E+00  0.67463E-09  0.00000E+00  0.49756E-03  0.00000E+00  0.00000E+00  0.00000E+00     303  0.00000E+00  0.00000E+00  0.00000E+00
        4.7634 -0.00000E+00 -0.48372E-02  0.50000E+01 -0.49988E+01  0.00000E+00  0.00000E+00  0.63052E-09  0.00000E+00  0.46988E-03  0.00000E+00  0.00000E+00  0.00000E+00     304  0.00000E+00  0.00000E+00  0.00000E+00
        4.7799 -0.00000E+00 -0.45679E-02  0.50000E+01 -0.49988E+01  0.00000E+00  0.00000E+00  0.58932E-09  0.00000E+00  0.44371E-03  0.00000E+00  0.00000E+00  0.00000E+00     305  0.00000E+00  0.00000E+00  0.00000E+00
        4.7963 -0.00000E+00 -0.43134E-02  0.50000E+01 -0.49989E+01  0.00000E+00  0.00000E+00  0.55081E-09  0.00000E+00  0.41896E-03  0.00000E+00  0.00000E+00  0.00000E+00     306  0.00000E+00  0.00000E+00  0.00000E+00
        4.8128 -0.00000E+00 -0.40727E-02  0.50000E+01 -0.49990E+01  0.00000E+00  0.00000E+00  0.51483E-09  0.00000E+00  0.39557E-03  0.00000E+00  0.00000E+00  0.00000E+00     307  0.00000E+00  0.00000E+00  0.00000E+00
        4.8293 -0.00000E+00 -0.38452E-02  0.50000E+01 -0.49990E+01  0.00000E+00  0.00000E+00  0.48121E-09  0.00000E+00  0.37346E-03  0.00000E+00  0.00000E+00  0.00000E+00     308  0.00000E+00  0.00000E+00  0.00000E+00
        4.8457 -0.00000E+00 -0.36301E-02  0.50000E+01 -0.49991E+01  0.00000E+00  0.00000E+00  0.44980E-09  0.00000E+00  0.35256E-03  0.00000E+00  0.00000E+00  0.00000E+00     309  0.00000E+00  0.00000E+00  0.00000E+00
        4.8622 -0.00000E+00 -0.34268E-02  0.50000E+01 -0.49991E+01  0.00000E+00  0.00000E+00  0.42044E-09  0.00000E+00  0.33281E-03  0.00000E+00  0.00000E+00  0.00000E+00     310  0.00000E+00  0.00000E+00  0.00000E+00
        4.8787 -0.00000E+00 -0.32347E-02  0.50000E+01 -0.49992E+01  0.00000E+00  0.00000E+00  0.39300E-09  0.00000E+00  0.31414E-03  0.00000E+00  0.00000E+00  0.00000E+00     311  0.00000E+00  0.00000E+00  0.00000E+00
        4.8951 -0.00000E+00 -0.30532E-02  0.50000E+01 -0.49992E+01  0.00000E+00  0.00000E+00  0.36737E-09  0.00000E+00  0.29650E-03  0.00000E+00  0.00000E+00  0.00000E+00     312  0.00000E+00  0.00000E+00  0.00000E+00
        4.9116 -0.00000E+00 -0.28816E-02  0.50000E+01 -0.49993E+01  0.00000E+00  0.00000E+00  0.34341E-09  0.00000E+00  0.27983E-03  0.00000E+00  0.00000E+00  0.00000E+00     313  0.00000E+00  0.00000E+00  0.00000E+00
        4.9281 -0.00000E+00 -0.27196E-02  0.50000E+01 -0.49993E+01  0.00000E+00  0.00000E+00  0.32102E-09  0.00000E+00  0.26409E-03  0.00000E+00  0.00000E+00  0.00000E+00     314  0.00000E+00  0.00000E+00  0.00000E+00
        4.9445 -0.00000E+00 -0.25665E-02  0.50000E+01 -0.49994E+01  0.00000E+00  0.00000E+00  0.30009E-09  0.00000E+00  0.24921E-03  0.00000E+00  0.00000E+00  0.00000E+00     315  0.00000E+00  0.00000E+00  0.00000E+00
        4.9610 -0.00000E+00 -0.24218E-02  0.50000E+01 -0.49994E+01  0.00000E+00  0.00000E+00  0.28053E-09  0.00000E+00  0.23515E-03  0.00000E+00  0.00000E+00  0.00000E+00     316  0.00000E+00  0.00000E+00  0.00000E+00
        4.9774 -0.00000E+00 -0.22852E-02  0.50000E+01 -0.49995E+01  0.00000E+00  0.00000E+00  0.26225E-09  0.00000E+00  0.22188E-03  0.00000E+00  0.00000E+00  0.00000E+00     317  0.00000E+00  0.00000E+00  0.00000E+00
        4.9887 -0.00000E+00 -0.21755E-02  0.50000E+01 -0.49995E+01  0.00000E+00  0.00000E+00  0.25032E-09  0.00000E+00  0.21322E-03  0.00000E+00  0.00000E+00  0.00000E+00     318  0.00000E+00  0.00000E+00  0.00000E+00
        5.0000 -0.00000E+00 -0.20906E-02  0.50000E+01 -0.49995E+01  0.00000E+00  0.00000E+00  0.23902E-09  0.00000E+00  0.20489E-03  0.00000E+00  0.00000E+00  0.00000E+00     319  0.00000E+00  0.00000E+00  0.00000E+00
        5.0165 -0.00000E+00 -0.19909E-02  0.50000E+01 -0.49995E+01  0.00000E+00  0.00000E+00  0.22353E-09  0.00000E+00  0.19330E-03  0.00000E+00  0.00000E+00  0.00000E+00     320  0.00000E+00  0.00000E+00  0.00000E+00
        5.0329 -0.00000E+00 -0.18782E-02  0.50000E+01 -0.49996E+01  0.00000E+00  0.00000E+00  0.20896E-09  0.00000E+00  0.18235E-03  0.00000E+00  0.00000E+00  0.00000E+00     321  0.00000E+00  0.00000E+00  0.00000E+00
        5.0494 -0.00000E+00 -0.17718E-02  0.50000E+01 -0.49996E+01  0.00000E+00  0.00000E+00  0.19538E-09  0.00000E+00  0.17201E-03  0.00000E+00  0.00000E+00  0.00000E+00     322  0.00000E+00  0.00000E+00  0.00000E+00
        5.0659 -0.00000E+00 -0.16713E-02  0.50000E+01 -0.49996E+01  0.00000E+00  0.00000E+00  0.18266E-09  0.00000E+00  0.16224E-03  0.00000E+00  0.00000E+00  0.00000E+00     323  0.00000E+00  0.00000E+00  0.00000E+00
        5.0823 -0.00000E+00 -0.15764E-02  0.50000E+01 -0.49997E+01  0.00000E+00  0.00000E+00  0.17079E-09  0.00000E+00  0.15303E-03  0.00000E+00  0.00000E+00  0.00000E+00     324  0.00000E+00  0.00000E+00  0.00000E+00
        5.0988 -0.00000E+00 -0.14868E-02  0.50000E+01 -0.49997E+01  0.00000E+00  0.00000E+00  0.15968E-09  0.00000E+00  0.14432E-03  0.00000E+00  0.00000E+00  0.00000E+00     325  0.00000E+00  0.00000E+00  0.00000E+00
        5.1152 -0.00000E+00 -0.14022E-02  0.50000E+01 -0.49997E+01  0.00000E+00  0.00000E+00  0.14930E-09  0.00000E+00  0.13611E-03  0.00000E+00  0.00000E+00  0.00000E+00     326  0.00000E+00  0.00000E+00  0.00000E+00
        5.1317 -0.00000E+00 -0.13223E-02  0.50000E+01 -0.49997E+01  0.00000E+00  0.00000E+00  0.13959E-09  0.00000E+00  0.12836E-03  0.00000E+00  0.00000E+00  0.00000E+00     327  0.00000E+00  0.00000E+00  0.00000E+00
        5.1482 -0.00000E+00 -0.12470E-02  0.50000E+01 -0.49997E+01  0.00000E+00  0.00000E+00  0.13052E-09  0.00000E+00  0.12104E-03  0.00000E+00  0.00000E+00  0.00000E+00     328  0.00000E+00  0.00000E+00  0.00000E+00
        5.1646 -0.00000E+00 -0.11758E-02  0.50000E+01 -0.49998E+01  0.00000E+00  0.00000E+00  0.12204E-09  0.00000E+00  0.11413E-03  0.00000E+00  0.00000E+00  0.00000E+00     329  0.00000E+00  0.00000E+00  0.00000E+00
        5.1811 -0.00000E+00 -0.11087E-02  0.50000E+01 -0.49998E+01  0.00000E+00  0.00000E+00  0.11411E-09  0.00000E+00  0.10761E-03  0.00000E+00  0.00000E+00  0.00000E+00     330  0.00000E+00  0.00000E+00  0.00000E+00
        5.1976 -0.00000E+00 -0.10453E-02  0.50000E+01 -0.49998E+01  0.00000E+00  0.00000E+00  0.10670E-09  0.00000E+00  0.10146E-03  0.00000E+00  0.00000E+00  0.00000E+00     331  0.00000E+00  0.00000E+00  0.00000E+00
        5.2140 -0.00000E+00 -0.98554E-03  0.50000E+01 -0.49998E+01  0.00000E+00  0.00000E+00  0.99774E-10  0.00000E+00  0.95651E-04  0.00000E+00  0.00000E+00  0.00000E+00     332  0.00000E+00  0.00000E+00  0.00000E+00
        5.2305 -0.00000E+00 -0.92912E-03  0.50000E+01 -0.49998E+01  0.00000E+00  0.00000E+00  0.93296E-10  0.00000E+00  0.90173E-04  0.00000E+00  0.00000E+00  0.00000E+00     333  0.00000E+00  0.00000E+00  0.00000E+00
        5.2470 -0.00000E+00 -0.87589E-03  0.50000E+01 -0.49998E+01  0.00000E+00  0.00000E+00  0.87241E-10  0.00000E+00  0.85004E-04  0.00000E+00  0.00000E+00  0.00000E+00     334  0.00000E+00  0.00000E+00  0.00000E+00
        5.2634 -0.00000E+00 -0.82566E-03  0.50000E+01 -0.49999E+01  0.00000E+00  0.00000E+00  0.81580E-10  0.00000E+00  0.80128E-04  0.00000E+00  0.00000E+00  0.00000E+00     335  0.00000E+00  0.00000E+00  0.00000E+00
        5.2799 -0.00000E+00 -0.77828E-03  0.50000E+01 -0.49999E+01  0.00000E+00  0.00000E+00  0.76288E-10  0.00000E+00  0.75527E-04  0.00000E+00  0.00000E+00  0.00000E+00     336  0.00000E+00  0.00000E+00  0.00000E+00
        5.2963 -0.00000E+00 -0.73358E-03  0.50000E+01 -0.49999E+01  0.00000E+00  0.00000E+00  0.71340E-10  0.00000E+00  0.71187E-04  0.00000E+00  0.00000E+00  0.00000E+00     337  0.00000E+00  0.00000E+00  0.00000E+00
        5.3128 -0.00000E+00 -0.69141E-03  0.50000E+01 -0.49999E+01  0.00000E+00  0.00000E+00  0.66714E-10  0.00000E+00  0.67093E-04  0.00000E+00  0.00000E+00  0.00000E+00     338  0.00000E+00  0.00000E+00  0.00000E+00
        5.3293 -0.00000E+00 -0.65163E-03  0.50000E+01 -0.49999E+01  0.00000E+00  0.00000E+00  0.62388E-10  0.00000E+00  0.63232E-04  0.00000E+00  0.00000E+00  0.00000E+00     339  0.00000E+00  0.00000E+00  0.00000E+00
        5.3457 -0.00000E+00 -0.61411E-03  0.50000E+01 -0.49999E+01  0.00000E+00  0.00000E+00  0.58345E-10  0.00000E+00  0.59590E-04  0.00000E+00  0.00000E+00  0.00000E+00     340  0.00000E+00  0.00000E+00  0.00000E+00
        5.3622 -0.00000E+00 -0.57873E-03  0.50000E+01 -0.49999E+01  0.00000E+00  0.00000E+00  0.54563E-10  0.00000E+00  0.56155E-04  0.00000E+00  0.00000E+00  0.00000E+00     341  0.00000E+00  0.00000E+00  0.00000E+00
        5.3787 -0.00000E+00 -0.54535E-03  0.50000E+01 -0.49999E+01  0.00000E+00  0.00000E+00  0.51028E-10  0.00000E+00  0.52915E-04  0.00000E+00  0.00000E+00  0.00000E+00     342  0.00000E+00  0.00000E+00  0.00000E+00
        5.3951 -0.00000E+00 -0.51388E-03  0.50000E+01 -0.49999E+01  0.00000E+00  0.00000E+00  0.47723E-10  0.00000E+00  0.49860E-04  0.00000E+00  0.00000E+00  0.00000E+00     343  0.00000E+00  0.00000E+00  0.00000E+00
        5.4116 -0.00000E+00 -0.48421E-03  0.50000E+01 -0.49999E+01  0.00000E+00  0.00000E+00  0.44632E-10  0.00000E+00  0.46980E-04  0.00000E+00  0.00000E+00  0.00000E+00     344  0.00000E+00  0.00000E+00  0.00000E+00
        5.4281 -0.00000E+00 -0.45622E-03  0.50000E+01 -0.50000E+01  0.00000E+00  0.00000E+00  0.41742E-10  0.00000E+00  0.44264E-04  0.00000E+00  0.00000E+00  0.00000E+00     345  0.00000E+00  0.00000E+00  0.00000E+00
        5.4445 -0.00000E+00 -0.42983E-03  0.50000E+01 -0.50000E+01  0.00000E+00  0.00000E+00  0.39040E-10  0.00000E+00  0.41702E-04  0.00000E+00  0.00000E+00  0.00000E+00     346  0.00000E+00  0.00000E+00  0.00000E+00
        5.4610 -0.00000E+00 -0.40495E-03  0.50000E+01 -0.50000E+01  0.00000E+00  0.00000E+00  0.36513E-10  0.00000E+00  0.39288E-04  0.00000E+00  0.00000E+00  0.00000E+00     347  0.00000E+00  0.00000E+00  0.00000E+00
        5.4774 -0.00000E+00 -0.38150E-03  0.50000E+01 -0.50000E+01  0.00000E+00  0.00000E+00  0.34150E-10  0.00000E+00  0.37011E-04  0.00000E+00  0.00000E+00  0.00000E+00     348  0.00000E+00  0.00000E+00  0.00000E+00
        5.4887 -0.00000E+00 -0.36270E-03  0.50000E+01 -0.50000E+01  0.00000E+00  0.00000E+00  0.32607E-10  0.00000E+00  0.35529E-04  0.00000E+00  0.00000E+00  0.00000E+00     349  0.00000E+00  0.00000E+00  0.00000E+00
        5.5000 -0.00000E+00 -0.34817E-03  0.50000E+01 -0.50000E+01  0.00000E+00  0.00000E+00  0.31145E-10  0.00000E+00  0.34105E-04  0.00000E+00  0.00000E+00  0.00000E+00     350  0.00000E+00  0.00000E+00  0.00000E+00
        5.5165 -0.00000E+00 -0.33115E-03  0.50000E+01 -0.50000E+01  0.00000E+00  0.00000E+00  0.29139E-10  0.00000E+00  0.32125E-04  0.00000E+00  0.00000E+00  0.00000E+00     351  0.00000E+00  0.00000E+00  0.00000E+00
        5.5329 -0.00000E+00 -0.31192E-03  0.50000E+01 -0.50000E+01  0.00000E+00  0.00000E+00  0.27254E-10  0.00000E+00  0.30259E-04  0.00000E+00  0.00000E+00  0.00000E+00     352  0.00000E+00  0.00000E+00  0.00000E+00
        5.5494 -0.00000E+00 -0.29380E-03  0.50000E+01 -0.50000E+01  0.00000E+00  0.00000E+00  0.25494E-10  0.00000E+00  0.28500E-04  0.00000E+00  0.00000E+00  0.00000E+00     353  0.00000E+00  0.00000E+00  0.00000E+00
        5.5659 -0.00000E+00 -0.27672E-03  0.50000E+01 -0.50000E+01  0.00000E+00  0.00000E+00  0.23845E-10  0.00000E+00  0.26843E-04  0.00000E+00  0.00000E+00  0.00000E+00     354  0.00000E+00  0.00000E+00  0.00000E+00
        5.5823 -0.00000E+00 -0.26062E-03  0.50000E+01 -0.50000E+01  0.00000E+00  0.00000E+00  0.22305E-10  0.00000E+00  0.25281E-04  0.00000E+00  0.00000E+00  0.00000E+00     355  0.00000E+00  0.00000E+00  0.00000E+00
        5.5988 -0.00000E+00 -0.24545E-03  0.50000E+01 -0.50000E+01  0.00000E+00  0.00000E+00  0.20864E-10  0.00000E+00  0.23808E-04  0.00000E+00  0.00000E+00  0.00000E+00     356  0.00000E+00  0.00000E+00  0.00000E+00
        5.6152 -0.00000E+00 -0.23115E-03  0.50000E+01 -0.50000E+01  0.00000E+00  0.00000E+00  0.19516E-10  0.00000E+00  0.22421E-04  0.00000E+00  0.00000E+00  0.00000E+00     357  0.00000E+00  0.00000E+00  0.00000E+00
        5.6317 -0.00000E+00 -0.21767E-03  0.50000E+01 -0.50000E+01  0.00000E+00  0.00000E+00  0.18255E-10  0.00000E+00  0.21114E-04  0.00000E+00  0.00000E+00  0.00000E+00     358  0.00000E+00  0.00000E+00  0.00000E+00
        5.6482 -0.00000E+00 -0.20498E-03  0.50000E+01 -0.50000E+01  0.00000E+00  0.00000E+00  0.17077E-10  0.00000E+00  0.19882E-04  0.00000E+00  0.00000E+00  0.00000E+00     359  0.00000E+00  0.00000E+00  0.00000E+00
        5.6646 -0.00000E+00 -0.19301E-03  0.50000E+01 -0.50000E+01  0.00000E+00  0.00000E+00  0.15974E-10  0.00000E+00  0.18721E-04  0.00000E+00  0.00000E+00  0.00000E+00     360  0.00000E+00  0.00000E+00  0.00000E+00
        5.6811 -0.00000E+00 -0.18174E-03  0.50000E+01 -0.50000E+01  0.00000E+00  0.00000E+00  0.14943E-10  0.00000E+00  0.17627E-04  0.00000E+00  0.00000E+00  0.00000E+00     361  0.00000E+00  0.00000E+00  0.00000E+00
        5.6976 -0.00000E+00 -0.17112E-03  0.50000E+01 -0.50000E+01  0.00000E+00  0.00000E+00  0.13979E-10  0.00000E+00  0.16597E-04  0.00000E+00  0.00000E+00  0.00000E+00     362  0.00000E+00  0.00000E+00  0.00000E+00
        5.7140 -0.00000E+00 -0.16111E-03  0.50000E+01 -0.50000E+01  0.00000E+00  0.00000E+00  0.13077E-10  0.00000E+00  0.15626E-04  0.00000E+00  0.00000E+00  0.00000E+00     363  0.00000E+00  0.00000E+00  0.00000E+00
        5.7305 -0.00000E+00 -0.15169E-03  0.50000E+01 -0.50000E+01  0.00000E+00  0.00000E+00  0.12233E-10  0.00000E+00  0.14712E-04  0.00000E+00  0.00000E+00  0.00000E+00     364  0.00000E+00  0.00000E+00  0.00000E+00
        5.7470 -0.00000E+00 -0.14281E-03  0.50000E+01 -0.50000E+01  0.00000E+00  0.00000E+00  0.11444E-10  0.00000E+00  0.13850E-04  0.00000E+00  0.00000E+00  0.00000E+00     365  0.00000E+00  0.00000E+00  0.00000E+00
        5.7634 -0.00000E+00 -0.13444E-03  0.50000E+01 -0.50000E+01  0.00000E+00  0.00000E+00  0.10706E-10  0.00000E+00  0.13039E-04  0.00000E+00  0.00000E+00  0.00000E+00     366  0.00000E+00  0.00000E+00  0.00000E+00
        5.7799 -0.00000E+00 -0.12656E-03  0.50000E+01 -0.50000E+01  0.00000E+00  0.00000E+00  0.10016E-10  0.00000E+00  0.12274E-04  0.00000E+00  0.00000E+00  0.00000E+00     367  0.00000E+00  0.00000E+00  0.00000E+00
        5.7963 -0.00000E+00 -0.11914E-03  0.50000E+01 -0.50000E+01  0.00000E+00  0.00000E+00  0.93699E-11  0.00000E+00  0.11554E-04  0.00000E+00  0.00000E+00  0.00000E+00     368  0.00000E+00  0.00000E+00  0.00000E+00
        5.8128 -0.00000E+00 -0.11215E-03  0.50000E+01 -0.50000E+01  0.00000E+00  0.00000E+00  0.87659E-11  0.00000E+00  0.10876E-04  0.00000E+00  0.00000E+00  0.00000E+00     369  0.00000E+00  0.00000E+00  0.00000E+00
        5.8293 -0.00000E+00 -0.10557E-03  0.50000E+01 -0.50001E+01  0.00000E+00  0.00000E+00  0.82010E-11  0.00000E+00  0.10237E-04  0.00000E+00  0.00000E+00  0.00000E+00     370  0.00000E+00  0.00000E+00  0.00000E+00
        5.8457 -0.00000E+00 -0.99365E-04  0.50000E+01 -0.50001E+01  0.00000E+00  0.00000E+00  0.76726E-11  0.00000E+00  0.96357E-05  0.00000E+00  0.00000E+00  0.00000E+00     371  0.00000E+00  0.00000E+00  0.00000E+00
        5.8622 -0.00000E+00 -0.93525E-04  0.50000E+01 -0.50001E+01  0.00000E+00  0.00000E+00  0.71783E-11  0.00000E+00  0.90692E-05  0.00000E+00  0.00000E+00  0.00000E+00     372  0.00000E+00  0.00000E+00  0.00000E+00
        5.8787 -0.00000E+00 -0.88024E-04  0.50000E+01 -0.50001E+01  0.00000E+00  0.00000E+00  0.67159E-11  0.00000E+00  0.85358E-05  0.00000E+00  0.00000E+00  0.00000E+00     373  0.00000E+00  0.00000E+00  0.00000E+00
        5.8951 -0.00000E+00 -0.82845E-04  0.50000E+01 -0.50001E+01  0.00000E+00  0.00000E+00  0.62834E-11  0.00000E+00  0.80334E-05  0.00000E+00  0.00000E+00  0.00000E+00     374  0.00000E+00  0.00000E+00  0.00000E+00
        5.9116 -0.00000E+00 -0.77968E-04  0.50000E+01 -0.50001E+01  0.00000E+00  0.00000E+00  0.58788E-11  0.00000E+00  0.75603E-05  0.00000E+00  0.00000E+00  0.00000E+00     375  0.00000E+00  0.00000E+00  0.00000E+00
        5.9281 -0.00000E+00 -0.73376E-04  0.50000E+01 -0.50001E+01  0.00000E+00  0.00000E+00  0.55004E-11  0.00000E+00  0.71149E-05  0.00000E+00  0.00000E+00  0.00000E+00     376  0.00000E+00  0.00000E+00  0.00000E+00
        5.9445 -0.00000E+00 -0.69052E-04  0.50000E+01 -0.50001E+01  0.00000E+00  0.00000E+00  0.51463E-11  0.00000E+00  0.66955E-05  0.00000E+00  0.00000E+00  0.00000E+00     377  0.00000E+00  0.00000E+00  0.00000E+00
        5.9610 -0.00000E+00 -0.64980E-04  0.50000E+01 -0.50001E+01  0.00000E+00  0.00000E+00  0.48151E-11  0.00000E+00  0.63006E-05  0.00000E+00  0.00000E+00  0.00000E+00     378  0.00000E+00  0.00000E+00  0.00000E+00
        5.9774 -0.00000E+00 -0.61147E-04  0.50000E+01 -0.50001E+01  0.00000E+00  0.00000E+00  0.45053E-11  0.00000E+00  0.59288E-05  0.00000E+00  0.00000E+00  0.00000E+00     379  0.00000E+00  0.00000E+00  0.00000E+00
        5.9887 -0.00000E+00 -0.58079E-04  0.50000E+01 -0.50001E+01  0.00000E+00  0.00000E+00  0.43028E-11  0.00000E+00  0.56870E-05  0.00000E+00  0.00000E+00  0.00000E+00     380  0.00000E+00  0.00000E+00  0.00000E+00
        6.0000 -0.00000E+00 -0.55709E-04  0.50000E+01 -0.50001E+01  0.00000E+00  0.00000E+00  0.41111E-11  0.00000E+00  0.54549E-05  0.00000E+00  0.00000E+00  0.00000E+00     381  0.00000E+00  0.00000E+00  0.00000E+00
end
