 ******* Program HYDRUS
 ******* Infiltration submergee (h=0 en surface), loam, h_init=-100 cm           
 Date:   0. 0.    Time: 512:**:**
 Units: L = cm   , T = days , M = g    

----------------------------------------------------------
 Time       [T]        0.0000
----------------------------------------------------------
 Sub-region num.                     1
----------------------------------------------------------
 Area     [L]        0.10000E+03  0.10000E+03
 W-volume [L]        0.24351E+02  0.24351E+02
 In-flow  [L/T]      0.00000E+00  0.00000E+00
 h Mean   [L]       -0.99500E+02 -0.99500E+02
 Top Flux [L/T]     -0.12623E+04
 Bot Flux [L/T]     -0.35496E-01
----------------------------------------------------------

----------------------------------------------------------
 Time       [T]        0.0500
----------------------------------------------------------
 Sub-region num.                     1
----------------------------------------------------------
 Area     [L]        0.10000E+03  0.10000E+03
 W-volume [L]        0.26509E+02  0.26509E+02
 In-flow  [L/T]      0.27114E+02  0.27114E+02
 h Mean   [L]       -0.87436E+02 -0.87436E+02
 Top Flux [L/T]     -0.27149E+02
 Bot Flux [L/T]     -0.35496E-01
 WatBalT  [L]       -0.33379E-05
 WatBalR  [%]              0.000
----------------------------------------------------------

----------------------------------------------------------
 Time       [T]        0.1000
----------------------------------------------------------
 Sub-region num.                     1
----------------------------------------------------------
 Area     [L]        0.10000E+03  0.10000E+03
 W-volume [L]        0.27779E+02  0.27779E+02
 In-flow  [L/T]      0.24516E+02  0.24516E+02
 h Mean   [L]       -0.80594E+02 -0.80594E+02
 Top Flux [L/T]     -0.24552E+02
 Bot Flux [L/T]     -0.35496E-01
 WatBalT  [L]       -0.11921E-04
 WatBalR  [%]              0.000
----------------------------------------------------------

----------------------------------------------------------
 Time       [T]        0.1500
----------------------------------------------------------
 Sub-region num.                     1
----------------------------------------------------------
 Area     [L]        0.10000E+03  0.10000E+03
 W-volume [L]        0.29017E+02  0.29017E+02
 In-flow  [L/T]      0.24913E+02  0.24913E+02
 h Mean   [L]       -0.73997E+02 -0.73997E+02
 Top Flux [L/T]     -0.24948E+02
 Bot Flux [L/T]     -0.35496E-01
 WatBalT  [L]       -0.15736E-04
 WatBalR  [%]              0.000
----------------------------------------------------------

----------------------------------------------------------
 Time       [T]        0.2000
----------------------------------------------------------
 Sub-region num.                     1
----------------------------------------------------------
 Area     [L]        0.10000E+03  0.10000E+03
 W-volume [L]        0.30265E+02  0.30265E+02
 In-flow  [L/T]      0.24968E+02  0.24968E+02
 h Mean   [L]       -0.67349E+02 -0.67349E+02
 Top Flux [L/T]     -0.25004E+02
 Bot Flux [L/T]     -0.35496E-01
 WatBalT  [L]       -0.27180E-04
 WatBalR  [%]              0.000
----------------------------------------------------------

----------------------------------------------------------
 Time       [T]        0.2500
----------------------------------------------------------
 Sub-region num.                     1
----------------------------------------------------------
 Area     [L]        0.10000E+03  0.10000E+03
 W-volume [L]        0.31507E+02  0.31507E+02
 In-flow  [L/T]      0.24682E+02  0.24682E+02
 h Mean   [L]       -0.60708E+02 -0.60708E+02
 Top Flux [L/T]     -0.24718E+02
 Bot Flux [L/T]     -0.35496E-01
 WatBalT  [L]       -0.23842E-04
 WatBalR  [%]              0.000
----------------------------------------------------------

----------------------------------------------------------
 Time       [T]        0.3000
----------------------------------------------------------
 Sub-region num.                     1
----------------------------------------------------------
 Area     [L]        0.10000E+03  0.10000E+03
 W-volume [L]        0.32751E+02  0.32751E+02
 In-flow  [L/T]      0.24943E+02  0.24943E+02
 h Mean   [L]       -0.54086E+02 -0.54086E+02
 Top Flux [L/T]     -0.24979E+02
 Bot Flux [L/T]     -0.35496E-01
 WatBalT  [L]       -0.18120E-04
 WatBalR  [%]              0.000
----------------------------------------------------------

----------------------------------------------------------
 Time       [T]        0.3500
----------------------------------------------------------
 Sub-region num.                     1
----------------------------------------------------------
 Area     [L]        0.10000E+03  0.10000E+03
 W-volume [L]        0.33995E+02  0.33995E+02
 In-flow  [L/T]      0.24940E+02  0.24940E+02
 h Mean   [L]       -0.47454E+02 -0.47454E+02
 Top Flux [L/T]     -0.24976E+02
 Bot Flux [L/T]     -0.35496E-01
 WatBalT  [L]       -0.95367E-05
 WatBalR  [%]              0.000
----------------------------------------------------------

----------------------------------------------------------
 Time       [T]        0.4000
----------------------------------------------------------
 Sub-region num.                     1
----------------------------------------------------------
 Area     [L]        0.10000E+03  0.10000E+03
 W-volume [L]        0.35239E+02  0.35239E+02
 In-flow  [L/T]      0.24896E+02  0.24896E+02
 h Mean   [L]       -0.40799E+02 -0.40799E+02
 Top Flux [L/T]     -0.24932E+02
 Bot Flux [L/T]     -0.35496E-01
 WatBalT  [L]        0.00000E+00
 WatBalR  [%]              0.000
----------------------------------------------------------

----------------------------------------------------------
 Time       [T]        0.4500
----------------------------------------------------------
 Sub-region num.                     1
----------------------------------------------------------
 Area     [L]        0.10000E+03  0.10000E+03
 W-volume [L]        0.36485E+02  0.36485E+02
 In-flow  [L/T]      0.24943E+02  0.24943E+02
 h Mean   [L]       -0.34171E+02 -0.34171E+02
 Top Flux [L/T]     -0.24978E+02
 Bot Flux [L/T]     -0.35496E-01
 WatBalT  [L]        0.00000E+00
 WatBalR  [%]              0.000
----------------------------------------------------------

----------------------------------------------------------
 Time       [T]        0.5000
----------------------------------------------------------
 Sub-region num.                     1
----------------------------------------------------------
 Area     [L]        0.10000E+03  0.10000E+03
 W-volume [L]        0.37732E+02  0.37732E+02
 In-flow  [L/T]      0.24943E+02  0.24943E+02
 h Mean   [L]       -0.27523E+02 -0.27523E+02
 Top Flux [L/T]     -0.24979E+02
 Bot Flux [L/T]     -0.35496E-01
 WatBalT  [L]        0.20027E-04
 WatBalR  [%]              0.000
----------------------------------------------------------

----------------------------------------------------------
 Time       [T]        0.5500
----------------------------------------------------------
 Sub-region num.                     1
----------------------------------------------------------
 Area     [L]        0.10000E+03  0.10000E+03
 W-volume [L]        0.38976E+02  0.38976E+02
 In-flow  [L/T]      0.24477E+02  0.24477E+02
 h Mean   [L]       -0.20872E+02 -0.20872E+02
 Top Flux [L/T]     -0.24512E+02
 Bot Flux [L/T]     -0.35496E-01
 WatBalT  [L]        0.32425E-04
 WatBalR  [%]              0.000
----------------------------------------------------------

----------------------------------------------------------
 Time       [T]        0.6000
----------------------------------------------------------
 Sub-region num.                     1
----------------------------------------------------------
 Area     [L]        0.10000E+03  0.10000E+03
 W-volume [L]        0.40205E+02  0.40205E+02
 In-flow  [L/T]      0.24649E+02  0.24649E+02
 h Mean   [L]       -0.14149E+02 -0.14149E+02
 Top Flux [L/T]     -0.24684E+02
 Bot Flux [L/T]     -0.35496E-01
 WatBalT  [L]        0.44823E-04
 WatBalR  [%]              0.000
----------------------------------------------------------

----------------------------------------------------------
 Time       [T]        0.6500
----------------------------------------------------------
 Sub-region num.                     1
----------------------------------------------------------
 Area     [L]        0.10000E+03  0.10000E+03
 W-volume [L]        0.41433E+02  0.41433E+02
 In-flow  [L/T]      0.24331E+02  0.24331E+02
 h Mean   [L]       -0.73900E+01 -0.73900E+01
 Top Flux [L/T]     -0.24368E+02
 Bot Flux [L/T]     -0.35561E-01
 WatBalT  [L]        0.45776E-04
 WatBalR  [%]              0.000
----------------------------------------------------------

----------------------------------------------------------
 Time       [T]        0.7000
----------------------------------------------------------
 Sub-region num.                     1
----------------------------------------------------------
 Area     [L]        0.10000E+03  0.10000E+03
 W-volume [L]        0.42658E+02  0.42658E+02
 In-flow  [L/T]      0.24347E+02  0.24347E+02
 h Mean   [L]       -0.13844E+01 -0.13844E+01
 Top Flux [L/T]     -0.24943E+02
 Bot Flux [L/T]     -0.52950E+01
 WatBalT  [L]        0.47684E-04
 WatBalR  [%]              0.000
----------------------------------------------------------

----------------------------------------------------------
 Time       [T]        0.7500
----------------------------------------------------------
 Sub-region num.                     1
----------------------------------------------------------
 Area     [L]        0.10000E+03  0.10000E+03
 W-volume [L]        0.43000E+02  0.43000E+02
 In-flow  [L/T]      0.00000E+00  0.00000E+00
 h Mean   [L]        0.00000E+00  0.00000E+00
 Top Flux [L/T]     -0.24960E+02
 Bot Flux [L/T]     -0.24960E+02
 WatBalT  [L]        0.49591E-04
 WatBalR  [%]              0.000
----------------------------------------------------------

----------------------------------------------------------
 Time       [T]        0.8000
----------------------------------------------------------
 Sub-region num.                     1
----------------------------------------------------------
 Area     [L]        0.10000E+03  0.10000E+03
 W-volume [L]        0.43000E+02  0.43000E+02
 In-flow  [L/T]      0.00000E+00  0.00000E+00
 h Mean   [L]        0.00000E+00  0.00000E+00
 Top Flux [L/T]     -0.24960E+02
 Bot Flux [L/T]     -0.24960E+02
 WatBalT  [L]        0.49591E-04
 WatBalR  [%]              0.000
----------------------------------------------------------

----------------------------------------------------------
 Time       [T]        0.8500
----------------------------------------------------------
 Sub-region num.                     1
----------------------------------------------------------
 Area     [L]        0.10000E+03  0.10000E+03
 W-volume [L]        0.43000E+02  0.43000E+02
 In-flow  [L/T]      0.00000E+00  0.00000E+00
 h Mean   [L]        0.00000E+00  0.00000E+00
 Top Flux [L/T]     -0.24960E+02
 Bot Flux [L/T]     -0.24960E+02
 WatBalT  [L]        0.49591E-04
 WatBalR  [%]              0.000
----------------------------------------------------------

----------------------------------------------------------
 Time       [T]        0.9000
----------------------------------------------------------
 Sub-region num.                     1
----------------------------------------------------------
 Area     [L]        0.10000E+03  0.10000E+03
 W-volume [L]        0.43000E+02  0.43000E+02
 In-flow  [L/T]      0.00000E+00  0.00000E+00
 h Mean   [L]        0.00000E+00  0.00000E+00
 Top Flux [L/T]     -0.24960E+02
 Bot Flux [L/T]     -0.24960E+02
 WatBalT  [L]        0.49591E-04
 WatBalR  [%]              0.000
----------------------------------------------------------

----------------------------------------------------------
 Time       [T]        0.9500
----------------------------------------------------------
 Sub-region num.                     1
----------------------------------------------------------
 Area     [L]        0.10000E+03  0.10000E+03
 W-volume [L]        0.43000E+02  0.43000E+02
 In-flow  [L/T]      0.00000E+00  0.00000E+00
 h Mean   [L]        0.00000E+00  0.00000E+00
 Top Flux [L/T]     -0.24960E+02
 Bot Flux [L/T]     -0.24960E+02
 WatBalT  [L]        0.49591E-04
 WatBalR  [%]              0.000
----------------------------------------------------------

----------------------------------------------------------
 Time       [T]        1.0000
----------------------------------------------------------
 Sub-region num.                     1
----------------------------------------------------------
 Area     [L]        0.10000E+03  0.10000E+03
 W-volume [L]        0.43000E+02  0.43000E+02
 In-flow  [L/T]      0.00000E+00  0.00000E+00
 h Mean   [L]        0.00000E+00  0.00000E+00
 Top Flux [L/T]     -0.24960E+02
 Bot Flux [L/T]     -0.24960E+02
 WatBalT  [L]        0.49591E-04
 WatBalR  [%]              0.000
----------------------------------------------------------

 Calculation time [sec]   2151936034.5000000     
