 ******* Program HYDRUS
 ******* Traceur inerte, loam sableux, q=10 cm/j, dispersivite 10.0 cm           
 Date:   0. 0.    Time: 512:**:**
 Units: L = cm   , T = days , M = g    

----------------------------------------------------------
 Time       [T]        0.0000
----------------------------------------------------------
 Sub-region num.                     1
----------------------------------------------------------
 Area     [L]        0.60000E+02  0.60000E+02
 W-volume [L]        0.19790E+02  0.19790E+02
 In-flow  [L/T]      0.00000E+00  0.00000E+00
 h Mean   [L]       -0.11484E+02 -0.11484E+02
 ConcVol  [M/L2] 1   0.00000E+00  0.00000E+00
 cMean    [M/L3] 1   0.00000E+00  0.00000E+00
 Top Flux [L/T]     -0.10153E+02
 Bot Flux [L/T]     -0.10153E+02
----------------------------------------------------------

----------------------------------------------------------
 Time       [T]        0.5000
----------------------------------------------------------
 Sub-region num.                     1
----------------------------------------------------------
 Area     [L]        0.60000E+02  0.60000E+02
 W-volume [L]        0.19757E+02  0.19757E+02
 In-flow  [L/T]     -0.21562E-02 -0.21562E-02
 h Mean   [L]       -0.11547E+02 -0.11547E+02
 ConcVol  [M/L2] 1   0.49973E+01  0.49973E+01
 cMean    [M/L3] 1   0.25294E+00  0.25294E+00
 Top Flux [L/T]     -0.10000E+02
 Bot Flux [L/T]     -0.10002E+02
 WatBalT  [L]       -0.53234E-05
 WatBalR  [%]              0.000
 CncBalT  [M]    1   0.51975E-03
 CncBalR  [%]    1         0.010
----------------------------------------------------------

----------------------------------------------------------
 Time       [T]        1.0000
----------------------------------------------------------
 Sub-region num.                     1
----------------------------------------------------------
 Area     [L]        0.60000E+02  0.60000E+02
 W-volume [L]        0.19757E+02  0.19757E+02
 In-flow  [L/T]     -0.17964E-03 -0.17964E-03
 h Mean   [L]       -0.11547E+02 -0.11547E+02
 ConcVol  [M/L2] 1   0.47319E+01  0.47319E+01
 cMean    [M/L3] 1   0.23951E+00  0.23951E+00
 Top Flux [L/T]     -0.10000E+02
 Bot Flux [L/T]     -0.10000E+02
 WatBalT  [L]       -0.44703E-06
 WatBalR  [%]              0.000
 CncBalT  [M]    1   0.11144E-01
 CncBalR  [%]    1         0.211
----------------------------------------------------------

----------------------------------------------------------
 Time       [T]        1.5000
----------------------------------------------------------
 Sub-region num.                     1
----------------------------------------------------------
 Area     [L]        0.60000E+02  0.60000E+02
 W-volume [L]        0.19757E+02  0.19757E+02
 In-flow  [L/T]      0.46251E-04  0.46251E-04
 h Mean   [L]       -0.11547E+02 -0.11547E+02
 ConcVol  [M/L2] 1   0.37083E+01  0.37083E+01
 cMean    [M/L3] 1   0.18770E+00  0.18770E+00
 Top Flux [L/T]     -0.10000E+02
 Bot Flux [L/T]     -0.10000E+02
 WatBalT  [L]        0.28525E-04
 WatBalR  [%]              0.000
 CncBalT  [M]    1   0.20633E-01
 CncBalR  [%]    1         0.327
----------------------------------------------------------

----------------------------------------------------------
 Time       [T]        2.0000
----------------------------------------------------------
 Sub-region num.                     1
----------------------------------------------------------
 Area     [L]        0.60000E+02  0.60000E+02
 W-volume [L]        0.19757E+02  0.19757E+02
 In-flow  [L/T]     -0.23785E-04 -0.23785E-04
 h Mean   [L]       -0.11547E+02 -0.11547E+02
 ConcVol  [M/L2] 1   0.24956E+01  0.24956E+01
 cMean    [M/L3] 1   0.12632E+00  0.12632E+00
 Top Flux [L/T]     -0.10000E+02
 Bot Flux [L/T]     -0.10000E+02
 WatBalT  [L]        0.58278E-04
 WatBalR  [%]              0.000
 CncBalT  [M]    1   0.18210E-01
 CncBalR  [%]    1         0.242
----------------------------------------------------------

----------------------------------------------------------
 Time       [T]        2.5000
----------------------------------------------------------
 Sub-region num.                     1
----------------------------------------------------------
 Area     [L]        0.60000E+02  0.60000E+02
 W-volume [L]        0.19757E+02  0.19757E+02
 In-flow  [L/T]     -0.18634E-03 -0.18634E-03
 h Mean   [L]       -0.11547E+02 -0.11547E+02
 ConcVol  [M/L2] 1   0.15572E+01  0.15572E+01
 cMean    [M/L3] 1   0.78817E-01  0.78817E-01
 Top Flux [L/T]     -0.10000E+02
 Bot Flux [L/T]     -0.10000E+02
 WatBalT  [L]        0.50317E-04
 WatBalR  [%]              0.000
 CncBalT  [M]    1   0.12664E-01
 CncBalR  [%]    1         0.150
----------------------------------------------------------

----------------------------------------------------------
 Time       [T]        3.0000
----------------------------------------------------------
 Sub-region num.                     1
----------------------------------------------------------
 Area     [L]        0.60000E+02  0.60000E+02
 W-volume [L]        0.19757E+02  0.19757E+02
 In-flow  [L/T]      0.19294E-03  0.19294E-03
 h Mean   [L]       -0.11547E+02 -0.11547E+02
 ConcVol  [M/L2] 1   0.93700E+00  0.93700E+00
 cMean    [M/L3] 1   0.47427E-01  0.47427E-01
 Top Flux [L/T]     -0.10000E+02
 Bot Flux [L/T]     -0.10000E+02
 WatBalT  [L]        0.52668E-04
 WatBalR  [%]              0.000
 CncBalT  [M]    1   0.80264E-02
 CncBalR  [%]    1         0.088
----------------------------------------------------------

----------------------------------------------------------
 Time       [T]        3.5000
----------------------------------------------------------
 Sub-region num.                     1
----------------------------------------------------------
 Area     [L]        0.60000E+02  0.60000E+02
 W-volume [L]        0.19757E+02  0.19757E+02
 In-flow  [L/T]     -0.31058E-03 -0.31058E-03
 h Mean   [L]       -0.11547E+02 -0.11547E+02
 ConcVol  [M/L2] 1   0.55379E+00  0.55379E+00
 cMean    [M/L3] 1   0.28031E-01  0.28031E-01
 Top Flux [L/T]     -0.10000E+02
 Bot Flux [L/T]     -0.99999E+01
 WatBalT  [L]        0.37465E-04
 WatBalR  [%]              0.000
 CncBalT  [M]    1   0.48889E-02
 CncBalR  [%]    1         0.052
----------------------------------------------------------

----------------------------------------------------------
 Time       [T]        4.0000
----------------------------------------------------------
 Sub-region num.                     1
----------------------------------------------------------
 Area     [L]        0.60000E+02  0.60000E+02
 W-volume [L]        0.19757E+02  0.19757E+02
 In-flow  [L/T]      0.71361E-04  0.71361E-04
 h Mean   [L]       -0.11547E+02 -0.11547E+02
 ConcVol  [M/L2] 1   0.32433E+00  0.32433E+00
 cMean    [M/L3] 1   0.16416E-01  0.16416E-01
 Top Flux [L/T]     -0.10000E+02
 Bot Flux [L/T]     -0.10000E+02
 WatBalT  [L]        0.53722E-04
 WatBalR  [%]              0.000
 CncBalT  [M]    1   0.29305E-02
 CncBalR  [%]    1         0.030
----------------------------------------------------------

----------------------------------------------------------
 Time       [T]        4.5000
----------------------------------------------------------
 Sub-region num.                     1
----------------------------------------------------------
 Area     [L]        0.60000E+02  0.60000E+02
 W-volume [L]        0.19757E+02  0.19757E+02
 In-flow  [L/T]      0.21012E-03  0.21012E-03
 h Mean   [L]       -0.11547E+02 -0.11547E+02
 ConcVol  [M/L2] 1   0.18905E+00  0.18905E+00
 cMean    [M/L3] 1   0.95687E-02  0.95687E-02
 Top Flux [L/T]     -0.10000E+02
 Bot Flux [L/T]     -0.10000E+02
 WatBalT  [L]        0.70926E-04
 WatBalR  [%]              0.000
 CncBalT  [M]    1   0.17529E-02
 CncBalR  [%]    1         0.018
----------------------------------------------------------

----------------------------------------------------------
 Time       [T]        5.0000
----------------------------------------------------------
 Sub-region num.                     1
----------------------------------------------------------
 Area     [L]        0.60000E+02  0.60000E+02
 W-volume [L]        0.19757E+02  0.19757E+02
 In-flow  [L/T]      0.92510E-04  0.92510E-04
 h Mean   [L]       -0.11547E+02 -0.11547E+02
 ConcVol  [M/L2] 1   0.10992E+00  0.10992E+00
 cMean    [M/L3] 1   0.55637E-02  0.55637E-02
 Top Flux [L/T]     -0.10000E+02
 Bot Flux [L/T]     -0.10000E+02
 WatBalT  [L]        0.59746E-04
 WatBalR  [%]              0.000
 CncBalT  [M]    1   0.10567E-02
 CncBalR  [%]    1         0.011
----------------------------------------------------------

----------------------------------------------------------
 Time       [T]        5.5000
----------------------------------------------------------
 Sub-region num.                     1
----------------------------------------------------------
 Area     [L]        0.60000E+02  0.60000E+02
 W-volume [L]        0.19757E+02  0.19757E+02
 In-flow  [L/T]     -0.71363E-04 -0.71363E-04
 h Mean   [L]       -0.11547E+02 -0.11547E+02
 ConcVol  [M/L2] 1   0.63831E-01  0.63831E-01
 cMean    [M/L3] 1   0.32308E-02  0.32308E-02
 Top Flux [L/T]     -0.10000E+02
 Bot Flux [L/T]     -0.10000E+02
 WatBalT  [L]        0.67178E-04
 WatBalR  [%]              0.000
 CncBalT  [M]    1   0.64925E-03
 CncBalR  [%]    1         0.007
----------------------------------------------------------

----------------------------------------------------------
 Time       [T]        6.0000
----------------------------------------------------------
 Sub-region num.                     1
----------------------------------------------------------
 Area     [L]        0.60000E+02  0.60000E+02
 W-volume [L]        0.19757E+02  0.19757E+02
 In-flow  [L/T]     -0.81937E-04 -0.81937E-04
 h Mean   [L]       -0.11547E+02 -0.11547E+02
 ConcVol  [M/L2] 1   0.37041E-01  0.37041E-01
 cMean    [M/L3] 1   0.18749E-02  0.18749E-02
 Top Flux [L/T]     -0.10000E+02
 Bot Flux [L/T]     -0.10000E+02
 WatBalT  [L]        0.59083E-04
 WatBalR  [%]              0.000
 CncBalT  [M]    1   0.41179E-03
 CncBalR  [%]    1         0.004
----------------------------------------------------------

 Calculation time [sec]  -1885806812.0000000     
