 ******* Program HYDRUS
 ******* Traceur inerte, loam sableux, q=10 cm/j, dispersivite 10.0 cm           
 Date:   0. 0.    Time: 512:**:**
 Units: L = cm   , T = days , M = g    



                               Node( 21)                                 Node( 41)                                 Node( 81)                                 Node(121)

         time         h        theta    Temp      Conc           h        theta    Temp      Conc           h        theta    Temp      Conc           h        theta    Temp      Conc     
          0.0010      -11.48  0.3298   20.000  0.3869E-11        -11.48  0.3298   20.000  0.2360E-21        -11.48  0.3298   20.000  0.0000E+00        -11.48  0.3298   20.000  0.0000E+00
          0.0020      -11.48  0.3298   20.000  0.8791E-10        -11.48  0.3298   20.000  0.1044E-19        -11.48  0.3298   20.000  0.0000E+00        -11.48  0.3298   20.000  0.0000E+00
          0.0033      -11.48  0.3298   20.000  0.3018E-08        -11.48  0.3298   20.000  0.3414E-17        -11.48  0.3298   20.000  0.0000E+00        -11.48  0.3298   20.000  0.0000E+00
          0.0050      -11.48  0.3298   20.000  0.7677E-07        -11.48  0.3298   20.000  0.1021E-14        -11.48  0.3298   20.000  0.0000E+00        -11.48  0.3298   20.000  0.0000E+00
          0.0072      -11.49  0.3298   20.000  0.1262E-05        -11.48  0.3298   20.000  0.1684E-12        -11.48  0.3298   20.000  0.1451E-26        -11.48  0.3298   20.000  0.0000E+00
          0.0100      -11.49  0.3298   20.000  0.1358E-04        -11.48  0.3298   20.000  0.1517E-10        -11.48  0.3298   20.000  0.6795E-23        -11.48  0.3298   20.000  0.0000E+00
          0.0138      -11.49  0.3298   20.000  0.9953E-04        -11.48  0.3298   20.000  0.7810E-09        -11.48  0.3298   20.000  0.1215E-19        -11.48  0.3298   20.000  0.0000E+00
          0.0186      -11.50  0.3297   20.000  0.5186E-03        -11.49  0.3298   20.000  0.2418E-07        -11.48  0.3298   20.000  0.9090E-17        -11.48  0.3298   20.000  0.7218E-26
          0.0249      -11.50  0.3297   20.000  0.2010E-02        -11.49  0.3298   20.000  0.4719E-06        -11.48  0.3298   20.000  0.3106E-14        -11.48  0.3298   20.000  0.3696E-22
          0.0330      -11.51  0.3296   20.000  0.6072E-02        -11.49  0.3298   20.000  0.6063E-05        -11.48  0.3298   20.000  0.5257E-12        -11.48  0.3298   20.000  0.6904E-19
          0.0436      -11.52  0.3295   20.000  0.1496E-01        -11.50  0.3297   20.000  0.5343E-04        -11.49  0.3298   20.000  0.4737E-10        -11.48  0.3298   20.000  0.5245E-16
          0.0574      -11.52  0.3295   20.000  0.3135E-01        -11.50  0.3297   20.000  0.3356E-03        -11.49  0.3298   20.000  0.2424E-08        -11.48  0.3298   20.000  0.1788E-13
          0.0736      -11.53  0.3294   20.000  0.5518E-01        -11.51  0.3296   20.000  0.1381E-02        -11.49  0.3298   20.000  0.4952E-07        -11.49  0.3298   20.000  0.1290E-11
          0.0899      -11.53  0.3294   20.000  0.8163E-01        -11.52  0.3295   20.000  0.3681E-02        -11.49  0.3297   20.000  0.3988E-06        -11.49  0.3298   20.000  0.2099E-10
          0.1061      -11.54  0.3294   20.000  0.1091E+00        -11.53  0.3295   20.000  0.7600E-02        -11.50  0.3297   20.000  0.2067E-05        -11.49  0.3298   20.000  0.2002E-09
          0.1224      -11.54  0.3293   20.000  0.1368E+00        -11.53  0.3294   20.000  0.1328E-01        -11.51  0.3296   20.000  0.7985E-05        -11.49  0.3298   20.000  0.1360E-08
          0.1387      -11.54  0.3293   20.000  0.1642E+00        -11.53  0.3294   20.000  0.2069E-01        -11.51  0.3296   20.000  0.2478E-04        -11.50  0.3297   20.000  0.7196E-08
          0.1550      -11.54  0.3293   20.000  0.1909E+00        -11.54  0.3294   20.000  0.2969E-01        -11.52  0.3296   20.000  0.6473E-04        -11.50  0.3297   20.000  0.3118E-07
          0.1712      -11.54  0.3293   20.000  0.2169E+00        -11.54  0.3293   20.000  0.4009E-01        -11.52  0.3295   20.000  0.1472E-03        -11.50  0.3297   20.000  0.1145E-06
          0.1876      -11.55  0.3293   20.000  0.2420E+00        -11.54  0.3293   20.000  0.5170E-01        -11.53  0.3295   20.000  0.2989E-03        -11.51  0.3296   20.000  0.3654E-06
          0.2039      -11.55  0.3293   20.000  0.2662E+00        -11.54  0.3293   20.000  0.6431E-01        -11.53  0.3294   20.000  0.5528E-03        -11.51  0.3296   20.000  0.1033E-05
          0.2202      -11.55  0.3293   20.000  0.2895E+00        -11.54  0.3293   20.000  0.7776E-01        -11.53  0.3294   20.000  0.9464E-03        -11.52  0.3295   20.000  0.2625E-05
          0.2366      -11.55  0.3293   20.000  0.3118E+00        -11.54  0.3293   20.000  0.9188E-01        -11.53  0.3294   20.000  0.1519E-02        -11.52  0.3295   20.000  0.6083E-05
          0.2530      -11.55  0.3293   20.000  0.3333E+00        -11.55  0.3293   20.000  0.1065E+00        -11.54  0.3294   20.000  0.2311E-02        -11.53  0.3295   20.000  0.1299E-04
          0.2694      -11.55  0.3293   20.000  0.3540E+00        -11.55  0.3293   20.000  0.1216E+00        -11.54  0.3293   20.000  0.3358E-02        -11.53  0.3294   20.000  0.2581E-04
          0.2858      -11.55  0.3293   20.000  0.3738E+00        -11.55  0.3293   20.000  0.1369E+00        -11.54  0.3293   20.000  0.4694E-02        -11.53  0.3294   20.000  0.4813E-04
          0.3022      -11.55  0.3293   20.000  0.3929E+00        -11.55  0.3293   20.000  0.1524E+00        -11.54  0.3293   20.000  0.6349E-02        -11.53  0.3294   20.000  0.8483E-04
          0.3186      -11.55  0.3293   20.000  0.4112E+00        -11.55  0.3293   20.000  0.1680E+00        -11.54  0.3293   20.000  0.8346E-02        -11.54  0.3294   20.000  0.1423E-03
          0.3350      -11.55  0.3293   20.000  0.4288E+00        -11.55  0.3293   20.000  0.1837E+00        -11.54  0.3293   20.000  0.1070E-01        -11.54  0.3294   20.000  0.2283E-03
          0.3515      -11.55  0.3293   20.000  0.4457E+00        -11.55  0.3293   20.000  0.1993E+00        -11.54  0.3293   20.000  0.1344E-01        -11.54  0.3293   20.000  0.3523E-03
          0.3679      -11.55  0.3293   20.000  0.4619E+00        -11.55  0.3293   20.000  0.2149E+00        -11.54  0.3293   20.000  0.1655E-01        -11.54  0.3293   20.000  0.5250E-03
          0.3843      -11.55  0.3293   20.000  0.4776E+00        -11.55  0.3293   20.000  0.2304E+00        -11.55  0.3293   20.000  0.2005E-01        -11.54  0.3293   20.000  0.7585E-03
          0.4008      -11.55  0.3293   20.000  0.4926E+00        -11.55  0.3293   20.000  0.2458E+00        -11.55  0.3293   20.000  0.2394E-01        -11.54  0.3293   20.000  0.1066E-02
          0.4172      -11.55  0.3293   20.000  0.5071E+00        -11.55  0.3293   20.000  0.2610E+00        -11.55  0.3293   20.000  0.2821E-01        -11.54  0.3293   20.000  0.1460E-02
          0.4337      -11.55  0.3293   20.000  0.5210E+00        -11.55  0.3293   20.000  0.2760E+00        -11.55  0.3293   20.000  0.3285E-01        -11.54  0.3293   20.000  0.1957E-02
          0.4502      -11.55  0.3293   20.000  0.5345E+00        -11.55  0.3293   20.000  0.2909E+00        -11.55  0.3293   20.000  0.3786E-01        -11.55  0.3293   20.000  0.2569E-02
          0.4666      -11.55  0.3293   20.000  0.5474E+00        -11.55  0.3293   20.000  0.3054E+00        -11.55  0.3293   20.000  0.4323E-01        -11.55  0.3293   20.000  0.3313E-02
          0.4831      -11.55  0.3293   20.000  0.5599E+00        -11.55  0.3293   20.000  0.3198E+00        -11.55  0.3293   20.000  0.4893E-01        -11.55  0.3293   20.000  0.4201E-02
          0.4915      -11.55  0.3293   20.000  0.5661E+00        -11.55  0.3293   20.000  0.3271E+00        -11.55  0.3293   20.000  0.5200E-01        -11.55  0.3293   20.000  0.4718E-02
          0.5000      -11.55  0.3293   20.000  0.5723E+00        -11.55  0.3293   20.000  0.3343E+00        -11.55  0.3293   20.000  0.5515E-01        -11.55  0.3293   20.000  0.5280E-02
          0.5165      -11.55  0.3293   20.000  0.5830E+00        -11.55  0.3293   20.000  0.3482E+00        -11.55  0.3293   20.000  0.6150E-01        -11.55  0.3293   20.000  0.6503E-02
          0.5329      -11.55  0.3293   20.000  0.5890E+00        -11.55  0.3293   20.000  0.3618E+00        -11.55  0.3293   20.000  0.6815E-01        -11.55  0.3293   20.000  0.7910E-02
          0.5494      -11.55  0.3293   20.000  0.5857E+00        -11.55  0.3293   20.000  0.3750E+00        -11.55  0.3293   20.000  0.7508E-01        -11.55  0.3293   20.000  0.9512E-02
          0.5658      -11.55  0.3293   20.000  0.5737E+00        -11.55  0.3293   20.000  0.3874E+00        -11.55  0.3293   20.000  0.8227E-01        -11.55  0.3293   20.000  0.1132E-01
          0.5823      -11.55  0.3293   20.000  0.5576E+00        -11.55  0.3293   20.000  0.3987E+00        -11.55  0.3293   20.000  0.8970E-01        -11.55  0.3293   20.000  0.1334E-01
          0.5988      -11.55  0.3293   20.000  0.5398E+00        -11.55  0.3293   20.000  0.4082E+00        -11.55  0.3293   20.000  0.9736E-01        -11.55  0.3293   20.000  0.1558E-01
          0.6152      -11.55  0.3293   20.000  0.5210E+00        -11.55  0.3293   20.000  0.4156E+00        -11.55  0.3293   20.000  0.1052E+00        -11.55  0.3293   20.000  0.1805E-01
          0.6317      -11.55  0.3293   20.000  0.5022E+00        -11.55  0.3293   20.000  0.4209E+00        -11.55  0.3293   20.000  0.1133E+00        -11.55  0.3293   20.000  0.2075E-01
          0.6482      -11.55  0.3293   20.000  0.4837E+00        -11.55  0.3293   20.000  0.4243E+00        -11.55  0.3293   20.000  0.1215E+00        -11.55  0.3293   20.000  0.2369E-01
          0.6646      -11.55  0.3293   20.000  0.4657E+00        -11.55  0.3293   20.000  0.4259E+00        -11.55  0.3293   20.000  0.1298E+00        -11.55  0.3293   20.000  0.2687E-01
          0.6811      -11.55  0.3293   20.000  0.4483E+00        -11.55  0.3293   20.000  0.4260E+00        -11.55  0.3293   20.000  0.1383E+00        -11.55  0.3293   20.000  0.3028E-01
          0.6976      -11.55  0.3293   20.000  0.4315E+00        -11.55  0.3293   20.000  0.4247E+00        -11.55  0.3293   20.000  0.1468E+00        -11.55  0.3293   20.000  0.3394E-01
          0.7140      -11.55  0.3293   20.000  0.4155E+00        -11.55  0.3293   20.000  0.4223E+00        -11.55  0.3293   20.000  0.1552E+00        -11.55  0.3293   20.000  0.3784E-01
          0.7305      -11.55  0.3293   20.000  0.4001E+00        -11.55  0.3293   20.000  0.4189E+00        -11.55  0.3293   20.000  0.1636E+00        -11.55  0.3293   20.000  0.4198E-01
          0.7469      -11.55  0.3293   20.000  0.3855E+00        -11.55  0.3293   20.000  0.4147E+00        -11.55  0.3293   20.000  0.1720E+00        -11.55  0.3293   20.000  0.4635E-01
          0.7634      -11.55  0.3293   20.000  0.3715E+00        -11.55  0.3293   20.000  0.4099E+00        -11.55  0.3293   20.000  0.1801E+00        -11.55  0.3293   20.000  0.5095E-01
          0.7799      -11.55  0.3293   20.000  0.3582E+00        -11.55  0.3293   20.000  0.4045E+00        -11.55  0.3293   20.000  0.1880E+00        -11.55  0.3293   20.000  0.5577E-01
          0.7963      -11.55  0.3293   20.000  0.3455E+00        -11.55  0.3293   20.000  0.3987E+00        -11.55  0.3293   20.000  0.1957E+00        -11.55  0.3293   20.000  0.6080E-01
          0.8128      -11.55  0.3293   20.000  0.3333E+00        -11.55  0.3293   20.000  0.3925E+00        -11.55  0.3293   20.000  0.2031E+00        -11.55  0.3293   20.000  0.6603E-01
          0.8293      -11.55  0.3293   20.000  0.3217E+00        -11.55  0.3293   20.000  0.3861E+00        -11.55  0.3293   20.000  0.2102E+00        -11.55  0.3293   20.000  0.7146E-01
          0.8457      -11.55  0.3293   20.000  0.3107E+00        -11.55  0.3293   20.000  0.3794E+00        -11.55  0.3293   20.000  0.2169E+00        -11.55  0.3293   20.000  0.7705E-01
          0.8622      -11.55  0.3293   20.000  0.3001E+00        -11.55  0.3293   20.000  0.3726E+00        -11.55  0.3293   20.000  0.2233E+00        -11.55  0.3293   20.000  0.8281E-01
          0.8787      -11.55  0.3293   20.000  0.2900E+00        -11.55  0.3293   20.000  0.3657E+00        -11.55  0.3293   20.000  0.2293E+00        -11.55  0.3293   20.000  0.8870E-01
          0.8951      -11.55  0.3293   20.000  0.2803E+00        -11.55  0.3293   20.000  0.3587E+00        -11.55  0.3293   20.000  0.2349E+00        -11.55  0.3293   20.000  0.9470E-01
          0.9116      -11.55  0.3293   20.000  0.2711E+00        -11.55  0.3293   20.000  0.3517E+00        -11.55  0.3293   20.000  0.2401E+00        -11.55  0.3293   20.000  0.1008E+00
          0.9280      -11.55  0.3293   20.000  0.2623E+00        -11.55  0.3293   20.000  0.3447E+00        -11.55  0.3293   20.000  0.2450E+00        -11.55  0.3293   20.000  0.1070E+00
          0.9445      -11.55  0.3293   20.000  0.2538E+00        -11.55  0.3293   20.000  0.3377E+00        -11.55  0.3293   20.000  0.2494E+00        -11.55  0.3293   20.000  0.1132E+00
          0.9610      -11.55  0.3293   20.000  0.2457E+00        -11.55  0.3293   20.000  0.3308E+00        -11.55  0.3293   20.000  0.2535E+00        -11.55  0.3293   20.000  0.1195E+00
          0.9774      -11.55  0.3293   20.000  0.2379E+00        -11.55  0.3293   20.000  0.3239E+00        -11.55  0.3293   20.000  0.2572E+00        -11.55  0.3293   20.000  0.1257E+00
          0.9887      -11.55  0.3293   20.000  0.2327E+00        -11.55  0.3293   20.000  0.3192E+00        -11.55  0.3293   20.000  0.2596E+00        -11.55  0.3293   20.000  0.1300E+00
          1.0000      -11.55  0.3293   20.000  0.2277E+00        -11.55  0.3293   20.000  0.3146E+00        -11.55  0.3293   20.000  0.2617E+00        -11.55  0.3293   20.000  0.1343E+00
          1.0165      -11.55  0.3293   20.000  0.2207E+00        -11.55  0.3293   20.000  0.3079E+00        -11.55  0.3293   20.000  0.2646E+00        -11.55  0.3293   20.000  0.1405E+00
          1.0329      -11.55  0.3293   20.000  0.2139E+00        -11.55  0.3293   20.000  0.3013E+00        -11.55  0.3293   20.000  0.2671E+00        -11.55  0.3293   20.000  0.1466E+00
          1.0494      -11.55  0.3293   20.000  0.2074E+00        -11.55  0.3293   20.000  0.2947E+00        -11.55  0.3293   20.000  0.2693E+00        -11.55  0.3293   20.000  0.1527E+00
          1.0659      -11.55  0.3293   20.000  0.2011E+00        -11.55  0.3293   20.000  0.2883E+00        -11.55  0.3293   20.000  0.2711E+00        -11.55  0.3293   20.000  0.1586E+00
          1.0823      -11.55  0.3293   20.000  0.1951E+00        -11.55  0.3293   20.000  0.2820E+00        -11.55  0.3293   20.000  0.2727E+00        -11.55  0.3293   20.000  0.1645E+00
          1.0988      -11.55  0.3293   20.000  0.1893E+00        -11.55  0.3293   20.000  0.2759E+00        -11.55  0.3293   20.000  0.2740E+00        -11.55  0.3293   20.000  0.1702E+00
          1.1152      -11.55  0.3293   20.000  0.1838E+00        -11.55  0.3293   20.000  0.2698E+00        -11.55  0.3293   20.000  0.2750E+00        -11.55  0.3293   20.000  0.1757E+00
          1.1317      -11.55  0.3293   20.000  0.1784E+00        -11.55  0.3293   20.000  0.2638E+00        -11.55  0.3293   20.000  0.2758E+00        -11.55  0.3293   20.000  0.1811E+00
          1.1482      -11.55  0.3293   20.000  0.1733E+00        -11.55  0.3293   20.000  0.2580E+00        -11.55  0.3293   20.000  0.2763E+00        -11.55  0.3293   20.000  0.1864E+00
          1.1646      -11.55  0.3293   20.000  0.1683E+00        -11.55  0.3293   20.000  0.2523E+00        -11.55  0.3293   20.000  0.2765E+00        -11.55  0.3293   20.000  0.1914E+00
          1.1811      -11.55  0.3293   20.000  0.1635E+00        -11.55  0.3293   20.000  0.2467E+00        -11.55  0.3293   20.000  0.2766E+00        -11.55  0.3293   20.000  0.1963E+00
          1.1976      -11.55  0.3293   20.000  0.1589E+00        -11.55  0.3293   20.000  0.2412E+00        -11.55  0.3293   20.000  0.2764E+00        -11.55  0.3293   20.000  0.2009E+00
          1.2140      -11.55  0.3293   20.000  0.1544E+00        -11.55  0.3293   20.000  0.2359E+00        -11.55  0.3293   20.000  0.2760E+00        -11.55  0.3293   20.000  0.2054E+00
          1.2305      -11.55  0.3293   20.000  0.1501E+00        -11.55  0.3293   20.000  0.2307E+00        -11.55  0.3293   20.000  0.2755E+00        -11.55  0.3293   20.000  0.2096E+00
          1.2470      -11.55  0.3293   20.000  0.1459E+00        -11.55  0.3293   20.000  0.2255E+00        -11.55  0.3293   20.000  0.2748E+00        -11.55  0.3293   20.000  0.2137E+00
          1.2634      -11.55  0.3293   20.000  0.1419E+00        -11.55  0.3293   20.000  0.2205E+00        -11.55  0.3293   20.000  0.2739E+00        -11.55  0.3293   20.000  0.2175E+00
          1.2799      -11.55  0.3293   20.000  0.1380E+00        -11.55  0.3293   20.000  0.2156E+00        -11.55  0.3293   20.000  0.2729E+00        -11.55  0.3293   20.000  0.2211E+00
          1.2963      -11.55  0.3293   20.000  0.1343E+00        -11.55  0.3293   20.000  0.2109E+00        -11.55  0.3293   20.000  0.2717E+00        -11.55  0.3293   20.000  0.2245E+00
          1.3128      -11.55  0.3293   20.000  0.1307E+00        -11.55  0.3293   20.000  0.2062E+00        -11.55  0.3293   20.000  0.2704E+00        -11.55  0.3293   20.000  0.2277E+00
          1.3293      -11.55  0.3293   20.000  0.1272E+00        -11.55  0.3293   20.000  0.2016E+00        -11.55  0.3293   20.000  0.2689E+00        -11.55  0.3293   20.000  0.2307E+00
          1.3457      -11.55  0.3293   20.000  0.1238E+00        -11.55  0.3293   20.000  0.1972E+00        -11.55  0.3293   20.000  0.2674E+00        -11.55  0.3293   20.000  0.2335E+00
          1.3622      -11.55  0.3293   20.000  0.1205E+00        -11.55  0.3293   20.000  0.1928E+00        -11.55  0.3293   20.000  0.2657E+00        -11.55  0.3293   20.000  0.2360E+00
          1.3787      -11.55  0.3293   20.000  0.1174E+00        -11.55  0.3293   20.000  0.1886E+00        -11.55  0.3293   20.000  0.2640E+00        -11.55  0.3293   20.000  0.2384E+00
          1.3951      -11.55  0.3293   20.000  0.1143E+00        -11.55  0.3293   20.000  0.1845E+00        -11.55  0.3293   20.000  0.2621E+00        -11.55  0.3293   20.000  0.2405E+00
          1.4116      -11.55  0.3293   20.000  0.1113E+00        -11.55  0.3293   20.000  0.1804E+00        -11.55  0.3293   20.000  0.2602E+00        -11.55  0.3293   20.000  0.2424E+00
          1.4281      -11.55  0.3293   20.000  0.1084E+00        -11.55  0.3293   20.000  0.1765E+00        -11.55  0.3293   20.000  0.2581E+00        -11.55  0.3293   20.000  0.2442E+00
          1.4445      -11.55  0.3293   20.000  0.1057E+00        -11.55  0.3293   20.000  0.1726E+00        -11.55  0.3293   20.000  0.2561E+00        -11.55  0.3293   20.000  0.2457E+00
          1.4610      -11.55  0.3293   20.000  0.1030E+00        -11.55  0.3293   20.000  0.1688E+00        -11.55  0.3293   20.000  0.2539E+00        -11.55  0.3293   20.000  0.2471E+00
          1.4774      -11.55  0.3293   20.000  0.1003E+00        -11.55  0.3293   20.000  0.1652E+00        -11.55  0.3293   20.000  0.2517E+00        -11.55  0.3293   20.000  0.2482E+00
          1.4887      -11.55  0.3293   20.000  0.9860E-01        -11.55  0.3293   20.000  0.1627E+00        -11.55  0.3293   20.000  0.2501E+00        -11.55  0.3293   20.000  0.2489E+00
          1.5000      -11.55  0.3293   20.000  0.9689E-01        -11.55  0.3293   20.000  0.1603E+00        -11.55  0.3293   20.000  0.2485E+00        -11.55  0.3293   20.000  0.2496E+00
          1.5165      -11.55  0.3293   20.000  0.9446E-01        -11.55  0.3293   20.000  0.1568E+00        -11.55  0.3293   20.000  0.2462E+00        -11.55  0.3293   20.000  0.2503E+00
          1.5329      -11.55  0.3293   20.000  0.9210E-01        -11.55  0.3293   20.000  0.1534E+00        -11.55  0.3293   20.000  0.2438E+00        -11.55  0.3293   20.000  0.2509E+00
          1.5494      -11.55  0.3293   20.000  0.8982E-01        -11.55  0.3293   20.000  0.1501E+00        -11.55  0.3293   20.000  0.2414E+00        -11.55  0.3293   20.000  0.2513E+00
          1.5659      -11.55  0.3293   20.000  0.8760E-01        -11.55  0.3293   20.000  0.1469E+00        -11.55  0.3293   20.000  0.2389E+00        -11.55  0.3293   20.000  0.2516E+00
          1.5823      -11.55  0.3293   20.000  0.8545E-01        -11.55  0.3293   20.000  0.1437E+00        -11.55  0.3293   20.000  0.2364E+00        -11.55  0.3293   20.000  0.2517E+00
          1.5988      -11.55  0.3293   20.000  0.8336E-01        -11.55  0.3293   20.000  0.1406E+00        -11.55  0.3293   20.000  0.2339E+00        -11.55  0.3293   20.000  0.2517E+00
          1.6152      -11.55  0.3293   20.000  0.8133E-01        -11.55  0.3293   20.000  0.1376E+00        -11.55  0.3293   20.000  0.2314E+00        -11.55  0.3293   20.000  0.2515E+00
          1.6317      -11.55  0.3293   20.000  0.7936E-01        -11.55  0.3293   20.000  0.1347E+00        -11.55  0.3293   20.000  0.2288E+00        -11.55  0.3293   20.000  0.2512E+00
          1.6482      -11.55  0.3293   20.000  0.7745E-01        -11.55  0.3293   20.000  0.1318E+00        -11.55  0.3293   20.000  0.2262E+00        -11.55  0.3293   20.000  0.2508E+00
          1.6646      -11.55  0.3293   20.000  0.7559E-01        -11.55  0.3293   20.000  0.1290E+00        -11.55  0.3293   20.000  0.2236E+00        -11.55  0.3293   20.000  0.2502E+00
          1.6811      -11.55  0.3293   20.000  0.7378E-01        -11.55  0.3293   20.000  0.1263E+00        -11.55  0.3293   20.000  0.2210E+00        -11.55  0.3293   20.000  0.2496E+00
          1.6976      -11.55  0.3293   20.000  0.7203E-01        -11.55  0.3293   20.000  0.1236E+00        -11.55  0.3293   20.000  0.2184E+00        -11.55  0.3293   20.000  0.2488E+00
          1.7140      -11.55  0.3293   20.000  0.7032E-01        -11.55  0.3293   20.000  0.1210E+00        -11.55  0.3293   20.000  0.2158E+00        -11.55  0.3293   20.000  0.2479E+00
          1.7305      -11.55  0.3293   20.000  0.6867E-01        -11.55  0.3293   20.000  0.1185E+00        -11.55  0.3293   20.000  0.2132E+00        -11.55  0.3293   20.000  0.2469E+00
          1.7470      -11.55  0.3293   20.000  0.6705E-01        -11.55  0.3293   20.000  0.1160E+00        -11.55  0.3293   20.000  0.2105E+00        -11.55  0.3293   20.000  0.2458E+00
          1.7634      -11.55  0.3293   20.000  0.6549E-01        -11.55  0.3293   20.000  0.1135E+00        -11.55  0.3293   20.000  0.2079E+00        -11.55  0.3293   20.000  0.2447E+00
          1.7799      -11.55  0.3293   20.000  0.6396E-01        -11.55  0.3293   20.000  0.1112E+00        -11.55  0.3293   20.000  0.2053E+00        -11.55  0.3293   20.000  0.2434E+00
          1.7963      -11.55  0.3293   20.000  0.6248E-01        -11.55  0.3293   20.000  0.1088E+00        -11.55  0.3293   20.000  0.2027E+00        -11.55  0.3293   20.000  0.2420E+00
          1.8128      -11.55  0.3293   20.000  0.6104E-01        -11.55  0.3293   20.000  0.1066E+00        -11.55  0.3293   20.000  0.2001E+00        -11.55  0.3293   20.000  0.2406E+00
          1.8293      -11.55  0.3293   20.000  0.5964E-01        -11.55  0.3293   20.000  0.1044E+00        -11.55  0.3293   20.000  0.1974E+00        -11.55  0.3293   20.000  0.2391E+00
          1.8457      -11.55  0.3293   20.000  0.5827E-01        -11.55  0.3293   20.000  0.1022E+00        -11.55  0.3293   20.000  0.1948E+00        -11.55  0.3293   20.000  0.2375E+00
          1.8622      -11.55  0.3293   20.000  0.5694E-01        -11.55  0.3293   20.000  0.1001E+00        -11.55  0.3293   20.000  0.1923E+00        -11.55  0.3293   20.000  0.2359E+00
          1.8787      -11.55  0.3293   20.000  0.5565E-01        -11.55  0.3293   20.000  0.9803E-01        -11.55  0.3293   20.000  0.1897E+00        -11.55  0.3293   20.000  0.2342E+00
          1.8951      -11.55  0.3293   20.000  0.5439E-01        -11.55  0.3293   20.000  0.9602E-01        -11.55  0.3293   20.000  0.1871E+00        -11.55  0.3293   20.000  0.2324E+00
          1.9116      -11.55  0.3293   20.000  0.5316E-01        -11.55  0.3293   20.000  0.9405E-01        -11.55  0.3293   20.000  0.1846E+00        -11.55  0.3293   20.000  0.2306E+00
          1.9281      -11.55  0.3293   20.000  0.5197E-01        -11.55  0.3293   20.000  0.9212E-01        -11.55  0.3293   20.000  0.1820E+00        -11.55  0.3293   20.000  0.2288E+00
          1.9445      -11.55  0.3293   20.000  0.5081E-01        -11.55  0.3293   20.000  0.9024E-01        -11.55  0.3293   20.000  0.1795E+00        -11.55  0.3293   20.000  0.2269E+00
          1.9610      -11.55  0.3293   20.000  0.4967E-01        -11.55  0.3293   20.000  0.8840E-01        -11.55  0.3293   20.000  0.1770E+00        -11.55  0.3293   20.000  0.2249E+00
          1.9774      -11.55  0.3293   20.000  0.4857E-01        -11.55  0.3293   20.000  0.8660E-01        -11.55  0.3293   20.000  0.1745E+00        -11.55  0.3293   20.000  0.2229E+00
          1.9887      -11.55  0.3293   20.000  0.4783E-01        -11.55  0.3293   20.000  0.8539E-01        -11.55  0.3293   20.000  0.1728E+00        -11.55  0.3293   20.000  0.2215E+00
          2.0000      -11.55  0.3293   20.000  0.4711E-01        -11.55  0.3293   20.000  0.8420E-01        -11.55  0.3293   20.000  0.1711E+00        -11.55  0.3293   20.000  0.2201E+00
          2.0165      -11.55  0.3293   20.000  0.4607E-01        -11.55  0.3293   20.000  0.8250E-01        -11.55  0.3293   20.000  0.1687E+00        -11.55  0.3293   20.000  0.2181E+00
          2.0329      -11.55  0.3293   20.000  0.4506E-01        -11.55  0.3293   20.000  0.8083E-01        -11.55  0.3293   20.000  0.1663E+00        -11.55  0.3293   20.000  0.2159E+00
          2.0494      -11.55  0.3293   20.000  0.4407E-01        -11.55  0.3293   20.000  0.7920E-01        -11.55  0.3293   20.000  0.1639E+00        -11.55  0.3293   20.000  0.2138E+00
          2.0659      -11.55  0.3293   20.000  0.4311E-01        -11.55  0.3293   20.000  0.7761E-01        -11.55  0.3293   20.000  0.1615E+00        -11.55  0.3293   20.000  0.2117E+00
          2.0823      -11.55  0.3293   20.000  0.4217E-01        -11.55  0.3293   20.000  0.7605E-01        -11.55  0.3293   20.000  0.1591E+00        -11.55  0.3293   20.000  0.2095E+00
          2.0988      -11.55  0.3293   20.000  0.4126E-01        -11.55  0.3293   20.000  0.7453E-01        -11.55  0.3293   20.000  0.1568E+00        -11.55  0.3293   20.000  0.2073E+00
          2.1152      -11.55  0.3293   20.000  0.4037E-01        -11.55  0.3293   20.000  0.7304E-01        -11.55  0.3293   20.000  0.1545E+00        -11.55  0.3293   20.000  0.2051E+00
          2.1317      -11.55  0.3293   20.000  0.3950E-01        -11.55  0.3293   20.000  0.7158E-01        -11.55  0.3293   20.000  0.1522E+00        -11.55  0.3293   20.000  0.2029E+00
          2.1482      -11.55  0.3293   20.000  0.3865E-01        -11.55  0.3293   20.000  0.7016E-01        -11.55  0.3293   20.000  0.1499E+00        -11.55  0.3293   20.000  0.2006E+00
          2.1646      -11.55  0.3293   20.000  0.3782E-01        -11.55  0.3293   20.000  0.6876E-01        -11.55  0.3293   20.000  0.1477E+00        -11.55  0.3293   20.000  0.1984E+00
          2.1811      -11.55  0.3293   20.000  0.3702E-01        -11.55  0.3293   20.000  0.6740E-01        -11.55  0.3293   20.000  0.1454E+00        -11.55  0.3293   20.000  0.1961E+00
          2.1976      -11.55  0.3293   20.000  0.3623E-01        -11.55  0.3293   20.000  0.6606E-01        -11.55  0.3293   20.000  0.1432E+00        -11.55  0.3293   20.000  0.1938E+00
          2.2140      -11.55  0.3293   20.000  0.3546E-01        -11.55  0.3293   20.000  0.6476E-01        -11.55  0.3293   20.000  0.1411E+00        -11.55  0.3293   20.000  0.1916E+00
          2.2305      -11.55  0.3293   20.000  0.3471E-01        -11.55  0.3293   20.000  0.6348E-01        -11.55  0.3293   20.000  0.1389E+00        -11.55  0.3293   20.000  0.1893E+00
          2.2470      -11.55  0.3293   20.000  0.3398E-01        -11.55  0.3293   20.000  0.6223E-01        -11.55  0.3293   20.000  0.1368E+00        -11.55  0.3293   20.000  0.1870E+00
          2.2634      -11.55  0.3293   20.000  0.3327E-01        -11.55  0.3293   20.000  0.6101E-01        -11.55  0.3293   20.000  0.1347E+00        -11.55  0.3293   20.000  0.1848E+00
          2.2799      -11.55  0.3293   20.000  0.3257E-01        -11.55  0.3293   20.000  0.5981E-01        -11.55  0.3293   20.000  0.1326E+00        -11.55  0.3293   20.000  0.1825E+00
          2.2963      -11.55  0.3293   20.000  0.3189E-01        -11.55  0.3293   20.000  0.5864E-01        -11.55  0.3293   20.000  0.1306E+00        -11.55  0.3293   20.000  0.1802E+00
          2.3128      -11.55  0.3293   20.000  0.3122E-01        -11.55  0.3293   20.000  0.5749E-01        -11.55  0.3293   20.000  0.1285E+00        -11.55  0.3293   20.000  0.1779E+00
          2.3293      -11.55  0.3293   20.000  0.3057E-01        -11.55  0.3293   20.000  0.5637E-01        -11.55  0.3293   20.000  0.1265E+00        -11.55  0.3293   20.000  0.1757E+00
          2.3457      -11.55  0.3293   20.000  0.2994E-01        -11.55  0.3293   20.000  0.5527E-01        -11.55  0.3293   20.000  0.1246E+00        -11.55  0.3293   20.000  0.1734E+00
          2.3622      -11.55  0.3293   20.000  0.2932E-01        -11.55  0.3293   20.000  0.5419E-01        -11.55  0.3293   20.000  0.1226E+00        -11.55  0.3293   20.000  0.1712E+00
          2.3787      -11.55  0.3293   20.000  0.2872E-01        -11.55  0.3293   20.000  0.5314E-01        -11.55  0.3293   20.000  0.1207E+00        -11.55  0.3293   20.000  0.1689E+00
          2.3951      -11.55  0.3293   20.000  0.2813E-01        -11.55  0.3293   20.000  0.5211E-01        -11.55  0.3293   20.000  0.1188E+00        -11.55  0.3293   20.000  0.1667E+00
          2.4116      -11.55  0.3293   20.000  0.2755E-01        -11.55  0.3293   20.000  0.5110E-01        -11.55  0.3293   20.000  0.1169E+00        -11.55  0.3293   20.000  0.1645E+00
          2.4281      -11.55  0.3293   20.000  0.2699E-01        -11.55  0.3293   20.000  0.5011E-01        -11.55  0.3293   20.000  0.1150E+00        -11.55  0.3293   20.000  0.1623E+00
          2.4445      -11.55  0.3293   20.000  0.2643E-01        -11.55  0.3293   20.000  0.4914E-01        -11.55  0.3293   20.000  0.1132E+00        -11.55  0.3293   20.000  0.1601E+00
          2.4610      -11.55  0.3293   20.000  0.2590E-01        -11.55  0.3293   20.000  0.4820E-01        -11.55  0.3293   20.000  0.1114E+00        -11.55  0.3293   20.000  0.1579E+00
          2.4774      -11.55  0.3293   20.000  0.2537E-01        -11.55  0.3293   20.000  0.4727E-01        -11.55  0.3293   20.000  0.1096E+00        -11.55  0.3293   20.000  0.1557E+00
          2.4887      -11.55  0.3293   20.000  0.2502E-01        -11.55  0.3293   20.000  0.4665E-01        -11.55  0.3293   20.000  0.1084E+00        -11.55  0.3293   20.000  0.1543E+00
          2.5000      -11.55  0.3293   20.000  0.2467E-01        -11.55  0.3293   20.000  0.4603E-01        -11.55  0.3293   20.000  0.1072E+00        -11.55  0.3293   20.000  0.1528E+00
          2.5165      -11.55  0.3293   20.000  0.2417E-01        -11.55  0.3293   20.000  0.4515E-01        -11.55  0.3293   20.000  0.1055E+00        -11.55  0.3293   20.000  0.1507E+00
          2.5329      -11.55  0.3293   20.000  0.2368E-01        -11.55  0.3293   20.000  0.4428E-01        -11.55  0.3293   20.000  0.1038E+00        -11.55  0.3293   20.000  0.1485E+00
          2.5494      -11.55  0.3293   20.000  0.2320E-01        -11.55  0.3293   20.000  0.4343E-01        -11.55  0.3293   20.000  0.1021E+00        -11.55  0.3293   20.000  0.1464E+00
          2.5659      -11.55  0.3293   20.000  0.2274E-01        -11.55  0.3293   20.000  0.4260E-01        -11.55  0.3293   20.000  0.1005E+00        -11.55  0.3293   20.000  0.1444E+00
          2.5823      -11.55  0.3293   20.000  0.2228E-01        -11.55  0.3293   20.000  0.4179E-01        -11.55  0.3293   20.000  0.9882E-01        -11.55  0.3293   20.000  0.1423E+00
          2.5988      -11.55  0.3293   20.000  0.2184E-01        -11.55  0.3293   20.000  0.4099E-01        -11.55  0.3293   20.000  0.9721E-01        -11.55  0.3293   20.000  0.1403E+00
          2.6152      -11.55  0.3293   20.000  0.2140E-01        -11.55  0.3293   20.000  0.4021E-01        -11.55  0.3293   20.000  0.9563E-01        -11.55  0.3293   20.000  0.1382E+00
          2.6317      -11.55  0.3293   20.000  0.2098E-01        -11.55  0.3293   20.000  0.3945E-01        -11.55  0.3293   20.000  0.9406E-01        -11.55  0.3293   20.000  0.1362E+00
          2.6482      -11.55  0.3293   20.000  0.2056E-01        -11.55  0.3293   20.000  0.3870E-01        -11.55  0.3293   20.000  0.9252E-01        -11.55  0.3293   20.000  0.1342E+00
          2.6646      -11.55  0.3293   20.000  0.2015E-01        -11.55  0.3293   20.000  0.3797E-01        -11.55  0.3293   20.000  0.9100E-01        -11.55  0.3293   20.000  0.1322E+00
          2.6811      -11.55  0.3293   20.000  0.1975E-01        -11.55  0.3293   20.000  0.3725E-01        -11.55  0.3293   20.000  0.8951E-01        -11.55  0.3293   20.000  0.1303E+00
          2.6976      -11.55  0.3293   20.000  0.1936E-01        -11.55  0.3293   20.000  0.3654E-01        -11.55  0.3293   20.000  0.8803E-01        -11.55  0.3293   20.000  0.1284E+00
          2.7140      -11.55  0.3293   20.000  0.1898E-01        -11.55  0.3293   20.000  0.3585E-01        -11.55  0.3293   20.000  0.8658E-01        -11.55  0.3293   20.000  0.1264E+00
          2.7305      -11.55  0.3293   20.000  0.1861E-01        -11.55  0.3293   20.000  0.3518E-01        -11.55  0.3293   20.000  0.8515E-01        -11.55  0.3293   20.000  0.1245E+00
          2.7470      -11.55  0.3293   20.000  0.1824E-01        -11.55  0.3293   20.000  0.3451E-01        -11.55  0.3293   20.000  0.8374E-01        -11.55  0.3293   20.000  0.1227E+00
          2.7634      -11.55  0.3293   20.000  0.1788E-01        -11.55  0.3293   20.000  0.3386E-01        -11.55  0.3293   20.000  0.8235E-01        -11.55  0.3293   20.000  0.1208E+00
          2.7799      -11.55  0.3293   20.000  0.1753E-01        -11.55  0.3293   20.000  0.3323E-01        -11.55  0.3293   20.000  0.8098E-01        -11.55  0.3293   20.000  0.1190E+00
          2.7963      -11.55  0.3293   20.000  0.1719E-01        -11.55  0.3293   20.000  0.3260E-01        -11.55  0.3293   20.000  0.7964E-01        -11.55  0.3293   20.000  0.1172E+00
          2.8128      -11.55  0.3293   20.000  0.1686E-01        -11.55  0.3293   20.000  0.3199E-01        -11.55  0.3293   20.000  0.7831E-01        -11.55  0.3293   20.000  0.1154E+00
          2.8293      -11.55  0.3293   20.000  0.1653E-01        -11.55  0.3293   20.000  0.3139E-01        -11.55  0.3293   20.000  0.7700E-01        -11.55  0.3293   20.000  0.1136E+00
          2.8457      -11.55  0.3293   20.000  0.1621E-01        -11.55  0.3293   20.000  0.3080E-01        -11.55  0.3293   20.000  0.7572E-01        -11.55  0.3293   20.000  0.1119E+00
          2.8622      -11.55  0.3293   20.000  0.1589E-01        -11.55  0.3293   20.000  0.3023E-01        -11.55  0.3293   20.000  0.7445E-01        -11.55  0.3293   20.000  0.1101E+00
          2.8787      -11.55  0.3293   20.000  0.1558E-01        -11.55  0.3293   20.000  0.2966E-01        -11.55  0.3293   20.000  0.7320E-01        -11.55  0.3293   20.000  0.1084E+00
          2.8951      -11.55  0.3293   20.000  0.1528E-01        -11.55  0.3293   20.000  0.2911E-01        -11.55  0.3293   20.000  0.7197E-01        -11.55  0.3293   20.000  0.1067E+00
          2.9116      -11.55  0.3293   20.000  0.1499E-01        -11.55  0.3293   20.000  0.2856E-01        -11.55  0.3293   20.000  0.7077E-01        -11.55  0.3293   20.000  0.1051E+00
          2.9281      -11.55  0.3293   20.000  0.1470E-01        -11.55  0.3293   20.000  0.2803E-01        -11.55  0.3293   20.000  0.6957E-01        -11.55  0.3293   20.000  0.1034E+00
          2.9445      -11.55  0.3293   20.000  0.1442E-01        -11.55  0.3293   20.000  0.2751E-01        -11.55  0.3293   20.000  0.6840E-01        -11.55  0.3293   20.000  0.1018E+00
          2.9610      -11.55  0.3293   20.000  0.1414E-01        -11.55  0.3293   20.000  0.2700E-01        -11.55  0.3293   20.000  0.6725E-01        -11.55  0.3293   20.000  0.1002E+00
          2.9774      -11.55  0.3293   20.000  0.1387E-01        -11.55  0.3293   20.000  0.2650E-01        -11.55  0.3293   20.000  0.6611E-01        -11.55  0.3293   20.000  0.9861E-01
          2.9887      -11.55  0.3293   20.000  0.1368E-01        -11.55  0.3293   20.000  0.2616E-01        -11.55  0.3293   20.000  0.6535E-01        -11.55  0.3293   20.000  0.9754E-01
          3.0000      -11.55  0.3293   20.000  0.1350E-01        -11.55  0.3293   20.000  0.2582E-01        -11.55  0.3293   20.000  0.6459E-01        -11.55  0.3293   20.000  0.9647E-01
          3.0165      -11.55  0.3293   20.000  0.1325E-01        -11.55  0.3293   20.000  0.2534E-01        -11.55  0.3293   20.000  0.6349E-01        -11.55  0.3293   20.000  0.9494E-01
          3.0329      -11.55  0.3293   20.000  0.1299E-01        -11.55  0.3293   20.000  0.2487E-01        -11.55  0.3293   20.000  0.6242E-01        -11.55  0.3293   20.000  0.9343E-01
          3.0494      -11.55  0.3293   20.000  0.1274E-01        -11.55  0.3293   20.000  0.2441E-01        -11.55  0.3293   20.000  0.6136E-01        -11.55  0.3293   20.000  0.9193E-01
          3.0659      -11.55  0.3293   20.000  0.1250E-01        -11.55  0.3293   20.000  0.2396E-01        -11.55  0.3293   20.000  0.6032E-01        -11.55  0.3293   20.000  0.9046E-01
          3.0823      -11.55  0.3293   20.000  0.1226E-01        -11.55  0.3293   20.000  0.2352E-01        -11.55  0.3293   20.000  0.5929E-01        -11.55  0.3293   20.000  0.8900E-01
          3.0988      -11.55  0.3293   20.000  0.1203E-01        -11.55  0.3293   20.000  0.2308E-01        -11.55  0.3293   20.000  0.5828E-01        -11.55  0.3293   20.000  0.8757E-01
          3.1152      -11.55  0.3293   20.000  0.1180E-01        -11.55  0.3293   20.000  0.2266E-01        -11.55  0.3293   20.000  0.5729E-01        -11.55  0.3293   20.000  0.8616E-01
          3.1317      -11.55  0.3293   20.000  0.1158E-01        -11.55  0.3293   20.000  0.2224E-01        -11.55  0.3293   20.000  0.5631E-01        -11.55  0.3293   20.000  0.8476E-01
          3.1482      -11.55  0.3293   20.000  0.1136E-01        -11.55  0.3293   20.000  0.2183E-01        -11.55  0.3293   20.000  0.5535E-01        -11.55  0.3293   20.000  0.8339E-01
          3.1646      -11.55  0.3293   20.000  0.1114E-01        -11.55  0.3293   20.000  0.2143E-01        -11.55  0.3293   20.000  0.5441E-01        -11.55  0.3293   20.000  0.8203E-01
          3.1811      -11.55  0.3293   20.000  0.1093E-01        -11.55  0.3293   20.000  0.2103E-01        -11.55  0.3293   20.000  0.5348E-01        -11.55  0.3293   20.000  0.8069E-01
          3.1976      -11.55  0.3293   20.000  0.1073E-01        -11.55  0.3293   20.000  0.2065E-01        -11.55  0.3293   20.000  0.5256E-01        -11.55  0.3293   20.000  0.7938E-01
          3.2140      -11.55  0.3293   20.000  0.1052E-01        -11.55  0.3293   20.000  0.2027E-01        -11.55  0.3293   20.000  0.5166E-01        -11.55  0.3293   20.000  0.7808E-01
          3.2305      -11.55  0.3293   20.000  0.1033E-01        -11.55  0.3293   20.000  0.1989E-01        -11.55  0.3293   20.000  0.5078E-01        -11.55  0.3293   20.000  0.7680E-01
          3.2470      -11.55  0.3293   20.000  0.1013E-01        -11.55  0.3293   20.000  0.1953E-01        -11.55  0.3293   20.000  0.4990E-01        -11.55  0.3293   20.000  0.7554E-01
          3.2634      -11.55  0.3293   20.000  0.9942E-02        -11.55  0.3293   20.000  0.1917E-01        -11.55  0.3293   20.000  0.4905E-01        -11.55  0.3293   20.000  0.7430E-01
          3.2799      -11.55  0.3293   20.000  0.9756E-02        -11.55  0.3293   20.000  0.1882E-01        -11.55  0.3293   20.000  0.4820E-01        -11.55  0.3293   20.000  0.7307E-01
          3.2963      -11.55  0.3293   20.000  0.9573E-02        -11.55  0.3293   20.000  0.1847E-01        -11.55  0.3293   20.000  0.4738E-01        -11.55  0.3293   20.000  0.7187E-01
          3.3128      -11.55  0.3293   20.000  0.9393E-02        -11.55  0.3293   20.000  0.1814E-01        -11.55  0.3293   20.000  0.4656E-01        -11.55  0.3293   20.000  0.7068E-01
          3.3293      -11.55  0.3293   20.000  0.9218E-02        -11.55  0.3293   20.000  0.1780E-01        -11.55  0.3293   20.000  0.4576E-01        -11.55  0.3293   20.000  0.6951E-01
          3.3457      -11.55  0.3293   20.000  0.9045E-02        -11.55  0.3293   20.000  0.1748E-01        -11.55  0.3293   20.000  0.4497E-01        -11.55  0.3293   20.000  0.6835E-01
          3.3622      -11.55  0.3293   20.000  0.8876E-02        -11.55  0.3293   20.000  0.1716E-01        -11.55  0.3293   20.000  0.4420E-01        -11.55  0.3293   20.000  0.6722E-01
          3.3787      -11.55  0.3293   20.000  0.8711E-02        -11.55  0.3293   20.000  0.1684E-01        -11.55  0.3293   20.000  0.4343E-01        -11.55  0.3293   20.000  0.6610E-01
          3.3951      -11.55  0.3293   20.000  0.8548E-02        -11.55  0.3293   20.000  0.1654E-01        -11.55  0.3293   20.000  0.4268E-01        -11.55  0.3293   20.000  0.6500E-01
          3.4116      -11.55  0.3293   20.000  0.8389E-02        -11.55  0.3293   20.000  0.1623E-01        -11.55  0.3293   20.000  0.4195E-01        -11.55  0.3293   20.000  0.6391E-01
          3.4281      -11.55  0.3293   20.000  0.8233E-02        -11.55  0.3293   20.000  0.1594E-01        -11.55  0.3293   20.000  0.4122E-01        -11.55  0.3293   20.000  0.6285E-01
          3.4445      -11.55  0.3293   20.000  0.8080E-02        -11.55  0.3293   20.000  0.1565E-01        -11.55  0.3293   20.000  0.4051E-01        -11.55  0.3293   20.000  0.6179E-01
          3.4610      -11.55  0.3293   20.000  0.7930E-02        -11.55  0.3293   20.000  0.1536E-01        -11.55  0.3293   20.000  0.3981E-01        -11.55  0.3293   20.000  0.6076E-01
          3.4775      -11.55  0.3293   20.000  0.7783E-02        -11.55  0.3293   20.000  0.1508E-01        -11.55  0.3293   20.000  0.3912E-01        -11.55  0.3293   20.000  0.5974E-01
          3.4887      -11.55  0.3293   20.000  0.7684E-02        -11.55  0.3293   20.000  0.1489E-01        -11.55  0.3293   20.000  0.3865E-01        -11.55  0.3293   20.000  0.5905E-01
          3.5000      -11.55  0.3293   20.000  0.7586E-02        -11.55  0.3293   20.000  0.1471E-01        -11.55  0.3293   20.000  0.3819E-01        -11.55  0.3293   20.000  0.5837E-01
          3.5165      -11.55  0.3293   20.000  0.7446E-02        -11.55  0.3293   20.000  0.1444E-01        -11.55  0.3293   20.000  0.3753E-01        -11.55  0.3293   20.000  0.5738E-01
          3.5329      -11.55  0.3293   20.000  0.7308E-02        -11.55  0.3293   20.000  0.1418E-01        -11.55  0.3293   20.000  0.3688E-01        -11.55  0.3293   20.000  0.5642E-01
          3.5494      -11.55  0.3293   20.000  0.7173E-02        -11.55  0.3293   20.000  0.1392E-01        -11.55  0.3293   20.000  0.3624E-01        -11.55  0.3293   20.000  0.5547E-01
          3.5659      -11.55  0.3293   20.000  0.7040E-02        -11.55  0.3293   20.000  0.1367E-01        -11.55  0.3293   20.000  0.3561E-01        -11.55  0.3293   20.000  0.5453E-01
          3.5823      -11.55  0.3293   20.000  0.6910E-02        -11.55  0.3293   20.000  0.1342E-01        -11.55  0.3293   20.000  0.3499E-01        -11.55  0.3293   20.000  0.5361E-01
          3.5988      -11.55  0.3293   20.000  0.6783E-02        -11.55  0.3293   20.000  0.1317E-01        -11.55  0.3293   20.000  0.3438E-01        -11.55  0.3293   20.000  0.5270E-01
          3.6152      -11.55  0.3293   20.000  0.6658E-02        -11.55  0.3293   20.000  0.1294E-01        -11.55  0.3293   20.000  0.3378E-01        -11.55  0.3293   20.000  0.5181E-01
          3.6317      -11.55  0.3293   20.000  0.6535E-02        -11.55  0.3293   20.000  0.1270E-01        -11.55  0.3293   20.000  0.3319E-01        -11.55  0.3293   20.000  0.5093E-01
          3.6482      -11.55  0.3293   20.000  0.6415E-02        -11.55  0.3293   20.000  0.1247E-01        -11.55  0.3293   20.000  0.3262E-01        -11.55  0.3293   20.000  0.5006E-01
          3.6646      -11.55  0.3293   20.000  0.6297E-02        -11.55  0.3293   20.000  0.1224E-01        -11.55  0.3293   20.000  0.3205E-01        -11.55  0.3293   20.000  0.4921E-01
          3.6811      -11.55  0.3293   20.000  0.6181E-02        -11.55  0.3293   20.000  0.1202E-01        -11.55  0.3293   20.000  0.3149E-01        -11.55  0.3293   20.000  0.4837E-01
          3.6976      -11.55  0.3293   20.000  0.6067E-02        -11.55  0.3293   20.000  0.1181E-01        -11.55  0.3293   20.000  0.3094E-01        -11.55  0.3293   20.000  0.4755E-01
          3.7140      -11.55  0.3293   20.000  0.5956E-02        -11.55  0.3293   20.000  0.1159E-01        -11.55  0.3293   20.000  0.3040E-01        -11.55  0.3293   20.000  0.4674E-01
          3.7305      -11.55  0.3293   20.000  0.5847E-02        -11.55  0.3293   20.000  0.1138E-01        -11.55  0.3293   20.000  0.2987E-01        -11.55  0.3293   20.000  0.4594E-01
          3.7470      -11.55  0.3293   20.000  0.5739E-02        -11.55  0.3293   20.000  0.1118E-01        -11.55  0.3293   20.000  0.2935E-01        -11.55  0.3293   20.000  0.4516E-01
          3.7634      -11.55  0.3293   20.000  0.5634E-02        -11.55  0.3293   20.000  0.1097E-01        -11.55  0.3293   20.000  0.2884E-01        -11.55  0.3293   20.000  0.4438E-01
          3.7799      -11.55  0.3293   20.000  0.5531E-02        -11.55  0.3293   20.000  0.1077E-01        -11.55  0.3293   20.000  0.2833E-01        -11.55  0.3293   20.000  0.4362E-01
          3.7963      -11.55  0.3293   20.000  0.5430E-02        -11.55  0.3293   20.000  0.1058E-01        -11.55  0.3293   20.000  0.2784E-01        -11.55  0.3293   20.000  0.4288E-01
          3.8128      -11.55  0.3293   20.000  0.5330E-02        -11.55  0.3293   20.000  0.1039E-01        -11.55  0.3293   20.000  0.2735E-01        -11.55  0.3293   20.000  0.4214E-01
          3.8293      -11.55  0.3293   20.000  0.5233E-02        -11.55  0.3293   20.000  0.1020E-01        -11.55  0.3293   20.000  0.2687E-01        -11.55  0.3293   20.000  0.4142E-01
          3.8457      -11.55  0.3293   20.000  0.5137E-02        -11.55  0.3293   20.000  0.1002E-01        -11.55  0.3293   20.000  0.2640E-01        -11.55  0.3293   20.000  0.4071E-01
          3.8622      -11.55  0.3293   20.000  0.5044E-02        -11.55  0.3293   20.000  0.9836E-02        -11.55  0.3293   20.000  0.2594E-01        -11.55  0.3293   20.000  0.4001E-01
          3.8787      -11.55  0.3293   20.000  0.4951E-02        -11.55  0.3293   20.000  0.9659E-02        -11.55  0.3293   20.000  0.2549E-01        -11.55  0.3293   20.000  0.3932E-01
          3.8951      -11.55  0.3293   20.000  0.4861E-02        -11.55  0.3293   20.000  0.9484E-02        -11.55  0.3293   20.000  0.2504E-01        -11.55  0.3293   20.000  0.3864E-01
          3.9116      -11.55  0.3293   20.000  0.4772E-02        -11.55  0.3293   20.000  0.9313E-02        -11.55  0.3293   20.000  0.2460E-01        -11.55  0.3293   20.000  0.3798E-01
          3.9281      -11.55  0.3293   20.000  0.4686E-02        -11.55  0.3293   20.000  0.9145E-02        -11.55  0.3293   20.000  0.2417E-01        -11.55  0.3293   20.000  0.3732E-01
          3.9445      -11.55  0.3293   20.000  0.4600E-02        -11.55  0.3293   20.000  0.8981E-02        -11.55  0.3293   20.000  0.2375E-01        -11.55  0.3293   20.000  0.3668E-01
          3.9610      -11.55  0.3293   20.000  0.4516E-02        -11.55  0.3293   20.000  0.8819E-02        -11.55  0.3293   20.000  0.2333E-01        -11.55  0.3293   20.000  0.3605E-01
          3.9774      -11.55  0.3293   20.000  0.4434E-02        -11.55  0.3293   20.000  0.8660E-02        -11.55  0.3293   20.000  0.2292E-01        -11.55  0.3293   20.000  0.3542E-01
          3.9887      -11.55  0.3293   20.000  0.4379E-02        -11.55  0.3293   20.000  0.8553E-02        -11.55  0.3293   20.000  0.2264E-01        -11.55  0.3293   20.000  0.3500E-01
          4.0000      -11.55  0.3293   20.000  0.4324E-02        -11.55  0.3293   20.000  0.8447E-02        -11.55  0.3293   20.000  0.2237E-01        -11.55  0.3293   20.000  0.3459E-01
          4.0165      -11.55  0.3293   20.000  0.4245E-02        -11.55  0.3293   20.000  0.8295E-02        -11.55  0.3293   20.000  0.2198E-01        -11.55  0.3293   20.000  0.3399E-01
          4.0329      -11.55  0.3293   20.000  0.4168E-02        -11.55  0.3293   20.000  0.8146E-02        -11.55  0.3293   20.000  0.2159E-01        -11.55  0.3293   20.000  0.3340E-01
          4.0494      -11.55  0.3293   20.000  0.4093E-02        -11.55  0.3293   20.000  0.7999E-02        -11.55  0.3293   20.000  0.2121E-01        -11.55  0.3293   20.000  0.3282E-01
          4.0659      -11.55  0.3293   20.000  0.4018E-02        -11.55  0.3293   20.000  0.7855E-02        -11.55  0.3293   20.000  0.2084E-01        -11.55  0.3293   20.000  0.3226E-01
          4.0823      -11.55  0.3293   20.000  0.3945E-02        -11.55  0.3293   20.000  0.7714E-02        -11.55  0.3293   20.000  0.2047E-01        -11.55  0.3293   20.000  0.3170E-01
          4.0988      -11.55  0.3293   20.000  0.3874E-02        -11.55  0.3293   20.000  0.7575E-02        -11.55  0.3293   20.000  0.2011E-01        -11.55  0.3293   20.000  0.3115E-01
          4.1152      -11.55  0.3293   20.000  0.3804E-02        -11.55  0.3293   20.000  0.7439E-02        -11.55  0.3293   20.000  0.1976E-01        -11.55  0.3293   20.000  0.3061E-01
          4.1317      -11.55  0.3293   20.000  0.3735E-02        -11.55  0.3293   20.000  0.7305E-02        -11.55  0.3293   20.000  0.1941E-01        -11.55  0.3293   20.000  0.3007E-01
          4.1482      -11.55  0.3293   20.000  0.3667E-02        -11.55  0.3293   20.000  0.7174E-02        -11.55  0.3293   20.000  0.1907E-01        -11.55  0.3293   20.000  0.2955E-01
          4.1646      -11.55  0.3293   20.000  0.3601E-02        -11.55  0.3293   20.000  0.7045E-02        -11.55  0.3293   20.000  0.1874E-01        -11.55  0.3293   20.000  0.2904E-01
          4.1811      -11.55  0.3293   20.000  0.3535E-02        -11.55  0.3293   20.000  0.6918E-02        -11.55  0.3293   20.000  0.1841E-01        -11.55  0.3293   20.000  0.2853E-01
          4.1976      -11.55  0.3293   20.000  0.3471E-02        -11.55  0.3293   20.000  0.6794E-02        -11.55  0.3293   20.000  0.1808E-01        -11.55  0.3293   20.000  0.2804E-01
          4.2140      -11.55  0.3293   20.000  0.3409E-02        -11.55  0.3293   20.000  0.6672E-02        -11.55  0.3293   20.000  0.1776E-01        -11.55  0.3293   20.000  0.2755E-01
          4.2305      -11.55  0.3293   20.000  0.3347E-02        -11.55  0.3293   20.000  0.6552E-02        -11.55  0.3293   20.000  0.1745E-01        -11.55  0.3293   20.000  0.2707E-01
          4.2470      -11.55  0.3293   20.000  0.3286E-02        -11.55  0.3293   20.000  0.6435E-02        -11.55  0.3293   20.000  0.1714E-01        -11.55  0.3293   20.000  0.2660E-01
          4.2634      -11.55  0.3293   20.000  0.3227E-02        -11.55  0.3293   20.000  0.6319E-02        -11.55  0.3293   20.000  0.1684E-01        -11.55  0.3293   20.000  0.2613E-01
          4.2799      -11.55  0.3293   20.000  0.3169E-02        -11.55  0.3293   20.000  0.6206E-02        -11.55  0.3293   20.000  0.1655E-01        -11.55  0.3293   20.000  0.2568E-01
          4.2963      -11.55  0.3293   20.000  0.3111E-02        -11.55  0.3293   20.000  0.6094E-02        -11.55  0.3293   20.000  0.1625E-01        -11.55  0.3293   20.000  0.2523E-01
          4.3128      -11.55  0.3293   20.000  0.3055E-02        -11.55  0.3293   20.000  0.5985E-02        -11.55  0.3293   20.000  0.1597E-01        -11.55  0.3293   20.000  0.2479E-01
          4.3293      -11.55  0.3293   20.000  0.3000E-02        -11.55  0.3293   20.000  0.5878E-02        -11.55  0.3293   20.000  0.1569E-01        -11.55  0.3293   20.000  0.2436E-01
          4.3457      -11.55  0.3293   20.000  0.2946E-02        -11.55  0.3293   20.000  0.5772E-02        -11.55  0.3293   20.000  0.1541E-01        -11.55  0.3293   20.000  0.2393E-01
          4.3622      -11.55  0.3293   20.000  0.2893E-02        -11.55  0.3293   20.000  0.5669E-02        -11.55  0.3293   20.000  0.1514E-01        -11.55  0.3293   20.000  0.2351E-01
          4.3787      -11.55  0.3293   20.000  0.2841E-02        -11.55  0.3293   20.000  0.5567E-02        -11.55  0.3293   20.000  0.1487E-01        -11.55  0.3293   20.000  0.2310E-01
          4.3951      -11.55  0.3293   20.000  0.2789E-02        -11.55  0.3293   20.000  0.5468E-02        -11.55  0.3293   20.000  0.1461E-01        -11.55  0.3293   20.000  0.2270E-01
          4.4116      -11.55  0.3293   20.000  0.2739E-02        -11.55  0.3293   20.000  0.5370E-02        -11.55  0.3293   20.000  0.1435E-01        -11.55  0.3293   20.000  0.2230E-01
          4.4281      -11.55  0.3293   20.000  0.2690E-02        -11.55  0.3293   20.000  0.5273E-02        -11.55  0.3293   20.000  0.1410E-01        -11.55  0.3293   20.000  0.2191E-01
          4.4445      -11.55  0.3293   20.000  0.2641E-02        -11.55  0.3293   20.000  0.5179E-02        -11.55  0.3293   20.000  0.1385E-01        -11.55  0.3293   20.000  0.2153E-01
          4.4610      -11.55  0.3293   20.000  0.2594E-02        -11.55  0.3293   20.000  0.5086E-02        -11.55  0.3293   20.000  0.1360E-01        -11.55  0.3293   20.000  0.2115E-01
          4.4774      -11.55  0.3293   20.000  0.2547E-02        -11.55  0.3293   20.000  0.4995E-02        -11.55  0.3293   20.000  0.1336E-01        -11.55  0.3293   20.000  0.2078E-01
          4.4887      -11.55  0.3293   20.000  0.2516E-02        -11.55  0.3293   20.000  0.4934E-02        -11.55  0.3293   20.000  0.1320E-01        -11.55  0.3293   20.000  0.2053E-01
          4.5000      -11.55  0.3293   20.000  0.2484E-02        -11.55  0.3293   20.000  0.4873E-02        -11.55  0.3293   20.000  0.1304E-01        -11.55  0.3293   20.000  0.2028E-01
          4.5165      -11.55  0.3293   20.000  0.2440E-02        -11.55  0.3293   20.000  0.4786E-02        -11.55  0.3293   20.000  0.1281E-01        -11.55  0.3293   20.000  0.1993E-01
          4.5329      -11.55  0.3293   20.000  0.2396E-02        -11.55  0.3293   20.000  0.4700E-02        -11.55  0.3293   20.000  0.1258E-01        -11.55  0.3293   20.000  0.1958E-01
          4.5494      -11.55  0.3293   20.000  0.2353E-02        -11.55  0.3293   20.000  0.4616E-02        -11.55  0.3293   20.000  0.1236E-01        -11.55  0.3293   20.000  0.1924E-01
          4.5659      -11.55  0.3293   20.000  0.2310E-02        -11.55  0.3293   20.000  0.4533E-02        -11.55  0.3293   20.000  0.1214E-01        -11.55  0.3293   20.000  0.1890E-01
          4.5823      -11.55  0.3293   20.000  0.2269E-02        -11.55  0.3293   20.000  0.4452E-02        -11.55  0.3293   20.000  0.1193E-01        -11.55  0.3293   20.000  0.1857E-01
          4.5988      -11.55  0.3293   20.000  0.2228E-02        -11.55  0.3293   20.000  0.4373E-02        -11.55  0.3293   20.000  0.1172E-01        -11.55  0.3293   20.000  0.1824E-01
          4.6152      -11.55  0.3293   20.000  0.2188E-02        -11.55  0.3293   20.000  0.4294E-02        -11.55  0.3293   20.000  0.1151E-01        -11.55  0.3293   20.000  0.1792E-01
          4.6317      -11.55  0.3293   20.000  0.2149E-02        -11.55  0.3293   20.000  0.4218E-02        -11.55  0.3293   20.000  0.1131E-01        -11.55  0.3293   20.000  0.1761E-01
          4.6482      -11.55  0.3293   20.000  0.2110E-02        -11.55  0.3293   20.000  0.4142E-02        -11.55  0.3293   20.000  0.1111E-01        -11.55  0.3293   20.000  0.1730E-01
          4.6646      -11.55  0.3293   20.000  0.2072E-02        -11.55  0.3293   20.000  0.4068E-02        -11.55  0.3293   20.000  0.1091E-01        -11.55  0.3293   20.000  0.1699E-01
          4.6811      -11.55  0.3293   20.000  0.2035E-02        -11.55  0.3293   20.000  0.3995E-02        -11.55  0.3293   20.000  0.1072E-01        -11.55  0.3293   20.000  0.1669E-01
          4.6976      -11.55  0.3293   20.000  0.1999E-02        -11.55  0.3293   20.000  0.3924E-02        -11.55  0.3293   20.000  0.1053E-01        -11.55  0.3293   20.000  0.1640E-01
          4.7140      -11.55  0.3293   20.000  0.1963E-02        -11.55  0.3293   20.000  0.3854E-02        -11.55  0.3293   20.000  0.1034E-01        -11.55  0.3293   20.000  0.1611E-01
          4.7305      -11.55  0.3293   20.000  0.1927E-02        -11.55  0.3293   20.000  0.3785E-02        -11.55  0.3293   20.000  0.1016E-01        -11.55  0.3293   20.000  0.1583E-01
          4.7470      -11.55  0.3293   20.000  0.1893E-02        -11.55  0.3293   20.000  0.3717E-02        -11.55  0.3293   20.000  0.9980E-02        -11.55  0.3293   20.000  0.1555E-01
          4.7634      -11.55  0.3293   20.000  0.1859E-02        -11.55  0.3293   20.000  0.3651E-02        -11.55  0.3293   20.000  0.9803E-02        -11.55  0.3293   20.000  0.1528E-01
          4.7799      -11.55  0.3293   20.000  0.1826E-02        -11.55  0.3293   20.000  0.3586E-02        -11.55  0.3293   20.000  0.9630E-02        -11.55  0.3293   20.000  0.1501E-01
          4.7963      -11.55  0.3293   20.000  0.1793E-02        -11.55  0.3293   20.000  0.3522E-02        -11.55  0.3293   20.000  0.9459E-02        -11.55  0.3293   20.000  0.1474E-01
          4.8128      -11.55  0.3293   20.000  0.1761E-02        -11.55  0.3293   20.000  0.3459E-02        -11.55  0.3293   20.000  0.9292E-02        -11.55  0.3293   20.000  0.1448E-01
          4.8293      -11.55  0.3293   20.000  0.1729E-02        -11.55  0.3293   20.000  0.3397E-02        -11.55  0.3293   20.000  0.9128E-02        -11.55  0.3293   20.000  0.1423E-01
          4.8457      -11.55  0.3293   20.000  0.1698E-02        -11.55  0.3293   20.000  0.3336E-02        -11.55  0.3293   20.000  0.8966E-02        -11.55  0.3293   20.000  0.1398E-01
          4.8622      -11.55  0.3293   20.000  0.1668E-02        -11.55  0.3293   20.000  0.3277E-02        -11.55  0.3293   20.000  0.8807E-02        -11.55  0.3293   20.000  0.1373E-01
          4.8787      -11.55  0.3293   20.000  0.1638E-02        -11.55  0.3293   20.000  0.3218E-02        -11.55  0.3293   20.000  0.8651E-02        -11.55  0.3293   20.000  0.1349E-01
          4.8951      -11.55  0.3293   20.000  0.1608E-02        -11.55  0.3293   20.000  0.3161E-02        -11.55  0.3293   20.000  0.8498E-02        -11.55  0.3293   20.000  0.1325E-01
          4.9116      -11.55  0.3293   20.000  0.1580E-02        -11.55  0.3293   20.000  0.3104E-02        -11.55  0.3293   20.000  0.8347E-02        -11.55  0.3293   20.000  0.1302E-01
          4.9281      -11.55  0.3293   20.000  0.1551E-02        -11.55  0.3293   20.000  0.3049E-02        -11.55  0.3293   20.000  0.8200E-02        -11.55  0.3293   20.000  0.1279E-01
          4.9445      -11.55  0.3293   20.000  0.1524E-02        -11.55  0.3293   20.000  0.2994E-02        -11.55  0.3293   20.000  0.8054E-02        -11.55  0.3293   20.000  0.1256E-01
          4.9610      -11.55  0.3293   20.000  0.1496E-02        -11.55  0.3293   20.000  0.2941E-02        -11.55  0.3293   20.000  0.7912E-02        -11.55  0.3293   20.000  0.1234E-01
          4.9774      -11.55  0.3293   20.000  0.1470E-02        -11.55  0.3293   20.000  0.2888E-02        -11.55  0.3293   20.000  0.7771E-02        -11.55  0.3293   20.000  0.1212E-01
          4.9887      -11.55  0.3293   20.000  0.1451E-02        -11.55  0.3293   20.000  0.2853E-02        -11.55  0.3293   20.000  0.7677E-02        -11.55  0.3293   20.000  0.1198E-01
          5.0000      -11.55  0.3293   20.000  0.1434E-02        -11.55  0.3293   20.000  0.2818E-02        -11.55  0.3293   20.000  0.7584E-02        -11.55  0.3293   20.000  0.1183E-01
          5.0165      -11.55  0.3293   20.000  0.1408E-02        -11.55  0.3293   20.000  0.2768E-02        -11.55  0.3293   20.000  0.7449E-02        -11.55  0.3293   20.000  0.1162E-01
          5.0329      -11.55  0.3293   20.000  0.1383E-02        -11.55  0.3293   20.000  0.2718E-02        -11.55  0.3293   20.000  0.7317E-02        -11.55  0.3293   20.000  0.1142E-01
          5.0494      -11.55  0.3293   20.000  0.1358E-02        -11.55  0.3293   20.000  0.2670E-02        -11.55  0.3293   20.000  0.7187E-02        -11.55  0.3293   20.000  0.1122E-01
          5.0659      -11.55  0.3293   20.000  0.1334E-02        -11.55  0.3293   20.000  0.2622E-02        -11.55  0.3293   20.000  0.7060E-02        -11.55  0.3293   20.000  0.1102E-01
          5.0823      -11.55  0.3293   20.000  0.1310E-02        -11.55  0.3293   20.000  0.2575E-02        -11.55  0.3293   20.000  0.6935E-02        -11.55  0.3293   20.000  0.1082E-01
          5.0988      -11.55  0.3293   20.000  0.1286E-02        -11.55  0.3293   20.000  0.2529E-02        -11.55  0.3293   20.000  0.6812E-02        -11.55  0.3293   20.000  0.1063E-01
          5.1152      -11.55  0.3293   20.000  0.1263E-02        -11.55  0.3293   20.000  0.2484E-02        -11.55  0.3293   20.000  0.6691E-02        -11.55  0.3293   20.000  0.1044E-01
          5.1317      -11.55  0.3293   20.000  0.1241E-02        -11.55  0.3293   20.000  0.2440E-02        -11.55  0.3293   20.000  0.6573E-02        -11.55  0.3293   20.000  0.1026E-01
          5.1482      -11.55  0.3293   20.000  0.1219E-02        -11.55  0.3293   20.000  0.2396E-02        -11.55  0.3293   20.000  0.6456E-02        -11.55  0.3293   20.000  0.1008E-01
          5.1646      -11.55  0.3293   20.000  0.1197E-02        -11.55  0.3293   20.000  0.2354E-02        -11.55  0.3293   20.000  0.6342E-02        -11.55  0.3293   20.000  0.9901E-02
          5.1811      -11.55  0.3293   20.000  0.1175E-02        -11.55  0.3293   20.000  0.2312E-02        -11.55  0.3293   20.000  0.6229E-02        -11.55  0.3293   20.000  0.9726E-02
          5.1976      -11.55  0.3293   20.000  0.1154E-02        -11.55  0.3293   20.000  0.2271E-02        -11.55  0.3293   20.000  0.6119E-02        -11.55  0.3293   20.000  0.9554E-02
          5.2140      -11.55  0.3293   20.000  0.1134E-02        -11.55  0.3293   20.000  0.2230E-02        -11.55  0.3293   20.000  0.6010E-02        -11.55  0.3293   20.000  0.9385E-02
          5.2305      -11.55  0.3293   20.000  0.1114E-02        -11.55  0.3293   20.000  0.2190E-02        -11.55  0.3293   20.000  0.5904E-02        -11.55  0.3293   20.000  0.9219E-02
          5.2470      -11.55  0.3293   20.000  0.1094E-02        -11.55  0.3293   20.000  0.2151E-02        -11.55  0.3293   20.000  0.5799E-02        -11.55  0.3293   20.000  0.9056E-02
          5.2634      -11.55  0.3293   20.000  0.1074E-02        -11.55  0.3293   20.000  0.2113E-02        -11.55  0.3293   20.000  0.5696E-02        -11.55  0.3293   20.000  0.8896E-02
          5.2799      -11.55  0.3293   20.000  0.1055E-02        -11.55  0.3293   20.000  0.2075E-02        -11.55  0.3293   20.000  0.5595E-02        -11.55  0.3293   20.000  0.8738E-02
          5.2963      -11.55  0.3293   20.000  0.1036E-02        -11.55  0.3293   20.000  0.2038E-02        -11.55  0.3293   20.000  0.5496E-02        -11.55  0.3293   20.000  0.8584E-02
          5.3128      -11.55  0.3293   20.000  0.1018E-02        -11.55  0.3293   20.000  0.2002E-02        -11.55  0.3293   20.000  0.5398E-02        -11.55  0.3293   20.000  0.8432E-02
          5.3293      -11.55  0.3293   20.000  0.9994E-03        -11.55  0.3293   20.000  0.1966E-02        -11.55  0.3293   20.000  0.5302E-02        -11.55  0.3293   20.000  0.8283E-02
          5.3457      -11.55  0.3293   20.000  0.9816E-03        -11.55  0.3293   20.000  0.1931E-02        -11.55  0.3293   20.000  0.5208E-02        -11.55  0.3293   20.000  0.8136E-02
          5.3622      -11.55  0.3293   20.000  0.9641E-03        -11.55  0.3293   20.000  0.1897E-02        -11.55  0.3293   20.000  0.5116E-02        -11.55  0.3293   20.000  0.7992E-02
          5.3787      -11.55  0.3293   20.000  0.9468E-03        -11.55  0.3293   20.000  0.1863E-02        -11.55  0.3293   20.000  0.5025E-02        -11.55  0.3293   20.000  0.7851E-02
          5.3951      -11.55  0.3293   20.000  0.9299E-03        -11.55  0.3293   20.000  0.1830E-02        -11.55  0.3293   20.000  0.4936E-02        -11.55  0.3293   20.000  0.7712E-02
          5.4116      -11.55  0.3293   20.000  0.9133E-03        -11.55  0.3293   20.000  0.1797E-02        -11.55  0.3293   20.000  0.4848E-02        -11.55  0.3293   20.000  0.7575E-02
          5.4281      -11.55  0.3293   20.000  0.8970E-03        -11.55  0.3293   20.000  0.1765E-02        -11.55  0.3293   20.000  0.4762E-02        -11.55  0.3293   20.000  0.7441E-02
          5.4445      -11.55  0.3293   20.000  0.8810E-03        -11.55  0.3293   20.000  0.1734E-02        -11.55  0.3293   20.000  0.4678E-02        -11.55  0.3293   20.000  0.7309E-02
          5.4610      -11.55  0.3293   20.000  0.8653E-03        -11.55  0.3293   20.000  0.1703E-02        -11.55  0.3293   20.000  0.4595E-02        -11.55  0.3293   20.000  0.7180E-02
          5.4774      -11.55  0.3293   20.000  0.8499E-03        -11.55  0.3293   20.000  0.1672E-02        -11.55  0.3293   20.000  0.4513E-02        -11.55  0.3293   20.000  0.7053E-02
          5.4887      -11.55  0.3293   20.000  0.8394E-03        -11.55  0.3293   20.000  0.1652E-02        -11.55  0.3293   20.000  0.4458E-02        -11.55  0.3293   20.000  0.6967E-02
          5.5000      -11.55  0.3293   20.000  0.8292E-03        -11.55  0.3293   20.000  0.1632E-02        -11.55  0.3293   20.000  0.4404E-02        -11.55  0.3293   20.000  0.6882E-02
          5.5165      -11.55  0.3293   20.000  0.8144E-03        -11.55  0.3293   20.000  0.1603E-02        -11.55  0.3293   20.000  0.4326E-02        -11.55  0.3293   20.000  0.6760E-02
          5.5329      -11.55  0.3293   20.000  0.7998E-03        -11.55  0.3293   20.000  0.1574E-02        -11.55  0.3293   20.000  0.4249E-02        -11.55  0.3293   20.000  0.6641E-02
          5.5494      -11.55  0.3293   20.000  0.7856E-03        -11.55  0.3293   20.000  0.1546E-02        -11.55  0.3293   20.000  0.4173E-02        -11.55  0.3293   20.000  0.6523E-02
          5.5659      -11.55  0.3293   20.000  0.7715E-03        -11.55  0.3293   20.000  0.1518E-02        -11.55  0.3293   20.000  0.4099E-02        -11.55  0.3293   20.000  0.6407E-02
          5.5823      -11.55  0.3293   20.000  0.7578E-03        -11.55  0.3293   20.000  0.1491E-02        -11.55  0.3293   20.000  0.4027E-02        -11.55  0.3293   20.000  0.6294E-02
          5.5988      -11.55  0.3293   20.000  0.7443E-03        -11.55  0.3293   20.000  0.1465E-02        -11.55  0.3293   20.000  0.3955E-02        -11.55  0.3293   20.000  0.6182E-02
          5.6152      -11.55  0.3293   20.000  0.7310E-03        -11.55  0.3293   20.000  0.1439E-02        -11.55  0.3293   20.000  0.3885E-02        -11.55  0.3293   20.000  0.6073E-02
          5.6317      -11.55  0.3293   20.000  0.7180E-03        -11.55  0.3293   20.000  0.1413E-02        -11.55  0.3293   20.000  0.3816E-02        -11.55  0.3293   20.000  0.5965E-02
          5.6482      -11.55  0.3293   20.000  0.7051E-03        -11.55  0.3293   20.000  0.1388E-02        -11.55  0.3293   20.000  0.3748E-02        -11.55  0.3293   20.000  0.5859E-02
          5.6646      -11.55  0.3293   20.000  0.6926E-03        -11.55  0.3293   20.000  0.1363E-02        -11.55  0.3293   20.000  0.3682E-02        -11.55  0.3293   20.000  0.5756E-02
          5.6811      -11.55  0.3293   20.000  0.6802E-03        -11.55  0.3293   20.000  0.1339E-02        -11.55  0.3293   20.000  0.3616E-02        -11.55  0.3293   20.000  0.5654E-02
          5.6976      -11.55  0.3293   20.000  0.6681E-03        -11.55  0.3293   20.000  0.1315E-02        -11.55  0.3293   20.000  0.3552E-02        -11.55  0.3293   20.000  0.5553E-02
          5.7140      -11.55  0.3293   20.000  0.6562E-03        -11.55  0.3293   20.000  0.1292E-02        -11.55  0.3293   20.000  0.3489E-02        -11.55  0.3293   20.000  0.5455E-02
          5.7305      -11.55  0.3293   20.000  0.6445E-03        -11.55  0.3293   20.000  0.1269E-02        -11.55  0.3293   20.000  0.3427E-02        -11.55  0.3293   20.000  0.5358E-02
          5.7470      -11.55  0.3293   20.000  0.6330E-03        -11.55  0.3293   20.000  0.1246E-02        -11.55  0.3293   20.000  0.3366E-02        -11.55  0.3293   20.000  0.5263E-02
          5.7634      -11.55  0.3293   20.000  0.6217E-03        -11.55  0.3293   20.000  0.1224E-02        -11.55  0.3293   20.000  0.3306E-02        -11.55  0.3293   20.000  0.5170E-02
          5.7799      -11.55  0.3293   20.000  0.6106E-03        -11.55  0.3293   20.000  0.1202E-02        -11.55  0.3293   20.000  0.3248E-02        -11.55  0.3293   20.000  0.5078E-02
          5.7963      -11.55  0.3293   20.000  0.5997E-03        -11.55  0.3293   20.000  0.1181E-02        -11.55  0.3293   20.000  0.3190E-02        -11.55  0.3293   20.000  0.4988E-02
          5.8128      -11.55  0.3293   20.000  0.5890E-03        -11.55  0.3293   20.000  0.1160E-02        -11.55  0.3293   20.000  0.3133E-02        -11.55  0.3293   20.000  0.4900E-02
          5.8293      -11.55  0.3293   20.000  0.5785E-03        -11.55  0.3293   20.000  0.1139E-02        -11.55  0.3293   20.000  0.3078E-02        -11.55  0.3293   20.000  0.4813E-02
          5.8457      -11.55  0.3293   20.000  0.5682E-03        -11.55  0.3293   20.000  0.1119E-02        -11.55  0.3293   20.000  0.3023E-02        -11.55  0.3293   20.000  0.4727E-02
          5.8622      -11.55  0.3293   20.000  0.5581E-03        -11.55  0.3293   20.000  0.1099E-02        -11.55  0.3293   20.000  0.2969E-02        -11.55  0.3293   20.000  0.4643E-02
          5.8787      -11.55  0.3293   20.000  0.5482E-03        -11.55  0.3293   20.000  0.1079E-02        -11.55  0.3293   20.000  0.2917E-02        -11.55  0.3293   20.000  0.4561E-02
          5.8951      -11.55  0.3293   20.000  0.5384E-03        -11.55  0.3293   20.000  0.1060E-02        -11.55  0.3293   20.000  0.2865E-02        -11.55  0.3293   20.000  0.4480E-02
          5.9116      -11.55  0.3293   20.000  0.5288E-03        -11.55  0.3293   20.000  0.1041E-02        -11.55  0.3293   20.000  0.2814E-02        -11.55  0.3293   20.000  0.4401E-02
          5.9281      -11.55  0.3293   20.000  0.5194E-03        -11.55  0.3293   20.000  0.1023E-02        -11.55  0.3293   20.000  0.2764E-02        -11.55  0.3293   20.000  0.4323E-02
          5.9445      -11.55  0.3293   20.000  0.5101E-03        -11.55  0.3293   20.000  0.1004E-02        -11.55  0.3293   20.000  0.2715E-02        -11.55  0.3293   20.000  0.4246E-02
          5.9610      -11.55  0.3293   20.000  0.5010E-03        -11.55  0.3293   20.000  0.9865E-03        -11.55  0.3293   20.000  0.2667E-02        -11.55  0.3293   20.000  0.4171E-02
          5.9774      -11.55  0.3293   20.000  0.4921E-03        -11.55  0.3293   20.000  0.9690E-03        -11.55  0.3293   20.000  0.2619E-02        -11.55  0.3293   20.000  0.4097E-02
          5.9887      -11.55  0.3293   20.000  0.4861E-03        -11.55  0.3293   20.000  0.9571E-03        -11.55  0.3293   20.000  0.2587E-02        -11.55  0.3293   20.000  0.4047E-02
          6.0000      -11.55  0.3293   20.000  0.4801E-03        -11.55  0.3293   20.000  0.9454E-03        -11.55  0.3293   20.000  0.2556E-02        -11.55  0.3293   20.000  0.3997E-02
end
