 All solute fluxes and cumulative solute fluxes are positive into the region

       Time         cvTop        cvBot      Sum(cvTop)   Sum(cvBot)     cvCh0        cvCh1         cTop        cRoot         cBot        cvRoot    Sum(cvRoot)  Sum(cvNEql) TLevel      cGWL        cRunOff   Sum(cRunOff)    (cv(i),    Sum(cv(i)), i=1,NObs)
        [T]        [M/L2/T]     [M/L2/T]      [M/L2]       [M/L2]       [M/L2]      [M/L2]        [M/L3]      [M/L3]        [M/L3]      [M/L2/T]      [M/L2]       [M/L2]              [M/L3]        [M/L2]      [M/L3]      [M/L2/T]      [M/L2]
        0.0010  0.10000E+02  0.00000E+00  0.10000E-01  0.00000E+00  0.00000E+00  0.00000E+00  0.64884E-01  0.00000E+00  0.00000E+00  0.00000E+00  0.00000E+00  0.00000E+00       1  0.00000E+00  0.00000E+00  0.00000E+00
        0.0020  0.10000E+02  0.00000E+00  0.20000E-01  0.00000E+00  0.00000E+00  0.00000E+00  0.81896E-01  0.00000E+00  0.00000E+00  0.00000E+00  0.00000E+00  0.00000E+00       2  0.00000E+00  0.00000E+00  0.00000E+00
        0.0033  0.10000E+02  0.00000E+00  0.33000E-01  0.00000E+00  0.00000E+00  0.00000E+00  0.10766E+00  0.00000E+00  0.00000E+00  0.00000E+00  0.00000E+00  0.00000E+00       3  0.00000E+00  0.00000E+00  0.00000E+00
        0.0050  0.10000E+02  0.00000E+00  0.49900E-01  0.00000E+00  0.00000E+00  0.00000E+00  0.13007E+00  0.00000E+00  0.00000E+00  0.00000E+00  0.00000E+00  0.00000E+00       4  0.00000E+00  0.00000E+00  0.00000E+00
        0.0072  0.10000E+02  0.00000E+00  0.71870E-01  0.00000E+00  0.00000E+00  0.00000E+00  0.15555E+00  0.00000E+00  0.00000E+00  0.00000E+00  0.00000E+00  0.00000E+00       5  0.00000E+00  0.00000E+00  0.00000E+00
        0.0100  0.10000E+02  0.00000E+00  0.10043E+00  0.00000E+00  0.00000E+00  0.00000E+00  0.18140E+00  0.00000E+00  0.00000E+00  0.00000E+00  0.00000E+00  0.00000E+00       6  0.00000E+00  0.00000E+00  0.00000E+00
        0.0138  0.10000E+02  0.00000E+00  0.13756E+00  0.00000E+00  0.00000E+00  0.00000E+00  0.21012E+00  0.00000E+00  0.00000E+00  0.00000E+00  0.00000E+00  0.00000E+00       7  0.00000E+00  0.00000E+00  0.00000E+00
        0.0186  0.10000E+02 -0.36641E-25  0.18583E+00 -0.17686E-27  0.00000E+00  0.00000E+00  0.24047E+00  0.00000E+00  0.72177E-26  0.00000E+00  0.00000E+00  0.00000E+00       8  0.00000E+00  0.00000E+00  0.00000E+00
        0.0249  0.10000E+02 -0.18766E-21  0.24858E+00 -0.11777E-23  0.00000E+00  0.00000E+00  0.27395E+00  0.00000E+00  0.36959E-22  0.00000E+00  0.00000E+00  0.00000E+00       9  0.00000E+00  0.00000E+00  0.00000E+00
        0.0330  0.10000E+02 -0.35069E-18  0.33015E+00 -0.28619E-20  0.00000E+00  0.00000E+00  0.30972E+00  0.00000E+00  0.69043E-19  0.00000E+00  0.00000E+00  0.00000E+00      10  0.00000E+00  0.00000E+00  0.00000E+00
        0.0436  0.10000E+02 -0.26663E-15  0.43619E+00 -0.28303E-17  0.00000E+00  0.00000E+00  0.34885E+00  0.00000E+00  0.52453E-16  0.00000E+00  0.00000E+00  0.00000E+00      11  0.00000E+00  0.00000E+00  0.00000E+00
        0.0574  0.10000E+02 -0.91011E-13  0.57405E+00 -0.12575E-14  0.00000E+00  0.00000E+00  0.39055E+00  0.00000E+00  0.17876E-13  0.00000E+00  0.00000E+00  0.00000E+00      12  0.00000E+00  0.00000E+00  0.00000E+00
        0.0736  0.10000E+02 -0.66374E-11  0.73649E+00 -0.10907E-12  0.00000E+00  0.00000E+00  0.43170E+00  0.00000E+00  0.12898E-11  0.00000E+00  0.00000E+00  0.00000E+00      13  0.00000E+00  0.00000E+00  0.00000E+00
        0.0899  0.10000E+02 -0.11305E-09  0.89894E+00 -0.19456E-11  0.00000E+00  0.00000E+00  0.46620E+00  0.00000E+00  0.20989E-10  0.00000E+00  0.00000E+00  0.00000E+00      14  0.00000E+00  0.00000E+00  0.00000E+00
        0.1061  0.10000E+02 -0.11216E-08  0.10614E+01 -0.20172E-10  0.00000E+00  0.00000E+00  0.49651E+00  0.00000E+00  0.20016E-09  0.00000E+00  0.00000E+00  0.00000E+00      15  0.00000E+00  0.00000E+00  0.00000E+00
        0.1224  0.10000E+02 -0.79093E-08  0.12240E+01 -0.14876E-09  0.00000E+00  0.00000E+00  0.52300E+00  0.00000E+00  0.13604E-08  0.00000E+00  0.00000E+00  0.00000E+00      16  0.00000E+00  0.00000E+00  0.00000E+00
        0.1387  0.10000E+02 -0.43332E-07  0.13867E+01 -0.85371E-09  0.00000E+00  0.00000E+00  0.54705E+00  0.00000E+00  0.71964E-08  0.00000E+00  0.00000E+00  0.00000E+00      17  0.00000E+00  0.00000E+00  0.00000E+00
        0.1550  0.10000E+02 -0.19417E-06  0.15495E+01 -0.40151E-08  0.00000E+00  0.00000E+00  0.56853E+00  0.00000E+00  0.31184E-07  0.00000E+00  0.00000E+00  0.00000E+00      18  0.00000E+00  0.00000E+00  0.00000E+00
        0.1712  0.10000E+02 -0.73639E-06  0.17125E+01 -0.16016E-07  0.00000E+00  0.00000E+00  0.58842E+00  0.00000E+00  0.11453E-06  0.00000E+00  0.00000E+00  0.00000E+00      19  0.00000E+00  0.00000E+00  0.00000E+00
        0.1876  0.10000E+02 -0.24229E-05  0.18756E+01 -0.55540E-07  0.00000E+00  0.00000E+00  0.60642E+00  0.00000E+00  0.36543E-06  0.00000E+00  0.00000E+00  0.00000E+00      20  0.00000E+00  0.00000E+00  0.00000E+00
        0.2039  0.10000E+02 -0.70505E-05  0.20389E+01 -0.17067E-06  0.00000E+00  0.00000E+00  0.62332E+00  0.00000E+00  0.10327E-05  0.00000E+00  0.00000E+00  0.00000E+00      21  0.00000E+00  0.00000E+00  0.00000E+00
        0.2202  0.10000E+02 -0.18428E-04  0.22024E+01 -0.47187E-06  0.00000E+00  0.00000E+00  0.63874E+00  0.00000E+00  0.26255E-05  0.00000E+00  0.00000E+00  0.00000E+00      22  0.00000E+00  0.00000E+00  0.00000E+00
        0.2366  0.10000E+02 -0.43824E-04  0.23660E+01 -0.11889E-05  0.00000E+00  0.00000E+00  0.65336E+00  0.00000E+00  0.60832E-05  0.00000E+00  0.00000E+00  0.00000E+00      23  0.00000E+00  0.00000E+00  0.00000E+00
        0.2530  0.10000E+02 -0.95890E-04  0.25297E+01 -0.27591E-05  0.00000E+00  0.00000E+00  0.66678E+00  0.00000E+00  0.12990E-04  0.00000E+00  0.00000E+00  0.00000E+00      24  0.00000E+00  0.00000E+00  0.00000E+00
        0.2694  0.10000E+02 -0.19490E-03  0.26936E+01 -0.59534E-05  0.00000E+00  0.00000E+00  0.67960E+00  0.00000E+00  0.25810E-04  0.00000E+00  0.00000E+00  0.00000E+00      25  0.00000E+00  0.00000E+00  0.00000E+00
        0.2858  0.10000E+02 -0.37113E-03  0.28576E+01 -0.12040E-04  0.00000E+00  0.00000E+00  0.69142E+00  0.00000E+00  0.48126E-04  0.00000E+00  0.00000E+00  0.00000E+00      26  0.00000E+00  0.00000E+00  0.00000E+00
        0.3022  0.10000E+02 -0.66694E-03  0.30217E+01 -0.22985E-04  0.00000E+00  0.00000E+00  0.70278E+00  0.00000E+00  0.84830E-04  0.00000E+00  0.00000E+00  0.00000E+00      27  0.00000E+00  0.00000E+00  0.00000E+00
        0.3186  0.10000E+02 -0.11386E-02  0.31859E+01 -0.41681E-04  0.00000E+00  0.00000E+00  0.71330E+00  0.00000E+00  0.14227E-03  0.00000E+00  0.00000E+00  0.00000E+00      28  0.00000E+00  0.00000E+00  0.00000E+00
        0.3350  0.10000E+02 -0.18570E-02  0.33502E+01 -0.72188E-04  0.00000E+00  0.00000E+00  0.72344E+00  0.00000E+00  0.22832E-03  0.00000E+00  0.00000E+00  0.00000E+00      29  0.00000E+00  0.00000E+00  0.00000E+00
        0.3515  0.10000E+02 -0.29084E-02  0.35146E+01 -0.11999E-03  0.00000E+00  0.00000E+00  0.73286E+00  0.00000E+00  0.35232E-03  0.00000E+00  0.00000E+00  0.00000E+00      30  0.00000E+00  0.00000E+00  0.00000E+00
        0.3679  0.10000E+02 -0.43932E-02  0.36790E+01 -0.19221E-03  0.00000E+00  0.00000E+00  0.74199E+00  0.00000E+00  0.52504E-03  0.00000E+00  0.00000E+00  0.00000E+00      31  0.00000E+00  0.00000E+00  0.00000E+00
        0.3843  0.10000E+02 -0.64250E-02  0.38434E+01 -0.29787E-03  0.00000E+00  0.00000E+00  0.75048E+00  0.00000E+00  0.75847E-03  0.00000E+00  0.00000E+00  0.00000E+00      32  0.00000E+00  0.00000E+00  0.00000E+00
        0.4008  0.10000E+02 -0.91289E-02  0.40079E+01 -0.44803E-03  0.00000E+00  0.00000E+00  0.75874E+00  0.00000E+00  0.10656E-02  0.00000E+00  0.00000E+00  0.00000E+00      33  0.00000E+00  0.00000E+00  0.00000E+00
        0.4172  0.10000E+02 -0.12639E-01  0.41724E+01 -0.65596E-03  0.00000E+00  0.00000E+00  0.76644E+00  0.00000E+00  0.14603E-02  0.00000E+00  0.00000E+00  0.00000E+00      34  0.00000E+00  0.00000E+00  0.00000E+00
        0.4337  0.10000E+02 -0.17095E-01  0.43369E+01 -0.93724E-03  0.00000E+00  0.00000E+00  0.77395E+00  0.00000E+00  0.19567E-02  0.00000E+00  0.00000E+00  0.00000E+00      35  0.00000E+00  0.00000E+00  0.00000E+00
        0.4502  0.10000E+02 -0.22640E-01  0.45015E+01 -0.13098E-02  0.00000E+00  0.00000E+00  0.78096E+00  0.00000E+00  0.25693E-02  0.00000E+00  0.00000E+00  0.00000E+00      36  0.00000E+00  0.00000E+00  0.00000E+00
        0.4666  0.10000E+02 -0.29420E-01  0.46661E+01 -0.17940E-02  0.00000E+00  0.00000E+00  0.78782E+00  0.00000E+00  0.33126E-02  0.00000E+00  0.00000E+00  0.00000E+00      37  0.00000E+00  0.00000E+00  0.00000E+00
        0.4831  0.10000E+02 -0.37578E-01  0.48307E+01 -0.24125E-02  0.00000E+00  0.00000E+00  0.79423E+00  0.00000E+00  0.42008E-02  0.00000E+00  0.00000E+00  0.00000E+00      38  0.00000E+00  0.00000E+00  0.00000E+00
        0.4915  0.10000E+02 -0.44607E-01  0.49153E+01 -0.27902E-02  0.00000E+00  0.00000E+00  0.79753E+00  0.00000E+00  0.47183E-02  0.00000E+00  0.00000E+00  0.00000E+00      39  0.00000E+00  0.00000E+00  0.00000E+00
        0.5000  0.10000E+02 -0.50000E-01  0.50000E+01 -0.32134E-02  0.00000E+00  0.00000E+00  0.80062E+00  0.00000E+00  0.52796E-02  0.00000E+00  0.00000E+00  0.00000E+00      40  0.00000E+00  0.00000E+00  0.00000E+00
        0.5165 -0.00000E+00 -0.58922E-01  0.50000E+01 -0.41834E-02  0.00000E+00  0.00000E+00  0.51681E+00  0.00000E+00  0.65028E-02  0.00000E+00  0.00000E+00  0.00000E+00      41  0.00000E+00  0.00000E+00  0.00000E+00
        0.5329 -0.00000E+00 -0.72073E-01  0.50000E+01 -0.53698E-02  0.00000E+00  0.00000E+00  0.54072E+00  0.00000E+00  0.79098E-02  0.00000E+00  0.00000E+00  0.00000E+00      42  0.00000E+00  0.00000E+00  0.00000E+00
        0.5494 -0.00000E+00 -0.87117E-01  0.50000E+01 -0.68039E-02  0.00000E+00  0.00000E+00  0.41669E+00  0.00000E+00  0.95118E-02  0.00000E+00  0.00000E+00  0.00000E+00      43  0.00000E+00  0.00000E+00  0.00000E+00
        0.5658 -0.00000E+00 -0.10416E+00  0.50000E+01 -0.85187E-02  0.00000E+00  0.00000E+00  0.43684E+00  0.00000E+00  0.11319E-01  0.00000E+00  0.00000E+00  0.00000E+00      44  0.00000E+00  0.00000E+00  0.00000E+00
        0.5823 -0.00000E+00 -0.12329E+00  0.50000E+01 -0.10548E-01  0.00000E+00  0.00000E+00  0.35300E+00  0.00000E+00  0.13339E-01  0.00000E+00  0.00000E+00  0.00000E+00      45  0.00000E+00  0.00000E+00  0.00000E+00
        0.5988 -0.00000E+00 -0.14460E+00  0.50000E+01 -0.12929E-01  0.00000E+00  0.00000E+00  0.37046E+00  0.00000E+00  0.15580E-01  0.00000E+00  0.00000E+00  0.00000E+00      46  0.00000E+00  0.00000E+00  0.00000E+00
        0.6152 -0.00000E+00 -0.16815E+00  0.50000E+01 -0.15697E-01  0.00000E+00  0.00000E+00  0.30672E+00  0.00000E+00  0.18049E-01  0.00000E+00  0.00000E+00  0.00000E+00      47  0.00000E+00  0.00000E+00  0.00000E+00
        0.6317 -0.00000E+00 -0.19400E+00  0.50000E+01 -0.18891E-01  0.00000E+00  0.00000E+00  0.32204E+00  0.00000E+00  0.20751E-01  0.00000E+00  0.00000E+00  0.00000E+00      48  0.00000E+00  0.00000E+00  0.00000E+00
        0.6482 -0.00000E+00 -0.22220E+00  0.50000E+01 -0.22550E-01  0.00000E+00  0.00000E+00  0.27081E+00  0.00000E+00  0.23689E-01  0.00000E+00  0.00000E+00  0.00000E+00      49  0.00000E+00  0.00000E+00  0.00000E+00
        0.6646 -0.00000E+00 -0.25278E+00  0.50000E+01 -0.26711E-01  0.00000E+00  0.00000E+00  0.28437E+00  0.00000E+00  0.26866E-01  0.00000E+00  0.00000E+00  0.00000E+00      50  0.00000E+00  0.00000E+00  0.00000E+00
        0.6811 -0.00000E+00 -0.28575E+00  0.50000E+01 -0.31416E-01  0.00000E+00  0.00000E+00  0.24184E+00  0.00000E+00  0.30283E-01  0.00000E+00  0.00000E+00  0.00000E+00      51  0.00000E+00  0.00000E+00  0.00000E+00
        0.6976 -0.00000E+00 -0.32113E+00  0.50000E+01 -0.36703E-01  0.00000E+00  0.00000E+00  0.25390E+00  0.00000E+00  0.33942E-01  0.00000E+00  0.00000E+00  0.00000E+00      52  0.00000E+00  0.00000E+00  0.00000E+00
        0.7140 -0.00000E+00 -0.35892E+00  0.50000E+01 -0.42612E-01  0.00000E+00  0.00000E+00  0.21782E+00  0.00000E+00  0.37840E-01  0.00000E+00  0.00000E+00  0.00000E+00      53  0.00000E+00  0.00000E+00  0.00000E+00
        0.7305 -0.00000E+00 -0.39909E+00  0.50000E+01 -0.49182E-01  0.00000E+00  0.00000E+00  0.22859E+00  0.00000E+00  0.41977E-01  0.00000E+00  0.00000E+00  0.00000E+00      54  0.00000E+00  0.00000E+00  0.00000E+00
        0.7469 -0.00000E+00 -0.44163E+00  0.50000E+01 -0.56453E-01  0.00000E+00  0.00000E+00  0.19751E+00  0.00000E+00  0.46347E-01  0.00000E+00  0.00000E+00  0.00000E+00      55  0.00000E+00  0.00000E+00  0.00000E+00
        0.7634 -0.00000E+00 -0.48647E+00  0.50000E+01 -0.64462E-01  0.00000E+00  0.00000E+00  0.20717E+00  0.00000E+00  0.50946E-01  0.00000E+00  0.00000E+00  0.00000E+00      56  0.00000E+00  0.00000E+00  0.00000E+00
        0.7799 -0.00000E+00 -0.53357E+00  0.50000E+01 -0.73247E-01  0.00000E+00  0.00000E+00  0.18009E+00  0.00000E+00  0.55767E-01  0.00000E+00  0.00000E+00  0.00000E+00      57  0.00000E+00  0.00000E+00  0.00000E+00
        0.7963 -0.00000E+00 -0.58284E+00  0.50000E+01 -0.82842E-01  0.00000E+00  0.00000E+00  0.18877E+00  0.00000E+00  0.60800E-01  0.00000E+00  0.00000E+00  0.00000E+00      58  0.00000E+00  0.00000E+00  0.00000E+00
        0.8128 -0.00000E+00 -0.63417E+00  0.50000E+01 -0.93283E-01  0.00000E+00  0.00000E+00  0.16496E+00  0.00000E+00  0.66034E-01  0.00000E+00  0.00000E+00  0.00000E+00      59  0.00000E+00  0.00000E+00  0.00000E+00
        0.8293 -0.00000E+00 -0.68746E+00  0.50000E+01 -0.10460E+00  0.00000E+00  0.00000E+00  0.17277E+00  0.00000E+00  0.71457E-01  0.00000E+00  0.00000E+00  0.00000E+00      60  0.00000E+00  0.00000E+00  0.00000E+00
        0.8457 -0.00000E+00 -0.74256E+00  0.50000E+01 -0.11683E+00  0.00000E+00  0.00000E+00  0.15169E+00  0.00000E+00  0.77054E-01  0.00000E+00  0.00000E+00  0.00000E+00      61  0.00000E+00  0.00000E+00  0.00000E+00
        0.8622 -0.00000E+00 -0.79930E+00  0.50000E+01 -0.12999E+00  0.00000E+00  0.00000E+00  0.15874E+00  0.00000E+00  0.82806E-01  0.00000E+00  0.00000E+00  0.00000E+00      62  0.00000E+00  0.00000E+00  0.00000E+00
        0.8787 -0.00000E+00 -0.85751E+00  0.50000E+01 -0.14410E+00  0.00000E+00  0.00000E+00  0.13997E+00  0.00000E+00  0.88696E-01  0.00000E+00  0.00000E+00  0.00000E+00      63  0.00000E+00  0.00000E+00  0.00000E+00
        0.8951 -0.00000E+00 -0.91700E+00  0.50000E+01 -0.15920E+00  0.00000E+00  0.00000E+00  0.14633E+00  0.00000E+00  0.94704E-01  0.00000E+00  0.00000E+00  0.00000E+00      64  0.00000E+00  0.00000E+00  0.00000E+00
        0.9116 -0.00000E+00 -0.97756E+00  0.50000E+01 -0.17530E+00  0.00000E+00  0.00000E+00  0.12953E+00  0.00000E+00  0.10081E+00  0.00000E+00  0.00000E+00  0.00000E+00      65  0.00000E+00  0.00000E+00  0.00000E+00
        0.9280 -0.00000E+00 -0.10390E+01  0.50000E+01 -0.19240E+00  0.00000E+00  0.00000E+00  0.13528E+00  0.00000E+00  0.10699E+00  0.00000E+00  0.00000E+00  0.00000E+00      66  0.00000E+00  0.00000E+00  0.00000E+00
        0.9445 -0.00000E+00 -0.11010E+01  0.50000E+01 -0.21053E+00  0.00000E+00  0.00000E+00  0.12018E+00  0.00000E+00  0.11322E+00  0.00000E+00  0.00000E+00  0.00000E+00      67  0.00000E+00  0.00000E+00  0.00000E+00
        0.9610 -0.00000E+00 -0.11635E+01  0.50000E+01 -0.22968E+00  0.00000E+00  0.00000E+00  0.12539E+00  0.00000E+00  0.11948E+00  0.00000E+00  0.00000E+00  0.00000E+00      68  0.00000E+00  0.00000E+00  0.00000E+00
        0.9774 -0.00000E+00 -0.12261E+01  0.50000E+01 -0.24987E+00  0.00000E+00  0.00000E+00  0.11177E+00  0.00000E+00  0.12575E+00  0.00000E+00  0.00000E+00  0.00000E+00      69  0.00000E+00  0.00000E+00  0.00000E+00
        0.9887 -0.00000E+00 -0.12789E+01  0.50000E+01 -0.26430E+00  0.00000E+00  0.00000E+00  0.11760E+00  0.00000E+00  0.13004E+00  0.00000E+00  0.00000E+00  0.00000E+00      70  0.00000E+00  0.00000E+00  0.00000E+00
        1.0000 -0.00000E+00 -0.13217E+01  0.50000E+01 -0.27921E+00  0.00000E+00  0.00000E+00  0.10689E+00  0.00000E+00  0.13431E+00  0.00000E+00  0.00000E+00  0.00000E+00      71  0.00000E+00  0.00000E+00  0.00000E+00
        1.0165 -0.00000E+00 -0.13741E+01  0.50000E+01 -0.30183E+00  0.00000E+00  0.00000E+00  0.11050E+00  0.00000E+00  0.14051E+00  0.00000E+00  0.00000E+00  0.00000E+00      72  0.00000E+00  0.00000E+00  0.00000E+00
        1.0329 -0.00000E+00 -0.14358E+01  0.50000E+01 -0.32547E+00  0.00000E+00  0.00000E+00  0.99735E-01  0.00000E+00  0.14664E+00  0.00000E+00  0.00000E+00  0.00000E+00      73  0.00000E+00  0.00000E+00  0.00000E+00
        1.0494 -0.00000E+00 -0.14967E+01  0.50000E+01 -0.35011E+00  0.00000E+00  0.00000E+00  0.10301E+00  0.00000E+00  0.15269E+00  0.00000E+00  0.00000E+00  0.00000E+00      74  0.00000E+00  0.00000E+00  0.00000E+00
        1.0659 -0.00000E+00 -0.15567E+01  0.50000E+01 -0.37574E+00  0.00000E+00  0.00000E+00  0.93223E-01  0.00000E+00  0.15865E+00  0.00000E+00  0.00000E+00  0.00000E+00      75  0.00000E+00  0.00000E+00  0.00000E+00
        1.0823 -0.00000E+00 -0.16156E+01  0.50000E+01 -0.40234E+00  0.00000E+00  0.00000E+00  0.96200E-01  0.00000E+00  0.16448E+00  0.00000E+00  0.00000E+00  0.00000E+00      76  0.00000E+00  0.00000E+00  0.00000E+00
        1.0988 -0.00000E+00 -0.16733E+01  0.50000E+01 -0.42989E+00  0.00000E+00  0.00000E+00  0.87279E-01  0.00000E+00  0.17018E+00  0.00000E+00  0.00000E+00  0.00000E+00      77  0.00000E+00  0.00000E+00  0.00000E+00
        1.1152 -0.00000E+00 -0.17296E+01  0.50000E+01 -0.45836E+00  0.00000E+00  0.00000E+00  0.89983E-01  0.00000E+00  0.17573E+00  0.00000E+00  0.00000E+00  0.00000E+00      78  0.00000E+00  0.00000E+00  0.00000E+00
        1.1317 -0.00000E+00 -0.17843E+01  0.50000E+01 -0.48774E+00  0.00000E+00  0.00000E+00  0.81835E-01  0.00000E+00  0.18113E+00  0.00000E+00  0.00000E+00  0.00000E+00      79  0.00000E+00  0.00000E+00  0.00000E+00
        1.1482 -0.00000E+00 -0.18375E+01  0.50000E+01 -0.51799E+00  0.00000E+00  0.00000E+00  0.84290E-01  0.00000E+00  0.18636E+00  0.00000E+00  0.00000E+00  0.00000E+00      80  0.00000E+00  0.00000E+00  0.00000E+00
        1.1646 -0.00000E+00 -0.18888E+01  0.50000E+01 -0.54909E+00  0.00000E+00  0.00000E+00  0.76837E-01  0.00000E+00  0.19140E+00  0.00000E+00  0.00000E+00  0.00000E+00      81  0.00000E+00  0.00000E+00  0.00000E+00
        1.1811 -0.00000E+00 -0.19383E+01  0.50000E+01 -0.58100E+00  0.00000E+00  0.00000E+00  0.79065E-01  0.00000E+00  0.19626E+00  0.00000E+00  0.00000E+00  0.00000E+00      82  0.00000E+00  0.00000E+00  0.00000E+00
        1.1976 -0.00000E+00 -0.19859E+01  0.50000E+01 -0.61369E+00  0.00000E+00  0.00000E+00  0.72235E-01  0.00000E+00  0.20092E+00  0.00000E+00  0.00000E+00  0.00000E+00      83  0.00000E+00  0.00000E+00  0.00000E+00
        1.2140 -0.00000E+00 -0.20315E+01  0.50000E+01 -0.64714E+00  0.00000E+00  0.00000E+00  0.74257E-01  0.00000E+00  0.20538E+00  0.00000E+00  0.00000E+00  0.00000E+00      84  0.00000E+00  0.00000E+00  0.00000E+00
        1.2305 -0.00000E+00 -0.20751E+01  0.50000E+01 -0.68130E+00  0.00000E+00  0.00000E+00  0.67990E-01  0.00000E+00  0.20964E+00  0.00000E+00  0.00000E+00  0.00000E+00      85  0.00000E+00  0.00000E+00  0.00000E+00
        1.2470 -0.00000E+00 -0.21166E+01  0.50000E+01 -0.71615E+00  0.00000E+00  0.00000E+00  0.69823E-01  0.00000E+00  0.21368E+00  0.00000E+00  0.00000E+00  0.00000E+00      86  0.00000E+00  0.00000E+00  0.00000E+00
        1.2634 -0.00000E+00 -0.21560E+01  0.50000E+01 -0.75165E+00  0.00000E+00  0.00000E+00  0.64064E-01  0.00000E+00  0.21752E+00  0.00000E+00  0.00000E+00  0.00000E+00      87  0.00000E+00  0.00000E+00  0.00000E+00
        1.2799 -0.00000E+00 -0.21933E+01  0.50000E+01 -0.78776E+00  0.00000E+00  0.00000E+00  0.65726E-01  0.00000E+00  0.22113E+00  0.00000E+00  0.00000E+00  0.00000E+00      88  0.00000E+00  0.00000E+00  0.00000E+00
        1.2963 -0.00000E+00 -0.22284E+01  0.50000E+01 -0.82444E+00  0.00000E+00  0.00000E+00  0.60426E-01  0.00000E+00  0.22454E+00  0.00000E+00  0.00000E+00  0.00000E+00      89  0.00000E+00  0.00000E+00  0.00000E+00
        1.3128 -0.00000E+00 -0.22613E+01  0.50000E+01 -0.86167E+00  0.00000E+00  0.00000E+00  0.61932E-01  0.00000E+00  0.22773E+00  0.00000E+00  0.00000E+00  0.00000E+00      90  0.00000E+00  0.00000E+00  0.00000E+00
        1.3293 -0.00000E+00 -0.22921E+01  0.50000E+01 -0.89941E+00  0.00000E+00  0.00000E+00  0.57050E-01  0.00000E+00  0.23070E+00  0.00000E+00  0.00000E+00  0.00000E+00      91  0.00000E+00  0.00000E+00  0.00000E+00
        1.3457 -0.00000E+00 -0.23208E+01  0.50000E+01 -0.93762E+00  0.00000E+00  0.00000E+00  0.58413E-01  0.00000E+00  0.23346E+00  0.00000E+00  0.00000E+00  0.00000E+00      92  0.00000E+00  0.00000E+00  0.00000E+00
        1.3622 -0.00000E+00 -0.23474E+01  0.50000E+01 -0.97627E+00  0.00000E+00  0.00000E+00  0.53911E-01  0.00000E+00  0.23601E+00  0.00000E+00  0.00000E+00  0.00000E+00      93  0.00000E+00  0.00000E+00  0.00000E+00
        1.3787 -0.00000E+00 -0.23718E+01  0.50000E+01 -0.10153E+01  0.00000E+00  0.00000E+00  0.55144E-01  0.00000E+00  0.23835E+00  0.00000E+00  0.00000E+00  0.00000E+00      94  0.00000E+00  0.00000E+00  0.00000E+00
        1.3951 -0.00000E+00 -0.23942E+01  0.50000E+01 -0.10547E+01  0.00000E+00  0.00000E+00  0.50988E-01  0.00000E+00  0.24049E+00  0.00000E+00  0.00000E+00  0.00000E+00      95  0.00000E+00  0.00000E+00  0.00000E+00
        1.4116 -0.00000E+00 -0.24146E+01  0.50000E+01 -0.10945E+01  0.00000E+00  0.00000E+00  0.52102E-01  0.00000E+00  0.24243E+00  0.00000E+00  0.00000E+00  0.00000E+00      96  0.00000E+00  0.00000E+00  0.00000E+00
        1.4281 -0.00000E+00 -0.24330E+01  0.50000E+01 -0.11345E+01  0.00000E+00  0.00000E+00  0.48261E-01  0.00000E+00  0.24417E+00  0.00000E+00  0.00000E+00  0.00000E+00      97  0.00000E+00  0.00000E+00  0.00000E+00
        1.4445 -0.00000E+00 -0.24494E+01  0.50000E+01 -0.11749E+01  0.00000E+00  0.00000E+00  0.49268E-01  0.00000E+00  0.24571E+00  0.00000E+00  0.00000E+00  0.00000E+00      98  0.00000E+00  0.00000E+00  0.00000E+00
        1.4610 -0.00000E+00 -0.24639E+01  0.50000E+01 -0.12154E+01  0.00000E+00  0.00000E+00  0.45715E-01  0.00000E+00  0.24707E+00  0.00000E+00  0.00000E+00  0.00000E+00      99  0.00000E+00  0.00000E+00  0.00000E+00
        1.4774 -0.00000E+00 -0.24765E+01  0.50000E+01 -0.12562E+01  0.00000E+00  0.00000E+00  0.46623E-01  0.00000E+00  0.24824E+00  0.00000E+00  0.00000E+00  0.00000E+00     100  0.00000E+00  0.00000E+00  0.00000E+00
        1.4887 -0.00000E+00 -0.24859E+01  0.50000E+01 -0.12842E+01  0.00000E+00  0.00000E+00  0.43744E-01  0.00000E+00  0.24894E+00  0.00000E+00  0.00000E+00  0.00000E+00     101  0.00000E+00  0.00000E+00  0.00000E+00
        1.5000 -0.00000E+00 -0.24924E+01  0.50000E+01 -0.13123E+01  0.00000E+00  0.00000E+00  0.44827E-01  0.00000E+00  0.24955E+00  0.00000E+00  0.00000E+00  0.00000E+00     102  0.00000E+00  0.00000E+00  0.00000E+00
        1.5165 -0.00000E+00 -0.24993E+01  0.50000E+01 -0.13535E+01  0.00000E+00  0.00000E+00  0.41874E-01  0.00000E+00  0.25031E+00  0.00000E+00  0.00000E+00  0.00000E+00     103  0.00000E+00  0.00000E+00  0.00000E+00
        1.5329 -0.00000E+00 -0.25060E+01  0.50000E+01 -0.13948E+01  0.00000E+00  0.00000E+00  0.42474E-01  0.00000E+00  0.25090E+00  0.00000E+00  0.00000E+00  0.00000E+00     104  0.00000E+00  0.00000E+00  0.00000E+00
        1.5494 -0.00000E+00 -0.25111E+01  0.50000E+01 -0.14361E+01  0.00000E+00  0.00000E+00  0.39736E-01  0.00000E+00  0.25132E+00  0.00000E+00  0.00000E+00  0.00000E+00     105  0.00000E+00  0.00000E+00  0.00000E+00
        1.5659 -0.00000E+00 -0.25146E+01  0.50000E+01 -0.14775E+01  0.00000E+00  0.00000E+00  0.40272E-01  0.00000E+00  0.25159E+00  0.00000E+00  0.00000E+00  0.00000E+00     106  0.00000E+00  0.00000E+00  0.00000E+00
        1.5823 -0.00000E+00 -0.25165E+01  0.50000E+01 -0.15189E+01  0.00000E+00  0.00000E+00  0.37730E-01  0.00000E+00  0.25171E+00  0.00000E+00  0.00000E+00  0.00000E+00     107  0.00000E+00  0.00000E+00  0.00000E+00
        1.5988 -0.00000E+00 -0.25170E+01  0.50000E+01 -0.15604E+01  0.00000E+00  0.00000E+00  0.38208E-01  0.00000E+00  0.25169E+00  0.00000E+00  0.00000E+00  0.00000E+00     108  0.00000E+00  0.00000E+00  0.00000E+00
        1.6152 -0.00000E+00 -0.25161E+01  0.50000E+01 -0.16018E+01  0.00000E+00  0.00000E+00  0.35846E-01  0.00000E+00  0.25152E+00  0.00000E+00  0.00000E+00  0.00000E+00     109  0.00000E+00  0.00000E+00  0.00000E+00
        1.6317 -0.00000E+00 -0.25137E+01  0.50000E+01 -0.16432E+01  0.00000E+00  0.00000E+00  0.36272E-01  0.00000E+00  0.25122E+00  0.00000E+00  0.00000E+00  0.00000E+00     110  0.00000E+00  0.00000E+00  0.00000E+00
        1.6482 -0.00000E+00 -0.25101E+01  0.50000E+01 -0.16845E+01  0.00000E+00  0.00000E+00  0.34077E-01  0.00000E+00  0.25080E+00  0.00000E+00  0.00000E+00  0.00000E+00     111  0.00000E+00  0.00000E+00  0.00000E+00
        1.6646 -0.00000E+00 -0.25052E+01  0.50000E+01 -0.17257E+01  0.00000E+00  0.00000E+00  0.34454E-01  0.00000E+00  0.25025E+00  0.00000E+00  0.00000E+00  0.00000E+00     112  0.00000E+00  0.00000E+00  0.00000E+00
        1.6811 -0.00000E+00 -0.24991E+01  0.50000E+01 -0.17669E+01  0.00000E+00  0.00000E+00  0.32412E-01  0.00000E+00  0.24958E+00  0.00000E+00  0.00000E+00  0.00000E+00     113  0.00000E+00  0.00000E+00  0.00000E+00
        1.6976 -0.00000E+00 -0.24919E+01  0.50000E+01 -0.18079E+01  0.00000E+00  0.00000E+00  0.32745E-01  0.00000E+00  0.24880E+00  0.00000E+00  0.00000E+00  0.00000E+00     114  0.00000E+00  0.00000E+00  0.00000E+00
        1.7140 -0.00000E+00 -0.24835E+01  0.50000E+01 -0.18488E+01  0.00000E+00  0.00000E+00  0.30844E-01  0.00000E+00  0.24791E+00  0.00000E+00  0.00000E+00  0.00000E+00     115  0.00000E+00  0.00000E+00  0.00000E+00
        1.7305 -0.00000E+00 -0.24742E+01  0.50000E+01 -0.18895E+01  0.00000E+00  0.00000E+00  0.31137E-01  0.00000E+00  0.24692E+00  0.00000E+00  0.00000E+00  0.00000E+00     116  0.00000E+00  0.00000E+00  0.00000E+00
        1.7470 -0.00000E+00 -0.24638E+01  0.50000E+01 -0.19301E+01  0.00000E+00  0.00000E+00  0.29367E-01  0.00000E+00  0.24583E+00  0.00000E+00  0.00000E+00  0.00000E+00     117  0.00000E+00  0.00000E+00  0.00000E+00
        1.7634 -0.00000E+00 -0.24524E+01  0.50000E+01 -0.19705E+01  0.00000E+00  0.00000E+00  0.29624E-01  0.00000E+00  0.24465E+00  0.00000E+00  0.00000E+00  0.00000E+00     118  0.00000E+00  0.00000E+00  0.00000E+00
        1.7799 -0.00000E+00 -0.24402E+01  0.50000E+01 -0.20106E+01  0.00000E+00  0.00000E+00  0.27974E-01  0.00000E+00  0.24338E+00  0.00000E+00  0.00000E+00  0.00000E+00     119  0.00000E+00  0.00000E+00  0.00000E+00
        1.7963 -0.00000E+00 -0.24271E+01  0.50000E+01 -0.20506E+01  0.00000E+00  0.00000E+00  0.28198E-01  0.00000E+00  0.24203E+00  0.00000E+00  0.00000E+00  0.00000E+00     120  0.00000E+00  0.00000E+00  0.00000E+00
        1.8128 -0.00000E+00 -0.24132E+01  0.50000E+01 -0.20903E+01  0.00000E+00  0.00000E+00  0.26659E-01  0.00000E+00  0.24060E+00  0.00000E+00  0.00000E+00  0.00000E+00     121  0.00000E+00  0.00000E+00  0.00000E+00
        1.8293 -0.00000E+00 -0.23986E+01  0.50000E+01 -0.21298E+01  0.00000E+00  0.00000E+00  0.26853E-01  0.00000E+00  0.23910E+00  0.00000E+00  0.00000E+00  0.00000E+00     122  0.00000E+00  0.00000E+00  0.00000E+00
        1.8457 -0.00000E+00 -0.23832E+01  0.50000E+01 -0.21691E+01  0.00000E+00  0.00000E+00  0.25417E-01  0.00000E+00  0.23753E+00  0.00000E+00  0.00000E+00  0.00000E+00     123  0.00000E+00  0.00000E+00  0.00000E+00
        1.8622 -0.00000E+00 -0.23671E+01  0.50000E+01 -0.22080E+01  0.00000E+00  0.00000E+00  0.25584E-01  0.00000E+00  0.23589E+00  0.00000E+00  0.00000E+00  0.00000E+00     124  0.00000E+00  0.00000E+00  0.00000E+00
        1.8787 -0.00000E+00 -0.23504E+01  0.50000E+01 -0.22467E+01  0.00000E+00  0.00000E+00  0.24243E-01  0.00000E+00  0.23419E+00  0.00000E+00  0.00000E+00  0.00000E+00     125  0.00000E+00  0.00000E+00  0.00000E+00
        1.8951 -0.00000E+00 -0.23331E+01  0.50000E+01 -0.22851E+01  0.00000E+00  0.00000E+00  0.24385E-01  0.00000E+00  0.23243E+00  0.00000E+00  0.00000E+00  0.00000E+00     126  0.00000E+00  0.00000E+00  0.00000E+00
        1.9116 -0.00000E+00 -0.23153E+01  0.50000E+01 -0.23233E+01  0.00000E+00  0.00000E+00  0.23133E-01  0.00000E+00  0.23062E+00  0.00000E+00  0.00000E+00  0.00000E+00     127  0.00000E+00  0.00000E+00  0.00000E+00
        1.9281 -0.00000E+00 -0.22969E+01  0.50000E+01 -0.23611E+01  0.00000E+00  0.00000E+00  0.23253E-01  0.00000E+00  0.22876E+00  0.00000E+00  0.00000E+00  0.00000E+00     128  0.00000E+00  0.00000E+00  0.00000E+00
        1.9445 -0.00000E+00 -0.22781E+01  0.50000E+01 -0.23986E+01  0.00000E+00  0.00000E+00  0.22083E-01  0.00000E+00  0.22685E+00  0.00000E+00  0.00000E+00  0.00000E+00     129  0.00000E+00  0.00000E+00  0.00000E+00
        1.9610 -0.00000E+00 -0.22588E+01  0.50000E+01 -0.24358E+01  0.00000E+00  0.00000E+00  0.22182E-01  0.00000E+00  0.22490E+00  0.00000E+00  0.00000E+00  0.00000E+00     130  0.00000E+00  0.00000E+00  0.00000E+00
        1.9774 -0.00000E+00 -0.22391E+01  0.50000E+01 -0.24726E+01  0.00000E+00  0.00000E+00  0.21088E-01  0.00000E+00  0.22291E+00  0.00000E+00  0.00000E+00  0.00000E+00     131  0.00000E+00  0.00000E+00  0.00000E+00
        1.9887 -0.00000E+00 -0.22222E+01  0.50000E+01 -0.24977E+01  0.00000E+00  0.00000E+00  0.21313E-01  0.00000E+00  0.22153E+00  0.00000E+00  0.00000E+00  0.00000E+00     132  0.00000E+00  0.00000E+00  0.00000E+00
        2.0000 -0.00000E+00 -0.22083E+01  0.50000E+01 -0.25226E+01  0.00000E+00  0.00000E+00  0.20459E-01  0.00000E+00  0.22013E+00  0.00000E+00  0.00000E+00  0.00000E+00     133  0.00000E+00  0.00000E+00  0.00000E+00
        2.0165 -0.00000E+00 -0.21909E+01  0.50000E+01 -0.25587E+01  0.00000E+00  0.00000E+00  0.20485E-01  0.00000E+00  0.21805E+00  0.00000E+00  0.00000E+00  0.00000E+00     134  0.00000E+00  0.00000E+00  0.00000E+00
        2.0329 -0.00000E+00 -0.21700E+01  0.50000E+01 -0.25944E+01  0.00000E+00  0.00000E+00  0.19549E-01  0.00000E+00  0.21595E+00  0.00000E+00  0.00000E+00  0.00000E+00     135  0.00000E+00  0.00000E+00  0.00000E+00
        2.0494 -0.00000E+00 -0.21489E+01  0.50000E+01 -0.26298E+01  0.00000E+00  0.00000E+00  0.19562E-01  0.00000E+00  0.21382E+00  0.00000E+00  0.00000E+00  0.00000E+00     136  0.00000E+00  0.00000E+00  0.00000E+00
        2.0659 -0.00000E+00 -0.21274E+01  0.50000E+01 -0.26648E+01  0.00000E+00  0.00000E+00  0.18685E-01  0.00000E+00  0.21167E+00  0.00000E+00  0.00000E+00  0.00000E+00     137  0.00000E+00  0.00000E+00  0.00000E+00
        2.0823 -0.00000E+00 -0.21058E+01  0.50000E+01 -0.26995E+01  0.00000E+00  0.00000E+00  0.18688E-01  0.00000E+00  0.20949E+00  0.00000E+00  0.00000E+00  0.00000E+00     138  0.00000E+00  0.00000E+00  0.00000E+00
        2.0988 -0.00000E+00 -0.20839E+01  0.50000E+01 -0.27338E+01  0.00000E+00  0.00000E+00  0.17865E-01  0.00000E+00  0.20730E+00  0.00000E+00  0.00000E+00  0.00000E+00     139  0.00000E+00  0.00000E+00  0.00000E+00
        2.1152 -0.00000E+00 -0.20619E+01  0.50000E+01 -0.27677E+01  0.00000E+00  0.00000E+00  0.17859E-01  0.00000E+00  0.20508E+00  0.00000E+00  0.00000E+00  0.00000E+00     140  0.00000E+00  0.00000E+00  0.00000E+00
        2.1317 -0.00000E+00 -0.20397E+01  0.50000E+01 -0.28013E+01  0.00000E+00  0.00000E+00  0.17087E-01  0.00000E+00  0.20286E+00  0.00000E+00  0.00000E+00  0.00000E+00     141  0.00000E+00  0.00000E+00  0.00000E+00
        2.1482 -0.00000E+00 -0.20174E+01  0.50000E+01 -0.28345E+01  0.00000E+00  0.00000E+00  0.17072E-01  0.00000E+00  0.20062E+00  0.00000E+00  0.00000E+00  0.00000E+00     142  0.00000E+00  0.00000E+00  0.00000E+00
        2.1646 -0.00000E+00 -0.19949E+01  0.50000E+01 -0.28674E+01  0.00000E+00  0.00000E+00  0.16348E-01  0.00000E+00  0.19837E+00  0.00000E+00  0.00000E+00  0.00000E+00     143  0.00000E+00  0.00000E+00  0.00000E+00
        2.1811 -0.00000E+00 -0.19724E+01  0.50000E+01 -0.28998E+01  0.00000E+00  0.00000E+00  0.16325E-01  0.00000E+00  0.19611E+00  0.00000E+00  0.00000E+00  0.00000E+00     144  0.00000E+00  0.00000E+00  0.00000E+00
        2.1976 -0.00000E+00 -0.19498E+01  0.50000E+01 -0.29319E+01  0.00000E+00  0.00000E+00  0.15645E-01  0.00000E+00  0.19385E+00  0.00000E+00  0.00000E+00  0.00000E+00     145  0.00000E+00  0.00000E+00  0.00000E+00
        2.2140 -0.00000E+00 -0.19271E+01  0.50000E+01 -0.29637E+01  0.00000E+00  0.00000E+00  0.15616E-01  0.00000E+00  0.19158E+00  0.00000E+00  0.00000E+00  0.00000E+00     146  0.00000E+00  0.00000E+00  0.00000E+00
        2.2305 -0.00000E+00 -0.19044E+01  0.50000E+01 -0.29950E+01  0.00000E+00  0.00000E+00  0.14977E-01  0.00000E+00  0.18930E+00  0.00000E+00  0.00000E+00  0.00000E+00     147  0.00000E+00  0.00000E+00  0.00000E+00
        2.2470 -0.00000E+00 -0.18816E+01  0.50000E+01 -0.30260E+01  0.00000E+00  0.00000E+00  0.14942E-01  0.00000E+00  0.18703E+00  0.00000E+00  0.00000E+00  0.00000E+00     148  0.00000E+00  0.00000E+00  0.00000E+00
        2.2634 -0.00000E+00 -0.18589E+01  0.50000E+01 -0.30566E+01  0.00000E+00  0.00000E+00  0.14342E-01  0.00000E+00  0.18475E+00  0.00000E+00  0.00000E+00  0.00000E+00     149  0.00000E+00  0.00000E+00  0.00000E+00
        2.2799 -0.00000E+00 -0.18362E+01  0.50000E+01 -0.30868E+01  0.00000E+00  0.00000E+00  0.14301E-01  0.00000E+00  0.18248E+00  0.00000E+00  0.00000E+00  0.00000E+00     150  0.00000E+00  0.00000E+00  0.00000E+00
        2.2963 -0.00000E+00 -0.18134E+01  0.50000E+01 -0.31167E+01  0.00000E+00  0.00000E+00  0.13737E-01  0.00000E+00  0.18021E+00  0.00000E+00  0.00000E+00  0.00000E+00     151  0.00000E+00  0.00000E+00  0.00000E+00
        2.3128 -0.00000E+00 -0.17908E+01  0.50000E+01 -0.31462E+01  0.00000E+00  0.00000E+00  0.13692E-01  0.00000E+00  0.17794E+00  0.00000E+00  0.00000E+00  0.00000E+00     152  0.00000E+00  0.00000E+00  0.00000E+00
        2.3293 -0.00000E+00 -0.17681E+01  0.50000E+01 -0.31753E+01  0.00000E+00  0.00000E+00  0.13161E-01  0.00000E+00  0.17568E+00  0.00000E+00  0.00000E+00  0.00000E+00     153  0.00000E+00  0.00000E+00  0.00000E+00
        2.3457 -0.00000E+00 -0.17455E+01  0.50000E+01 -0.32040E+01  0.00000E+00  0.00000E+00  0.13112E-01  0.00000E+00  0.17343E+00  0.00000E+00  0.00000E+00  0.00000E+00     154  0.00000E+00  0.00000E+00  0.00000E+00
        2.3622 -0.00000E+00 -0.17230E+01  0.50000E+01 -0.32324E+01  0.00000E+00  0.00000E+00  0.12613E-01  0.00000E+00  0.17118E+00  0.00000E+00  0.00000E+00  0.00000E+00     155  0.00000E+00  0.00000E+00  0.00000E+00
        2.3787 -0.00000E+00 -0.17006E+01  0.50000E+01 -0.32604E+01  0.00000E+00  0.00000E+00  0.12560E-01  0.00000E+00  0.16894E+00  0.00000E+00  0.00000E+00  0.00000E+00     156  0.00000E+00  0.00000E+00  0.00000E+00
        2.3951 -0.00000E+00 -0.16783E+01  0.50000E+01 -0.32880E+01  0.00000E+00  0.00000E+00  0.12090E-01  0.00000E+00  0.16671E+00  0.00000E+00  0.00000E+00  0.00000E+00     157  0.00000E+00  0.00000E+00  0.00000E+00
        2.4116 -0.00000E+00 -0.16560E+01  0.50000E+01 -0.33153E+01  0.00000E+00  0.00000E+00  0.12034E-01  0.00000E+00  0.16449E+00  0.00000E+00  0.00000E+00  0.00000E+00     158  0.00000E+00  0.00000E+00  0.00000E+00
        2.4281 -0.00000E+00 -0.16339E+01  0.50000E+01 -0.33422E+01  0.00000E+00  0.00000E+00  0.11592E-01  0.00000E+00  0.16229E+00  0.00000E+00  0.00000E+00  0.00000E+00     159  0.00000E+00  0.00000E+00  0.00000E+00
        2.4445 -0.00000E+00 -0.16119E+01  0.50000E+01 -0.33687E+01  0.00000E+00  0.00000E+00  0.11534E-01  0.00000E+00  0.16009E+00  0.00000E+00  0.00000E+00  0.00000E+00     160  0.00000E+00  0.00000E+00  0.00000E+00
        2.4610 -0.00000E+00 -0.15900E+01  0.50000E+01 -0.33949E+01  0.00000E+00  0.00000E+00  0.11116E-01  0.00000E+00  0.15791E+00  0.00000E+00  0.00000E+00  0.00000E+00     161  0.00000E+00  0.00000E+00  0.00000E+00
        2.4774 -0.00000E+00 -0.15683E+01  0.50000E+01 -0.34207E+01  0.00000E+00  0.00000E+00  0.11056E-01  0.00000E+00  0.15574E+00  0.00000E+00  0.00000E+00  0.00000E+00     162  0.00000E+00  0.00000E+00  0.00000E+00
        2.4887 -0.00000E+00 -0.15500E+01  0.50000E+01 -0.34382E+01  0.00000E+00  0.00000E+00  0.10736E-01  0.00000E+00  0.15427E+00  0.00000E+00  0.00000E+00  0.00000E+00     163  0.00000E+00  0.00000E+00  0.00000E+00
        2.5000 -0.00000E+00 -0.15353E+01  0.50000E+01 -0.34555E+01  0.00000E+00  0.00000E+00  0.10736E-01  0.00000E+00  0.15280E+00  0.00000E+00  0.00000E+00  0.00000E+00     164  0.00000E+00  0.00000E+00  0.00000E+00
        2.5165 -0.00000E+00 -0.15173E+01  0.50000E+01 -0.34805E+01  0.00000E+00  0.00000E+00  0.10370E-01  0.00000E+00  0.15067E+00  0.00000E+00  0.00000E+00  0.00000E+00     165  0.00000E+00  0.00000E+00  0.00000E+00
        2.5329 -0.00000E+00 -0.14961E+01  0.50000E+01 -0.35051E+01  0.00000E+00  0.00000E+00  0.10296E-01  0.00000E+00  0.14855E+00  0.00000E+00  0.00000E+00  0.00000E+00     166  0.00000E+00  0.00000E+00  0.00000E+00
        2.5494 -0.00000E+00 -0.14750E+01  0.50000E+01 -0.35294E+01  0.00000E+00  0.00000E+00  0.99507E-02  0.00000E+00  0.14645E+00  0.00000E+00  0.00000E+00  0.00000E+00     167  0.00000E+00  0.00000E+00  0.00000E+00
        2.5659 -0.00000E+00 -0.14541E+01  0.50000E+01 -0.35533E+01  0.00000E+00  0.00000E+00  0.98758E-02  0.00000E+00  0.14436E+00  0.00000E+00  0.00000E+00  0.00000E+00     168  0.00000E+00  0.00000E+00  0.00000E+00
        2.5823 -0.00000E+00 -0.14333E+01  0.50000E+01 -0.35769E+01  0.00000E+00  0.00000E+00  0.95499E-02  0.00000E+00  0.14230E+00  0.00000E+00  0.00000E+00  0.00000E+00     169  0.00000E+00  0.00000E+00  0.00000E+00
        2.5988 -0.00000E+00 -0.14128E+01  0.50000E+01 -0.36002E+01  0.00000E+00  0.00000E+00  0.94750E-02  0.00000E+00  0.14025E+00  0.00000E+00  0.00000E+00  0.00000E+00     170  0.00000E+00  0.00000E+00  0.00000E+00
        2.6152 -0.00000E+00 -0.13924E+01  0.50000E+01 -0.36231E+01  0.00000E+00  0.00000E+00  0.91671E-02  0.00000E+00  0.13822E+00  0.00000E+00  0.00000E+00  0.00000E+00     171  0.00000E+00  0.00000E+00  0.00000E+00
        2.6317 -0.00000E+00 -0.13722E+01  0.50000E+01 -0.36457E+01  0.00000E+00  0.00000E+00  0.90923E-02  0.00000E+00  0.13621E+00  0.00000E+00  0.00000E+00  0.00000E+00     172  0.00000E+00  0.00000E+00  0.00000E+00
        2.6482 -0.00000E+00 -0.13521E+01  0.50000E+01 -0.36680E+01  0.00000E+00  0.00000E+00  0.88012E-02  0.00000E+00  0.13422E+00  0.00000E+00  0.00000E+00  0.00000E+00     173  0.00000E+00  0.00000E+00  0.00000E+00
        2.6646 -0.00000E+00 -0.13323E+01  0.50000E+01 -0.36899E+01  0.00000E+00  0.00000E+00  0.87268E-02  0.00000E+00  0.13224E+00  0.00000E+00  0.00000E+00  0.00000E+00     174  0.00000E+00  0.00000E+00  0.00000E+00
        2.6811 -0.00000E+00 -0.13127E+01  0.50000E+01 -0.37115E+01  0.00000E+00  0.00000E+00  0.84514E-02  0.00000E+00  0.13029E+00  0.00000E+00  0.00000E+00  0.00000E+00     175  0.00000E+00  0.00000E+00  0.00000E+00
        2.6976 -0.00000E+00 -0.12932E+01  0.50000E+01 -0.37328E+01  0.00000E+00  0.00000E+00  0.83776E-02  0.00000E+00  0.12836E+00  0.00000E+00  0.00000E+00  0.00000E+00     176  0.00000E+00  0.00000E+00  0.00000E+00
        2.7140 -0.00000E+00 -0.12740E+01  0.50000E+01 -0.37538E+01  0.00000E+00  0.00000E+00  0.81170E-02  0.00000E+00  0.12644E+00  0.00000E+00  0.00000E+00  0.00000E+00     177  0.00000E+00  0.00000E+00  0.00000E+00
        2.7305 -0.00000E+00 -0.12549E+01  0.50000E+01 -0.37744E+01  0.00000E+00  0.00000E+00  0.80437E-02  0.00000E+00  0.12455E+00  0.00000E+00  0.00000E+00  0.00000E+00     178  0.00000E+00  0.00000E+00  0.00000E+00
        2.7470 -0.00000E+00 -0.12361E+01  0.50000E+01 -0.37948E+01  0.00000E+00  0.00000E+00  0.77971E-02  0.00000E+00  0.12267E+00  0.00000E+00  0.00000E+00  0.00000E+00     179  0.00000E+00  0.00000E+00  0.00000E+00
        2.7634 -0.00000E+00 -0.12175E+01  0.50000E+01 -0.38148E+01  0.00000E+00  0.00000E+00  0.77246E-02  0.00000E+00  0.12082E+00  0.00000E+00  0.00000E+00  0.00000E+00     180  0.00000E+00  0.00000E+00  0.00000E+00
        2.7799 -0.00000E+00 -0.11990E+01  0.50000E+01 -0.38346E+01  0.00000E+00  0.00000E+00  0.74911E-02  0.00000E+00  0.11899E+00  0.00000E+00  0.00000E+00  0.00000E+00     181  0.00000E+00  0.00000E+00  0.00000E+00
        2.7963 -0.00000E+00 -0.11808E+01  0.50000E+01 -0.38540E+01  0.00000E+00  0.00000E+00  0.74194E-02  0.00000E+00  0.11717E+00  0.00000E+00  0.00000E+00  0.00000E+00     182  0.00000E+00  0.00000E+00  0.00000E+00
        2.8128 -0.00000E+00 -0.11628E+01  0.50000E+01 -0.38732E+01  0.00000E+00  0.00000E+00  0.71982E-02  0.00000E+00  0.11538E+00  0.00000E+00  0.00000E+00  0.00000E+00     183  0.00000E+00  0.00000E+00  0.00000E+00
        2.8293 -0.00000E+00 -0.11450E+01  0.50000E+01 -0.38920E+01  0.00000E+00  0.00000E+00  0.71275E-02  0.00000E+00  0.11361E+00  0.00000E+00  0.00000E+00  0.00000E+00     184  0.00000E+00  0.00000E+00  0.00000E+00
        2.8457 -0.00000E+00 -0.11274E+01  0.50000E+01 -0.39106E+01  0.00000E+00  0.00000E+00  0.69178E-02  0.00000E+00  0.11186E+00  0.00000E+00  0.00000E+00  0.00000E+00     185  0.00000E+00  0.00000E+00  0.00000E+00
        2.8622 -0.00000E+00 -0.11100E+01  0.50000E+01 -0.39288E+01  0.00000E+00  0.00000E+00  0.68481E-02  0.00000E+00  0.11013E+00  0.00000E+00  0.00000E+00  0.00000E+00     186  0.00000E+00  0.00000E+00  0.00000E+00
        2.8787 -0.00000E+00 -0.10928E+01  0.50000E+01 -0.39468E+01  0.00000E+00  0.00000E+00  0.66493E-02  0.00000E+00  0.10842E+00  0.00000E+00  0.00000E+00  0.00000E+00     187  0.00000E+00  0.00000E+00  0.00000E+00
        2.8951 -0.00000E+00 -0.10758E+01  0.50000E+01 -0.39645E+01  0.00000E+00  0.00000E+00  0.65807E-02  0.00000E+00  0.10674E+00  0.00000E+00  0.00000E+00  0.00000E+00     188  0.00000E+00  0.00000E+00  0.00000E+00
        2.9116 -0.00000E+00 -0.10590E+01  0.50000E+01 -0.39820E+01  0.00000E+00  0.00000E+00  0.63921E-02  0.00000E+00  0.10507E+00  0.00000E+00  0.00000E+00  0.00000E+00     189  0.00000E+00  0.00000E+00  0.00000E+00
        2.9281 -0.00000E+00 -0.10425E+01  0.50000E+01 -0.39991E+01  0.00000E+00  0.00000E+00  0.63246E-02  0.00000E+00  0.10342E+00  0.00000E+00  0.00000E+00  0.00000E+00     190  0.00000E+00  0.00000E+00  0.00000E+00
        2.9445 -0.00000E+00 -0.10261E+01  0.50000E+01 -0.40160E+01  0.00000E+00  0.00000E+00  0.61457E-02  0.00000E+00  0.10180E+00  0.00000E+00  0.00000E+00  0.00000E+00     191  0.00000E+00  0.00000E+00  0.00000E+00
        2.9610 -0.00000E+00 -0.10100E+01  0.50000E+01 -0.40327E+01  0.00000E+00  0.00000E+00  0.60794E-02  0.00000E+00  0.10019E+00  0.00000E+00  0.00000E+00  0.00000E+00     192  0.00000E+00  0.00000E+00  0.00000E+00
        2.9774 -0.00000E+00 -0.99402E+00  0.50000E+01 -0.40490E+01  0.00000E+00  0.00000E+00  0.59096E-02  0.00000E+00  0.98611E-01  0.00000E+00  0.00000E+00  0.00000E+00     193  0.00000E+00  0.00000E+00  0.00000E+00
        2.9887 -0.00000E+00 -0.98074E+00  0.50000E+01 -0.40601E+01  0.00000E+00  0.00000E+00  0.58798E-02  0.00000E+00  0.97538E-01  0.00000E+00  0.00000E+00  0.00000E+00     194  0.00000E+00  0.00000E+00  0.00000E+00
        3.0000 -0.00000E+00 -0.97006E+00  0.50000E+01 -0.40710E+01  0.00000E+00  0.00000E+00  0.57554E-02  0.00000E+00  0.96475E-01  0.00000E+00  0.00000E+00  0.00000E+00     195  0.00000E+00  0.00000E+00  0.00000E+00
        3.0165 -0.00000E+00 -0.95707E+00  0.50000E+01 -0.40868E+01  0.00000E+00  0.00000E+00  0.56875E-02  0.00000E+00  0.94940E-01  0.00000E+00  0.00000E+00  0.00000E+00     196  0.00000E+00  0.00000E+00  0.00000E+00
        3.0329 -0.00000E+00 -0.94183E+00  0.50000E+01 -0.41023E+01  0.00000E+00  0.00000E+00  0.55354E-02  0.00000E+00  0.93426E-01  0.00000E+00  0.00000E+00  0.00000E+00     197  0.00000E+00  0.00000E+00  0.00000E+00
        3.0494 -0.00000E+00 -0.92678E+00  0.50000E+01 -0.41175E+01  0.00000E+00  0.00000E+00  0.54690E-02  0.00000E+00  0.91931E-01  0.00000E+00  0.00000E+00  0.00000E+00     198  0.00000E+00  0.00000E+00  0.00000E+00
        3.0659 -0.00000E+00 -0.91194E+00  0.50000E+01 -0.41326E+01  0.00000E+00  0.00000E+00  0.53245E-02  0.00000E+00  0.90457E-01  0.00000E+00  0.00000E+00  0.00000E+00     199  0.00000E+00  0.00000E+00  0.00000E+00
        3.0823 -0.00000E+00 -0.89730E+00  0.50000E+01 -0.41473E+01  0.00000E+00  0.00000E+00  0.52596E-02  0.00000E+00  0.89003E-01  0.00000E+00  0.00000E+00  0.00000E+00     200  0.00000E+00  0.00000E+00  0.00000E+00
        3.0988 -0.00000E+00 -0.88286E+00  0.50000E+01 -0.41619E+01  0.00000E+00  0.00000E+00  0.51221E-02  0.00000E+00  0.87569E-01  0.00000E+00  0.00000E+00  0.00000E+00     201  0.00000E+00  0.00000E+00  0.00000E+00
        3.1152 -0.00000E+00 -0.86863E+00  0.50000E+01 -0.41762E+01  0.00000E+00  0.00000E+00  0.50588E-02  0.00000E+00  0.86155E-01  0.00000E+00  0.00000E+00  0.00000E+00     202  0.00000E+00  0.00000E+00  0.00000E+00
        3.1317 -0.00000E+00 -0.85458E+00  0.50000E+01 -0.41902E+01  0.00000E+00  0.00000E+00  0.49280E-02  0.00000E+00  0.84761E-01  0.00000E+00  0.00000E+00  0.00000E+00     203  0.00000E+00  0.00000E+00  0.00000E+00
        3.1482 -0.00000E+00 -0.84073E+00  0.50000E+01 -0.42041E+01  0.00000E+00  0.00000E+00  0.48663E-02  0.00000E+00  0.83386E-01  0.00000E+00  0.00000E+00  0.00000E+00     204  0.00000E+00  0.00000E+00  0.00000E+00
        3.1646 -0.00000E+00 -0.82708E+00  0.50000E+01 -0.42177E+01  0.00000E+00  0.00000E+00  0.47418E-02  0.00000E+00  0.82030E-01  0.00000E+00  0.00000E+00  0.00000E+00     205  0.00000E+00  0.00000E+00  0.00000E+00
        3.1811 -0.00000E+00 -0.81362E+00  0.50000E+01 -0.42311E+01  0.00000E+00  0.00000E+00  0.46816E-02  0.00000E+00  0.80694E-01  0.00000E+00  0.00000E+00  0.00000E+00     206  0.00000E+00  0.00000E+00  0.00000E+00
        3.1976 -0.00000E+00 -0.80035E+00  0.50000E+01 -0.42443E+01  0.00000E+00  0.00000E+00  0.45630E-02  0.00000E+00  0.79377E-01  0.00000E+00  0.00000E+00  0.00000E+00     207  0.00000E+00  0.00000E+00  0.00000E+00
        3.2140 -0.00000E+00 -0.78728E+00  0.50000E+01 -0.42572E+01  0.00000E+00  0.00000E+00  0.45044E-02  0.00000E+00  0.78079E-01  0.00000E+00  0.00000E+00  0.00000E+00     208  0.00000E+00  0.00000E+00  0.00000E+00
        3.2305 -0.00000E+00 -0.77439E+00  0.50000E+01 -0.42700E+01  0.00000E+00  0.00000E+00  0.43915E-02  0.00000E+00  0.76799E-01  0.00000E+00  0.00000E+00  0.00000E+00     209  0.00000E+00  0.00000E+00  0.00000E+00
        3.2470 -0.00000E+00 -0.76169E+00  0.50000E+01 -0.42825E+01  0.00000E+00  0.00000E+00  0.43343E-02  0.00000E+00  0.75539E-01  0.00000E+00  0.00000E+00  0.00000E+00     210  0.00000E+00  0.00000E+00  0.00000E+00
        3.2634 -0.00000E+00 -0.74917E+00  0.50000E+01 -0.42949E+01  0.00000E+00  0.00000E+00  0.42267E-02  0.00000E+00  0.74296E-01  0.00000E+00  0.00000E+00  0.00000E+00     211  0.00000E+00  0.00000E+00  0.00000E+00
        3.2799 -0.00000E+00 -0.73684E+00  0.50000E+01 -0.43070E+01  0.00000E+00  0.00000E+00  0.41711E-02  0.00000E+00  0.73072E-01  0.00000E+00  0.00000E+00  0.00000E+00     212  0.00000E+00  0.00000E+00  0.00000E+00
        3.2963 -0.00000E+00 -0.72468E+00  0.50000E+01 -0.43189E+01  0.00000E+00  0.00000E+00  0.40686E-02  0.00000E+00  0.71866E-01  0.00000E+00  0.00000E+00  0.00000E+00     213  0.00000E+00  0.00000E+00  0.00000E+00
        3.3128 -0.00000E+00 -0.71271E+00  0.50000E+01 -0.43307E+01  0.00000E+00  0.00000E+00  0.40144E-02  0.00000E+00  0.70678E-01  0.00000E+00  0.00000E+00  0.00000E+00     214  0.00000E+00  0.00000E+00  0.00000E+00
        3.3293 -0.00000E+00 -0.70092E+00  0.50000E+01 -0.43422E+01  0.00000E+00  0.00000E+00  0.39167E-02  0.00000E+00  0.69507E-01  0.00000E+00  0.00000E+00  0.00000E+00     215  0.00000E+00  0.00000E+00  0.00000E+00
        3.3457 -0.00000E+00 -0.68930E+00  0.50000E+01 -0.43535E+01  0.00000E+00  0.00000E+00  0.38640E-02  0.00000E+00  0.68354E-01  0.00000E+00  0.00000E+00  0.00000E+00     216  0.00000E+00  0.00000E+00  0.00000E+00
        3.3622 -0.00000E+00 -0.67786E+00  0.50000E+01 -0.43647E+01  0.00000E+00  0.00000E+00  0.37708E-02  0.00000E+00  0.67218E-01  0.00000E+00  0.00000E+00  0.00000E+00     217  0.00000E+00  0.00000E+00  0.00000E+00
        3.3787 -0.00000E+00 -0.66659E+00  0.50000E+01 -0.43757E+01  0.00000E+00  0.00000E+00  0.37196E-02  0.00000E+00  0.66100E-01  0.00000E+00  0.00000E+00  0.00000E+00     218  0.00000E+00  0.00000E+00  0.00000E+00
        3.3951 -0.00000E+00 -0.65549E+00  0.50000E+01 -0.43865E+01  0.00000E+00  0.00000E+00  0.36306E-02  0.00000E+00  0.64998E-01  0.00000E+00  0.00000E+00  0.00000E+00     219  0.00000E+00  0.00000E+00  0.00000E+00
        3.4116 -0.00000E+00 -0.64456E+00  0.50000E+01 -0.43971E+01  0.00000E+00  0.00000E+00  0.35808E-02  0.00000E+00  0.63913E-01  0.00000E+00  0.00000E+00  0.00000E+00     220  0.00000E+00  0.00000E+00  0.00000E+00
        3.4281 -0.00000E+00 -0.63379E+00  0.50000E+01 -0.44075E+01  0.00000E+00  0.00000E+00  0.34959E-02  0.00000E+00  0.62845E-01  0.00000E+00  0.00000E+00  0.00000E+00     221  0.00000E+00  0.00000E+00  0.00000E+00
        3.4445 -0.00000E+00 -0.62319E+00  0.50000E+01 -0.44178E+01  0.00000E+00  0.00000E+00  0.34475E-02  0.00000E+00  0.61793E-01  0.00000E+00  0.00000E+00  0.00000E+00     222  0.00000E+00  0.00000E+00  0.00000E+00
        3.4610 -0.00000E+00 -0.61275E+00  0.50000E+01 -0.44279E+01  0.00000E+00  0.00000E+00  0.33665E-02  0.00000E+00  0.60758E-01  0.00000E+00  0.00000E+00  0.00000E+00     223  0.00000E+00  0.00000E+00  0.00000E+00
        3.4775 -0.00000E+00 -0.60248E+00  0.50000E+01 -0.44378E+01  0.00000E+00  0.00000E+00  0.33195E-02  0.00000E+00  0.59738E-01  0.00000E+00  0.00000E+00  0.00000E+00     224  0.00000E+00  0.00000E+00  0.00000E+00
        3.4887 -0.00000E+00 -0.59393E+00  0.50000E+01 -0.44445E+01  0.00000E+00  0.00000E+00  0.32617E-02  0.00000E+00  0.59049E-01  0.00000E+00  0.00000E+00  0.00000E+00     225  0.00000E+00  0.00000E+00  0.00000E+00
        3.5000 -0.00000E+00 -0.58708E+00  0.50000E+01 -0.44511E+01  0.00000E+00  0.00000E+00  0.32340E-02  0.00000E+00  0.58367E-01  0.00000E+00  0.00000E+00  0.00000E+00     226  0.00000E+00  0.00000E+00  0.00000E+00
        3.5165 -0.00000E+00 -0.57876E+00  0.50000E+01 -0.44606E+01  0.00000E+00  0.00000E+00  0.31603E-02  0.00000E+00  0.57385E-01  0.00000E+00  0.00000E+00  0.00000E+00     227  0.00000E+00  0.00000E+00  0.00000E+00
        3.5329 -0.00000E+00 -0.56901E+00  0.50000E+01 -0.44700E+01  0.00000E+00  0.00000E+00  0.31143E-02  0.00000E+00  0.56418E-01  0.00000E+00  0.00000E+00  0.00000E+00     228  0.00000E+00  0.00000E+00  0.00000E+00
        3.5494 -0.00000E+00 -0.55941E+00  0.50000E+01 -0.44792E+01  0.00000E+00  0.00000E+00  0.30438E-02  0.00000E+00  0.55466E-01  0.00000E+00  0.00000E+00  0.00000E+00     229  0.00000E+00  0.00000E+00  0.00000E+00
        3.5659 -0.00000E+00 -0.54997E+00  0.50000E+01 -0.44883E+01  0.00000E+00  0.00000E+00  0.29993E-02  0.00000E+00  0.54529E-01  0.00000E+00  0.00000E+00  0.00000E+00     230  0.00000E+00  0.00000E+00  0.00000E+00
        3.5823 -0.00000E+00 -0.54067E+00  0.50000E+01 -0.44972E+01  0.00000E+00  0.00000E+00  0.29319E-02  0.00000E+00  0.53606E-01  0.00000E+00  0.00000E+00  0.00000E+00     231  0.00000E+00  0.00000E+00  0.00000E+00
        3.5988 -0.00000E+00 -0.53152E+00  0.50000E+01 -0.45059E+01  0.00000E+00  0.00000E+00  0.28887E-02  0.00000E+00  0.52699E-01  0.00000E+00  0.00000E+00  0.00000E+00     232  0.00000E+00  0.00000E+00  0.00000E+00
        3.6152 -0.00000E+00 -0.52252E+00  0.50000E+01 -0.45145E+01  0.00000E+00  0.00000E+00  0.28242E-02  0.00000E+00  0.51805E-01  0.00000E+00  0.00000E+00  0.00000E+00     233  0.00000E+00  0.00000E+00  0.00000E+00
        3.6317 -0.00000E+00 -0.51366E+00  0.50000E+01 -0.45230E+01  0.00000E+00  0.00000E+00  0.27823E-02  0.00000E+00  0.50926E-01  0.00000E+00  0.00000E+00  0.00000E+00     234  0.00000E+00  0.00000E+00  0.00000E+00
        3.6482 -0.00000E+00 -0.50494E+00  0.50000E+01 -0.45313E+01  0.00000E+00  0.00000E+00  0.27207E-02  0.00000E+00  0.50061E-01  0.00000E+00  0.00000E+00  0.00000E+00     235  0.00000E+00  0.00000E+00  0.00000E+00
        3.6646 -0.00000E+00 -0.49636E+00  0.50000E+01 -0.45395E+01  0.00000E+00  0.00000E+00  0.26800E-02  0.00000E+00  0.49210E-01  0.00000E+00  0.00000E+00  0.00000E+00     236  0.00000E+00  0.00000E+00  0.00000E+00
        3.6811 -0.00000E+00 -0.48792E+00  0.50000E+01 -0.45475E+01  0.00000E+00  0.00000E+00  0.26211E-02  0.00000E+00  0.48373E-01  0.00000E+00  0.00000E+00  0.00000E+00     237  0.00000E+00  0.00000E+00  0.00000E+00
        3.6976 -0.00000E+00 -0.47961E+00  0.50000E+01 -0.45554E+01  0.00000E+00  0.00000E+00  0.25817E-02  0.00000E+00  0.47548E-01  0.00000E+00  0.00000E+00  0.00000E+00     238  0.00000E+00  0.00000E+00  0.00000E+00
        3.7140 -0.00000E+00 -0.47143E+00  0.50000E+01 -0.45631E+01  0.00000E+00  0.00000E+00  0.25253E-02  0.00000E+00  0.46738E-01  0.00000E+00  0.00000E+00  0.00000E+00     239  0.00000E+00  0.00000E+00  0.00000E+00
        3.7305 -0.00000E+00 -0.46339E+00  0.50000E+01 -0.45708E+01  0.00000E+00  0.00000E+00  0.24871E-02  0.00000E+00  0.45940E-01  0.00000E+00  0.00000E+00  0.00000E+00     240  0.00000E+00  0.00000E+00  0.00000E+00
        3.7470 -0.00000E+00 -0.45548E+00  0.50000E+01 -0.45783E+01  0.00000E+00  0.00000E+00  0.24331E-02  0.00000E+00  0.45155E-01  0.00000E+00  0.00000E+00  0.00000E+00     241  0.00000E+00  0.00000E+00  0.00000E+00
        3.7634 -0.00000E+00 -0.44769E+00  0.50000E+01 -0.45856E+01  0.00000E+00  0.00000E+00  0.23961E-02  0.00000E+00  0.44383E-01  0.00000E+00  0.00000E+00  0.00000E+00     242  0.00000E+00  0.00000E+00  0.00000E+00
        3.7799 -0.00000E+00 -0.44003E+00  0.50000E+01 -0.45929E+01  0.00000E+00  0.00000E+00  0.23444E-02  0.00000E+00  0.43624E-01  0.00000E+00  0.00000E+00  0.00000E+00     243  0.00000E+00  0.00000E+00  0.00000E+00
        3.7963 -0.00000E+00 -0.43250E+00  0.50000E+01 -0.46000E+01  0.00000E+00  0.00000E+00  0.23086E-02  0.00000E+00  0.42876E-01  0.00000E+00  0.00000E+00  0.00000E+00     244  0.00000E+00  0.00000E+00  0.00000E+00
        3.8128 -0.00000E+00 -0.42509E+00  0.50000E+01 -0.46070E+01  0.00000E+00  0.00000E+00  0.22591E-02  0.00000E+00  0.42141E-01  0.00000E+00  0.00000E+00  0.00000E+00     245  0.00000E+00  0.00000E+00  0.00000E+00
        3.8293 -0.00000E+00 -0.41780E+00  0.50000E+01 -0.46139E+01  0.00000E+00  0.00000E+00  0.22244E-02  0.00000E+00  0.41418E-01  0.00000E+00  0.00000E+00  0.00000E+00     246  0.00000E+00  0.00000E+00  0.00000E+00
        3.8457 -0.00000E+00 -0.41063E+00  0.50000E+01 -0.46206E+01  0.00000E+00  0.00000E+00  0.21769E-02  0.00000E+00  0.40707E-01  0.00000E+00  0.00000E+00  0.00000E+00     247  0.00000E+00  0.00000E+00  0.00000E+00
        3.8622 -0.00000E+00 -0.40358E+00  0.50000E+01 -0.46273E+01  0.00000E+00  0.00000E+00  0.21433E-02  0.00000E+00  0.40008E-01  0.00000E+00  0.00000E+00  0.00000E+00     248  0.00000E+00  0.00000E+00  0.00000E+00
        3.8787 -0.00000E+00 -0.39664E+00  0.50000E+01 -0.46338E+01  0.00000E+00  0.00000E+00  0.20979E-02  0.00000E+00  0.39320E-01  0.00000E+00  0.00000E+00  0.00000E+00     249  0.00000E+00  0.00000E+00  0.00000E+00
        3.8951 -0.00000E+00 -0.38982E+00  0.50000E+01 -0.46402E+01  0.00000E+00  0.00000E+00  0.20654E-02  0.00000E+00  0.38643E-01  0.00000E+00  0.00000E+00  0.00000E+00     250  0.00000E+00  0.00000E+00  0.00000E+00
        3.9116 -0.00000E+00 -0.38311E+00  0.50000E+01 -0.46465E+01  0.00000E+00  0.00000E+00  0.20218E-02  0.00000E+00  0.37978E-01  0.00000E+00  0.00000E+00  0.00000E+00     251  0.00000E+00  0.00000E+00  0.00000E+00
        3.9281 -0.00000E+00 -0.37651E+00  0.50000E+01 -0.46527E+01  0.00000E+00  0.00000E+00  0.19903E-02  0.00000E+00  0.37323E-01  0.00000E+00  0.00000E+00  0.00000E+00     252  0.00000E+00  0.00000E+00  0.00000E+00
        3.9445 -0.00000E+00 -0.37002E+00  0.50000E+01 -0.46588E+01  0.00000E+00  0.00000E+00  0.19486E-02  0.00000E+00  0.36680E-01  0.00000E+00  0.00000E+00  0.00000E+00     253  0.00000E+00  0.00000E+00  0.00000E+00
        3.9610 -0.00000E+00 -0.36364E+00  0.50000E+01 -0.46648E+01  0.00000E+00  0.00000E+00  0.19181E-02  0.00000E+00  0.36047E-01  0.00000E+00  0.00000E+00  0.00000E+00     254  0.00000E+00  0.00000E+00  0.00000E+00
        3.9774 -0.00000E+00 -0.35736E+00  0.50000E+01 -0.46707E+01  0.00000E+00  0.00000E+00  0.18780E-02  0.00000E+00  0.35424E-01  0.00000E+00  0.00000E+00  0.00000E+00     255  0.00000E+00  0.00000E+00  0.00000E+00
        3.9887 -0.00000E+00 -0.35215E+00  0.50000E+01 -0.46747E+01  0.00000E+00  0.00000E+00  0.18592E-02  0.00000E+00  0.35004E-01  0.00000E+00  0.00000E+00  0.00000E+00     256  0.00000E+00  0.00000E+00  0.00000E+00
        4.0000 -0.00000E+00 -0.34797E+00  0.50000E+01 -0.46786E+01  0.00000E+00  0.00000E+00  0.18314E-02  0.00000E+00  0.34589E-01  0.00000E+00  0.00000E+00  0.00000E+00     257  0.00000E+00  0.00000E+00  0.00000E+00
        4.0165 -0.00000E+00 -0.34290E+00  0.50000E+01 -0.46842E+01  0.00000E+00  0.00000E+00  0.18022E-02  0.00000E+00  0.33991E-01  0.00000E+00  0.00000E+00  0.00000E+00     258  0.00000E+00  0.00000E+00  0.00000E+00
        4.0329 -0.00000E+00 -0.33697E+00  0.50000E+01 -0.46898E+01  0.00000E+00  0.00000E+00  0.17653E-02  0.00000E+00  0.33402E-01  0.00000E+00  0.00000E+00  0.00000E+00     259  0.00000E+00  0.00000E+00  0.00000E+00
        4.0494 -0.00000E+00 -0.33114E+00  0.50000E+01 -0.46952E+01  0.00000E+00  0.00000E+00  0.17370E-02  0.00000E+00  0.32824E-01  0.00000E+00  0.00000E+00  0.00000E+00     260  0.00000E+00  0.00000E+00  0.00000E+00
        4.0659 -0.00000E+00 -0.32540E+00  0.50000E+01 -0.47006E+01  0.00000E+00  0.00000E+00  0.17016E-02  0.00000E+00  0.32255E-01  0.00000E+00  0.00000E+00  0.00000E+00     261  0.00000E+00  0.00000E+00  0.00000E+00
        4.0823 -0.00000E+00 -0.31976E+00  0.50000E+01 -0.47059E+01  0.00000E+00  0.00000E+00  0.16742E-02  0.00000E+00  0.31696E-01  0.00000E+00  0.00000E+00  0.00000E+00     262  0.00000E+00  0.00000E+00  0.00000E+00
        4.0988 -0.00000E+00 -0.31422E+00  0.50000E+01 -0.47110E+01  0.00000E+00  0.00000E+00  0.16402E-02  0.00000E+00  0.31147E-01  0.00000E+00  0.00000E+00  0.00000E+00     263  0.00000E+00  0.00000E+00  0.00000E+00
        4.1152 -0.00000E+00 -0.30877E+00  0.50000E+01 -0.47161E+01  0.00000E+00  0.00000E+00  0.16138E-02  0.00000E+00  0.30606E-01  0.00000E+00  0.00000E+00  0.00000E+00     264  0.00000E+00  0.00000E+00  0.00000E+00
        4.1317 -0.00000E+00 -0.30341E+00  0.50000E+01 -0.47211E+01  0.00000E+00  0.00000E+00  0.15811E-02  0.00000E+00  0.30075E-01  0.00000E+00  0.00000E+00  0.00000E+00     265  0.00000E+00  0.00000E+00  0.00000E+00
        4.1482 -0.00000E+00 -0.29814E+00  0.50000E+01 -0.47260E+01  0.00000E+00  0.00000E+00  0.15555E-02  0.00000E+00  0.29553E-01  0.00000E+00  0.00000E+00  0.00000E+00     266  0.00000E+00  0.00000E+00  0.00000E+00
        4.1646 -0.00000E+00 -0.29296E+00  0.50000E+01 -0.47309E+01  0.00000E+00  0.00000E+00  0.15242E-02  0.00000E+00  0.29039E-01  0.00000E+00  0.00000E+00  0.00000E+00     267  0.00000E+00  0.00000E+00  0.00000E+00
        4.1811 -0.00000E+00 -0.28787E+00  0.50000E+01 -0.47356E+01  0.00000E+00  0.00000E+00  0.14995E-02  0.00000E+00  0.28534E-01  0.00000E+00  0.00000E+00  0.00000E+00     268  0.00000E+00  0.00000E+00  0.00000E+00
        4.1976 -0.00000E+00 -0.28286E+00  0.50000E+01 -0.47403E+01  0.00000E+00  0.00000E+00  0.14694E-02  0.00000E+00  0.28038E-01  0.00000E+00  0.00000E+00  0.00000E+00     269  0.00000E+00  0.00000E+00  0.00000E+00
        4.2140 -0.00000E+00 -0.27794E+00  0.50000E+01 -0.47448E+01  0.00000E+00  0.00000E+00  0.14455E-02  0.00000E+00  0.27550E-01  0.00000E+00  0.00000E+00  0.00000E+00     270  0.00000E+00  0.00000E+00  0.00000E+00
        4.2305 -0.00000E+00 -0.27310E+00  0.50000E+01 -0.47493E+01  0.00000E+00  0.00000E+00  0.14166E-02  0.00000E+00  0.27070E-01  0.00000E+00  0.00000E+00  0.00000E+00     271  0.00000E+00  0.00000E+00  0.00000E+00
        4.2470 -0.00000E+00 -0.26834E+00  0.50000E+01 -0.47537E+01  0.00000E+00  0.00000E+00  0.13935E-02  0.00000E+00  0.26598E-01  0.00000E+00  0.00000E+00  0.00000E+00     272  0.00000E+00  0.00000E+00  0.00000E+00
        4.2634 -0.00000E+00 -0.26367E+00  0.50000E+01 -0.47581E+01  0.00000E+00  0.00000E+00  0.13657E-02  0.00000E+00  0.26135E-01  0.00000E+00  0.00000E+00  0.00000E+00     273  0.00000E+00  0.00000E+00  0.00000E+00
        4.2799 -0.00000E+00 -0.25907E+00  0.50000E+01 -0.47623E+01  0.00000E+00  0.00000E+00  0.13434E-02  0.00000E+00  0.25679E-01  0.00000E+00  0.00000E+00  0.00000E+00     274  0.00000E+00  0.00000E+00  0.00000E+00
        4.2963 -0.00000E+00 -0.25455E+00  0.50000E+01 -0.47665E+01  0.00000E+00  0.00000E+00  0.13167E-02  0.00000E+00  0.25231E-01  0.00000E+00  0.00000E+00  0.00000E+00     275  0.00000E+00  0.00000E+00  0.00000E+00
        4.3128 -0.00000E+00 -0.25011E+00  0.50000E+01 -0.47707E+01  0.00000E+00  0.00000E+00  0.12951E-02  0.00000E+00  0.24791E-01  0.00000E+00  0.00000E+00  0.00000E+00     276  0.00000E+00  0.00000E+00  0.00000E+00
        4.3293 -0.00000E+00 -0.24575E+00  0.50000E+01 -0.47747E+01  0.00000E+00  0.00000E+00  0.12695E-02  0.00000E+00  0.24358E-01  0.00000E+00  0.00000E+00  0.00000E+00     277  0.00000E+00  0.00000E+00  0.00000E+00
        4.3457 -0.00000E+00 -0.24146E+00  0.50000E+01 -0.47787E+01  0.00000E+00  0.00000E+00  0.12486E-02  0.00000E+00  0.23933E-01  0.00000E+00  0.00000E+00  0.00000E+00     278  0.00000E+00  0.00000E+00  0.00000E+00
        4.3622 -0.00000E+00 -0.23724E+00  0.50000E+01 -0.47826E+01  0.00000E+00  0.00000E+00  0.12240E-02  0.00000E+00  0.23515E-01  0.00000E+00  0.00000E+00  0.00000E+00     279  0.00000E+00  0.00000E+00  0.00000E+00
        4.3787 -0.00000E+00 -0.23309E+00  0.50000E+01 -0.47864E+01  0.00000E+00  0.00000E+00  0.12038E-02  0.00000E+00  0.23104E-01  0.00000E+00  0.00000E+00  0.00000E+00     280  0.00000E+00  0.00000E+00  0.00000E+00
        4.3951 -0.00000E+00 -0.22902E+00  0.50000E+01 -0.47902E+01  0.00000E+00  0.00000E+00  0.11802E-02  0.00000E+00  0.22700E-01  0.00000E+00  0.00000E+00  0.00000E+00     281  0.00000E+00  0.00000E+00  0.00000E+00
        4.4116 -0.00000E+00 -0.22501E+00  0.50000E+01 -0.47939E+01  0.00000E+00  0.00000E+00  0.11607E-02  0.00000E+00  0.22303E-01  0.00000E+00  0.00000E+00  0.00000E+00     282  0.00000E+00  0.00000E+00  0.00000E+00
        4.4281 -0.00000E+00 -0.22108E+00  0.50000E+01 -0.47975E+01  0.00000E+00  0.00000E+00  0.11380E-02  0.00000E+00  0.21913E-01  0.00000E+00  0.00000E+00  0.00000E+00     283  0.00000E+00  0.00000E+00  0.00000E+00
        4.4445 -0.00000E+00 -0.21721E+00  0.50000E+01 -0.48011E+01  0.00000E+00  0.00000E+00  0.11191E-02  0.00000E+00  0.21529E-01  0.00000E+00  0.00000E+00  0.00000E+00     284  0.00000E+00  0.00000E+00  0.00000E+00
        4.4610 -0.00000E+00 -0.21341E+00  0.50000E+01 -0.48046E+01  0.00000E+00  0.00000E+00  0.10973E-02  0.00000E+00  0.21152E-01  0.00000E+00  0.00000E+00  0.00000E+00     285  0.00000E+00  0.00000E+00  0.00000E+00
        4.4774 -0.00000E+00 -0.20967E+00  0.50000E+01 -0.48081E+01  0.00000E+00  0.00000E+00  0.10790E-02  0.00000E+00  0.20782E-01  0.00000E+00  0.00000E+00  0.00000E+00     286  0.00000E+00  0.00000E+00  0.00000E+00
        4.4887 -0.00000E+00 -0.20657E+00  0.50000E+01 -0.48104E+01  0.00000E+00  0.00000E+00  0.10641E-02  0.00000E+00  0.20532E-01  0.00000E+00  0.00000E+00  0.00000E+00     287  0.00000E+00  0.00000E+00  0.00000E+00
        4.5000 -0.00000E+00 -0.20408E+00  0.50000E+01 -0.48127E+01  0.00000E+00  0.00000E+00  0.10524E-02  0.00000E+00  0.20285E-01  0.00000E+00  0.00000E+00  0.00000E+00     288  0.00000E+00  0.00000E+00  0.00000E+00
        4.5165 -0.00000E+00 -0.20107E+00  0.50000E+01 -0.48160E+01  0.00000E+00  0.00000E+00  0.10321E-02  0.00000E+00  0.19929E-01  0.00000E+00  0.00000E+00  0.00000E+00     289  0.00000E+00  0.00000E+00  0.00000E+00
        4.5329 -0.00000E+00 -0.19754E+00  0.50000E+01 -0.48193E+01  0.00000E+00  0.00000E+00  0.10147E-02  0.00000E+00  0.19580E-01  0.00000E+00  0.00000E+00  0.00000E+00     290  0.00000E+00  0.00000E+00  0.00000E+00
        4.5494 -0.00000E+00 -0.19408E+00  0.50000E+01 -0.48225E+01  0.00000E+00  0.00000E+00  0.99521E-03  0.00000E+00  0.19236E-01  0.00000E+00  0.00000E+00  0.00000E+00     291  0.00000E+00  0.00000E+00  0.00000E+00
        4.5659 -0.00000E+00 -0.19067E+00  0.50000E+01 -0.48256E+01  0.00000E+00  0.00000E+00  0.97847E-03  0.00000E+00  0.18899E-01  0.00000E+00  0.00000E+00  0.00000E+00     292  0.00000E+00  0.00000E+00  0.00000E+00
        4.5823 -0.00000E+00 -0.18733E+00  0.50000E+01 -0.48287E+01  0.00000E+00  0.00000E+00  0.95969E-03  0.00000E+00  0.18567E-01  0.00000E+00  0.00000E+00  0.00000E+00     293  0.00000E+00  0.00000E+00  0.00000E+00
        4.5988 -0.00000E+00 -0.18404E+00  0.50000E+01 -0.48317E+01  0.00000E+00  0.00000E+00  0.94352E-03  0.00000E+00  0.18241E-01  0.00000E+00  0.00000E+00  0.00000E+00     294  0.00000E+00  0.00000E+00  0.00000E+00
        4.6152 -0.00000E+00 -0.18081E+00  0.50000E+01 -0.48347E+01  0.00000E+00  0.00000E+00  0.92545E-03  0.00000E+00  0.17921E-01  0.00000E+00  0.00000E+00  0.00000E+00     295  0.00000E+00  0.00000E+00  0.00000E+00
        4.6317 -0.00000E+00 -0.17763E+00  0.50000E+01 -0.48376E+01  0.00000E+00  0.00000E+00  0.90984E-03  0.00000E+00  0.17606E-01  0.00000E+00  0.00000E+00  0.00000E+00     296  0.00000E+00  0.00000E+00  0.00000E+00
        4.6482 -0.00000E+00 -0.17451E+00  0.50000E+01 -0.48405E+01  0.00000E+00  0.00000E+00  0.89245E-03  0.00000E+00  0.17297E-01  0.00000E+00  0.00000E+00  0.00000E+00     297  0.00000E+00  0.00000E+00  0.00000E+00
        4.6646 -0.00000E+00 -0.17145E+00  0.50000E+01 -0.48433E+01  0.00000E+00  0.00000E+00  0.87737E-03  0.00000E+00  0.16993E-01  0.00000E+00  0.00000E+00  0.00000E+00     298  0.00000E+00  0.00000E+00  0.00000E+00
        4.6811 -0.00000E+00 -0.16843E+00  0.50000E+01 -0.48461E+01  0.00000E+00  0.00000E+00  0.86065E-03  0.00000E+00  0.16694E-01  0.00000E+00  0.00000E+00  0.00000E+00     299  0.00000E+00  0.00000E+00  0.00000E+00
        4.6976 -0.00000E+00 -0.16547E+00  0.50000E+01 -0.48488E+01  0.00000E+00  0.00000E+00  0.84607E-03  0.00000E+00  0.16401E-01  0.00000E+00  0.00000E+00  0.00000E+00     300  0.00000E+00  0.00000E+00  0.00000E+00
        4.7140 -0.00000E+00 -0.16257E+00  0.50000E+01 -0.48515E+01  0.00000E+00  0.00000E+00  0.82999E-03  0.00000E+00  0.16112E-01  0.00000E+00  0.00000E+00  0.00000E+00     301  0.00000E+00  0.00000E+00  0.00000E+00
        4.7305 -0.00000E+00 -0.15971E+00  0.50000E+01 -0.48541E+01  0.00000E+00  0.00000E+00  0.81591E-03  0.00000E+00  0.15829E-01  0.00000E+00  0.00000E+00  0.00000E+00     302  0.00000E+00  0.00000E+00  0.00000E+00
        4.7470 -0.00000E+00 -0.15690E+00  0.50000E+01 -0.48567E+01  0.00000E+00  0.00000E+00  0.80044E-03  0.00000E+00  0.15550E-01  0.00000E+00  0.00000E+00  0.00000E+00     303  0.00000E+00  0.00000E+00  0.00000E+00
        4.7634 -0.00000E+00 -0.15414E+00  0.50000E+01 -0.48592E+01  0.00000E+00  0.00000E+00  0.78684E-03  0.00000E+00  0.15277E-01  0.00000E+00  0.00000E+00  0.00000E+00     304  0.00000E+00  0.00000E+00  0.00000E+00
        4.7799 -0.00000E+00 -0.15142E+00  0.50000E+01 -0.48617E+01  0.00000E+00  0.00000E+00  0.77195E-03  0.00000E+00  0.15008E-01  0.00000E+00  0.00000E+00  0.00000E+00     305  0.00000E+00  0.00000E+00  0.00000E+00
        4.7963 -0.00000E+00 -0.14876E+00  0.50000E+01 -0.48642E+01  0.00000E+00  0.00000E+00  0.75882E-03  0.00000E+00  0.14744E-01  0.00000E+00  0.00000E+00  0.00000E+00     306  0.00000E+00  0.00000E+00  0.00000E+00
        4.8128 -0.00000E+00 -0.14614E+00  0.50000E+01 -0.48666E+01  0.00000E+00  0.00000E+00  0.74448E-03  0.00000E+00  0.14484E-01  0.00000E+00  0.00000E+00  0.00000E+00     307  0.00000E+00  0.00000E+00  0.00000E+00
        4.8293 -0.00000E+00 -0.14357E+00  0.50000E+01 -0.48690E+01  0.00000E+00  0.00000E+00  0.73180E-03  0.00000E+00  0.14229E-01  0.00000E+00  0.00000E+00  0.00000E+00     308  0.00000E+00  0.00000E+00  0.00000E+00
        4.8457 -0.00000E+00 -0.14104E+00  0.50000E+01 -0.48713E+01  0.00000E+00  0.00000E+00  0.71800E-03  0.00000E+00  0.13978E-01  0.00000E+00  0.00000E+00  0.00000E+00     309  0.00000E+00  0.00000E+00  0.00000E+00
        4.8622 -0.00000E+00 -0.13855E+00  0.50000E+01 -0.48736E+01  0.00000E+00  0.00000E+00  0.70575E-03  0.00000E+00  0.13732E-01  0.00000E+00  0.00000E+00  0.00000E+00     310  0.00000E+00  0.00000E+00  0.00000E+00
        4.8787 -0.00000E+00 -0.13611E+00  0.50000E+01 -0.48758E+01  0.00000E+00  0.00000E+00  0.69247E-03  0.00000E+00  0.13490E-01  0.00000E+00  0.00000E+00  0.00000E+00     311  0.00000E+00  0.00000E+00  0.00000E+00
        4.8951 -0.00000E+00 -0.13371E+00  0.50000E+01 -0.48780E+01  0.00000E+00  0.00000E+00  0.68064E-03  0.00000E+00  0.13252E-01  0.00000E+00  0.00000E+00  0.00000E+00     312  0.00000E+00  0.00000E+00  0.00000E+00
        4.9116 -0.00000E+00 -0.13135E+00  0.50000E+01 -0.48802E+01  0.00000E+00  0.00000E+00  0.66786E-03  0.00000E+00  0.13019E-01  0.00000E+00  0.00000E+00  0.00000E+00     313  0.00000E+00  0.00000E+00  0.00000E+00
        4.9281 -0.00000E+00 -0.12904E+00  0.50000E+01 -0.48823E+01  0.00000E+00  0.00000E+00  0.65644E-03  0.00000E+00  0.12789E-01  0.00000E+00  0.00000E+00  0.00000E+00     314  0.00000E+00  0.00000E+00  0.00000E+00
        4.9445 -0.00000E+00 -0.12676E+00  0.50000E+01 -0.48844E+01  0.00000E+00  0.00000E+00  0.64413E-03  0.00000E+00  0.12563E-01  0.00000E+00  0.00000E+00  0.00000E+00     315  0.00000E+00  0.00000E+00  0.00000E+00
        4.9610 -0.00000E+00 -0.12453E+00  0.50000E+01 -0.48864E+01  0.00000E+00  0.00000E+00  0.63310E-03  0.00000E+00  0.12342E-01  0.00000E+00  0.00000E+00  0.00000E+00     316  0.00000E+00  0.00000E+00  0.00000E+00
        4.9774 -0.00000E+00 -0.12233E+00  0.50000E+01 -0.48884E+01  0.00000E+00  0.00000E+00  0.62126E-03  0.00000E+00  0.12124E-01  0.00000E+00  0.00000E+00  0.00000E+00     317  0.00000E+00  0.00000E+00  0.00000E+00
        4.9887 -0.00000E+00 -0.12051E+00  0.50000E+01 -0.48898E+01  0.00000E+00  0.00000E+00  0.61408E-03  0.00000E+00  0.11977E-01  0.00000E+00  0.00000E+00  0.00000E+00     318  0.00000E+00  0.00000E+00  0.00000E+00
        5.0000 -0.00000E+00 -0.11905E+00  0.50000E+01 -0.48911E+01  0.00000E+00  0.00000E+00  0.60607E-03  0.00000E+00  0.11832E-01  0.00000E+00  0.00000E+00  0.00000E+00     319  0.00000E+00  0.00000E+00  0.00000E+00
        5.0165 -0.00000E+00 -0.11728E+00  0.50000E+01 -0.48931E+01  0.00000E+00  0.00000E+00  0.59564E-03  0.00000E+00  0.11623E-01  0.00000E+00  0.00000E+00  0.00000E+00     320  0.00000E+00  0.00000E+00  0.00000E+00
        5.0329 -0.00000E+00 -0.11521E+00  0.50000E+01 -0.48950E+01  0.00000E+00  0.00000E+00  0.58456E-03  0.00000E+00  0.11418E-01  0.00000E+00  0.00000E+00  0.00000E+00     321  0.00000E+00  0.00000E+00  0.00000E+00
        5.0494 -0.00000E+00 -0.11317E+00  0.50000E+01 -0.48968E+01  0.00000E+00  0.00000E+00  0.57449E-03  0.00000E+00  0.11216E-01  0.00000E+00  0.00000E+00  0.00000E+00     322  0.00000E+00  0.00000E+00  0.00000E+00
        5.0659 -0.00000E+00 -0.11117E+00  0.50000E+01 -0.48987E+01  0.00000E+00  0.00000E+00  0.56382E-03  0.00000E+00  0.11018E-01  0.00000E+00  0.00000E+00  0.00000E+00     323  0.00000E+00  0.00000E+00  0.00000E+00
        5.0823 -0.00000E+00 -0.10921E+00  0.50000E+01 -0.49005E+01  0.00000E+00  0.00000E+00  0.55409E-03  0.00000E+00  0.10824E-01  0.00000E+00  0.00000E+00  0.00000E+00     324  0.00000E+00  0.00000E+00  0.00000E+00
        5.0988 -0.00000E+00 -0.10728E+00  0.50000E+01 -0.49022E+01  0.00000E+00  0.00000E+00  0.54381E-03  0.00000E+00  0.10633E-01  0.00000E+00  0.00000E+00  0.00000E+00     325  0.00000E+00  0.00000E+00  0.00000E+00
        5.1152 -0.00000E+00 -0.10539E+00  0.50000E+01 -0.49040E+01  0.00000E+00  0.00000E+00  0.53442E-03  0.00000E+00  0.10445E-01  0.00000E+00  0.00000E+00  0.00000E+00     326  0.00000E+00  0.00000E+00  0.00000E+00
        5.1317 -0.00000E+00 -0.10352E+00  0.50000E+01 -0.49057E+01  0.00000E+00  0.00000E+00  0.52452E-03  0.00000E+00  0.10260E-01  0.00000E+00  0.00000E+00  0.00000E+00     327  0.00000E+00  0.00000E+00  0.00000E+00
        5.1482 -0.00000E+00 -0.10170E+00  0.50000E+01 -0.49073E+01  0.00000E+00  0.00000E+00  0.51546E-03  0.00000E+00  0.10079E-01  0.00000E+00  0.00000E+00  0.00000E+00     328  0.00000E+00  0.00000E+00  0.00000E+00
        5.1646 -0.00000E+00 -0.99899E-01  0.50000E+01 -0.49090E+01  0.00000E+00  0.00000E+00  0.50592E-03  0.00000E+00  0.99008E-02  0.00000E+00  0.00000E+00  0.00000E+00     329  0.00000E+00  0.00000E+00  0.00000E+00
        5.1811 -0.00000E+00 -0.98133E-01  0.50000E+01 -0.49106E+01  0.00000E+00  0.00000E+00  0.49717E-03  0.00000E+00  0.97258E-02  0.00000E+00  0.00000E+00  0.00000E+00     330  0.00000E+00  0.00000E+00  0.00000E+00
        5.1976 -0.00000E+00 -0.96398E-01  0.50000E+01 -0.49122E+01  0.00000E+00  0.00000E+00  0.48799E-03  0.00000E+00  0.95539E-02  0.00000E+00  0.00000E+00  0.00000E+00     331  0.00000E+00  0.00000E+00  0.00000E+00
        5.2140 -0.00000E+00 -0.94694E-01  0.50000E+01 -0.49137E+01  0.00000E+00  0.00000E+00  0.47954E-03  0.00000E+00  0.93850E-02  0.00000E+00  0.00000E+00  0.00000E+00     332  0.00000E+00  0.00000E+00  0.00000E+00
        5.2305 -0.00000E+00 -0.93020E-01  0.50000E+01 -0.49153E+01  0.00000E+00  0.00000E+00  0.47069E-03  0.00000E+00  0.92190E-02  0.00000E+00  0.00000E+00  0.00000E+00     333  0.00000E+00  0.00000E+00  0.00000E+00
        5.2470 -0.00000E+00 -0.91375E-01  0.50000E+01 -0.49168E+01  0.00000E+00  0.00000E+00  0.46253E-03  0.00000E+00  0.90560E-02  0.00000E+00  0.00000E+00  0.00000E+00     334  0.00000E+00  0.00000E+00  0.00000E+00
        5.2634 -0.00000E+00 -0.89759E-01  0.50000E+01 -0.49183E+01  0.00000E+00  0.00000E+00  0.45401E-03  0.00000E+00  0.88958E-02  0.00000E+00  0.00000E+00  0.00000E+00     335  0.00000E+00  0.00000E+00  0.00000E+00
        5.2799 -0.00000E+00 -0.88172E-01  0.50000E+01 -0.49197E+01  0.00000E+00  0.00000E+00  0.44614E-03  0.00000E+00  0.87385E-02  0.00000E+00  0.00000E+00  0.00000E+00     336  0.00000E+00  0.00000E+00  0.00000E+00
        5.2963 -0.00000E+00 -0.86612E-01  0.50000E+01 -0.49211E+01  0.00000E+00  0.00000E+00  0.43792E-03  0.00000E+00  0.85839E-02  0.00000E+00  0.00000E+00  0.00000E+00     337  0.00000E+00  0.00000E+00  0.00000E+00
        5.3128 -0.00000E+00 -0.85080E-01  0.50000E+01 -0.49225E+01  0.00000E+00  0.00000E+00  0.43032E-03  0.00000E+00  0.84320E-02  0.00000E+00  0.00000E+00  0.00000E+00     338  0.00000E+00  0.00000E+00  0.00000E+00
        5.3293 -0.00000E+00 -0.83575E-01  0.50000E+01 -0.49239E+01  0.00000E+00  0.00000E+00  0.42241E-03  0.00000E+00  0.82828E-02  0.00000E+00  0.00000E+00  0.00000E+00     339  0.00000E+00  0.00000E+00  0.00000E+00
        5.3457 -0.00000E+00 -0.82096E-01  0.50000E+01 -0.49253E+01  0.00000E+00  0.00000E+00  0.41507E-03  0.00000E+00  0.81363E-02  0.00000E+00  0.00000E+00  0.00000E+00     340  0.00000E+00  0.00000E+00  0.00000E+00
        5.3622 -0.00000E+00 -0.80643E-01  0.50000E+01 -0.49266E+01  0.00000E+00  0.00000E+00  0.40745E-03  0.00000E+00  0.79922E-02  0.00000E+00  0.00000E+00  0.00000E+00     341  0.00000E+00  0.00000E+00  0.00000E+00
        5.3787 -0.00000E+00 -0.79216E-01  0.50000E+01 -0.49279E+01  0.00000E+00  0.00000E+00  0.40037E-03  0.00000E+00  0.78508E-02  0.00000E+00  0.00000E+00  0.00000E+00     342  0.00000E+00  0.00000E+00  0.00000E+00
        5.3951 -0.00000E+00 -0.77813E-01  0.50000E+01 -0.49292E+01  0.00000E+00  0.00000E+00  0.39303E-03  0.00000E+00  0.77118E-02  0.00000E+00  0.00000E+00  0.00000E+00     343  0.00000E+00  0.00000E+00  0.00000E+00
        5.4116 -0.00000E+00 -0.76436E-01  0.50000E+01 -0.49304E+01  0.00000E+00  0.00000E+00  0.38619E-03  0.00000E+00  0.75753E-02  0.00000E+00  0.00000E+00  0.00000E+00     344  0.00000E+00  0.00000E+00  0.00000E+00
        5.4281 -0.00000E+00 -0.75083E-01  0.50000E+01 -0.49317E+01  0.00000E+00  0.00000E+00  0.37911E-03  0.00000E+00  0.74412E-02  0.00000E+00  0.00000E+00  0.00000E+00     345  0.00000E+00  0.00000E+00  0.00000E+00
        5.4445 -0.00000E+00 -0.73753E-01  0.50000E+01 -0.49329E+01  0.00000E+00  0.00000E+00  0.37251E-03  0.00000E+00  0.73094E-02  0.00000E+00  0.00000E+00  0.00000E+00     346  0.00000E+00  0.00000E+00  0.00000E+00
        5.4610 -0.00000E+00 -0.72447E-01  0.50000E+01 -0.49341E+01  0.00000E+00  0.00000E+00  0.36569E-03  0.00000E+00  0.71800E-02  0.00000E+00  0.00000E+00  0.00000E+00     347  0.00000E+00  0.00000E+00  0.00000E+00
        5.4774 -0.00000E+00 -0.71164E-01  0.50000E+01 -0.49352E+01  0.00000E+00  0.00000E+00  0.35932E-03  0.00000E+00  0.70528E-02  0.00000E+00  0.00000E+00  0.00000E+00     348  0.00000E+00  0.00000E+00  0.00000E+00
        5.4887 -0.00000E+00 -0.70099E-01  0.50000E+01 -0.49360E+01  0.00000E+00  0.00000E+00  0.35476E-03  0.00000E+00  0.69670E-02  0.00000E+00  0.00000E+00  0.00000E+00     349  0.00000E+00  0.00000E+00  0.00000E+00
        5.5000 -0.00000E+00 -0.69247E-01  0.50000E+01 -0.49368E+01  0.00000E+00  0.00000E+00  0.35055E-03  0.00000E+00  0.68823E-02  0.00000E+00  0.00000E+00  0.00000E+00     350  0.00000E+00  0.00000E+00  0.00000E+00
        5.5165 -0.00000E+00 -0.68214E-01  0.50000E+01 -0.49379E+01  0.00000E+00  0.00000E+00  0.34416E-03  0.00000E+00  0.67604E-02  0.00000E+00  0.00000E+00  0.00000E+00     351  0.00000E+00  0.00000E+00  0.00000E+00
        5.5329 -0.00000E+00 -0.67005E-01  0.50000E+01 -0.49390E+01  0.00000E+00  0.00000E+00  0.33814E-03  0.00000E+00  0.66406E-02  0.00000E+00  0.00000E+00  0.00000E+00     352  0.00000E+00  0.00000E+00  0.00000E+00
        5.5494 -0.00000E+00 -0.65818E-01  0.50000E+01 -0.49401E+01  0.00000E+00  0.00000E+00  0.33198E-03  0.00000E+00  0.65230E-02  0.00000E+00  0.00000E+00  0.00000E+00     353  0.00000E+00  0.00000E+00  0.00000E+00
        5.5659 -0.00000E+00 -0.64652E-01  0.50000E+01 -0.49412E+01  0.00000E+00  0.00000E+00  0.32618E-03  0.00000E+00  0.64074E-02  0.00000E+00  0.00000E+00  0.00000E+00     354  0.00000E+00  0.00000E+00  0.00000E+00
        5.5823 -0.00000E+00 -0.63506E-01  0.50000E+01 -0.49422E+01  0.00000E+00  0.00000E+00  0.32024E-03  0.00000E+00  0.62939E-02  0.00000E+00  0.00000E+00  0.00000E+00     355  0.00000E+00  0.00000E+00  0.00000E+00
        5.5988 -0.00000E+00 -0.62381E-01  0.50000E+01 -0.49433E+01  0.00000E+00  0.00000E+00  0.31464E-03  0.00000E+00  0.61823E-02  0.00000E+00  0.00000E+00  0.00000E+00     356  0.00000E+00  0.00000E+00  0.00000E+00
        5.6152 -0.00000E+00 -0.61276E-01  0.50000E+01 -0.49443E+01  0.00000E+00  0.00000E+00  0.30891E-03  0.00000E+00  0.60728E-02  0.00000E+00  0.00000E+00  0.00000E+00     357  0.00000E+00  0.00000E+00  0.00000E+00
        5.6317 -0.00000E+00 -0.60190E-01  0.50000E+01 -0.49453E+01  0.00000E+00  0.00000E+00  0.30351E-03  0.00000E+00  0.59651E-02  0.00000E+00  0.00000E+00  0.00000E+00     358  0.00000E+00  0.00000E+00  0.00000E+00
        5.6482 -0.00000E+00 -0.59123E-01  0.50000E+01 -0.49462E+01  0.00000E+00  0.00000E+00  0.29799E-03  0.00000E+00  0.58594E-02  0.00000E+00  0.00000E+00  0.00000E+00     359  0.00000E+00  0.00000E+00  0.00000E+00
        5.6646 -0.00000E+00 -0.58075E-01  0.50000E+01 -0.49472E+01  0.00000E+00  0.00000E+00  0.29277E-03  0.00000E+00  0.57556E-02  0.00000E+00  0.00000E+00  0.00000E+00     360  0.00000E+00  0.00000E+00  0.00000E+00
        5.6811 -0.00000E+00 -0.57045E-01  0.50000E+01 -0.49481E+01  0.00000E+00  0.00000E+00  0.28745E-03  0.00000E+00  0.56535E-02  0.00000E+00  0.00000E+00  0.00000E+00     361  0.00000E+00  0.00000E+00  0.00000E+00
        5.6976 -0.00000E+00 -0.56034E-01  0.50000E+01 -0.49491E+01  0.00000E+00  0.00000E+00  0.28241E-03  0.00000E+00  0.55533E-02  0.00000E+00  0.00000E+00  0.00000E+00     362  0.00000E+00  0.00000E+00  0.00000E+00
        5.7140 -0.00000E+00 -0.55041E-01  0.50000E+01 -0.49500E+01  0.00000E+00  0.00000E+00  0.27729E-03  0.00000E+00  0.54549E-02  0.00000E+00  0.00000E+00  0.00000E+00     363  0.00000E+00  0.00000E+00  0.00000E+00
        5.7305 -0.00000E+00 -0.54065E-01  0.50000E+01 -0.49509E+01  0.00000E+00  0.00000E+00  0.27243E-03  0.00000E+00  0.53581E-02  0.00000E+00  0.00000E+00  0.00000E+00     364  0.00000E+00  0.00000E+00  0.00000E+00
        5.7470 -0.00000E+00 -0.53106E-01  0.50000E+01 -0.49517E+01  0.00000E+00  0.00000E+00  0.26748E-03  0.00000E+00  0.52631E-02  0.00000E+00  0.00000E+00  0.00000E+00     365  0.00000E+00  0.00000E+00  0.00000E+00
        5.7634 -0.00000E+00 -0.52164E-01  0.50000E+01 -0.49526E+01  0.00000E+00  0.00000E+00  0.26279E-03  0.00000E+00  0.51698E-02  0.00000E+00  0.00000E+00  0.00000E+00     366  0.00000E+00  0.00000E+00  0.00000E+00
        5.7799 -0.00000E+00 -0.51240E-01  0.50000E+01 -0.49534E+01  0.00000E+00  0.00000E+00  0.25803E-03  0.00000E+00  0.50781E-02  0.00000E+00  0.00000E+00  0.00000E+00     367  0.00000E+00  0.00000E+00  0.00000E+00
        5.7963 -0.00000E+00 -0.50331E-01  0.50000E+01 -0.49543E+01  0.00000E+00  0.00000E+00  0.25350E-03  0.00000E+00  0.49881E-02  0.00000E+00  0.00000E+00  0.00000E+00     368  0.00000E+00  0.00000E+00  0.00000E+00
        5.8128 -0.00000E+00 -0.49438E-01  0.50000E+01 -0.49551E+01  0.00000E+00  0.00000E+00  0.24891E-03  0.00000E+00  0.48996E-02  0.00000E+00  0.00000E+00  0.00000E+00     369  0.00000E+00  0.00000E+00  0.00000E+00
        5.8293 -0.00000E+00 -0.48561E-01  0.50000E+01 -0.49559E+01  0.00000E+00  0.00000E+00  0.24454E-03  0.00000E+00  0.48127E-02  0.00000E+00  0.00000E+00  0.00000E+00     370  0.00000E+00  0.00000E+00  0.00000E+00
        5.8457 -0.00000E+00 -0.47700E-01  0.50000E+01 -0.49567E+01  0.00000E+00  0.00000E+00  0.24011E-03  0.00000E+00  0.47273E-02  0.00000E+00  0.00000E+00  0.00000E+00     371  0.00000E+00  0.00000E+00  0.00000E+00
        5.8622 -0.00000E+00 -0.46854E-01  0.50000E+01 -0.49574E+01  0.00000E+00  0.00000E+00  0.23590E-03  0.00000E+00  0.46435E-02  0.00000E+00  0.00000E+00  0.00000E+00     372  0.00000E+00  0.00000E+00  0.00000E+00
        5.8787 -0.00000E+00 -0.46023E-01  0.50000E+01 -0.49582E+01  0.00000E+00  0.00000E+00  0.23163E-03  0.00000E+00  0.45611E-02  0.00000E+00  0.00000E+00  0.00000E+00     373  0.00000E+00  0.00000E+00  0.00000E+00
        5.8951 -0.00000E+00 -0.45206E-01  0.50000E+01 -0.49589E+01  0.00000E+00  0.00000E+00  0.22756E-03  0.00000E+00  0.44802E-02  0.00000E+00  0.00000E+00  0.00000E+00     374  0.00000E+00  0.00000E+00  0.00000E+00
        5.9116 -0.00000E+00 -0.44404E-01  0.50000E+01 -0.49597E+01  0.00000E+00  0.00000E+00  0.22344E-03  0.00000E+00  0.44007E-02  0.00000E+00  0.00000E+00  0.00000E+00     375  0.00000E+00  0.00000E+00  0.00000E+00
        5.9281 -0.00000E+00 -0.43616E-01  0.50000E+01 -0.49604E+01  0.00000E+00  0.00000E+00  0.21952E-03  0.00000E+00  0.43226E-02  0.00000E+00  0.00000E+00  0.00000E+00     376  0.00000E+00  0.00000E+00  0.00000E+00
        5.9445 -0.00000E+00 -0.42842E-01  0.50000E+01 -0.49611E+01  0.00000E+00  0.00000E+00  0.21555E-03  0.00000E+00  0.42459E-02  0.00000E+00  0.00000E+00  0.00000E+00     377  0.00000E+00  0.00000E+00  0.00000E+00
        5.9610 -0.00000E+00 -0.42082E-01  0.50000E+01 -0.49618E+01  0.00000E+00  0.00000E+00  0.21176E-03  0.00000E+00  0.41706E-02  0.00000E+00  0.00000E+00  0.00000E+00     378  0.00000E+00  0.00000E+00  0.00000E+00
        5.9774 -0.00000E+00 -0.41336E-01  0.50000E+01 -0.49625E+01  0.00000E+00  0.00000E+00  0.20793E-03  0.00000E+00  0.40966E-02  0.00000E+00  0.00000E+00  0.00000E+00     379  0.00000E+00  0.00000E+00  0.00000E+00
        5.9887 -0.00000E+00 -0.40716E-01  0.50000E+01 -0.49629E+01  0.00000E+00  0.00000E+00  0.20544E-03  0.00000E+00  0.40466E-02  0.00000E+00  0.00000E+00  0.00000E+00     380  0.00000E+00  0.00000E+00  0.00000E+00
        6.0000 -0.00000E+00 -0.40220E-01  0.50000E+01 -0.49634E+01  0.00000E+00  0.00000E+00  0.20288E-03  0.00000E+00  0.39973E-02  0.00000E+00  0.00000E+00  0.00000E+00     381  0.00000E+00  0.00000E+00  0.00000E+00
end
