 ******* Program HYDRUS
 ******* Regime permanent loam, nappe a -100 cm, q_top = 0.03 cm/j               
 Date:   0. 0.    Time: 512:**:**
 Units: L = cm   , T = days , M = g    

----------------------------------------------------------
 Time       [T]        0.0000
----------------------------------------------------------
 Sub-region num.                     1
----------------------------------------------------------
 Area     [L]        0.10000E+03  0.10000E+03
 W-volume [L]        0.31631E+02  0.31631E+02
 In-flow  [L/T]      0.00000E+00  0.00000E+00
 h Mean   [L]       -0.50000E+02 -0.50000E+02
 Top Flux [L/T]     -0.00000E+00
 Bot Flux [L/T]     -0.00000E+00
----------------------------------------------------------

----------------------------------------------------------
 Time       [T]       20.0000
----------------------------------------------------------
 Sub-region num.                     1
----------------------------------------------------------
 Area     [L]        0.10000E+03  0.10000E+03
 W-volume [L]        0.31222E+02  0.31222E+02
 In-flow  [L/T]     -0.10403E-01 -0.10403E-01
 h Mean   [L]       -0.54233E+02 -0.54233E+02
 Top Flux [L/T]      0.29857E-01
 Bot Flux [L/T]      0.19583E-01
 WatBalT  [L]       -0.66280E-04
 WatBalR  [%]              0.008
----------------------------------------------------------

----------------------------------------------------------
 Time       [T]       40.0000
----------------------------------------------------------
 Sub-region num.                     1
----------------------------------------------------------
 Area     [L]        0.10000E+03  0.10000E+03
 W-volume [L]        0.31110E+02  0.31110E+02
 In-flow  [L/T]     -0.28208E-02 -0.28208E-02
 h Mean   [L]       -0.55437E+02 -0.55437E+02
 Top Flux [L/T]      0.29957E-01
 Bot Flux [L/T]      0.27156E-01
 WatBalT  [L]       -0.16940E-03
 WatBalR  [%]              0.009
----------------------------------------------------------

----------------------------------------------------------
 Time       [T]       60.0000
----------------------------------------------------------
 Sub-region num.                     1
----------------------------------------------------------
 Area     [L]        0.10000E+03  0.10000E+03
 W-volume [L]        0.31079E+02  0.31079E+02
 In-flow  [L/T]     -0.81602E-03 -0.81602E-03
 h Mean   [L]       -0.55785E+02 -0.55785E+02
 Top Flux [L/T]      0.29987E-01
 Bot Flux [L/T]      0.29185E-01
 WatBalT  [L]       -0.15074E-03
 WatBalR  [%]              0.005
----------------------------------------------------------

----------------------------------------------------------
 Time       [T]       80.0000
----------------------------------------------------------
 Sub-region num.                     1
----------------------------------------------------------
 Area     [L]        0.10000E+03  0.10000E+03
 W-volume [L]        0.31070E+02  0.31070E+02
 In-flow  [L/T]     -0.23404E-03 -0.23404E-03
 h Mean   [L]       -0.55888E+02 -0.55888E+02
 Top Flux [L/T]      0.29996E-01
 Bot Flux [L/T]      0.29784E-01
 WatBalT  [L]       -0.23985E-03
 WatBalR  [%]              0.006
----------------------------------------------------------

----------------------------------------------------------
 Time       [T]      100.0000
----------------------------------------------------------
 Sub-region num.                     1
----------------------------------------------------------
 Area     [L]        0.10000E+03  0.10000E+03
 W-volume [L]        0.31068E+02  0.31068E+02
 In-flow  [L/T]     -0.67487E-04 -0.67487E-04
 h Mean   [L]       -0.55917E+02 -0.55917E+02
 Top Flux [L/T]      0.29999E-01
 Bot Flux [L/T]      0.29919E-01
 WatBalT  [L]       -0.36412E-03
 WatBalR  [%]              0.007
----------------------------------------------------------

----------------------------------------------------------
 Time       [T]      120.0000
----------------------------------------------------------
 Sub-region num.                     1
----------------------------------------------------------
 Area     [L]        0.10000E+03  0.10000E+03
 W-volume [L]        0.31067E+02  0.31067E+02
 In-flow  [L/T]     -0.13307E-04 -0.13307E-04
 h Mean   [L]       -0.55926E+02 -0.55926E+02
 Top Flux [L/T]      0.30000E-01
 Bot Flux [L/T]      0.29965E-01
 WatBalT  [L]       -0.29624E-03
 WatBalR  [%]              0.004
----------------------------------------------------------

----------------------------------------------------------
 Time       [T]      140.0000
----------------------------------------------------------
 Sub-region num.                     1
----------------------------------------------------------
 Area     [L]        0.10000E+03  0.10000E+03
 W-volume [L]        0.31067E+02  0.31067E+02
 In-flow  [L/T]     -0.44554E-05 -0.44554E-05
 h Mean   [L]       -0.55928E+02 -0.55928E+02
 Top Flux [L/T]      0.30000E-01
 Bot Flux [L/T]      0.29993E-01
 WatBalT  [L]       -0.23365E-03
 WatBalR  [%]              0.003
----------------------------------------------------------

----------------------------------------------------------
 Time       [T]      160.0000
----------------------------------------------------------
 Sub-region num.                     1
----------------------------------------------------------
 Area     [L]        0.10000E+03  0.10000E+03
 W-volume [L]        0.31067E+02  0.31067E+02
 In-flow  [L/T]     -0.16838E-05 -0.16838E-05
 h Mean   [L]       -0.55929E+02 -0.55929E+02
 Top Flux [L/T]      0.30000E-01
 Bot Flux [L/T]      0.29993E-01
 WatBalT  [L]       -0.29773E-03
 WatBalR  [%]              0.003
----------------------------------------------------------

----------------------------------------------------------
 Time       [T]      180.0000
----------------------------------------------------------
 Sub-region num.                     1
----------------------------------------------------------
 Area     [L]        0.10000E+03  0.10000E+03
 W-volume [L]        0.31066E+02  0.31066E+02
 In-flow  [L/T]      0.34720E-05  0.34720E-05
 h Mean   [L]       -0.55929E+02 -0.55929E+02
 Top Flux [L/T]      0.30000E-01
 Bot Flux [L/T]      0.30011E-01
 WatBalT  [L]       -0.34875E-03
 WatBalR  [%]              0.003
----------------------------------------------------------

----------------------------------------------------------
 Time       [T]      200.0000
----------------------------------------------------------
 Sub-region num.                     1
----------------------------------------------------------
 Area     [L]        0.10000E+03  0.10000E+03
 W-volume [L]        0.31066E+02  0.31066E+02
 In-flow  [L/T]      0.32783E-06  0.32783E-06
 h Mean   [L]       -0.55929E+02 -0.55929E+02
 Top Flux [L/T]      0.30000E-01
 Bot Flux [L/T]      0.30011E-01
 WatBalT  [L]       -0.36842E-03
 WatBalR  [%]              0.003
----------------------------------------------------------

 Calculation time [sec]   2151936034.5000000     
