 ******* Program HYDRUS
 ******* Regime permanent loam, nappe a -100 cm, q_top = 0.03 cm/j               
 Date:   0. 0.    Time: 512:**:**
 Units: L = cm   , T = days , M = g    



                               Node( 11)                      Node( 31)                      Node( 51)                      Node( 81)

         time         h        theta    Temp         h        theta    Temp         h        theta    Temp         h        theta    Temp   
          0.0100      -90.00  0.2513   20.000        -70.00  0.2730   20.000        -50.00  0.3029   20.000        -20.00  0.3755   20.000
          0.0200      -90.00  0.2513   20.000        -70.00  0.2730   20.000        -50.00  0.3029   20.000        -20.00  0.3755   20.000
          0.0330      -90.00  0.2513   20.000        -70.00  0.2730   20.000        -50.00  0.3029   20.000        -20.00  0.3755   20.000
          0.0499      -90.00  0.2513   20.000        -70.00  0.2730   20.000        -50.00  0.3029   20.000        -20.00  0.3755   20.000
          0.0719      -90.00  0.2513   20.000        -70.00  0.2730   20.000        -50.00  0.3029   20.000        -20.00  0.3755   20.000
          0.1004      -90.00  0.2513   20.000        -70.00  0.2730   20.000        -50.00  0.3029   20.000        -20.00  0.3755   20.000
          0.1376      -90.01  0.2513   20.000        -70.00  0.2730   20.000        -50.00  0.3029   20.000        -20.00  0.3755   20.000
          0.1858      -90.03  0.2513   20.000        -70.00  0.2730   20.000        -50.00  0.3029   20.000        -20.00  0.3755   20.000
          0.2486      -90.07  0.2513   20.000        -70.00  0.2730   20.000        -50.00  0.3029   20.000        -20.00  0.3755   20.000
          0.3321      -90.14  0.2512   20.000        -70.00  0.2730   20.000        -50.00  0.3029   20.000        -20.00  0.3755   20.000
          0.4434      -90.26  0.2511   20.000        -70.00  0.2730   20.000        -50.00  0.3029   20.000        -20.00  0.3755   20.000
          0.5825      -90.44  0.2509   20.000        -70.00  0.2730   20.000        -50.00  0.3029   20.000        -20.00  0.3755   20.000
          0.7913      -90.74  0.2506   20.000        -70.01  0.2730   20.000        -50.00  0.3029   20.000        -20.00  0.3755   20.000
          1.0000      -91.05  0.2503   20.000        -70.02  0.2730   20.000        -50.00  0.3029   20.000        -20.00  0.3755   20.000
          1.2500      -91.41  0.2499   20.000        -70.04  0.2729   20.000        -50.00  0.3029   20.000        -20.00  0.3755   20.000
          1.6250      -91.95  0.2494   20.000        -70.09  0.2729   20.000        -50.01  0.3029   20.000        -20.00  0.3755   20.000
          2.0000      -92.46  0.2489   20.000        -70.16  0.2728   20.000        -50.01  0.3029   20.000        -20.00  0.3755   20.000
          2.3333      -92.90  0.2485   20.000        -70.23  0.2727   20.000        -50.02  0.3028   20.000        -20.00  0.3755   20.000
          3.0000      -93.70  0.2477   20.000        -70.40  0.2725   20.000        -50.05  0.3028   20.000        -20.00  0.3755   20.000
          3.5000      -94.28  0.2471   20.000        -70.54  0.2723   20.000        -50.07  0.3028   20.000        -20.00  0.3755   20.000
          4.0000      -94.83  0.2465   20.000        -70.69  0.2721   20.000        -50.10  0.3027   20.000        -20.01  0.3755   20.000
          5.0000      -95.81  0.2457   20.000        -71.00  0.2717   20.000        -50.18  0.3026   20.000        -20.01  0.3755   20.000
          6.0000      -96.71  0.2450   20.000        -71.30  0.2713   20.000        -50.26  0.3024   20.000        -20.02  0.3755   20.000
          7.0000      -97.53  0.2444   20.000        -71.60  0.2709   20.000        -50.34  0.3023   20.000        -20.02  0.3754   20.000
          8.0000      -98.29  0.2438   20.000        -71.89  0.2705   20.000        -50.42  0.3022   20.000        -20.03  0.3754   20.000
          9.0000      -98.98  0.2433   20.000        -72.16  0.2702   20.000        -50.51  0.3020   20.000        -20.03  0.3754   20.000
         10.0000      -99.63  0.2428   20.000        -72.42  0.2698   20.000        -50.59  0.3019   20.000        -20.04  0.3754   20.000
         11.0000     -100.23  0.2424   20.000        -72.66  0.2695   20.000        -50.66  0.3018   20.000        -20.05  0.3754   20.000
         12.0000     -100.79  0.2420   20.000        -72.89  0.2692   20.000        -50.74  0.3016   20.000        -20.05  0.3753   20.000
         13.0000     -101.32  0.2416   20.000        -73.10  0.2689   20.000        -50.80  0.3015   20.000        -20.06  0.3753   20.000
         14.0000     -101.81  0.2412   20.000        -73.30  0.2687   20.000        -50.87  0.3014   20.000        -20.06  0.3753   20.000
         15.0000     -102.27  0.2409   20.000        -73.49  0.2684   20.000        -50.92  0.3013   20.000        -20.07  0.3753   20.000
         16.0000     -102.70  0.2406   20.000        -73.66  0.2682   20.000        -50.98  0.3012   20.000        -20.07  0.3753   20.000
         17.0000     -103.11  0.2403   20.000        -73.82  0.2680   20.000        -51.03  0.3011   20.000        -20.07  0.3753   20.000
         18.0000     -103.49  0.2400   20.000        -73.98  0.2678   20.000        -51.08  0.3011   20.000        -20.08  0.3753   20.000
         19.0000     -103.85  0.2397   20.000        -74.12  0.2676   20.000        -51.12  0.3010   20.000        -20.08  0.3753   20.000
         20.0000     -104.19  0.2395   20.000        -74.25  0.2674   20.000        -51.16  0.3009   20.000        -20.08  0.3753   20.000
         21.0000     -104.51  0.2393   20.000        -74.37  0.2673   20.000        -51.20  0.3009   20.000        -20.09  0.3752   20.000
         22.0000     -104.81  0.2390   20.000        -74.49  0.2671   20.000        -51.24  0.3008   20.000        -20.09  0.3752   20.000
         23.0000     -105.09  0.2388   20.000        -74.60  0.2670   20.000        -51.27  0.3007   20.000        -20.09  0.3752   20.000
         24.0000     -105.35  0.2386   20.000        -74.71  0.2668   20.000        -51.30  0.3007   20.000        -20.09  0.3752   20.000
         25.0000     -105.60  0.2385   20.000        -74.80  0.2667   20.000        -51.33  0.3006   20.000        -20.10  0.3752   20.000
         26.0000     -105.83  0.2383   20.000        -74.89  0.2666   20.000        -51.36  0.3006   20.000        -20.10  0.3752   20.000
         27.0000     -106.06  0.2381   20.000        -74.98  0.2665   20.000        -51.38  0.3005   20.000        -20.10  0.3752   20.000
         28.0000     -106.26  0.2380   20.000        -75.05  0.2664   20.000        -51.41  0.3005   20.000        -20.10  0.3752   20.000
         29.0000     -106.46  0.2378   20.000        -75.13  0.2663   20.000        -51.43  0.3005   20.000        -20.10  0.3752   20.000
         30.0000     -106.64  0.2377   20.000        -75.20  0.2662   20.000        -51.45  0.3004   20.000        -20.10  0.3752   20.000
         31.0000     -106.81  0.2376   20.000        -75.26  0.2661   20.000        -51.47  0.3004   20.000        -20.11  0.3752   20.000
         32.0000     -106.97  0.2374   20.000        -75.32  0.2660   20.000        -51.49  0.3004   20.000        -20.11  0.3752   20.000
         33.0000     -107.12  0.2373   20.000        -75.38  0.2659   20.000        -51.51  0.3003   20.000        -20.11  0.3752   20.000
         34.0000     -107.27  0.2372   20.000        -75.43  0.2659   20.000        -51.52  0.3003   20.000        -20.11  0.3752   20.000
         35.0000     -107.40  0.2371   20.000        -75.48  0.2658   20.000        -51.54  0.3003   20.000        -20.11  0.3752   20.000
         36.0000     -107.53  0.2370   20.000        -75.53  0.2658   20.000        -51.55  0.3003   20.000        -20.11  0.3752   20.000
         37.0000     -107.65  0.2369   20.000        -75.58  0.2657   20.000        -51.56  0.3002   20.000        -20.11  0.3752   20.000
         38.0000     -107.76  0.2369   20.000        -75.62  0.2656   20.000        -51.57  0.3002   20.000        -20.11  0.3752   20.000
         39.0000     -107.87  0.2368   20.000        -75.66  0.2656   20.000        -51.59  0.3002   20.000        -20.11  0.3752   20.000
         40.0000     -107.97  0.2367   20.000        -75.69  0.2656   20.000        -51.60  0.3002   20.000        -20.12  0.3752   20.000
         41.0000     -108.06  0.2366   20.000        -75.73  0.2655   20.000        -51.61  0.3002   20.000        -20.12  0.3751   20.000
         42.0000     -108.15  0.2366   20.000        -75.76  0.2655   20.000        -51.62  0.3002   20.000        -20.12  0.3751   20.000
         43.0000     -108.23  0.2365   20.000        -75.79  0.2655   20.000        -51.63  0.3001   20.000        -20.12  0.3751   20.000
         44.0000     -108.31  0.2365   20.000        -75.82  0.2654   20.000        -51.63  0.3001   20.000        -20.12  0.3751   20.000
         45.0000     -108.38  0.2364   20.000        -75.85  0.2654   20.000        -51.64  0.3001   20.000        -20.12  0.3751   20.000
         46.0000     -108.45  0.2364   20.000        -75.87  0.2654   20.000        -51.65  0.3001   20.000        -20.12  0.3751   20.000
         47.0000     -108.51  0.2363   20.000        -75.89  0.2654   20.000        -51.66  0.3001   20.000        -20.12  0.3751   20.000
         48.0000     -108.57  0.2363   20.000        -75.92  0.2653   20.000        -51.66  0.3001   20.000        -20.12  0.3751   20.000
         49.0000     -108.63  0.2362   20.000        -75.94  0.2653   20.000        -51.67  0.3001   20.000        -20.12  0.3751   20.000
         50.0000     -108.68  0.2362   20.000        -75.96  0.2653   20.000        -51.67  0.3001   20.000        -20.12  0.3751   20.000
         51.0000     -108.74  0.2361   20.000        -75.98  0.2653   20.000        -51.68  0.3001   20.000        -20.12  0.3751   20.000
         52.0000     -108.78  0.2361   20.000        -75.99  0.2653   20.000        -51.68  0.3000   20.000        -20.12  0.3751   20.000
         53.0000     -108.83  0.2361   20.000        -76.01  0.2652   20.000        -51.69  0.3000   20.000        -20.12  0.3751   20.000
         54.0000     -108.87  0.2360   20.000        -76.02  0.2652   20.000        -51.69  0.3000   20.000        -20.12  0.3751   20.000
         55.0000     -108.91  0.2360   20.000        -76.04  0.2652   20.000        -51.70  0.3000   20.000        -20.12  0.3751   20.000
         56.0000     -108.95  0.2360   20.000        -76.05  0.2652   20.000        -51.70  0.3000   20.000        -20.12  0.3751   20.000
         57.0000     -108.98  0.2360   20.000        -76.07  0.2652   20.000        -51.70  0.3000   20.000        -20.12  0.3751   20.000
         58.0000     -109.01  0.2359   20.000        -76.08  0.2652   20.000        -51.71  0.3000   20.000        -20.12  0.3751   20.000
         59.0000     -109.04  0.2359   20.000        -76.09  0.2652   20.000        -51.71  0.3000   20.000        -20.12  0.3751   20.000
         60.0000     -109.07  0.2359   20.000        -76.10  0.2652   20.000        -51.71  0.3000   20.000        -20.12  0.3751   20.000
         61.0000     -109.10  0.2359   20.000        -76.11  0.2651   20.000        -51.72  0.3000   20.000        -20.12  0.3751   20.000
         62.0000     -109.13  0.2359   20.000        -76.12  0.2651   20.000        -51.72  0.3000   20.000        -20.12  0.3751   20.000
         63.0000     -109.15  0.2358   20.000        -76.13  0.2651   20.000        -51.72  0.3000   20.000        -20.12  0.3751   20.000
         64.0000     -109.17  0.2358   20.000        -76.13  0.2651   20.000        -51.73  0.3000   20.000        -20.12  0.3751   20.000
         65.0000     -109.20  0.2358   20.000        -76.14  0.2651   20.000        -51.73  0.3000   20.000        -20.13  0.3751   20.000
         66.0000     -109.22  0.2358   20.000        -76.15  0.2651   20.000        -51.73  0.3000   20.000        -20.13  0.3751   20.000
         67.0000     -109.24  0.2358   20.000        -76.16  0.2651   20.000        -51.73  0.3000   20.000        -20.13  0.3751   20.000
         68.0000     -109.25  0.2358   20.000        -76.16  0.2651   20.000        -51.73  0.3000   20.000        -20.13  0.3751   20.000
         69.0000     -109.27  0.2358   20.000        -76.17  0.2651   20.000        -51.74  0.3000   20.000        -20.13  0.3751   20.000
         70.0000     -109.29  0.2357   20.000        -76.18  0.2651   20.000        -51.74  0.3000   20.000        -20.13  0.3751   20.000
         71.0000     -109.30  0.2357   20.000        -76.18  0.2651   20.000        -51.74  0.3000   20.000        -20.13  0.3751   20.000
         72.0000     -109.31  0.2357   20.000        -76.19  0.2651   20.000        -51.74  0.3000   20.000        -20.13  0.3751   20.000
         73.0000     -109.33  0.2357   20.000        -76.19  0.2651   20.000        -51.74  0.2999   20.000        -20.13  0.3751   20.000
         74.0000     -109.34  0.2357   20.000        -76.19  0.2651   20.000        -51.74  0.2999   20.000        -20.13  0.3751   20.000
         75.0000     -109.35  0.2357   20.000        -76.20  0.2651   20.000        -51.74  0.2999   20.000        -20.13  0.3751   20.000
         76.0000     -109.36  0.2357   20.000        -76.20  0.2650   20.000        -51.74  0.2999   20.000        -20.13  0.3751   20.000
         77.0000     -109.37  0.2357   20.000        -76.21  0.2650   20.000        -51.75  0.2999   20.000        -20.13  0.3751   20.000
         78.0000     -109.38  0.2357   20.000        -76.21  0.2650   20.000        -51.75  0.2999   20.000        -20.13  0.3751   20.000
         79.0000     -109.39  0.2357   20.000        -76.21  0.2650   20.000        -51.75  0.2999   20.000        -20.13  0.3751   20.000
         80.0000     -109.40  0.2357   20.000        -76.22  0.2650   20.000        -51.75  0.2999   20.000        -20.13  0.3751   20.000
         81.0000     -109.41  0.2357   20.000        -76.22  0.2650   20.000        -51.75  0.2999   20.000        -20.13  0.3751   20.000
         82.0000     -109.42  0.2356   20.000        -76.22  0.2650   20.000        -51.75  0.2999   20.000        -20.13  0.3751   20.000
         83.0000     -109.42  0.2356   20.000        -76.22  0.2650   20.000        -51.75  0.2999   20.000        -20.13  0.3751   20.000
         84.0000     -109.43  0.2356   20.000        -76.23  0.2650   20.000        -51.75  0.2999   20.000        -20.13  0.3751   20.000
         85.0000     -109.44  0.2356   20.000        -76.23  0.2650   20.000        -51.75  0.2999   20.000        -20.13  0.3751   20.000
         86.0000     -109.44  0.2356   20.000        -76.23  0.2650   20.000        -51.75  0.2999   20.000        -20.13  0.3751   20.000
         87.0000     -109.45  0.2356   20.000        -76.23  0.2650   20.000        -51.75  0.2999   20.000        -20.13  0.3751   20.000
         88.0000     -109.45  0.2356   20.000        -76.24  0.2650   20.000        -51.75  0.2999   20.000        -20.13  0.3751   20.000
         89.0000     -109.46  0.2356   20.000        -76.24  0.2650   20.000        -51.75  0.2999   20.000        -20.13  0.3751   20.000
         90.0000     -109.46  0.2356   20.000        -76.24  0.2650   20.000        -51.75  0.2999   20.000        -20.13  0.3751   20.000
         91.0000     -109.47  0.2356   20.000        -76.24  0.2650   20.000        -51.76  0.2999   20.000        -20.13  0.3751   20.000
         92.0000     -109.47  0.2356   20.000        -76.24  0.2650   20.000        -51.76  0.2999   20.000        -20.13  0.3751   20.000
         93.0000     -109.47  0.2356   20.000        -76.24  0.2650   20.000        -51.76  0.2999   20.000        -20.13  0.3751   20.000
         94.0000     -109.48  0.2356   20.000        -76.24  0.2650   20.000        -51.76  0.2999   20.000        -20.13  0.3751   20.000
         95.0000     -109.48  0.2356   20.000        -76.25  0.2650   20.000        -51.76  0.2999   20.000        -20.13  0.3751   20.000
         96.0000     -109.48  0.2356   20.000        -76.25  0.2650   20.000        -51.76  0.2999   20.000        -20.13  0.3751   20.000
         97.0000     -109.49  0.2356   20.000        -76.25  0.2650   20.000        -51.76  0.2999   20.000        -20.13  0.3751   20.000
         98.0000     -109.49  0.2356   20.000        -76.25  0.2650   20.000        -51.76  0.2999   20.000        -20.13  0.3751   20.000
         99.0000     -109.49  0.2356   20.000        -76.25  0.2650   20.000        -51.76  0.2999   20.000        -20.13  0.3751   20.000
        100.0000     -109.50  0.2356   20.000        -76.25  0.2650   20.000        -51.76  0.2999   20.000        -20.13  0.3751   20.000
        101.0000     -109.50  0.2356   20.000        -76.25  0.2650   20.000        -51.76  0.2999   20.000        -20.13  0.3751   20.000
        102.0000     -109.50  0.2356   20.000        -76.25  0.2650   20.000        -51.76  0.2999   20.000        -20.13  0.3751   20.000
        103.0000     -109.50  0.2356   20.000        -76.25  0.2650   20.000        -51.76  0.2999   20.000        -20.13  0.3751   20.000
        104.0000     -109.50  0.2356   20.000        -76.25  0.2650   20.000        -51.76  0.2999   20.000        -20.13  0.3751   20.000
        105.0000     -109.51  0.2356   20.000        -76.25  0.2650   20.000        -51.76  0.2999   20.000        -20.13  0.3751   20.000
        106.0000     -109.51  0.2356   20.000        -76.26  0.2650   20.000        -51.76  0.2999   20.000        -20.13  0.3751   20.000
        107.0000     -109.51  0.2356   20.000        -76.26  0.2650   20.000        -51.76  0.2999   20.000        -20.13  0.3751   20.000
        108.0000     -109.51  0.2356   20.000        -76.26  0.2650   20.000        -51.76  0.2999   20.000        -20.13  0.3751   20.000
        109.0000     -109.51  0.2356   20.000        -76.26  0.2650   20.000        -51.76  0.2999   20.000        -20.13  0.3751   20.000
        110.0000     -109.51  0.2356   20.000        -76.26  0.2650   20.000        -51.76  0.2999   20.000        -20.13  0.3751   20.000
        111.0000     -109.51  0.2356   20.000        -76.26  0.2650   20.000        -51.76  0.2999   20.000        -20.13  0.3751   20.000
        112.0000     -109.52  0.2356   20.000        -76.26  0.2650   20.000        -51.76  0.2999   20.000        -20.13  0.3751   20.000
        113.0000     -109.52  0.2356   20.000        -76.26  0.2650   20.000        -51.76  0.2999   20.000        -20.13  0.3751   20.000
        114.0000     -109.52  0.2356   20.000        -76.26  0.2650   20.000        -51.76  0.2999   20.000        -20.13  0.3751   20.000
        115.0000     -109.52  0.2356   20.000        -76.26  0.2650   20.000        -51.76  0.2999   20.000        -20.13  0.3751   20.000
        116.0000     -109.52  0.2356   20.000        -76.26  0.2650   20.000        -51.76  0.2999   20.000        -20.13  0.3751   20.000
        117.0000     -109.52  0.2356   20.000        -76.26  0.2650   20.000        -51.76  0.2999   20.000        -20.13  0.3751   20.000
        118.0000     -109.52  0.2356   20.000        -76.26  0.2650   20.000        -51.76  0.2999   20.000        -20.13  0.3751   20.000
        119.0000     -109.52  0.2356   20.000        -76.26  0.2650   20.000        -51.76  0.2999   20.000        -20.13  0.3751   20.000
        120.0000     -109.52  0.2356   20.000        -76.26  0.2650   20.000        -51.76  0.2999   20.000        -20.13  0.3751   20.000
        121.0000     -109.52  0.2356   20.000        -76.26  0.2650   20.000        -51.76  0.2999   20.000        -20.13  0.3751   20.000
        122.0000     -109.52  0.2356   20.000        -76.26  0.2650   20.000        -51.76  0.2999   20.000        -20.13  0.3751   20.000
        123.0000     -109.52  0.2356   20.000        -76.26  0.2650   20.000        -51.76  0.2999   20.000        -20.13  0.3751   20.000
        124.0000     -109.53  0.2356   20.000        -76.26  0.2650   20.000        -51.76  0.2999   20.000        -20.13  0.3751   20.000
        125.0000     -109.53  0.2356   20.000        -76.26  0.2650   20.000        -51.76  0.2999   20.000        -20.13  0.3751   20.000
        126.0000     -109.53  0.2356   20.000        -76.26  0.2650   20.000        -51.76  0.2999   20.000        -20.13  0.3751   20.000
        127.0000     -109.53  0.2356   20.000        -76.26  0.2650   20.000        -51.76  0.2999   20.000        -20.13  0.3751   20.000
        128.0000     -109.53  0.2356   20.000        -76.26  0.2650   20.000        -51.76  0.2999   20.000        -20.13  0.3751   20.000
        129.0000     -109.53  0.2356   20.000        -76.26  0.2650   20.000        -51.76  0.2999   20.000        -20.13  0.3751   20.000
        130.0000     -109.53  0.2356   20.000        -76.26  0.2650   20.000        -51.76  0.2999   20.000        -20.13  0.3751   20.000
        131.0000     -109.53  0.2356   20.000        -76.26  0.2650   20.000        -51.76  0.2999   20.000        -20.13  0.3751   20.000
        132.0000     -109.53  0.2356   20.000        -76.26  0.2650   20.000        -51.76  0.2999   20.000        -20.13  0.3751   20.000
        133.0000     -109.53  0.2356   20.000        -76.26  0.2650   20.000        -51.76  0.2999   20.000        -20.13  0.3751   20.000
        134.0000     -109.53  0.2356   20.000        -76.26  0.2650   20.000        -51.76  0.2999   20.000        -20.13  0.3751   20.000
        135.0000     -109.53  0.2356   20.000        -76.26  0.2650   20.000        -51.76  0.2999   20.000        -20.13  0.3751   20.000
        136.0000     -109.53  0.2356   20.000        -76.26  0.2650   20.000        -51.76  0.2999   20.000        -20.13  0.3751   20.000
        137.0000     -109.53  0.2356   20.000        -76.26  0.2650   20.000        -51.76  0.2999   20.000        -20.13  0.3751   20.000
        138.0000     -109.53  0.2356   20.000        -76.26  0.2650   20.000        -51.76  0.2999   20.000        -20.13  0.3751   20.000
        139.0000     -109.53  0.2356   20.000        -76.26  0.2650   20.000        -51.76  0.2999   20.000        -20.13  0.3751   20.000
        140.0000     -109.53  0.2356   20.000        -76.26  0.2650   20.000        -51.76  0.2999   20.000        -20.13  0.3751   20.000
        141.0000     -109.53  0.2356   20.000        -76.26  0.2650   20.000        -51.76  0.2999   20.000        -20.13  0.3751   20.000
        142.0000     -109.53  0.2356   20.000        -76.26  0.2650   20.000        -51.76  0.2999   20.000        -20.13  0.3751   20.000
        143.0000     -109.53  0.2356   20.000        -76.26  0.2650   20.000        -51.76  0.2999   20.000        -20.13  0.3751   20.000
        144.0000     -109.53  0.2356   20.000        -76.26  0.2650   20.000        -51.76  0.2999   20.000        -20.13  0.3751   20.000
        145.0000     -109.53  0.2356   20.000        -76.26  0.2650   20.000        -51.76  0.2999   20.000        -20.13  0.3751   20.000
        146.0000     -109.53  0.2356   20.000        -76.26  0.2650   20.000        -51.76  0.2999   20.000        -20.13  0.3751   20.000
        147.0000     -109.53  0.2356   20.000        -76.26  0.2650   20.000        -51.76  0.2999   20.000        -20.13  0.3751   20.000
        148.0000     -109.53  0.2356   20.000        -76.26  0.2650   20.000        -51.76  0.2999   20.000        -20.13  0.3751   20.000
        149.0000     -109.53  0.2356   20.000        -76.26  0.2650   20.000        -51.76  0.2999   20.000        -20.13  0.3751   20.000
        150.0000     -109.53  0.2356   20.000        -76.26  0.2650   20.000        -51.76  0.2999   20.000        -20.13  0.3751   20.000
        151.0000     -109.53  0.2356   20.000        -76.26  0.2650   20.000        -51.76  0.2999   20.000        -20.13  0.3751   20.000
        152.0000     -109.53  0.2356   20.000        -76.26  0.2650   20.000        -51.76  0.2999   20.000        -20.13  0.3751   20.000
        153.0000     -109.53  0.2356   20.000        -76.26  0.2650   20.000        -51.76  0.2999   20.000        -20.13  0.3751   20.000
        154.0000     -109.53  0.2356   20.000        -76.26  0.2650   20.000        -51.76  0.2999   20.000        -20.13  0.3751   20.000
        155.0000     -109.53  0.2356   20.000        -76.26  0.2650   20.000        -51.76  0.2999   20.000        -20.13  0.3751   20.000
        156.0000     -109.53  0.2356   20.000        -76.26  0.2650   20.000        -51.76  0.2999   20.000        -20.13  0.3751   20.000
        157.0000     -109.53  0.2356   20.000        -76.26  0.2650   20.000        -51.76  0.2999   20.000        -20.13  0.3751   20.000
        158.0000     -109.53  0.2356   20.000        -76.26  0.2650   20.000        -51.76  0.2999   20.000        -20.13  0.3751   20.000
        159.0000     -109.53  0.2356   20.000        -76.26  0.2650   20.000        -51.76  0.2999   20.000        -20.13  0.3751   20.000
        160.0000     -109.53  0.2356   20.000        -76.26  0.2650   20.000        -51.76  0.2999   20.000        -20.13  0.3751   20.000
        161.0000     -109.53  0.2356   20.000        -76.26  0.2650   20.000        -51.76  0.2999   20.000        -20.13  0.3751   20.000
        162.0000     -109.53  0.2356   20.000        -76.26  0.2650   20.000        -51.76  0.2999   20.000        -20.13  0.3751   20.000
        163.0000     -109.53  0.2356   20.000        -76.26  0.2650   20.000        -51.76  0.2999   20.000        -20.13  0.3751   20.000
        164.0000     -109.53  0.2356   20.000        -76.26  0.2650   20.000        -51.76  0.2999   20.000        -20.13  0.3751   20.000
        165.0000     -109.53  0.2356   20.000        -76.26  0.2650   20.000        -51.76  0.2999   20.000        -20.13  0.3751   20.000
        166.0000     -109.53  0.2356   20.000        -76.26  0.2650   20.000        -51.76  0.2999   20.000        -20.13  0.3751   20.000
        167.0000     -109.53  0.2356   20.000        -76.26  0.2650   20.000        -51.76  0.2999   20.000        -20.13  0.3751   20.000
        168.0000     -109.53  0.2356   20.000        -76.26  0.2650   20.000        -51.76  0.2999   20.000        -20.13  0.3751   20.000
        169.0000     -109.53  0.2356   20.000        -76.26  0.2650   20.000        -51.76  0.2999   20.000        -20.13  0.3751   20.000
        170.0000     -109.53  0.2356   20.000        -76.26  0.2650   20.000        -51.76  0.2999   20.000        -20.13  0.3751   20.000
        171.0000     -109.53  0.2356   20.000        -76.26  0.2650   20.000        -51.76  0.2999   20.000        -20.13  0.3751   20.000
        172.0000     -109.53  0.2356   20.000        -76.26  0.2650   20.000        -51.76  0.2999   20.000        -20.13  0.3751   20.000
        173.0000     -109.53  0.2356   20.000        -76.26  0.2650   20.000        -51.76  0.2999   20.000        -20.13  0.3751   20.000
        174.0000     -109.53  0.2356   20.000        -76.26  0.2650   20.000        -51.76  0.2999   20.000        -20.13  0.3751   20.000
        175.0000     -109.53  0.2356   20.000        -76.26  0.2650   20.000        -51.76  0.2999   20.000        -20.13  0.3751   20.000
        176.0000     -109.53  0.2356   20.000        -76.26  0.2650   20.000        -51.76  0.2999   20.000        -20.13  0.3751   20.000
        177.0000     -109.53  0.2356   20.000        -76.26  0.2650   20.000        -51.76  0.2999   20.000        -20.13  0.3751   20.000
        178.0000     -109.53  0.2356   20.000        -76.26  0.2650   20.000        -51.76  0.2999   20.000        -20.13  0.3751   20.000
        179.0000     -109.53  0.2356   20.000        -76.26  0.2650   20.000        -51.76  0.2999   20.000        -20.13  0.3751   20.000
        180.0000     -109.53  0.2356   20.000        -76.26  0.2650   20.000        -51.76  0.2999   20.000        -20.13  0.3751   20.000
        181.0000     -109.53  0.2356   20.000        -76.26  0.2650   20.000        -51.76  0.2999   20.000        -20.13  0.3751   20.000
        182.0000     -109.53  0.2356   20.000        -76.26  0.2650   20.000        -51.76  0.2999   20.000        -20.13  0.3751   20.000
        183.0000     -109.53  0.2356   20.000        -76.26  0.2650   20.000        -51.76  0.2999   20.000        -20.13  0.3751   20.000
        184.0000     -109.53  0.2356   20.000        -76.26  0.2650   20.000        -51.76  0.2999   20.000        -20.13  0.3751   20.000
        185.0000     -109.53  0.2356   20.000        -76.26  0.2650   20.000        -51.76  0.2999   20.000        -20.13  0.3751   20.000
        186.0000     -109.53  0.2356   20.000        -76.26  0.2650   20.000        -51.76  0.2999   20.000        -20.13  0.3751   20.000
        187.0000     -109.53  0.2356   20.000        -76.26  0.2650   20.000        -51.76  0.2999   20.000        -20.13  0.3751   20.000
        188.0000     -109.53  0.2356   20.000        -76.26  0.2650   20.000        -51.76  0.2999   20.000        -20.13  0.3751   20.000
        189.0000     -109.53  0.2356   20.000        -76.26  0.2650   20.000        -51.76  0.2999   20.000        -20.13  0.3751   20.000
        190.0000     -109.53  0.2356   20.000        -76.26  0.2650   20.000        -51.76  0.2999   20.000        -20.13  0.3751   20.000
        191.0000     -109.53  0.2356   20.000        -76.26  0.2650   20.000        -51.76  0.2999   20.000        -20.13  0.3751   20.000
        192.0000     -109.53  0.2356   20.000        -76.26  0.2650   20.000        -51.76  0.2999   20.000        -20.13  0.3751   20.000
        193.0000     -109.53  0.2356   20.000        -76.26  0.2650   20.000        -51.76  0.2999   20.000        -20.13  0.3751   20.000
        194.0000     -109.53  0.2356   20.000        -76.26  0.2650   20.000        -51.76  0.2999   20.000        -20.13  0.3751   20.000
        195.0000     -109.53  0.2356   20.000        -76.26  0.2650   20.000        -51.76  0.2999   20.000        -20.13  0.3751   20.000
        196.0000     -109.53  0.2356   20.000        -76.26  0.2650   20.000        -51.76  0.2999   20.000        -20.13  0.3751   20.000
        197.0000     -109.53  0.2356   20.000        -76.26  0.2650   20.000        -51.76  0.2999   20.000        -20.13  0.3751   20.000
        198.0000     -109.53  0.2356   20.000        -76.26  0.2650   20.000        -51.76  0.2999   20.000        -20.13  0.3751   20.000
        199.0000     -109.53  0.2356   20.000        -76.26  0.2650   20.000        -51.76  0.2999   20.000        -20.13  0.3751   20.000
        200.0000     -109.53  0.2356   20.000        -76.26  0.2650   20.000        -51.76  0.2999   20.000        -20.13  0.3751   20.000
end
