 ******* Program HYDRUS
 ******* Regime permanent loam, nappe a -100 cm, q_top = 0.03 cm/j               
 Date:   0. 0.    Time: 512:**:**
 Units: L = cm   , T = days , M = g    


    TLevel      Time          dt      Iter    ItCum  KodT  KodB  Convergency

        1  0.1000000E-01  0.10000E-01    3        3    -1     1     T
        2  0.2000000E-01  0.10000E-01    2        5    -1     1     T
        3  0.3300000E-01  0.13000E-01    2        7    -1     1     T
        4  0.4990000E-01  0.16900E-01    2        9    -1     1     T
        5  0.7187000E-01  0.21970E-01    2       11    -1     1     T
        6  0.1004310E+00  0.28561E-01    2       13    -1     1     T
        7  0.1375603E+00  0.37129E-01    2       15    -1     1     T
        8  0.1858284E+00  0.48268E-01    2       17    -1     1     T
        9  0.2485769E+00  0.62748E-01    2       19    -1     1     T
       10  0.3320683E+00  0.83491E-01    2       21    -1     1     T
       11  0.4433903E+00  0.11132E+00    2       23    -1     1     T
       12  0.5825427E+00  0.13915E+00    2       25    -1     1     T
       13  0.7912714E+00  0.20873E+00    2       27    -1     1     T
       14  0.1000000E+01  0.20873E+00    2       29    -1     1     T
       15  0.1250000E+01  0.25000E+00    2       31    -1     1     T
       16  0.1625000E+01  0.37500E+00    2       33    -1     1     T
       17  0.2000000E+01  0.37500E+00    2       35    -1     1     T
       18  0.2333333E+01  0.33333E+00    2       37    -1     1     T
       19  0.3000000E+01  0.66667E+00    2       39    -1     1     T
       20  0.3500000E+01  0.50000E+00    2       41    -1     1     T
       21  0.4000000E+01  0.50000E+00    2       43    -1     1     T
       22  0.5000000E+01  0.10000E+01    2       45    -1     1     T
       23  0.6000000E+01  0.10000E+01    2       47    -1     1     T
       24  0.7000000E+01  0.10000E+01    2       49    -1     1     T
       25  0.8000000E+01  0.10000E+01    2       51    -1     1     T
       26  0.9000000E+01  0.10000E+01    2       53    -1     1     T
       27  0.1000000E+02  0.10000E+01    2       55    -1     1     T
       28  0.1100000E+02  0.10000E+01    2       57    -1     1     T
       29  0.1200000E+02  0.10000E+01    2       59    -1     1     T
       30  0.1300000E+02  0.10000E+01    2       61    -1     1     T
       31  0.1400000E+02  0.10000E+01    2       63    -1     1     T
       32  0.1500000E+02  0.10000E+01    2       65    -1     1     T
       33  0.1600000E+02  0.10000E+01    2       67    -1     1     T
       34  0.1700000E+02  0.10000E+01    2       69    -1     1     T
       35  0.1800000E+02  0.10000E+01    2       71    -1     1     T
       36  0.1900000E+02  0.10000E+01    2       73    -1     1     T
       37  0.2000000E+02  0.10000E+01    2       75    -1     1     T
       38  0.2100000E+02  0.10000E+01    2       77    -1     1     T
       39  0.2200000E+02  0.10000E+01    2       79    -1     1     T
       40  0.2300000E+02  0.10000E+01    2       81    -1     1     T
       41  0.2400000E+02  0.10000E+01    2       83    -1     1     T
       42  0.2500000E+02  0.10000E+01    2       85    -1     1     T
       43  0.2600000E+02  0.10000E+01    2       87    -1     1     T
       44  0.2700000E+02  0.10000E+01    2       89    -1     1     T
       45  0.2800000E+02  0.10000E+01    2       91    -1     1     T
       46  0.2900000E+02  0.10000E+01    2       93    -1     1     T
       47  0.3000000E+02  0.10000E+01    2       95    -1     1     T
       48  0.3100000E+02  0.10000E+01    2       97    -1     1     T
       49  0.3200000E+02  0.10000E+01    2       99    -1     1     T
       50  0.3300000E+02  0.10000E+01    2      101    -1     1     T
       51  0.3400000E+02  0.10000E+01    2      103    -1     1     T
       52  0.3500000E+02  0.10000E+01    2      105    -1     1     T
       53  0.3600000E+02  0.10000E+01    2      107    -1     1     T
       54  0.3700000E+02  0.10000E+01    2      109    -1     1     T
       55  0.3800000E+02  0.10000E+01    2      111    -1     1     T
       56  0.3900000E+02  0.10000E+01    2      113    -1     1     T
       57  0.4000000E+02  0.10000E+01    2      115    -1     1     T
       58  0.4100000E+02  0.10000E+01    2      117    -1     1     T
       59  0.4200000E+02  0.10000E+01    2      119    -1     1     T
       60  0.4300000E+02  0.10000E+01    2      121    -1     1     T
       61  0.4400000E+02  0.10000E+01    2      123    -1     1     T
       62  0.4500000E+02  0.10000E+01    2      125    -1     1     T
       63  0.4600000E+02  0.10000E+01    2      127    -1     1     T
       64  0.4700000E+02  0.10000E+01    2      129    -1     1     T
       65  0.4800000E+02  0.10000E+01    2      131    -1     1     T
       66  0.4900000E+02  0.10000E+01    2      133    -1     1     T
       67  0.5000000E+02  0.10000E+01    2      135    -1     1     T
       68  0.5100000E+02  0.10000E+01    2      137    -1     1     T
       69  0.5200000E+02  0.10000E+01    2      139    -1     1     T
       70  0.5300000E+02  0.10000E+01    2      141    -1     1     T
       71  0.5400000E+02  0.10000E+01    2      143    -1     1     T
       72  0.5500000E+02  0.10000E+01    2      145    -1     1     T
       73  0.5600000E+02  0.10000E+01    2      147    -1     1     T
       74  0.5700000E+02  0.10000E+01    2      149    -1     1     T
       75  0.5800000E+02  0.10000E+01    2      151    -1     1     T
       76  0.5900000E+02  0.10000E+01    2      153    -1     1     T
       77  0.6000000E+02  0.10000E+01    2      155    -1     1     T
       78  0.6100000E+02  0.10000E+01    2      157    -1     1     T
       79  0.6200000E+02  0.10000E+01    2      159    -1     1     T
       80  0.6300000E+02  0.10000E+01    2      161    -1     1     T
       81  0.6400000E+02  0.10000E+01    2      163    -1     1     T
       82  0.6500000E+02  0.10000E+01    2      165    -1     1     T
       83  0.6600000E+02  0.10000E+01    2      167    -1     1     T
       84  0.6700000E+02  0.10000E+01    2      169    -1     1     T
       85  0.6800000E+02  0.10000E+01    2      171    -1     1     T
       86  0.6900000E+02  0.10000E+01    2      173    -1     1     T
       87  0.7000000E+02  0.10000E+01    2      175    -1     1     T
       88  0.7100000E+02  0.10000E+01    2      177    -1     1     T
       89  0.7200000E+02  0.10000E+01    2      179    -1     1     T
       90  0.7300000E+02  0.10000E+01    2      181    -1     1     T
       91  0.7400000E+02  0.10000E+01    2      183    -1     1     T
       92  0.7500000E+02  0.10000E+01    2      185    -1     1     T
       93  0.7600000E+02  0.10000E+01    2      187    -1     1     T
       94  0.7700000E+02  0.10000E+01    2      189    -1     1     T
       95  0.7800000E+02  0.10000E+01    2      191    -1     1     T
       96  0.7900000E+02  0.10000E+01    2      193    -1     1     T
       97  0.8000000E+02  0.10000E+01    2      195    -1     1     T
       98  0.8100000E+02  0.10000E+01    2      197    -1     1     T
       99  0.8200000E+02  0.10000E+01    2      199    -1     1     T
      100  0.8300000E+02  0.10000E+01    2      201    -1     1     T
      101  0.8400000E+02  0.10000E+01    2      203    -1     1     T
      102  0.8500000E+02  0.10000E+01    2      205    -1     1     T
      103  0.8600000E+02  0.10000E+01    2      207    -1     1     T
      104  0.8700000E+02  0.10000E+01    2      209    -1     1     T
      105  0.8800000E+02  0.10000E+01    2      211    -1     1     T
      106  0.8900000E+02  0.10000E+01    2      213    -1     1     T
      107  0.9000000E+02  0.10000E+01    2      215    -1     1     T
      108  0.9100000E+02  0.10000E+01    2      217    -1     1     T
      109  0.9200000E+02  0.10000E+01    2      219    -1     1     T
      110  0.9300000E+02  0.10000E+01    2      221    -1     1     T
      111  0.9400000E+02  0.10000E+01    2      223    -1     1     T
      112  0.9500000E+02  0.10000E+01    2      225    -1     1     T
      113  0.9600000E+02  0.10000E+01    2      227    -1     1     T
      114  0.9700000E+02  0.10000E+01    2      229    -1     1     T
      115  0.9800000E+02  0.10000E+01    2      231    -1     1     T
      116  0.9900000E+02  0.10000E+01    2      233    -1     1     T
      117  0.1000000E+03  0.10000E+01    2      235    -1     1     T
      118  0.1010000E+03  0.10000E+01    2      237    -1     1     T
      119  0.1020000E+03  0.10000E+01    2      239    -1     1     T
      120  0.1030000E+03  0.10000E+01    2      241    -1     1     T
      121  0.1040000E+03  0.10000E+01    2      243    -1     1     T
      122  0.1050000E+03  0.10000E+01    2      245    -1     1     T
      123  0.1060000E+03  0.10000E+01    2      247    -1     1     T
      124  0.1070000E+03  0.10000E+01    2      249    -1     1     T
      125  0.1080000E+03  0.10000E+01    2      251    -1     1     T
      126  0.1090000E+03  0.10000E+01    2      253    -1     1     T
      127  0.1100000E+03  0.10000E+01    2      255    -1     1     T
      128  0.1110000E+03  0.10000E+01    2      257    -1     1     T
      129  0.1120000E+03  0.10000E+01    2      259    -1     1     T
      130  0.1130000E+03  0.10000E+01    2      261    -1     1     T
      131  0.1140000E+03  0.10000E+01    2      263    -1     1     T
      132  0.1150000E+03  0.10000E+01    2      265    -1     1     T
      133  0.1160000E+03  0.10000E+01    2      267    -1     1     T
      134  0.1170000E+03  0.10000E+01    2      269    -1     1     T
      135  0.1180000E+03  0.10000E+01    2      271    -1     1     T
      136  0.1190000E+03  0.10000E+01    2      273    -1     1     T
      137  0.1200000E+03  0.10000E+01    2      275    -1     1     T
      138  0.1210000E+03  0.10000E+01    2      277    -1     1     T
      139  0.1220000E+03  0.10000E+01    2      279    -1     1     T
      140  0.1230000E+03  0.10000E+01    2      281    -1     1     T
      141  0.1240000E+03  0.10000E+01    2      283    -1     1     T
      142  0.1250000E+03  0.10000E+01    2      285    -1     1     T
      143  0.1260000E+03  0.10000E+01    2      287    -1     1     T
      144  0.1270000E+03  0.10000E+01    2      289    -1     1     T
      145  0.1280000E+03  0.10000E+01    2      291    -1     1     T
      146  0.1290000E+03  0.10000E+01    2      293    -1     1     T
      147  0.1300000E+03  0.10000E+01    2      295    -1     1     T
      148  0.1310000E+03  0.10000E+01    2      297    -1     1     T
      149  0.1320000E+03  0.10000E+01    2      299    -1     1     T
      150  0.1330000E+03  0.10000E+01    2      301    -1     1     T
      151  0.1340000E+03  0.10000E+01    2      303    -1     1     T
      152  0.1350000E+03  0.10000E+01    2      305    -1     1     T
      153  0.1360000E+03  0.10000E+01    2      307    -1     1     T
      154  0.1370000E+03  0.10000E+01    2      309    -1     1     T
      155  0.1380000E+03  0.10000E+01    2      311    -1     1     T
      156  0.1390000E+03  0.10000E+01    2      313    -1     1     T
      157  0.1400000E+03  0.10000E+01    2      315    -1     1     T
      158  0.1410000E+03  0.10000E+01    2      317    -1     1     T
      159  0.1420000E+03  0.10000E+01    2      319    -1     1     T
      160  0.1430000E+03  0.10000E+01    2      321    -1     1     T
      161  0.1440000E+03  0.10000E+01    2      323    -1     1     T
      162  0.1450000E+03  0.10000E+01    2      325    -1     1     T
      163  0.1460000E+03  0.10000E+01    2      327    -1     1     T
      164  0.1470000E+03  0.10000E+01    2      329    -1     1     T
      165  0.1480000E+03  0.10000E+01    2      331    -1     1     T
      166  0.1490000E+03  0.10000E+01    2      333    -1     1     T
      167  0.1500000E+03  0.10000E+01    2      335    -1     1     T
      168  0.1510000E+03  0.10000E+01    2      337    -1     1     T
      169  0.1520000E+03  0.10000E+01    2      339    -1     1     T
      170  0.1530000E+03  0.10000E+01    2      341    -1     1     T
      171  0.1540000E+03  0.10000E+01    2      343    -1     1     T
      172  0.1550000E+03  0.10000E+01    2      345    -1     1     T
      173  0.1560000E+03  0.10000E+01    2      347    -1     1     T
      174  0.1570000E+03  0.10000E+01    2      349    -1     1     T
      175  0.1580000E+03  0.10000E+01    2      351    -1     1     T
      176  0.1590000E+03  0.10000E+01    2      353    -1     1     T
      177  0.1600000E+03  0.10000E+01    2      355    -1     1     T
      178  0.1610000E+03  0.10000E+01    2      357    -1     1     T
      179  0.1620000E+03  0.10000E+01    2      359    -1     1     T
      180  0.1630000E+03  0.10000E+01    2      361    -1     1     T
      181  0.1640000E+03  0.10000E+01    2      363    -1     1     T
      182  0.1650000E+03  0.10000E+01    2      365    -1     1     T
      183  0.1660000E+03  0.10000E+01    2      367    -1     1     T
      184  0.1670000E+03  0.10000E+01    2      369    -1     1     T
      185  0.1680000E+03  0.10000E+01    2      371    -1     1     T
      186  0.1690000E+03  0.10000E+01    2      373    -1     1     T
      187  0.1700000E+03  0.10000E+01    2      375    -1     1     T
      188  0.1710000E+03  0.10000E+01    2      377    -1     1     T
      189  0.1720000E+03  0.10000E+01    2      379    -1     1     T
      190  0.1730000E+03  0.10000E+01    2      381    -1     1     T
      191  0.1740000E+03  0.10000E+01    2      383    -1     1     T
      192  0.1750000E+03  0.10000E+01    2      385    -1     1     T
      193  0.1760000E+03  0.10000E+01    2      387    -1     1     T
      194  0.1770000E+03  0.10000E+01    2      389    -1     1     T
      195  0.1780000E+03  0.10000E+01    2      391    -1     1     T
      196  0.1790000E+03  0.10000E+01    2      393    -1     1     T
      197  0.1800000E+03  0.10000E+01    2      395    -1     1     T
      198  0.1810000E+03  0.10000E+01    2      397    -1     1     T
      199  0.1820000E+03  0.10000E+01    2      399    -1     1     T
      200  0.1830000E+03  0.10000E+01    2      401    -1     1     T
      201  0.1840000E+03  0.10000E+01    2      403    -1     1     T
      202  0.1850000E+03  0.10000E+01    2      405    -1     1     T
      203  0.1860000E+03  0.10000E+01    2      407    -1     1     T
      204  0.1870000E+03  0.10000E+01    2      409    -1     1     T
      205  0.1880000E+03  0.10000E+01    2      411    -1     1     T
      206  0.1890000E+03  0.10000E+01    2      413    -1     1     T
      207  0.1900000E+03  0.10000E+01    2      415    -1     1     T
      208  0.1910000E+03  0.10000E+01    2      417    -1     1     T
      209  0.1920000E+03  0.10000E+01    2      419    -1     1     T
      210  0.1930000E+03  0.10000E+01    2      421    -1     1     T
      211  0.1940000E+03  0.10000E+01    2      423    -1     1     T
      212  0.1950000E+03  0.10000E+01    2      425    -1     1     T
      213  0.1960000E+03  0.10000E+01    2      427    -1     1     T
      214  0.1970000E+03  0.10000E+01    2      429    -1     1     T
      215  0.1980000E+03  0.10000E+01    2      431    -1     1     T
      216  0.1990000E+03  0.10000E+01    2      433    -1     1     T
      217  0.2000000E+03  0.10000E+01    2      435    -1     1     T
end
