 ******* Program HYDRUS
 ******* Regime permanent loam, nappe a -100 cm, q_top = 0.03 cm/j               
 Date:   0. 0.    Time: 512:**:**
 Units: L = cm   , T = days , M = g    

       Time          rTop        rRoot        vTop         vRoot        vBot       sum(rTop)   sum(rRoot)    sum(vTop)   sum(vRoot)    sum(vBot)      hTop         hRoot        hBot        RunOff    sum(RunOff)     Volume     sum(Infil)    sum(Evap) TLevel Cum(WTrans)  SnowLayer
        [T]         [L/T]        [L/T]        [L/T]        [L/T]        [L/T]         [L]          [L]          [L]         [L]           [L]         [L]           [L]         [L]          [L/T]         [L]          [L]          [L]          [L]

       0.0100  0.30000E-01  0.00000E+00  0.29999E-01  0.00000E+00 -0.38241E-05  0.30000E-03  0.00000E+00  0.29999E-03  0.00000E+00 -0.38241E-07 -0.10048E+03  0.00000E+00  0.00000E+00  0.00000E+00  0.00000E+00  0.31631E+02  0.00000E+00  0.29999E-03      1  0.00000E+00      0.000
       0.0200  0.30000E-01  0.00000E+00  0.30000E-01  0.00000E+00  0.00000E+00  0.60000E-03  0.00000E+00  0.59999E-03  0.00000E+00 -0.38241E-07 -0.10079E+03  0.00000E+00  0.00000E+00  0.00000E+00  0.00000E+00  0.31630E+02  0.00000E+00  0.59999E-03      2  0.00000E+00      0.000
       0.0330  0.30000E-01  0.00000E+00  0.30000E-01  0.00000E+00 -0.12747E-05  0.99000E-03  0.00000E+00  0.98999E-03  0.00000E+00 -0.54813E-07 -0.10109E+03  0.00000E+00  0.00000E+00  0.00000E+00  0.00000E+00  0.31630E+02  0.00000E+00  0.98999E-03      3  0.00000E+00      0.000
       0.0499  0.30000E-01  0.00000E+00  0.30000E-01  0.00000E+00 -0.12747E-05  0.14970E-02  0.00000E+00  0.14970E-02  0.00000E+00 -0.76355E-07 -0.10138E+03  0.00000E+00  0.00000E+00  0.00000E+00  0.00000E+00  0.31630E+02  0.00000E+00  0.14970E-02      4  0.00000E+00      0.000
       0.0719  0.30000E-01  0.00000E+00  0.30000E-01  0.00000E+00 -0.12747E-05  0.21561E-02  0.00000E+00  0.21561E-02  0.00000E+00 -0.10436E-06 -0.10169E+03  0.00000E+00  0.00000E+00  0.00000E+00  0.00000E+00  0.31629E+02  0.00000E+00  0.21561E-02      5  0.00000E+00      0.000
       0.1004  0.30000E-01  0.00000E+00  0.30000E-01  0.00000E+00 -0.38241E-05  0.30129E-02  0.00000E+00  0.30129E-02  0.00000E+00 -0.21358E-06 -0.10202E+03  0.00000E+00  0.00000E+00  0.00000E+00  0.00000E+00  0.31628E+02  0.00000E+00  0.30129E-02      6  0.00000E+00      0.000
       0.1376  0.30000E-01  0.00000E+00  0.30000E-01  0.00000E+00 -0.38241E-05  0.41268E-02  0.00000E+00  0.41268E-02  0.00000E+00 -0.35557E-06 -0.10238E+03  0.00000E+00  0.00000E+00  0.00000E+00  0.00000E+00  0.31627E+02  0.00000E+00  0.41268E-02      7  0.00000E+00      0.000
       0.1858  0.30000E-01  0.00000E+00  0.30000E-01  0.00000E+00 -0.25494E-05  0.55749E-02  0.00000E+00  0.55748E-02  0.00000E+00 -0.47863E-06 -0.10278E+03  0.00000E+00  0.00000E+00  0.00000E+00  0.00000E+00  0.31626E+02  0.00000E+00  0.55748E-02      8  0.00000E+00      0.000
       0.2486  0.30000E-01  0.00000E+00  0.30000E-01  0.00000E+00 -0.17846E-04  0.74573E-02  0.00000E+00  0.74573E-02  0.00000E+00 -0.15984E-05 -0.10321E+03  0.00000E+00  0.00000E+00  0.00000E+00  0.00000E+00  0.31624E+02  0.00000E+00  0.74573E-02      9  0.00000E+00      0.000
       0.3321  0.30000E-01  0.00000E+00  0.30000E-01  0.00000E+00 -0.38241E-05  0.99620E-02  0.00000E+00  0.99621E-02  0.00000E+00 -0.19177E-05 -0.10372E+03  0.00000E+00  0.00000E+00  0.00000E+00  0.00000E+00  0.31621E+02  0.00000E+00  0.99621E-02     10  0.00000E+00      0.000
       0.4434  0.30000E-01  0.00000E+00  0.30000E-01  0.00000E+00 -0.12747E-05  0.13302E-01  0.00000E+00  0.13302E-01  0.00000E+00 -0.20596E-05 -0.10429E+03  0.00000E+00  0.00000E+00  0.00000E+00  0.00000E+00  0.31618E+02  0.00000E+00  0.13302E-01     11  0.00000E+00      0.000
       0.5825  0.30000E-01  0.00000E+00  0.30000E-01  0.00000E+00  0.00000E+00  0.17476E-01  0.00000E+00  0.17476E-01  0.00000E+00 -0.20596E-05 -0.10490E+03  0.00000E+00  0.00000E+00  0.00000E+00  0.00000E+00  0.31614E+02  0.00000E+00  0.17476E-01     12  0.00000E+00      0.000
       0.7913  0.30000E-01  0.00000E+00  0.30000E-01  0.00000E+00  0.25494E-05  0.23738E-01  0.00000E+00  0.23738E-01  0.00000E+00 -0.15275E-05 -0.10569E+03  0.00000E+00  0.00000E+00  0.00000E+00  0.00000E+00  0.31607E+02  0.00000E+00  0.23738E-01     13  0.00000E+00      0.000
       1.0000  0.30000E-01  0.00000E+00  0.30000E-01  0.00000E+00 -0.50989E-05  0.30000E-01  0.00000E+00  0.30000E-01  0.00000E+00 -0.25918E-05 -0.10639E+03  0.00000E+00  0.00000E+00  0.00000E+00  0.00000E+00  0.31601E+02  0.00000E+00  0.30000E-01     14  0.00000E+00      0.000
       1.2500  0.30000E-01  0.00000E+00  0.30000E-01  0.00000E+00  0.17846E-04  0.37500E-01  0.00000E+00  0.37500E-01  0.00000E+00  0.18697E-05 -0.10712E+03  0.00000E+00  0.00000E+00  0.00000E+00  0.00000E+00  0.31594E+02  0.00000E+00  0.37500E-01     15  0.00000E+00      0.000
       1.6250  0.30000E-01  0.00000E+00  0.30000E-01  0.00000E+00  0.33143E-04  0.48750E-01  0.00000E+00  0.48750E-01  0.00000E+00  0.14298E-04 -0.10809E+03  0.00000E+00  0.00000E+00  0.00000E+00  0.00000E+00  0.31582E+02  0.00000E+00  0.48750E-01     16  0.00000E+00      0.000
       2.0000  0.30000E-01  0.00000E+00  0.30000E-01  0.00000E+00  0.91779E-04  0.60000E-01  0.00000E+00  0.60000E-01  0.00000E+00  0.48716E-04 -0.10896E+03  0.00000E+00  0.00000E+00  0.00000E+00  0.00000E+00  0.31571E+02  0.00000E+00  0.60000E-01     17  0.00000E+00      0.000
       2.3333  0.30000E-01  0.00000E+00  0.30000E-01  0.00000E+00  0.13512E-03  0.70000E-01  0.00000E+00  0.70000E-01  0.00000E+00  0.93755E-04 -0.10967E+03  0.00000E+00  0.00000E+00  0.00000E+00  0.00000E+00  0.31561E+02  0.00000E+00  0.70000E-01     18  0.00000E+00      0.000
       3.0000  0.30000E-01  0.00000E+00  0.30000E-01  0.00000E+00  0.44615E-03  0.90000E-01  0.00000E+00  0.90000E-01  0.00000E+00  0.39119E-03 -0.11090E+03  0.00000E+00  0.00000E+00  0.00000E+00  0.00000E+00  0.31541E+02  0.00000E+00  0.90000E-01     19  0.00000E+00      0.000
       3.5000  0.30000E-01  0.00000E+00  0.30000E-01  0.00000E+00  0.74188E-03  0.10500E+00  0.00000E+00  0.10500E+00  0.00000E+00  0.76213E-03 -0.11177E+03  0.00000E+00  0.00000E+00  0.00000E+00  0.00000E+00  0.31527E+02  0.00000E+00  0.10500E+00     20  0.00000E+00      0.000
       4.0000  0.30000E-01  0.00000E+00  0.30000E-01  0.00000E+00  0.11625E-02  0.12000E+00  0.00000E+00  0.12000E+00  0.00000E+00  0.13434E-02 -0.11257E+03  0.00000E+00  0.00000E+00  0.00000E+00  0.00000E+00  0.31512E+02  0.00000E+00  0.12000E+00     21  0.00000E+00      0.000
       5.0000  0.30000E-01  0.00000E+00  0.30000E-01  0.00000E+00  0.22588E-02  0.15000E+00  0.00000E+00  0.15000E+00  0.00000E+00  0.36022E-02 -0.11399E+03  0.00000E+00  0.00000E+00  0.00000E+00  0.00000E+00  0.31485E+02  0.00000E+00  0.15000E+00     22  0.00000E+00      0.000
       6.0000  0.30000E-01  0.00000E+00  0.30000E-01  0.00000E+00  0.35513E-02  0.18000E+00  0.00000E+00  0.18000E+00  0.00000E+00  0.71535E-02 -0.11528E+03  0.00000E+00  0.00000E+00  0.00000E+00  0.00000E+00  0.31458E+02  0.00000E+00  0.18000E+00     23  0.00000E+00      0.000
       7.0000  0.30000E-01  0.00000E+00  0.30000E-01  0.00000E+00  0.49560E-02  0.21000E+00  0.00000E+00  0.21000E+00  0.00000E+00  0.12109E-01 -0.11647E+03  0.00000E+00  0.00000E+00  0.00000E+00  0.00000E+00  0.31433E+02  0.00000E+00  0.21000E+00     24  0.00000E+00      0.000
       8.0000  0.30000E-01  0.00000E+00  0.30000E-01  0.00000E+00  0.63964E-02  0.24000E+00  0.00000E+00  0.24000E+00  0.00000E+00  0.18506E-01 -0.11757E+03  0.00000E+00  0.00000E+00  0.00000E+00  0.00000E+00  0.31410E+02  0.00000E+00  0.24000E+00     25  0.00000E+00      0.000
       9.0000  0.30000E-01  0.00000E+00  0.30000E-01  0.00000E+00  0.78699E-02  0.27000E+00  0.00000E+00  0.27000E+00  0.00000E+00  0.26376E-01 -0.11859E+03  0.00000E+00  0.00000E+00  0.00000E+00  0.00000E+00  0.31387E+02  0.00000E+00  0.27000E+00     26  0.00000E+00      0.000
      10.0000  0.30000E-01  0.00000E+00  0.30000E-01  0.00000E+00  0.92515E-02  0.30000E+00  0.00000E+00  0.30000E+00  0.00000E+00  0.35627E-01 -0.11955E+03  0.00000E+00  0.00000E+00  0.00000E+00  0.00000E+00  0.31367E+02  0.00000E+00  0.30000E+00     27  0.00000E+00      0.000
      11.0000  0.30000E-01  0.00000E+00  0.30000E-01  0.00000E+00  0.10633E-01  0.33000E+00  0.00000E+00  0.33000E+00  0.00000E+00  0.46260E-01 -0.12046E+03  0.00000E+00  0.00000E+00  0.00000E+00  0.00000E+00  0.31347E+02  0.00000E+00  0.33000E+00     28  0.00000E+00      0.000
      12.0000  0.30000E-01  0.00000E+00  0.30000E-01  0.00000E+00  0.11931E-01  0.36000E+00  0.00000E+00  0.36000E+00  0.00000E+00  0.58191E-01 -0.12132E+03  0.00000E+00  0.00000E+00  0.00000E+00  0.00000E+00  0.31329E+02  0.00000E+00  0.36000E+00     29  0.00000E+00      0.000
      13.0000  0.30000E-01  0.00000E+00  0.30000E-01  0.00000E+00  0.13147E-01  0.39000E+00  0.00000E+00  0.39000E+00  0.00000E+00  0.71338E-01 -0.12212E+03  0.00000E+00  0.00000E+00  0.00000E+00  0.00000E+00  0.31312E+02  0.00000E+00  0.39000E+00     30  0.00000E+00      0.000
      14.0000  0.30000E-01  0.00000E+00  0.30000E-01  0.00000E+00  0.14279E-01  0.42000E+00  0.00000E+00  0.42000E+00  0.00000E+00  0.85617E-01 -0.12288E+03  0.00000E+00  0.00000E+00  0.00000E+00  0.00000E+00  0.31297E+02  0.00000E+00  0.42000E+00     31  0.00000E+00      0.000
      15.0000  0.30000E-01  0.00000E+00  0.30000E-01  0.00000E+00  0.15321E-01  0.45000E+00  0.00000E+00  0.45000E+00  0.00000E+00  0.10094E+00 -0.12360E+03  0.00000E+00  0.00000E+00  0.00000E+00  0.00000E+00  0.31282E+02  0.00000E+00  0.45000E+00     32  0.00000E+00      0.000
      16.0000  0.30000E-01  0.00000E+00  0.30000E-01  0.00000E+00  0.16303E-01  0.48000E+00  0.00000E+00  0.48000E+00  0.00000E+00  0.11724E+00 -0.12428E+03  0.00000E+00  0.00000E+00  0.00000E+00  0.00000E+00  0.31268E+02  0.00000E+00  0.48000E+00     33  0.00000E+00      0.000
      17.0000  0.30000E-01  0.00000E+00  0.30000E-01  0.00000E+00  0.17220E-01  0.51000E+00  0.00000E+00  0.51000E+00  0.00000E+00  0.13446E+00 -0.12491E+03  0.00000E+00  0.00000E+00  0.00000E+00  0.00000E+00  0.31255E+02  0.00000E+00  0.51000E+00     34  0.00000E+00      0.000
      18.0000  0.30000E-01  0.00000E+00  0.30000E-01  0.00000E+00  0.18072E-01  0.54000E+00  0.00000E+00  0.54000E+00  0.00000E+00  0.15253E+00 -0.12551E+03  0.00000E+00  0.00000E+00  0.00000E+00  0.00000E+00  0.31244E+02  0.00000E+00  0.54000E+00     35  0.00000E+00      0.000
      19.0000  0.30000E-01  0.00000E+00  0.30000E-01  0.00000E+00  0.18844E-01  0.57000E+00  0.00000E+00  0.57000E+00  0.00000E+00  0.17138E+00 -0.12608E+03  0.00000E+00  0.00000E+00  0.00000E+00  0.00000E+00  0.31232E+02  0.00000E+00  0.57000E+00     36  0.00000E+00      0.000
      20.0000  0.30000E-01  0.00000E+00  0.30000E-01  0.00000E+00  0.19583E-01  0.60000E+00  0.00000E+00  0.60000E+00  0.00000E+00  0.19096E+00 -0.12661E+03  0.00000E+00  0.00000E+00  0.00000E+00  0.00000E+00  0.31222E+02  0.00000E+00  0.60000E+00     37  0.00000E+00      0.000
      21.0000  0.30000E-01  0.00000E+00  0.30000E-01  0.00000E+00  0.20266E-01  0.63000E+00  0.00000E+00  0.63000E+00  0.00000E+00  0.21123E+00 -0.12711E+03  0.00000E+00  0.00000E+00  0.00000E+00  0.00000E+00  0.31212E+02  0.00000E+00  0.63000E+00     38  0.00000E+00      0.000
      22.0000  0.30000E-01  0.00000E+00  0.30000E-01  0.00000E+00  0.20921E-01  0.66000E+00  0.00000E+00  0.66000E+00  0.00000E+00  0.23215E+00 -0.12758E+03  0.00000E+00  0.00000E+00  0.00000E+00  0.00000E+00  0.31203E+02  0.00000E+00  0.66000E+00     39  0.00000E+00      0.000
      23.0000  0.30000E-01  0.00000E+00  0.30000E-01  0.00000E+00  0.21515E-01  0.69000E+00  0.00000E+00  0.69000E+00  0.00000E+00  0.25366E+00 -0.12802E+03  0.00000E+00  0.00000E+00  0.00000E+00  0.00000E+00  0.31195E+02  0.00000E+00  0.69000E+00     40  0.00000E+00      0.000
      24.0000  0.30000E-01  0.00000E+00  0.30000E-01  0.00000E+00  0.22056E-01  0.72000E+00  0.00000E+00  0.72000E+00  0.00000E+00  0.27572E+00 -0.12844E+03  0.00000E+00  0.00000E+00  0.00000E+00  0.00000E+00  0.31187E+02  0.00000E+00  0.72000E+00     41  0.00000E+00      0.000
      25.0000  0.30000E-01  0.00000E+00  0.30000E-01  0.00000E+00  0.22588E-01  0.75000E+00  0.00000E+00  0.75000E+00  0.00000E+00  0.29831E+00 -0.12884E+03  0.00000E+00  0.00000E+00  0.00000E+00  0.00000E+00  0.31179E+02  0.00000E+00  0.75000E+00     42  0.00000E+00      0.000
      26.0000  0.30000E-01  0.00000E+00  0.30000E-01  0.00000E+00  0.23040E-01  0.78000E+00  0.00000E+00  0.78000E+00  0.00000E+00  0.32135E+00 -0.12921E+03  0.00000E+00  0.00000E+00  0.00000E+00  0.00000E+00  0.31172E+02  0.00000E+00  0.78000E+00     43  0.00000E+00      0.000
      27.0000  0.30000E-01  0.00000E+00  0.30000E-01  0.00000E+00  0.23468E-01  0.81000E+00  0.00000E+00  0.81000E+00  0.00000E+00  0.34481E+00 -0.12956E+03  0.00000E+00  0.00000E+00  0.00000E+00  0.00000E+00  0.31166E+02  0.00000E+00  0.81000E+00     44  0.00000E+00      0.000
      28.0000  0.30000E-01  0.00000E+00  0.30000E-01  0.00000E+00  0.23929E-01  0.84000E+00  0.00000E+00  0.84000E+00  0.00000E+00  0.36874E+00 -0.12989E+03  0.00000E+00  0.00000E+00  0.00000E+00  0.00000E+00  0.31160E+02  0.00000E+00  0.84000E+00     45  0.00000E+00      0.000
      29.0000  0.30000E-01  0.00000E+00  0.30000E-01  0.00000E+00  0.24314E-01  0.87000E+00  0.00000E+00  0.87000E+00  0.00000E+00  0.39306E+00 -0.13020E+03  0.00000E+00  0.00000E+00  0.00000E+00  0.00000E+00  0.31154E+02  0.00000E+00  0.87000E+00     46  0.00000E+00      0.000
      30.0000  0.30000E-01  0.00000E+00  0.30000E-01  0.00000E+00  0.24663E-01  0.90000E+00  0.00000E+00  0.90000E+00  0.00000E+00  0.41772E+00 -0.13049E+03  0.00000E+00  0.00000E+00  0.00000E+00  0.00000E+00  0.31149E+02  0.00000E+00  0.90000E+00     47  0.00000E+00      0.000
      31.0000  0.30000E-01  0.00000E+00  0.30000E-01  0.00000E+00  0.24987E-01  0.93000E+00  0.00000E+00  0.93000E+00  0.00000E+00  0.44271E+00 -0.13076E+03  0.00000E+00  0.00000E+00  0.00000E+00  0.00000E+00  0.31144E+02  0.00000E+00  0.93000E+00     48  0.00000E+00      0.000
      32.0000  0.30000E-01  0.00000E+00  0.30000E-01  0.00000E+00  0.25293E-01  0.96000E+00  0.00000E+00  0.96000E+00  0.00000E+00  0.46800E+00 -0.13102E+03  0.00000E+00  0.00000E+00  0.00000E+00  0.00000E+00  0.31139E+02  0.00000E+00  0.96000E+00     49  0.00000E+00      0.000
      33.0000  0.30000E-01  0.00000E+00  0.30000E-01  0.00000E+00  0.25591E-01  0.99000E+00  0.00000E+00  0.99000E+00  0.00000E+00  0.49359E+00 -0.13127E+03  0.00000E+00  0.00000E+00  0.00000E+00  0.00000E+00  0.31135E+02  0.00000E+00  0.99000E+00     50  0.00000E+00      0.000
      34.0000  0.30000E-01  0.00000E+00  0.30000E-01  0.00000E+00  0.25866E-01  0.10200E+01  0.00000E+00  0.10200E+01  0.00000E+00  0.51946E+00 -0.13150E+03  0.00000E+00  0.00000E+00  0.00000E+00  0.00000E+00  0.31130E+02  0.00000E+00  0.10200E+01     51  0.00000E+00      0.000
      35.0000  0.30000E-01  0.00000E+00  0.30000E-01  0.00000E+00  0.26106E-01  0.10500E+01  0.00000E+00  0.10500E+01  0.00000E+00  0.54556E+00 -0.13172E+03  0.00000E+00  0.00000E+00  0.00000E+00  0.00000E+00  0.31126E+02  0.00000E+00  0.10500E+01     52  0.00000E+00      0.000
      36.0000  0.30000E-01  0.00000E+00  0.30000E-01  0.00000E+00  0.26366E-01  0.10800E+01  0.00000E+00  0.10800E+01  0.00000E+00  0.57193E+00 -0.13192E+03  0.00000E+00  0.00000E+00  0.00000E+00  0.00000E+00  0.31123E+02  0.00000E+00  0.10800E+01     53  0.00000E+00      0.000
      37.0000  0.30000E-01  0.00000E+00  0.30000E-01  0.00000E+00  0.26590E-01  0.11100E+01  0.00000E+00  0.11100E+01  0.00000E+00  0.59852E+00 -0.13211E+03  0.00000E+00  0.00000E+00  0.00000E+00  0.00000E+00  0.31119E+02  0.00000E+00  0.11100E+01     54  0.00000E+00      0.000
      38.0000  0.30000E-01  0.00000E+00  0.30000E-01  0.00000E+00  0.26807E-01  0.11400E+01  0.00000E+00  0.11400E+01  0.00000E+00  0.62533E+00 -0.13229E+03  0.00000E+00  0.00000E+00  0.00000E+00  0.00000E+00  0.31116E+02  0.00000E+00  0.11400E+01     55  0.00000E+00      0.000
      39.0000  0.30000E-01  0.00000E+00  0.30000E-01  0.00000E+00  0.26985E-01  0.11700E+01  0.00000E+00  0.11700E+01  0.00000E+00  0.65231E+00 -0.13246E+03  0.00000E+00  0.00000E+00  0.00000E+00  0.00000E+00  0.31113E+02  0.00000E+00  0.11700E+01     56  0.00000E+00      0.000
      40.0000  0.30000E-01  0.00000E+00  0.30000E-01  0.00000E+00  0.27156E-01  0.12000E+01  0.00000E+00  0.12000E+01  0.00000E+00  0.67947E+00 -0.13262E+03  0.00000E+00  0.00000E+00  0.00000E+00  0.00000E+00  0.31110E+02  0.00000E+00  0.12000E+01     57  0.00000E+00      0.000
      41.0000  0.30000E-01  0.00000E+00  0.30000E-01  0.00000E+00  0.27350E-01  0.12300E+01  0.00000E+00  0.12300E+01  0.00000E+00  0.70682E+00 -0.13277E+03  0.00000E+00  0.00000E+00  0.00000E+00  0.00000E+00  0.31108E+02  0.00000E+00  0.12300E+01     58  0.00000E+00      0.000
      42.0000  0.30000E-01  0.00000E+00  0.30000E-01  0.00000E+00  0.27505E-01  0.12600E+01  0.00000E+00  0.12600E+01  0.00000E+00  0.73432E+00 -0.13291E+03  0.00000E+00  0.00000E+00  0.00000E+00  0.00000E+00  0.31105E+02  0.00000E+00  0.12600E+01     59  0.00000E+00      0.000
      43.0000  0.30000E-01  0.00000E+00  0.30000E-01  0.00000E+00  0.27651E-01  0.12900E+01  0.00000E+00  0.12900E+01  0.00000E+00  0.76198E+00 -0.13305E+03  0.00000E+00  0.00000E+00  0.00000E+00  0.00000E+00  0.31103E+02  0.00000E+00  0.12900E+01     60  0.00000E+00      0.000
      44.0000  0.30000E-01  0.00000E+00  0.30000E-01  0.00000E+00  0.27809E-01  0.13200E+01  0.00000E+00  0.13200E+01  0.00000E+00  0.78978E+00 -0.13317E+03  0.00000E+00  0.00000E+00  0.00000E+00  0.00000E+00  0.31101E+02  0.00000E+00  0.13200E+01     61  0.00000E+00      0.000
      45.0000  0.30000E-01  0.00000E+00  0.30000E-01  0.00000E+00  0.27928E-01  0.13500E+01  0.00000E+00  0.13500E+01  0.00000E+00  0.81771E+00 -0.13329E+03  0.00000E+00  0.00000E+00  0.00000E+00  0.00000E+00  0.31099E+02  0.00000E+00  0.13500E+01     62  0.00000E+00      0.000
      46.0000  0.30000E-01  0.00000E+00  0.30000E-01  0.00000E+00  0.28071E-01  0.13800E+01  0.00000E+00  0.13800E+01  0.00000E+00  0.84578E+00 -0.13340E+03  0.00000E+00  0.00000E+00  0.00000E+00  0.00000E+00  0.31097E+02  0.00000E+00  0.13800E+01     63  0.00000E+00      0.000
      47.0000  0.30000E-01  0.00000E+00  0.30000E-01  0.00000E+00  0.28183E-01  0.14100E+01  0.00000E+00  0.14100E+01  0.00000E+00  0.87397E+00 -0.13351E+03  0.00000E+00  0.00000E+00  0.00000E+00  0.00000E+00  0.31095E+02  0.00000E+00  0.14100E+01     64  0.00000E+00      0.000
      48.0000  0.30000E-01  0.00000E+00  0.30000E-01  0.00000E+00  0.28296E-01  0.14400E+01  0.00000E+00  0.14400E+01  0.00000E+00  0.90226E+00 -0.13361E+03  0.00000E+00  0.00000E+00  0.00000E+00  0.00000E+00  0.31093E+02  0.00000E+00  0.14400E+01     65  0.00000E+00      0.000
      49.0000  0.30000E-01  0.00000E+00  0.30000E-01  0.00000E+00  0.28400E-01  0.14700E+01  0.00000E+00  0.14700E+01  0.00000E+00  0.93066E+00 -0.13370E+03  0.00000E+00  0.00000E+00  0.00000E+00  0.00000E+00  0.31092E+02  0.00000E+00  0.14700E+01     66  0.00000E+00      0.000
      50.0000  0.30000E-01  0.00000E+00  0.30000E-01  0.00000E+00  0.28482E-01  0.15000E+01  0.00000E+00  0.15000E+01  0.00000E+00  0.95914E+00 -0.13379E+03  0.00000E+00  0.00000E+00  0.00000E+00  0.00000E+00  0.31090E+02  0.00000E+00  0.15000E+01     67  0.00000E+00      0.000
      51.0000  0.30000E-01  0.00000E+00  0.30000E-01  0.00000E+00  0.28589E-01  0.15300E+01  0.00000E+00  0.15300E+01  0.00000E+00  0.98773E+00 -0.13387E+03  0.00000E+00  0.00000E+00  0.00000E+00  0.00000E+00  0.31089E+02  0.00000E+00  0.15300E+01     68  0.00000E+00      0.000
      52.0000  0.30000E-01  0.00000E+00  0.30000E-01  0.00000E+00  0.28657E-01  0.15600E+01  0.00000E+00  0.15600E+01  0.00000E+00  0.10164E+01 -0.13395E+03  0.00000E+00  0.00000E+00  0.00000E+00  0.00000E+00  0.31087E+02  0.00000E+00  0.15600E+01     69  0.00000E+00      0.000
      53.0000  0.30000E-01  0.00000E+00  0.30000E-01  0.00000E+00  0.28749E-01  0.15900E+01  0.00000E+00  0.15900E+01  0.00000E+00  0.10451E+01 -0.13402E+03  0.00000E+00  0.00000E+00  0.00000E+00  0.00000E+00  0.31086E+02  0.00000E+00  0.15900E+01     70  0.00000E+00      0.000
      54.0000  0.30000E-01  0.00000E+00  0.30000E-01  0.00000E+00  0.28823E-01  0.16200E+01  0.00000E+00  0.16200E+01  0.00000E+00  0.10740E+01 -0.13409E+03  0.00000E+00  0.00000E+00  0.00000E+00  0.00000E+00  0.31085E+02  0.00000E+00  0.16200E+01     71  0.00000E+00      0.000
      55.0000  0.30000E-01  0.00000E+00  0.30000E-01  0.00000E+00  0.28884E-01  0.16500E+01  0.00000E+00  0.16500E+01  0.00000E+00  0.11028E+01 -0.13416E+03  0.00000E+00  0.00000E+00  0.00000E+00  0.00000E+00  0.31084E+02  0.00000E+00  0.16500E+01     72  0.00000E+00      0.000
      56.0000  0.30000E-01  0.00000E+00  0.30000E-01  0.00000E+00  0.28961E-01  0.16800E+01  0.00000E+00  0.16800E+01  0.00000E+00  0.11318E+01 -0.13422E+03  0.00000E+00  0.00000E+00  0.00000E+00  0.00000E+00  0.31083E+02  0.00000E+00  0.16800E+01     73  0.00000E+00      0.000
      57.0000  0.30000E-01  0.00000E+00  0.30000E-01  0.00000E+00  0.29037E-01  0.17100E+01  0.00000E+00  0.17100E+01  0.00000E+00  0.11608E+01 -0.13428E+03  0.00000E+00  0.00000E+00  0.00000E+00  0.00000E+00  0.31082E+02  0.00000E+00  0.17100E+01     74  0.00000E+00      0.000
      58.0000  0.30000E-01  0.00000E+00  0.30000E-01  0.00000E+00  0.29096E-01  0.17400E+01  0.00000E+00  0.17400E+01  0.00000E+00  0.11899E+01 -0.13433E+03  0.00000E+00  0.00000E+00  0.00000E+00  0.00000E+00  0.31081E+02  0.00000E+00  0.17400E+01     75  0.00000E+00      0.000
      59.0000  0.30000E-01  0.00000E+00  0.30000E-01  0.00000E+00  0.29132E-01  0.17700E+01  0.00000E+00  0.17700E+01  0.00000E+00  0.12191E+01 -0.13438E+03  0.00000E+00  0.00000E+00  0.00000E+00  0.00000E+00  0.31080E+02  0.00000E+00  0.17700E+01     76  0.00000E+00      0.000
      60.0000  0.30000E-01  0.00000E+00  0.30000E-01  0.00000E+00  0.29185E-01  0.18000E+01  0.00000E+00  0.18000E+01  0.00000E+00  0.12483E+01 -0.13443E+03  0.00000E+00  0.00000E+00  0.00000E+00  0.00000E+00  0.31079E+02  0.00000E+00  0.18000E+01     77  0.00000E+00      0.000
      61.0000  0.30000E-01  0.00000E+00  0.30000E-01  0.00000E+00  0.29244E-01  0.18300E+01  0.00000E+00  0.18300E+01  0.00000E+00  0.12775E+01 -0.13448E+03  0.00000E+00  0.00000E+00  0.00000E+00  0.00000E+00  0.31078E+02  0.00000E+00  0.18300E+01     78  0.00000E+00      0.000
      62.0000  0.30000E-01  0.00000E+00  0.30000E-01  0.00000E+00  0.29282E-01  0.18600E+01  0.00000E+00  0.18600E+01  0.00000E+00  0.13068E+01 -0.13452E+03  0.00000E+00  0.00000E+00  0.00000E+00  0.00000E+00  0.31078E+02  0.00000E+00  0.18600E+01     79  0.00000E+00      0.000
      63.0000  0.30000E-01  0.00000E+00  0.30000E-01  0.00000E+00  0.29338E-01  0.18900E+01  0.00000E+00  0.18900E+01  0.00000E+00  0.13361E+01 -0.13456E+03  0.00000E+00  0.00000E+00  0.00000E+00  0.00000E+00  0.31077E+02  0.00000E+00  0.18900E+01     80  0.00000E+00      0.000
      64.0000  0.30000E-01  0.00000E+00  0.30000E-01  0.00000E+00  0.29363E-01  0.19200E+01  0.00000E+00  0.19200E+01  0.00000E+00  0.13655E+01 -0.13460E+03  0.00000E+00  0.00000E+00  0.00000E+00  0.00000E+00  0.31076E+02  0.00000E+00  0.19200E+01     81  0.00000E+00      0.000
      65.0000  0.30000E-01  0.00000E+00  0.30000E-01  0.00000E+00  0.29409E-01  0.19500E+01  0.00000E+00  0.19500E+01  0.00000E+00  0.13949E+01 -0.13463E+03  0.00000E+00  0.00000E+00  0.00000E+00  0.00000E+00  0.31076E+02  0.00000E+00  0.19500E+01     82  0.00000E+00      0.000
      66.0000  0.30000E-01  0.00000E+00  0.30000E-01  0.00000E+00  0.29453E-01  0.19800E+01  0.00000E+00  0.19800E+01  0.00000E+00  0.14243E+01 -0.13467E+03  0.00000E+00  0.00000E+00  0.00000E+00  0.00000E+00  0.31075E+02  0.00000E+00  0.19800E+01     83  0.00000E+00      0.000
      67.0000  0.30000E-01  0.00000E+00  0.30000E-01  0.00000E+00  0.29463E-01  0.20100E+01  0.00000E+00  0.20100E+01  0.00000E+00  0.14538E+01 -0.13470E+03  0.00000E+00  0.00000E+00  0.00000E+00  0.00000E+00  0.31075E+02  0.00000E+00  0.20100E+01     84  0.00000E+00      0.000
      68.0000  0.30000E-01  0.00000E+00  0.30000E-01  0.00000E+00  0.29527E-01  0.20400E+01  0.00000E+00  0.20400E+01  0.00000E+00  0.14833E+01 -0.13473E+03  0.00000E+00  0.00000E+00  0.00000E+00  0.00000E+00  0.31074E+02  0.00000E+00  0.20400E+01     85  0.00000E+00      0.000
      69.0000  0.30000E-01  0.00000E+00  0.30000E-01  0.00000E+00  0.29537E-01  0.20700E+01  0.00000E+00  0.20700E+01  0.00000E+00  0.15129E+01 -0.13475E+03  0.00000E+00  0.00000E+00  0.00000E+00  0.00000E+00  0.31074E+02  0.00000E+00  0.20700E+01     86  0.00000E+00      0.000
      70.0000  0.30000E-01  0.00000E+00  0.30000E-01  0.00000E+00  0.29567E-01  0.21000E+01  0.00000E+00  0.21000E+01  0.00000E+00  0.15424E+01 -0.13478E+03  0.00000E+00  0.00000E+00  0.00000E+00  0.00000E+00  0.31073E+02  0.00000E+00  0.21000E+01     87  0.00000E+00      0.000
      71.0000  0.30000E-01  0.00000E+00  0.30000E-01  0.00000E+00  0.29583E-01  0.21300E+01  0.00000E+00  0.21300E+01  0.00000E+00  0.15720E+01 -0.13480E+03  0.00000E+00  0.00000E+00  0.00000E+00  0.00000E+00  0.31073E+02  0.00000E+00  0.21300E+01     88  0.00000E+00      0.000
      72.0000  0.30000E-01  0.00000E+00  0.30000E-01  0.00000E+00  0.29616E-01  0.21600E+01  0.00000E+00  0.21600E+01  0.00000E+00  0.16016E+01 -0.13483E+03  0.00000E+00  0.00000E+00  0.00000E+00  0.00000E+00  0.31073E+02  0.00000E+00  0.21600E+01     89  0.00000E+00      0.000
      73.0000  0.30000E-01  0.00000E+00  0.30000E-01  0.00000E+00  0.29634E-01  0.21900E+01  0.00000E+00  0.21900E+01  0.00000E+00  0.16313E+01 -0.13485E+03  0.00000E+00  0.00000E+00  0.00000E+00  0.00000E+00  0.31072E+02  0.00000E+00  0.21900E+01     90  0.00000E+00      0.000
      74.0000  0.30000E-01  0.00000E+00  0.30000E-01  0.00000E+00  0.29649E-01  0.22200E+01  0.00000E+00  0.22200E+01  0.00000E+00  0.16609E+01 -0.13487E+03  0.00000E+00  0.00000E+00  0.00000E+00  0.00000E+00  0.31072E+02  0.00000E+00  0.22200E+01     91  0.00000E+00      0.000
      75.0000  0.30000E-01  0.00000E+00  0.30000E-01  0.00000E+00  0.29687E-01  0.22500E+01  0.00000E+00  0.22500E+01  0.00000E+00  0.16906E+01 -0.13489E+03  0.00000E+00  0.00000E+00  0.00000E+00  0.00000E+00  0.31072E+02  0.00000E+00  0.22500E+01     92  0.00000E+00      0.000
      76.0000  0.30000E-01  0.00000E+00  0.30000E-01  0.00000E+00  0.29710E-01  0.22800E+01  0.00000E+00  0.22800E+01  0.00000E+00  0.17203E+01 -0.13490E+03  0.00000E+00  0.00000E+00  0.00000E+00  0.00000E+00  0.31071E+02  0.00000E+00  0.22800E+01     93  0.00000E+00      0.000
      77.0000  0.30000E-01  0.00000E+00  0.30000E-01  0.00000E+00  0.29710E-01  0.23100E+01  0.00000E+00  0.23100E+01  0.00000E+00  0.17500E+01 -0.13492E+03  0.00000E+00  0.00000E+00  0.00000E+00  0.00000E+00  0.31071E+02  0.00000E+00  0.23100E+01     94  0.00000E+00      0.000
      78.0000  0.30000E-01  0.00000E+00  0.30000E-01  0.00000E+00  0.29731E-01  0.23400E+01  0.00000E+00  0.23400E+01  0.00000E+00  0.17798E+01 -0.13494E+03  0.00000E+00  0.00000E+00  0.00000E+00  0.00000E+00  0.31071E+02  0.00000E+00  0.23400E+01     95  0.00000E+00      0.000
      79.0000  0.30000E-01  0.00000E+00  0.30000E-01  0.00000E+00  0.29766E-01  0.23700E+01  0.00000E+00  0.23700E+01  0.00000E+00  0.18095E+01 -0.13495E+03  0.00000E+00  0.00000E+00  0.00000E+00  0.00000E+00  0.31070E+02  0.00000E+00  0.23700E+01     96  0.00000E+00      0.000
      80.0000  0.30000E-01  0.00000E+00  0.30000E-01  0.00000E+00  0.29784E-01  0.24000E+01  0.00000E+00  0.24000E+01  0.00000E+00  0.18393E+01 -0.13496E+03  0.00000E+00  0.00000E+00  0.00000E+00  0.00000E+00  0.31070E+02  0.00000E+00  0.24000E+01     97  0.00000E+00      0.000
      81.0000  0.30000E-01  0.00000E+00  0.30000E-01  0.00000E+00  0.29776E-01  0.24300E+01  0.00000E+00  0.24300E+01  0.00000E+00  0.18691E+01 -0.13498E+03  0.00000E+00  0.00000E+00  0.00000E+00  0.00000E+00  0.31070E+02  0.00000E+00  0.24300E+01     98  0.00000E+00      0.000
      82.0000  0.30000E-01  0.00000E+00  0.30000E-01  0.00000E+00  0.29815E-01  0.24600E+01  0.00000E+00  0.24600E+01  0.00000E+00  0.18989E+01 -0.13499E+03  0.00000E+00  0.00000E+00  0.00000E+00  0.00000E+00  0.31070E+02  0.00000E+00  0.24600E+01     99  0.00000E+00      0.000
      83.0000  0.30000E-01  0.00000E+00  0.30000E-01  0.00000E+00  0.29838E-01  0.24900E+01  0.00000E+00  0.24900E+01  0.00000E+00  0.19287E+01 -0.13500E+03  0.00000E+00  0.00000E+00  0.00000E+00  0.00000E+00  0.31070E+02  0.00000E+00  0.24900E+01    100  0.00000E+00      0.000
      84.0000  0.30000E-01  0.00000E+00  0.30000E-01  0.00000E+00  0.29822E-01  0.25200E+01  0.00000E+00  0.25200E+01  0.00000E+00  0.19586E+01 -0.13501E+03  0.00000E+00  0.00000E+00  0.00000E+00  0.00000E+00  0.31069E+02  0.00000E+00  0.25200E+01    101  0.00000E+00      0.000
      85.0000  0.30000E-01  0.00000E+00  0.30000E-01  0.00000E+00  0.29848E-01  0.25500E+01  0.00000E+00  0.25500E+01  0.00000E+00  0.19884E+01 -0.13502E+03  0.00000E+00  0.00000E+00  0.00000E+00  0.00000E+00  0.31069E+02  0.00000E+00  0.25500E+01    102  0.00000E+00      0.000
      86.0000  0.30000E-01  0.00000E+00  0.30000E-01  0.00000E+00  0.29848E-01  0.25800E+01  0.00000E+00  0.25800E+01  0.00000E+00  0.20183E+01 -0.13503E+03  0.00000E+00  0.00000E+00  0.00000E+00  0.00000E+00  0.31069E+02  0.00000E+00  0.25800E+01    103  0.00000E+00      0.000
      87.0000  0.30000E-01  0.00000E+00  0.30000E-01  0.00000E+00  0.29853E-01  0.26100E+01  0.00000E+00  0.26100E+01  0.00000E+00  0.20481E+01 -0.13504E+03  0.00000E+00  0.00000E+00  0.00000E+00  0.00000E+00  0.31069E+02  0.00000E+00  0.26100E+01    104  0.00000E+00      0.000
      88.0000  0.30000E-01  0.00000E+00  0.30000E-01  0.00000E+00  0.29868E-01  0.26400E+01  0.00000E+00  0.26400E+01  0.00000E+00  0.20780E+01 -0.13505E+03  0.00000E+00  0.00000E+00  0.00000E+00  0.00000E+00  0.31069E+02  0.00000E+00  0.26400E+01    105  0.00000E+00      0.000
      89.0000  0.30000E-01  0.00000E+00  0.30000E-01  0.00000E+00  0.29873E-01  0.26700E+01  0.00000E+00  0.26700E+01  0.00000E+00  0.21079E+01 -0.13506E+03  0.00000E+00  0.00000E+00  0.00000E+00  0.00000E+00  0.31069E+02  0.00000E+00  0.26700E+01    106  0.00000E+00      0.000
      90.0000  0.30000E-01  0.00000E+00  0.30000E-01  0.00000E+00  0.29889E-01  0.27000E+01  0.00000E+00  0.27000E+01  0.00000E+00  0.21377E+01 -0.13506E+03  0.00000E+00  0.00000E+00  0.00000E+00  0.00000E+00  0.31068E+02  0.00000E+00  0.27000E+01    107  0.00000E+00      0.000
      91.0000  0.30000E-01  0.00000E+00  0.30000E-01  0.00000E+00  0.29894E-01  0.27300E+01  0.00000E+00  0.27300E+01  0.00000E+00  0.21676E+01 -0.13507E+03  0.00000E+00  0.00000E+00  0.00000E+00  0.00000E+00  0.31068E+02  0.00000E+00  0.27300E+01    108  0.00000E+00      0.000
      92.0000  0.30000E-01  0.00000E+00  0.30000E-01  0.00000E+00  0.29894E-01  0.27600E+01  0.00000E+00  0.27600E+01  0.00000E+00  0.21975E+01 -0.13508E+03  0.00000E+00  0.00000E+00  0.00000E+00  0.00000E+00  0.31068E+02  0.00000E+00  0.27600E+01    109  0.00000E+00      0.000
      93.0000  0.30000E-01  0.00000E+00  0.30000E-01  0.00000E+00  0.29891E-01  0.27900E+01  0.00000E+00  0.27900E+01  0.00000E+00  0.22274E+01 -0.13508E+03  0.00000E+00  0.00000E+00  0.00000E+00  0.00000E+00  0.31068E+02  0.00000E+00  0.27900E+01    110  0.00000E+00      0.000
      94.0000  0.30000E-01  0.00000E+00  0.30000E-01  0.00000E+00  0.29922E-01  0.28200E+01  0.00000E+00  0.28200E+01  0.00000E+00  0.22573E+01 -0.13509E+03  0.00000E+00  0.00000E+00  0.00000E+00  0.00000E+00  0.31068E+02  0.00000E+00  0.28200E+01    111  0.00000E+00      0.000
      95.0000  0.30000E-01  0.00000E+00  0.30000E-01  0.00000E+00  0.29911E-01  0.28500E+01  0.00000E+00  0.28500E+01  0.00000E+00  0.22873E+01 -0.13510E+03  0.00000E+00  0.00000E+00  0.00000E+00  0.00000E+00  0.31068E+02  0.00000E+00  0.28500E+01    112  0.00000E+00      0.000
      96.0000  0.30000E-01  0.00000E+00  0.30000E-01  0.00000E+00  0.29929E-01  0.28800E+01  0.00000E+00  0.28800E+01  0.00000E+00  0.23172E+01 -0.13510E+03  0.00000E+00  0.00000E+00  0.00000E+00  0.00000E+00  0.31068E+02  0.00000E+00  0.28800E+01    113  0.00000E+00      0.000
      97.0000  0.30000E-01  0.00000E+00  0.30000E-01  0.00000E+00  0.29906E-01  0.29100E+01  0.00000E+00  0.29100E+01  0.00000E+00  0.23471E+01 -0.13511E+03  0.00000E+00  0.00000E+00  0.00000E+00  0.00000E+00  0.31068E+02  0.00000E+00  0.29100E+01    114  0.00000E+00      0.000
      98.0000  0.30000E-01  0.00000E+00  0.30000E-01  0.00000E+00  0.29927E-01  0.29400E+01  0.00000E+00  0.29400E+01  0.00000E+00  0.23770E+01 -0.13511E+03  0.00000E+00  0.00000E+00  0.00000E+00  0.00000E+00  0.31068E+02  0.00000E+00  0.29400E+01    115  0.00000E+00      0.000
      99.0000  0.30000E-01  0.00000E+00  0.30000E-01  0.00000E+00  0.29911E-01  0.29700E+01  0.00000E+00  0.29700E+01  0.00000E+00  0.24069E+01 -0.13511E+03  0.00000E+00  0.00000E+00  0.00000E+00  0.00000E+00  0.31068E+02  0.00000E+00  0.29700E+01    116  0.00000E+00      0.000
     100.0000  0.30000E-01  0.00000E+00  0.30000E-01  0.00000E+00  0.29919E-01  0.30000E+01  0.00000E+00  0.30000E+01  0.00000E+00  0.24368E+01 -0.13512E+03  0.00000E+00  0.00000E+00  0.00000E+00  0.00000E+00  0.31068E+02  0.00000E+00  0.30000E+01    117  0.00000E+00      0.000
     101.0000  0.30000E-01  0.00000E+00  0.30000E-01  0.00000E+00  0.29929E-01  0.30300E+01  0.00000E+00  0.30300E+01  0.00000E+00  0.24668E+01 -0.13512E+03  0.00000E+00  0.00000E+00  0.00000E+00  0.00000E+00  0.31067E+02  0.00000E+00  0.30300E+01    118  0.00000E+00      0.000
     102.0000  0.30000E-01  0.00000E+00  0.30000E-01  0.00000E+00  0.29929E-01  0.30600E+01  0.00000E+00  0.30600E+01  0.00000E+00  0.24967E+01 -0.13513E+03  0.00000E+00  0.00000E+00  0.00000E+00  0.00000E+00  0.31067E+02  0.00000E+00  0.30600E+01    119  0.00000E+00      0.000
     103.0000  0.30000E-01  0.00000E+00  0.30000E-01  0.00000E+00  0.29947E-01  0.30900E+01  0.00000E+00  0.30900E+01  0.00000E+00  0.25267E+01 -0.13513E+03  0.00000E+00  0.00000E+00  0.00000E+00  0.00000E+00  0.31067E+02  0.00000E+00  0.30900E+01    120  0.00000E+00      0.000
     104.0000  0.30000E-01  0.00000E+00  0.30000E-01  0.00000E+00  0.29952E-01  0.31200E+01  0.00000E+00  0.31200E+01  0.00000E+00  0.25566E+01 -0.13513E+03  0.00000E+00  0.00000E+00  0.00000E+00  0.00000E+00  0.31067E+02  0.00000E+00  0.31200E+01    121  0.00000E+00      0.000
     105.0000  0.30000E-01  0.00000E+00  0.30000E-01  0.00000E+00  0.29952E-01  0.31500E+01  0.00000E+00  0.31500E+01  0.00000E+00  0.25866E+01 -0.13514E+03  0.00000E+00  0.00000E+00  0.00000E+00  0.00000E+00  0.31067E+02  0.00000E+00  0.31500E+01    122  0.00000E+00      0.000
     106.0000  0.30000E-01  0.00000E+00  0.30000E-01  0.00000E+00  0.29957E-01  0.31800E+01  0.00000E+00  0.31800E+01  0.00000E+00  0.26165E+01 -0.13514E+03  0.00000E+00  0.00000E+00  0.00000E+00  0.00000E+00  0.31067E+02  0.00000E+00  0.31800E+01    123  0.00000E+00      0.000
     107.0000  0.30000E-01  0.00000E+00  0.30000E-01  0.00000E+00  0.29970E-01  0.32100E+01  0.00000E+00  0.32100E+01  0.00000E+00  0.26465E+01 -0.13514E+03  0.00000E+00  0.00000E+00  0.00000E+00  0.00000E+00  0.31067E+02  0.00000E+00  0.32100E+01    124  0.00000E+00      0.000
     108.0000  0.30000E-01  0.00000E+00  0.30000E-01  0.00000E+00  0.29965E-01  0.32400E+01  0.00000E+00  0.32400E+01  0.00000E+00  0.26764E+01 -0.13514E+03  0.00000E+00  0.00000E+00  0.00000E+00  0.00000E+00  0.31067E+02  0.00000E+00  0.32400E+01    125  0.00000E+00      0.000
     109.0000  0.30000E-01  0.00000E+00  0.30000E-01  0.00000E+00  0.29962E-01  0.32700E+01  0.00000E+00  0.32700E+01  0.00000E+00  0.27064E+01 -0.13515E+03  0.00000E+00  0.00000E+00  0.00000E+00  0.00000E+00  0.31067E+02  0.00000E+00  0.32700E+01    126  0.00000E+00      0.000
     110.0000  0.30000E-01  0.00000E+00  0.30000E-01  0.00000E+00  0.29968E-01  0.33000E+01  0.00000E+00  0.33000E+01  0.00000E+00  0.27364E+01 -0.13515E+03  0.00000E+00  0.00000E+00  0.00000E+00  0.00000E+00  0.31067E+02  0.00000E+00  0.33000E+01    127  0.00000E+00      0.000
     111.0000  0.30000E-01  0.00000E+00  0.30000E-01  0.00000E+00  0.29962E-01  0.33300E+01  0.00000E+00  0.33300E+01  0.00000E+00  0.27663E+01 -0.13515E+03  0.00000E+00  0.00000E+00  0.00000E+00  0.00000E+00  0.31067E+02  0.00000E+00  0.33300E+01    128  0.00000E+00      0.000
     112.0000  0.30000E-01  0.00000E+00  0.30000E-01  0.00000E+00  0.29937E-01  0.33600E+01  0.00000E+00  0.33600E+01  0.00000E+00  0.27963E+01 -0.13515E+03  0.00000E+00  0.00000E+00  0.00000E+00  0.00000E+00  0.31067E+02  0.00000E+00  0.33600E+01    129  0.00000E+00      0.000
     113.0000  0.30000E-01  0.00000E+00  0.30000E-01  0.00000E+00  0.29970E-01  0.33900E+01  0.00000E+00  0.33900E+01  0.00000E+00  0.28262E+01 -0.13515E+03  0.00000E+00  0.00000E+00  0.00000E+00  0.00000E+00  0.31067E+02  0.00000E+00  0.33900E+01    130  0.00000E+00      0.000
     114.0000  0.30000E-01  0.00000E+00  0.30000E-01  0.00000E+00  0.29952E-01  0.34200E+01  0.00000E+00  0.34200E+01  0.00000E+00  0.28562E+01 -0.13516E+03  0.00000E+00  0.00000E+00  0.00000E+00  0.00000E+00  0.31067E+02  0.00000E+00  0.34200E+01    131  0.00000E+00      0.000
     115.0000  0.30000E-01  0.00000E+00  0.30000E-01  0.00000E+00  0.29962E-01  0.34500E+01  0.00000E+00  0.34500E+01  0.00000E+00  0.28862E+01 -0.13516E+03  0.00000E+00  0.00000E+00  0.00000E+00  0.00000E+00  0.31067E+02  0.00000E+00  0.34500E+01    132  0.00000E+00      0.000
     116.0000  0.30000E-01  0.00000E+00  0.30000E-01  0.00000E+00  0.29973E-01  0.34800E+01  0.00000E+00  0.34800E+01  0.00000E+00  0.29161E+01 -0.13516E+03  0.00000E+00  0.00000E+00  0.00000E+00  0.00000E+00  0.31067E+02  0.00000E+00  0.34800E+01    133  0.00000E+00      0.000
     117.0000  0.30000E-01  0.00000E+00  0.30000E-01  0.00000E+00  0.29975E-01  0.35100E+01  0.00000E+00  0.35100E+01  0.00000E+00  0.29461E+01 -0.13516E+03  0.00000E+00  0.00000E+00  0.00000E+00  0.00000E+00  0.31067E+02  0.00000E+00  0.35100E+01    134  0.00000E+00      0.000
     118.0000  0.30000E-01  0.00000E+00  0.30000E-01  0.00000E+00  0.29973E-01  0.35400E+01  0.00000E+00  0.35400E+01  0.00000E+00  0.29761E+01 -0.13516E+03  0.00000E+00  0.00000E+00  0.00000E+00  0.00000E+00  0.31067E+02  0.00000E+00  0.35400E+01    135  0.00000E+00      0.000
     119.0000  0.30000E-01  0.00000E+00  0.30000E-01  0.00000E+00  0.29970E-01  0.35700E+01  0.00000E+00  0.35700E+01  0.00000E+00  0.30061E+01 -0.13516E+03  0.00000E+00  0.00000E+00  0.00000E+00  0.00000E+00  0.31067E+02  0.00000E+00  0.35700E+01    136  0.00000E+00      0.000
     120.0000  0.30000E-01  0.00000E+00  0.30000E-01  0.00000E+00  0.29965E-01  0.36000E+01  0.00000E+00  0.36000E+01  0.00000E+00  0.30360E+01 -0.13516E+03  0.00000E+00  0.00000E+00  0.00000E+00  0.00000E+00  0.31067E+02  0.00000E+00  0.36000E+01    137  0.00000E+00      0.000
     121.0000  0.30000E-01  0.00000E+00  0.30000E-01  0.00000E+00  0.29957E-01  0.36300E+01  0.00000E+00  0.36300E+01  0.00000E+00  0.30660E+01 -0.13516E+03  0.00000E+00  0.00000E+00  0.00000E+00  0.00000E+00  0.31067E+02  0.00000E+00  0.36300E+01    138  0.00000E+00      0.000
     122.0000  0.30000E-01  0.00000E+00  0.30000E-01  0.00000E+00  0.29973E-01  0.36600E+01  0.00000E+00  0.36600E+01  0.00000E+00  0.30959E+01 -0.13517E+03  0.00000E+00  0.00000E+00  0.00000E+00  0.00000E+00  0.31067E+02  0.00000E+00  0.36600E+01    139  0.00000E+00      0.000
     123.0000  0.30000E-01  0.00000E+00  0.30000E-01  0.00000E+00  0.29973E-01  0.36900E+01  0.00000E+00  0.36900E+01  0.00000E+00  0.31259E+01 -0.13517E+03  0.00000E+00  0.00000E+00  0.00000E+00  0.00000E+00  0.31067E+02  0.00000E+00  0.36900E+01    140  0.00000E+00      0.000
     124.0000  0.30000E-01  0.00000E+00  0.30000E-01  0.00000E+00  0.29978E-01  0.37200E+01  0.00000E+00  0.37200E+01  0.00000E+00  0.31559E+01 -0.13517E+03  0.00000E+00  0.00000E+00  0.00000E+00  0.00000E+00  0.31067E+02  0.00000E+00  0.37200E+01    141  0.00000E+00      0.000
     125.0000  0.30000E-01  0.00000E+00  0.30000E-01  0.00000E+00  0.29983E-01  0.37500E+01  0.00000E+00  0.37500E+01  0.00000E+00  0.31859E+01 -0.13517E+03  0.00000E+00  0.00000E+00  0.00000E+00  0.00000E+00  0.31067E+02  0.00000E+00  0.37500E+01    142  0.00000E+00      0.000
     126.0000  0.30000E-01  0.00000E+00  0.30000E-01  0.00000E+00  0.29973E-01  0.37800E+01  0.00000E+00  0.37800E+01  0.00000E+00  0.32159E+01 -0.13517E+03  0.00000E+00  0.00000E+00  0.00000E+00  0.00000E+00  0.31067E+02  0.00000E+00  0.37800E+01    143  0.00000E+00      0.000
     127.0000  0.30000E-01  0.00000E+00  0.30000E-01  0.00000E+00  0.29973E-01  0.38100E+01  0.00000E+00  0.38100E+01  0.00000E+00  0.32458E+01 -0.13517E+03  0.00000E+00  0.00000E+00  0.00000E+00  0.00000E+00  0.31067E+02  0.00000E+00  0.38100E+01    144  0.00000E+00      0.000
     128.0000  0.30000E-01  0.00000E+00  0.30000E-01  0.00000E+00  0.29988E-01  0.38400E+01  0.00000E+00  0.38400E+01  0.00000E+00  0.32758E+01 -0.13517E+03  0.00000E+00  0.00000E+00  0.00000E+00  0.00000E+00  0.31067E+02  0.00000E+00  0.38400E+01    145  0.00000E+00      0.000
     129.0000  0.30000E-01  0.00000E+00  0.30000E-01  0.00000E+00  0.29968E-01  0.38700E+01  0.00000E+00  0.38700E+01  0.00000E+00  0.33058E+01 -0.13517E+03  0.00000E+00  0.00000E+00  0.00000E+00  0.00000E+00  0.31067E+02  0.00000E+00  0.38700E+01    146  0.00000E+00      0.000
     130.0000  0.30000E-01  0.00000E+00  0.30000E-01  0.00000E+00  0.29998E-01  0.39000E+01  0.00000E+00  0.39000E+01  0.00000E+00  0.33358E+01 -0.13517E+03  0.00000E+00  0.00000E+00  0.00000E+00  0.00000E+00  0.31067E+02  0.00000E+00  0.39000E+01    147  0.00000E+00      0.000
     131.0000  0.30000E-01  0.00000E+00  0.30000E-01  0.00000E+00  0.30008E-01  0.39300E+01  0.00000E+00  0.39300E+01  0.00000E+00  0.33658E+01 -0.13517E+03  0.00000E+00  0.00000E+00  0.00000E+00  0.00000E+00  0.31067E+02  0.00000E+00  0.39300E+01    148  0.00000E+00      0.000
     132.0000  0.30000E-01  0.00000E+00  0.30000E-01  0.00000E+00  0.29998E-01  0.39600E+01  0.00000E+00  0.39600E+01  0.00000E+00  0.33958E+01 -0.13517E+03  0.00000E+00  0.00000E+00  0.00000E+00  0.00000E+00  0.31067E+02  0.00000E+00  0.39600E+01    149  0.00000E+00      0.000
     133.0000  0.30000E-01  0.00000E+00  0.30000E-01  0.00000E+00  0.29993E-01  0.39900E+01  0.00000E+00  0.39900E+01  0.00000E+00  0.34258E+01 -0.13517E+03  0.00000E+00  0.00000E+00  0.00000E+00  0.00000E+00  0.31067E+02  0.00000E+00  0.39900E+01    150  0.00000E+00      0.000
     134.0000  0.30000E-01  0.00000E+00  0.30000E-01  0.00000E+00  0.29988E-01  0.40200E+01  0.00000E+00  0.40200E+01  0.00000E+00  0.34558E+01 -0.13517E+03  0.00000E+00  0.00000E+00  0.00000E+00  0.00000E+00  0.31067E+02  0.00000E+00  0.40200E+01    151  0.00000E+00      0.000
     135.0000  0.30000E-01  0.00000E+00  0.30000E-01  0.00000E+00  0.29973E-01  0.40500E+01  0.00000E+00  0.40500E+01  0.00000E+00  0.34857E+01 -0.13518E+03  0.00000E+00  0.00000E+00  0.00000E+00  0.00000E+00  0.31067E+02  0.00000E+00  0.40500E+01    152  0.00000E+00      0.000
     136.0000  0.30000E-01  0.00000E+00  0.30000E-01  0.00000E+00  0.29991E-01  0.40800E+01  0.00000E+00  0.40800E+01  0.00000E+00  0.35157E+01 -0.13518E+03  0.00000E+00  0.00000E+00  0.00000E+00  0.00000E+00  0.31067E+02  0.00000E+00  0.40800E+01    153  0.00000E+00      0.000
     137.0000  0.30000E-01  0.00000E+00  0.30000E-01  0.00000E+00  0.29996E-01  0.41100E+01  0.00000E+00  0.41100E+01  0.00000E+00  0.35457E+01 -0.13518E+03  0.00000E+00  0.00000E+00  0.00000E+00  0.00000E+00  0.31067E+02  0.00000E+00  0.41100E+01    154  0.00000E+00      0.000
     138.0000  0.30000E-01  0.00000E+00  0.30000E-01  0.00000E+00  0.30003E-01  0.41400E+01  0.00000E+00  0.41400E+01  0.00000E+00  0.35757E+01 -0.13518E+03  0.00000E+00  0.00000E+00  0.00000E+00  0.00000E+00  0.31067E+02  0.00000E+00  0.41400E+01    155  0.00000E+00      0.000
     139.0000  0.30000E-01  0.00000E+00  0.30000E-01  0.00000E+00  0.29991E-01  0.41700E+01  0.00000E+00  0.41700E+01  0.00000E+00  0.36057E+01 -0.13518E+03  0.00000E+00  0.00000E+00  0.00000E+00  0.00000E+00  0.31067E+02  0.00000E+00  0.41700E+01    156  0.00000E+00      0.000
     140.0000  0.30000E-01  0.00000E+00  0.30000E-01  0.00000E+00  0.29993E-01  0.42000E+01  0.00000E+00  0.42000E+01  0.00000E+00  0.36357E+01 -0.13518E+03  0.00000E+00  0.00000E+00  0.00000E+00  0.00000E+00  0.31067E+02  0.00000E+00  0.42000E+01    157  0.00000E+00      0.000
     141.0000  0.30000E-01  0.00000E+00  0.30000E-01  0.00000E+00  0.29993E-01  0.42300E+01  0.00000E+00  0.42300E+01  0.00000E+00  0.36657E+01 -0.13518E+03  0.00000E+00  0.00000E+00  0.00000E+00  0.00000E+00  0.31067E+02  0.00000E+00  0.42300E+01    158  0.00000E+00      0.000
     142.0000  0.30000E-01  0.00000E+00  0.30000E-01  0.00000E+00  0.30008E-01  0.42600E+01  0.00000E+00  0.42600E+01  0.00000E+00  0.36957E+01 -0.13518E+03  0.00000E+00  0.00000E+00  0.00000E+00  0.00000E+00  0.31067E+02  0.00000E+00  0.42600E+01    159  0.00000E+00      0.000
     143.0000  0.30000E-01  0.00000E+00  0.30000E-01  0.00000E+00  0.30011E-01  0.42900E+01  0.00000E+00  0.42900E+01  0.00000E+00  0.37257E+01 -0.13518E+03  0.00000E+00  0.00000E+00  0.00000E+00  0.00000E+00  0.31067E+02  0.00000E+00  0.42900E+01    160  0.00000E+00      0.000
     144.0000  0.30000E-01  0.00000E+00  0.30000E-01  0.00000E+00  0.30003E-01  0.43200E+01  0.00000E+00  0.43200E+01  0.00000E+00  0.37557E+01 -0.13518E+03  0.00000E+00  0.00000E+00  0.00000E+00  0.00000E+00  0.31067E+02  0.00000E+00  0.43200E+01    161  0.00000E+00      0.000
     145.0000  0.30000E-01  0.00000E+00  0.30000E-01  0.00000E+00  0.30011E-01  0.43500E+01  0.00000E+00  0.43500E+01  0.00000E+00  0.37857E+01 -0.13518E+03  0.00000E+00  0.00000E+00  0.00000E+00  0.00000E+00  0.31067E+02  0.00000E+00  0.43500E+01    162  0.00000E+00      0.000
     146.0000  0.30000E-01  0.00000E+00  0.30000E-01  0.00000E+00  0.30001E-01  0.43800E+01  0.00000E+00  0.43800E+01  0.00000E+00  0.38157E+01 -0.13518E+03  0.00000E+00  0.00000E+00  0.00000E+00  0.00000E+00  0.31067E+02  0.00000E+00  0.43800E+01    163  0.00000E+00      0.000
     147.0000  0.30000E-01  0.00000E+00  0.30000E-01  0.00000E+00  0.30001E-01  0.44100E+01  0.00000E+00  0.44100E+01  0.00000E+00  0.38457E+01 -0.13518E+03  0.00000E+00  0.00000E+00  0.00000E+00  0.00000E+00  0.31067E+02  0.00000E+00  0.44100E+01    164  0.00000E+00      0.000
     148.0000  0.30000E-01  0.00000E+00  0.30000E-01  0.00000E+00  0.30013E-01  0.44400E+01  0.00000E+00  0.44400E+01  0.00000E+00  0.38758E+01 -0.13518E+03  0.00000E+00  0.00000E+00  0.00000E+00  0.00000E+00  0.31067E+02  0.00000E+00  0.44400E+01    165  0.00000E+00      0.000
     149.0000  0.30000E-01  0.00000E+00  0.30000E-01  0.00000E+00  0.29996E-01  0.44700E+01  0.00000E+00  0.44700E+01  0.00000E+00  0.39057E+01 -0.13518E+03  0.00000E+00  0.00000E+00  0.00000E+00  0.00000E+00  0.31067E+02  0.00000E+00  0.44700E+01    166  0.00000E+00      0.000
     150.0000  0.30000E-01  0.00000E+00  0.30000E-01  0.00000E+00  0.30019E-01  0.45000E+01  0.00000E+00  0.45000E+01  0.00000E+00  0.39358E+01 -0.13518E+03  0.00000E+00  0.00000E+00  0.00000E+00  0.00000E+00  0.31067E+02  0.00000E+00  0.45000E+01    167  0.00000E+00      0.000
     151.0000  0.30000E-01  0.00000E+00  0.30000E-01  0.00000E+00  0.30001E-01  0.45300E+01  0.00000E+00  0.45300E+01  0.00000E+00  0.39658E+01 -0.13518E+03  0.00000E+00  0.00000E+00  0.00000E+00  0.00000E+00  0.31067E+02  0.00000E+00  0.45300E+01    168  0.00000E+00      0.000
     152.0000  0.30000E-01  0.00000E+00  0.30000E-01  0.00000E+00  0.29978E-01  0.45600E+01  0.00000E+00  0.45600E+01  0.00000E+00  0.39957E+01 -0.13518E+03  0.00000E+00  0.00000E+00  0.00000E+00  0.00000E+00  0.31067E+02  0.00000E+00  0.45600E+01    169  0.00000E+00      0.000
     153.0000  0.30000E-01  0.00000E+00  0.30000E-01  0.00000E+00  0.29993E-01  0.45900E+01  0.00000E+00  0.45900E+01  0.00000E+00  0.40257E+01 -0.13518E+03  0.00000E+00  0.00000E+00  0.00000E+00  0.00000E+00  0.31067E+02  0.00000E+00  0.45900E+01    170  0.00000E+00      0.000
     154.0000  0.30000E-01  0.00000E+00  0.30000E-01  0.00000E+00  0.29996E-01  0.46200E+01  0.00000E+00  0.46200E+01  0.00000E+00  0.40557E+01 -0.13518E+03  0.00000E+00  0.00000E+00  0.00000E+00  0.00000E+00  0.31067E+02  0.00000E+00  0.46200E+01    171  0.00000E+00      0.000
     155.0000  0.30000E-01  0.00000E+00  0.30000E-01  0.00000E+00  0.30003E-01  0.46500E+01  0.00000E+00  0.46500E+01  0.00000E+00  0.40857E+01 -0.13518E+03  0.00000E+00  0.00000E+00  0.00000E+00  0.00000E+00  0.31067E+02  0.00000E+00  0.46500E+01    172  0.00000E+00      0.000
     156.0000  0.30000E-01  0.00000E+00  0.30000E-01  0.00000E+00  0.29990E-01  0.46800E+01  0.00000E+00  0.46800E+01  0.00000E+00  0.41157E+01 -0.13518E+03  0.00000E+00  0.00000E+00  0.00000E+00  0.00000E+00  0.31067E+02  0.00000E+00  0.46800E+01    173  0.00000E+00      0.000
     157.0000  0.30000E-01  0.00000E+00  0.30000E-01  0.00000E+00  0.30003E-01  0.47100E+01  0.00000E+00  0.47100E+01  0.00000E+00  0.41457E+01 -0.13518E+03  0.00000E+00  0.00000E+00  0.00000E+00  0.00000E+00  0.31067E+02  0.00000E+00  0.47100E+01    174  0.00000E+00      0.000
     158.0000  0.30000E-01  0.00000E+00  0.30000E-01  0.00000E+00  0.29983E-01  0.47400E+01  0.00000E+00  0.47400E+01  0.00000E+00  0.41757E+01 -0.13518E+03  0.00000E+00  0.00000E+00  0.00000E+00  0.00000E+00  0.31067E+02  0.00000E+00  0.47400E+01    175  0.00000E+00      0.000
     159.0000  0.30000E-01  0.00000E+00  0.30000E-01  0.00000E+00  0.30006E-01  0.47700E+01  0.00000E+00  0.47700E+01  0.00000E+00  0.42057E+01 -0.13518E+03  0.00000E+00  0.00000E+00  0.00000E+00  0.00000E+00  0.31067E+02  0.00000E+00  0.47700E+01    176  0.00000E+00      0.000
     160.0000  0.30000E-01  0.00000E+00  0.30000E-01  0.00000E+00  0.29993E-01  0.48000E+01  0.00000E+00  0.48000E+01  0.00000E+00  0.42357E+01 -0.13518E+03  0.00000E+00  0.00000E+00  0.00000E+00  0.00000E+00  0.31067E+02  0.00000E+00  0.48000E+01    177  0.00000E+00      0.000
     161.0000  0.30000E-01  0.00000E+00  0.30000E-01  0.00000E+00  0.30008E-01  0.48300E+01  0.00000E+00  0.48300E+01  0.00000E+00  0.42657E+01 -0.13518E+03  0.00000E+00  0.00000E+00  0.00000E+00  0.00000E+00  0.31067E+02  0.00000E+00  0.48300E+01    178  0.00000E+00      0.000
     162.0000  0.30000E-01  0.00000E+00  0.30000E-01  0.00000E+00  0.29996E-01  0.48600E+01  0.00000E+00  0.48600E+01  0.00000E+00  0.42957E+01 -0.13518E+03  0.00000E+00  0.00000E+00  0.00000E+00  0.00000E+00  0.31067E+02  0.00000E+00  0.48600E+01    179  0.00000E+00      0.000
     163.0000  0.30000E-01  0.00000E+00  0.30000E-01  0.00000E+00  0.29983E-01  0.48900E+01  0.00000E+00  0.48900E+01  0.00000E+00  0.43257E+01 -0.13518E+03  0.00000E+00  0.00000E+00  0.00000E+00  0.00000E+00  0.31067E+02  0.00000E+00  0.48900E+01    180  0.00000E+00      0.000
     164.0000  0.30000E-01  0.00000E+00  0.30000E-01  0.00000E+00  0.30001E-01  0.49200E+01  0.00000E+00  0.49200E+01  0.00000E+00  0.43557E+01 -0.13518E+03  0.00000E+00  0.00000E+00  0.00000E+00  0.00000E+00  0.31067E+02  0.00000E+00  0.49200E+01    181  0.00000E+00      0.000
     165.0000  0.30000E-01  0.00000E+00  0.30000E-01  0.00000E+00  0.30013E-01  0.49500E+01  0.00000E+00  0.49500E+01  0.00000E+00  0.43857E+01 -0.13518E+03  0.00000E+00  0.00000E+00  0.00000E+00  0.00000E+00  0.31067E+02  0.00000E+00  0.49500E+01    182  0.00000E+00      0.000
     166.0000  0.30000E-01  0.00000E+00  0.30000E-01  0.00000E+00  0.30006E-01  0.49800E+01  0.00000E+00  0.49800E+01  0.00000E+00  0.44157E+01 -0.13518E+03  0.00000E+00  0.00000E+00  0.00000E+00  0.00000E+00  0.31067E+02  0.00000E+00  0.49800E+01    183  0.00000E+00      0.000
     167.0000  0.30000E-01  0.00000E+00  0.30000E-01  0.00000E+00  0.30011E-01  0.50100E+01  0.00000E+00  0.50100E+01  0.00000E+00  0.44457E+01 -0.13518E+03  0.00000E+00  0.00000E+00  0.00000E+00  0.00000E+00  0.31067E+02  0.00000E+00  0.50100E+01    184  0.00000E+00      0.000
     168.0000  0.30000E-01  0.00000E+00  0.30000E-01  0.00000E+00  0.30011E-01  0.50400E+01  0.00000E+00  0.50400E+01  0.00000E+00  0.44757E+01 -0.13518E+03  0.00000E+00  0.00000E+00  0.00000E+00  0.00000E+00  0.31067E+02  0.00000E+00  0.50400E+01    185  0.00000E+00      0.000
     169.0000  0.30000E-01  0.00000E+00  0.30000E-01  0.00000E+00  0.29983E-01  0.50700E+01  0.00000E+00  0.50700E+01  0.00000E+00  0.45057E+01 -0.13518E+03  0.00000E+00  0.00000E+00  0.00000E+00  0.00000E+00  0.31067E+02  0.00000E+00  0.50700E+01    186  0.00000E+00      0.000
     170.0000  0.30000E-01  0.00000E+00  0.30000E-01  0.00000E+00  0.30036E-01  0.51000E+01  0.00000E+00  0.51000E+01  0.00000E+00  0.45358E+01 -0.13518E+03  0.00000E+00  0.00000E+00  0.00000E+00  0.00000E+00  0.31067E+02  0.00000E+00  0.51000E+01    187  0.00000E+00      0.000
     171.0000  0.30000E-01  0.00000E+00  0.30000E-01  0.00000E+00  0.30001E-01  0.51300E+01  0.00000E+00  0.51300E+01  0.00000E+00  0.45658E+01 -0.13518E+03  0.00000E+00  0.00000E+00  0.00000E+00  0.00000E+00  0.31067E+02  0.00000E+00  0.51300E+01    188  0.00000E+00      0.000
     172.0000  0.30000E-01  0.00000E+00  0.30000E-01  0.00000E+00  0.29996E-01  0.51600E+01  0.00000E+00  0.51600E+01  0.00000E+00  0.45958E+01 -0.13518E+03  0.00000E+00  0.00000E+00  0.00000E+00  0.00000E+00  0.31066E+02  0.00000E+00  0.51600E+01    189  0.00000E+00      0.000
     173.0000  0.30000E-01  0.00000E+00  0.30000E-01  0.00000E+00  0.29996E-01  0.51900E+01  0.00000E+00  0.51900E+01  0.00000E+00  0.46258E+01 -0.13518E+03  0.00000E+00  0.00000E+00  0.00000E+00  0.00000E+00  0.31066E+02  0.00000E+00  0.51900E+01    190  0.00000E+00      0.000
     174.0000  0.30000E-01  0.00000E+00  0.30000E-01  0.00000E+00  0.30008E-01  0.52200E+01  0.00000E+00  0.52200E+01  0.00000E+00  0.46558E+01 -0.13518E+03  0.00000E+00  0.00000E+00  0.00000E+00  0.00000E+00  0.31066E+02  0.00000E+00  0.52200E+01    191  0.00000E+00      0.000
     175.0000  0.30000E-01  0.00000E+00  0.30000E-01  0.00000E+00  0.29980E-01  0.52500E+01  0.00000E+00  0.52500E+01  0.00000E+00  0.46857E+01 -0.13518E+03  0.00000E+00  0.00000E+00  0.00000E+00  0.00000E+00  0.31066E+02  0.00000E+00  0.52500E+01    192  0.00000E+00      0.000
     176.0000  0.30000E-01  0.00000E+00  0.30000E-01  0.00000E+00  0.29991E-01  0.52800E+01  0.00000E+00  0.52800E+01  0.00000E+00  0.47157E+01 -0.13518E+03  0.00000E+00  0.00000E+00  0.00000E+00  0.00000E+00  0.31066E+02  0.00000E+00  0.52800E+01    193  0.00000E+00      0.000
     177.0000  0.30000E-01  0.00000E+00  0.30000E-01  0.00000E+00  0.29983E-01  0.53100E+01  0.00000E+00  0.53100E+01  0.00000E+00  0.47457E+01 -0.13518E+03  0.00000E+00  0.00000E+00  0.00000E+00  0.00000E+00  0.31066E+02  0.00000E+00  0.53100E+01    194  0.00000E+00      0.000
     178.0000  0.30000E-01  0.00000E+00  0.30000E-01  0.00000E+00  0.30008E-01  0.53400E+01  0.00000E+00  0.53400E+01  0.00000E+00  0.47757E+01 -0.13518E+03  0.00000E+00  0.00000E+00  0.00000E+00  0.00000E+00  0.31066E+02  0.00000E+00  0.53400E+01    195  0.00000E+00      0.000
     179.0000  0.30000E-01  0.00000E+00  0.30000E-01  0.00000E+00  0.30016E-01  0.53700E+01  0.00000E+00  0.53700E+01  0.00000E+00  0.48057E+01 -0.13518E+03  0.00000E+00  0.00000E+00  0.00000E+00  0.00000E+00  0.31066E+02  0.00000E+00  0.53700E+01    196  0.00000E+00      0.000
     180.0000  0.30000E-01  0.00000E+00  0.30000E-01  0.00000E+00  0.30011E-01  0.54000E+01  0.00000E+00  0.54000E+01  0.00000E+00  0.48358E+01 -0.13518E+03  0.00000E+00  0.00000E+00  0.00000E+00  0.00000E+00  0.31066E+02  0.00000E+00  0.54000E+01    197  0.00000E+00      0.000
     181.0000  0.30000E-01  0.00000E+00  0.30000E-01  0.00000E+00  0.30008E-01  0.54300E+01  0.00000E+00  0.54300E+01  0.00000E+00  0.48658E+01 -0.13518E+03  0.00000E+00  0.00000E+00  0.00000E+00  0.00000E+00  0.31066E+02  0.00000E+00  0.54300E+01    198  0.00000E+00      0.000
     182.0000  0.30000E-01  0.00000E+00  0.30000E-01  0.00000E+00  0.30006E-01  0.54600E+01  0.00000E+00  0.54600E+01  0.00000E+00  0.48958E+01 -0.13518E+03  0.00000E+00  0.00000E+00  0.00000E+00  0.00000E+00  0.31066E+02  0.00000E+00  0.54600E+01    199  0.00000E+00      0.000
     183.0000  0.30000E-01  0.00000E+00  0.30000E-01  0.00000E+00  0.30001E-01  0.54900E+01  0.00000E+00  0.54900E+01  0.00000E+00  0.49258E+01 -0.13518E+03  0.00000E+00  0.00000E+00  0.00000E+00  0.00000E+00  0.31066E+02  0.00000E+00  0.54900E+01    200  0.00000E+00      0.000
     184.0000  0.30000E-01  0.00000E+00  0.30000E-01  0.00000E+00  0.30003E-01  0.55200E+01  0.00000E+00  0.55200E+01  0.00000E+00  0.49558E+01 -0.13518E+03  0.00000E+00  0.00000E+00  0.00000E+00  0.00000E+00  0.31066E+02  0.00000E+00  0.55200E+01    201  0.00000E+00      0.000
     185.0000  0.30000E-01  0.00000E+00  0.30000E-01  0.00000E+00  0.30006E-01  0.55500E+01  0.00000E+00  0.55500E+01  0.00000E+00  0.49858E+01 -0.13518E+03  0.00000E+00  0.00000E+00  0.00000E+00  0.00000E+00  0.31066E+02  0.00000E+00  0.55500E+01    202  0.00000E+00      0.000
     186.0000  0.30000E-01  0.00000E+00  0.30000E-01  0.00000E+00  0.29973E-01  0.55800E+01  0.00000E+00  0.55800E+01  0.00000E+00  0.50157E+01 -0.13518E+03  0.00000E+00  0.00000E+00  0.00000E+00  0.00000E+00  0.31067E+02  0.00000E+00  0.55800E+01    203  0.00000E+00      0.000
     187.0000  0.30000E-01  0.00000E+00  0.30000E-01  0.00000E+00  0.29973E-01  0.56100E+01  0.00000E+00  0.56100E+01  0.00000E+00  0.50457E+01 -0.13518E+03  0.00000E+00  0.00000E+00  0.00000E+00  0.00000E+00  0.31067E+02  0.00000E+00  0.56100E+01    204  0.00000E+00      0.000
     188.0000  0.30000E-01  0.00000E+00  0.30000E-01  0.00000E+00  0.29991E-01  0.56400E+01  0.00000E+00  0.56400E+01  0.00000E+00  0.50757E+01 -0.13518E+03  0.00000E+00  0.00000E+00  0.00000E+00  0.00000E+00  0.31066E+02  0.00000E+00  0.56400E+01    205  0.00000E+00      0.000
     189.0000  0.30000E-01  0.00000E+00  0.30000E-01  0.00000E+00  0.30011E-01  0.56700E+01  0.00000E+00  0.56700E+01  0.00000E+00  0.51057E+01 -0.13518E+03  0.00000E+00  0.00000E+00  0.00000E+00  0.00000E+00  0.31066E+02  0.00000E+00  0.56700E+01    206  0.00000E+00      0.000
     190.0000  0.30000E-01  0.00000E+00  0.30000E-01  0.00000E+00  0.30016E-01  0.57000E+01  0.00000E+00  0.57000E+01  0.00000E+00  0.51357E+01 -0.13518E+03  0.00000E+00  0.00000E+00  0.00000E+00  0.00000E+00  0.31066E+02  0.00000E+00  0.57000E+01    207  0.00000E+00      0.000
     191.0000  0.30000E-01  0.00000E+00  0.30000E-01  0.00000E+00  0.30001E-01  0.57300E+01  0.00000E+00  0.57300E+01  0.00000E+00  0.51657E+01 -0.13518E+03  0.00000E+00  0.00000E+00  0.00000E+00  0.00000E+00  0.31066E+02  0.00000E+00  0.57300E+01    208  0.00000E+00      0.000
     192.0000  0.30000E-01  0.00000E+00  0.30000E-01  0.00000E+00  0.30006E-01  0.57600E+01  0.00000E+00  0.57600E+01  0.00000E+00  0.51957E+01 -0.13518E+03  0.00000E+00  0.00000E+00  0.00000E+00  0.00000E+00  0.31066E+02  0.00000E+00  0.57600E+01    209  0.00000E+00      0.000
     193.0000  0.30000E-01  0.00000E+00  0.30000E-01  0.00000E+00  0.29988E-01  0.57900E+01  0.00000E+00  0.57900E+01  0.00000E+00  0.52257E+01 -0.13518E+03  0.00000E+00  0.00000E+00  0.00000E+00  0.00000E+00  0.31066E+02  0.00000E+00  0.57900E+01    210  0.00000E+00      0.000
     194.0000  0.30000E-01  0.00000E+00  0.30000E-01  0.00000E+00  0.29988E-01  0.58200E+01  0.00000E+00  0.58200E+01  0.00000E+00  0.52557E+01 -0.13518E+03  0.00000E+00  0.00000E+00  0.00000E+00  0.00000E+00  0.31066E+02  0.00000E+00  0.58200E+01    211  0.00000E+00      0.000
     195.0000  0.30000E-01  0.00000E+00  0.30000E-01  0.00000E+00  0.29983E-01  0.58500E+01  0.00000E+00  0.58500E+01  0.00000E+00  0.52857E+01 -0.13518E+03  0.00000E+00  0.00000E+00  0.00000E+00  0.00000E+00  0.31066E+02  0.00000E+00  0.58500E+01    212  0.00000E+00      0.000
     196.0000  0.30000E-01  0.00000E+00  0.30000E-01  0.00000E+00  0.30011E-01  0.58800E+01  0.00000E+00  0.58800E+01  0.00000E+00  0.53157E+01 -0.13518E+03  0.00000E+00  0.00000E+00  0.00000E+00  0.00000E+00  0.31066E+02  0.00000E+00  0.58800E+01    213  0.00000E+00      0.000
     197.0000  0.30000E-01  0.00000E+00  0.30000E-01  0.00000E+00  0.30026E-01  0.59100E+01  0.00000E+00  0.59100E+01  0.00000E+00  0.53457E+01 -0.13518E+03  0.00000E+00  0.00000E+00  0.00000E+00  0.00000E+00  0.31066E+02  0.00000E+00  0.59100E+01    214  0.00000E+00      0.000
     198.0000  0.30000E-01  0.00000E+00  0.30000E-01  0.00000E+00  0.29998E-01  0.59400E+01  0.00000E+00  0.59400E+01  0.00000E+00  0.53757E+01 -0.13518E+03  0.00000E+00  0.00000E+00  0.00000E+00  0.00000E+00  0.31066E+02  0.00000E+00  0.59400E+01    215  0.00000E+00      0.000
     199.0000  0.30000E-01  0.00000E+00  0.30000E-01  0.00000E+00  0.30016E-01  0.59700E+01  0.00000E+00  0.59700E+01  0.00000E+00  0.54058E+01 -0.13518E+03  0.00000E+00  0.00000E+00  0.00000E+00  0.00000E+00  0.31066E+02  0.00000E+00  0.59700E+01    216  0.00000E+00      0.000
     200.0000  0.30000E-01  0.00000E+00  0.30000E-01  0.00000E+00  0.30011E-01  0.60000E+01  0.00000E+00  0.60000E+01  0.00000E+00  0.54358E+01 -0.13518E+03  0.00000E+00  0.00000E+00  0.00000E+00  0.00000E+00  0.31066E+02  0.00000E+00  0.60000E+01    217  0.00000E+00      0.000
end
