 ******* Program HYDRUS
 ******* Onde thermique journaliere sans convection, loam h=-100 cm              
 Date:   0. 0.    Time: 512:**:**
 Units: L = cm   , T = days , M = g    

----------------------------------------------------------
 Time       [T]        0.0000
----------------------------------------------------------
 Sub-region num.                     1
----------------------------------------------------------
 Area     [L]        0.10000E+03  0.10000E+03
 W-volume [L]        0.24258E+02  0.24258E+02
 In-flow  [L/T]      0.00000E+00  0.00000E+00
 h Mean   [L]       -0.10000E+03 -0.10000E+03
 HeatVol  [M/T2]     0.46139E+22  0.46139E+22
 tMean    [K]             20.000       20.000
 Top Flux [L/T]     -0.35496E-01
 Bot Flux [L/T]     -0.35496E-01
----------------------------------------------------------

----------------------------------------------------------
 Time       [T]        0.1250
----------------------------------------------------------
 Sub-region num.                     1
----------------------------------------------------------
 Area     [L]        0.10000E+03  0.10000E+03
 W-volume [L]        0.24258E+02  0.24258E+02
 In-flow  [L/T]     -0.74552E-05 -0.74552E-05
 h Mean   [L]       -0.10000E+03 -0.10000E+03
 HeatVol  [M/T2]     0.46014E+22  0.46014E+22
 tMean    [K]             19.207       19.207
 Top Flux [L/T]     -0.41825E-02
 Bot Flux [L/T]     -0.42757E-02
 WatBalT  [L]        0.19333E-05
 WatBalR  [%]              0.022
----------------------------------------------------------

----------------------------------------------------------
 Time       [T]        0.2500
----------------------------------------------------------
 Sub-region num.                     1
----------------------------------------------------------
 Area     [L]        0.10000E+03  0.10000E+03
 W-volume [L]        0.24258E+02  0.24258E+02
 In-flow  [L/T]      0.94101E-05  0.94101E-05
 h Mean   [L]       -0.10000E+03 -0.10000E+03
 HeatVol  [M/T2]     0.46021E+22  0.46021E+22
 tMean    [K]             19.255       19.255
 Top Flux [L/T]     -0.28916E-02
 Bot Flux [L/T]     -0.29838E-02
 WatBalT  [L]        0.76424E-05
 WatBalR  [%]              0.043
----------------------------------------------------------

----------------------------------------------------------
 Time       [T]        0.3750
----------------------------------------------------------
 Sub-region num.                     1
----------------------------------------------------------
 Area     [L]        0.10000E+03  0.10000E+03
 W-volume [L]        0.24258E+02  0.24258E+02
 In-flow  [L/T]     -0.78478E-05 -0.78478E-05
 h Mean   [L]       -0.10000E+03 -0.10000E+03
 HeatVol  [M/T2]     0.46100E+22  0.46100E+22
 tMean    [K]             19.755       19.755
 Top Flux [L/T]     -0.23367E-02
 Bot Flux [L/T]     -0.30298E-02
 WatBalT  [L]        0.13385E-04
 WatBalR  [%]              0.050
----------------------------------------------------------

----------------------------------------------------------
 Time       [T]        0.5000
----------------------------------------------------------
 Sub-region num.                     1
----------------------------------------------------------
 Area     [L]        0.10000E+03  0.10000E+03
 W-volume [L]        0.24258E+02  0.24258E+02
 In-flow  [L/T]     -0.32596E-08 -0.32596E-08
 h Mean   [L]       -0.10000E+03 -0.10000E+03
 HeatVol  [M/T2]     0.46200E+22  0.46200E+22
 tMean    [K]             20.390       20.390
 Top Flux [L/T]     -0.20103E-02
 Bot Flux [L/T]     -0.26103E-02
 WatBalT  [L]        0.15285E-04
 WatBalR  [%]              0.043
----------------------------------------------------------

----------------------------------------------------------
 Time       [T]        0.6250
----------------------------------------------------------
 Sub-region num.                     1
----------------------------------------------------------
 Area     [L]        0.10000E+03  0.10000E+03
 W-volume [L]        0.24258E+02  0.24258E+02
 In-flow  [L/T]      0.94161E-05  0.94161E-05
 h Mean   [L]       -0.10000E+03 -0.10000E+03
 HeatVol  [M/T2]     0.46261E+22  0.46261E+22
 tMean    [K]             20.780       20.780
 Top Flux [L/T]     -0.17894E-02
 Bot Flux [L/T]     -0.23281E-02
 WatBalT  [L]        0.13426E-04
 WatBalR  [%]              0.030
----------------------------------------------------------

----------------------------------------------------------
 Time       [T]        0.7500
----------------------------------------------------------
 Sub-region num.                     1
----------------------------------------------------------
 Area     [L]        0.10000E+03  0.10000E+03
 W-volume [L]        0.24258E+02  0.24258E+02
 In-flow  [L/T]     -0.47064E-05 -0.47064E-05
 h Mean   [L]       -0.10001E+03 -0.10001E+03
 HeatVol  [M/T2]     0.46248E+22  0.46248E+22
 tMean    [K]             20.695       20.695
 Top Flux [L/T]     -0.16264E-02
 Bot Flux [L/T]     -0.20534E-02
 WatBalT  [L]        0.11536E-04
 WatBalR  [%]              0.022
----------------------------------------------------------

----------------------------------------------------------
 Time       [T]        0.8750
----------------------------------------------------------
 Sub-region num.                     1
----------------------------------------------------------
 Area     [L]        0.10000E+03  0.10000E+03
 W-volume [L]        0.24258E+02  0.24258E+02
 In-flow  [L/T]     -0.31488E-05 -0.31488E-05
 h Mean   [L]       -0.10001E+03 -0.10001E+03
 HeatVol  [M/T2]     0.46167E+22  0.46167E+22
 tMean    [K]             20.182       20.182
 Top Flux [L/T]     -0.15004E-02
 Bot Flux [L/T]     -0.19444E-02
 WatBalT  [L]        0.13425E-04
 WatBalR  [%]              0.022
----------------------------------------------------------

----------------------------------------------------------
 Time       [T]        1.0000
----------------------------------------------------------
 Sub-region num.                     1
----------------------------------------------------------
 Area     [L]        0.10000E+03  0.10000E+03
 W-volume [L]        0.24258E+02  0.24258E+02
 In-flow  [L/T]     -0.15583E-05 -0.15583E-05
 h Mean   [L]       -0.10002E+03 -0.10002E+03
 HeatVol  [M/T2]     0.46067E+22  0.46067E+22
 tMean    [K]             19.543       19.543
 Top Flux [L/T]     -0.13992E-02
 Bot Flux [L/T]     -0.17889E-02
 WatBalT  [L]        0.57863E-05
 WatBalR  [%]              0.008
----------------------------------------------------------

----------------------------------------------------------
 Time       [T]        1.1250
----------------------------------------------------------
 Sub-region num.                     1
----------------------------------------------------------
 Area     [L]        0.10000E+03  0.10000E+03
 W-volume [L]        0.24258E+02  0.24258E+02
 In-flow  [L/T]     -0.94043E-05 -0.94043E-05
 h Mean   [L]       -0.10002E+03 -0.10002E+03
 HeatVol  [M/T2]     0.46006E+22  0.46006E+22
 tMean    [K]             19.151       19.151
 Top Flux [L/T]     -0.13155E-02
 Bot Flux [L/T]     -0.16920E-02
 WatBalT  [L]        0.19985E-05
 WatBalR  [%]              0.003
----------------------------------------------------------

----------------------------------------------------------
 Time       [T]        1.2500
----------------------------------------------------------
 Sub-region num.                     1
----------------------------------------------------------
 Area     [L]        0.10000E+03  0.10000E+03
 W-volume [L]        0.24258E+02  0.24258E+02
 In-flow  [L/T]      0.47004E-05  0.47004E-05
 h Mean   [L]       -0.10003E+03 -0.10003E+03
 HeatVol  [M/T2]     0.46019E+22  0.46019E+22
 tMean    [K]             19.237       19.237
 Top Flux [L/T]     -0.12444E-02
 Bot Flux [L/T]     -0.16034E-02
 WatBalT  [L]        0.20240E-05
 WatBalR  [%]              0.002
----------------------------------------------------------

----------------------------------------------------------
 Time       [T]        1.3750
----------------------------------------------------------
 Sub-region num.                     1
----------------------------------------------------------
 Area     [L]        0.10000E+03  0.10000E+03
 W-volume [L]        0.24258E+02  0.24258E+02
 In-flow  [L/T]     -0.78462E-05 -0.78462E-05
 h Mean   [L]       -0.10004E+03 -0.10004E+03
 HeatVol  [M/T2]     0.46099E+22  0.46099E+22
 tMean    [K]             19.750       19.750
 Top Flux [L/T]     -0.11834E-02
 Bot Flux [L/T]     -0.15296E-02
 WatBalT  [L]        0.11497E-06
 WatBalR  [%]              0.000
----------------------------------------------------------

----------------------------------------------------------
 Time       [T]        1.5000
----------------------------------------------------------
 Sub-region num.                     1
----------------------------------------------------------
 Area     [L]        0.10000E+03  0.10000E+03
 W-volume [L]        0.24258E+02  0.24258E+02
 In-flow  [L/T]      0.47185E-05  0.47185E-05
 h Mean   [L]       -0.10004E+03 -0.10004E+03
 HeatVol  [M/T2]     0.46199E+22  0.46199E+22
 tMean    [K]             20.390       20.390
 Top Flux [L/T]     -0.11301E-02
 Bot Flux [L/T]     -0.14659E-02
 WatBalT  [L]        0.11761E-06
 WatBalR  [%]              0.000
----------------------------------------------------------

----------------------------------------------------------
 Time       [T]        1.6250
----------------------------------------------------------
 Sub-region num.                     1
----------------------------------------------------------
 Area     [L]        0.10000E+03  0.10000E+03
 W-volume [L]        0.24258E+02  0.24258E+02
 In-flow  [L/T]     -0.17259E-04 -0.17259E-04
 h Mean   [L]       -0.10005E+03 -0.10005E+03
 HeatVol  [M/T2]     0.46261E+22  0.46261E+22
 tMean    [K]             20.783       20.783
 Top Flux [L/T]     -0.10836E-02
 Bot Flux [L/T]     -0.14096E-02
 WatBalT  [L]        0.39405E-05
 WatBalR  [%]              0.003
----------------------------------------------------------

----------------------------------------------------------
 Time       [T]        1.7500
----------------------------------------------------------
 Sub-region num.                     1
----------------------------------------------------------
 Area     [L]        0.10000E+03  0.10000E+03
 W-volume [L]        0.24258E+02  0.24258E+02
 In-flow  [L/T]     -0.31374E-05 -0.31374E-05
 h Mean   [L]       -0.10006E+03 -0.10006E+03
 HeatVol  [M/T2]     0.46248E+22  0.46248E+22
 tMean    [K]             20.698       20.698
 Top Flux [L/T]     -0.10414E-02
 Bot Flux [L/T]     -0.13576E-02
 WatBalT  [L]        0.20361E-05
 WatBalR  [%]              0.002
----------------------------------------------------------

----------------------------------------------------------
 Time       [T]        1.8750
----------------------------------------------------------
 Sub-region num.                     1
----------------------------------------------------------
 Area     [L]        0.10000E+03  0.10000E+03
 W-volume [L]        0.24258E+02  0.24258E+02
 In-flow  [L/T]      0.62641E-05  0.62641E-05
 h Mean   [L]       -0.10007E+03 -0.10007E+03
 HeatVol  [M/T2]     0.46168E+22  0.46168E+22
 tMean    [K]             20.186       20.186
 Top Flux [L/T]     -0.10045E-02
 Bot Flux [L/T]     -0.13151E-02
 WatBalT  [L]        0.12557E-06
 WatBalR  [%]              0.000
----------------------------------------------------------

----------------------------------------------------------
 Time       [T]        2.0000
----------------------------------------------------------
 Sub-region num.                     1
----------------------------------------------------------
 Area     [L]        0.10000E+03  0.10000E+03
 W-volume [L]        0.24258E+02  0.24258E+02
 In-flow  [L/T]      0.67521E-08  0.67521E-08
 h Mean   [L]       -0.10007E+03 -0.10007E+03
 HeatVol  [M/T2]     0.46068E+22  0.46068E+22
 tMean    [K]             19.548       19.548
 Top Flux [L/T]     -0.96995E-03
 Bot Flux [L/T]     -0.12720E-02
 WatBalT  [L]        0.77473E-05
 WatBalR  [%]              0.005
----------------------------------------------------------

----------------------------------------------------------
 Time       [T]        2.1250
----------------------------------------------------------
 Sub-region num.                     1
----------------------------------------------------------
 Area     [L]        0.10000E+03  0.10000E+03
 W-volume [L]        0.24258E+02  0.24258E+02
 In-flow  [L/T]     -0.14109E-04 -0.14109E-04
 h Mean   [L]       -0.10008E+03 -0.10008E+03
 HeatVol  [M/T2]     0.46007E+22  0.46007E+22
 tMean    [K]             19.157       19.157
 Top Flux [L/T]     -0.93925E-03
 Bot Flux [L/T]     -0.12377E-02
 WatBalT  [L]        0.13813E-06
 WatBalR  [%]              0.000
----------------------------------------------------------

----------------------------------------------------------
 Time       [T]        2.2500
----------------------------------------------------------
 Sub-region num.                     1
----------------------------------------------------------
 Area     [L]        0.10000E+03  0.10000E+03
 W-volume [L]        0.24258E+02  0.24258E+02
 In-flow  [L/T]     -0.78341E-05 -0.78341E-05
 h Mean   [L]       -0.10009E+03 -0.10009E+03
 HeatVol  [M/T2]     0.46020E+22  0.46020E+22
 tMean    [K]             19.243       19.243
 Top Flux [L/T]     -0.91148E-03
 Bot Flux [L/T]     -0.12022E-02
 WatBalT  [L]        0.20334E-05
 WatBalR  [%]              0.001
----------------------------------------------------------

----------------------------------------------------------
 Time       [T]        2.3750
----------------------------------------------------------
 Sub-region num.                     1
----------------------------------------------------------
 Area     [L]        0.10000E+03  0.10000E+03
 W-volume [L]        0.24258E+02  0.24258E+02
 In-flow  [L/T]     -0.15702E-05 -0.15702E-05
 h Mean   [L]       -0.10010E+03 -0.10010E+03
 HeatVol  [M/T2]     0.46100E+22  0.46100E+22
 tMean    [K]             19.756       19.756
 Top Flux [L/T]     -0.88552E-03
 Bot Flux [L/T]     -0.11727E-02
 WatBalT  [L]        0.39025E-05
 WatBalR  [%]              0.002
----------------------------------------------------------

----------------------------------------------------------
 Time       [T]        2.5000
----------------------------------------------------------
 Sub-region num.                     1
----------------------------------------------------------
 Area     [L]        0.10000E+03  0.10000E+03
 W-volume [L]        0.24258E+02  0.24258E+02
 In-flow  [L/T]      0.47171E-05  0.47171E-05
 h Mean   [L]       -0.10011E+03 -0.10011E+03
 HeatVol  [M/T2]     0.46200E+22  0.46200E+22
 tMean    [K]             20.396       20.396
 Top Flux [L/T]     -0.86111E-03
 Bot Flux [L/T]     -0.11435E-02
 WatBalT  [L]        0.57812E-05
 WatBalR  [%]              0.003
----------------------------------------------------------

----------------------------------------------------------
 Time       [T]        2.6250
----------------------------------------------------------
 Sub-region num.                     1
----------------------------------------------------------
 Area     [L]        0.10000E+03  0.10000E+03
 W-volume [L]        0.24258E+02  0.24258E+02
 In-flow  [L/T]     -0.14113E-04 -0.14113E-04
 h Mean   [L]       -0.10012E+03 -0.10012E+03
 HeatVol  [M/T2]     0.46261E+22  0.46261E+22
 tMean    [K]             20.787       20.787
 Top Flux [L/T]     -0.83898E-03
 Bot Flux [L/T]     -0.11171E-02
 WatBalT  [L]        0.19634E-05
 WatBalR  [%]              0.001
----------------------------------------------------------

----------------------------------------------------------
 Time       [T]        2.7500
----------------------------------------------------------
 Sub-region num.                     1
----------------------------------------------------------
 Area     [L]        0.10000E+03  0.10000E+03
 W-volume [L]        0.24258E+02  0.24258E+02
 In-flow  [L/T]      0.31323E-05  0.31323E-05
 h Mean   [L]       -0.10013E+03 -0.10013E+03
 HeatVol  [M/T2]     0.46248E+22  0.46248E+22
 tMean    [K]             20.702       20.702
 Top Flux [L/T]     -0.81867E-03
 Bot Flux [L/T]     -0.10929E-02
 WatBalT  [L]        0.19449E-05
 WatBalR  [%]              0.001
----------------------------------------------------------

----------------------------------------------------------
 Time       [T]        2.8750
----------------------------------------------------------
 Sub-region num.                     1
----------------------------------------------------------
 Area     [L]        0.10000E+03  0.10000E+03
 W-volume [L]        0.24258E+02  0.24258E+02
 In-flow  [L/T]     -0.62650E-05 -0.62650E-05
 h Mean   [L]       -0.10014E+03 -0.10014E+03
 HeatVol  [M/T2]     0.46169E+22  0.46169E+22
 tMean    [K]             20.190       20.190
 Top Flux [L/T]     -0.79877E-03
 Bot Flux [L/T]     -0.10698E-02
 WatBalT  [L]        0.38648E-05
 WatBalR  [%]              0.002
----------------------------------------------------------

----------------------------------------------------------
 Time       [T]        3.0000
----------------------------------------------------------
 Sub-region num.                     1
----------------------------------------------------------
 Area     [L]        0.10000E+03  0.10000E+03
 W-volume [L]        0.24258E+02  0.24258E+02
 In-flow  [L/T]     -0.12547E-04 -0.12547E-04
 h Mean   [L]       -0.10015E+03 -0.10015E+03
 HeatVol  [M/T2]     0.46069E+22  0.46069E+22
 tMean    [K]             19.551       19.551
 Top Flux [L/T]     -0.78117E-03
 Bot Flux [L/T]     -0.10484E-02
 WatBalT  [L]        0.20011E-05
 WatBalR  [%]              0.001
----------------------------------------------------------

----------------------------------------------------------
 Time       [T]        3.1250
----------------------------------------------------------
 Sub-region num.                     1
----------------------------------------------------------
 Area     [L]        0.10000E+03  0.10000E+03
 W-volume [L]        0.24258E+02  0.24258E+02
 In-flow  [L/T]     -0.62648E-05 -0.62648E-05
 h Mean   [L]       -0.10015E+03 -0.10015E+03
 HeatVol  [M/T2]     0.46008E+22  0.46008E+22
 tMean    [K]             19.161       19.161
 Top Flux [L/T]     -0.76333E-03
 Bot Flux [L/T]     -0.10274E-02
 WatBalT  [L]        0.96338E-05
 WatBalR  [%]              0.004
----------------------------------------------------------

----------------------------------------------------------
 Time       [T]        3.2500
----------------------------------------------------------
 Sub-region num.                     1
----------------------------------------------------------
 Area     [L]        0.10000E+03  0.10000E+03
 W-volume [L]        0.24258E+02  0.24258E+02
 In-flow  [L/T]     -0.83819E-08 -0.83819E-08
 h Mean   [L]       -0.10016E+03 -0.10016E+03
 HeatVol  [M/T2]     0.46021E+22  0.46021E+22
 tMean    [K]             19.247       19.247
 Top Flux [L/T]     -0.74734E-03
 Bot Flux [L/T]     -0.10086E-02
 WatBalT  [L]       -0.18212E-05
 WatBalR  [%]              0.001
----------------------------------------------------------

----------------------------------------------------------
 Time       [T]        3.3750
----------------------------------------------------------
 Sub-region num.                     1
----------------------------------------------------------
 Area     [L]        0.10000E+03  0.10000E+03
 W-volume [L]        0.24258E+02  0.24258E+02
 In-flow  [L/T]      0.10991E-04  0.10991E-04
 h Mean   [L]       -0.10017E+03 -0.10017E+03
 HeatVol  [M/T2]     0.46101E+22  0.46101E+22
 tMean    [K]             19.760       19.760
 Top Flux [L/T]     -0.73219E-03
 Bot Flux [L/T]     -0.99093E-03
 WatBalT  [L]        0.39138E-05
 WatBalR  [%]              0.002
----------------------------------------------------------

----------------------------------------------------------
 Time       [T]        3.5000
----------------------------------------------------------
 Sub-region num.                     1
----------------------------------------------------------
 Area     [L]        0.10000E+03  0.10000E+03
 W-volume [L]        0.24258E+02  0.24258E+02
 In-flow  [L/T]      0.10983E-04  0.10983E-04
 h Mean   [L]       -0.10018E+03 -0.10018E+03
 HeatVol  [M/T2]     0.46200E+22  0.46200E+22
 tMean    [K]             20.399       20.399
 Top Flux [L/T]     -0.71732E-03
 Bot Flux [L/T]     -0.97391E-03
 WatBalT  [L]        0.39255E-05
 WatBalR  [%]              0.002
----------------------------------------------------------

----------------------------------------------------------
 Time       [T]        3.6250
----------------------------------------------------------
 Sub-region num.                     1
----------------------------------------------------------
 Area     [L]        0.10000E+03  0.10000E+03
 W-volume [L]        0.24258E+02  0.24258E+02
 In-flow  [L/T]     -0.93132E-09 -0.93132E-09
 h Mean   [L]       -0.10019E+03 -0.10019E+03
 HeatVol  [M/T2]     0.46261E+22  0.46261E+22
 tMean    [K]             20.791       20.791
 Top Flux [L/T]     -0.70455E-03
 Bot Flux [L/T]     -0.95805E-03
 WatBalT  [L]        0.39342E-05
 WatBalR  [%]              0.002
----------------------------------------------------------

----------------------------------------------------------
 Time       [T]        3.7500
----------------------------------------------------------
 Sub-region num.                     1
----------------------------------------------------------
 Area     [L]        0.10000E+03  0.10000E+03
 W-volume [L]        0.24258E+02  0.24258E+02
 In-flow  [L/T]      0.31409E-05  0.31409E-05
 h Mean   [L]       -0.10020E+03 -0.10020E+03
 HeatVol  [M/T2]     0.46248E+22  0.46248E+22
 tMean    [K]             20.705       20.705
 Top Flux [L/T]     -0.69126E-03
 Bot Flux [L/T]     -0.94299E-03
 WatBalT  [L]        0.20142E-05
 WatBalR  [%]              0.001
----------------------------------------------------------

----------------------------------------------------------
 Time       [T]        3.8750
----------------------------------------------------------
 Sub-region num.                     1
----------------------------------------------------------
 Area     [L]        0.10000E+03  0.10000E+03
 W-volume [L]        0.24258E+02  0.24258E+02
 In-flow  [L/T]      0.31355E-05  0.31355E-05
 h Mean   [L]       -0.10021E+03 -0.10021E+03
 HeatVol  [M/T2]     0.46169E+22  0.46169E+22
 tMean    [K]             20.193       20.193
 Top Flux [L/T]     -0.67929E-03
 Bot Flux [L/T]     -0.92831E-03
 WatBalT  [L]       -0.56123E-05
 WatBalR  [%]              0.002
----------------------------------------------------------

----------------------------------------------------------
 Time       [T]        4.0000
----------------------------------------------------------
 Sub-region num.                     1
----------------------------------------------------------
 Area     [L]        0.10000E+03  0.10000E+03
 W-volume [L]        0.24258E+02  0.24258E+02
 In-flow  [L/T]      0.15825E-05  0.15825E-05
 h Mean   [L]       -0.10022E+03 -0.10022E+03
 HeatVol  [M/T2]     0.46070E+22  0.46070E+22
 tMean    [K]             19.554       19.554
 Top Flux [L/T]     -0.66733E-03
 Bot Flux [L/T]     -0.91407E-03
 WatBalT  [L]        0.12178E-06
 WatBalR  [%]              0.000
----------------------------------------------------------

----------------------------------------------------------
 Time       [T]        4.1250
----------------------------------------------------------
 Sub-region num.                     1
----------------------------------------------------------
 Area     [L]        0.10000E+03  0.10000E+03
 W-volume [L]        0.24258E+02  0.24258E+02
 In-flow  [L/T]     -0.15675E-04 -0.15675E-04
 h Mean   [L]       -0.10023E+03 -0.10023E+03
 HeatVol  [M/T2]     0.46009E+22  0.46009E+22
 tMean    [K]             19.164       19.164
 Top Flux [L/T]     -0.65575E-03
 Bot Flux [L/T]     -0.90165E-03
 WatBalT  [L]        0.58567E-05
 WatBalR  [%]              0.002
----------------------------------------------------------

----------------------------------------------------------
 Time       [T]        4.2500
----------------------------------------------------------
 Sub-region num.                     1
----------------------------------------------------------
 Area     [L]        0.10000E+03  0.10000E+03
 W-volume [L]        0.24258E+02  0.24258E+02
 In-flow  [L/T]     -0.26665E-04 -0.26665E-04
 h Mean   [L]       -0.10024E+03 -0.10024E+03
 HeatVol  [M/T2]     0.46022E+22  0.46022E+22
 tMean    [K]             19.250       19.250
 Top Flux [L/T]     -0.64577E-03
 Bot Flux [L/T]     -0.88929E-03
 WatBalT  [L]        0.20663E-05
 WatBalR  [%]              0.001
----------------------------------------------------------

----------------------------------------------------------
 Time       [T]        4.3750
----------------------------------------------------------
 Sub-region num.                     1
----------------------------------------------------------
 Area     [L]        0.10000E+03  0.10000E+03
 W-volume [L]        0.24258E+02  0.24258E+02
 In-flow  [L/T]     -0.15645E-05 -0.15645E-05
 h Mean   [L]       -0.10025E+03 -0.10025E+03
 HeatVol  [M/T2]     0.46101E+22  0.46101E+22
 tMean    [K]             19.763       19.763
 Top Flux [L/T]     -0.63506E-03
 Bot Flux [L/T]     -0.87609E-03
 WatBalT  [L]        0.20563E-05
 WatBalR  [%]              0.001
----------------------------------------------------------

----------------------------------------------------------
 Time       [T]        4.5000
----------------------------------------------------------
 Sub-region num.                     1
----------------------------------------------------------
 Area     [L]        0.10000E+03  0.10000E+03
 W-volume [L]        0.24258E+02  0.24258E+02
 In-flow  [L/T]      0.94130E-05  0.94130E-05
 h Mean   [L]       -0.10026E+03 -0.10026E+03
 HeatVol  [M/T2]     0.46200E+22  0.46200E+22
 tMean    [K]             20.402       20.402
 Top Flux [L/T]     -0.62522E-03
 Bot Flux [L/T]     -0.86576E-03
 WatBalT  [L]        0.39961E-05
 WatBalR  [%]              0.001
----------------------------------------------------------

----------------------------------------------------------
 Time       [T]        4.6250
----------------------------------------------------------
 Sub-region num.                     1
----------------------------------------------------------
 Area     [L]        0.10000E+03  0.10000E+03
 W-volume [L]        0.24258E+02  0.24258E+02
 In-flow  [L/T]     -0.14129E-04 -0.14129E-04
 h Mean   [L]       -0.10027E+03 -0.10027E+03
 HeatVol  [M/T2]     0.46261E+22  0.46261E+22
 tMean    [K]             20.793       20.793
 Top Flux [L/T]     -0.61604E-03
 Bot Flux [L/T]     -0.85465E-03
 WatBalT  [L]        0.17967E-06
 WatBalR  [%]              0.000
----------------------------------------------------------

----------------------------------------------------------
 Time       [T]        4.7500
----------------------------------------------------------
 Sub-region num.                     1
----------------------------------------------------------
 Area     [L]        0.10000E+03  0.10000E+03
 W-volume [L]        0.24258E+02  0.24258E+02
 In-flow  [L/T]     -0.15615E-05 -0.15615E-05
 h Mean   [L]       -0.10029E+03 -0.10029E+03
 HeatVol  [M/T2]     0.46248E+22  0.46248E+22
 tMean    [K]             20.708       20.708
 Top Flux [L/T]     -0.60701E-03
 Bot Flux [L/T]     -0.84415E-03
 WatBalT  [L]       -0.17094E-05
 WatBalR  [%]              0.001
----------------------------------------------------------

----------------------------------------------------------
 Time       [T]        4.8750
----------------------------------------------------------
 Sub-region num.                     1
----------------------------------------------------------
 Area     [L]        0.10000E+03  0.10000E+03
 W-volume [L]        0.24258E+02  0.24258E+02
 In-flow  [L/T]      0.47146E-05  0.47146E-05
 h Mean   [L]       -0.10030E+03 -0.10030E+03
 HeatVol  [M/T2]     0.46169E+22  0.46169E+22
 tMean    [K]             20.195       20.195
 Top Flux [L/T]     -0.59844E-03
 Bot Flux [L/T]     -0.83335E-03
 WatBalT  [L]        0.21160E-05
 WatBalR  [%]              0.001
----------------------------------------------------------

----------------------------------------------------------
 Time       [T]        5.0000
----------------------------------------------------------
 Sub-region num.                     1
----------------------------------------------------------
 Area     [L]        0.10000E+03  0.10000E+03
 W-volume [L]        0.24258E+02  0.24258E+02
 In-flow  [L/T]      0.47181E-05  0.47181E-05
 h Mean   [L]       -0.10031E+03 -0.10031E+03
 HeatVol  [M/T2]     0.46070E+22  0.46070E+22
 tMean    [K]             19.557       19.557
 Top Flux [L/T]     -0.58966E-03
 Bot Flux [L/T]     -0.82369E-03
 WatBalT  [L]       -0.35991E-05
 WatBalR  [%]              0.001
----------------------------------------------------------

 Calculation time [sec]  -1892891515.5000000     
