 ******* Program HYDRUS
 ******* Onde thermique journaliere sans convection, loam h=-100 cm              
 Date:   0. 0.    Time: 512:**:**
 Units: L = cm   , T = days , M = g    



                               Node(  6)                      Node( 11)                      Node( 21)                      Node( 41)

         time         h        theta    Temp         h        theta    Temp         h        theta    Temp         h        theta    Temp   
          0.0010     -100.00  0.2426   19.999       -100.00  0.2426   20.000       -100.00  0.2426   20.000       -100.00  0.2426   20.000
          0.0020     -100.00  0.2426   19.992       -100.00  0.2426   20.000       -100.00  0.2426   20.000       -100.00  0.2426   20.000
          0.0033     -100.00  0.2426   19.955       -100.00  0.2426   20.000       -100.00  0.2426   20.000       -100.00  0.2426   20.000
          0.0050     -100.00  0.2426   19.834       -100.00  0.2426   20.000       -100.00  0.2426   20.000       -100.00  0.2426   20.000
          0.0072     -100.00  0.2426   19.567       -100.00  0.2426   19.998       -100.00  0.2426   20.000       -100.00  0.2426   20.000
          0.0100     -100.00  0.2426   19.130       -100.00  0.2426   19.989       -100.00  0.2426   20.000       -100.00  0.2426   20.000
          0.0138     -100.00  0.2426   18.555       -100.00  0.2426   19.955       -100.00  0.2426   20.000       -100.00  0.2426   20.000
          0.0186     -100.00  0.2426   17.895       -100.00  0.2426   19.864       -100.00  0.2426   20.000       -100.00  0.2426   20.000
          0.0249     -100.00  0.2426   17.196       -100.00  0.2426   19.677       -100.00  0.2426   20.000       -100.00  0.2426   20.000
          0.0330     -100.01  0.2426   16.493       -100.00  0.2426   19.369       -100.00  0.2426   19.997       -100.00  0.2426   20.000
          0.0430     -100.02  0.2426   15.846       -100.00  0.2426   18.961       -100.00  0.2426   19.986       -100.00  0.2426   20.000
          0.0530     -100.03  0.2426   15.357       -100.00  0.2426   18.564       -100.00  0.2426   19.963       -100.00  0.2426   20.000
          0.0630     -100.05  0.2425   14.978       -100.00  0.2426   18.197       -100.00  0.2426   19.923       -100.00  0.2426   20.000
          0.0730     -100.08  0.2425   14.681       -100.00  0.2426   17.864       -100.00  0.2426   19.868       -100.00  0.2426   20.000
          0.0830     -100.10  0.2425   14.449       -100.00  0.2426   17.565       -100.00  0.2426   19.800       -100.00  0.2426   20.000
          0.0930     -100.13  0.2425   14.272       -100.00  0.2426   17.300       -100.00  0.2426   19.720       -100.00  0.2426   20.000
          0.1030     -100.16  0.2425   14.144       -100.00  0.2426   17.064       -100.00  0.2426   19.632       -100.00  0.2426   20.000
          0.1130     -100.20  0.2424   14.058       -100.01  0.2426   16.859       -100.00  0.2426   19.538       -100.00  0.2426   19.999
          0.1190     -100.22  0.2424   14.026       -100.01  0.2426   16.748       -100.00  0.2426   19.480       -100.00  0.2426   19.999
          0.1250     -100.24  0.2424   14.007       -100.01  0.2426   16.648       -100.00  0.2426   19.420       -100.00  0.2426   19.998
          0.1350     -100.28  0.2424   14.005       -100.01  0.2426   16.501       -100.00  0.2426   19.320       -100.00  0.2426   19.997
          0.1450     -100.32  0.2423   14.036       -100.01  0.2426   16.378       -100.00  0.2426   19.220       -100.00  0.2426   19.995
          0.1550     -100.37  0.2423   14.099       -100.02  0.2426   16.280       -100.00  0.2426   19.121       -100.00  0.2426   19.993
          0.1645     -100.41  0.2423   14.187       -100.02  0.2426   16.208       -100.00  0.2426   19.029       -100.00  0.2426   19.990
          0.1740     -100.45  0.2422   14.302       -100.03  0.2426   16.156       -100.00  0.2426   18.939       -100.00  0.2426   19.986
          0.1835     -100.49  0.2422   14.441       -100.03  0.2426   16.123       -100.00  0.2426   18.853       -100.00  0.2426   19.982
          0.1930     -100.53  0.2422   14.605       -100.04  0.2425   16.110       -100.00  0.2426   18.771       -100.00  0.2426   19.976
          0.2025     -100.57  0.2422   14.792       -100.05  0.2425   16.116       -100.00  0.2426   18.694       -100.00  0.2426   19.970
          0.2120     -100.62  0.2421   15.000       -100.05  0.2425   16.139       -100.00  0.2426   18.621       -100.00  0.2426   19.963
          0.2215     -100.66  0.2421   15.229       -100.06  0.2425   16.180       -100.00  0.2426   18.554       -100.00  0.2426   19.955
          0.2310     -100.70  0.2421   15.477       -100.07  0.2425   16.238       -100.00  0.2426   18.492       -100.00  0.2426   19.946
          0.2405     -100.75  0.2420   15.744       -100.08  0.2425   16.313       -100.00  0.2426   18.436       -100.00  0.2426   19.936
          0.2500     -100.79  0.2420   16.028       -100.09  0.2425   16.404       -100.00  0.2426   18.386       -100.00  0.2426   19.926
          0.2600     -100.84  0.2420   16.344       -100.10  0.2425   16.516       -100.00  0.2426   18.341       -100.00  0.2426   19.914
          0.2700     -100.88  0.2419   16.676       -100.11  0.2425   16.644       -100.00  0.2426   18.302       -100.00  0.2426   19.901
          0.2800     -100.93  0.2419   17.023       -100.12  0.2425   16.788       -100.00  0.2426   18.271       -100.00  0.2426   19.888
          0.2895     -100.97  0.2419   17.365       -100.13  0.2425   16.938       -100.00  0.2426   18.249       -100.00  0.2426   19.874
          0.2990     -101.02  0.2418   17.717       -100.15  0.2425   17.101       -100.00  0.2426   18.233       -100.00  0.2426   19.860
          0.3085     -101.06  0.2418   18.079       -100.16  0.2425   17.276       -100.00  0.2426   18.224       -100.00  0.2426   19.846
          0.3180     -101.10  0.2418   18.448       -100.17  0.2424   17.462       -100.00  0.2426   18.222       -100.00  0.2426   19.831
          0.3275     -101.15  0.2417   18.824       -100.19  0.2424   17.658       -100.00  0.2426   18.227       -100.00  0.2426   19.816
          0.3370     -101.19  0.2417   19.205       -100.20  0.2424   17.864       -100.00  0.2426   18.239       -100.00  0.2426   19.801
          0.3465     -101.23  0.2417   19.590       -100.22  0.2424   18.079       -100.00  0.2426   18.257       -100.00  0.2426   19.785
          0.3560     -101.28  0.2416   19.976       -100.23  0.2424   18.302       -100.00  0.2426   18.283       -100.00  0.2426   19.770
          0.3655     -101.32  0.2416   20.364       -100.25  0.2424   18.532       -100.00  0.2426   18.314       -100.00  0.2426   19.754
          0.3750     -101.36  0.2416   20.750       -100.26  0.2424   18.767       -100.00  0.2426   18.353       -100.00  0.2426   19.739
          0.3850     -101.41  0.2415   21.155       -100.28  0.2424   19.021       -100.00  0.2426   18.400       -100.00  0.2426   19.723
          0.3950     -101.45  0.2415   21.555       -100.29  0.2424   19.280       -100.00  0.2426   18.453       -100.00  0.2426   19.707
          0.4050     -101.49  0.2415   21.950       -100.31  0.2423   19.542       -100.00  0.2426   18.514       -100.00  0.2426   19.691
          0.4145     -101.54  0.2414   22.319       -100.33  0.2423   19.793       -100.00  0.2426   18.577       -100.00  0.2426   19.677
          0.4240     -101.58  0.2414   22.679       -100.35  0.2423   20.046       -100.01  0.2426   18.645       -100.00  0.2426   19.663
          0.4335     -101.62  0.2414   23.031       -100.36  0.2423   20.299       -100.01  0.2426   18.719       -100.00  0.2426   19.650
          0.4430     -101.66  0.2414   23.372       -100.38  0.2423   20.552       -100.01  0.2426   18.797       -100.00  0.2426   19.638
          0.4525     -101.70  0.2413   23.701       -100.40  0.2423   20.803       -100.01  0.2426   18.880       -100.00  0.2426   19.626
          0.4620     -101.74  0.2413   24.018       -100.42  0.2423   21.052       -100.01  0.2426   18.967       -100.00  0.2426   19.615
          0.4715     -101.78  0.2413   24.320       -100.43  0.2423   21.297       -100.01  0.2426   19.058       -100.00  0.2426   19.605
          0.4810     -101.82  0.2412   24.607       -100.45  0.2422   21.538       -100.01  0.2426   19.153       -100.00  0.2426   19.595
          0.4905     -101.86  0.2412   24.878       -100.47  0.2422   21.775       -100.01  0.2426   19.251       -100.00  0.2426   19.587
          0.5000     -101.90  0.2412   25.132       -100.49  0.2422   22.005       -100.01  0.2426   19.352       -100.00  0.2426   19.579
          0.5100     -101.94  0.2411   25.380       -100.51  0.2422   22.239       -100.01  0.2426   19.460       -100.00  0.2426   19.573
          0.5200     -101.99  0.2411   25.606       -100.53  0.2422   22.466       -100.01  0.2426   19.571       -100.00  0.2426   19.567
          0.5300     -102.03  0.2411   25.811       -100.55  0.2422   22.682       -100.02  0.2426   19.684       -100.00  0.2426   19.562
          0.5395     -102.07  0.2411   25.984       -100.57  0.2422   22.879       -100.02  0.2426   19.793       -100.00  0.2426   19.559
          0.5490     -102.11  0.2410   26.137       -100.59  0.2421   23.065       -100.02  0.2426   19.902       -100.00  0.2426   19.557
          0.5585     -102.15  0.2410   26.267       -100.61  0.2421   23.241       -100.02  0.2426   20.012       -100.00  0.2426   19.557
          0.5680     -102.18  0.2410   26.375       -100.63  0.2421   23.406       -100.02  0.2426   20.122       -100.00  0.2426   19.557
          0.5775     -102.22  0.2409   26.461       -100.65  0.2421   23.558       -100.02  0.2426   20.232       -100.00  0.2426   19.558
          0.5870     -102.26  0.2409   26.524       -100.67  0.2421   23.698       -100.02  0.2426   20.341       -100.00  0.2426   19.561
          0.5965     -102.30  0.2409   26.564       -100.69  0.2421   23.825       -100.03  0.2426   20.449       -100.00  0.2426   19.565
          0.6060     -102.34  0.2409   26.580       -100.71  0.2421   23.939       -100.03  0.2426   20.555       -100.00  0.2426   19.570
          0.6155     -102.37  0.2408   26.573       -100.73  0.2420   24.038       -100.03  0.2426   20.659       -100.00  0.2426   19.576
          0.6250     -102.41  0.2408   26.543       -100.75  0.2420   24.124       -100.03  0.2426   20.761       -100.00  0.2426   19.583
          0.6350     -102.45  0.2408   26.486       -100.78  0.2420   24.198       -100.03  0.2426   20.866       -100.00  0.2426   19.592
          0.6450     -102.49  0.2407   26.404       -100.80  0.2420   24.255       -100.04  0.2426   20.967       -100.00  0.2426   19.603
          0.6550     -102.53  0.2407   26.296       -100.82  0.2420   24.296       -100.04  0.2425   21.064       -100.00  0.2426   19.614
          0.6645     -102.57  0.2407   26.171       -100.84  0.2420   24.320       -100.04  0.2425   21.153       -100.00  0.2426   19.626
          0.6740     -102.60  0.2407   26.024       -100.86  0.2419   24.328       -100.04  0.2425   21.237       -100.00  0.2426   19.639
          0.6835     -102.64  0.2406   25.855       -100.88  0.2419   24.321       -100.05  0.2425   21.317       -100.00  0.2426   19.653
          0.6930     -102.68  0.2406   25.666       -100.90  0.2419   24.298       -100.05  0.2425   21.393       -100.00  0.2426   19.667
          0.7025     -102.71  0.2406   25.456       -100.93  0.2419   24.260       -100.05  0.2425   21.463       -100.00  0.2426   19.683
          0.7120     -102.75  0.2406   25.228       -100.95  0.2419   24.207       -100.05  0.2425   21.528       -100.00  0.2426   19.699
          0.7215     -102.78  0.2405   24.980       -100.97  0.2419   24.139       -100.06  0.2425   21.588       -100.00  0.2426   19.717
          0.7310     -102.82  0.2405   24.715       -100.99  0.2418   24.057       -100.06  0.2425   21.642       -100.00  0.2426   19.735
          0.7405     -102.86  0.2405   24.433       -101.01  0.2418   23.960       -100.06  0.2425   21.691       -100.00  0.2426   19.753
          0.7500     -102.89  0.2404   24.135       -101.03  0.2418   23.849       -100.07  0.2425   21.733       -100.00  0.2426   19.773
          0.7600     -102.93  0.2404   23.806       -101.06  0.2418   23.717       -100.07  0.2425   21.771       -100.00  0.2426   19.793
          0.7700     -102.96  0.2404   23.462       -101.08  0.2418   23.571       -100.07  0.2425   21.802       -100.00  0.2426   19.815
          0.7800     -103.00  0.2404   23.104       -101.10  0.2418   23.411       -100.08  0.2425   21.825       -100.00  0.2426   19.836
          0.7895     -103.04  0.2403   22.753       -101.12  0.2417   23.246       -100.08  0.2425   21.841       -100.00  0.2426   19.857
          0.7990     -103.07  0.2403   22.392       -101.15  0.2417   23.070       -100.08  0.2425   21.850       -100.00  0.2426   19.879
          0.8085     -103.11  0.2403   22.023       -101.17  0.2417   22.883       -100.09  0.2425   21.853       -100.00  0.2426   19.900
          0.8180     -103.14  0.2403   21.646       -101.19  0.2417   22.685       -100.09  0.2425   21.849       -100.00  0.2426   19.922
          0.8275     -103.17  0.2402   21.263       -101.21  0.2417   22.479       -100.09  0.2425   21.838       -100.00  0.2426   19.943
          0.8370     -103.21  0.2402   20.876       -101.23  0.2417   22.263       -100.10  0.2425   21.821       -100.00  0.2426   19.965
          0.8465     -103.24  0.2402   20.486       -101.25  0.2417   22.039       -100.10  0.2425   21.797       -100.00  0.2426   19.986
          0.8560     -103.28  0.2402   20.094       -101.28  0.2416   21.808       -100.11  0.2425   21.767       -100.00  0.2426   20.007
          0.8655     -103.31  0.2401   19.702       -101.30  0.2416   21.570       -100.11  0.2425   21.730       -100.00  0.2426   20.028
          0.8750     -103.34  0.2401   19.311       -101.32  0.2416   21.327       -100.11  0.2425   21.687       -100.00  0.2426   20.049
          0.8850     -103.38  0.2401   18.902       -101.34  0.2416   21.067       -100.12  0.2425   21.635       -100.00  0.2426   20.070
          0.8950     -103.41  0.2401   18.497       -101.37  0.2416   20.801       -100.12  0.2425   21.577       -100.00  0.2426   20.091
          0.9050     -103.45  0.2400   18.099       -101.39  0.2416   20.533       -100.13  0.2425   21.513       -100.00  0.2426   20.111
          0.9145     -103.48  0.2400   17.727       -101.41  0.2415   20.276       -100.13  0.2425   21.446       -100.00  0.2426   20.130
          0.9240     -103.51  0.2400   17.363       -101.43  0.2415   20.018       -100.14  0.2425   21.374       -100.00  0.2426   20.147
          0.9335     -103.55  0.2400   17.009       -101.46  0.2415   19.760       -100.14  0.2425   21.297       -100.00  0.2426   20.164
          0.9430     -103.58  0.2399   16.665       -101.48  0.2415   19.503       -100.15  0.2425   21.216       -100.00  0.2426   20.181
          0.9525     -103.61  0.2399   16.333       -101.50  0.2415   19.248       -100.15  0.2425   21.129       -100.00  0.2426   20.196
          0.9620     -103.64  0.2399   16.014       -101.52  0.2415   18.995       -100.16  0.2425   21.039       -100.00  0.2426   20.211
          0.9715     -103.68  0.2399   15.710       -101.54  0.2414   18.746       -100.16  0.2425   20.945       -100.00  0.2426   20.224
          0.9810     -103.71  0.2398   15.420       -101.57  0.2414   18.502       -100.17  0.2425   20.848       -100.00  0.2426   20.237
          0.9905     -103.74  0.2398   15.147       -101.59  0.2414   18.262       -100.17  0.2425   20.748       -100.00  0.2426   20.248
          1.0000     -103.77  0.2398   14.892       -101.61  0.2414   18.029       -100.18  0.2424   20.645       -100.00  0.2426   20.258
          1.0100     -103.80  0.2398   14.642       -101.63  0.2414   17.791       -100.18  0.2424   20.534       -100.00  0.2426   20.268
          1.0200     -103.84  0.2398   14.414       -101.66  0.2414   17.562       -100.19  0.2424   20.420       -100.00  0.2426   20.277
          1.0300     -103.87  0.2397   14.207       -101.68  0.2413   17.343       -100.19  0.2424   20.305       -100.00  0.2426   20.284
          1.0395     -103.90  0.2397   14.033       -101.70  0.2413   17.144       -100.20  0.2424   20.195       -100.00  0.2426   20.289
          1.0490     -103.93  0.2397   13.879       -101.72  0.2413   16.955       -100.21  0.2424   20.084       -100.00  0.2426   20.293
          1.0585     -103.96  0.2397   13.747       -101.75  0.2413   16.777       -100.21  0.2424   19.972       -100.00  0.2426   20.296
          1.0680     -104.00  0.2396   13.637       -101.77  0.2413   16.611       -100.22  0.2424   19.860       -100.00  0.2426   20.298
          1.0775     -104.03  0.2396   13.551       -101.79  0.2413   16.456       -100.22  0.2424   19.749       -100.00  0.2426   20.299
          1.0870     -104.06  0.2396   13.487       -101.81  0.2412   16.315       -100.23  0.2424   19.639       -100.00  0.2426   20.298
          1.0965     -104.09  0.2396   13.446       -101.83  0.2412   16.186       -100.23  0.2424   19.530       -100.00  0.2426   20.296
          1.1060     -104.12  0.2395   13.428       -101.86  0.2412   16.071       -100.24  0.2424   19.422       -100.00  0.2426   20.293
          1.1155     -104.15  0.2395   13.434       -101.88  0.2412   15.970       -100.25  0.2424   19.317       -100.00  0.2426   20.288
          1.1250     -104.18  0.2395   13.464       -101.90  0.2412   15.883       -100.25  0.2424   19.213       -100.00  0.2426   20.283
          1.1350     -104.21  0.2395   13.520       -101.92  0.2412   15.807       -100.26  0.2424   19.108       -100.00  0.2426   20.276
          1.1450     -104.24  0.2395   13.601       -101.95  0.2411   15.748       -100.27  0.2424   19.006       -100.00  0.2426   20.267
          1.1550     -104.27  0.2394   13.708       -101.97  0.2411   15.706       -100.27  0.2424   18.907       -100.00  0.2426   20.257
          1.1645     -104.30  0.2394   13.832       -101.99  0.2411   15.681       -100.28  0.2424   18.818       -100.00  0.2426   20.247
          1.1740     -104.33  0.2394   13.979       -102.01  0.2411   15.672       -100.29  0.2424   18.732       -100.00  0.2426   20.235
          1.1835     -104.36  0.2394   14.146       -102.04  0.2411   15.678       -100.29  0.2424   18.651       -100.00  0.2426   20.223
          1.1930     -104.39  0.2393   14.335       -102.06  0.2411   15.699       -100.30  0.2424   18.575       -100.00  0.2426   20.209
          1.2025     -104.42  0.2393   14.544       -102.08  0.2410   15.736       -100.31  0.2424   18.504       -100.00  0.2426   20.195
          1.2120     -104.45  0.2393   14.772       -102.10  0.2410   15.788       -100.31  0.2423   18.438       -100.00  0.2426   20.180
          1.2215     -104.48  0.2393   15.019       -102.12  0.2410   15.855       -100.32  0.2423   18.377       -100.00  0.2426   20.164
          1.2310     -104.51  0.2393   15.283       -102.14  0.2410   15.936       -100.33  0.2423   18.322       -100.00  0.2426   20.147
          1.2405     -104.54  0.2392   15.565       -102.17  0.2410   16.032       -100.33  0.2423   18.273       -100.00  0.2426   20.129
          1.2500     -104.57  0.2392   15.862       -102.19  0.2410   16.143       -100.34  0.2423   18.230       -100.00  0.2426   20.111
          1.2600     -104.60  0.2392   16.190       -102.21  0.2409   16.273       -100.35  0.2423   18.192       -100.00  0.2426   20.092
          1.2700     -104.63  0.2392   16.534       -102.23  0.2409   16.419       -100.35  0.2423   18.161       -100.00  0.2426   20.071
          1.2800     -104.66  0.2391   16.891       -102.26  0.2409   16.578       -100.36  0.2423   18.136       -100.00  0.2426   20.051
          1.2895     -104.69  0.2391   17.242       -102.28  0.2409   16.742       -100.37  0.2423   18.120       -100.00  0.2426   20.031
          1.2990     -104.72  0.2391   17.603       -102.30  0.2409   16.918       -100.38  0.2423   18.110       -100.00  0.2426   20.010
          1.3085     -104.75  0.2391   17.972       -102.32  0.2409   17.104       -100.38  0.2423   18.107       -100.00  0.2426   19.990
          1.3180     -104.77  0.2391   18.348       -102.34  0.2409   17.301       -100.39  0.2423   18.111       -100.00  0.2426   19.969
          1.3275     -104.80  0.2390   18.730       -102.36  0.2408   17.507       -100.40  0.2423   18.121       -100.00  0.2426   19.948
          1.3370     -104.83  0.2390   19.117       -102.39  0.2408   17.722       -100.41  0.2423   18.138       -100.00  0.2426   19.928
          1.3465     -104.86  0.2390   19.507       -102.41  0.2408   17.945       -100.41  0.2423   18.162       -100.00  0.2426   19.907
          1.3560     -104.89  0.2390   19.898       -102.43  0.2408   18.176       -100.42  0.2423   18.191       -100.00  0.2426   19.887
          1.3655     -104.92  0.2390   20.290       -102.45  0.2408   18.413       -100.43  0.2423   18.228       -100.00  0.2426   19.866
          1.3750     -104.94  0.2389   20.681       -102.47  0.2408   18.655       -100.44  0.2423   18.270       -100.00  0.2426   19.847
          1.3850     -104.97  0.2389   21.089       -102.49  0.2407   18.916       -100.44  0.2423   18.321       -100.00  0.2426   19.826
          1.3950     -105.00  0.2389   21.494       -102.52  0.2407   19.180       -100.45  0.2422   18.379       -100.00  0.2426   19.806
          1.4050     -105.03  0.2389   21.892       -102.54  0.2407   19.448       -100.46  0.2422   18.443       -100.00  0.2426   19.787
          1.4145     -105.06  0.2389   22.264       -102.56  0.2407   19.705       -100.47  0.2422   18.510       -100.00  0.2426   19.769
          1.4240     -105.09  0.2388   22.627       -102.58  0.2407   19.962       -100.48  0.2422   18.582       -100.00  0.2426   19.752
          1.4335     -105.11  0.2388   22.981       -102.60  0.2407   20.219       -100.48  0.2422   18.658       -100.00  0.2426   19.736
          1.4430     -105.14  0.2388   23.325       -102.62  0.2406   20.476       -100.49  0.2422   18.740       -100.00  0.2426   19.720
          1.4525     -105.17  0.2388   23.656       -102.65  0.2406   20.731       -100.50  0.2422   18.825       -100.00  0.2426   19.705
          1.4620     -105.19  0.2388   23.975       -102.67  0.2406   20.983       -100.51  0.2422   18.915       -100.00  0.2426   19.691
          1.4715     -105.22  0.2387   24.279       -102.69  0.2406   21.232       -100.52  0.2422   19.009       -100.00  0.2426   19.678
          1.4810     -105.25  0.2387   24.569       -102.71  0.2406   21.476       -100.52  0.2422   19.106       -100.00  0.2426   19.666
          1.4905     -105.28  0.2387   24.841       -102.73  0.2406   21.715       -100.53  0.2422   19.206       -100.00  0.2426   19.656
          1.5000     -105.30  0.2387   25.097       -102.75  0.2406   21.948       -100.54  0.2422   19.309       -100.00  0.2426   19.646
          1.5100     -105.33  0.2387   25.346       -102.77  0.2405   22.186       -100.55  0.2422   19.420       -100.00  0.2426   19.637
          1.5200     -105.36  0.2386   25.574       -102.80  0.2405   22.414       -100.56  0.2422   19.533       -100.00  0.2426   19.629
          1.5300     -105.39  0.2386   25.781       -102.82  0.2405   22.634       -100.57  0.2422   19.648       -100.01  0.2426   19.622
          1.5395     -105.41  0.2386   25.955       -102.84  0.2405   22.832       -100.57  0.2422   19.758       -100.01  0.2426   19.617
          1.5490     -105.44  0.2386   26.109       -102.86  0.2405   23.021       -100.58  0.2421   19.869       -100.01  0.2426   19.614
          1.5585     -105.47  0.2386   26.241       -102.88  0.2405   23.199       -100.59  0.2421   19.981       -100.01  0.2426   19.611
          1.5680     -105.49  0.2385   26.350       -102.90  0.2404   23.365       -100.60  0.2421   20.092       -100.01  0.2426   19.610
          1.5775     -105.52  0.2385   26.437       -102.92  0.2404   23.519       -100.61  0.2421   20.203       -100.01  0.2426   19.610
          1.5870     -105.54  0.2385   26.501       -102.94  0.2404   23.661       -100.62  0.2421   20.313       -100.01  0.2426   19.611
          1.5965     -105.57  0.2385   26.541       -102.96  0.2404   23.789       -100.63  0.2421   20.422       -100.01  0.2426   19.613
          1.6060     -105.60  0.2385   26.559       -102.99  0.2404   23.904       -100.63  0.2421   20.530       -100.01  0.2426   19.617
          1.6155     -105.62  0.2384   26.553       -103.01  0.2404   24.005       -100.64  0.2421   20.635       -100.01  0.2426   19.622
          1.6250     -105.65  0.2384   26.523       -103.03  0.2403   24.092       -100.65  0.2421   20.738       -100.01  0.2426   19.628
          1.6350     -105.68  0.2384   26.467       -103.05  0.2403   24.168       -100.66  0.2421   20.844       -100.01  0.2426   19.636
          1.6450     -105.70  0.2384   26.386       -103.07  0.2403   24.227       -100.67  0.2421   20.946       -100.01  0.2426   19.645
          1.6550     -105.73  0.2384   26.279       -103.09  0.2403   24.269       -100.68  0.2421   21.044       -100.01  0.2426   19.655
          1.6645     -105.76  0.2383   26.155       -103.11  0.2403   24.293       -100.69  0.2421   21.134       -100.01  0.2426   19.666
          1.6740     -105.78  0.2383   26.008       -103.13  0.2403   24.303       -100.70  0.2421   21.219       -100.01  0.2426   19.677
          1.6835     -105.81  0.2383   25.840       -103.15  0.2403   24.297       -100.71  0.2421   21.300       -100.01  0.2426   19.690
          1.6930     -105.83  0.2383   25.652       -103.18  0.2402   24.275       -100.72  0.2421   21.376       -100.01  0.2426   19.704
          1.7025     -105.86  0.2383   25.443       -103.20  0.2402   24.238       -100.72  0.2420   21.448       -100.01  0.2426   19.719
          1.7120     -105.88  0.2382   25.215       -103.22  0.2402   24.186       -100.73  0.2420   21.514       -100.01  0.2426   19.735
          1.7215     -105.91  0.2382   24.968       -103.24  0.2402   24.119       -100.74  0.2420   21.574       -100.01  0.2426   19.751
          1.7310     -105.93  0.2382   24.703       -103.26  0.2402   24.038       -100.75  0.2420   21.629       -100.01  0.2426   19.768
          1.7405     -105.96  0.2382   24.422       -103.28  0.2402   23.942       -100.76  0.2420   21.678       -100.01  0.2426   19.786
          1.7500     -105.98  0.2382   24.125       -103.30  0.2401   23.832       -100.77  0.2420   21.721       -100.01  0.2426   19.805
          1.7600     -106.01  0.2382   23.797       -103.32  0.2401   23.701       -100.78  0.2420   21.759       -100.01  0.2426   19.825
          1.7700     -106.04  0.2381   23.453       -103.34  0.2401   23.556       -100.79  0.2420   21.791       -100.01  0.2426   19.845
          1.7800     -106.06  0.2381   23.096       -103.36  0.2401   23.396       -100.80  0.2420   21.815       -100.01  0.2426   19.866
          1.7895     -106.09  0.2381   22.745       -103.38  0.2401   23.233       -100.81  0.2420   21.832       -100.01  0.2426   19.887
          1.7990     -106.11  0.2381   22.384       -103.40  0.2401   23.057       -100.82  0.2420   21.841       -100.01  0.2426   19.907
          1.8085     -106.14  0.2381   22.015       -103.42  0.2401   22.871       -100.83  0.2420   21.844       -100.01  0.2426   19.928
          1.8180     -106.16  0.2380   21.639       -103.44  0.2400   22.674       -100.84  0.2420   21.841       -100.01  0.2426   19.949
          1.8275     -106.19  0.2380   21.257       -103.46  0.2400   22.468       -100.85  0.2420   21.831       -100.01  0.2426   19.970
          1.8370     -106.21  0.2380   20.871       -103.48  0.2400   22.253       -100.86  0.2419   21.814       -100.02  0.2426   19.991
          1.8465     -106.23  0.2380   20.481       -103.50  0.2400   22.030       -100.86  0.2419   21.791       -100.02  0.2426   20.012
          1.8560     -106.26  0.2380   20.089       -103.52  0.2400   21.799       -100.87  0.2419   21.761       -100.02  0.2426   20.033
          1.8655     -106.28  0.2380   19.698       -103.54  0.2400   21.563       -100.88  0.2419   21.725       -100.02  0.2426   20.053
          1.8750     -106.31  0.2379   19.307       -103.56  0.2400   21.320       -100.89  0.2419   21.683       -100.02  0.2426   20.073
          1.8850     -106.33  0.2379   18.898       -103.59  0.2399   21.060       -100.90  0.2419   21.631       -100.02  0.2426   20.094
          1.8950     -106.36  0.2379   18.494       -103.61  0.2399   20.795       -100.91  0.2419   21.574       -100.02  0.2426   20.115
          1.9050     -106.38  0.2379   18.096       -103.63  0.2399   20.528       -100.92  0.2419   21.510       -100.02  0.2426   20.134
          1.9145     -106.41  0.2379   17.724       -103.65  0.2399   20.272       -100.93  0.2419   21.444       -100.02  0.2426   20.152
          1.9240     -106.43  0.2378   17.361       -103.67  0.2399   20.014       -100.94  0.2419   21.372       -100.02  0.2426   20.170
          1.9335     -106.46  0.2378   17.007       -103.69  0.2399   19.757       -100.95  0.2419   21.296       -100.02  0.2426   20.186
          1.9430     -106.48  0.2378   16.663       -103.71  0.2398   19.500       -100.96  0.2419   21.214       -100.02  0.2426   20.202
          1.9525     -106.50  0.2378   16.332       -103.73  0.2398   19.246       -100.97  0.2419   21.129       -100.02  0.2426   20.217
          1.9620     -106.53  0.2378   16.013       -103.75  0.2398   18.994       -100.98  0.2419   21.039       -100.02  0.2426   20.231
          1.9715     -106.55  0.2378   15.709       -103.77  0.2398   18.745       -100.99  0.2418   20.946       -100.02  0.2426   20.245
          1.9810     -106.57  0.2377   15.420       -103.79  0.2398   18.501       -101.00  0.2418   20.849       -100.02  0.2426   20.257
          1.9905     -106.60  0.2377   15.147       -103.81  0.2398   18.262       -101.01  0.2418   20.749       -100.02  0.2426   20.268
          2.0000     -106.62  0.2377   14.892       -103.83  0.2398   18.029       -101.02  0.2418   20.646       -100.02  0.2426   20.278
          2.0100     -106.65  0.2377   14.643       -103.85  0.2397   17.792       -101.03  0.2418   20.535       -100.02  0.2426   20.287
          2.0200     -106.67  0.2377   14.415       -103.87  0.2397   17.563       -101.04  0.2418   20.423       -100.03  0.2426   20.296
          2.0300     -106.70  0.2376   14.208       -103.89  0.2397   17.344       -101.05  0.2418   20.308       -100.03  0.2426   20.302
          2.0395     -106.72  0.2376   14.034       -103.91  0.2397   17.146       -101.06  0.2418   20.198       -100.03  0.2426   20.308
          2.0490     -106.74  0.2376   13.880       -103.93  0.2397   16.957       -101.07  0.2418   20.087       -100.03  0.2426   20.312
          2.0585     -106.77  0.2376   13.749       -103.95  0.2397   16.780       -101.08  0.2418   19.976       -100.03  0.2426   20.314
          2.0680     -106.79  0.2376   13.639       -103.97  0.2397   16.614       -101.09  0.2418   19.865       -100.03  0.2426   20.316
          2.0775     -106.81  0.2376   13.552       -103.99  0.2396   16.459       -101.10  0.2418   19.754       -100.03  0.2426   20.316
          2.0870     -106.83  0.2375   13.489       -104.01  0.2396   16.318       -101.11  0.2418   19.644       -100.03  0.2426   20.315
          2.0965     -106.86  0.2375   13.448       -104.02  0.2396   16.189       -101.12  0.2418   19.535       -100.03  0.2426   20.313
          2.1060     -106.88  0.2375   13.431       -104.04  0.2396   16.075       -101.13  0.2417   19.428       -100.03  0.2426   20.310
          2.1155     -106.90  0.2375   13.437       -104.06  0.2396   15.974       -101.14  0.2417   19.323       -100.03  0.2426   20.305
          2.1250     -106.93  0.2375   13.466       -104.08  0.2396   15.887       -101.15  0.2417   19.220       -100.03  0.2426   20.299
          2.1350     -106.95  0.2375   13.522       -104.10  0.2396   15.812       -101.16  0.2417   19.114       -100.03  0.2426   20.292
          2.1450     -106.97  0.2374   13.604       -104.12  0.2395   15.753       -101.17  0.2417   19.012       -100.03  0.2426   20.283
          2.1550     -107.00  0.2374   13.711       -104.14  0.2395   15.710       -101.18  0.2417   18.914       -100.03  0.2426   20.273
          2.1645     -107.02  0.2374   13.835       -104.16  0.2395   15.686       -101.19  0.2417   18.825       -100.04  0.2426   20.263
          2.1740     -107.04  0.2374   13.982       -104.18  0.2395   15.677       -101.20  0.2417   18.740       -100.04  0.2426   20.251
          2.1835     -107.07  0.2374   14.150       -104.20  0.2395   15.683       -101.22  0.2417   18.659       -100.04  0.2425   20.239
          2.1930     -107.09  0.2374   14.338       -104.22  0.2395   15.705       -101.23  0.2417   18.583       -100.04  0.2425   20.225
          2.2025     -107.11  0.2373   14.547       -104.24  0.2395   15.742       -101.24  0.2417   18.512       -100.04  0.2425   20.210
          2.2120     -107.13  0.2373   14.775       -104.26  0.2394   15.794       -101.25  0.2417   18.446       -100.04  0.2425   20.195
          2.2215     -107.16  0.2373   15.022       -104.28  0.2394   15.861       -101.26  0.2417   18.386       -100.04  0.2425   20.179
          2.2310     -107.18  0.2373   15.287       -104.30  0.2394   15.942       -101.27  0.2416   18.331       -100.04  0.2425   20.162
          2.2405     -107.20  0.2373   15.568       -104.32  0.2394   16.038       -101.28  0.2416   18.282       -100.04  0.2425   20.144
          2.2500     -107.22  0.2373   15.865       -104.34  0.2394   16.148       -101.29  0.2416   18.239       -100.04  0.2425   20.126
          2.2600     -107.25  0.2372   16.194       -104.36  0.2394   16.279       -101.30  0.2416   18.201       -100.04  0.2425   20.106
          2.2700     -107.27  0.2372   16.537       -104.38  0.2394   16.424       -101.31  0.2416   18.170       -100.04  0.2425   20.086
          2.2800     -107.29  0.2372   16.894       -104.40  0.2393   16.584       -101.32  0.2416   18.146       -100.05  0.2425   20.065
          2.2895     -107.32  0.2372   17.245       -104.41  0.2393   16.748       -101.33  0.2416   18.129       -100.05  0.2425   20.045
          2.2990     -107.34  0.2372   17.606       -104.43  0.2393   16.923       -101.34  0.2416   18.120       -100.05  0.2425   20.024
          2.3085     -107.36  0.2372   17.975       -104.45  0.2393   17.110       -101.35  0.2416   18.117       -100.05  0.2425   20.004
          2.3180     -107.38  0.2371   18.351       -104.47  0.2393   17.306       -101.36  0.2416   18.121       -100.05  0.2425   19.983
          2.3275     -107.40  0.2371   18.733       -104.49  0.2393   17.513       -101.37  0.2416   18.131       -100.05  0.2425   19.962
          2.3370     -107.43  0.2371   19.120       -104.51  0.2393   17.728       -101.38  0.2416   18.148       -100.05  0.2425   19.942
          2.3465     -107.45  0.2371   19.509       -104.53  0.2392   17.951       -101.39  0.2416   18.171       -100.05  0.2425   19.921
          2.3560     -107.47  0.2371   19.901       -104.55  0.2392   18.181       -101.40  0.2415   18.201       -100.05  0.2425   19.900
          2.3655     -107.49  0.2371   20.292       -104.56  0.2392   18.418       -101.41  0.2415   18.237       -100.05  0.2425   19.880
          2.3750     -107.51  0.2370   20.683       -104.58  0.2392   18.660       -101.42  0.2415   18.280       -100.05  0.2425   19.860
          2.3850     -107.54  0.2370   21.092       -104.60  0.2392   18.921       -101.44  0.2415   18.331       -100.06  0.2425   19.840
          2.3950     -107.56  0.2370   21.496       -104.62  0.2392   19.185       -101.45  0.2415   18.389       -100.06  0.2425   19.820
          2.4050     -107.58  0.2370   21.894       -104.64  0.2392   19.453       -101.46  0.2415   18.453       -100.06  0.2425   19.800
          2.4145     -107.60  0.2370   22.266       -104.66  0.2391   19.709       -101.47  0.2415   18.519       -100.06  0.2425   19.782
          2.4240     -107.62  0.2370   22.629       -104.68  0.2391   19.966       -101.48  0.2415   18.591       -100.06  0.2425   19.765
          2.4335     -107.65  0.2369   22.983       -104.70  0.2391   20.224       -101.49  0.2415   18.667       -100.06  0.2425   19.749
          2.4430     -107.67  0.2369   23.327       -104.72  0.2391   20.480       -101.50  0.2415   18.748       -100.06  0.2425   19.733
          2.4525     -107.69  0.2369   23.658       -104.74  0.2391   20.735       -101.51  0.2415   18.834       -100.06  0.2425   19.718
          2.4620     -107.71  0.2369   23.977       -104.75  0.2391   20.987       -101.52  0.2415   18.924       -100.06  0.2425   19.704
          2.4715     -107.73  0.2369   24.281       -104.77  0.2391   21.236       -101.53  0.2414   19.017       -100.07  0.2425   19.691
          2.4810     -107.75  0.2369   24.570       -104.79  0.2390   21.480       -101.54  0.2414   19.114       -100.07  0.2425   19.679
          2.4905     -107.77  0.2369   24.843       -104.81  0.2390   21.719       -101.55  0.2414   19.214       -100.07  0.2425   19.668
          2.5000     -107.79  0.2368   25.098       -104.83  0.2390   21.951       -101.56  0.2414   19.317       -100.07  0.2425   19.658
          2.5100     -107.82  0.2368   25.347       -104.85  0.2390   22.189       -101.57  0.2414   19.428       -100.07  0.2425   19.649
          2.5200     -107.84  0.2368   25.575       -104.87  0.2390   22.417       -101.59  0.2414   19.541       -100.07  0.2425   19.641
          2.5300     -107.86  0.2368   25.782       -104.89  0.2390   22.636       -101.60  0.2414   19.655       -100.07  0.2425   19.635
          2.5395     -107.88  0.2368   25.956       -104.90  0.2390   22.835       -101.61  0.2414   19.766       -100.07  0.2425   19.630
          2.5490     -107.90  0.2368   26.110       -104.92  0.2390   23.023       -101.62  0.2414   19.876       -100.08  0.2425   19.626
          2.5585     -107.92  0.2367   26.241       -104.94  0.2389   23.201       -101.63  0.2414   19.988       -100.08  0.2425   19.623
          2.5680     -107.94  0.2367   26.351       -104.96  0.2389   23.367       -101.64  0.2414   20.099       -100.08  0.2425   19.622
          2.5775     -107.97  0.2367   26.437       -104.98  0.2389   23.521       -101.65  0.2414   20.210       -100.08  0.2425   19.622
          2.5870     -107.99  0.2367   26.501       -105.00  0.2389   23.663       -101.66  0.2414   20.320       -100.08  0.2425   19.623
          2.5965     -108.01  0.2367   26.542       -105.01  0.2389   23.791       -101.67  0.2413   20.429       -100.08  0.2425   19.625
          2.6060     -108.03  0.2367   26.559       -105.03  0.2389   23.906       -101.68  0.2413   20.536       -100.08  0.2425   19.629
          2.6155     -108.05  0.2367   26.553       -105.05  0.2389   24.007       -101.69  0.2413   20.641       -100.08  0.2425   19.633
          2.6250     -108.07  0.2366   26.524       -105.07  0.2388   24.094       -101.70  0.2413   20.744       -100.09  0.2425   19.639
          2.6350     -108.09  0.2366   26.468       -105.09  0.2388   24.169       -101.72  0.2413   20.850       -100.09  0.2425   19.647
          2.6450     -108.11  0.2366   26.386       -105.11  0.2388   24.228       -101.73  0.2413   20.952       -100.09  0.2425   19.656
          2.6550     -108.13  0.2366   26.279       -105.12  0.2388   24.270       -101.74  0.2413   21.050       -100.09  0.2425   19.666
          2.6645     -108.15  0.2366   26.155       -105.14  0.2388   24.295       -101.75  0.2413   21.139       -100.09  0.2425   19.677
          2.6740     -108.18  0.2366   26.008       -105.16  0.2388   24.304       -101.76  0.2413   21.224       -100.09  0.2425   19.689
          2.6835     -108.20  0.2365   25.841       -105.18  0.2388   24.298       -101.77  0.2413   21.305       -100.09  0.2425   19.701
          2.6930     -108.22  0.2365   25.652       -105.20  0.2388   24.276       -101.78  0.2413   21.381       -100.09  0.2425   19.715
          2.7025     -108.24  0.2365   25.443       -105.21  0.2387   24.239       -101.79  0.2413   21.453       -100.10  0.2425   19.730
          2.7120     -108.26  0.2365   25.215       -105.23  0.2387   24.187       -101.80  0.2412   21.518       -100.10  0.2425   19.745
          2.7215     -108.28  0.2365   24.968       -105.25  0.2387   24.120       -101.81  0.2412   21.579       -100.10  0.2425   19.762
          2.7310     -108.30  0.2365   24.704       -105.27  0.2387   24.039       -101.83  0.2412   21.634       -100.10  0.2425   19.779
          2.7405     -108.32  0.2365   24.422       -105.29  0.2387   23.943       -101.84  0.2412   21.683       -100.10  0.2425   19.796
          2.7500     -108.34  0.2364   24.125       -105.30  0.2387   23.833       -101.85  0.2412   21.725       -100.10  0.2425   19.815
          2.7600     -108.36  0.2364   23.797       -105.32  0.2387   23.702       -101.86  0.2412   21.764       -100.10  0.2425   19.835
          2.7700     -108.38  0.2364   23.453       -105.34  0.2386   23.557       -101.87  0.2412   21.795       -100.11  0.2425   19.855
          2.7800     -108.40  0.2364   23.096       -105.36  0.2386   23.397       -101.88  0.2412   21.819       -100.11  0.2425   19.876
          2.7895     -108.42  0.2364   22.745       -105.38  0.2386   23.234       -101.89  0.2412   21.836       -100.11  0.2425   19.897
          2.7990     -108.44  0.2364   22.385       -105.40  0.2386   23.058       -101.90  0.2412   21.845       -100.11  0.2425   19.917
          2.8085     -108.46  0.2363   22.016       -105.41  0.2386   22.872       -101.91  0.2412   21.848       -100.11  0.2425   19.938
          2.8180     -108.48  0.2363   21.640       -105.43  0.2386   22.675       -101.92  0.2412   21.845       -100.11  0.2425   19.959
          2.8275     -108.50  0.2363   21.258       -105.45  0.2386   22.469       -101.94  0.2412   21.835       -100.12  0.2425   19.980
          2.8370     -108.52  0.2363   20.871       -105.47  0.2386   22.254       -101.95  0.2411   21.818       -100.12  0.2425   20.000
          2.8465     -108.54  0.2363   20.482       -105.48  0.2385   22.031       -101.96  0.2411   21.795       -100.12  0.2425   20.021
          2.8560     -108.56  0.2363   20.090       -105.50  0.2385   21.801       -101.97  0.2411   21.765       -100.12  0.2425   20.042
          2.8655     -108.58  0.2363   19.698       -105.52  0.2385   21.564       -101.98  0.2411   21.729       -100.12  0.2425   20.062
          2.8750     -108.60  0.2362   19.308       -105.54  0.2385   21.322       -101.99  0.2411   21.686       -100.12  0.2425   20.082
          2.8850     -108.62  0.2362   18.899       -105.55  0.2385   21.062       -102.00  0.2411   21.635       -100.13  0.2425   20.103
          2.8950     -108.64  0.2362   18.495       -105.57  0.2385   20.797       -102.01  0.2411   21.578       -100.13  0.2425   20.123
          2.9050     -108.66  0.2362   18.097       -105.59  0.2385   20.530       -102.02  0.2411   21.514       -100.13  0.2425   20.143
          2.9145     -108.68  0.2362   17.725       -105.61  0.2384   20.274       -102.04  0.2411   21.447       -100.13  0.2425   20.161
          2.9240     -108.70  0.2362   17.362       -105.63  0.2384   20.016       -102.05  0.2411   21.376       -100.13  0.2425   20.178
          2.9335     -108.72  0.2362   17.008       -105.64  0.2384   19.759       -102.06  0.2411   21.300       -100.13  0.2425   20.195
          2.9430     -108.74  0.2361   16.665       -105.66  0.2384   19.503       -102.07  0.2411   21.218       -100.14  0.2425   20.210
          2.9525     -108.76  0.2361   16.333       -105.68  0.2384   19.248       -102.08  0.2410   21.133       -100.14  0.2425   20.225
          2.9620     -108.78  0.2361   16.015       -105.70  0.2384   18.996       -102.09  0.2410   21.043       -100.14  0.2425   20.239
          2.9715     -108.80  0.2361   15.711       -105.71  0.2384   18.748       -102.10  0.2410   20.950       -100.14  0.2425   20.253
          2.9810     -108.82  0.2361   15.422       -105.73  0.2384   18.503       -102.11  0.2410   20.853       -100.14  0.2425   20.265
          2.9905     -108.84  0.2361   15.149       -105.75  0.2383   18.265       -102.12  0.2410   20.753       -100.14  0.2425   20.276
          3.0000     -108.86  0.2361   14.894       -105.76  0.2383   18.032       -102.13  0.2410   20.650       -100.15  0.2425   20.286
          3.0100     -108.88  0.2360   14.644       -105.78  0.2383   17.795       -102.15  0.2410   20.540       -100.15  0.2425   20.295
          3.0200     -108.90  0.2360   14.416       -105.80  0.2383   17.566       -102.16  0.2410   20.427       -100.15  0.2425   20.303
          3.0300     -108.92  0.2360   14.210       -105.82  0.2383   17.347       -102.17  0.2410   20.313       -100.15  0.2425   20.310
          3.0395     -108.94  0.2360   14.036       -105.84  0.2383   17.149       -102.18  0.2410   20.203       -100.15  0.2425   20.315
          3.0490     -108.96  0.2360   13.882       -105.85  0.2383   16.961       -102.19  0.2410   20.092       -100.15  0.2425   20.319
          3.0585     -108.98  0.2360   13.751       -105.87  0.2383   16.783       -102.20  0.2410   19.981       -100.16  0.2425   20.322
          3.0680     -109.00  0.2360   13.641       -105.89  0.2382   16.617       -102.21  0.2409   19.870       -100.16  0.2425   20.323
          3.0775     -109.01  0.2359   13.555       -105.90  0.2382   16.463       -102.22  0.2409   19.759       -100.16  0.2425   20.324
          3.0870     -109.03  0.2359   13.491       -105.92  0.2382   16.322       -102.24  0.2409   19.649       -100.16  0.2425   20.323
          3.0965     -109.05  0.2359   13.450       -105.94  0.2382   16.193       -102.25  0.2409   19.540       -100.16  0.2425   20.320
          3.1060     -109.07  0.2359   13.433       -105.96  0.2382   16.078       -102.26  0.2409   19.433       -100.17  0.2425   20.317
          3.1155     -109.09  0.2359   13.439       -105.97  0.2382   15.978       -102.27  0.2409   19.328       -100.17  0.2425   20.312
          3.1250     -109.11  0.2359   13.468       -105.99  0.2382   15.891       -102.28  0.2409   19.225       -100.17  0.2425   20.306
          3.1350     -109.13  0.2359   13.525       -106.01  0.2382   15.816       -102.29  0.2409   19.120       -100.17  0.2425   20.299
          3.1450     -109.15  0.2358   13.606       -106.03  0.2381   15.757       -102.30  0.2409   19.018       -100.17  0.2424   20.290
          3.1550     -109.17  0.2358   13.713       -106.04  0.2381   15.715       -102.31  0.2409   18.920       -100.18  0.2424   20.280
          3.1645     -109.19  0.2358   13.838       -106.06  0.2381   15.690       -102.33  0.2409   18.831       -100.18  0.2424   20.270
          3.1740     -109.21  0.2358   13.984       -106.08  0.2381   15.681       -102.34  0.2409   18.746       -100.18  0.2424   20.258
          3.1835     -109.23  0.2358   14.152       -106.09  0.2381   15.687       -102.35  0.2408   18.665       -100.18  0.2424   20.245
          3.1930     -109.25  0.2358   14.341       -106.11  0.2381   15.709       -102.36  0.2408   18.589       -100.18  0.2424   20.232
          3.2025     -109.26  0.2358   14.549       -106.13  0.2381   15.746       -102.37  0.2408   18.518       -100.19  0.2424   20.217
          3.2120     -109.28  0.2357   14.778       -106.14  0.2381   15.798       -102.38  0.2408   18.452       -100.19  0.2424   20.202
          3.2215     -109.30  0.2357   15.025       -106.16  0.2380   15.865       -102.39  0.2408   18.392       -100.19  0.2424   20.185
          3.2310     -109.32  0.2357   15.289       -106.18  0.2380   15.946       -102.40  0.2408   18.337       -100.19  0.2424   20.169
          3.2405     -109.34  0.2357   15.570       -106.19  0.2380   16.042       -102.41  0.2408   18.288       -100.19  0.2424   20.151
          3.2500     -109.36  0.2357   15.867       -106.21  0.2380   16.153       -102.43  0.2408   18.246       -100.20  0.2424   20.133
          3.2600     -109.38  0.2357   16.196       -106.23  0.2380   16.283       -102.44  0.2408   18.207       -100.20  0.2424   20.113
          3.2700     -109.40  0.2357   16.540       -106.25  0.2380   16.429       -102.45  0.2408   18.176       -100.20  0.2424   20.092
          3.2800     -109.42  0.2356   16.897       -106.26  0.2380   16.588       -102.46  0.2408   18.152       -100.20  0.2424   20.072
          3.2895     -109.43  0.2356   17.247       -106.28  0.2380   16.752       -102.47  0.2408   18.136       -100.20  0.2424   20.051
          3.2990     -109.45  0.2356   17.608       -106.30  0.2379   16.927       -102.48  0.2407   18.126       -100.21  0.2424   20.031
          3.3085     -109.47  0.2356   17.977       -106.31  0.2379   17.114       -102.49  0.2407   18.123       -100.21  0.2424   20.010
          3.3180     -109.49  0.2356   18.353       -106.33  0.2379   17.310       -102.50  0.2407   18.127       -100.21  0.2424   19.990
          3.3275     -109.51  0.2356   18.735       -106.35  0.2379   17.516       -102.52  0.2407   18.137       -100.21  0.2424   19.969
          3.3370     -109.53  0.2356   19.122       -106.36  0.2379   17.731       -102.53  0.2407   18.154       -100.21  0.2424   19.948
          3.3465     -109.54  0.2356   19.511       -106.38  0.2379   17.954       -102.54  0.2407   18.177       -100.22  0.2424   19.927
          3.3560     -109.56  0.2355   19.903       -106.40  0.2379   18.185       -102.55  0.2407   18.207       -100.22  0.2424   19.907
          3.3655     -109.58  0.2355   20.294       -106.41  0.2379   18.422       -102.56  0.2407   18.243       -100.22  0.2424   19.887
          3.3750     -109.60  0.2355   20.685       -106.43  0.2378   18.664       -102.57  0.2407   18.286       -100.22  0.2424   19.867
          3.3850     -109.62  0.2355   21.094       -106.45  0.2378   18.924       -102.58  0.2407   18.337       -100.23  0.2424   19.846
          3.3950     -109.64  0.2355   21.498       -106.46  0.2378   19.188       -102.59  0.2407   18.394       -100.23  0.2424   19.826
          3.4050     -109.66  0.2355   21.896       -106.48  0.2378   19.456       -102.61  0.2407   18.458       -100.23  0.2424   19.807
          3.4145     -109.67  0.2355   22.267       -106.50  0.2378   19.712       -102.62  0.2407   18.525       -100.23  0.2424   19.789
          3.4240     -109.69  0.2354   22.631       -106.51  0.2378   19.969       -102.63  0.2406   18.596       -100.24  0.2424   19.772
          3.4335     -109.71  0.2354   22.985       -106.53  0.2378   20.227       -102.64  0.2406   18.673       -100.24  0.2424   19.755
          3.4430     -109.73  0.2354   23.328       -106.55  0.2378   20.483       -102.65  0.2406   18.754       -100.24  0.2424   19.739
          3.4525     -109.75  0.2354   23.660       -106.56  0.2377   20.738       -102.66  0.2406   18.840       -100.24  0.2424   19.725
          3.4620     -109.77  0.2354   23.978       -106.58  0.2377   20.990       -102.67  0.2406   18.929       -100.24  0.2424   19.711
          3.4715     -109.78  0.2354   24.282       -106.60  0.2377   21.238       -102.68  0.2406   19.023       -100.25  0.2424   19.698
          3.4810     -109.80  0.2354   24.571       -106.61  0.2377   21.482       -102.69  0.2406   19.119       -100.25  0.2424   19.686
          3.4905     -109.82  0.2353   24.844       -106.63  0.2377   21.721       -102.71  0.2406   19.219       -100.25  0.2424   19.675
          3.5000     -109.84  0.2353   25.099       -106.64  0.2377   21.954       -102.72  0.2406   19.322       -100.25  0.2424   19.665
          3.5100     -109.86  0.2353   25.348       -106.66  0.2377   22.191       -102.73  0.2406   19.433       -100.26  0.2424   19.656
          3.5200     -109.87  0.2353   25.576       -106.68  0.2377   22.419       -102.74  0.2406   19.546       -100.26  0.2424   19.648
          3.5300     -109.89  0.2353   25.782       -106.70  0.2376   22.638       -102.75  0.2406   19.660       -100.26  0.2424   19.641
          3.5395     -109.91  0.2353   25.957       -106.71  0.2376   22.837       -102.76  0.2405   19.770       -100.26  0.2424   19.636
          3.5490     -109.93  0.2353   26.110       -106.73  0.2376   23.025       -102.77  0.2405   19.881       -100.27  0.2424   19.632
          3.5585     -109.95  0.2353   26.242       -106.74  0.2376   23.203       -102.79  0.2405   19.992       -100.27  0.2424   19.629
          3.5680     -109.96  0.2352   26.351       -106.76  0.2376   23.369       -102.80  0.2405   20.103       -100.27  0.2424   19.628
          3.5775     -109.98  0.2352   26.438       -106.78  0.2376   23.523       -102.81  0.2405   20.214       -100.27  0.2424   19.628
          3.5870     -110.00  0.2352   26.502       -106.79  0.2376   23.664       -102.82  0.2405   20.324       -100.28  0.2424   19.629
          3.5965     -110.02  0.2352   26.542       -106.81  0.2376   23.792       -102.83  0.2405   20.433       -100.28  0.2424   19.631
          3.6060     -110.04  0.2352   26.560       -106.82  0.2376   23.907       -102.84  0.2405   20.540       -100.28  0.2424   19.635
          3.6155     -110.05  0.2352   26.554       -106.84  0.2375   24.008       -102.85  0.2405   20.645       -100.28  0.2424   19.639
          3.6250     -110.07  0.2352   26.524       -106.86  0.2375   24.095       -102.86  0.2405   20.748       -100.28  0.2424   19.645
          3.6350     -110.09  0.2351   26.468       -106.87  0.2375   24.170       -102.87  0.2405   20.853       -100.29  0.2424   19.653
          3.6450     -110.11  0.2351   26.386       -106.89  0.2375   24.229       -102.89  0.2405   20.955       -100.29  0.2424   19.662
          3.6550     -110.13  0.2351   26.280       -106.91  0.2375   24.271       -102.90  0.2404   21.053       -100.29  0.2424   19.672
          3.6645     -110.14  0.2351   26.155       -106.92  0.2375   24.296       -102.91  0.2404   21.142       -100.30  0.2424   19.683
          3.6740     -110.16  0.2351   26.009       -106.94  0.2375   24.305       -102.92  0.2404   21.227       -100.30  0.2424   19.694
          3.6835     -110.18  0.2351   25.841       -106.96  0.2375   24.298       -102.93  0.2404   21.308       -100.30  0.2424   19.707
          3.6930     -110.20  0.2351   25.652       -106.97  0.2374   24.277       -102.94  0.2404   21.384       -100.30  0.2424   19.721
          3.7025     -110.21  0.2351   25.443       -106.99  0.2374   24.240       -102.95  0.2404   21.455       -100.31  0.2424   19.735
          3.7120     -110.23  0.2350   25.215       -107.00  0.2374   24.188       -102.96  0.2404   21.521       -100.31  0.2424   19.751
          3.7215     -110.25  0.2350   24.968       -107.02  0.2374   24.121       -102.98  0.2404   21.581       -100.31  0.2423   19.767
          3.7310     -110.27  0.2350   24.704       -107.03  0.2374   24.039       -102.99  0.2404   21.636       -100.31  0.2423   19.784
          3.7405     -110.28  0.2350   24.422       -107.05  0.2374   23.943       -103.00  0.2404   21.685       -100.32  0.2423   19.802
          3.7500     -110.30  0.2350   24.125       -107.07  0.2374   23.833       -103.01  0.2404   21.728       -100.32  0.2423   19.820
          3.7600     -110.32  0.2350   23.797       -107.08  0.2374   23.703       -103.02  0.2404   21.766       -100.32  0.2423   19.840
          3.7700     -110.34  0.2350   23.453       -107.10  0.2374   23.557       -103.03  0.2403   21.797       -100.32  0.2423   19.861
          3.7800     -110.35  0.2350   23.096       -107.12  0.2373   23.398       -103.04  0.2403   21.822       -100.33  0.2423   19.881
          3.7895     -110.37  0.2349   22.745       -107.13  0.2373   23.234       -103.06  0.2403   21.838       -100.33  0.2423   19.902
          3.7990     -110.39  0.2349   22.385       -107.15  0.2373   23.059       -103.07  0.2403   21.847       -100.33  0.2423   19.922
          3.8085     -110.41  0.2349   22.016       -107.16  0.2373   22.872       -103.08  0.2403   21.850       -100.33  0.2423   19.943
          3.8180     -110.42  0.2349   21.640       -107.18  0.2373   22.676       -103.09  0.2403   21.847       -100.34  0.2423   19.964
          3.8275     -110.44  0.2349   21.258       -107.19  0.2373   22.470       -103.10  0.2403   21.837       -100.34  0.2423   19.985
          3.8370     -110.46  0.2349   20.871       -107.21  0.2373   22.255       -103.11  0.2403   21.820       -100.34  0.2423   20.005
          3.8465     -110.47  0.2349   20.482       -107.23  0.2373   22.032       -103.12  0.2403   21.796       -100.35  0.2423   20.026
          3.8560     -110.49  0.2349   20.090       -107.24  0.2372   21.802       -103.13  0.2403   21.767       -100.35  0.2423   20.047
          3.8655     -110.51  0.2348   19.699       -107.26  0.2372   21.565       -103.14  0.2403   21.731       -100.35  0.2423   20.067
          3.8750     -110.53  0.2348   19.308       -107.27  0.2372   21.323       -103.16  0.2403   21.688       -100.35  0.2423   20.087
          3.8850     -110.54  0.2348   18.900       -107.29  0.2372   21.062       -103.17  0.2402   21.637       -100.36  0.2423   20.108
          3.8950     -110.56  0.2348   18.495       -107.31  0.2372   20.798       -103.18  0.2402   21.579       -100.36  0.2423   20.128
          3.9050     -110.58  0.2348   18.097       -107.32  0.2372   20.531       -103.19  0.2402   21.516       -100.36  0.2423   20.147
          3.9145     -110.60  0.2348   17.726       -107.34  0.2372   20.274       -103.20  0.2402   21.449       -100.36  0.2423   20.165
          3.9240     -110.61  0.2348   17.362       -107.35  0.2372   20.017       -103.21  0.2402   21.378       -100.37  0.2423   20.182
          3.9335     -110.63  0.2348   17.009       -107.37  0.2372   19.760       -103.22  0.2402   21.301       -100.37  0.2423   20.199
          3.9430     -110.65  0.2347   16.665       -107.38  0.2371   19.504       -103.23  0.2402   21.220       -100.37  0.2423   20.215
          3.9525     -110.66  0.2347   16.334       -107.40  0.2371   19.249       -103.25  0.2402   21.135       -100.38  0.2423   20.230
          3.9620     -110.68  0.2347   16.015       -107.41  0.2371   18.997       -103.26  0.2402   21.045       -100.38  0.2423   20.244
          3.9715     -110.70  0.2347   15.711       -107.43  0.2371   18.749       -103.27  0.2402   20.952       -100.38  0.2423   20.257
          3.9810     -110.71  0.2347   15.422       -107.45  0.2371   18.505       -103.28  0.2402   20.855       -100.38  0.2423   20.269
          3.9905     -110.73  0.2347   15.150       -107.46  0.2371   18.266       -103.29  0.2402   20.755       -100.39  0.2423   20.280
          4.0000     -110.75  0.2347   14.894       -107.48  0.2371   18.033       -103.30  0.2401   20.653       -100.39  0.2423   20.290
          4.0100     -110.76  0.2347   14.645       -107.49  0.2371   17.796       -103.31  0.2401   20.542       -100.39  0.2423   20.299
          4.0200     -110.78  0.2346   14.417       -107.51  0.2370   17.568       -103.32  0.2401   20.429       -100.40  0.2423   20.307
          4.0300     -110.80  0.2346   14.211       -107.52  0.2370   17.349       -103.34  0.2401   20.315       -100.40  0.2423   20.314
          4.0395     -110.82  0.2346   14.037       -107.54  0.2370   17.150       -103.35  0.2401   20.205       -100.40  0.2423   20.319
          4.0490     -110.83  0.2346   13.883       -107.56  0.2370   16.962       -103.36  0.2401   20.094       -100.40  0.2423   20.323
          4.0585     -110.85  0.2346   13.752       -107.57  0.2370   16.785       -103.37  0.2401   19.983       -100.41  0.2423   20.326
          4.0680     -110.87  0.2346   13.642       -107.59  0.2370   16.619       -103.38  0.2401   19.872       -100.41  0.2423   20.327
          4.0775     -110.88  0.2346   13.556       -107.60  0.2370   16.465       -103.39  0.2401   19.761       -100.41  0.2423   20.327
          4.0870     -110.90  0.2346   13.492       -107.62  0.2370   16.324       -103.40  0.2401   19.651       -100.42  0.2423   20.326
          4.0965     -110.92  0.2345   13.451       -107.63  0.2370   16.195       -103.41  0.2401   19.543       -100.42  0.2423   20.324
          4.1060     -110.93  0.2345   13.434       -107.65  0.2369   16.080       -103.42  0.2401   19.436       -100.42  0.2423   20.321
          4.1155     -110.95  0.2345   13.440       -107.66  0.2369   15.980       -103.44  0.2400   19.331       -100.42  0.2423   20.316
          4.1250     -110.97  0.2345   13.470       -107.68  0.2369   15.893       -103.45  0.2400   19.228       -100.43  0.2423   20.310
          4.1350     -110.98  0.2345   13.526       -107.69  0.2369   15.818       -103.46  0.2400   19.123       -100.43  0.2423   20.303
          4.1450     -111.00  0.2345   13.608       -107.71  0.2369   15.759       -103.47  0.2400   19.021       -100.43  0.2423   20.294
          4.1550     -111.02  0.2345   13.714       -107.72  0.2369   15.717       -103.48  0.2400   18.923       -100.44  0.2423   20.284
          4.1645     -111.03  0.2345   13.839       -107.74  0.2369   15.692       -103.49  0.2400   18.834       -100.44  0.2423   20.273
          4.1740     -111.05  0.2344   13.985       -107.76  0.2369   15.683       -103.50  0.2400   18.749       -100.44  0.2423   20.262
          4.1835     -111.07  0.2344   14.153       -107.77  0.2369   15.690       -103.51  0.2400   18.668       -100.45  0.2422   20.249
          4.1930     -111.08  0.2344   14.342       -107.79  0.2368   15.711       -103.53  0.2400   18.592       -100.45  0.2422   20.235
          4.2025     -111.10  0.2344   14.551       -107.80  0.2368   15.748       -103.54  0.2400   18.521       -100.45  0.2422   20.221
          4.2120     -111.12  0.2344   14.779       -107.82  0.2368   15.800       -103.55  0.2400   18.455       -100.46  0.2422   20.205
          4.2215     -111.13  0.2344   15.026       -107.83  0.2368   15.867       -103.56  0.2400   18.395       -100.46  0.2422   20.189
          4.2310     -111.15  0.2344   15.290       -107.85  0.2368   15.949       -103.57  0.2399   18.340       -100.46  0.2422   20.172
          4.2405     -111.16  0.2344   15.572       -107.86  0.2368   16.045       -103.58  0.2399   18.292       -100.46  0.2422   20.155
          4.2500     -111.18  0.2343   15.869       -107.88  0.2368   16.155       -103.59  0.2399   18.249       -100.47  0.2422   20.136
          4.2600     -111.20  0.2343   16.197       -107.89  0.2368   16.286       -103.60  0.2399   18.211       -100.47  0.2422   20.116
          4.2700     -111.21  0.2343   16.541       -107.91  0.2368   16.431       -103.61  0.2399   18.179       -100.47  0.2422   20.096
          4.2800     -111.23  0.2343   16.898       -107.92  0.2367   16.590       -103.63  0.2399   18.155       -100.48  0.2422   20.075
          4.2895     -111.25  0.2343   17.249       -107.94  0.2367   16.754       -103.64  0.2399   18.139       -100.48  0.2422   20.055
          4.2990     -111.26  0.2343   17.609       -107.95  0.2367   16.930       -103.65  0.2399   18.130       -100.48  0.2422   20.035
          4.3085     -111.28  0.2343   17.978       -107.97  0.2367   17.116       -103.66  0.2399   18.127       -100.49  0.2422   20.014
          4.3180     -111.30  0.2343   18.354       -107.98  0.2367   17.313       -103.67  0.2399   18.130       -100.49  0.2422   19.993
          4.3275     -111.31  0.2342   18.736       -108.00  0.2367   17.519       -103.68  0.2399   18.141       -100.49  0.2422   19.973
          4.3370     -111.33  0.2342   19.123       -108.01  0.2367   17.734       -103.69  0.2399   18.157       -100.50  0.2422   19.952
          4.3465     -111.34  0.2342   19.513       -108.03  0.2367   17.957       -103.70  0.2399   18.181       -100.50  0.2422   19.931
          4.3560     -111.36  0.2342   19.904       -108.04  0.2367   18.187       -103.71  0.2398   18.211       -100.50  0.2422   19.911
          4.3655     -111.38  0.2342   20.296       -108.06  0.2366   18.424       -103.72  0.2398   18.247       -100.51  0.2422   19.890
          4.3750     -111.39  0.2342   20.686       -108.07  0.2366   18.666       -103.74  0.2398   18.289       -100.51  0.2422   19.870
          4.3850     -111.41  0.2342   21.095       -108.09  0.2366   18.926       -103.75  0.2398   18.340       -100.51  0.2422   19.850
          4.3950     -111.43  0.2342   21.499       -108.10  0.2366   19.190       -103.76  0.2398   18.398       -100.52  0.2422   19.830
          4.4050     -111.44  0.2342   21.897       -108.12  0.2366   19.458       -103.77  0.2398   18.462       -100.52  0.2422   19.810
          4.4145     -111.46  0.2341   22.268       -108.13  0.2366   19.714       -103.78  0.2398   18.528       -100.52  0.2422   19.793
          4.4240     -111.47  0.2341   22.632       -108.15  0.2366   19.971       -103.79  0.2398   18.600       -100.53  0.2422   19.775
          4.4335     -111.49  0.2341   22.986       -108.16  0.2366   20.228       -103.80  0.2398   18.676       -100.53  0.2422   19.759
          4.4430     -111.51  0.2341   23.329       -108.18  0.2366   20.485       -103.81  0.2398   18.757       -100.53  0.2422   19.743
          4.4525     -111.52  0.2341   23.660       -108.19  0.2365   20.739       -103.83  0.2398   18.843       -100.53  0.2422   19.728
          4.4620     -111.54  0.2341   23.979       -108.21  0.2365   20.991       -103.84  0.2398   18.932       -100.54  0.2422   19.714
          4.4715     -111.55  0.2341   24.283       -108.22  0.2365   21.240       -103.85  0.2397   19.026       -100.54  0.2422   19.701
          4.4810     -111.57  0.2341   24.572       -108.24  0.2365   21.484       -103.86  0.2397   19.123       -100.54  0.2422   19.689
          4.4905     -111.58  0.2340   24.845       -108.25  0.2365   21.723       -103.87  0.2397   19.222       -100.55  0.2422   19.678
          4.5000     -111.60  0.2340   25.100       -108.26  0.2365   21.955       -103.88  0.2397   19.325       -100.55  0.2422   19.669
          4.5100     -111.62  0.2340   25.349       -108.28  0.2365   22.192       -103.89  0.2397   19.436       -100.55  0.2422   19.659
          4.5200     -111.63  0.2340   25.577       -108.30  0.2365   22.421       -103.90  0.2397   19.548       -100.56  0.2422   19.651
          4.5300     -111.65  0.2340   25.783       -108.31  0.2365   22.640       -103.91  0.2397   19.663       -100.56  0.2422   19.645
          4.5395     -111.67  0.2340   25.958       -108.33  0.2364   22.838       -103.93  0.2397   19.773       -100.56  0.2422   19.640
          4.5490     -111.68  0.2340   26.111       -108.34  0.2364   23.026       -103.94  0.2397   19.884       -100.57  0.2422   19.636
          4.5585     -111.70  0.2340   26.243       -108.35  0.2364   23.204       -103.95  0.2397   19.995       -100.57  0.2422   19.633
          4.5680     -111.71  0.2340   26.352       -108.37  0.2364   23.370       -103.96  0.2397   20.106       -100.57  0.2422   19.632
          4.5775     -111.73  0.2339   26.439       -108.38  0.2364   23.524       -103.97  0.2397   20.216       -100.58  0.2422   19.632
          4.5870     -111.74  0.2339   26.502       -108.40  0.2364   23.665       -103.98  0.2396   20.326       -100.58  0.2421   19.633
          4.5965     -111.76  0.2339   26.543       -108.41  0.2364   23.793       -103.99  0.2396   20.435       -100.58  0.2421   19.635
          4.6060     -111.77  0.2339   26.560       -108.43  0.2364   23.908       -104.00  0.2396   20.542       -100.59  0.2421   19.638
          4.6155     -111.79  0.2339   26.554       -108.44  0.2364   24.009       -104.01  0.2396   20.647       -100.59  0.2421   19.643
          4.6250     -111.81  0.2339   26.524       -108.46  0.2364   24.095       -104.02  0.2396   20.750       -100.59  0.2421   19.649
          4.6350     -111.82  0.2339   26.468       -108.47  0.2363   24.171       -104.04  0.2396   20.855       -100.60  0.2421   19.657
          4.6450     -111.84  0.2339   26.387       -108.49  0.2363   24.230       -104.05  0.2396   20.957       -100.60  0.2421   19.665
          4.6550     -111.85  0.2338   26.280       -108.50  0.2363   24.272       -104.06  0.2396   21.055       -100.61  0.2421   19.675
          4.6645     -111.87  0.2338   26.155       -108.52  0.2363   24.296       -104.07  0.2396   21.144       -100.61  0.2421   19.686
          4.6740     -111.89  0.2338   26.009       -108.53  0.2363   24.305       -104.08  0.2396   21.229       -100.61  0.2421   19.698
          4.6835     -111.90  0.2338   25.841       -108.54  0.2363   24.299       -104.09  0.2396   21.310       -100.62  0.2421   19.711
          4.6930     -111.92  0.2338   25.652       -108.56  0.2363   24.277       -104.10  0.2396   21.386       -100.62  0.2421   19.724
          4.7025     -111.93  0.2338   25.443       -108.57  0.2363   24.240       -104.11  0.2395   21.457       -100.62  0.2421   19.739
          4.7120     -111.95  0.2338   25.215       -108.59  0.2363   24.188       -104.12  0.2395   21.523       -100.63  0.2421   19.754
          4.7215     -111.96  0.2338   24.968       -108.60  0.2362   24.121       -104.13  0.2395   21.583       -100.63  0.2421   19.771
          4.7310     -111.98  0.2338   24.704       -108.62  0.2362   24.040       -104.15  0.2395   21.638       -100.63  0.2421   19.788
          4.7405     -111.99  0.2337   24.422       -108.63  0.2362   23.944       -104.16  0.2395   21.686       -100.64  0.2421   19.805
          4.7500     -112.01  0.2337   24.125       -108.64  0.2362   23.833       -104.17  0.2395   21.729       -100.64  0.2421   19.824
          4.7600     -112.02  0.2337   23.797       -108.66  0.2362   23.703       -104.18  0.2395   21.767       -100.64  0.2421   19.843
          4.7700     -112.04  0.2337   23.453       -108.67  0.2362   23.557       -104.19  0.2395   21.799       -100.65  0.2421   19.864
          4.7800     -112.06  0.2337   23.096       -108.69  0.2362   23.398       -104.20  0.2395   21.823       -100.65  0.2421   19.885
          4.7895     -112.07  0.2337   22.745       -108.70  0.2362   23.234       -104.21  0.2395   21.839       -100.65  0.2421   19.905
          4.7990     -112.09  0.2337   22.385       -108.72  0.2362   23.059       -104.22  0.2395   21.849       -100.66  0.2421   19.925
          4.8085     -112.10  0.2337   22.016       -108.73  0.2361   22.873       -104.23  0.2395   21.852       -100.66  0.2421   19.946
          4.8180     -112.12  0.2337   21.640       -108.75  0.2361   22.676       -104.24  0.2395   21.848       -100.66  0.2421   19.967
          4.8275     -112.13  0.2336   21.258       -108.76  0.2361   22.470       -104.26  0.2394   21.838       -100.67  0.2421   19.988
          4.8370     -112.15  0.2336   20.871       -108.77  0.2361   22.255       -104.27  0.2394   21.821       -100.67  0.2421   20.008
          4.8465     -112.16  0.2336   20.482       -108.79  0.2361   22.032       -104.28  0.2394   21.797       -100.67  0.2421   20.029
          4.8560     -112.18  0.2336   20.090       -108.80  0.2361   21.802       -104.29  0.2394   21.768       -100.68  0.2421   20.050
          4.8655     -112.19  0.2336   19.699       -108.82  0.2361   21.565       -104.30  0.2394   21.731       -100.68  0.2421   20.070
          4.8750     -112.21  0.2336   19.308       -108.83  0.2361   21.323       -104.31  0.2394   21.689       -100.69  0.2421   20.090
          4.8850     -112.22  0.2336   18.900       -108.85  0.2361   21.063       -104.32  0.2394   21.638       -100.69  0.2421   20.111
          4.8950     -112.24  0.2336   18.495       -108.86  0.2361   20.798       -104.33  0.2394   21.580       -100.69  0.2421   20.131
          4.9050     -112.26  0.2336   18.097       -108.88  0.2360   20.531       -104.34  0.2394   21.517       -100.70  0.2421   20.150
          4.9145     -112.27  0.2335   17.726       -108.89  0.2360   20.275       -104.35  0.2394   21.450       -100.70  0.2421   20.168
          4.9240     -112.29  0.2335   17.363       -108.90  0.2360   20.018       -104.37  0.2394   21.379       -100.70  0.2421   20.185
          4.9335     -112.30  0.2335   17.009       -108.92  0.2360   19.760       -104.38  0.2394   21.302       -100.71  0.2421   20.202
          4.9430     -112.32  0.2335   16.665       -108.93  0.2360   19.504       -104.39  0.2393   21.221       -100.71  0.2421   20.217
          4.9525     -112.33  0.2335   16.334       -108.95  0.2360   19.250       -104.40  0.2393   21.136       -100.71  0.2421   20.232
          4.9620     -112.35  0.2335   16.016       -108.96  0.2360   18.998       -104.41  0.2393   21.046       -100.72  0.2420   20.246
          4.9715     -112.36  0.2335   15.711       -108.97  0.2360   18.749       -104.42  0.2393   20.953       -100.72  0.2420   20.259
          4.9810     -112.38  0.2335   15.423       -108.99  0.2360   18.505       -104.43  0.2393   20.856       -100.73  0.2420   20.271
          4.9905     -112.39  0.2335   15.150       -109.00  0.2359   18.267       -104.44  0.2393   20.756       -100.73  0.2420   20.282
          5.0000     -112.41  0.2334   14.895       -109.02  0.2359   18.034       -104.45  0.2393   20.654       -100.73  0.2420   20.292
end
