 ******* Program HYDRUS
 ******* Onde thermique journaliere sans convection, loam h=-100 cm              
 Date:   0. 0.    Time: 512:**:**
 Units: L = cm   , T = days , M = g    


    TLevel      Time          dt      Iter    ItCum  KodT  KodB  Convergency

        1  0.1000000E-02  0.10000E-02    2        2    -1    -1     T
        2  0.2000000E-02  0.10000E-02    2        4    -1    -1     T
        3  0.3300000E-02  0.13000E-02    2        6    -1    -1     T
        4  0.4990000E-02  0.16900E-02    2        8    -1    -1     T
        5  0.7187000E-02  0.21970E-02    2       10    -1    -1     T
        6  0.1004310E-01  0.28561E-02    2       12    -1    -1     T
        7  0.1375603E-01  0.37129E-02    2       14    -1    -1     T
        8  0.1858284E-01  0.48268E-02    2       16    -1    -1     T
        9  0.2485769E-01  0.62749E-02    2       18    -1    -1     T
       10  0.3301499E-01  0.81573E-02    2       20    -1    -1     T
       11  0.4301499E-01  0.10000E-01    2       22    -1    -1     T
       12  0.5301499E-01  0.10000E-01    2       24    -1    -1     T
       13  0.6301499E-01  0.10000E-01    2       26    -1    -1     T
       14  0.7301499E-01  0.10000E-01    2       28    -1    -1     T
       15  0.8301499E-01  0.10000E-01    2       30    -1    -1     T
       16  0.9301499E-01  0.10000E-01    2       32    -1    -1     T
       17  0.1030150E+00  0.10000E-01    2       34    -1    -1     T
       18  0.1130150E+00  0.10000E-01    2       36    -1    -1     T
       19  0.1190075E+00  0.59925E-02    2       38    -1    -1     T
       20  0.1250000E+00  0.59925E-02    2       40    -1    -1     T
       21  0.1350000E+00  0.10000E-01    2       42    -1    -1     T
       22  0.1450000E+00  0.10000E-01    2       44    -1    -1     T
       23  0.1550000E+00  0.10000E-01    2       46    -1    -1     T
       24  0.1645000E+00  0.95000E-02    2       48    -1    -1     T
       25  0.1740000E+00  0.95000E-02    2       50    -1    -1     T
       26  0.1835000E+00  0.95000E-02    2       52    -1    -1     T
       27  0.1930000E+00  0.95000E-02    2       54    -1    -1     T
       28  0.2025000E+00  0.95000E-02    2       56    -1    -1     T
       29  0.2120000E+00  0.95000E-02    2       58    -1    -1     T
       30  0.2215000E+00  0.95000E-02    2       60    -1    -1     T
       31  0.2310000E+00  0.95000E-02    2       62    -1    -1     T
       32  0.2405000E+00  0.95000E-02    2       64    -1    -1     T
       33  0.2500000E+00  0.95000E-02    2       66    -1    -1     T
       34  0.2600000E+00  0.10000E-01    2       68    -1    -1     T
       35  0.2700000E+00  0.10000E-01    2       70    -1    -1     T
       36  0.2800000E+00  0.10000E-01    2       72    -1    -1     T
       37  0.2895000E+00  0.95000E-02    2       74    -1    -1     T
       38  0.2990000E+00  0.95000E-02    2       76    -1    -1     T
       39  0.3085000E+00  0.95000E-02    2       78    -1    -1     T
       40  0.3180000E+00  0.95000E-02    2       80    -1    -1     T
       41  0.3275000E+00  0.95000E-02    2       82    -1    -1     T
       42  0.3370000E+00  0.95000E-02    2       84    -1    -1     T
       43  0.3465000E+00  0.95000E-02    2       86    -1    -1     T
       44  0.3560000E+00  0.95000E-02    2       88    -1    -1     T
       45  0.3655000E+00  0.95000E-02    2       90    -1    -1     T
       46  0.3750000E+00  0.95000E-02    2       92    -1    -1     T
       47  0.3850000E+00  0.10000E-01    2       94    -1    -1     T
       48  0.3950000E+00  0.10000E-01    2       96    -1    -1     T
       49  0.4050000E+00  0.10000E-01    2       98    -1    -1     T
       50  0.4145000E+00  0.95000E-02    2      100    -1    -1     T
       51  0.4240000E+00  0.95000E-02    2      102    -1    -1     T
       52  0.4335000E+00  0.95000E-02    2      104    -1    -1     T
       53  0.4430000E+00  0.95000E-02    2      106    -1    -1     T
       54  0.4525000E+00  0.95000E-02    2      108    -1    -1     T
       55  0.4620000E+00  0.95000E-02    2      110    -1    -1     T
       56  0.4715000E+00  0.95000E-02    2      112    -1    -1     T
       57  0.4810000E+00  0.95000E-02    2      114    -1    -1     T
       58  0.4905000E+00  0.95000E-02    2      116    -1    -1     T
       59  0.5000000E+00  0.95000E-02    2      118    -1    -1     T
       60  0.5100000E+00  0.10000E-01    2      120    -1    -1     T
       61  0.5200000E+00  0.10000E-01    2      122    -1    -1     T
       62  0.5300000E+00  0.10000E-01    2      124    -1    -1     T
       63  0.5395000E+00  0.95000E-02    2      126    -1    -1     T
       64  0.5490000E+00  0.95000E-02    2      128    -1    -1     T
       65  0.5585000E+00  0.95000E-02    2      130    -1    -1     T
       66  0.5680000E+00  0.95000E-02    2      132    -1    -1     T
       67  0.5775000E+00  0.95000E-02    2      134    -1    -1     T
       68  0.5870000E+00  0.95000E-02    2      136    -1    -1     T
       69  0.5965000E+00  0.95000E-02    2      138    -1    -1     T
       70  0.6060000E+00  0.95000E-02    2      140    -1    -1     T
       71  0.6155000E+00  0.95000E-02    2      142    -1    -1     T
       72  0.6250000E+00  0.95000E-02    2      144    -1    -1     T
       73  0.6350000E+00  0.10000E-01    2      146    -1    -1     T
       74  0.6450000E+00  0.10000E-01    2      148    -1    -1     T
       75  0.6550000E+00  0.10000E-01    2      150    -1    -1     T
       76  0.6645000E+00  0.95000E-02    2      152    -1    -1     T
       77  0.6740000E+00  0.95000E-02    2      154    -1    -1     T
       78  0.6835000E+00  0.95000E-02    2      156    -1    -1     T
       79  0.6930000E+00  0.95000E-02    2      158    -1    -1     T
       80  0.7025000E+00  0.95000E-02    2      160    -1    -1     T
       81  0.7120000E+00  0.95000E-02    2      162    -1    -1     T
       82  0.7215000E+00  0.95000E-02    2      164    -1    -1     T
       83  0.7310000E+00  0.95000E-02    2      166    -1    -1     T
       84  0.7405000E+00  0.95000E-02    2      168    -1    -1     T
       85  0.7500000E+00  0.95000E-02    2      170    -1    -1     T
       86  0.7600000E+00  0.10000E-01    2      172    -1    -1     T
       87  0.7700000E+00  0.10000E-01    2      174    -1    -1     T
       88  0.7800000E+00  0.10000E-01    2      176    -1    -1     T
       89  0.7895000E+00  0.95000E-02    2      178    -1    -1     T
       90  0.7990000E+00  0.95000E-02    2      180    -1    -1     T
       91  0.8085000E+00  0.95000E-02    2      182    -1    -1     T
       92  0.8180000E+00  0.95000E-02    2      184    -1    -1     T
       93  0.8275000E+00  0.95000E-02    2      186    -1    -1     T
       94  0.8370000E+00  0.95000E-02    2      188    -1    -1     T
       95  0.8465000E+00  0.95000E-02    2      190    -1    -1     T
       96  0.8560000E+00  0.95000E-02    2      192    -1    -1     T
       97  0.8655000E+00  0.95000E-02    2      194    -1    -1     T
       98  0.8750000E+00  0.95000E-02    2      196    -1    -1     T
       99  0.8850000E+00  0.10000E-01    2      198    -1    -1     T
      100  0.8950000E+00  0.10000E-01    2      200    -1    -1     T
      101  0.9050000E+00  0.10000E-01    2      202    -1    -1     T
      102  0.9145000E+00  0.95000E-02    2      204    -1    -1     T
      103  0.9240000E+00  0.95000E-02    2      206    -1    -1     T
      104  0.9335000E+00  0.95000E-02    2      208    -1    -1     T
      105  0.9430000E+00  0.95000E-02    2      210    -1    -1     T
      106  0.9525000E+00  0.95000E-02    2      212    -1    -1     T
      107  0.9620000E+00  0.95000E-02    2      214    -1    -1     T
      108  0.9715000E+00  0.95000E-02    2      216    -1    -1     T
      109  0.9810000E+00  0.95000E-02    2      218    -1    -1     T
      110  0.9905000E+00  0.95000E-02    2      220    -1    -1     T
      111  0.1000000E+01  0.95000E-02    2      222    -1    -1     T
      112  0.1010000E+01  0.10000E-01    2      224    -1    -1     T
      113  0.1020000E+01  0.10000E-01    2      226    -1    -1     T
      114  0.1030000E+01  0.10000E-01    2      228    -1    -1     T
      115  0.1039500E+01  0.95000E-02    2      230    -1    -1     T
      116  0.1049000E+01  0.95000E-02    2      232    -1    -1     T
      117  0.1058500E+01  0.95000E-02    2      234    -1    -1     T
      118  0.1068000E+01  0.95000E-02    2      236    -1    -1     T
      119  0.1077500E+01  0.95000E-02    2      238    -1    -1     T
      120  0.1087000E+01  0.95000E-02    2      240    -1    -1     T
      121  0.1096500E+01  0.95000E-02    2      242    -1    -1     T
      122  0.1106000E+01  0.95000E-02    2      244    -1    -1     T
      123  0.1115500E+01  0.95000E-02    2      246    -1    -1     T
      124  0.1125000E+01  0.95000E-02    2      248    -1    -1     T
      125  0.1135000E+01  0.10000E-01    2      250    -1    -1     T
      126  0.1145000E+01  0.10000E-01    2      252    -1    -1     T
      127  0.1155000E+01  0.10000E-01    2      254    -1    -1     T
      128  0.1164500E+01  0.95000E-02    2      256    -1    -1     T
      129  0.1174000E+01  0.95000E-02    2      258    -1    -1     T
      130  0.1183500E+01  0.95000E-02    2      260    -1    -1     T
      131  0.1193000E+01  0.95000E-02    2      262    -1    -1     T
      132  0.1202500E+01  0.95000E-02    2      264    -1    -1     T
      133  0.1212000E+01  0.95000E-02    2      266    -1    -1     T
      134  0.1221500E+01  0.95000E-02    2      268    -1    -1     T
      135  0.1231000E+01  0.95000E-02    2      270    -1    -1     T
      136  0.1240500E+01  0.95000E-02    2      272    -1    -1     T
      137  0.1250000E+01  0.95000E-02    2      274    -1    -1     T
      138  0.1260000E+01  0.10000E-01    2      276    -1    -1     T
      139  0.1270000E+01  0.10000E-01    2      278    -1    -1     T
      140  0.1280000E+01  0.10000E-01    2      280    -1    -1     T
      141  0.1289500E+01  0.95000E-02    2      282    -1    -1     T
      142  0.1299000E+01  0.95000E-02    2      284    -1    -1     T
      143  0.1308500E+01  0.95000E-02    2      286    -1    -1     T
      144  0.1318000E+01  0.95000E-02    2      288    -1    -1     T
      145  0.1327500E+01  0.95000E-02    2      290    -1    -1     T
      146  0.1337000E+01  0.95000E-02    2      292    -1    -1     T
      147  0.1346500E+01  0.95000E-02    2      294    -1    -1     T
      148  0.1356000E+01  0.95000E-02    2      296    -1    -1     T
      149  0.1365500E+01  0.95000E-02    2      298    -1    -1     T
      150  0.1375000E+01  0.95000E-02    2      300    -1    -1     T
      151  0.1385000E+01  0.10000E-01    2      302    -1    -1     T
      152  0.1395000E+01  0.10000E-01    2      304    -1    -1     T
      153  0.1405000E+01  0.10000E-01    2      306    -1    -1     T
      154  0.1414500E+01  0.95000E-02    2      308    -1    -1     T
      155  0.1424000E+01  0.95000E-02    2      310    -1    -1     T
      156  0.1433500E+01  0.95000E-02    2      312    -1    -1     T
      157  0.1443000E+01  0.95000E-02    2      314    -1    -1     T
      158  0.1452500E+01  0.95000E-02    2      316    -1    -1     T
      159  0.1462000E+01  0.95000E-02    2      318    -1    -1     T
      160  0.1471500E+01  0.95000E-02    2      320    -1    -1     T
      161  0.1481000E+01  0.95000E-02    2      322    -1    -1     T
      162  0.1490500E+01  0.95000E-02    2      324    -1    -1     T
      163  0.1500000E+01  0.95000E-02    2      326    -1    -1     T
      164  0.1510000E+01  0.10000E-01    2      328    -1    -1     T
      165  0.1520000E+01  0.10000E-01    2      330    -1    -1     T
      166  0.1530000E+01  0.10000E-01    2      332    -1    -1     T
      167  0.1539500E+01  0.95000E-02    2      334    -1    -1     T
      168  0.1549000E+01  0.95000E-02    2      336    -1    -1     T
      169  0.1558500E+01  0.95000E-02    2      338    -1    -1     T
      170  0.1568000E+01  0.95000E-02    2      340    -1    -1     T
      171  0.1577500E+01  0.95000E-02    2      342    -1    -1     T
      172  0.1587000E+01  0.95000E-02    2      344    -1    -1     T
      173  0.1596500E+01  0.95000E-02    2      346    -1    -1     T
      174  0.1606000E+01  0.95000E-02    2      348    -1    -1     T
      175  0.1615500E+01  0.95000E-02    2      350    -1    -1     T
      176  0.1625000E+01  0.95000E-02    2      352    -1    -1     T
      177  0.1635000E+01  0.10000E-01    2      354    -1    -1     T
      178  0.1645000E+01  0.10000E-01    2      356    -1    -1     T
      179  0.1655000E+01  0.10000E-01    2      358    -1    -1     T
      180  0.1664500E+01  0.95000E-02    2      360    -1    -1     T
      181  0.1674000E+01  0.95000E-02    2      362    -1    -1     T
      182  0.1683500E+01  0.95000E-02    2      364    -1    -1     T
      183  0.1693000E+01  0.95000E-02    2      366    -1    -1     T
      184  0.1702500E+01  0.95000E-02    2      368    -1    -1     T
      185  0.1712000E+01  0.95000E-02    2      370    -1    -1     T
      186  0.1721500E+01  0.95000E-02    2      372    -1    -1     T
      187  0.1731000E+01  0.95000E-02    2      374    -1    -1     T
      188  0.1740500E+01  0.95000E-02    2      376    -1    -1     T
      189  0.1750000E+01  0.95000E-02    2      378    -1    -1     T
      190  0.1760000E+01  0.10000E-01    2      380    -1    -1     T
      191  0.1770000E+01  0.10000E-01    2      382    -1    -1     T
      192  0.1780000E+01  0.10000E-01    2      384    -1    -1     T
      193  0.1789500E+01  0.95000E-02    2      386    -1    -1     T
      194  0.1799000E+01  0.95000E-02    2      388    -1    -1     T
      195  0.1808500E+01  0.95000E-02    2      390    -1    -1     T
      196  0.1818000E+01  0.95000E-02    2      392    -1    -1     T
      197  0.1827500E+01  0.95000E-02    2      394    -1    -1     T
      198  0.1837000E+01  0.95000E-02    2      396    -1    -1     T
      199  0.1846500E+01  0.95000E-02    2      398    -1    -1     T
      200  0.1856000E+01  0.95000E-02    2      400    -1    -1     T
      201  0.1865500E+01  0.95000E-02    2      402    -1    -1     T
      202  0.1875000E+01  0.95000E-02    2      404    -1    -1     T
      203  0.1885000E+01  0.10000E-01    2      406    -1    -1     T
      204  0.1895000E+01  0.10000E-01    2      408    -1    -1     T
      205  0.1905000E+01  0.10000E-01    2      410    -1    -1     T
      206  0.1914500E+01  0.95000E-02    2      412    -1    -1     T
      207  0.1924000E+01  0.95000E-02    2      414    -1    -1     T
      208  0.1933500E+01  0.95000E-02    2      416    -1    -1     T
      209  0.1943000E+01  0.95000E-02    2      418    -1    -1     T
      210  0.1952500E+01  0.95000E-02    2      420    -1    -1     T
      211  0.1962000E+01  0.95000E-02    2      422    -1    -1     T
      212  0.1971500E+01  0.95000E-02    2      424    -1    -1     T
      213  0.1981000E+01  0.95000E-02    2      426    -1    -1     T
      214  0.1990500E+01  0.95000E-02    2      428    -1    -1     T
      215  0.2000000E+01  0.95000E-02    2      430    -1    -1     T
      216  0.2010000E+01  0.10000E-01    2      432    -1    -1     T
      217  0.2020000E+01  0.10000E-01    2      434    -1    -1     T
      218  0.2030000E+01  0.10000E-01    2      436    -1    -1     T
      219  0.2039500E+01  0.95000E-02    2      438    -1    -1     T
      220  0.2049000E+01  0.95000E-02    2      440    -1    -1     T
      221  0.2058500E+01  0.95000E-02    2      442    -1    -1     T
      222  0.2068000E+01  0.95000E-02    2      444    -1    -1     T
      223  0.2077500E+01  0.95000E-02    2      446    -1    -1     T
      224  0.2087000E+01  0.95000E-02    2      448    -1    -1     T
      225  0.2096500E+01  0.95000E-02    2      450    -1    -1     T
      226  0.2106000E+01  0.95000E-02    2      452    -1    -1     T
      227  0.2115500E+01  0.95000E-02    2      454    -1    -1     T
      228  0.2125000E+01  0.95000E-02    2      456    -1    -1     T
      229  0.2135000E+01  0.10000E-01    2      458    -1    -1     T
      230  0.2145000E+01  0.10000E-01    2      460    -1    -1     T
      231  0.2155000E+01  0.10000E-01    2      462    -1    -1     T
      232  0.2164500E+01  0.95000E-02    2      464    -1    -1     T
      233  0.2174000E+01  0.95000E-02    2      466    -1    -1     T
      234  0.2183500E+01  0.95000E-02    2      468    -1    -1     T
      235  0.2193000E+01  0.95000E-02    2      470    -1    -1     T
      236  0.2202500E+01  0.95000E-02    2      472    -1    -1     T
      237  0.2212000E+01  0.95000E-02    2      474    -1    -1     T
      238  0.2221500E+01  0.95000E-02    2      476    -1    -1     T
      239  0.2231000E+01  0.95000E-02    2      478    -1    -1     T
      240  0.2240500E+01  0.95000E-02    2      480    -1    -1     T
      241  0.2250000E+01  0.95000E-02    2      482    -1    -1     T
      242  0.2260000E+01  0.10000E-01    2      484    -1    -1     T
      243  0.2270000E+01  0.10000E-01    2      486    -1    -1     T
      244  0.2280000E+01  0.10000E-01    2      488    -1    -1     T
      245  0.2289500E+01  0.95000E-02    2      490    -1    -1     T
      246  0.2299000E+01  0.95000E-02    2      492    -1    -1     T
      247  0.2308500E+01  0.95000E-02    2      494    -1    -1     T
      248  0.2318000E+01  0.95000E-02    2      496    -1    -1     T
      249  0.2327500E+01  0.95000E-02    2      498    -1    -1     T
      250  0.2337000E+01  0.95000E-02    2      500    -1    -1     T
      251  0.2346500E+01  0.95000E-02    2      502    -1    -1     T
      252  0.2356000E+01  0.95000E-02    2      504    -1    -1     T
      253  0.2365500E+01  0.95000E-02    2      506    -1    -1     T
      254  0.2375000E+01  0.95000E-02    2      508    -1    -1     T
      255  0.2385000E+01  0.10000E-01    2      510    -1    -1     T
      256  0.2395000E+01  0.10000E-01    2      512    -1    -1     T
      257  0.2405000E+01  0.10000E-01    2      514    -1    -1     T
      258  0.2414500E+01  0.95000E-02    2      516    -1    -1     T
      259  0.2424000E+01  0.95000E-02    2      518    -1    -1     T
      260  0.2433500E+01  0.95000E-02    2      520    -1    -1     T
      261  0.2443000E+01  0.95000E-02    2      522    -1    -1     T
      262  0.2452500E+01  0.95000E-02    2      524    -1    -1     T
      263  0.2462000E+01  0.95000E-02    2      526    -1    -1     T
      264  0.2471500E+01  0.95000E-02    2      528    -1    -1     T
      265  0.2481000E+01  0.95000E-02    2      530    -1    -1     T
      266  0.2490500E+01  0.95000E-02    2      532    -1    -1     T
      267  0.2500000E+01  0.95000E-02    2      534    -1    -1     T
      268  0.2510000E+01  0.10000E-01    2      536    -1    -1     T
      269  0.2520000E+01  0.10000E-01    2      538    -1    -1     T
      270  0.2530000E+01  0.10000E-01    2      540    -1    -1     T
      271  0.2539500E+01  0.95000E-02    2      542    -1    -1     T
      272  0.2549000E+01  0.95000E-02    2      544    -1    -1     T
      273  0.2558500E+01  0.95000E-02    2      546    -1    -1     T
      274  0.2568000E+01  0.95000E-02    2      548    -1    -1     T
      275  0.2577500E+01  0.95000E-02    2      550    -1    -1     T
      276  0.2587000E+01  0.95000E-02    2      552    -1    -1     T
      277  0.2596500E+01  0.95000E-02    2      554    -1    -1     T
      278  0.2606000E+01  0.95000E-02    2      556    -1    -1     T
      279  0.2615500E+01  0.95000E-02    2      558    -1    -1     T
      280  0.2625000E+01  0.95000E-02    2      560    -1    -1     T
      281  0.2635000E+01  0.10000E-01    2      562    -1    -1     T
      282  0.2645000E+01  0.10000E-01    2      564    -1    -1     T
      283  0.2655000E+01  0.10000E-01    2      566    -1    -1     T
      284  0.2664500E+01  0.95000E-02    2      568    -1    -1     T
      285  0.2674000E+01  0.95000E-02    2      570    -1    -1     T
      286  0.2683500E+01  0.95000E-02    2      572    -1    -1     T
      287  0.2693000E+01  0.95000E-02    2      574    -1    -1     T
      288  0.2702500E+01  0.95000E-02    2      576    -1    -1     T
      289  0.2712000E+01  0.95000E-02    2      578    -1    -1     T
      290  0.2721500E+01  0.95000E-02    2      580    -1    -1     T
      291  0.2731000E+01  0.95000E-02    2      582    -1    -1     T
      292  0.2740500E+01  0.95000E-02    2      584    -1    -1     T
      293  0.2750000E+01  0.95000E-02    2      586    -1    -1     T
      294  0.2760000E+01  0.10000E-01    2      588    -1    -1     T
      295  0.2770000E+01  0.10000E-01    2      590    -1    -1     T
      296  0.2780000E+01  0.10000E-01    2      592    -1    -1     T
      297  0.2789500E+01  0.95000E-02    2      594    -1    -1     T
      298  0.2799000E+01  0.95000E-02    2      596    -1    -1     T
      299  0.2808500E+01  0.95000E-02    2      598    -1    -1     T
      300  0.2818000E+01  0.95000E-02    2      600    -1    -1     T
      301  0.2827500E+01  0.95000E-02    2      602    -1    -1     T
      302  0.2837000E+01  0.95000E-02    2      604    -1    -1     T
      303  0.2846500E+01  0.95000E-02    2      606    -1    -1     T
      304  0.2856000E+01  0.95000E-02    2      608    -1    -1     T
      305  0.2865500E+01  0.95000E-02    2      610    -1    -1     T
      306  0.2875000E+01  0.95000E-02    2      612    -1    -1     T
      307  0.2885000E+01  0.10000E-01    2      614    -1    -1     T
      308  0.2895000E+01  0.10000E-01    2      616    -1    -1     T
      309  0.2905000E+01  0.10000E-01    2      618    -1    -1     T
      310  0.2914500E+01  0.95000E-02    2      620    -1    -1     T
      311  0.2924000E+01  0.95000E-02    2      622    -1    -1     T
      312  0.2933500E+01  0.95000E-02    2      624    -1    -1     T
      313  0.2943000E+01  0.95000E-02    2      626    -1    -1     T
      314  0.2952500E+01  0.95000E-02    2      628    -1    -1     T
      315  0.2962000E+01  0.95000E-02    2      630    -1    -1     T
      316  0.2971500E+01  0.95000E-02    2      632    -1    -1     T
      317  0.2981000E+01  0.95000E-02    2      634    -1    -1     T
      318  0.2990500E+01  0.95000E-02    2      636    -1    -1     T
      319  0.3000000E+01  0.95000E-02    2      638    -1    -1     T
      320  0.3010000E+01  0.10000E-01    2      640    -1    -1     T
      321  0.3020000E+01  0.10000E-01    2      642    -1    -1     T
      322  0.3030000E+01  0.10000E-01    2      644    -1    -1     T
      323  0.3039500E+01  0.95000E-02    2      646    -1    -1     T
      324  0.3049000E+01  0.95000E-02    2      648    -1    -1     T
      325  0.3058500E+01  0.95000E-02    2      650    -1    -1     T
      326  0.3068000E+01  0.95000E-02    2      652    -1    -1     T
      327  0.3077500E+01  0.95000E-02    2      654    -1    -1     T
      328  0.3087000E+01  0.95000E-02    2      656    -1    -1     T
      329  0.3096500E+01  0.95000E-02    2      658    -1    -1     T
      330  0.3106000E+01  0.95000E-02    2      660    -1    -1     T
      331  0.3115500E+01  0.95000E-02    2      662    -1    -1     T
      332  0.3125000E+01  0.95000E-02    2      664    -1    -1     T
      333  0.3135000E+01  0.10000E-01    2      666    -1    -1     T
      334  0.3145000E+01  0.10000E-01    2      668    -1    -1     T
      335  0.3155000E+01  0.10000E-01    2      670    -1    -1     T
      336  0.3164500E+01  0.95000E-02    2      672    -1    -1     T
      337  0.3174000E+01  0.95000E-02    2      674    -1    -1     T
      338  0.3183500E+01  0.95000E-02    2      676    -1    -1     T
      339  0.3193000E+01  0.95000E-02    2      678    -1    -1     T
      340  0.3202500E+01  0.95000E-02    2      680    -1    -1     T
      341  0.3212000E+01  0.95000E-02    2      682    -1    -1     T
      342  0.3221500E+01  0.95000E-02    2      684    -1    -1     T
      343  0.3231000E+01  0.95000E-02    2      686    -1    -1     T
      344  0.3240500E+01  0.95000E-02    2      688    -1    -1     T
      345  0.3250000E+01  0.95000E-02    2      690    -1    -1     T
      346  0.3260000E+01  0.10000E-01    2      692    -1    -1     T
      347  0.3270000E+01  0.10000E-01    2      694    -1    -1     T
      348  0.3280000E+01  0.10000E-01    2      696    -1    -1     T
      349  0.3289500E+01  0.95000E-02    2      698    -1    -1     T
      350  0.3299000E+01  0.95000E-02    2      700    -1    -1     T
      351  0.3308500E+01  0.95000E-02    2      702    -1    -1     T
      352  0.3318000E+01  0.95000E-02    2      704    -1    -1     T
      353  0.3327500E+01  0.95000E-02    2      706    -1    -1     T
      354  0.3337000E+01  0.95000E-02    2      708    -1    -1     T
      355  0.3346500E+01  0.95000E-02    2      710    -1    -1     T
      356  0.3356000E+01  0.95000E-02    2      712    -1    -1     T
      357  0.3365500E+01  0.95000E-02    2      714    -1    -1     T
      358  0.3375000E+01  0.95000E-02    2      716    -1    -1     T
      359  0.3385000E+01  0.10000E-01    2      718    -1    -1     T
      360  0.3395000E+01  0.10000E-01    2      720    -1    -1     T
      361  0.3405000E+01  0.10000E-01    2      722    -1    -1     T
      362  0.3414500E+01  0.95000E-02    2      724    -1    -1     T
      363  0.3424000E+01  0.95000E-02    2      726    -1    -1     T
      364  0.3433500E+01  0.95000E-02    2      728    -1    -1     T
      365  0.3443000E+01  0.95000E-02    2      730    -1    -1     T
      366  0.3452500E+01  0.95000E-02    2      732    -1    -1     T
      367  0.3462000E+01  0.95000E-02    2      734    -1    -1     T
      368  0.3471500E+01  0.95000E-02    2      736    -1    -1     T
      369  0.3481000E+01  0.95000E-02    2      738    -1    -1     T
      370  0.3490500E+01  0.95000E-02    2      740    -1    -1     T
      371  0.3500000E+01  0.95000E-02    2      742    -1    -1     T
      372  0.3510000E+01  0.10000E-01    2      744    -1    -1     T
      373  0.3520000E+01  0.10000E-01    2      746    -1    -1     T
      374  0.3530000E+01  0.10000E-01    2      748    -1    -1     T
      375  0.3539500E+01  0.95000E-02    2      750    -1    -1     T
      376  0.3549000E+01  0.95000E-02    2      752    -1    -1     T
      377  0.3558500E+01  0.95000E-02    2      754    -1    -1     T
      378  0.3568000E+01  0.95000E-02    2      756    -1    -1     T
      379  0.3577500E+01  0.95000E-02    2      758    -1    -1     T
      380  0.3587000E+01  0.95000E-02    2      760    -1    -1     T
      381  0.3596500E+01  0.95000E-02    2      762    -1    -1     T
      382  0.3606000E+01  0.95000E-02    2      764    -1    -1     T
      383  0.3615500E+01  0.95000E-02    2      766    -1    -1     T
      384  0.3625000E+01  0.95000E-02    2      768    -1    -1     T
      385  0.3635000E+01  0.10000E-01    2      770    -1    -1     T
      386  0.3645000E+01  0.10000E-01    2      772    -1    -1     T
      387  0.3655000E+01  0.10000E-01    2      774    -1    -1     T
      388  0.3664500E+01  0.95000E-02    2      776    -1    -1     T
      389  0.3674000E+01  0.95000E-02    2      778    -1    -1     T
      390  0.3683500E+01  0.95000E-02    2      780    -1    -1     T
      391  0.3693000E+01  0.95000E-02    2      782    -1    -1     T
      392  0.3702500E+01  0.95000E-02    2      784    -1    -1     T
      393  0.3712000E+01  0.95000E-02    2      786    -1    -1     T
      394  0.3721500E+01  0.95000E-02    2      788    -1    -1     T
      395  0.3731000E+01  0.95000E-02    2      790    -1    -1     T
      396  0.3740500E+01  0.95000E-02    2      792    -1    -1     T
      397  0.3750000E+01  0.95000E-02    2      794    -1    -1     T
      398  0.3760000E+01  0.10000E-01    2      796    -1    -1     T
      399  0.3770000E+01  0.10000E-01    2      798    -1    -1     T
      400  0.3780000E+01  0.10000E-01    2      800    -1    -1     T
      401  0.3789500E+01  0.95000E-02    2      802    -1    -1     T
      402  0.3799000E+01  0.95000E-02    2      804    -1    -1     T
      403  0.3808500E+01  0.95000E-02    2      806    -1    -1     T
      404  0.3818000E+01  0.95000E-02    2      808    -1    -1     T
      405  0.3827500E+01  0.95000E-02    2      810    -1    -1     T
      406  0.3837000E+01  0.95000E-02    2      812    -1    -1     T
      407  0.3846500E+01  0.95000E-02    2      814    -1    -1     T
      408  0.3856000E+01  0.95000E-02    2      816    -1    -1     T
      409  0.3865500E+01  0.95000E-02    2      818    -1    -1     T
      410  0.3875000E+01  0.95000E-02    2      820    -1    -1     T
      411  0.3885000E+01  0.10000E-01    2      822    -1    -1     T
      412  0.3895000E+01  0.10000E-01    2      824    -1    -1     T
      413  0.3905000E+01  0.10000E-01    2      826    -1    -1     T
      414  0.3914500E+01  0.95000E-02    2      828    -1    -1     T
      415  0.3924000E+01  0.95000E-02    2      830    -1    -1     T
      416  0.3933500E+01  0.95000E-02    2      832    -1    -1     T
      417  0.3943000E+01  0.95000E-02    2      834    -1    -1     T
      418  0.3952500E+01  0.95000E-02    2      836    -1    -1     T
      419  0.3962000E+01  0.95000E-02    2      838    -1    -1     T
      420  0.3971500E+01  0.95000E-02    2      840    -1    -1     T
      421  0.3981000E+01  0.95000E-02    2      842    -1    -1     T
      422  0.3990500E+01  0.95000E-02    2      844    -1    -1     T
      423  0.4000000E+01  0.95000E-02    2      846    -1    -1     T
      424  0.4010000E+01  0.10000E-01    2      848    -1    -1     T
      425  0.4020000E+01  0.10000E-01    2      850    -1    -1     T
      426  0.4030000E+01  0.10000E-01    2      852    -1    -1     T
      427  0.4039500E+01  0.95000E-02    2      854    -1    -1     T
      428  0.4049000E+01  0.95000E-02    2      856    -1    -1     T
      429  0.4058500E+01  0.95000E-02    2      858    -1    -1     T
      430  0.4068000E+01  0.95000E-02    2      860    -1    -1     T
      431  0.4077500E+01  0.95000E-02    2      862    -1    -1     T
      432  0.4087000E+01  0.95000E-02    2      864    -1    -1     T
      433  0.4096500E+01  0.95000E-02    2      866    -1    -1     T
      434  0.4106000E+01  0.95000E-02    2      868    -1    -1     T
      435  0.4115500E+01  0.95000E-02    2      870    -1    -1     T
      436  0.4125000E+01  0.95000E-02    2      872    -1    -1     T
      437  0.4135000E+01  0.10000E-01    2      874    -1    -1     T
      438  0.4145000E+01  0.10000E-01    2      876    -1    -1     T
      439  0.4155000E+01  0.10000E-01    2      878    -1    -1     T
      440  0.4164500E+01  0.95000E-02    2      880    -1    -1     T
      441  0.4174000E+01  0.95000E-02    2      882    -1    -1     T
      442  0.4183500E+01  0.95000E-02    2      884    -1    -1     T
      443  0.4193000E+01  0.95000E-02    2      886    -1    -1     T
      444  0.4202500E+01  0.95000E-02    2      888    -1    -1     T
      445  0.4212000E+01  0.95000E-02    2      890    -1    -1     T
      446  0.4221500E+01  0.95000E-02    2      892    -1    -1     T
      447  0.4231000E+01  0.95000E-02    2      894    -1    -1     T
      448  0.4240500E+01  0.95000E-02    2      896    -1    -1     T
      449  0.4250000E+01  0.95000E-02    2      898    -1    -1     T
      450  0.4260000E+01  0.10000E-01    2      900    -1    -1     T
      451  0.4270000E+01  0.10000E-01    2      902    -1    -1     T
      452  0.4280000E+01  0.10000E-01    2      904    -1    -1     T
      453  0.4289500E+01  0.95000E-02    2      906    -1    -1     T
      454  0.4299000E+01  0.95000E-02    2      908    -1    -1     T
      455  0.4308500E+01  0.95000E-02    2      910    -1    -1     T
      456  0.4318000E+01  0.95000E-02    2      912    -1    -1     T
      457  0.4327500E+01  0.95000E-02    2      914    -1    -1     T
      458  0.4337000E+01  0.95000E-02    2      916    -1    -1     T
      459  0.4346500E+01  0.95000E-02    2      918    -1    -1     T
      460  0.4356000E+01  0.95000E-02    2      920    -1    -1     T
      461  0.4365500E+01  0.95000E-02    2      922    -1    -1     T
      462  0.4375000E+01  0.95000E-02    2      924    -1    -1     T
      463  0.4385000E+01  0.10000E-01    2      926    -1    -1     T
      464  0.4395000E+01  0.10000E-01    2      928    -1    -1     T
      465  0.4405000E+01  0.10000E-01    2      930    -1    -1     T
      466  0.4414500E+01  0.95000E-02    2      932    -1    -1     T
      467  0.4424000E+01  0.95000E-02    2      934    -1    -1     T
      468  0.4433500E+01  0.95000E-02    2      936    -1    -1     T
      469  0.4443000E+01  0.95000E-02    2      938    -1    -1     T
      470  0.4452500E+01  0.95000E-02    2      940    -1    -1     T
      471  0.4462000E+01  0.95000E-02    2      942    -1    -1     T
      472  0.4471500E+01  0.95000E-02    2      944    -1    -1     T
      473  0.4481000E+01  0.95000E-02    2      946    -1    -1     T
      474  0.4490500E+01  0.95000E-02    2      948    -1    -1     T
      475  0.4500000E+01  0.95000E-02    2      950    -1    -1     T
      476  0.4510000E+01  0.10000E-01    2      952    -1    -1     T
      477  0.4520000E+01  0.10000E-01    2      954    -1    -1     T
      478  0.4530000E+01  0.10000E-01    2      956    -1    -1     T
      479  0.4539500E+01  0.95000E-02    2      958    -1    -1     T
      480  0.4549000E+01  0.95000E-02    2      960    -1    -1     T
      481  0.4558500E+01  0.95000E-02    2      962    -1    -1     T
      482  0.4568000E+01  0.95000E-02    2      964    -1    -1     T
      483  0.4577500E+01  0.95000E-02    2      966    -1    -1     T
      484  0.4587000E+01  0.95000E-02    2      968    -1    -1     T
      485  0.4596500E+01  0.95000E-02    2      970    -1    -1     T
      486  0.4606000E+01  0.95000E-02    2      972    -1    -1     T
      487  0.4615500E+01  0.95000E-02    2      974    -1    -1     T
      488  0.4625000E+01  0.95000E-02    2      976    -1    -1     T
      489  0.4635000E+01  0.10000E-01    2      978    -1    -1     T
      490  0.4645000E+01  0.10000E-01    2      980    -1    -1     T
      491  0.4655000E+01  0.10000E-01    2      982    -1    -1     T
      492  0.4664500E+01  0.95000E-02    2      984    -1    -1     T
      493  0.4674000E+01  0.95000E-02    2      986    -1    -1     T
      494  0.4683500E+01  0.95000E-02    2      988    -1    -1     T
      495  0.4693000E+01  0.95000E-02    2      990    -1    -1     T
      496  0.4702500E+01  0.95000E-02    2      992    -1    -1     T
      497  0.4712000E+01  0.95000E-02    2      994    -1    -1     T
      498  0.4721500E+01  0.95000E-02    2      996    -1    -1     T
      499  0.4731000E+01  0.95000E-02    2      998    -1    -1     T
      500  0.4740500E+01  0.95000E-02    2     1000    -1    -1     T
      501  0.4750000E+01  0.95000E-02    2     1002    -1    -1     T
      502  0.4760000E+01  0.10000E-01    2     1004    -1    -1     T
      503  0.4770000E+01  0.10000E-01    2     1006    -1    -1     T
      504  0.4780000E+01  0.10000E-01    2     1008    -1    -1     T
      505  0.4789500E+01  0.95000E-02    2     1010    -1    -1     T
      506  0.4799000E+01  0.95000E-02    2     1012    -1    -1     T
      507  0.4808500E+01  0.95000E-02    2     1014    -1    -1     T
      508  0.4818000E+01  0.95000E-02    2     1016    -1    -1     T
      509  0.4827500E+01  0.95000E-02    2     1018    -1    -1     T
      510  0.4837000E+01  0.95000E-02    2     1020    -1    -1     T
      511  0.4846500E+01  0.95000E-02    2     1022    -1    -1     T
      512  0.4856000E+01  0.95000E-02    2     1024    -1    -1     T
      513  0.4865500E+01  0.95000E-02    2     1026    -1    -1     T
      514  0.4875000E+01  0.95000E-02    2     1028    -1    -1     T
      515  0.4885000E+01  0.10000E-01    2     1030    -1    -1     T
      516  0.4895000E+01  0.10000E-01    2     1032    -1    -1     T
      517  0.4905000E+01  0.10000E-01    2     1034    -1    -1     T
      518  0.4914500E+01  0.95000E-02    2     1036    -1    -1     T
      519  0.4924000E+01  0.95000E-02    2     1038    -1    -1     T
      520  0.4933500E+01  0.95000E-02    2     1040    -1    -1     T
      521  0.4943000E+01  0.95000E-02    2     1042    -1    -1     T
      522  0.4952500E+01  0.95000E-02    2     1044    -1    -1     T
      523  0.4962000E+01  0.95000E-02    2     1046    -1    -1     T
      524  0.4971500E+01  0.95000E-02    2     1048    -1    -1     T
      525  0.4981000E+01  0.95000E-02    2     1050    -1    -1     T
      526  0.4990500E+01  0.95000E-02    2     1052    -1    -1     T
      527  0.5000000E+01  0.95000E-02    2     1054    -1    -1     T
end
