 ******* Program HYDRUS
 ******* Onde thermique journaliere avec infiltration permanente 5 cm/j (convecti
 Date:   0. 0.    Time: 512:**:**
 Units: L = cm   , T = days , M = g    

----------------------------------------------------------
 Time       [T]        0.0000
----------------------------------------------------------
 Sub-region num.                     1
----------------------------------------------------------
 Area     [L]        0.10000E+03  0.10000E+03
 W-volume [L]        0.40524E+02  0.40524E+02
 In-flow  [L/T]      0.00000E+00  0.00000E+00
 h Mean   [L]       -0.10674E+02 -0.10674E+02
 HeatVol  [M/T2]     0.61018E+22  0.61018E+22
 tMean    [K]             20.000       20.000
 Top Flux [L/T]     -0.50528E+01
 Bot Flux [L/T]     -0.50528E+01
----------------------------------------------------------

----------------------------------------------------------
 Time       [T]        0.1250
----------------------------------------------------------
 Sub-region num.                     1
----------------------------------------------------------
 Area     [L]        0.10000E+03  0.10000E+03
 W-volume [L]        0.40517E+02  0.40517E+02
 In-flow  [L/T]     -0.52816E-01 -0.52816E-01
 h Mean   [L]       -0.10695E+02 -0.10695E+02
 HeatVol  [M/T2]     0.60834E+22  0.60834E+22
 tMean    [K]             19.147       19.147
 Top Flux [L/T]     -0.50002E+01
 Bot Flux [L/T]     -0.50528E+01
 WatBalT  [L]       -0.39649E-04
 WatBalR  [%]              0.003
----------------------------------------------------------

----------------------------------------------------------
 Time       [T]        0.2500
----------------------------------------------------------
 Sub-region num.                     1
----------------------------------------------------------
 Area     [L]        0.10000E+03  0.10000E+03
 W-volume [L]        0.40511E+02  0.40511E+02
 In-flow  [L/T]     -0.50755E-01 -0.50755E-01
 h Mean   [L]       -0.10716E+02 -0.10716E+02
 HeatVol  [M/T2]     0.60832E+22  0.60832E+22
 tMean    [K]             19.166       19.166
 Top Flux [L/T]     -0.50001E+01
 Bot Flux [L/T]     -0.50506E+01
 WatBalT  [L]       -0.44845E-04
 WatBalR  [%]              0.002
----------------------------------------------------------

----------------------------------------------------------
 Time       [T]        0.3750
----------------------------------------------------------
 Sub-region num.                     1
----------------------------------------------------------
 Area     [L]        0.10000E+03  0.10000E+03
 W-volume [L]        0.40505E+02  0.40505E+02
 In-flow  [L/T]     -0.42210E-01 -0.42210E-01
 h Mean   [L]       -0.10734E+02 -0.10734E+02
 HeatVol  [M/T2]     0.60934E+22  0.60934E+22
 tMean    [K]             19.681       19.681
 Top Flux [L/T]     -0.50000E+01
 Bot Flux [L/T]     -0.50419E+01
 WatBalT  [L]       -0.55188E-04
 WatBalR  [%]              0.001
----------------------------------------------------------

----------------------------------------------------------
 Time       [T]        0.5000
----------------------------------------------------------
 Sub-region num.                     1
----------------------------------------------------------
 Area     [L]        0.10000E+03  0.10000E+03
 W-volume [L]        0.40500E+02  0.40500E+02
 In-flow  [L/T]     -0.29881E-01 -0.29881E-01
 h Mean   [L]       -0.10748E+02 -0.10748E+02
 HeatVol  [M/T2]     0.61072E+22  0.61072E+22
 tMean    [K]             20.364       20.364
 Top Flux [L/T]     -0.50000E+01
 Bot Flux [L/T]     -0.50295E+01
 WatBalT  [L]       -0.46691E-04
 WatBalR  [%]              0.001
----------------------------------------------------------

----------------------------------------------------------
 Time       [T]        0.6250
----------------------------------------------------------
 Sub-region num.                     1
----------------------------------------------------------
 Area     [L]        0.10000E+03  0.10000E+03
 W-volume [L]        0.40497E+02  0.40497E+02
 In-flow  [L/T]     -0.18725E-01 -0.18725E-01
 h Mean   [L]       -0.10758E+02 -0.10758E+02
 HeatVol  [M/T2]     0.61162E+22  0.61162E+22
 tMean    [K]             20.809       20.809
 Top Flux [L/T]     -0.50000E+01
 Bot Flux [L/T]     -0.50185E+01
 WatBalT  [L]       -0.61164E-04
 WatBalR  [%]              0.001
----------------------------------------------------------

----------------------------------------------------------
 Time       [T]        0.7500
----------------------------------------------------------
 Sub-region num.                     1
----------------------------------------------------------
 Area     [L]        0.10000E+03  0.10000E+03
 W-volume [L]        0.40496E+02  0.40496E+02
 In-flow  [L/T]     -0.10886E-01 -0.10886E-01
 h Mean   [L]       -0.10763E+02 -0.10763E+02
 HeatVol  [M/T2]     0.61148E+22  0.61148E+22
 tMean    [K]             20.750       20.750
 Top Flux [L/T]     -0.50000E+01
 Bot Flux [L/T]     -0.50108E+01
 WatBalT  [L]       -0.50819E-04
 WatBalR  [%]              0.001
----------------------------------------------------------

----------------------------------------------------------
 Time       [T]        0.8750
----------------------------------------------------------
 Sub-region num.                     1
----------------------------------------------------------
 Area     [L]        0.10000E+03  0.10000E+03
 W-volume [L]        0.40495E+02  0.40495E+02
 In-flow  [L/T]     -0.61707E-02 -0.61707E-02
 h Mean   [L]       -0.10767E+02 -0.10767E+02
 HeatVol  [M/T2]     0.61037E+22  0.61037E+22
 tMean    [K]             20.222       20.222
 Top Flux [L/T]     -0.50000E+01
 Bot Flux [L/T]     -0.50060E+01
 WatBalT  [L]       -0.61685E-04
 WatBalR  [%]              0.001
----------------------------------------------------------

----------------------------------------------------------
 Time       [T]        1.0000
----------------------------------------------------------
 Sub-region num.                     1
----------------------------------------------------------
 Area     [L]        0.10000E+03  0.10000E+03
 W-volume [L]        0.40494E+02  0.40494E+02
 In-flow  [L/T]     -0.33065E-02 -0.33065E-02
 h Mean   [L]       -0.10768E+02 -0.10768E+02
 HeatVol  [M/T2]     0.60894E+22  0.60894E+22
 tMean    [K]             19.534       19.534
 Top Flux [L/T]     -0.50000E+01
 Bot Flux [L/T]     -0.50032E+01
 WatBalT  [L]       -0.58828E-04
 WatBalR  [%]              0.001
----------------------------------------------------------

----------------------------------------------------------
 Time       [T]        1.1250
----------------------------------------------------------
 Sub-region num.                     1
----------------------------------------------------------
 Area     [L]        0.10000E+03  0.10000E+03
 W-volume [L]        0.40494E+02  0.40494E+02
 In-flow  [L/T]     -0.17034E-02 -0.17034E-02
 h Mean   [L]       -0.10769E+02 -0.10769E+02
 HeatVol  [M/T2]     0.60801E+22  0.60801E+22
 tMean    [K]             19.088       19.088
 Top Flux [L/T]     -0.50000E+01
 Bot Flux [L/T]     -0.50017E+01
 WatBalT  [L]       -0.58377E-04
 WatBalR  [%]              0.001
----------------------------------------------------------

----------------------------------------------------------
 Time       [T]        1.2500
----------------------------------------------------------
 Sub-region num.                     1
----------------------------------------------------------
 Area     [L]        0.10000E+03  0.10000E+03
 W-volume [L]        0.40494E+02  0.40494E+02
 In-flow  [L/T]     -0.89093E-03 -0.89093E-03
 h Mean   [L]       -0.10770E+02 -0.10770E+02
 HeatVol  [M/T2]     0.60813E+22  0.60813E+22
 tMean    [K]             19.147       19.147
 Top Flux [L/T]     -0.50000E+01
 Bot Flux [L/T]     -0.50009E+01
 WatBalT  [L]       -0.58647E-04
 WatBalR  [%]              0.000
----------------------------------------------------------

----------------------------------------------------------
 Time       [T]        1.3750
----------------------------------------------------------
 Sub-region num.                     1
----------------------------------------------------------
 Area     [L]        0.10000E+03  0.10000E+03
 W-volume [L]        0.40494E+02  0.40494E+02
 In-flow  [L/T]     -0.41723E-03 -0.41723E-03
 h Mean   [L]       -0.10770E+02 -0.10770E+02
 HeatVol  [M/T2]     0.60923E+22  0.60923E+22
 tMean    [K]             19.676       19.676
 Top Flux [L/T]     -0.50000E+01
 Bot Flux [L/T]     -0.50004E+01
 WatBalT  [L]       -0.57694E-04
 WatBalR  [%]              0.000
----------------------------------------------------------

----------------------------------------------------------
 Time       [T]        1.5000
----------------------------------------------------------
 Sub-region num.                     1
----------------------------------------------------------
 Area     [L]        0.10000E+03  0.10000E+03
 W-volume [L]        0.40494E+02  0.40494E+02
 In-flow  [L/T]     -0.21960E-03 -0.21960E-03
 h Mean   [L]       -0.10770E+02 -0.10770E+02
 HeatVol  [M/T2]     0.61066E+22  0.61066E+22
 tMean    [K]             20.366       20.366
 Top Flux [L/T]     -0.50000E+01
 Bot Flux [L/T]     -0.50002E+01
 WatBalT  [L]       -0.29990E-04
 WatBalR  [%]              0.000
----------------------------------------------------------

----------------------------------------------------------
 Time       [T]        1.6250
----------------------------------------------------------
 Sub-region num.                     1
----------------------------------------------------------
 Area     [L]        0.10000E+03  0.10000E+03
 W-volume [L]        0.40494E+02  0.40494E+02
 In-flow  [L/T]     -0.11294E-03 -0.11294E-03
 h Mean   [L]       -0.10770E+02 -0.10770E+02
 HeatVol  [M/T2]     0.61159E+22  0.61159E+22
 tMean    [K]             20.814       20.814
 Top Flux [L/T]     -0.50000E+01
 Bot Flux [L/T]     -0.50001E+01
 WatBalT  [L]       -0.63408E-04
 WatBalR  [%]              0.000
----------------------------------------------------------

----------------------------------------------------------
 Time       [T]        1.7500
----------------------------------------------------------
 Sub-region num.                     1
----------------------------------------------------------
 Area     [L]        0.10000E+03  0.10000E+03
 W-volume [L]        0.40494E+02  0.40494E+02
 In-flow  [L/T]     -0.34508E-04 -0.34508E-04
 h Mean   [L]       -0.10770E+02 -0.10770E+02
 HeatVol  [M/T2]     0.61148E+22  0.61148E+22
 tMean    [K]             20.757       20.757
 Top Flux [L/T]     -0.50000E+01
 Bot Flux [L/T]     -0.50000E+01
 WatBalT  [L]       -0.76726E-04
 WatBalR  [%]              0.000
----------------------------------------------------------

----------------------------------------------------------
 Time       [T]        1.8750
----------------------------------------------------------
 Sub-region num.                     1
----------------------------------------------------------
 Area     [L]        0.10000E+03  0.10000E+03
 W-volume [L]        0.40494E+02  0.40494E+02
 In-flow  [L/T]     -0.18823E-04 -0.18823E-04
 h Mean   [L]       -0.10770E+02 -0.10770E+02
 HeatVol  [M/T2]     0.61038E+22  0.61038E+22
 tMean    [K]             20.231       20.231
 Top Flux [L/T]     -0.50000E+01
 Bot Flux [L/T]     -0.50000E+01
 WatBalT  [L]       -0.72209E-04
 WatBalR  [%]              0.000
----------------------------------------------------------

----------------------------------------------------------
 Time       [T]        2.0000
----------------------------------------------------------
 Sub-region num.                     1
----------------------------------------------------------
 Area     [L]        0.10000E+03  0.10000E+03
 W-volume [L]        0.40494E+02  0.40494E+02
 In-flow  [L/T]      0.12548E-04  0.12548E-04
 h Mean   [L]       -0.10770E+02 -0.10770E+02
 HeatVol  [M/T2]     0.60895E+22  0.60895E+22
 tMean    [K]             19.543       19.543
 Top Flux [L/T]     -0.50000E+01
 Bot Flux [L/T]     -0.50000E+01
 WatBalT  [L]       -0.69331E-04
 WatBalR  [%]              0.000
----------------------------------------------------------

----------------------------------------------------------
 Time       [T]        2.1250
----------------------------------------------------------
 Sub-region num.                     1
----------------------------------------------------------
 Area     [L]        0.10000E+03  0.10000E+03
 W-volume [L]        0.40494E+02  0.40494E+02
 In-flow  [L/T]      0.28234E-04  0.28234E-04
 h Mean   [L]       -0.10770E+02 -0.10770E+02
 HeatVol  [M/T2]     0.60802E+22  0.60802E+22
 tMean    [K]             19.098       19.098
 Top Flux [L/T]     -0.50000E+01
 Bot Flux [L/T]     -0.50000E+01
 WatBalT  [L]       -0.67813E-04
 WatBalR  [%]              0.000
----------------------------------------------------------

----------------------------------------------------------
 Time       [T]        2.2500
----------------------------------------------------------
 Sub-region num.                     1
----------------------------------------------------------
 Area     [L]        0.10000E+03  0.10000E+03
 W-volume [L]        0.40494E+02  0.40494E+02
 In-flow  [L/T]     -0.18823E-04 -0.18823E-04
 h Mean   [L]       -0.10770E+02 -0.10770E+02
 HeatVol  [M/T2]     0.60814E+22  0.60814E+22
 tMean    [K]             19.156       19.156
 Top Flux [L/T]     -0.50000E+01
 Bot Flux [L/T]     -0.50000E+01
 WatBalT  [L]       -0.67225E-04
 WatBalR  [%]              0.000
----------------------------------------------------------

----------------------------------------------------------
 Time       [T]        2.3750
----------------------------------------------------------
 Sub-region num.                     1
----------------------------------------------------------
 Area     [L]        0.10000E+03  0.10000E+03
 W-volume [L]        0.40494E+02  0.40494E+02
 In-flow  [L/T]      0.37645E-04  0.37645E-04
 h Mean   [L]       -0.10770E+02 -0.10770E+02
 HeatVol  [M/T2]     0.60924E+22  0.60924E+22
 tMean    [K]             19.685       19.685
 Top Flux [L/T]     -0.50000E+01
 Bot Flux [L/T]     -0.50000E+01
 WatBalT  [L]       -0.67201E-04
 WatBalR  [%]              0.000
----------------------------------------------------------

----------------------------------------------------------
 Time       [T]        2.5000
----------------------------------------------------------
 Sub-region num.                     1
----------------------------------------------------------
 Area     [L]        0.10000E+03  0.10000E+03
 W-volume [L]        0.40494E+02  0.40494E+02
 In-flow  [L/T]      0.25097E-04  0.25097E-04
 h Mean   [L]       -0.10770E+02 -0.10770E+02
 HeatVol  [M/T2]     0.61068E+22  0.61068E+22
 tMean    [K]             20.375       20.375
 Top Flux [L/T]     -0.50000E+01
 Bot Flux [L/T]     -0.50000E+01
 WatBalT  [L]       -0.67262E-04
 WatBalR  [%]              0.000
----------------------------------------------------------

----------------------------------------------------------
 Time       [T]        2.6250
----------------------------------------------------------
 Sub-region num.                     1
----------------------------------------------------------
 Area     [L]        0.10000E+03  0.10000E+03
 W-volume [L]        0.40494E+02  0.40494E+02
 In-flow  [L/T]      0.45475E-12  0.45475E-12
 h Mean   [L]       -0.10770E+02 -0.10770E+02
 HeatVol  [M/T2]     0.61161E+22  0.61161E+22
 tMean    [K]             20.823       20.823
 Top Flux [L/T]     -0.50000E+01
 Bot Flux [L/T]     -0.50000E+01
 WatBalT  [L]       -0.67286E-04
 WatBalR  [%]              0.000
----------------------------------------------------------

----------------------------------------------------------
 Time       [T]        2.7500
----------------------------------------------------------
 Sub-region num.                     1
----------------------------------------------------------
 Area     [L]        0.10000E+03  0.10000E+03
 W-volume [L]        0.40494E+02  0.40494E+02
 In-flow  [L/T]      0.25097E-04  0.25097E-04
 h Mean   [L]       -0.10770E+02 -0.10770E+02
 HeatVol  [M/T2]     0.61149E+22  0.61149E+22
 tMean    [K]             20.766       20.766
 Top Flux [L/T]     -0.50000E+01
 Bot Flux [L/T]     -0.50000E+01
 WatBalT  [L]       -0.67264E-04
 WatBalR  [%]              0.000
----------------------------------------------------------

----------------------------------------------------------
 Time       [T]        2.8750
----------------------------------------------------------
 Sub-region num.                     1
----------------------------------------------------------
 Area     [L]        0.10000E+03  0.10000E+03
 W-volume [L]        0.40494E+02  0.40494E+02
 In-flow  [L/T]     -0.18823E-04 -0.18823E-04
 h Mean   [L]       -0.10770E+02 -0.10770E+02
 HeatVol  [M/T2]     0.61040E+22  0.61040E+22
 tMean    [K]             20.239       20.239
 Top Flux [L/T]     -0.50000E+01
 Bot Flux [L/T]     -0.50000E+01
 WatBalT  [L]       -0.67320E-04
 WatBalR  [%]              0.000
----------------------------------------------------------

----------------------------------------------------------
 Time       [T]        3.0000
----------------------------------------------------------
 Sub-region num.                     1
----------------------------------------------------------
 Area     [L]        0.10000E+03  0.10000E+03
 W-volume [L]        0.40494E+02  0.40494E+02
 In-flow  [L/T]      0.00000E+00  0.00000E+00
 h Mean   [L]       -0.10770E+02 -0.10770E+02
 HeatVol  [M/T2]     0.60897E+22  0.60897E+22
 tMean    [K]             19.551       19.551
 Top Flux [L/T]     -0.50000E+01
 Bot Flux [L/T]     -0.50000E+01
 WatBalT  [L]       -0.67482E-04
 WatBalR  [%]              0.000
----------------------------------------------------------

----------------------------------------------------------
 Time       [T]        3.1250
----------------------------------------------------------
 Sub-region num.                     1
----------------------------------------------------------
 Area     [L]        0.10000E+03  0.10000E+03
 W-volume [L]        0.40494E+02  0.40494E+02
 In-flow  [L/T]     -0.12548E-04 -0.12548E-04
 h Mean   [L]       -0.10770E+02 -0.10770E+02
 HeatVol  [M/T2]     0.60804E+22  0.60804E+22
 tMean    [K]             19.106       19.106
 Top Flux [L/T]     -0.50000E+01
 Bot Flux [L/T]     -0.50000E+01
 WatBalT  [L]       -0.67502E-04
 WatBalR  [%]              0.000
----------------------------------------------------------

----------------------------------------------------------
 Time       [T]        3.2500
----------------------------------------------------------
 Sub-region num.                     1
----------------------------------------------------------
 Area     [L]        0.10000E+03  0.10000E+03
 W-volume [L]        0.40494E+02  0.40494E+02
 In-flow  [L/T]     -0.12548E-04 -0.12548E-04
 h Mean   [L]       -0.10770E+02 -0.10770E+02
 HeatVol  [M/T2]     0.60816E+22  0.60816E+22
 tMean    [K]             19.164       19.164
 Top Flux [L/T]     -0.50000E+01
 Bot Flux [L/T]     -0.50000E+01
 WatBalT  [L]       -0.67635E-04
 WatBalR  [%]              0.000
----------------------------------------------------------

----------------------------------------------------------
 Time       [T]        3.3750
----------------------------------------------------------
 Sub-region num.                     1
----------------------------------------------------------
 Area     [L]        0.10000E+03  0.10000E+03
 W-volume [L]        0.40494E+02  0.40494E+02
 In-flow  [L/T]      0.31371E-05  0.31371E-05
 h Mean   [L]       -0.10770E+02 -0.10770E+02
 HeatVol  [M/T2]     0.60926E+22  0.60926E+22
 tMean    [K]             19.693       19.693
 Top Flux [L/T]     -0.50000E+01
 Bot Flux [L/T]     -0.50000E+01
 WatBalT  [L]       -0.67655E-04
 WatBalR  [%]              0.000
----------------------------------------------------------

----------------------------------------------------------
 Time       [T]        3.5000
----------------------------------------------------------
 Sub-region num.                     1
----------------------------------------------------------
 Area     [L]        0.10000E+03  0.10000E+03
 W-volume [L]        0.40494E+02  0.40494E+02
 In-flow  [L/T]      0.18823E-04  0.18823E-04
 h Mean   [L]       -0.10770E+02 -0.10770E+02
 HeatVol  [M/T2]     0.61070E+22  0.61070E+22
 tMean    [K]             20.383       20.383
 Top Flux [L/T]     -0.50000E+01
 Bot Flux [L/T]     -0.50000E+01
 WatBalT  [L]       -0.67759E-04
 WatBalR  [%]              0.000
----------------------------------------------------------

----------------------------------------------------------
 Time       [T]        3.6250
----------------------------------------------------------
 Sub-region num.                     1
----------------------------------------------------------
 Area     [L]        0.10000E+03  0.10000E+03
 W-volume [L]        0.40494E+02  0.40494E+02
 In-flow  [L/T]      0.15685E-04  0.15685E-04
 h Mean   [L]       -0.10770E+02 -0.10770E+02
 HeatVol  [M/T2]     0.61163E+22  0.61163E+22
 tMean    [K]             20.830       20.830
 Top Flux [L/T]     -0.50000E+01
 Bot Flux [L/T]     -0.50000E+01
 WatBalT  [L]       -0.67785E-04
 WatBalR  [%]              0.000
----------------------------------------------------------

----------------------------------------------------------
 Time       [T]        3.7500
----------------------------------------------------------
 Sub-region num.                     1
----------------------------------------------------------
 Area     [L]        0.10000E+03  0.10000E+03
 W-volume [L]        0.40494E+02  0.40494E+02
 In-flow  [L/T]      0.12548E-04  0.12548E-04
 h Mean   [L]       -0.10770E+02 -0.10770E+02
 HeatVol  [M/T2]     0.61151E+22  0.61151E+22
 tMean    [K]             20.773       20.773
 Top Flux [L/T]     -0.50000E+01
 Bot Flux [L/T]     -0.50000E+01
 WatBalT  [L]       -0.67787E-04
 WatBalR  [%]              0.000
----------------------------------------------------------

----------------------------------------------------------
 Time       [T]        3.8750
----------------------------------------------------------
 Sub-region num.                     1
----------------------------------------------------------
 Area     [L]        0.10000E+03  0.10000E+03
 W-volume [L]        0.40494E+02  0.40494E+02
 In-flow  [L/T]     -0.45475E-12 -0.45475E-12
 h Mean   [L]       -0.10770E+02 -0.10770E+02
 HeatVol  [M/T2]     0.61041E+22  0.61041E+22
 tMean    [K]             20.246       20.246
 Top Flux [L/T]     -0.50000E+01
 Bot Flux [L/T]     -0.50000E+01
 WatBalT  [L]       -0.67759E-04
 WatBalR  [%]              0.000
----------------------------------------------------------

----------------------------------------------------------
 Time       [T]        4.0000
----------------------------------------------------------
 Sub-region num.                     1
----------------------------------------------------------
 Area     [L]        0.10000E+03  0.10000E+03
 W-volume [L]        0.40494E+02  0.40494E+02
 In-flow  [L/T]      0.62742E-05  0.62742E-05
 h Mean   [L]       -0.10770E+02 -0.10770E+02
 HeatVol  [M/T2]     0.60898E+22  0.60898E+22
 tMean    [K]             19.558       19.558
 Top Flux [L/T]     -0.50000E+01
 Bot Flux [L/T]     -0.50000E+01
 WatBalT  [L]       -0.67849E-04
 WatBalR  [%]              0.000
----------------------------------------------------------

----------------------------------------------------------
 Time       [T]        4.1250
----------------------------------------------------------
 Sub-region num.                     1
----------------------------------------------------------
 Area     [L]        0.10000E+03  0.10000E+03
 W-volume [L]        0.40494E+02  0.40494E+02
 In-flow  [L/T]      0.00000E+00  0.00000E+00
 h Mean   [L]       -0.10770E+02 -0.10770E+02
 HeatVol  [M/T2]     0.60805E+22  0.60805E+22
 tMean    [K]             19.112       19.112
 Top Flux [L/T]     -0.50000E+01
 Bot Flux [L/T]     -0.50000E+01
 WatBalT  [L]       -0.67938E-04
 WatBalR  [%]              0.000
----------------------------------------------------------

----------------------------------------------------------
 Time       [T]        4.2500
----------------------------------------------------------
 Sub-region num.                     1
----------------------------------------------------------
 Area     [L]        0.10000E+03  0.10000E+03
 W-volume [L]        0.40494E+02  0.40494E+02
 In-flow  [L/T]      0.12548E-04  0.12548E-04
 h Mean   [L]       -0.10770E+02 -0.10770E+02
 HeatVol  [M/T2]     0.60817E+22  0.60817E+22
 tMean    [K]             19.170       19.170
 Top Flux [L/T]     -0.50000E+01
 Bot Flux [L/T]     -0.50000E+01
 WatBalT  [L]       -0.68041E-04
 WatBalR  [%]              0.000
----------------------------------------------------------

----------------------------------------------------------
 Time       [T]        4.3750
----------------------------------------------------------
 Sub-region num.                     1
----------------------------------------------------------
 Area     [L]        0.10000E+03  0.10000E+03
 W-volume [L]        0.40494E+02  0.40494E+02
 In-flow  [L/T]     -0.62742E-05 -0.62742E-05
 h Mean   [L]       -0.10770E+02 -0.10770E+02
 HeatVol  [M/T2]     0.60927E+22  0.60927E+22
 tMean    [K]             19.699       19.699
 Top Flux [L/T]     -0.50000E+01
 Bot Flux [L/T]     -0.50000E+01
 WatBalT  [L]       -0.68137E-04
 WatBalR  [%]              0.000
----------------------------------------------------------

----------------------------------------------------------
 Time       [T]        4.5000
----------------------------------------------------------
 Sub-region num.                     1
----------------------------------------------------------
 Area     [L]        0.10000E+03  0.10000E+03
 W-volume [L]        0.40494E+02  0.40494E+02
 In-flow  [L/T]     -0.62742E-05 -0.62742E-05
 h Mean   [L]       -0.10770E+02 -0.10770E+02
 HeatVol  [M/T2]     0.61071E+22  0.61071E+22
 tMean    [K]             20.389       20.389
 Top Flux [L/T]     -0.50000E+01
 Bot Flux [L/T]     -0.50000E+01
 WatBalT  [L]       -0.68279E-04
 WatBalR  [%]              0.000
----------------------------------------------------------

----------------------------------------------------------
 Time       [T]        4.6250
----------------------------------------------------------
 Sub-region num.                     1
----------------------------------------------------------
 Area     [L]        0.10000E+03  0.10000E+03
 W-volume [L]        0.40494E+02  0.40494E+02
 In-flow  [L/T]     -0.31371E-05 -0.31371E-05
 h Mean   [L]       -0.10770E+02 -0.10770E+02
 HeatVol  [M/T2]     0.61164E+22  0.61164E+22
 tMean    [K]             20.836       20.836
 Top Flux [L/T]     -0.50000E+01
 Bot Flux [L/T]     -0.50000E+01
 WatBalT  [L]       -0.68305E-04
 WatBalR  [%]              0.000
----------------------------------------------------------

----------------------------------------------------------
 Time       [T]        4.7500
----------------------------------------------------------
 Sub-region num.                     1
----------------------------------------------------------
 Area     [L]        0.10000E+03  0.10000E+03
 W-volume [L]        0.40494E+02  0.40494E+02
 In-flow  [L/T]      0.00000E+00  0.00000E+00
 h Mean   [L]       -0.10770E+02 -0.10770E+02
 HeatVol  [M/T2]     0.61152E+22  0.61152E+22
 tMean    [K]             20.779       20.779
 Top Flux [L/T]     -0.50000E+01
 Bot Flux [L/T]     -0.50000E+01
 WatBalT  [L]       -0.68398E-04
 WatBalR  [%]              0.000
----------------------------------------------------------

----------------------------------------------------------
 Time       [T]        4.8750
----------------------------------------------------------
 Sub-region num.                     1
----------------------------------------------------------
 Area     [L]        0.10000E+03  0.10000E+03
 W-volume [L]        0.40494E+02  0.40494E+02
 In-flow  [L/T]      0.62742E-05  0.62742E-05
 h Mean   [L]       -0.10770E+02 -0.10770E+02
 HeatVol  [M/T2]     0.61042E+22  0.61042E+22
 tMean    [K]             20.251       20.251
 Top Flux [L/T]     -0.50000E+01
 Bot Flux [L/T]     -0.50000E+01
 WatBalT  [L]       -0.68471E-04
 WatBalR  [%]              0.000
----------------------------------------------------------

----------------------------------------------------------
 Time       [T]        5.0000
----------------------------------------------------------
 Sub-region num.                     1
----------------------------------------------------------
 Area     [L]        0.10000E+03  0.10000E+03
 W-volume [L]        0.40494E+02  0.40494E+02
 In-flow  [L/T]     -0.62742E-05 -0.62742E-05
 h Mean   [L]       -0.10770E+02 -0.10770E+02
 HeatVol  [M/T2]     0.60899E+22  0.60899E+22
 tMean    [K]             19.563       19.563
 Top Flux [L/T]     -0.50000E+01
 Bot Flux [L/T]     -0.50000E+01
 WatBalT  [L]       -0.68495E-04
 WatBalR  [%]              0.000
----------------------------------------------------------

 Calculation time [sec]  -1883733115.5000000     
