 ******* Program HYDRUS
 ******* Onde thermique journaliere avec infiltration permanente 5 cm/j (convecti
 Date:   0. 0.    Time: 512:**:**
 Units: L = cm   , T = days , M = g    



                               Node(  6)                      Node( 11)                      Node( 21)                      Node( 41)

         time         h        theta    Temp         h        theta    Temp         h        theta    Temp         h        theta    Temp   
          0.0010      -10.67  0.4052   19.999        -10.67  0.4052   20.000        -10.67  0.4052   20.000        -10.67  0.4052   20.000
          0.0020      -10.68  0.4052   19.991        -10.67  0.4052   20.000        -10.67  0.4052   20.000        -10.67  0.4052   20.000
          0.0033      -10.68  0.4052   19.948        -10.67  0.4052   20.000        -10.67  0.4052   20.000        -10.67  0.4052   20.000
          0.0050      -10.68  0.4052   19.811        -10.67  0.4052   20.000        -10.67  0.4052   20.000        -10.67  0.4052   20.000
          0.0072      -10.68  0.4052   19.513        -10.68  0.4052   19.997        -10.67  0.4052   20.000        -10.67  0.4052   20.000
          0.0100      -10.69  0.4052   19.038        -10.68  0.4052   19.985        -10.67  0.4052   20.000        -10.67  0.4052   20.000
          0.0138      -10.69  0.4052   18.423        -10.68  0.4052   19.944        -10.67  0.4052   20.000        -10.67  0.4052   20.000
          0.0186      -10.70  0.4052   17.726        -10.68  0.4052   19.835        -10.68  0.4052   20.000        -10.67  0.4052   20.000
          0.0249      -10.71  0.4051   16.994        -10.69  0.4052   19.617        -10.68  0.4052   19.999        -10.67  0.4052   20.000
          0.0330      -10.71  0.4051   16.262        -10.70  0.4052   19.266        -10.68  0.4052   19.995        -10.67  0.4052   20.000
          0.0430      -10.72  0.4051   15.592        -10.70  0.4051   18.808        -10.68  0.4052   19.981        -10.67  0.4052   20.000
          0.0530      -10.73  0.4051   15.087        -10.71  0.4051   18.368        -10.69  0.4052   19.949        -10.68  0.4052   20.000
          0.0630      -10.73  0.4051   14.696        -10.72  0.4051   17.964        -10.69  0.4052   19.897        -10.68  0.4052   20.000
          0.0730      -10.74  0.4050   14.391        -10.72  0.4051   17.600        -10.70  0.4052   19.826        -10.68  0.4052   20.000
          0.0830      -10.74  0.4050   14.154        -10.73  0.4051   17.275        -10.70  0.4051   19.739        -10.68  0.4052   20.000
          0.0930      -10.74  0.4050   13.975        -10.73  0.4051   16.987        -10.71  0.4051   19.639        -10.68  0.4052   20.000
          0.1030      -10.74  0.4050   13.846        -10.73  0.4050   16.733        -10.71  0.4051   19.529        -10.68  0.4052   19.999
          0.1130      -10.75  0.4050   13.762        -10.74  0.4050   16.511        -10.72  0.4051   19.413        -10.69  0.4052   19.999
          0.1190      -10.75  0.4050   13.731        -10.74  0.4050   16.393        -10.72  0.4051   19.341        -10.69  0.4052   19.998
          0.1250      -10.75  0.4050   13.714        -10.74  0.4050   16.286        -10.72  0.4051   19.268        -10.69  0.4052   19.997
          0.1350      -10.75  0.4050   13.716        -10.74  0.4050   16.130        -10.72  0.4051   19.146        -10.69  0.4052   19.995
          0.1450      -10.75  0.4050   13.753        -10.75  0.4050   16.001        -10.73  0.4051   19.025        -10.69  0.4052   19.992
          0.1550      -10.75  0.4050   13.824        -10.75  0.4050   15.898        -10.73  0.4051   18.905        -10.70  0.4052   19.988
          0.1645      -10.76  0.4050   13.921        -10.75  0.4050   15.824        -10.73  0.4051   18.795        -10.70  0.4052   19.983
          0.1740      -10.76  0.4050   14.045        -10.75  0.4050   15.772        -10.74  0.4050   18.688        -10.70  0.4051   19.977
          0.1835      -10.76  0.4050   14.195        -10.75  0.4050   15.742        -10.74  0.4050   18.586        -10.71  0.4051   19.970
          0.1930      -10.76  0.4050   14.370        -10.75  0.4050   15.733        -10.74  0.4050   18.489        -10.71  0.4051   19.962
          0.2025      -10.76  0.4050   14.569        -10.76  0.4050   15.744        -10.74  0.4050   18.397        -10.71  0.4051   19.952
          0.2120      -10.76  0.4050   14.791        -10.76  0.4050   15.775        -10.74  0.4050   18.312        -10.71  0.4051   19.941
          0.2215      -10.76  0.4050   15.034        -10.76  0.4050   15.825        -10.75  0.4050   18.234        -10.72  0.4051   19.928
          0.2310      -10.76  0.4050   15.297        -10.76  0.4050   15.894        -10.75  0.4050   18.162        -10.72  0.4051   19.914
          0.2405      -10.76  0.4050   15.580        -10.76  0.4050   15.981        -10.75  0.4050   18.098        -10.72  0.4051   19.900
          0.2500      -10.76  0.4050   15.880        -10.76  0.4050   16.085        -10.75  0.4050   18.041        -10.72  0.4051   19.884
          0.2600      -10.76  0.4050   16.214        -10.76  0.4050   16.212        -10.75  0.4050   17.990        -10.73  0.4051   19.865
          0.2700      -10.76  0.4050   16.565        -10.76  0.4050   16.358        -10.75  0.4050   17.948        -10.73  0.4051   19.846
          0.2800      -10.76  0.4050   16.931        -10.76  0.4050   16.520        -10.75  0.4050   17.915        -10.73  0.4051   19.826
          0.2895      -10.77  0.4050   17.291        -10.76  0.4050   16.689        -10.76  0.4050   17.892        -10.73  0.4051   19.806
          0.2990      -10.77  0.4050   17.662        -10.76  0.4050   16.872        -10.76  0.4050   17.877        -10.73  0.4050   19.785
          0.3085      -10.77  0.4049   18.043        -10.76  0.4050   17.068        -10.76  0.4050   17.870        -10.74  0.4050   19.764
          0.3180      -10.77  0.4049   18.431        -10.76  0.4050   17.276        -10.76  0.4050   17.872        -10.74  0.4050   19.742
          0.3275      -10.77  0.4049   18.827        -10.76  0.4050   17.495        -10.76  0.4050   17.882        -10.74  0.4050   19.720
          0.3370      -10.77  0.4049   19.227        -10.76  0.4050   17.724        -10.76  0.4050   17.901        -10.74  0.4050   19.698
          0.3465      -10.77  0.4049   19.631        -10.77  0.4050   17.962        -10.76  0.4050   17.927        -10.74  0.4050   19.676
          0.3560      -10.77  0.4049   20.036        -10.77  0.4050   18.209        -10.76  0.4050   17.962        -10.74  0.4050   19.653
          0.3655      -10.77  0.4049   20.443        -10.77  0.4049   18.464        -10.76  0.4050   18.004        -10.75  0.4050   19.631
          0.3750      -10.77  0.4049   20.848        -10.77  0.4049   18.725        -10.76  0.4050   18.054        -10.75  0.4050   19.609
          0.3850      -10.77  0.4049   21.272        -10.77  0.4049   19.005        -10.76  0.4050   18.115        -10.75  0.4050   19.586
          0.3950      -10.77  0.4049   21.691        -10.77  0.4049   19.291        -10.76  0.4050   18.183        -10.75  0.4050   19.564
          0.4050      -10.77  0.4049   22.105        -10.77  0.4049   19.580        -10.76  0.4050   18.260        -10.75  0.4050   19.542
          0.4145      -10.77  0.4049   22.490        -10.77  0.4049   19.857        -10.76  0.4050   18.339        -10.75  0.4050   19.523
          0.4240      -10.77  0.4049   22.867        -10.77  0.4049   20.135        -10.76  0.4050   18.425        -10.75  0.4050   19.504
          0.4335      -10.77  0.4049   23.234        -10.77  0.4049   20.413        -10.76  0.4050   18.517        -10.75  0.4050   19.486
          0.4430      -10.77  0.4049   23.590        -10.77  0.4049   20.690        -10.76  0.4050   18.615        -10.75  0.4050   19.469
          0.4525      -10.77  0.4049   23.934        -10.77  0.4049   20.966        -10.77  0.4050   18.717        -10.76  0.4050   19.453
          0.4620      -10.77  0.4049   24.264        -10.77  0.4049   21.238        -10.77  0.4050   18.825        -10.76  0.4050   19.438
          0.4715      -10.77  0.4049   24.579        -10.77  0.4049   21.507        -10.77  0.4049   18.937        -10.76  0.4050   19.425
          0.4810      -10.77  0.4049   24.878        -10.77  0.4049   21.770        -10.77  0.4049   19.054        -10.76  0.4050   19.412
          0.4905      -10.77  0.4049   25.159        -10.77  0.4049   22.028        -10.77  0.4049   19.174        -10.76  0.4050   19.402
          0.5000      -10.77  0.4049   25.423        -10.77  0.4049   22.279        -10.77  0.4049   19.297        -10.76  0.4050   19.392
          0.5100      -10.77  0.4049   25.680        -10.77  0.4049   22.535        -10.77  0.4049   19.429        -10.76  0.4050   19.384
          0.5200      -10.77  0.4049   25.915        -10.77  0.4049   22.781        -10.77  0.4049   19.565        -10.76  0.4050   19.378
          0.5300      -10.77  0.4049   26.126        -10.77  0.4049   23.016        -10.77  0.4049   19.702        -10.76  0.4050   19.373
          0.5395      -10.77  0.4049   26.305        -10.77  0.4049   23.229        -10.77  0.4049   19.833        -10.76  0.4050   19.370
          0.5490      -10.77  0.4049   26.461        -10.77  0.4049   23.431        -10.77  0.4049   19.965        -10.76  0.4050   19.369
          0.5585      -10.77  0.4049   26.595        -10.77  0.4049   23.621        -10.77  0.4049   20.098        -10.76  0.4050   19.370
          0.5680      -10.77  0.4049   26.705        -10.77  0.4049   23.798        -10.77  0.4049   20.230        -10.76  0.4050   19.372
          0.5775      -10.77  0.4049   26.791        -10.77  0.4049   23.961        -10.77  0.4049   20.362        -10.76  0.4050   19.376
          0.5870      -10.77  0.4049   26.854        -10.77  0.4049   24.111        -10.77  0.4049   20.493        -10.76  0.4050   19.382
          0.5965      -10.77  0.4049   26.892        -10.77  0.4049   24.247        -10.77  0.4049   20.622        -10.76  0.4050   19.389
          0.6060      -10.77  0.4049   26.905        -10.77  0.4049   24.367        -10.77  0.4049   20.748        -10.76  0.4050   19.399
          0.6155      -10.77  0.4049   26.895        -10.77  0.4049   24.472        -10.77  0.4049   20.873        -10.76  0.4050   19.409
          0.6250      -10.77  0.4049   26.859        -10.77  0.4049   24.561        -10.77  0.4049   20.994        -10.76  0.4050   19.422
          0.6350      -10.77  0.4049   26.796        -10.77  0.4049   24.638        -10.77  0.4049   21.118        -10.77  0.4050   19.437
          0.6450      -10.77  0.4049   26.706        -10.77  0.4049   24.696        -10.77  0.4049   21.237        -10.77  0.4050   19.453
          0.6550      -10.77  0.4049   26.589        -10.77  0.4049   24.736        -10.77  0.4049   21.352        -10.77  0.4049   19.471
          0.6645      -10.77  0.4049   26.454        -10.77  0.4049   24.757        -10.77  0.4049   21.456        -10.77  0.4049   19.490
          0.6740      -10.77  0.4049   26.296        -10.77  0.4049   24.761        -10.77  0.4049   21.555        -10.77  0.4049   19.510
          0.6835      -10.77  0.4049   26.116        -10.77  0.4049   24.748        -10.77  0.4049   21.649        -10.77  0.4049   19.532
          0.6930      -10.77  0.4049   25.914        -10.77  0.4049   24.719        -10.77  0.4049   21.736        -10.77  0.4049   19.555
          0.7025      -10.77  0.4049   25.692        -10.77  0.4049   24.672        -10.77  0.4049   21.818        -10.77  0.4049   19.579
          0.7120      -10.77  0.4049   25.448        -10.77  0.4049   24.609        -10.77  0.4049   21.893        -10.77  0.4049   19.604
          0.7215      -10.77  0.4049   25.186        -10.77  0.4049   24.530        -10.77  0.4049   21.961        -10.77  0.4049   19.630
          0.7310      -10.77  0.4049   24.905        -10.77  0.4049   24.434        -10.77  0.4049   22.022        -10.77  0.4049   19.657
          0.7405      -10.77  0.4049   24.607        -10.77  0.4049   24.323        -10.77  0.4049   22.076        -10.77  0.4049   19.685
          0.7500      -10.77  0.4049   24.292        -10.77  0.4049   24.197        -10.77  0.4049   22.123        -10.77  0.4049   19.714
          0.7600      -10.77  0.4049   23.944        -10.77  0.4049   24.047        -10.77  0.4049   22.164        -10.77  0.4049   19.745
          0.7700      -10.77  0.4049   23.581        -10.77  0.4049   23.882        -10.77  0.4049   22.197        -10.77  0.4049   19.776
          0.7800      -10.77  0.4049   23.204        -10.77  0.4049   23.702        -10.77  0.4049   22.220        -10.77  0.4049   19.808
          0.7895      -10.77  0.4049   22.834        -10.77  0.4049   23.517        -10.77  0.4049   22.235        -10.77  0.4049   19.839
          0.7990      -10.77  0.4049   22.453        -10.77  0.4049   23.319        -10.77  0.4049   22.241        -10.77  0.4049   19.870
          0.8085      -10.77  0.4049   22.064        -10.77  0.4049   23.110        -10.77  0.4049   22.240        -10.77  0.4049   19.902
          0.8180      -10.77  0.4049   21.668        -10.77  0.4049   22.890        -10.77  0.4049   22.230        -10.77  0.4049   19.933
          0.8275      -10.77  0.4049   21.266        -10.77  0.4049   22.659        -10.77  0.4049   22.213        -10.77  0.4049   19.964
          0.8370      -10.77  0.4049   20.859        -10.77  0.4049   22.419        -10.77  0.4049   22.187        -10.77  0.4049   19.995
          0.8465      -10.77  0.4049   20.449        -10.77  0.4049   22.171        -10.77  0.4049   22.154        -10.77  0.4049   20.026
          0.8560      -10.77  0.4049   20.038        -10.77  0.4049   21.914        -10.77  0.4049   22.113        -10.77  0.4049   20.056
          0.8655      -10.77  0.4049   19.626        -10.77  0.4049   21.651        -10.77  0.4049   22.064        -10.77  0.4049   20.086
          0.8750      -10.77  0.4049   19.216        -10.77  0.4049   21.382        -10.77  0.4049   22.008        -10.77  0.4049   20.115
          0.8850      -10.77  0.4049   18.787        -10.77  0.4049   21.093        -10.77  0.4049   21.942        -10.77  0.4049   20.145
          0.8950      -10.77  0.4049   18.364        -10.77  0.4049   20.801        -10.77  0.4049   21.867        -10.77  0.4049   20.174
          0.9050      -10.77  0.4049   17.946        -10.77  0.4049   20.505        -10.77  0.4049   21.785        -10.77  0.4049   20.202
          0.9145      -10.77  0.4049   17.557        -10.77  0.4049   20.222        -10.77  0.4049   21.701        -10.77  0.4049   20.228
          0.9240      -10.77  0.4049   17.177        -10.77  0.4049   19.938        -10.77  0.4049   21.611        -10.77  0.4049   20.252
          0.9335      -10.77  0.4049   16.806        -10.77  0.4049   19.654        -10.77  0.4049   21.514        -10.77  0.4049   20.276
          0.9430      -10.77  0.4049   16.447        -10.77  0.4049   19.372        -10.77  0.4049   21.413        -10.77  0.4049   20.298
          0.9525      -10.77  0.4049   16.101        -10.77  0.4049   19.091        -10.77  0.4049   21.306        -10.77  0.4049   20.319
          0.9620      -10.77  0.4049   15.768        -10.77  0.4049   18.814        -10.77  0.4049   21.194        -10.77  0.4049   20.338
          0.9715      -10.77  0.4049   15.451        -10.77  0.4049   18.542        -10.77  0.4049   21.078        -10.77  0.4049   20.356
          0.9810      -10.77  0.4049   15.150        -10.77  0.4049   18.274        -10.77  0.4049   20.959        -10.77  0.4049   20.372
          0.9905      -10.77  0.4049   14.866        -10.77  0.4049   18.013        -10.77  0.4049   20.835        -10.77  0.4049   20.387
          1.0000      -10.77  0.4049   14.600        -10.77  0.4049   17.758        -10.77  0.4049   20.709        -10.77  0.4049   20.400
          1.0100      -10.77  0.4049   14.341        -10.77  0.4049   17.499        -10.77  0.4049   20.573        -10.77  0.4049   20.412
          1.0200      -10.77  0.4049   14.105        -10.77  0.4049   17.250        -10.77  0.4049   20.435        -10.77  0.4049   20.422
          1.0300      -10.77  0.4049   13.892        -10.77  0.4049   17.011        -10.77  0.4049   20.295        -10.77  0.4049   20.431
          1.0395      -10.77  0.4049   13.711        -10.77  0.4049   16.796        -10.77  0.4049   20.161        -10.77  0.4049   20.437
          1.0490      -10.77  0.4049   13.553        -10.77  0.4049   16.591        -10.77  0.4049   20.027        -10.77  0.4049   20.441
          1.0585      -10.77  0.4049   13.418        -10.77  0.4049   16.399        -10.77  0.4049   19.892        -10.77  0.4049   20.443
          1.0680      -10.77  0.4049   13.307        -10.77  0.4049   16.220        -10.77  0.4049   19.757        -10.77  0.4049   20.444
          1.0775      -10.77  0.4049   13.219        -10.77  0.4049   16.054        -10.77  0.4049   19.623        -10.77  0.4049   20.442
          1.0870      -10.77  0.4049   13.156        -10.77  0.4049   15.902        -10.77  0.4049   19.491        -10.77  0.4049   20.439
          1.0965      -10.77  0.4049   13.116        -10.77  0.4049   15.764        -10.77  0.4049   19.360        -10.77  0.4049   20.434
          1.1060      -10.77  0.4049   13.102        -10.77  0.4049   15.642        -10.77  0.4049   19.231        -10.77  0.4049   20.427
          1.1155      -10.77  0.4049   13.112        -10.77  0.4049   15.535        -10.77  0.4049   19.105        -10.77  0.4049   20.419
          1.1250      -10.77  0.4049   13.146        -10.77  0.4049   15.444        -10.77  0.4049   18.983        -10.77  0.4049   20.409
          1.1350      -10.77  0.4049   13.209        -10.77  0.4049   15.366        -10.77  0.4049   18.857        -10.77  0.4049   20.396
          1.1450      -10.77  0.4049   13.298        -10.77  0.4049   15.306        -10.77  0.4049   18.736        -10.77  0.4049   20.382
          1.1550      -10.77  0.4049   13.414        -10.77  0.4049   15.265        -10.77  0.4049   18.620        -10.77  0.4049   20.365
          1.1645      -10.77  0.4049   13.548        -10.77  0.4049   15.242        -10.77  0.4049   18.514        -10.77  0.4049   20.349
          1.1740      -10.77  0.4049   13.705        -10.77  0.4049   15.237        -10.77  0.4049   18.414        -10.77  0.4049   20.330
          1.1835      -10.77  0.4049   13.884        -10.77  0.4049   15.249        -10.77  0.4049   18.320        -10.77  0.4049   20.310
          1.1930      -10.77  0.4049   14.085        -10.77  0.4049   15.277        -10.77  0.4049   18.231        -10.77  0.4049   20.289
          1.2025      -10.77  0.4049   14.308        -10.77  0.4049   15.323        -10.77  0.4049   18.148        -10.77  0.4049   20.267
          1.2120      -10.77  0.4049   14.550        -10.77  0.4049   15.385        -10.77  0.4049   18.072        -10.77  0.4049   20.243
          1.2215      -10.77  0.4049   14.812        -10.77  0.4049   15.463        -10.77  0.4049   18.003        -10.77  0.4049   20.219
          1.2310      -10.77  0.4049   15.092        -10.77  0.4049   15.558        -10.77  0.4049   17.941        -10.77  0.4049   20.193
          1.2405      -10.77  0.4049   15.390        -10.77  0.4049   15.668        -10.77  0.4049   17.886        -10.77  0.4049   20.166
          1.2500      -10.77  0.4049   15.704        -10.77  0.4049   15.794        -10.77  0.4049   17.838        -10.77  0.4049   20.139
          1.2600      -10.77  0.4049   16.052        -10.77  0.4049   15.942        -10.77  0.4049   17.796        -10.77  0.4049   20.109
          1.2700      -10.77  0.4049   16.415        -10.77  0.4049   16.107        -10.77  0.4049   17.763        -10.77  0.4049   20.079
          1.2800      -10.77  0.4049   16.791        -10.77  0.4049   16.286        -10.77  0.4049   17.739        -10.77  0.4049   20.048
          1.2895      -10.77  0.4049   17.161        -10.77  0.4049   16.471        -10.77  0.4049   17.724        -10.77  0.4049   20.019
          1.2990      -10.77  0.4049   17.541        -10.77  0.4049   16.667        -10.77  0.4049   17.717        -10.77  0.4049   19.989
          1.3085      -10.77  0.4049   17.930        -10.77  0.4049   16.876        -10.77  0.4049   17.717        -10.77  0.4049   19.959
          1.3180      -10.77  0.4049   18.326        -10.77  0.4049   17.096        -10.77  0.4049   17.726        -10.77  0.4049   19.929
          1.3275      -10.77  0.4049   18.728        -10.77  0.4049   17.326        -10.77  0.4049   17.744        -10.77  0.4049   19.899
          1.3370      -10.77  0.4049   19.134        -10.77  0.4049   17.565        -10.77  0.4049   17.768        -10.77  0.4049   19.869
          1.3465      -10.77  0.4049   19.544        -10.77  0.4049   17.814        -10.77  0.4049   17.801        -10.77  0.4049   19.839
          1.3560      -10.77  0.4049   19.955        -10.77  0.4049   18.069        -10.77  0.4049   17.842        -10.77  0.4049   19.810
          1.3655      -10.77  0.4049   20.366        -10.77  0.4049   18.332        -10.77  0.4049   17.890        -10.77  0.4049   19.781
          1.3750      -10.77  0.4049   20.776        -10.77  0.4049   18.601        -10.77  0.4049   17.946        -10.77  0.4049   19.753
          1.3850      -10.77  0.4049   21.205        -10.77  0.4049   18.889        -10.77  0.4049   18.012        -10.77  0.4049   19.724
          1.3950      -10.77  0.4049   21.628        -10.77  0.4049   19.181        -10.77  0.4049   18.086        -10.77  0.4049   19.695
          1.4050      -10.77  0.4049   22.046        -10.77  0.4049   19.477        -10.77  0.4049   18.168        -10.77  0.4049   19.668
          1.4145      -10.77  0.4049   22.435        -10.77  0.4049   19.760        -10.77  0.4049   18.252        -10.77  0.4049   19.643
          1.4240      -10.77  0.4049   22.815        -10.77  0.4049   20.043        -10.77  0.4049   18.342        -10.77  0.4049   19.620
          1.4335      -10.77  0.4049   23.185        -10.77  0.4049   20.327        -10.77  0.4049   18.438        -10.77  0.4049   19.597
          1.4430      -10.77  0.4049   23.544        -10.77  0.4049   20.609        -10.77  0.4049   18.539        -10.77  0.4049   19.576
          1.4525      -10.77  0.4049   23.890        -10.77  0.4049   20.889        -10.77  0.4049   18.646        -10.77  0.4049   19.556
          1.4620      -10.77  0.4049   24.222        -10.77  0.4049   21.166        -10.77  0.4049   18.757        -10.77  0.4049   19.537
          1.4715      -10.77  0.4049   24.540        -10.77  0.4049   21.438        -10.77  0.4049   18.873        -10.77  0.4049   19.520
          1.4810      -10.77  0.4049   24.841        -10.77  0.4049   21.705        -10.77  0.4049   18.992        -10.77  0.4049   19.504
          1.4905      -10.77  0.4049   25.125        -10.77  0.4049   21.967        -10.77  0.4049   19.116        -10.77  0.4049   19.490
          1.5000      -10.77  0.4049   25.390        -10.77  0.4049   22.221        -10.77  0.4049   19.242        -10.77  0.4049   19.478
          1.5100      -10.77  0.4049   25.649        -10.77  0.4049   22.480        -10.77  0.4049   19.377        -10.77  0.4049   19.467
          1.5200      -10.77  0.4049   25.885        -10.77  0.4049   22.729        -10.77  0.4049   19.515        -10.77  0.4049   19.457
          1.5300      -10.77  0.4049   26.098        -10.77  0.4049   22.967        -10.77  0.4049   19.655        -10.77  0.4049   19.450
          1.5395      -10.77  0.4049   26.279        -10.77  0.4049   23.183        -10.77  0.4049   19.789        -10.77  0.4049   19.445
          1.5490      -10.77  0.4049   26.436        -10.77  0.4049   23.387        -10.77  0.4049   19.924        -10.77  0.4049   19.441
          1.5585      -10.77  0.4049   26.571        -10.77  0.4049   23.579        -10.77  0.4049   20.059        -10.77  0.4049   19.439
          1.5680      -10.77  0.4049   26.683        -10.77  0.4049   23.759        -10.77  0.4049   20.193        -10.77  0.4049   19.440
          1.5775      -10.77  0.4049   26.770        -10.77  0.4049   23.924        -10.77  0.4049   20.327        -10.77  0.4049   19.442
          1.5870      -10.77  0.4049   26.834        -10.77  0.4049   24.076        -10.77  0.4049   20.459        -10.77  0.4049   19.445
          1.5965      -10.77  0.4049   26.873        -10.77  0.4049   24.214        -10.77  0.4049   20.590        -10.77  0.4049   19.451
          1.6060      -10.77  0.4049   26.888        -10.77  0.4049   24.336        -10.77  0.4049   20.719        -10.77  0.4049   19.458
          1.6155      -10.77  0.4049   26.878        -10.77  0.4049   24.442        -10.77  0.4049   20.845        -10.77  0.4049   19.467
          1.6250      -10.77  0.4049   26.843        -10.77  0.4049   24.533        -10.77  0.4049   20.967        -10.77  0.4049   19.478
          1.6350      -10.77  0.4049   26.781        -10.77  0.4049   24.612        -10.77  0.4049   21.093        -10.77  0.4049   19.491
          1.6450      -10.77  0.4049   26.691        -10.77  0.4049   24.671        -10.77  0.4049   21.214        -10.77  0.4049   19.506
          1.6550      -10.77  0.4049   26.576        -10.77  0.4049   24.713        -10.77  0.4049   21.330        -10.77  0.4049   19.523
          1.6645      -10.77  0.4049   26.441        -10.77  0.4049   24.735        -10.77  0.4049   21.436        -10.77  0.4049   19.541
          1.6740      -10.77  0.4049   26.284        -10.77  0.4049   24.740        -10.77  0.4049   21.536        -10.77  0.4049   19.559
          1.6835      -10.77  0.4049   26.105        -10.77  0.4049   24.728        -10.77  0.4049   21.631        -10.77  0.4049   19.580
          1.6930      -10.77  0.4049   25.904        -10.77  0.4049   24.700        -10.77  0.4049   21.719        -10.77  0.4049   19.601
          1.7025      -10.77  0.4049   25.681        -10.77  0.4049   24.654        -10.77  0.4049   21.802        -10.77  0.4049   19.624
          1.7120      -10.77  0.4049   25.439        -10.77  0.4049   24.592        -10.77  0.4049   21.878        -10.77  0.4049   19.648
          1.7215      -10.77  0.4049   25.177        -10.77  0.4049   24.514        -10.77  0.4049   21.947        -10.77  0.4049   19.674
          1.7310      -10.77  0.4049   24.897        -10.77  0.4049   24.420        -10.77  0.4049   22.010        -10.77  0.4049   19.700
          1.7405      -10.77  0.4049   24.599        -10.77  0.4049   24.309        -10.77  0.4049   22.065        -10.77  0.4049   19.727
          1.7500      -10.77  0.4049   24.285        -10.77  0.4049   24.184        -10.77  0.4049   22.112        -10.77  0.4049   19.755
          1.7600      -10.77  0.4049   23.937        -10.77  0.4049   24.035        -10.77  0.4049   22.154        -10.77  0.4049   19.785
          1.7700      -10.77  0.4049   23.575        -10.77  0.4049   23.871        -10.77  0.4049   22.188        -10.77  0.4049   19.815
          1.7800      -10.77  0.4049   23.198        -10.77  0.4049   23.691        -10.77  0.4049   22.212        -10.77  0.4049   19.847
          1.7895      -10.77  0.4049   22.828        -10.77  0.4049   23.507        -10.77  0.4049   22.227        -10.77  0.4049   19.877
          1.7990      -10.77  0.4049   22.448        -10.77  0.4049   23.310        -10.77  0.4049   22.235        -10.77  0.4049   19.907
          1.8085      -10.77  0.4049   22.059        -10.77  0.4049   23.101        -10.77  0.4049   22.234        -10.77  0.4049   19.938
          1.8180      -10.77  0.4049   21.663        -10.77  0.4049   22.882        -10.77  0.4049   22.225        -10.77  0.4049   19.968
          1.8275      -10.77  0.4049   21.261        -10.77  0.4049   22.651        -10.77  0.4049   22.208        -10.77  0.4049   19.999
          1.8370      -10.77  0.4049   20.855        -10.77  0.4049   22.412        -10.77  0.4049   22.183        -10.77  0.4049   20.029
          1.8465      -10.77  0.4049   20.445        -10.77  0.4049   22.164        -10.77  0.4049   22.150        -10.77  0.4049   20.059
          1.8560      -10.77  0.4049   20.034        -10.77  0.4049   21.908        -10.77  0.4049   22.110        -10.77  0.4049   20.089
          1.8655      -10.77  0.4049   19.623        -10.77  0.4049   21.645        -10.77  0.4049   22.062        -10.77  0.4049   20.118
          1.8750      -10.77  0.4049   19.213        -10.77  0.4049   21.377        -10.77  0.4049   22.006        -10.77  0.4049   20.147
          1.8850      -10.77  0.4049   18.784        -10.77  0.4049   21.089        -10.77  0.4049   21.940        -10.77  0.4049   20.177
          1.8950      -10.77  0.4049   18.361        -10.77  0.4049   20.796        -10.77  0.4049   21.866        -10.77  0.4049   20.205
          1.9050      -10.77  0.4049   17.944        -10.77  0.4049   20.501        -10.77  0.4049   21.785        -10.77  0.4049   20.233
          1.9145      -10.77  0.4049   17.555        -10.77  0.4049   20.218        -10.77  0.4049   21.701        -10.77  0.4049   20.258
          1.9240      -10.77  0.4049   17.174        -10.77  0.4049   19.934        -10.77  0.4049   21.611        -10.77  0.4049   20.282
          1.9335      -10.77  0.4049   16.804        -10.77  0.4049   19.651        -10.77  0.4049   21.515        -10.77  0.4049   20.305
          1.9430      -10.77  0.4049   16.445        -10.77  0.4049   19.369        -10.77  0.4049   21.414        -10.77  0.4049   20.327
          1.9525      -10.77  0.4049   16.099        -10.77  0.4049   19.089        -10.77  0.4049   21.307        -10.77  0.4049   20.347
          1.9620      -10.77  0.4049   15.767        -10.77  0.4049   18.812        -10.77  0.4049   21.196        -10.77  0.4049   20.366
          1.9715      -10.77  0.4049   15.450        -10.77  0.4049   18.540        -10.77  0.4049   21.080        -10.77  0.4049   20.384
          1.9810      -10.77  0.4049   15.149        -10.77  0.4049   18.272        -10.77  0.4049   20.961        -10.77  0.4049   20.400
          1.9905      -10.77  0.4049   14.865        -10.77  0.4049   18.011        -10.77  0.4049   20.838        -10.77  0.4049   20.414
          2.0000      -10.77  0.4049   14.599        -10.77  0.4049   17.757        -10.77  0.4049   20.712        -10.77  0.4049   20.427
          2.0100      -10.77  0.4049   14.341        -10.77  0.4049   17.498        -10.77  0.4049   20.577        -10.77  0.4049   20.439
          2.0200      -10.77  0.4049   14.104        -10.77  0.4049   17.249        -10.77  0.4049   20.439        -10.77  0.4049   20.448
          2.0300      -10.77  0.4049   13.891        -10.77  0.4049   17.011        -10.77  0.4049   20.299        -10.77  0.4049   20.456
          2.0395      -10.77  0.4049   13.711        -10.77  0.4049   16.795        -10.77  0.4049   20.165        -10.77  0.4049   20.462
          2.0490      -10.77  0.4049   13.553        -10.77  0.4049   16.591        -10.77  0.4049   20.031        -10.77  0.4049   20.466
          2.0585      -10.77  0.4049   13.418        -10.77  0.4049   16.399        -10.77  0.4049   19.896        -10.77  0.4049   20.468
          2.0680      -10.77  0.4049   13.307        -10.77  0.4049   16.220        -10.77  0.4049   19.762        -10.77  0.4049   20.468
          2.0775      -10.77  0.4049   13.219        -10.77  0.4049   16.054        -10.77  0.4049   19.628        -10.77  0.4049   20.466
          2.0870      -10.77  0.4049   13.156        -10.77  0.4049   15.902        -10.77  0.4049   19.496        -10.77  0.4049   20.463
          2.0965      -10.77  0.4049   13.117        -10.77  0.4049   15.765        -10.77  0.4049   19.365        -10.77  0.4049   20.458
          2.1060      -10.77  0.4049   13.102        -10.77  0.4049   15.643        -10.77  0.4049   19.237        -10.77  0.4049   20.451
          2.1155      -10.77  0.4049   13.112        -10.77  0.4049   15.536        -10.77  0.4049   19.111        -10.77  0.4049   20.442
          2.1250      -10.77  0.4049   13.146        -10.77  0.4049   15.445        -10.77  0.4049   18.988        -10.77  0.4049   20.432
          2.1350      -10.77  0.4049   13.209        -10.77  0.4049   15.367        -10.77  0.4049   18.863        -10.77  0.4049   20.419
          2.1450      -10.77  0.4049   13.298        -10.77  0.4049   15.308        -10.77  0.4049   18.742        -10.77  0.4049   20.404
          2.1550      -10.77  0.4049   13.414        -10.77  0.4049   15.266        -10.77  0.4049   18.626        -10.77  0.4049   20.388
          2.1645      -10.77  0.4049   13.548        -10.77  0.4049   15.244        -10.77  0.4049   18.520        -10.77  0.4049   20.370
          2.1740      -10.77  0.4049   13.706        -10.77  0.4049   15.239        -10.77  0.4049   18.420        -10.77  0.4049   20.352
          2.1835      -10.77  0.4049   13.885        -10.77  0.4049   15.251        -10.77  0.4049   18.326        -10.77  0.4049   20.332
          2.1930      -10.77  0.4049   14.086        -10.77  0.4049   15.279        -10.77  0.4049   18.237        -10.77  0.4049   20.311
          2.2025      -10.77  0.4049   14.309        -10.77  0.4049   15.325        -10.77  0.4049   18.155        -10.77  0.4049   20.288
          2.2120      -10.77  0.4049   14.551        -10.77  0.4049   15.387        -10.77  0.4049   18.079        -10.77  0.4049   20.264
          2.2215      -10.77  0.4049   14.813        -10.77  0.4049   15.465        -10.77  0.4049   18.010        -10.77  0.4049   20.239
          2.2310      -10.77  0.4049   15.093        -10.77  0.4049   15.560        -10.77  0.4049   17.947        -10.77  0.4049   20.214
          2.2405      -10.77  0.4049   15.391        -10.77  0.4049   15.670        -10.77  0.4049   17.892        -10.77  0.4049   20.187
          2.2500      -10.77  0.4049   15.706        -10.77  0.4049   15.796        -10.77  0.4049   17.845        -10.77  0.4049   20.159
          2.2600      -10.77  0.4049   16.053        -10.77  0.4049   15.945        -10.77  0.4049   17.803        -10.77  0.4049   20.129
          2.2700      -10.77  0.4049   16.416        -10.77  0.4049   16.109        -10.77  0.4049   17.770        -10.77  0.4049   20.099
          2.2800      -10.77  0.4049   16.793        -10.77  0.4049   16.289        -10.77  0.4049   17.746        -10.77  0.4049   20.068
          2.2895      -10.77  0.4049   17.162        -10.77  0.4049   16.473        -10.77  0.4049   17.731        -10.77  0.4049   20.038
          2.2990      -10.77  0.4049   17.542        -10.77  0.4049   16.670        -10.77  0.4049   17.724        -10.77  0.4049   20.008
          2.3085      -10.77  0.4049   17.931        -10.77  0.4049   16.879        -10.77  0.4049   17.725        -10.77  0.4049   19.978
          2.3180      -10.77  0.4049   18.327        -10.77  0.4049   17.099        -10.77  0.4049   17.734        -10.77  0.4049   19.948
          2.3275      -10.77  0.4049   18.729        -10.77  0.4049   17.329        -10.77  0.4049   17.751        -10.77  0.4049   19.917
          2.3370      -10.77  0.4049   19.136        -10.77  0.4049   17.568        -10.77  0.4049   17.776        -10.77  0.4049   19.887
          2.3465      -10.77  0.4049   19.545        -10.77  0.4049   17.817        -10.77  0.4049   17.809        -10.77  0.4049   19.857
          2.3560      -10.77  0.4049   19.956        -10.77  0.4049   18.072        -10.77  0.4049   17.849        -10.77  0.4049   19.828
          2.3655      -10.77  0.4049   20.368        -10.77  0.4049   18.335        -10.77  0.4049   17.897        -10.77  0.4049   19.799
          2.3750      -10.77  0.4049   20.778        -10.77  0.4049   18.604        -10.77  0.4049   17.953        -10.77  0.4049   19.771
          2.3850      -10.77  0.4049   21.206        -10.77  0.4049   18.892        -10.77  0.4049   18.019        -10.77  0.4049   19.741
          2.3950      -10.77  0.4049   21.630        -10.77  0.4049   19.185        -10.77  0.4049   18.093        -10.77  0.4049   19.713
          2.4050      -10.77  0.4049   22.047        -10.77  0.4049   19.480        -10.77  0.4049   18.175        -10.77  0.4049   19.686
          2.4145      -10.77  0.4049   22.436        -10.77  0.4049   19.763        -10.77  0.4049   18.259        -10.77  0.4049   19.661
          2.4240      -10.77  0.4049   22.816        -10.77  0.4049   20.047        -10.77  0.4049   18.349        -10.77  0.4049   19.637
          2.4335      -10.77  0.4049   23.187        -10.77  0.4049   20.330        -10.77  0.4049   18.445        -10.77  0.4049   19.614
          2.4430      -10.77  0.4049   23.545        -10.77  0.4049   20.612        -10.77  0.4049   18.547        -10.77  0.4049   19.593
          2.4525      -10.77  0.4049   23.892        -10.77  0.4049   20.892        -10.77  0.4049   18.653        -10.77  0.4049   19.573
          2.4620      -10.77  0.4049   24.224        -10.77  0.4049   21.169        -10.77  0.4049   18.765        -10.77  0.4049   19.554
          2.4715      -10.77  0.4049   24.541        -10.77  0.4049   21.441        -10.77  0.4049   18.880        -10.77  0.4049   19.537
          2.4810      -10.77  0.4049   24.842        -10.77  0.4049   21.709        -10.77  0.4049   19.000        -10.77  0.4049   19.521
          2.4905      -10.77  0.4049   25.126        -10.77  0.4049   21.970        -10.77  0.4049   19.123        -10.77  0.4049   19.507
          2.5000      -10.77  0.4049   25.392        -10.77  0.4049   22.224        -10.77  0.4049   19.249        -10.77  0.4049   19.494
          2.5100      -10.77  0.4049   25.650        -10.77  0.4049   22.483        -10.77  0.4049   19.385        -10.77  0.4049   19.483
          2.5200      -10.77  0.4049   25.887        -10.77  0.4049   22.732        -10.77  0.4049   19.523        -10.77  0.4049   19.473
          2.5300      -10.77  0.4049   26.100        -10.77  0.4049   22.971        -10.77  0.4049   19.662        -10.77  0.4049   19.466
          2.5395      -10.77  0.4049   26.280        -10.77  0.4049   23.186        -10.77  0.4049   19.796        -10.77  0.4049   19.460
          2.5490      -10.77  0.4049   26.438        -10.77  0.4049   23.391        -10.77  0.4049   19.931        -10.77  0.4049   19.457
          2.5585      -10.77  0.4049   26.573        -10.77  0.4049   23.583        -10.77  0.4049   20.066        -10.77  0.4049   19.455
          2.5680      -10.77  0.4049   26.684        -10.77  0.4049   23.762        -10.77  0.4049   20.200        -10.77  0.4049   19.455
          2.5775      -10.77  0.4049   26.772        -10.77  0.4049   23.928        -10.77  0.4049   20.334        -10.77  0.4049   19.457
          2.5870      -10.77  0.4049   26.836        -10.77  0.4049   24.080        -10.77  0.4049   20.467        -10.77  0.4049   19.461
          2.5965      -10.77  0.4049   26.875        -10.77  0.4049   24.217        -10.77  0.4049   20.597        -10.77  0.4049   19.466
          2.6060      -10.77  0.4049   26.889        -10.77  0.4049   24.339        -10.77  0.4049   20.726        -10.77  0.4049   19.473
          2.6155      -10.77  0.4049   26.879        -10.77  0.4049   24.446        -10.77  0.4049   20.852        -10.77  0.4049   19.482
          2.6250      -10.77  0.4049   26.845        -10.77  0.4049   24.537        -10.77  0.4049   20.975        -10.77  0.4049   19.493
          2.6350      -10.77  0.4049   26.782        -10.77  0.4049   24.615        -10.77  0.4049   21.100        -10.77  0.4049   19.506
          2.6450      -10.77  0.4049   26.693        -10.77  0.4049   24.675        -10.77  0.4049   21.221        -10.77  0.4049   19.521
          2.6550      -10.77  0.4049   26.577        -10.77  0.4049   24.716        -10.77  0.4049   21.337        -10.77  0.4049   19.538
          2.6645      -10.77  0.4049   26.443        -10.77  0.4049   24.738        -10.77  0.4049   21.443        -10.77  0.4049   19.555
          2.6740      -10.77  0.4049   26.286        -10.77  0.4049   24.744        -10.77  0.4049   21.543        -10.77  0.4049   19.574
          2.6835      -10.77  0.4049   26.107        -10.77  0.4049   24.732        -10.77  0.4049   21.638        -10.77  0.4049   19.594
          2.6930      -10.77  0.4049   25.905        -10.77  0.4049   24.703        -10.77  0.4049   21.727        -10.77  0.4049   19.616
          2.7025      -10.77  0.4049   25.683        -10.77  0.4049   24.658        -10.77  0.4049   21.809        -10.77  0.4049   19.638
          2.7120      -10.77  0.4049   25.441        -10.77  0.4049   24.596        -10.77  0.4049   21.885        -10.77  0.4049   19.662
          2.7215      -10.77  0.4049   25.179        -10.77  0.4049   24.517        -10.77  0.4049   21.955        -10.77  0.4049   19.688
          2.7310      -10.77  0.4049   24.898        -10.77  0.4049   24.423        -10.77  0.4049   22.017        -10.77  0.4049   19.714
          2.7405      -10.77  0.4049   24.600        -10.77  0.4049   24.313        -10.77  0.4049   22.072        -10.77  0.4049   19.741
          2.7500      -10.77  0.4049   24.286        -10.77  0.4049   24.187        -10.77  0.4049   22.119        -10.77  0.4049   19.768
          2.7600      -10.77  0.4049   23.939        -10.77  0.4049   24.038        -10.77  0.4049   22.161        -10.77  0.4049   19.798
          2.7700      -10.77  0.4049   23.576        -10.77  0.4049   23.874        -10.77  0.4049   22.195        -10.77  0.4049   19.829
          2.7800      -10.77  0.4049   23.199        -10.77  0.4049   23.694        -10.77  0.4049   22.219        -10.77  0.4049   19.860
          2.7895      -10.77  0.4049   22.829        -10.77  0.4049   23.510        -10.77  0.4049   22.234        -10.77  0.4049   19.890
          2.7990      -10.77  0.4049   22.449        -10.77  0.4049   23.313        -10.77  0.4049   22.241        -10.77  0.4049   19.920
          2.8085      -10.77  0.4049   22.061        -10.77  0.4049   23.104        -10.77  0.4049   22.241        -10.77  0.4049   19.951
          2.8180      -10.77  0.4049   21.665        -10.77  0.4049   22.885        -10.77  0.4049   22.232        -10.77  0.4049   19.981
          2.8275      -10.77  0.4049   21.263        -10.77  0.4049   22.655        -10.77  0.4049   22.215        -10.77  0.4049   20.012
          2.8370      -10.77  0.4049   20.856        -10.77  0.4049   22.415        -10.77  0.4049   22.190        -10.77  0.4049   20.042
          2.8465      -10.77  0.4049   20.447        -10.77  0.4049   22.167        -10.77  0.4049   22.157        -10.77  0.4049   20.072
          2.8560      -10.77  0.4049   20.036        -10.77  0.4049   21.911        -10.77  0.4049   22.117        -10.77  0.4049   20.102
          2.8655      -10.77  0.4049   19.624        -10.77  0.4049   21.648        -10.77  0.4049   22.068        -10.77  0.4049   20.131
          2.8750      -10.77  0.4049   19.214        -10.77  0.4049   21.380        -10.77  0.4049   22.013        -10.77  0.4049   20.160
          2.8850      -10.77  0.4049   18.786        -10.77  0.4049   21.092        -10.77  0.4049   21.947        -10.77  0.4049   20.189
          2.8950      -10.77  0.4049   18.362        -10.77  0.4049   20.799        -10.77  0.4049   21.873        -10.77  0.4049   20.218
          2.9050      -10.77  0.4049   17.945        -10.77  0.4049   20.504        -10.77  0.4049   21.791        -10.77  0.4049   20.245
          2.9145      -10.77  0.4049   17.556        -10.77  0.4049   20.221        -10.77  0.4049   21.707        -10.77  0.4049   20.270
          2.9240      -10.77  0.4049   17.176        -10.77  0.4049   19.937        -10.77  0.4049   21.617        -10.77  0.4049   20.294
          2.9335      -10.77  0.4049   16.806        -10.77  0.4049   19.654        -10.77  0.4049   21.521        -10.77  0.4049   20.317
          2.9430      -10.77  0.4049   16.447        -10.77  0.4049   19.372        -10.77  0.4049   21.420        -10.77  0.4049   20.339
          2.9525      -10.77  0.4049   16.101        -10.77  0.4049   19.092        -10.77  0.4049   21.314        -10.77  0.4049   20.359
          2.9620      -10.77  0.4049   15.768        -10.77  0.4049   18.815        -10.77  0.4049   21.202        -10.77  0.4049   20.378
          2.9715      -10.77  0.4049   15.451        -10.77  0.4049   18.543        -10.77  0.4049   21.087        -10.77  0.4049   20.395
          2.9810      -10.77  0.4049   15.150        -10.77  0.4049   18.276        -10.77  0.4049   20.967        -10.77  0.4049   20.411
          2.9905      -10.77  0.4049   14.866        -10.77  0.4049   18.014        -10.77  0.4049   20.844        -10.77  0.4049   20.426
          3.0000      -10.77  0.4049   14.601        -10.77  0.4049   17.760        -10.77  0.4049   20.718        -10.77  0.4049   20.439
          3.0100      -10.77  0.4049   14.342        -10.77  0.4049   17.501        -10.77  0.4049   20.583        -10.77  0.4049   20.450
          3.0200      -10.77  0.4049   14.106        -10.77  0.4049   17.252        -10.77  0.4049   20.445        -10.77  0.4049   20.460
          3.0300      -10.77  0.4049   13.893        -10.77  0.4049   17.014        -10.77  0.4049   20.305        -10.77  0.4049   20.468
          3.0395      -10.77  0.4049   13.712        -10.77  0.4049   16.798        -10.77  0.4049   20.171        -10.77  0.4049   20.473
          3.0490      -10.77  0.4049   13.555        -10.77  0.4049   16.594        -10.77  0.4049   20.037        -10.77  0.4049   20.477
          3.0585      -10.77  0.4049   13.420        -10.77  0.4049   16.402        -10.77  0.4049   19.902        -10.77  0.4049   20.479
          3.0680      -10.77  0.4049   13.308        -10.77  0.4049   16.223        -10.77  0.4049   19.768        -10.77  0.4049   20.479
          3.0775      -10.77  0.4049   13.221        -10.77  0.4049   16.057        -10.77  0.4049   19.634        -10.77  0.4049   20.477
          3.0870      -10.77  0.4049   13.157        -10.77  0.4049   15.905        -10.77  0.4049   19.502        -10.77  0.4049   20.474
          3.0965      -10.77  0.4049   13.118        -10.77  0.4049   15.768        -10.77  0.4049   19.371        -10.77  0.4049   20.469
          3.1060      -10.77  0.4049   13.103        -10.77  0.4049   15.646        -10.77  0.4049   19.242        -10.77  0.4049   20.462
          3.1155      -10.77  0.4049   13.113        -10.77  0.4049   15.539        -10.77  0.4049   19.117        -10.77  0.4049   20.453
          3.1250      -10.77  0.4049   13.148        -10.77  0.4049   15.448        -10.77  0.4049   18.994        -10.77  0.4049   20.442
          3.1350      -10.77  0.4049   13.210        -10.77  0.4049   15.370        -10.77  0.4049   18.869        -10.77  0.4049   20.429
          3.1450      -10.77  0.4049   13.300        -10.77  0.4049   15.310        -10.77  0.4049   18.748        -10.77  0.4049   20.415
          3.1550      -10.77  0.4049   13.416        -10.77  0.4049   15.269        -10.77  0.4049   18.631        -10.77  0.4049   20.398
          3.1645      -10.77  0.4049   13.550        -10.77  0.4049   15.247        -10.77  0.4049   18.526        -10.77  0.4049   20.381
          3.1740      -10.77  0.4049   13.707        -10.77  0.4049   15.242        -10.77  0.4049   18.426        -10.77  0.4049   20.362
          3.1835      -10.77  0.4049   13.886        -10.77  0.4049   15.254        -10.77  0.4049   18.331        -10.77  0.4049   20.342
          3.1930      -10.77  0.4049   14.088        -10.77  0.4049   15.282        -10.77  0.4049   18.243        -10.77  0.4049   20.321
          3.2025      -10.77  0.4049   14.310        -10.77  0.4049   15.328        -10.77  0.4049   18.160        -10.77  0.4049   20.298
          3.2120      -10.77  0.4049   14.552        -10.77  0.4049   15.390        -10.77  0.4049   18.084        -10.77  0.4049   20.274
          3.2215      -10.77  0.4049   14.814        -10.77  0.4049   15.468        -10.77  0.4049   18.015        -10.77  0.4049   20.250
          3.2310      -10.77  0.4049   15.095        -10.77  0.4049   15.563        -10.77  0.4049   17.953        -10.77  0.4049   20.224
          3.2405      -10.77  0.4049   15.393        -10.77  0.4049   15.673        -10.77  0.4049   17.898        -10.77  0.4049   20.197
          3.2500      -10.77  0.4049   15.707        -10.77  0.4049   15.799        -10.77  0.4049   17.850        -10.77  0.4049   20.169
          3.2600      -10.77  0.4049   16.054        -10.77  0.4049   15.947        -10.77  0.4049   17.809        -10.77  0.4049   20.139
          3.2700      -10.77  0.4049   16.417        -10.77  0.4049   16.112        -10.77  0.4049   17.776        -10.77  0.4049   20.109
          3.2800      -10.77  0.4049   16.794        -10.77  0.4049   16.292        -10.77  0.4049   17.751        -10.77  0.4049   20.078
          3.2895      -10.77  0.4049   17.164        -10.77  0.4049   16.476        -10.77  0.4049   17.736        -10.77  0.4049   20.048
          3.2990      -10.77  0.4049   17.544        -10.77  0.4049   16.673        -10.77  0.4049   17.729        -10.77  0.4049   20.018
          3.3085      -10.77  0.4049   17.932        -10.77  0.4049   16.881        -10.77  0.4049   17.730        -10.77  0.4049   19.988
          3.3180      -10.77  0.4049   18.328        -10.77  0.4049   17.101        -10.77  0.4049   17.739        -10.77  0.4049   19.957
          3.3275      -10.77  0.4049   18.730        -10.77  0.4049   17.331        -10.77  0.4049   17.756        -10.77  0.4049   19.927
          3.3370      -10.77  0.4049   19.137        -10.77  0.4049   17.571        -10.77  0.4049   17.781        -10.77  0.4049   19.897
          3.3465      -10.77  0.4049   19.546        -10.77  0.4049   17.819        -10.77  0.4049   17.814        -10.77  0.4049   19.867
          3.3560      -10.77  0.4049   19.958        -10.77  0.4049   18.075        -10.77  0.4049   17.854        -10.77  0.4049   19.838
          3.3655      -10.77  0.4049   20.369        -10.77  0.4049   18.338        -10.77  0.4049   17.902        -10.77  0.4049   19.808
          3.3750      -10.77  0.4049   20.779        -10.77  0.4049   18.606        -10.77  0.4049   17.958        -10.77  0.4049   19.780
          3.3850      -10.77  0.4049   21.207        -10.77  0.4049   18.895        -10.77  0.4049   18.024        -10.77  0.4049   19.751
          3.3950      -10.77  0.4049   21.631        -10.77  0.4049   19.187        -10.77  0.4049   18.098        -10.77  0.4049   19.722
          3.4050      -10.77  0.4049   22.048        -10.77  0.4049   19.483        -10.77  0.4049   18.180        -10.77  0.4049   19.695
          3.4145      -10.77  0.4049   22.437        -10.77  0.4049   19.765        -10.77  0.4049   18.264        -10.77  0.4049   19.670
          3.4240      -10.77  0.4049   22.818        -10.77  0.4049   20.049        -10.77  0.4049   18.354        -10.77  0.4049   19.646
          3.4335      -10.77  0.4049   23.188        -10.77  0.4049   20.332        -10.77  0.4049   18.450        -10.77  0.4049   19.624
          3.4430      -10.77  0.4049   23.547        -10.77  0.4049   20.615        -10.77  0.4049   18.552        -10.77  0.4049   19.602
          3.4525      -10.77  0.4049   23.893        -10.77  0.4049   20.894        -10.77  0.4049   18.658        -10.77  0.4049   19.582
          3.4620      -10.77  0.4049   24.225        -10.77  0.4049   21.171        -10.77  0.4049   18.769        -10.77  0.4049   19.563
          3.4715      -10.77  0.4049   24.542        -10.77  0.4049   21.444        -10.77  0.4049   18.885        -10.77  0.4049   19.546
          3.4810      -10.77  0.4049   24.843        -10.77  0.4049   21.711        -10.77  0.4049   19.005        -10.77  0.4049   19.530
          3.4905      -10.77  0.4049   25.127        -10.77  0.4049   21.972        -10.77  0.4049   19.128        -10.77  0.4049   19.516
          3.5000      -10.77  0.4049   25.393        -10.77  0.4049   22.227        -10.77  0.4049   19.254        -10.77  0.4049   19.503
          3.5100      -10.77  0.4049   25.652        -10.77  0.4049   22.486        -10.77  0.4049   19.389        -10.77  0.4049   19.492
          3.5200      -10.77  0.4049   25.888        -10.77  0.4049   22.735        -10.77  0.4049   19.527        -10.77  0.4049   19.482
          3.5300      -10.77  0.4049   26.101        -10.77  0.4049   22.973        -10.77  0.4049   19.667        -10.77  0.4049   19.474
          3.5395      -10.77  0.4049   26.281        -10.77  0.4049   23.189        -10.77  0.4049   19.801        -10.77  0.4049   19.469
          3.5490      -10.77  0.4049   26.439        -10.77  0.4049   23.393        -10.77  0.4049   19.936        -10.77  0.4049   19.465
          3.5585      -10.77  0.4049   26.574        -10.77  0.4049   23.585        -10.77  0.4049   20.071        -10.77  0.4049   19.464
          3.5680      -10.77  0.4049   26.685        -10.77  0.4049   23.764        -10.77  0.4049   20.205        -10.77  0.4049   19.464
          3.5775      -10.77  0.4049   26.773        -10.77  0.4049   23.930        -10.77  0.4049   20.339        -10.77  0.4049   19.465
          3.5870      -10.77  0.4049   26.837        -10.77  0.4049   24.082        -10.77  0.4049   20.471        -10.77  0.4049   19.469
          3.5965      -10.77  0.4049   26.876        -10.77  0.4049   24.219        -10.77  0.4049   20.602        -10.77  0.4049   19.474
          3.6060      -10.77  0.4049   26.890        -10.77  0.4049   24.341        -10.77  0.4049   20.731        -10.77  0.4049   19.482
          3.6155      -10.77  0.4049   26.880        -10.77  0.4049   24.448        -10.77  0.4049   20.856        -10.77  0.4049   19.491
          3.6250      -10.77  0.4049   26.846        -10.77  0.4049   24.539        -10.77  0.4049   20.979        -10.77  0.4049   19.501
          3.6350      -10.77  0.4049   26.783        -10.77  0.4049   24.617        -10.77  0.4049   21.105        -10.77  0.4049   19.514
          3.6450      -10.77  0.4049   26.694        -10.77  0.4049   24.677        -10.77  0.4049   21.226        -10.77  0.4049   19.529
          3.6550      -10.77  0.4049   26.578        -10.77  0.4049   24.718        -10.77  0.4049   21.342        -10.77  0.4049   19.546
          3.6645      -10.77  0.4049   26.444        -10.77  0.4049   24.741        -10.77  0.4049   21.447        -10.77  0.4049   19.563
          3.6740      -10.77  0.4049   26.287        -10.77  0.4049   24.746        -10.77  0.4049   21.547        -10.77  0.4049   19.582
          3.6835      -10.77  0.4049   26.108        -10.77  0.4049   24.734        -10.77  0.4049   21.642        -10.77  0.4049   19.602
          3.6930      -10.77  0.4049   25.906        -10.77  0.4049   24.705        -10.77  0.4049   21.731        -10.77  0.4049   19.624
          3.7025      -10.77  0.4049   25.684        -10.77  0.4049   24.660        -10.77  0.4049   21.813        -10.77  0.4049   19.646
          3.7120      -10.77  0.4049   25.442        -10.77  0.4049   24.598        -10.77  0.4049   21.889        -10.77  0.4049   19.670
          3.7215      -10.77  0.4049   25.180        -10.77  0.4049   24.519        -10.77  0.4049   21.959        -10.77  0.4049   19.695
          3.7310      -10.77  0.4049   24.899        -10.77  0.4049   24.425        -10.77  0.4049   22.021        -10.77  0.4049   19.721
          3.7405      -10.77  0.4049   24.601        -10.77  0.4049   24.315        -10.77  0.4049   22.076        -10.77  0.4049   19.748
          3.7500      -10.77  0.4049   24.287        -10.77  0.4049   24.189        -10.77  0.4049   22.124        -10.77  0.4049   19.776
          3.7600      -10.77  0.4049   23.940        -10.77  0.4049   24.040        -10.77  0.4049   22.165        -10.77  0.4049   19.806
          3.7700      -10.77  0.4049   23.577        -10.77  0.4049   23.876        -10.77  0.4049   22.199        -10.77  0.4049   19.837
          3.7800      -10.77  0.4049   23.200        -10.77  0.4049   23.696        -10.77  0.4049   22.223        -10.77  0.4049   19.868
          3.7895      -10.77  0.4049   22.830        -10.77  0.4049   23.512        -10.77  0.4049   22.238        -10.77  0.4049   19.898
          3.7990      -10.77  0.4049   22.450        -10.77  0.4049   23.315        -10.77  0.4049   22.245        -10.77  0.4049   19.928
          3.8085      -10.77  0.4049   22.062        -10.77  0.4049   23.106        -10.77  0.4049   22.245        -10.77  0.4049   19.958
          3.8180      -10.77  0.4049   21.666        -10.77  0.4049   22.887        -10.77  0.4049   22.236        -10.77  0.4049   19.989
          3.8275      -10.77  0.4049   21.264        -10.77  0.4049   22.657        -10.77  0.4049   22.219        -10.77  0.4049   20.019
          3.8370      -10.77  0.4049   20.857        -10.77  0.4049   22.417        -10.77  0.4049   22.194        -10.77  0.4049   20.050
          3.8465      -10.77  0.4049   20.448        -10.77  0.4049   22.169        -10.77  0.4049   22.161        -10.77  0.4049   20.080
          3.8560      -10.77  0.4049   20.037        -10.77  0.4049   21.913        -10.77  0.4049   22.121        -10.77  0.4049   20.109
          3.8655      -10.77  0.4049   19.625        -10.77  0.4049   21.650        -10.77  0.4049   22.072        -10.77  0.4049   20.138
          3.8750      -10.77  0.4049   19.215        -10.77  0.4049   21.382        -10.77  0.4049   22.017        -10.77  0.4049   20.167
          3.8850      -10.77  0.4049   18.787        -10.77  0.4049   21.094        -10.77  0.4049   21.951        -10.77  0.4049   20.196
          3.8950      -10.77  0.4049   18.363        -10.77  0.4049   20.801        -10.77  0.4049   21.877        -10.77  0.4049   20.225
          3.9050      -10.77  0.4049   17.946        -10.77  0.4049   20.506        -10.77  0.4049   21.795        -10.77  0.4049   20.252
          3.9145      -10.77  0.4049   17.557        -10.77  0.4049   20.223        -10.77  0.4049   21.711        -10.77  0.4049   20.277
          3.9240      -10.77  0.4049   17.177        -10.77  0.4049   19.939        -10.77  0.4049   21.621        -10.77  0.4049   20.301
          3.9335      -10.77  0.4049   16.807        -10.77  0.4049   19.656        -10.77  0.4049   21.525        -10.77  0.4049   20.324
          3.9430      -10.77  0.4049   16.448        -10.77  0.4049   19.374        -10.77  0.4049   21.424        -10.77  0.4049   20.346
          3.9525      -10.77  0.4049   16.102        -10.77  0.4049   19.094        -10.77  0.4049   21.317        -10.77  0.4049   20.366
          3.9620      -10.77  0.4049   15.769        -10.77  0.4049   18.817        -10.77  0.4049   21.206        -10.77  0.4049   20.385
          3.9715      -10.77  0.4049   15.452        -10.77  0.4049   18.545        -10.77  0.4049   21.090        -10.77  0.4049   20.403
          3.9810      -10.77  0.4049   15.151        -10.77  0.4049   18.277        -10.77  0.4049   20.971        -10.77  0.4049   20.419
          3.9905      -10.77  0.4049   14.867        -10.77  0.4049   18.016        -10.77  0.4049   20.848        -10.77  0.4049   20.433
          4.0000      -10.77  0.4049   14.602        -10.77  0.4049   17.762        -10.77  0.4049   20.722        -10.77  0.4049   20.446
          4.0100      -10.77  0.4049   14.343        -10.77  0.4049   17.503        -10.77  0.4049   20.586        -10.77  0.4049   20.457
          4.0200      -10.77  0.4049   14.107        -10.77  0.4049   17.254        -10.77  0.4049   20.448        -10.77  0.4049   20.467
          4.0300      -10.77  0.4049   13.893        -10.77  0.4049   17.016        -10.77  0.4049   20.309        -10.77  0.4049   20.475
          4.0395      -10.77  0.4049   13.713        -10.77  0.4049   16.800        -10.77  0.4049   20.175        -10.77  0.4049   20.480
          4.0490      -10.77  0.4049   13.555        -10.77  0.4049   16.596        -10.77  0.4049   20.040        -10.77  0.4049   20.484
          4.0585      -10.77  0.4049   13.421        -10.77  0.4049   16.404        -10.77  0.4049   19.906        -10.77  0.4049   20.486
          4.0680      -10.77  0.4049   13.309        -10.77  0.4049   16.225        -10.77  0.4049   19.771        -10.77  0.4049   20.486
          4.0775      -10.77  0.4049   13.221        -10.77  0.4049   16.059        -10.77  0.4049   19.638        -10.77  0.4049   20.484
          4.0870      -10.77  0.4049   13.158        -10.77  0.4049   15.907        -10.77  0.4049   19.505        -10.77  0.4049   20.481
          4.0965      -10.77  0.4049   13.119        -10.77  0.4049   15.770        -10.77  0.4049   19.374        -10.77  0.4049   20.475
          4.1060      -10.77  0.4049   13.104        -10.77  0.4049   15.648        -10.77  0.4049   19.246        -10.77  0.4049   20.468
          4.1155      -10.77  0.4049   13.114        -10.77  0.4049   15.541        -10.77  0.4049   19.120        -10.77  0.4049   20.460
          4.1250      -10.77  0.4049   13.149        -10.77  0.4049   15.450        -10.77  0.4049   18.997        -10.77  0.4049   20.449
          4.1350      -10.77  0.4049   13.211        -10.77  0.4049   15.372        -10.77  0.4049   18.872        -10.77  0.4049   20.436
          4.1450      -10.77  0.4049   13.301        -10.77  0.4049   15.312        -10.77  0.4049   18.751        -10.77  0.4049   20.421
          4.1550      -10.77  0.4049   13.416        -10.77  0.4049   15.271        -10.77  0.4049   18.635        -10.77  0.4049   20.405
          4.1645      -10.77  0.4049   13.551        -10.77  0.4049   15.249        -10.77  0.4049   18.530        -10.77  0.4049   20.388
          4.1740      -10.77  0.4049   13.708        -10.77  0.4049   15.243        -10.77  0.4049   18.429        -10.77  0.4049   20.369
          4.1835      -10.77  0.4049   13.887        -10.77  0.4049   15.255        -10.77  0.4049   18.335        -10.77  0.4049   20.349
          4.1930      -10.77  0.4049   14.088        -10.77  0.4049   15.284        -10.77  0.4049   18.246        -10.77  0.4049   20.327
          4.2025      -10.77  0.4049   14.311        -10.77  0.4049   15.329        -10.77  0.4049   18.164        -10.77  0.4049   20.305
          4.2120      -10.77  0.4049   14.553        -10.77  0.4049   15.391        -10.77  0.4049   18.088        -10.77  0.4049   20.281
          4.2215      -10.77  0.4049   14.815        -10.77  0.4049   15.470        -10.77  0.4049   18.018        -10.77  0.4049   20.256
          4.2310      -10.77  0.4049   15.096        -10.77  0.4049   15.564        -10.77  0.4049   17.956        -10.77  0.4049   20.230
          4.2405      -10.77  0.4049   15.393        -10.77  0.4049   15.675        -10.77  0.4049   17.901        -10.77  0.4049   20.203
          4.2500      -10.77  0.4049   15.708        -10.77  0.4049   15.800        -10.77  0.4049   17.854        -10.77  0.4049   20.176
          4.2600      -10.77  0.4049   16.055        -10.77  0.4049   15.949        -10.77  0.4049   17.812        -10.77  0.4049   20.146
          4.2700      -10.77  0.4049   16.418        -10.77  0.4049   16.113        -10.77  0.4049   17.779        -10.77  0.4049   20.115
          4.2800      -10.77  0.4049   16.795        -10.77  0.4049   16.293        -10.77  0.4049   17.754        -10.77  0.4049   20.084
          4.2895      -10.77  0.4049   17.165        -10.77  0.4049   16.477        -10.77  0.4049   17.739        -10.77  0.4049   20.054
          4.2990      -10.77  0.4049   17.544        -10.77  0.4049   16.674        -10.77  0.4049   17.732        -10.77  0.4049   20.024
          4.3085      -10.77  0.4049   17.933        -10.77  0.4049   16.883        -10.77  0.4049   17.733        -10.77  0.4049   19.994
          4.3180      -10.77  0.4049   18.329        -10.77  0.4049   17.103        -10.77  0.4049   17.742        -10.77  0.4049   19.964
          4.3275      -10.77  0.4049   18.731        -10.77  0.4049   17.333        -10.77  0.4049   17.759        -10.77  0.4049   19.933
          4.3370      -10.77  0.4049   19.138        -10.77  0.4049   17.572        -10.77  0.4049   17.784        -10.77  0.4049   19.903
          4.3465      -10.77  0.4049   19.547        -10.77  0.4049   17.821        -10.77  0.4049   17.817        -10.77  0.4049   19.873
          4.3560      -10.77  0.4049   19.958        -10.77  0.4049   18.077        -10.77  0.4049   17.857        -10.77  0.4049   19.844
          4.3655      -10.77  0.4049   20.370        -10.77  0.4049   18.339        -10.77  0.4049   17.906        -10.77  0.4049   19.815
          4.3750      -10.77  0.4049   20.780        -10.77  0.4049   18.608        -10.77  0.4049   17.961        -10.77  0.4049   19.786
          4.3850      -10.77  0.4049   21.208        -10.77  0.4049   18.896        -10.77  0.4049   18.027        -10.77  0.4049   19.757
          4.3950      -10.77  0.4049   21.632        -10.77  0.4049   19.188        -10.77  0.4049   18.101        -10.77  0.4049   19.729
          4.4050      -10.77  0.4049   22.049        -10.77  0.4049   19.484        -10.77  0.4049   18.183        -10.77  0.4049   19.701
          4.4145      -10.77  0.4049   22.438        -10.77  0.4049   19.767        -10.77  0.4049   18.267        -10.77  0.4049   19.676
          4.4240      -10.77  0.4049   22.818        -10.77  0.4049   20.050        -10.77  0.4049   18.357        -10.77  0.4049   19.652
          4.4335      -10.77  0.4049   23.188        -10.77  0.4049   20.334        -10.77  0.4049   18.453        -10.77  0.4049   19.629
          4.4430      -10.77  0.4049   23.547        -10.77  0.4049   20.616        -10.77  0.4049   18.555        -10.77  0.4049   19.608
          4.4525      -10.77  0.4049   23.894        -10.77  0.4049   20.896        -10.77  0.4049   18.661        -10.77  0.4049   19.588
          4.4620      -10.77  0.4049   24.226        -10.77  0.4049   21.173        -10.77  0.4049   18.772        -10.77  0.4049   19.569
          4.4715      -10.77  0.4049   24.543        -10.77  0.4049   21.445        -10.77  0.4049   18.888        -10.77  0.4049   19.552
          4.4810      -10.77  0.4049   24.844        -10.77  0.4049   21.713        -10.77  0.4049   19.008        -10.77  0.4049   19.536
          4.4905      -10.77  0.4049   25.128        -10.77  0.4049   21.974        -10.77  0.4049   19.131        -10.77  0.4049   19.522
          4.5000      -10.77  0.4049   25.393        -10.77  0.4049   22.228        -10.77  0.4049   19.257        -10.77  0.4049   19.509
          4.5100      -10.77  0.4049   25.652        -10.77  0.4049   22.487        -10.77  0.4049   19.392        -10.77  0.4049   19.497
          4.5200      -10.77  0.4049   25.889        -10.77  0.4049   22.736        -10.77  0.4049   19.530        -10.77  0.4049   19.488
          4.5300      -10.77  0.4049   26.102        -10.77  0.4049   22.975        -10.77  0.4049   19.670        -10.77  0.4049   19.480
          4.5395      -10.77  0.4049   26.282        -10.77  0.4049   23.190        -10.77  0.4049   19.804        -10.77  0.4049   19.475
          4.5490      -10.77  0.4049   26.440        -10.77  0.4049   23.394        -10.77  0.4049   19.939        -10.77  0.4049   19.471
          4.5585      -10.77  0.4049   26.575        -10.77  0.4049   23.586        -10.77  0.4049   20.073        -10.77  0.4049   19.469
          4.5680      -10.77  0.4049   26.686        -10.77  0.4049   23.766        -10.77  0.4049   20.208        -10.77  0.4049   19.469
          4.5775      -10.77  0.4049   26.774        -10.77  0.4049   23.931        -10.77  0.4049   20.342        -10.77  0.4049   19.471
          4.5870      -10.77  0.4049   26.837        -10.77  0.4049   24.083        -10.77  0.4049   20.474        -10.77  0.4049   19.475
          4.5965      -10.77  0.4049   26.876        -10.77  0.4049   24.220        -10.77  0.4049   20.605        -10.77  0.4049   19.480
          4.6060      -10.77  0.4049   26.891        -10.77  0.4049   24.343        -10.77  0.4049   20.733        -10.77  0.4049   19.487
          4.6155      -10.77  0.4049   26.881        -10.77  0.4049   24.449        -10.77  0.4049   20.859        -10.77  0.4049   19.496
          4.6250      -10.77  0.4049   26.847        -10.77  0.4049   24.540        -10.77  0.4049   20.982        -10.77  0.4049   19.507
          4.6350      -10.77  0.4049   26.784        -10.77  0.4049   24.618        -10.77  0.4049   21.107        -10.77  0.4049   19.520
          4.6450      -10.77  0.4049   26.695        -10.77  0.4049   24.678        -10.77  0.4049   21.228        -10.77  0.4049   19.535
          4.6550      -10.77  0.4049   26.579        -10.77  0.4049   24.720        -10.77  0.4049   21.345        -10.77  0.4049   19.551
          4.6645      -10.77  0.4049   26.445        -10.77  0.4049   24.742        -10.77  0.4049   21.450        -10.77  0.4049   19.569
          4.6740      -10.77  0.4049   26.288        -10.77  0.4049   24.747        -10.77  0.4049   21.550        -10.77  0.4049   19.587
          4.6835      -10.77  0.4049   26.108        -10.77  0.4049   24.735        -10.77  0.4049   21.645        -10.77  0.4049   19.608
          4.6930      -10.77  0.4049   25.907        -10.77  0.4049   24.707        -10.77  0.4049   21.734        -10.77  0.4049   19.629
          4.7025      -10.77  0.4049   25.685        -10.77  0.4049   24.661        -10.77  0.4049   21.816        -10.77  0.4049   19.652
          4.7120      -10.77  0.4049   25.442        -10.77  0.4049   24.599        -10.77  0.4049   21.892        -10.77  0.4049   19.676
          4.7215      -10.77  0.4049   25.180        -10.77  0.4049   24.521        -10.77  0.4049   21.961        -10.77  0.4049   19.701
          4.7310      -10.77  0.4049   24.900        -10.77  0.4049   24.426        -10.77  0.4049   22.024        -10.77  0.4049   19.727
          4.7405      -10.77  0.4049   24.602        -10.77  0.4049   24.316        -10.77  0.4049   22.079        -10.77  0.4049   19.754
          4.7500      -10.77  0.4049   24.288        -10.77  0.4049   24.190        -10.77  0.4049   22.126        -10.77  0.4049   19.781
          4.7600      -10.77  0.4049   23.941        -10.77  0.4049   24.042        -10.77  0.4049   22.168        -10.77  0.4049   19.811
          4.7700      -10.77  0.4049   23.578        -10.77  0.4049   23.877        -10.77  0.4049   22.201        -10.77  0.4049   19.842
          4.7800      -10.77  0.4049   23.201        -10.77  0.4049   23.698        -10.77  0.4049   22.226        -10.77  0.4049   19.873
          4.7895      -10.77  0.4049   22.831        -10.77  0.4049   23.513        -10.77  0.4049   22.241        -10.77  0.4049   19.903
          4.7990      -10.77  0.4049   22.451        -10.77  0.4049   23.316        -10.77  0.4049   22.248        -10.77  0.4049   19.933
          4.8085      -10.77  0.4049   22.062        -10.77  0.4049   23.108        -10.77  0.4049   22.247        -10.77  0.4049   19.964
          4.8180      -10.77  0.4049   21.666        -10.77  0.4049   22.888        -10.77  0.4049   22.238        -10.77  0.4049   19.994
          4.8275      -10.77  0.4049   21.264        -10.77  0.4049   22.658        -10.77  0.4049   22.221        -10.77  0.4049   20.025
          4.8370      -10.77  0.4049   20.858        -10.77  0.4049   22.418        -10.77  0.4049   22.196        -10.77  0.4049   20.055
          4.8465      -10.77  0.4049   20.448        -10.77  0.4049   22.170        -10.77  0.4049   22.164        -10.77  0.4049   20.085
          4.8560      -10.77  0.4049   20.037        -10.77  0.4049   21.914        -10.77  0.4049   22.123        -10.77  0.4049   20.114
          4.8655      -10.77  0.4049   19.626        -10.77  0.4049   21.652        -10.77  0.4049   22.075        -10.77  0.4049   20.144
          4.8750      -10.77  0.4049   19.216        -10.77  0.4049   21.383        -10.77  0.4049   22.019        -10.77  0.4049   20.172
          4.8850      -10.77  0.4049   18.788        -10.77  0.4049   21.095        -10.77  0.4049   21.953        -10.77  0.4049   20.201
          4.8950      -10.77  0.4049   18.364        -10.77  0.4049   20.802        -10.77  0.4049   21.879        -10.77  0.4049   20.230
          4.9050      -10.77  0.4049   17.947        -10.77  0.4049   20.507        -10.77  0.4049   21.798        -10.77  0.4049   20.257
          4.9145      -10.77  0.4049   17.558        -10.77  0.4049   20.224        -10.77  0.4049   21.714        -10.77  0.4049   20.282
          4.9240      -10.77  0.4049   17.177        -10.77  0.4049   19.941        -10.77  0.4049   21.624        -10.77  0.4049   20.306
          4.9335      -10.77  0.4049   16.807        -10.77  0.4049   19.657        -10.77  0.4049   21.528        -10.77  0.4049   20.329
          4.9430      -10.77  0.4049   16.448        -10.77  0.4049   19.375        -10.77  0.4049   21.426        -10.77  0.4049   20.351
          4.9525      -10.77  0.4049   16.102        -10.77  0.4049   19.095        -10.77  0.4049   21.320        -10.77  0.4049   20.371
          4.9620      -10.77  0.4049   15.770        -10.77  0.4049   18.818        -10.77  0.4049   21.208        -10.77  0.4049   20.390
          4.9715      -10.77  0.4049   15.453        -10.77  0.4049   18.546        -10.77  0.4049   21.093        -10.77  0.4049   20.408
          4.9810      -10.77  0.4049   15.152        -10.77  0.4049   18.278        -10.77  0.4049   20.973        -10.77  0.4049   20.423
          4.9905      -10.77  0.4049   14.868        -10.77  0.4049   18.017        -10.77  0.4049   20.850        -10.77  0.4049   20.438
          5.0000      -10.77  0.4049   14.602        -10.77  0.4049   17.763        -10.77  0.4049   20.724        -10.77  0.4049   20.451
end
