 ******* Program HYDRUS
 ******* Regime permanent loam, nappe a -100 cm, q_top = -1.0 cm/j               
 Date:   0. 0.    Time: 512:**:**
 Units: L = cm   , T = days , M = g    

----------------------------------------------------------
 Time       [T]        0.0000
----------------------------------------------------------
 Sub-region num.                     1
----------------------------------------------------------
 Area     [L]        0.10000E+03  0.10000E+03
 W-volume [L]        0.31631E+02  0.31631E+02
 In-flow  [L/T]      0.00000E+00  0.00000E+00
 h Mean   [L]       -0.50000E+02 -0.50000E+02
 Top Flux [L/T]     -0.00000E+00
 Bot Flux [L/T]     -0.00000E+00
----------------------------------------------------------

----------------------------------------------------------
 Time       [T]       20.0000
----------------------------------------------------------
 Sub-region num.                     1
----------------------------------------------------------
 Area     [L]        0.10000E+03  0.10000E+03
 W-volume [L]        0.36719E+02  0.36719E+02
 In-flow  [L/T]      0.20027E-04  0.20027E-04
 h Mean   [L]       -0.22928E+02 -0.22928E+02
 Top Flux [L/T]     -0.10000E+01
 Bot Flux [L/T]     -0.99995E+00
 WatBalT  [L]        0.13351E-04
 WatBalR  [%]              0.000
----------------------------------------------------------

----------------------------------------------------------
 Time       [T]       40.0000
----------------------------------------------------------
 Sub-region num.                     1
----------------------------------------------------------
 Area     [L]        0.10000E+03  0.10000E+03
 W-volume [L]        0.36719E+02  0.36719E+02
 In-flow  [L/T]     -0.10580E-04 -0.10580E-04
 h Mean   [L]       -0.22928E+02 -0.22928E+02
 Top Flux [L/T]     -0.10000E+01
 Bot Flux [L/T]     -0.99999E+00
 WatBalT  [L]       -0.78201E-04
 WatBalR  [%]              0.000
----------------------------------------------------------

----------------------------------------------------------
 Time       [T]       60.0000
----------------------------------------------------------
 Sub-region num.                     1
----------------------------------------------------------
 Area     [L]        0.10000E+03  0.10000E+03
 W-volume [L]        0.36719E+02  0.36719E+02
 In-flow  [L/T]     -0.68188E-04 -0.68188E-04
 h Mean   [L]       -0.22928E+02 -0.22928E+02
 Top Flux [L/T]     -0.10000E+01
 Bot Flux [L/T]     -0.10000E+01
 WatBalT  [L]       -0.27657E-04
 WatBalR  [%]              0.000
----------------------------------------------------------

----------------------------------------------------------
 Time       [T]       80.0000
----------------------------------------------------------
 Sub-region num.                     1
----------------------------------------------------------
 Area     [L]        0.10000E+03  0.10000E+03
 W-volume [L]        0.36719E+02  0.36719E+02
 In-flow  [L/T]      0.62495E-04  0.62495E-04
 h Mean   [L]       -0.22928E+02 -0.22928E+02
 Top Flux [L/T]     -0.10000E+01
 Bot Flux [L/T]     -0.99996E+00
 WatBalT  [L]       -0.20027E-04
 WatBalR  [%]              0.000
----------------------------------------------------------

----------------------------------------------------------
 Time       [T]      100.0000
----------------------------------------------------------
 Sub-region num.                     1
----------------------------------------------------------
 Area     [L]        0.10000E+03  0.10000E+03
 W-volume [L]        0.36719E+02  0.36719E+02
 In-flow  [L/T]     -0.22948E-04 -0.22948E-04
 h Mean   [L]       -0.22928E+02 -0.22928E+02
 Top Flux [L/T]     -0.10000E+01
 Bot Flux [L/T]     -0.10000E+01
 WatBalT  [L]        0.76294E-05
 WatBalR  [%]              0.000
----------------------------------------------------------

----------------------------------------------------------
 Time       [T]      120.0000
----------------------------------------------------------
 Sub-region num.                     1
----------------------------------------------------------
 Area     [L]        0.10000E+03  0.10000E+03
 W-volume [L]        0.36719E+02  0.36719E+02
 In-flow  [L/T]     -0.11921E-06 -0.11921E-06
 h Mean   [L]       -0.22928E+02 -0.22928E+02
 Top Flux [L/T]     -0.10000E+01
 Bot Flux [L/T]     -0.10000E+01
 WatBalT  [L]       -0.42915E-04
 WatBalR  [%]              0.000
----------------------------------------------------------

----------------------------------------------------------
 Time       [T]      140.0000
----------------------------------------------------------
 Sub-region num.                     1
----------------------------------------------------------
 Area     [L]        0.10000E+03  0.10000E+03
 W-volume [L]        0.36719E+02  0.36719E+02
 In-flow  [L/T]      0.24438E-04  0.24438E-04
 h Mean   [L]       -0.22928E+02 -0.22928E+02
 Top Flux [L/T]     -0.10000E+01
 Bot Flux [L/T]     -0.99998E+00
 WatBalT  [L]        0.22888E-04
 WatBalR  [%]              0.000
----------------------------------------------------------

----------------------------------------------------------
 Time       [T]      160.0000
----------------------------------------------------------
 Sub-region num.                     1
----------------------------------------------------------
 Area     [L]        0.10000E+03  0.10000E+03
 W-volume [L]        0.36719E+02  0.36719E+02
 In-flow  [L/T]      0.96262E-05  0.96262E-05
 h Mean   [L]       -0.22928E+02 -0.22928E+02
 Top Flux [L/T]     -0.10000E+01
 Bot Flux [L/T]     -0.10000E+01
 WatBalT  [L]        0.12016E-03
 WatBalR  [%]              0.000
----------------------------------------------------------

----------------------------------------------------------
 Time       [T]      180.0000
----------------------------------------------------------
 Sub-region num.                     1
----------------------------------------------------------
 Area     [L]        0.10000E+03  0.10000E+03
 W-volume [L]        0.36719E+02  0.36719E+02
 In-flow  [L/T]     -0.18239E-04 -0.18239E-04
 h Mean   [L]       -0.22928E+02 -0.22928E+02
 Top Flux [L/T]     -0.10000E+01
 Bot Flux [L/T]     -0.10000E+01
 WatBalT  [L]        0.21791E-03
 WatBalR  [%]              0.000
----------------------------------------------------------

----------------------------------------------------------
 Time       [T]      200.0000
----------------------------------------------------------
 Sub-region num.                     1
----------------------------------------------------------
 Area     [L]        0.10000E+03  0.10000E+03
 W-volume [L]        0.36719E+02  0.36719E+02
 In-flow  [L/T]      0.48876E-05  0.48876E-05
 h Mean   [L]       -0.22928E+02 -0.22928E+02
 Top Flux [L/T]     -0.10000E+01
 Bot Flux [L/T]     -0.99998E+00
 WatBalT  [L]        0.15688E-03
 WatBalR  [%]              0.000
----------------------------------------------------------

 Calculation time [sec]   2151936034.0000000     
