 ******* Program HYDRUS
 ******* Regime permanent loam, nappe a -100 cm, q_top = -1.0 cm/j               
 Date:   0. 0.    Time: 512:**:**
 Units: L = cm   , T = days , M = g    



                               Node( 11)                      Node( 31)                      Node( 51)                      Node( 81)

         time         h        theta    Temp         h        theta    Temp         h        theta    Temp         h        theta    Temp   
          0.0100      -90.00  0.2513   20.000        -70.00  0.2730   20.000        -50.00  0.3029   20.000        -20.00  0.3755   20.000
          0.0200      -90.00  0.2513   20.000        -70.00  0.2730   20.000        -50.00  0.3029   20.000        -20.00  0.3755   20.000
          0.0300      -90.00  0.2513   20.000        -70.00  0.2730   20.000        -50.00  0.3029   20.000        -20.00  0.3755   20.000
          0.0400      -90.00  0.2513   20.000        -70.00  0.2730   20.000        -50.00  0.3029   20.000        -20.00  0.3755   20.000
          0.0500      -90.00  0.2513   20.000        -70.00  0.2730   20.000        -50.00  0.3029   20.000        -20.00  0.3755   20.000
          0.0600      -89.99  0.2514   20.000        -70.00  0.2730   20.000        -50.00  0.3029   20.000        -20.00  0.3755   20.000
          0.0700      -89.98  0.2514   20.000        -70.00  0.2730   20.000        -50.00  0.3029   20.000        -20.00  0.3755   20.000
          0.0800      -89.97  0.2514   20.000        -70.00  0.2730   20.000        -50.00  0.3029   20.000        -20.00  0.3755   20.000
          0.0900      -89.95  0.2514   20.000        -70.00  0.2730   20.000        -50.00  0.3029   20.000        -20.00  0.3755   20.000
          0.1030      -89.91  0.2514   20.000        -70.00  0.2730   20.000        -50.00  0.3029   20.000        -20.00  0.3755   20.000
          0.1199      -89.81  0.2515   20.000        -70.00  0.2730   20.000        -50.00  0.3029   20.000        -20.00  0.3755   20.000
          0.1368      -89.67  0.2517   20.000        -70.00  0.2730   20.000        -50.00  0.3029   20.000        -20.00  0.3755   20.000
          0.1537      -89.46  0.2519   20.000        -70.00  0.2730   20.000        -50.00  0.3029   20.000        -20.00  0.3755   20.000
          0.1706      -89.18  0.2522   20.000        -70.00  0.2730   20.000        -50.00  0.3029   20.000        -20.00  0.3755   20.000
          0.1926      -88.69  0.2526   20.000        -70.00  0.2730   20.000        -50.00  0.3029   20.000        -20.00  0.3755   20.000
          0.2211      -87.81  0.2535   20.000        -70.00  0.2730   20.000        -50.00  0.3029   20.000        -20.00  0.3755   20.000
          0.2497      -86.72  0.2546   20.000        -70.00  0.2730   20.000        -50.00  0.3029   20.000        -20.00  0.3755   20.000
          0.2783      -85.43  0.2559   20.000        -70.00  0.2730   20.000        -50.00  0.3029   20.000        -20.00  0.3755   20.000
          0.3068      -83.97  0.2573   20.000        -70.00  0.2730   20.000        -50.00  0.3029   20.000        -20.00  0.3755   20.000
          0.3354      -82.40  0.2589   20.000        -70.00  0.2730   20.000        -50.00  0.3029   20.000        -20.00  0.3755   20.000
          0.3639      -80.74  0.2605   20.000        -70.00  0.2730   20.000        -50.00  0.3029   20.000        -20.00  0.3755   20.000
          0.3925      -79.01  0.2622   20.000        -70.00  0.2730   20.000        -50.00  0.3029   20.000        -20.00  0.3755   20.000
          0.4296      -76.73  0.2645   20.000        -69.99  0.2730   20.000        -50.00  0.3029   20.000        -20.00  0.3755   20.000
          0.4668      -74.50  0.2671   20.000        -69.99  0.2730   20.000        -50.00  0.3029   20.000        -20.00  0.3755   20.000
          0.5039      -72.37  0.2699   20.000        -69.98  0.2730   20.000        -50.00  0.3029   20.000        -20.00  0.3755   20.000
          0.5535      -69.67  0.2734   20.000        -69.96  0.2730   20.000        -50.00  0.3029   20.000        -20.00  0.3755   20.000
          0.6031      -67.14  0.2767   20.000        -69.94  0.2731   20.000        -50.00  0.3029   20.000        -20.00  0.3755   20.000
          0.6527      -64.77  0.2798   20.000        -69.90  0.2731   20.000        -50.00  0.3029   20.000        -20.00  0.3755   20.000
          0.7023      -62.55  0.2828   20.000        -69.84  0.2732   20.000        -50.00  0.3029   20.000        -20.00  0.3755   20.000
          0.7519      -60.47  0.2855   20.000        -69.76  0.2733   20.000        -50.00  0.3029   20.000        -20.00  0.3755   20.000
          0.8140      -58.13  0.2892   20.000        -69.63  0.2735   20.000        -50.00  0.3029   20.000        -20.00  0.3755   20.000
          0.8760      -56.08  0.2927   20.000        -69.46  0.2737   20.000        -50.00  0.3029   20.000        -20.00  0.3755   20.000
          0.9380      -54.25  0.2957   20.000        -69.23  0.2740   20.000        -49.99  0.3029   20.000        -20.00  0.3755   20.000
          1.0000      -52.59  0.2985   20.000        -68.94  0.2744   20.000        -49.99  0.3029   20.000        -20.00  0.3755   20.000
          1.0627      -51.05  0.3011   20.000        -68.57  0.2749   20.000        -49.99  0.3029   20.000        -20.00  0.3755   20.000
          1.1443      -49.22  0.3042   20.000        -67.95  0.2757   20.000        -49.98  0.3029   20.000        -20.00  0.3755   20.000
          1.2299      -47.48  0.3071   20.000        -67.13  0.2768   20.000        -49.96  0.3029   20.000        -20.00  0.3755   20.000
          1.3155      -45.95  0.3103   20.000        -66.14  0.2781   20.000        -49.93  0.3030   20.000        -20.00  0.3755   20.000
          1.4010      -44.63  0.3130   20.000        -65.00  0.2795   20.000        -49.90  0.3030   20.000        -20.00  0.3755   20.000
          1.4866      -43.46  0.3155   20.000        -63.73  0.2812   20.000        -49.84  0.3031   20.000        -20.00  0.3755   20.000
          1.5722      -42.42  0.3176   20.000        -62.33  0.2830   20.000        -49.78  0.3032   20.000        -20.00  0.3755   20.000
          1.6791      -41.25  0.3201   20.000        -60.47  0.2855   20.000        -49.66  0.3034   20.000        -20.00  0.3755   20.000
          1.7861      -40.19  0.3223   20.000        -58.67  0.2883   20.000        -49.50  0.3037   20.000        -19.99  0.3755   20.000
          1.8930      -39.23  0.3243   20.000        -56.88  0.2913   20.000        -49.30  0.3040   20.000        -19.99  0.3755   20.000
          2.0000      -38.34  0.3261   20.000        -55.08  0.2944   20.000        -49.05  0.3045   20.000        -19.98  0.3756   20.000
          2.1111      -37.50  0.3279   20.000        -53.22  0.2975   20.000        -48.73  0.3050   20.000        -19.98  0.3756   20.000
          2.2222      -36.75  0.3298   20.000        -51.39  0.3005   20.000        -48.33  0.3057   20.000        -19.97  0.3756   20.000
          2.3519      -35.99  0.3317   20.000        -49.33  0.3040   20.000        -47.78  0.3066   20.000        -19.95  0.3757   20.000
          2.4815      -35.33  0.3333   20.000        -47.33  0.3074   20.000        -47.14  0.3078   20.000        -19.93  0.3757   20.000
          2.6111      -34.75  0.3347   20.000        -45.56  0.3111   20.000        -46.42  0.3093   20.000        -19.90  0.3758   20.000
          2.7407      -34.23  0.3360   20.000        -44.01  0.3143   20.000        -45.63  0.3110   20.000        -19.87  0.3759   20.000
          2.8704      -33.77  0.3372   20.000        -42.62  0.3172   20.000        -44.78  0.3127   20.000        -19.83  0.3760   20.000
          3.0000      -33.35  0.3382   20.000        -41.35  0.3199   20.000        -43.84  0.3147   20.000        -19.78  0.3762   20.000
          3.1667      -32.87  0.3394   20.000        -39.85  0.3230   20.000        -42.55  0.3174   20.000        -19.70  0.3764   20.000
          3.3333      -32.44  0.3404   20.000        -38.47  0.3258   20.000        -41.22  0.3201   20.000        -19.60  0.3767   20.000
          3.5000      -32.06  0.3414   20.000        -37.19  0.3287   20.000        -39.91  0.3228   20.000        -19.48  0.3771   20.000
          3.6667      -31.71  0.3422   20.000        -36.12  0.3313   20.000        -38.65  0.3255   20.000        -19.35  0.3775   20.000
          3.8333      -31.40  0.3430   20.000        -35.22  0.3335   20.000        -37.51  0.3279   20.000        -19.21  0.3779   20.000
          4.0000      -31.11  0.3437   20.000        -34.46  0.3354   20.000        -36.45  0.3305   20.000        -19.05  0.3784   20.000
          4.1667      -30.85  0.3444   20.000        -33.80  0.3371   20.000        -35.43  0.3330   20.000        -18.88  0.3789   20.000
          4.3750      -30.56  0.3451   20.000        -33.08  0.3388   20.000        -34.25  0.3360   20.000        -18.66  0.3796   20.000
          4.5833      -30.31  0.3457   20.000        -32.46  0.3404   20.000        -33.21  0.3385   20.000        -18.44  0.3803   20.000
          5.0000      -29.88  0.3468   20.000        -31.46  0.3429   20.000        -31.59  0.3425   20.000        -18.03  0.3816   20.000
          5.3333      -29.60  0.3475   20.000        -30.78  0.3445   20.000        -30.59  0.3450   20.000        -17.75  0.3826   20.000
          5.6667      -29.40  0.3481   20.000        -30.22  0.3459   20.000        -29.84  0.3469   20.000        -17.50  0.3834   20.000
          6.0000      -29.25  0.3485   20.000        -29.76  0.3471   20.000        -29.28  0.3484   20.000        -17.29  0.3840   20.000
          6.3333      -29.15  0.3488   20.000        -29.46  0.3479   20.000        -28.80  0.3498   20.000        -17.12  0.3846   20.000
          6.6667      -29.07  0.3490   20.000        -29.24  0.3485   20.000        -28.41  0.3509   20.000        -16.97  0.3850   20.000
          7.0000      -29.02  0.3492   20.000        -29.08  0.3490   20.000        -28.11  0.3517   20.000        -16.86  0.3854   20.000
          7.3333      -28.98  0.3493   20.000        -28.96  0.3493   20.000        -27.87  0.3524   20.000        -16.76  0.3857   20.000
          7.6667      -28.95  0.3494   20.000        -28.87  0.3496   20.000        -27.69  0.3529   20.000        -16.69  0.3860   20.000
          8.0000      -28.93  0.3494   20.000        -28.80  0.3498   20.000        -27.56  0.3533   20.000        -16.63  0.3861   20.000
          8.5000      -28.91  0.3495   20.000        -28.73  0.3500   20.000        -27.41  0.3537   20.000        -16.58  0.3863   20.000
          9.0000      -28.90  0.3495   20.000        -28.69  0.3501   20.000        -27.32  0.3539   20.000        -16.54  0.3864   20.000
          9.5000      -28.89  0.3495   20.000        -28.66  0.3502   20.000        -27.26  0.3541   20.000        -16.51  0.3865   20.000
         10.0000      -28.88  0.3496   20.000        -28.64  0.3502   20.000        -27.22  0.3542   20.000        -16.49  0.3866   20.000
         11.0000      -28.88  0.3496   20.000        -28.62  0.3503   20.000        -27.18  0.3544   20.000        -16.48  0.3866   20.000
         12.0000      -28.87  0.3496   20.000        -28.60  0.3503   20.000        -27.16  0.3544   20.000        -16.47  0.3867   20.000
         13.0000      -28.87  0.3496   20.000        -28.60  0.3503   20.000        -27.15  0.3544   20.000        -16.46  0.3867   20.000
         14.0000      -28.87  0.3496   20.000        -28.60  0.3504   20.000        -27.14  0.3545   20.000        -16.46  0.3867   20.000
         15.0000      -28.87  0.3496   20.000        -28.60  0.3504   20.000        -27.14  0.3545   20.000        -16.46  0.3867   20.000
         16.0000      -28.87  0.3496   20.000        -28.60  0.3504   20.000        -27.14  0.3545   20.000        -16.46  0.3867   20.000
         17.0000      -28.87  0.3496   20.000        -28.60  0.3504   20.000        -27.14  0.3545   20.000        -16.46  0.3867   20.000
         18.0000      -28.87  0.3496   20.000        -28.60  0.3504   20.000        -27.14  0.3545   20.000        -16.46  0.3867   20.000
         19.0000      -28.87  0.3496   20.000        -28.60  0.3504   20.000        -27.14  0.3545   20.000        -16.46  0.3867   20.000
         20.0000      -28.87  0.3496   20.000        -28.60  0.3504   20.000        -27.14  0.3545   20.000        -16.46  0.3867   20.000
         21.0000      -28.87  0.3496   20.000        -28.60  0.3504   20.000        -27.14  0.3545   20.000        -16.46  0.3867   20.000
         22.0000      -28.87  0.3496   20.000        -28.60  0.3504   20.000        -27.14  0.3545   20.000        -16.46  0.3867   20.000
         23.0000      -28.87  0.3496   20.000        -28.60  0.3504   20.000        -27.14  0.3545   20.000        -16.46  0.3867   20.000
         24.0000      -28.87  0.3496   20.000        -28.60  0.3504   20.000        -27.14  0.3545   20.000        -16.46  0.3867   20.000
         25.0000      -28.87  0.3496   20.000        -28.60  0.3504   20.000        -27.14  0.3545   20.000        -16.46  0.3867   20.000
         26.0000      -28.87  0.3496   20.000        -28.60  0.3504   20.000        -27.14  0.3545   20.000        -16.46  0.3867   20.000
         27.0000      -28.87  0.3496   20.000        -28.60  0.3504   20.000        -27.14  0.3545   20.000        -16.46  0.3867   20.000
         28.0000      -28.87  0.3496   20.000        -28.60  0.3504   20.000        -27.14  0.3545   20.000        -16.46  0.3867   20.000
         29.0000      -28.87  0.3496   20.000        -28.60  0.3504   20.000        -27.14  0.3545   20.000        -16.46  0.3867   20.000
         30.0000      -28.87  0.3496   20.000        -28.60  0.3504   20.000        -27.14  0.3545   20.000        -16.46  0.3867   20.000
         31.0000      -28.87  0.3496   20.000        -28.60  0.3504   20.000        -27.14  0.3545   20.000        -16.46  0.3867   20.000
         32.0000      -28.87  0.3496   20.000        -28.60  0.3504   20.000        -27.14  0.3545   20.000        -16.46  0.3867   20.000
         33.0000      -28.87  0.3496   20.000        -28.60  0.3504   20.000        -27.14  0.3545   20.000        -16.46  0.3867   20.000
         34.0000      -28.87  0.3496   20.000        -28.60  0.3504   20.000        -27.14  0.3545   20.000        -16.46  0.3867   20.000
         35.0000      -28.87  0.3496   20.000        -28.60  0.3504   20.000        -27.14  0.3545   20.000        -16.46  0.3867   20.000
         36.0000      -28.87  0.3496   20.000        -28.60  0.3504   20.000        -27.14  0.3545   20.000        -16.46  0.3867   20.000
         37.0000      -28.87  0.3496   20.000        -28.60  0.3504   20.000        -27.14  0.3545   20.000        -16.46  0.3867   20.000
         38.0000      -28.87  0.3496   20.000        -28.60  0.3504   20.000        -27.14  0.3545   20.000        -16.46  0.3867   20.000
         39.0000      -28.87  0.3496   20.000        -28.60  0.3504   20.000        -27.14  0.3545   20.000        -16.46  0.3867   20.000
         40.0000      -28.87  0.3496   20.000        -28.60  0.3504   20.000        -27.14  0.3545   20.000        -16.46  0.3867   20.000
         41.0000      -28.87  0.3496   20.000        -28.60  0.3504   20.000        -27.14  0.3545   20.000        -16.46  0.3867   20.000
         42.0000      -28.87  0.3496   20.000        -28.60  0.3504   20.000        -27.14  0.3545   20.000        -16.46  0.3867   20.000
         43.0000      -28.87  0.3496   20.000        -28.60  0.3504   20.000        -27.14  0.3545   20.000        -16.46  0.3867   20.000
         44.0000      -28.87  0.3496   20.000        -28.60  0.3504   20.000        -27.14  0.3545   20.000        -16.46  0.3867   20.000
         45.0000      -28.87  0.3496   20.000        -28.60  0.3504   20.000        -27.14  0.3545   20.000        -16.46  0.3867   20.000
         46.0000      -28.87  0.3496   20.000        -28.60  0.3504   20.000        -27.14  0.3545   20.000        -16.46  0.3867   20.000
         47.0000      -28.87  0.3496   20.000        -28.60  0.3504   20.000        -27.14  0.3545   20.000        -16.46  0.3867   20.000
         48.0000      -28.87  0.3496   20.000        -28.60  0.3504   20.000        -27.14  0.3545   20.000        -16.46  0.3867   20.000
         49.0000      -28.87  0.3496   20.000        -28.60  0.3504   20.000        -27.14  0.3545   20.000        -16.46  0.3867   20.000
         50.0000      -28.87  0.3496   20.000        -28.60  0.3504   20.000        -27.14  0.3545   20.000        -16.46  0.3867   20.000
         51.0000      -28.87  0.3496   20.000        -28.60  0.3504   20.000        -27.14  0.3545   20.000        -16.46  0.3867   20.000
         52.0000      -28.87  0.3496   20.000        -28.60  0.3504   20.000        -27.14  0.3545   20.000        -16.46  0.3867   20.000
         53.0000      -28.87  0.3496   20.000        -28.60  0.3504   20.000        -27.14  0.3545   20.000        -16.46  0.3867   20.000
         54.0000      -28.87  0.3496   20.000        -28.60  0.3504   20.000        -27.14  0.3545   20.000        -16.46  0.3867   20.000
         55.0000      -28.87  0.3496   20.000        -28.60  0.3504   20.000        -27.14  0.3545   20.000        -16.46  0.3867   20.000
         56.0000      -28.87  0.3496   20.000        -28.60  0.3504   20.000        -27.14  0.3545   20.000        -16.46  0.3867   20.000
         57.0000      -28.87  0.3496   20.000        -28.60  0.3504   20.000        -27.14  0.3545   20.000        -16.46  0.3867   20.000
         58.0000      -28.87  0.3496   20.000        -28.60  0.3504   20.000        -27.14  0.3545   20.000        -16.46  0.3867   20.000
         59.0000      -28.87  0.3496   20.000        -28.60  0.3504   20.000        -27.14  0.3545   20.000        -16.46  0.3867   20.000
         60.0000      -28.87  0.3496   20.000        -28.60  0.3504   20.000        -27.14  0.3545   20.000        -16.46  0.3867   20.000
         61.0000      -28.87  0.3496   20.000        -28.60  0.3504   20.000        -27.14  0.3545   20.000        -16.46  0.3867   20.000
         62.0000      -28.87  0.3496   20.000        -28.60  0.3504   20.000        -27.14  0.3545   20.000        -16.46  0.3867   20.000
         63.0000      -28.87  0.3496   20.000        -28.60  0.3504   20.000        -27.14  0.3545   20.000        -16.46  0.3867   20.000
         64.0000      -28.87  0.3496   20.000        -28.60  0.3504   20.000        -27.14  0.3545   20.000        -16.46  0.3867   20.000
         65.0000      -28.87  0.3496   20.000        -28.60  0.3504   20.000        -27.14  0.3545   20.000        -16.46  0.3867   20.000
         66.0000      -28.87  0.3496   20.000        -28.60  0.3504   20.000        -27.14  0.3545   20.000        -16.46  0.3867   20.000
         67.0000      -28.87  0.3496   20.000        -28.60  0.3504   20.000        -27.14  0.3545   20.000        -16.46  0.3867   20.000
         68.0000      -28.87  0.3496   20.000        -28.60  0.3504   20.000        -27.14  0.3545   20.000        -16.46  0.3867   20.000
         69.0000      -28.87  0.3496   20.000        -28.60  0.3504   20.000        -27.14  0.3545   20.000        -16.46  0.3867   20.000
         70.0000      -28.87  0.3496   20.000        -28.60  0.3504   20.000        -27.14  0.3545   20.000        -16.46  0.3867   20.000
         71.0000      -28.87  0.3496   20.000        -28.60  0.3504   20.000        -27.14  0.3545   20.000        -16.46  0.3867   20.000
         72.0000      -28.87  0.3496   20.000        -28.60  0.3504   20.000        -27.14  0.3545   20.000        -16.46  0.3867   20.000
         73.0000      -28.87  0.3496   20.000        -28.60  0.3504   20.000        -27.14  0.3545   20.000        -16.46  0.3867   20.000
         74.0000      -28.87  0.3496   20.000        -28.60  0.3504   20.000        -27.14  0.3545   20.000        -16.46  0.3867   20.000
         75.0000      -28.87  0.3496   20.000        -28.60  0.3504   20.000        -27.14  0.3545   20.000        -16.46  0.3867   20.000
         76.0000      -28.87  0.3496   20.000        -28.60  0.3504   20.000        -27.14  0.3545   20.000        -16.46  0.3867   20.000
         77.0000      -28.87  0.3496   20.000        -28.60  0.3504   20.000        -27.14  0.3545   20.000        -16.46  0.3867   20.000
         78.0000      -28.87  0.3496   20.000        -28.60  0.3504   20.000        -27.14  0.3545   20.000        -16.46  0.3867   20.000
         79.0000      -28.87  0.3496   20.000        -28.60  0.3504   20.000        -27.14  0.3545   20.000        -16.46  0.3867   20.000
         80.0000      -28.87  0.3496   20.000        -28.60  0.3504   20.000        -27.14  0.3545   20.000        -16.46  0.3867   20.000
         81.0000      -28.87  0.3496   20.000        -28.60  0.3504   20.000        -27.14  0.3545   20.000        -16.46  0.3867   20.000
         82.0000      -28.87  0.3496   20.000        -28.60  0.3504   20.000        -27.14  0.3545   20.000        -16.46  0.3867   20.000
         83.0000      -28.87  0.3496   20.000        -28.60  0.3504   20.000        -27.14  0.3545   20.000        -16.46  0.3867   20.000
         84.0000      -28.87  0.3496   20.000        -28.60  0.3504   20.000        -27.14  0.3545   20.000        -16.46  0.3867   20.000
         85.0000      -28.87  0.3496   20.000        -28.60  0.3504   20.000        -27.14  0.3545   20.000        -16.46  0.3867   20.000
         86.0000      -28.87  0.3496   20.000        -28.60  0.3504   20.000        -27.14  0.3545   20.000        -16.46  0.3867   20.000
         87.0000      -28.87  0.3496   20.000        -28.60  0.3504   20.000        -27.14  0.3545   20.000        -16.46  0.3867   20.000
         88.0000      -28.87  0.3496   20.000        -28.60  0.3504   20.000        -27.14  0.3545   20.000        -16.46  0.3867   20.000
         89.0000      -28.87  0.3496   20.000        -28.60  0.3504   20.000        -27.14  0.3545   20.000        -16.46  0.3867   20.000
         90.0000      -28.87  0.3496   20.000        -28.60  0.3504   20.000        -27.14  0.3545   20.000        -16.46  0.3867   20.000
         91.0000      -28.87  0.3496   20.000        -28.60  0.3504   20.000        -27.14  0.3545   20.000        -16.46  0.3867   20.000
         92.0000      -28.87  0.3496   20.000        -28.60  0.3504   20.000        -27.14  0.3545   20.000        -16.46  0.3867   20.000
         93.0000      -28.87  0.3496   20.000        -28.60  0.3504   20.000        -27.14  0.3545   20.000        -16.46  0.3867   20.000
         94.0000      -28.87  0.3496   20.000        -28.60  0.3504   20.000        -27.14  0.3545   20.000        -16.46  0.3867   20.000
         95.0000      -28.87  0.3496   20.000        -28.60  0.3504   20.000        -27.14  0.3545   20.000        -16.46  0.3867   20.000
         96.0000      -28.87  0.3496   20.000        -28.60  0.3504   20.000        -27.14  0.3545   20.000        -16.46  0.3867   20.000
         97.0000      -28.87  0.3496   20.000        -28.60  0.3504   20.000        -27.14  0.3545   20.000        -16.46  0.3867   20.000
         98.0000      -28.87  0.3496   20.000        -28.60  0.3504   20.000        -27.14  0.3545   20.000        -16.46  0.3867   20.000
         99.0000      -28.87  0.3496   20.000        -28.60  0.3504   20.000        -27.14  0.3545   20.000        -16.46  0.3867   20.000
        100.0000      -28.87  0.3496   20.000        -28.60  0.3504   20.000        -27.14  0.3545   20.000        -16.46  0.3867   20.000
        101.0000      -28.87  0.3496   20.000        -28.60  0.3504   20.000        -27.14  0.3545   20.000        -16.46  0.3867   20.000
        102.0000      -28.87  0.3496   20.000        -28.60  0.3504   20.000        -27.14  0.3545   20.000        -16.46  0.3867   20.000
        103.0000      -28.87  0.3496   20.000        -28.60  0.3504   20.000        -27.14  0.3545   20.000        -16.46  0.3867   20.000
        104.0000      -28.87  0.3496   20.000        -28.60  0.3504   20.000        -27.14  0.3545   20.000        -16.46  0.3867   20.000
        105.0000      -28.87  0.3496   20.000        -28.60  0.3504   20.000        -27.14  0.3545   20.000        -16.46  0.3867   20.000
        106.0000      -28.87  0.3496   20.000        -28.60  0.3504   20.000        -27.14  0.3545   20.000        -16.46  0.3867   20.000
        107.0000      -28.87  0.3496   20.000        -28.60  0.3504   20.000        -27.14  0.3545   20.000        -16.46  0.3867   20.000
        108.0000      -28.87  0.3496   20.000        -28.60  0.3504   20.000        -27.14  0.3545   20.000        -16.46  0.3867   20.000
        109.0000      -28.87  0.3496   20.000        -28.60  0.3504   20.000        -27.14  0.3545   20.000        -16.46  0.3867   20.000
        110.0000      -28.87  0.3496   20.000        -28.60  0.3504   20.000        -27.14  0.3545   20.000        -16.46  0.3867   20.000
        111.0000      -28.87  0.3496   20.000        -28.60  0.3504   20.000        -27.14  0.3545   20.000        -16.46  0.3867   20.000
        112.0000      -28.87  0.3496   20.000        -28.60  0.3504   20.000        -27.14  0.3545   20.000        -16.46  0.3867   20.000
        113.0000      -28.87  0.3496   20.000        -28.60  0.3504   20.000        -27.14  0.3545   20.000        -16.46  0.3867   20.000
        114.0000      -28.87  0.3496   20.000        -28.60  0.3504   20.000        -27.14  0.3545   20.000        -16.46  0.3867   20.000
        115.0000      -28.87  0.3496   20.000        -28.60  0.3504   20.000        -27.14  0.3545   20.000        -16.46  0.3867   20.000
        116.0000      -28.87  0.3496   20.000        -28.60  0.3504   20.000        -27.14  0.3545   20.000        -16.46  0.3867   20.000
        117.0000      -28.87  0.3496   20.000        -28.60  0.3504   20.000        -27.14  0.3545   20.000        -16.46  0.3867   20.000
        118.0000      -28.87  0.3496   20.000        -28.60  0.3504   20.000        -27.14  0.3545   20.000        -16.46  0.3867   20.000
        119.0000      -28.87  0.3496   20.000        -28.60  0.3504   20.000        -27.14  0.3545   20.000        -16.46  0.3867   20.000
        120.0000      -28.87  0.3496   20.000        -28.60  0.3504   20.000        -27.14  0.3545   20.000        -16.46  0.3867   20.000
        121.0000      -28.87  0.3496   20.000        -28.60  0.3504   20.000        -27.14  0.3545   20.000        -16.46  0.3867   20.000
        122.0000      -28.87  0.3496   20.000        -28.60  0.3504   20.000        -27.14  0.3545   20.000        -16.46  0.3867   20.000
        123.0000      -28.87  0.3496   20.000        -28.60  0.3504   20.000        -27.14  0.3545   20.000        -16.46  0.3867   20.000
        124.0000      -28.87  0.3496   20.000        -28.60  0.3504   20.000        -27.14  0.3545   20.000        -16.46  0.3867   20.000
        125.0000      -28.87  0.3496   20.000        -28.60  0.3504   20.000        -27.14  0.3545   20.000        -16.46  0.3867   20.000
        126.0000      -28.87  0.3496   20.000        -28.60  0.3504   20.000        -27.14  0.3545   20.000        -16.46  0.3867   20.000
        127.0000      -28.87  0.3496   20.000        -28.60  0.3504   20.000        -27.14  0.3545   20.000        -16.46  0.3867   20.000
        128.0000      -28.87  0.3496   20.000        -28.60  0.3504   20.000        -27.14  0.3545   20.000        -16.46  0.3867   20.000
        129.0000      -28.87  0.3496   20.000        -28.60  0.3504   20.000        -27.14  0.3545   20.000        -16.46  0.3867   20.000
        130.0000      -28.87  0.3496   20.000        -28.60  0.3504   20.000        -27.14  0.3545   20.000        -16.46  0.3867   20.000
        131.0000      -28.87  0.3496   20.000        -28.60  0.3504   20.000        -27.14  0.3545   20.000        -16.46  0.3867   20.000
        132.0000      -28.87  0.3496   20.000        -28.60  0.3504   20.000        -27.14  0.3545   20.000        -16.46  0.3867   20.000
        133.0000      -28.87  0.3496   20.000        -28.60  0.3504   20.000        -27.14  0.3545   20.000        -16.46  0.3867   20.000
        134.0000      -28.87  0.3496   20.000        -28.60  0.3504   20.000        -27.14  0.3545   20.000        -16.46  0.3867   20.000
        135.0000      -28.87  0.3496   20.000        -28.60  0.3504   20.000        -27.14  0.3545   20.000        -16.46  0.3867   20.000
        136.0000      -28.87  0.3496   20.000        -28.60  0.3504   20.000        -27.14  0.3545   20.000        -16.46  0.3867   20.000
        137.0000      -28.87  0.3496   20.000        -28.60  0.3504   20.000        -27.14  0.3545   20.000        -16.46  0.3867   20.000
        138.0000      -28.87  0.3496   20.000        -28.60  0.3504   20.000        -27.14  0.3545   20.000        -16.46  0.3867   20.000
        139.0000      -28.87  0.3496   20.000        -28.60  0.3504   20.000        -27.14  0.3545   20.000        -16.46  0.3867   20.000
        140.0000      -28.87  0.3496   20.000        -28.60  0.3504   20.000        -27.14  0.3545   20.000        -16.46  0.3867   20.000
        141.0000      -28.87  0.3496   20.000        -28.60  0.3504   20.000        -27.14  0.3545   20.000        -16.46  0.3867   20.000
        142.0000      -28.87  0.3496   20.000        -28.60  0.3504   20.000        -27.14  0.3545   20.000        -16.46  0.3867   20.000
        143.0000      -28.87  0.3496   20.000        -28.60  0.3504   20.000        -27.14  0.3545   20.000        -16.46  0.3867   20.000
        144.0000      -28.87  0.3496   20.000        -28.60  0.3504   20.000        -27.14  0.3545   20.000        -16.46  0.3867   20.000
        145.0000      -28.87  0.3496   20.000        -28.60  0.3504   20.000        -27.14  0.3545   20.000        -16.46  0.3867   20.000
        146.0000      -28.87  0.3496   20.000        -28.60  0.3504   20.000        -27.14  0.3545   20.000        -16.46  0.3867   20.000
        147.0000      -28.87  0.3496   20.000        -28.60  0.3504   20.000        -27.14  0.3545   20.000        -16.46  0.3867   20.000
        148.0000      -28.87  0.3496   20.000        -28.60  0.3504   20.000        -27.14  0.3545   20.000        -16.46  0.3867   20.000
        149.0000      -28.87  0.3496   20.000        -28.60  0.3504   20.000        -27.14  0.3545   20.000        -16.46  0.3867   20.000
        150.0000      -28.87  0.3496   20.000        -28.60  0.3504   20.000        -27.14  0.3545   20.000        -16.46  0.3867   20.000
        151.0000      -28.87  0.3496   20.000        -28.60  0.3504   20.000        -27.14  0.3545   20.000        -16.46  0.3867   20.000
        152.0000      -28.87  0.3496   20.000        -28.60  0.3504   20.000        -27.14  0.3545   20.000        -16.46  0.3867   20.000
        153.0000      -28.87  0.3496   20.000        -28.60  0.3504   20.000        -27.14  0.3545   20.000        -16.46  0.3867   20.000
        154.0000      -28.87  0.3496   20.000        -28.60  0.3504   20.000        -27.14  0.3545   20.000        -16.46  0.3867   20.000
        155.0000      -28.87  0.3496   20.000        -28.60  0.3504   20.000        -27.14  0.3545   20.000        -16.46  0.3867   20.000
        156.0000      -28.87  0.3496   20.000        -28.60  0.3504   20.000        -27.14  0.3545   20.000        -16.46  0.3867   20.000
        157.0000      -28.87  0.3496   20.000        -28.60  0.3504   20.000        -27.14  0.3545   20.000        -16.46  0.3867   20.000
        158.0000      -28.87  0.3496   20.000        -28.60  0.3504   20.000        -27.14  0.3545   20.000        -16.46  0.3867   20.000
        159.0000      -28.87  0.3496   20.000        -28.60  0.3504   20.000        -27.14  0.3545   20.000        -16.46  0.3867   20.000
        160.0000      -28.87  0.3496   20.000        -28.60  0.3504   20.000        -27.14  0.3545   20.000        -16.46  0.3867   20.000
        161.0000      -28.87  0.3496   20.000        -28.60  0.3504   20.000        -27.14  0.3545   20.000        -16.46  0.3867   20.000
        162.0000      -28.87  0.3496   20.000        -28.60  0.3504   20.000        -27.14  0.3545   20.000        -16.46  0.3867   20.000
        163.0000      -28.87  0.3496   20.000        -28.60  0.3504   20.000        -27.14  0.3545   20.000        -16.46  0.3867   20.000
        164.0000      -28.87  0.3496   20.000        -28.60  0.3504   20.000        -27.14  0.3545   20.000        -16.46  0.3867   20.000
        165.0000      -28.87  0.3496   20.000        -28.60  0.3504   20.000        -27.14  0.3545   20.000        -16.46  0.3867   20.000
        166.0000      -28.87  0.3496   20.000        -28.60  0.3504   20.000        -27.14  0.3545   20.000        -16.46  0.3867   20.000
        167.0000      -28.87  0.3496   20.000        -28.60  0.3504   20.000        -27.14  0.3545   20.000        -16.46  0.3867   20.000
        168.0000      -28.87  0.3496   20.000        -28.60  0.3504   20.000        -27.14  0.3545   20.000        -16.46  0.3867   20.000
        169.0000      -28.87  0.3496   20.000        -28.60  0.3504   20.000        -27.14  0.3545   20.000        -16.46  0.3867   20.000
        170.0000      -28.87  0.3496   20.000        -28.60  0.3504   20.000        -27.14  0.3545   20.000        -16.46  0.3867   20.000
        171.0000      -28.87  0.3496   20.000        -28.60  0.3504   20.000        -27.14  0.3545   20.000        -16.46  0.3867   20.000
        172.0000      -28.87  0.3496   20.000        -28.60  0.3504   20.000        -27.14  0.3545   20.000        -16.46  0.3867   20.000
        173.0000      -28.87  0.3496   20.000        -28.60  0.3504   20.000        -27.14  0.3545   20.000        -16.46  0.3867   20.000
        174.0000      -28.87  0.3496   20.000        -28.60  0.3504   20.000        -27.14  0.3545   20.000        -16.46  0.3867   20.000
        175.0000      -28.87  0.3496   20.000        -28.60  0.3504   20.000        -27.14  0.3545   20.000        -16.46  0.3867   20.000
        176.0000      -28.87  0.3496   20.000        -28.60  0.3504   20.000        -27.14  0.3545   20.000        -16.46  0.3867   20.000
        177.0000      -28.87  0.3496   20.000        -28.60  0.3504   20.000        -27.14  0.3545   20.000        -16.46  0.3867   20.000
        178.0000      -28.87  0.3496   20.000        -28.60  0.3504   20.000        -27.14  0.3545   20.000        -16.46  0.3867   20.000
        179.0000      -28.87  0.3496   20.000        -28.60  0.3504   20.000        -27.14  0.3545   20.000        -16.46  0.3867   20.000
        180.0000      -28.87  0.3496   20.000        -28.60  0.3504   20.000        -27.14  0.3545   20.000        -16.46  0.3867   20.000
        181.0000      -28.87  0.3496   20.000        -28.60  0.3504   20.000        -27.14  0.3545   20.000        -16.46  0.3867   20.000
        182.0000      -28.87  0.3496   20.000        -28.60  0.3504   20.000        -27.14  0.3545   20.000        -16.46  0.3867   20.000
        183.0000      -28.87  0.3496   20.000        -28.60  0.3504   20.000        -27.14  0.3545   20.000        -16.46  0.3867   20.000
        184.0000      -28.87  0.3496   20.000        -28.60  0.3504   20.000        -27.14  0.3545   20.000        -16.46  0.3867   20.000
        185.0000      -28.87  0.3496   20.000        -28.60  0.3504   20.000        -27.14  0.3545   20.000        -16.46  0.3867   20.000
        186.0000      -28.87  0.3496   20.000        -28.60  0.3504   20.000        -27.14  0.3545   20.000        -16.46  0.3867   20.000
        187.0000      -28.87  0.3496   20.000        -28.60  0.3504   20.000        -27.14  0.3545   20.000        -16.46  0.3867   20.000
        188.0000      -28.87  0.3496   20.000        -28.60  0.3504   20.000        -27.14  0.3545   20.000        -16.46  0.3867   20.000
        189.0000      -28.87  0.3496   20.000        -28.60  0.3504   20.000        -27.14  0.3545   20.000        -16.46  0.3867   20.000
        190.0000      -28.87  0.3496   20.000        -28.60  0.3504   20.000        -27.14  0.3545   20.000        -16.46  0.3867   20.000
        191.0000      -28.87  0.3496   20.000        -28.60  0.3504   20.000        -27.14  0.3545   20.000        -16.46  0.3867   20.000
        192.0000      -28.87  0.3496   20.000        -28.60  0.3504   20.000        -27.14  0.3545   20.000        -16.46  0.3867   20.000
        193.0000      -28.87  0.3496   20.000        -28.60  0.3504   20.000        -27.14  0.3545   20.000        -16.46  0.3867   20.000
        194.0000      -28.87  0.3496   20.000        -28.60  0.3504   20.000        -27.14  0.3545   20.000        -16.46  0.3867   20.000
        195.0000      -28.87  0.3496   20.000        -28.60  0.3504   20.000        -27.14  0.3545   20.000        -16.46  0.3867   20.000
        196.0000      -28.87  0.3496   20.000        -28.60  0.3504   20.000        -27.14  0.3545   20.000        -16.46  0.3867   20.000
        197.0000      -28.87  0.3496   20.000        -28.60  0.3504   20.000        -27.14  0.3545   20.000        -16.46  0.3867   20.000
        198.0000      -28.87  0.3496   20.000        -28.60  0.3504   20.000        -27.14  0.3545   20.000        -16.46  0.3867   20.000
        199.0000      -28.87  0.3496   20.000        -28.60  0.3504   20.000        -27.14  0.3545   20.000        -16.46  0.3867   20.000
        200.0000      -28.87  0.3496   20.000        -28.60  0.3504   20.000        -27.14  0.3545   20.000        -16.46  0.3867   20.000
end
