 ******* Program HYDRUS
 ******* Regime permanent loam, nappe a -100 cm, q_top = -1.0 cm/j               
 Date:   0. 0.    Time: 512:**:**
 Units: L = cm   , T = days , M = g    


    TLevel      Time          dt      Iter    ItCum  KodT  KodB  Convergency

        1  0.1000000E-01  0.10000E-01    6        6    -1     1     T
        2  0.2000000E-01  0.10000E-01    5       11    -1     1     T
        3  0.3000000E-01  0.10000E-01    4       15    -1     1     T
        4  0.4000000E-01  0.10000E-01    4       19    -1     1     T
        5  0.5000000E-01  0.10000E-01    4       23    -1     1     T
        6  0.6000000E-01  0.10000E-01    4       27    -1     1     T
        7  0.7000000E-01  0.10000E-01    4       31    -1     1     T
        8  0.8000000E-01  0.10000E-01    4       35    -1     1     T
        9  0.9000000E-01  0.10000E-01    2       37    -1     1     T
       10  0.1030000E+00  0.13000E-01    3       40    -1     1     T
       11  0.1199000E+00  0.16900E-01    4       44    -1     1     T
       12  0.1368000E+00  0.16900E-01    4       48    -1     1     T
       13  0.1537000E+00  0.16900E-01    4       52    -1     1     T
       14  0.1706000E+00  0.16900E-01    3       55    -1     1     T
       15  0.1925700E+00  0.21970E-01    3       58    -1     1     T
       16  0.2211310E+00  0.28561E-01    4       62    -1     1     T
       17  0.2496920E+00  0.28561E-01    4       66    -1     1     T
       18  0.2782530E+00  0.28561E-01    4       70    -1     1     T
       19  0.3068140E+00  0.28561E-01    4       74    -1     1     T
       20  0.3353750E+00  0.28561E-01    4       78    -1     1     T
       21  0.3639360E+00  0.28561E-01    4       82    -1     1     T
       22  0.3924970E+00  0.28561E-01    2       84    -1     1     T
       23  0.4296263E+00  0.37129E-01    4       88    -1     1     T
       24  0.4667556E+00  0.37129E-01    4       92    -1     1     T
       25  0.5038848E+00  0.37129E-01    3       95    -1     1     T
       26  0.5534964E+00  0.49612E-01    4       99    -1     1     T
       27  0.6031079E+00  0.49612E-01    4      103    -1     1     T
       28  0.6527194E+00  0.49612E-01    4      107    -1     1     T
       29  0.7023309E+00  0.49612E-01    4      111    -1     1     T
       30  0.7519424E+00  0.49612E-01    3      114    -1     1     T
       31  0.8139568E+00  0.62014E-01    4      118    -1     1     T
       32  0.8759712E+00  0.62014E-01    4      122    -1     1     T
       33  0.9379856E+00  0.62014E-01    4      126    -1     1     T
       34  0.1000000E+01  0.62014E-01    4      130    -1     1     T
       35  0.1062748E+01  0.62748E-01    3      133    -1     1     T
       36  0.1144322E+01  0.81573E-01    4      137    -1     1     T
       37  0.1229889E+01  0.85568E-01    4      141    -1     1     T
       38  0.1315457E+01  0.85568E-01    4      145    -1     1     T
       39  0.1401025E+01  0.85568E-01    4      149    -1     1     T
       40  0.1486593E+01  0.85568E-01    4      153    -1     1     T
       41  0.1572161E+01  0.85568E-01    3      156    -1     1     T
       42  0.1679121E+01  0.10696E+00    4      160    -1     1     T
       43  0.1786080E+01  0.10696E+00    4      164    -1     1     T
       44  0.1893040E+01  0.10696E+00    4      168    -1     1     T
       45  0.2000000E+01  0.10696E+00    4      172    -1     1     T
       46  0.2111111E+01  0.11111E+00    4      176    -1     1     T
       47  0.2222222E+01  0.11111E+00    3      179    -1     1     T
       48  0.2351852E+01  0.12963E+00    4      183    -1     1     T
       49  0.2481481E+01  0.12963E+00    4      187    -1     1     T
       50  0.2611111E+01  0.12963E+00    4      191    -1     1     T
       51  0.2740741E+01  0.12963E+00    4      195    -1     1     T
       52  0.2870370E+01  0.12963E+00    3      198    -1     1     T
       53  0.3000000E+01  0.12963E+00    3      201    -1     1     T
       54  0.3166667E+01  0.16667E+00    4      205    -1     1     T
       55  0.3333333E+01  0.16667E+00    4      209    -1     1     T
       56  0.3500000E+01  0.16667E+00    4      213    -1     1     T
       57  0.3666667E+01  0.16667E+00    4      217    -1     1     T
       58  0.3833333E+01  0.16667E+00    4      221    -1     1     T
       59  0.4000000E+01  0.16667E+00    4      225    -1     1     T
       60  0.4166667E+01  0.16667E+00    3      228    -1     1     T
       61  0.4375000E+01  0.20833E+00    4      232    -1     1     T
       62  0.4583333E+01  0.20833E+00    3      235    -1     1     T
       63  0.5000000E+01  0.41667E+00    5      240    -1     1     T
       64  0.5333333E+01  0.33333E+00    5      245    -1     1     T
       65  0.5666667E+01  0.33333E+00    5      250    -1     1     T
       66  0.6000000E+01  0.33333E+00    5      255    -1     1     T
       67  0.6333333E+01  0.33333E+00    5      260    -1     1     T
       68  0.6666667E+01  0.33333E+00    4      264    -1     1     T
       69  0.7000000E+01  0.33333E+00    4      268    -1     1     T
       70  0.7333333E+01  0.33333E+00    3      271    -1     1     T
       71  0.7666667E+01  0.33333E+00    3      274    -1     1     T
       72  0.8000000E+01  0.33333E+00    3      277    -1     1     T
       73  0.8500000E+01  0.50000E+00    4      281    -1     1     T
       74  0.9000000E+01  0.50000E+00    3      284    -1     1     T
       75  0.9500000E+01  0.50000E+00    3      287    -1     1     T
       76  0.1000000E+02  0.50000E+00    3      290    -1     1     T
       77  0.1100000E+02  0.10000E+01    5      295    -1     1     T
       78  0.1200000E+02  0.10000E+01    3      298    -1     1     T
       79  0.1300000E+02  0.10000E+01    3      301    -1     1     T
       80  0.1400000E+02  0.10000E+01    2      303    -1     1     T
       81  0.1500000E+02  0.10000E+01    2      305    -1     1     T
       82  0.1600000E+02  0.10000E+01    2      307    -1     1     T
       83  0.1700000E+02  0.10000E+01    2      309    -1     1     T
       84  0.1800000E+02  0.10000E+01    2      311    -1     1     T
       85  0.1900000E+02  0.10000E+01    2      313    -1     1     T
       86  0.2000000E+02  0.10000E+01    2      315    -1     1     T
       87  0.2100000E+02  0.10000E+01    2      317    -1     1     T
       88  0.2200000E+02  0.10000E+01    2      319    -1     1     T
       89  0.2300000E+02  0.10000E+01    2      321    -1     1     T
       90  0.2400000E+02  0.10000E+01    2      323    -1     1     T
       91  0.2500000E+02  0.10000E+01    2      325    -1     1     T
       92  0.2600000E+02  0.10000E+01    2      327    -1     1     T
       93  0.2700000E+02  0.10000E+01    2      329    -1     1     T
       94  0.2800000E+02  0.10000E+01    2      331    -1     1     T
       95  0.2900000E+02  0.10000E+01    2      333    -1     1     T
       96  0.3000000E+02  0.10000E+01    2      335    -1     1     T
       97  0.3100000E+02  0.10000E+01    2      337    -1     1     T
       98  0.3200000E+02  0.10000E+01    2      339    -1     1     T
       99  0.3300000E+02  0.10000E+01    2      341    -1     1     T
      100  0.3400000E+02  0.10000E+01    2      343    -1     1     T
      101  0.3500000E+02  0.10000E+01    2      345    -1     1     T
      102  0.3600000E+02  0.10000E+01    2      347    -1     1     T
      103  0.3700000E+02  0.10000E+01    2      349    -1     1     T
      104  0.3800000E+02  0.10000E+01    2      351    -1     1     T
      105  0.3900000E+02  0.10000E+01    2      353    -1     1     T
      106  0.4000000E+02  0.10000E+01    2      355    -1     1     T
      107  0.4100000E+02  0.10000E+01    2      357    -1     1     T
      108  0.4200000E+02  0.10000E+01    2      359    -1     1     T
      109  0.4300000E+02  0.10000E+01    2      361    -1     1     T
      110  0.4400000E+02  0.10000E+01    2      363    -1     1     T
      111  0.4500000E+02  0.10000E+01    2      365    -1     1     T
      112  0.4600000E+02  0.10000E+01    2      367    -1     1     T
      113  0.4700000E+02  0.10000E+01    2      369    -1     1     T
      114  0.4800000E+02  0.10000E+01    2      371    -1     1     T
      115  0.4900000E+02  0.10000E+01    2      373    -1     1     T
      116  0.5000000E+02  0.10000E+01    2      375    -1     1     T
      117  0.5100000E+02  0.10000E+01    2      377    -1     1     T
      118  0.5200000E+02  0.10000E+01    2      379    -1     1     T
      119  0.5300000E+02  0.10000E+01    2      381    -1     1     T
      120  0.5400000E+02  0.10000E+01    2      383    -1     1     T
      121  0.5500000E+02  0.10000E+01    2      385    -1     1     T
      122  0.5600000E+02  0.10000E+01    2      387    -1     1     T
      123  0.5700000E+02  0.10000E+01    2      389    -1     1     T
      124  0.5800000E+02  0.10000E+01    2      391    -1     1     T
      125  0.5900000E+02  0.10000E+01    2      393    -1     1     T
      126  0.6000000E+02  0.10000E+01    2      395    -1     1     T
      127  0.6100000E+02  0.10000E+01    2      397    -1     1     T
      128  0.6200000E+02  0.10000E+01    2      399    -1     1     T
      129  0.6300000E+02  0.10000E+01    2      401    -1     1     T
      130  0.6400000E+02  0.10000E+01    2      403    -1     1     T
      131  0.6500000E+02  0.10000E+01    2      405    -1     1     T
      132  0.6600000E+02  0.10000E+01    2      407    -1     1     T
      133  0.6700000E+02  0.10000E+01    2      409    -1     1     T
      134  0.6800000E+02  0.10000E+01    2      411    -1     1     T
      135  0.6900000E+02  0.10000E+01    2      413    -1     1     T
      136  0.7000000E+02  0.10000E+01    2      415    -1     1     T
      137  0.7100000E+02  0.10000E+01    2      417    -1     1     T
      138  0.7200000E+02  0.10000E+01    2      419    -1     1     T
      139  0.7300000E+02  0.10000E+01    2      421    -1     1     T
      140  0.7400000E+02  0.10000E+01    2      423    -1     1     T
      141  0.7500000E+02  0.10000E+01    2      425    -1     1     T
      142  0.7600000E+02  0.10000E+01    2      427    -1     1     T
      143  0.7700000E+02  0.10000E+01    2      429    -1     1     T
      144  0.7800000E+02  0.10000E+01    2      431    -1     1     T
      145  0.7900000E+02  0.10000E+01    2      433    -1     1     T
      146  0.8000000E+02  0.10000E+01    2      435    -1     1     T
      147  0.8100000E+02  0.10000E+01    2      437    -1     1     T
      148  0.8200000E+02  0.10000E+01    2      439    -1     1     T
      149  0.8300000E+02  0.10000E+01    2      441    -1     1     T
      150  0.8400000E+02  0.10000E+01    2      443    -1     1     T
      151  0.8500000E+02  0.10000E+01    2      445    -1     1     T
      152  0.8600000E+02  0.10000E+01    2      447    -1     1     T
      153  0.8700000E+02  0.10000E+01    2      449    -1     1     T
      154  0.8800000E+02  0.10000E+01    2      451    -1     1     T
      155  0.8900000E+02  0.10000E+01    2      453    -1     1     T
      156  0.9000000E+02  0.10000E+01    2      455    -1     1     T
      157  0.9100000E+02  0.10000E+01    2      457    -1     1     T
      158  0.9200000E+02  0.10000E+01    2      459    -1     1     T
      159  0.9300000E+02  0.10000E+01    2      461    -1     1     T
      160  0.9400000E+02  0.10000E+01    2      463    -1     1     T
      161  0.9500000E+02  0.10000E+01    2      465    -1     1     T
      162  0.9600000E+02  0.10000E+01    2      467    -1     1     T
      163  0.9700000E+02  0.10000E+01    2      469    -1     1     T
      164  0.9800000E+02  0.10000E+01    2      471    -1     1     T
      165  0.9900000E+02  0.10000E+01    2      473    -1     1     T
      166  0.1000000E+03  0.10000E+01    2      475    -1     1     T
      167  0.1010000E+03  0.10000E+01    2      477    -1     1     T
      168  0.1020000E+03  0.10000E+01    2      479    -1     1     T
      169  0.1030000E+03  0.10000E+01    2      481    -1     1     T
      170  0.1040000E+03  0.10000E+01    2      483    -1     1     T
      171  0.1050000E+03  0.10000E+01    2      485    -1     1     T
      172  0.1060000E+03  0.10000E+01    2      487    -1     1     T
      173  0.1070000E+03  0.10000E+01    2      489    -1     1     T
      174  0.1080000E+03  0.10000E+01    2      491    -1     1     T
      175  0.1090000E+03  0.10000E+01    2      493    -1     1     T
      176  0.1100000E+03  0.10000E+01    2      495    -1     1     T
      177  0.1110000E+03  0.10000E+01    2      497    -1     1     T
      178  0.1120000E+03  0.10000E+01    2      499    -1     1     T
      179  0.1130000E+03  0.10000E+01    2      501    -1     1     T
      180  0.1140000E+03  0.10000E+01    2      503    -1     1     T
      181  0.1150000E+03  0.10000E+01    2      505    -1     1     T
      182  0.1160000E+03  0.10000E+01    2      507    -1     1     T
      183  0.1170000E+03  0.10000E+01    2      509    -1     1     T
      184  0.1180000E+03  0.10000E+01    2      511    -1     1     T
      185  0.1190000E+03  0.10000E+01    2      513    -1     1     T
      186  0.1200000E+03  0.10000E+01    2      515    -1     1     T
      187  0.1210000E+03  0.10000E+01    2      517    -1     1     T
      188  0.1220000E+03  0.10000E+01    2      519    -1     1     T
      189  0.1230000E+03  0.10000E+01    2      521    -1     1     T
      190  0.1240000E+03  0.10000E+01    2      523    -1     1     T
      191  0.1250000E+03  0.10000E+01    2      525    -1     1     T
      192  0.1260000E+03  0.10000E+01    2      527    -1     1     T
      193  0.1270000E+03  0.10000E+01    2      529    -1     1     T
      194  0.1280000E+03  0.10000E+01    2      531    -1     1     T
      195  0.1290000E+03  0.10000E+01    2      533    -1     1     T
      196  0.1300000E+03  0.10000E+01    2      535    -1     1     T
      197  0.1310000E+03  0.10000E+01    2      537    -1     1     T
      198  0.1320000E+03  0.10000E+01    2      539    -1     1     T
      199  0.1330000E+03  0.10000E+01    2      541    -1     1     T
      200  0.1340000E+03  0.10000E+01    2      543    -1     1     T
      201  0.1350000E+03  0.10000E+01    2      545    -1     1     T
      202  0.1360000E+03  0.10000E+01    2      547    -1     1     T
      203  0.1370000E+03  0.10000E+01    2      549    -1     1     T
      204  0.1380000E+03  0.10000E+01    2      551    -1     1     T
      205  0.1390000E+03  0.10000E+01    2      553    -1     1     T
      206  0.1400000E+03  0.10000E+01    2      555    -1     1     T
      207  0.1410000E+03  0.10000E+01    2      557    -1     1     T
      208  0.1420000E+03  0.10000E+01    2      559    -1     1     T
      209  0.1430000E+03  0.10000E+01    2      561    -1     1     T
      210  0.1440000E+03  0.10000E+01    2      563    -1     1     T
      211  0.1450000E+03  0.10000E+01    2      565    -1     1     T
      212  0.1460000E+03  0.10000E+01    2      567    -1     1     T
      213  0.1470000E+03  0.10000E+01    2      569    -1     1     T
      214  0.1480000E+03  0.10000E+01    2      571    -1     1     T
      215  0.1490000E+03  0.10000E+01    2      573    -1     1     T
      216  0.1500000E+03  0.10000E+01    2      575    -1     1     T
      217  0.1510000E+03  0.10000E+01    2      577    -1     1     T
      218  0.1520000E+03  0.10000E+01    2      579    -1     1     T
      219  0.1530000E+03  0.10000E+01    2      581    -1     1     T
      220  0.1540000E+03  0.10000E+01    2      583    -1     1     T
      221  0.1550000E+03  0.10000E+01    2      585    -1     1     T
      222  0.1560000E+03  0.10000E+01    2      587    -1     1     T
      223  0.1570000E+03  0.10000E+01    2      589    -1     1     T
      224  0.1580000E+03  0.10000E+01    2      591    -1     1     T
      225  0.1590000E+03  0.10000E+01    2      593    -1     1     T
      226  0.1600000E+03  0.10000E+01    2      595    -1     1     T
      227  0.1610000E+03  0.10000E+01    2      597    -1     1     T
      228  0.1620000E+03  0.10000E+01    2      599    -1     1     T
      229  0.1630000E+03  0.10000E+01    2      601    -1     1     T
      230  0.1640000E+03  0.10000E+01    2      603    -1     1     T
      231  0.1650000E+03  0.10000E+01    2      605    -1     1     T
      232  0.1660000E+03  0.10000E+01    2      607    -1     1     T
      233  0.1670000E+03  0.10000E+01    2      609    -1     1     T
      234  0.1680000E+03  0.10000E+01    2      611    -1     1     T
      235  0.1690000E+03  0.10000E+01    2      613    -1     1     T
      236  0.1700000E+03  0.10000E+01    2      615    -1     1     T
      237  0.1710000E+03  0.10000E+01    2      617    -1     1     T
      238  0.1720000E+03  0.10000E+01    2      619    -1     1     T
      239  0.1730000E+03  0.10000E+01    2      621    -1     1     T
      240  0.1740000E+03  0.10000E+01    2      623    -1     1     T
      241  0.1750000E+03  0.10000E+01    2      625    -1     1     T
      242  0.1760000E+03  0.10000E+01    2      627    -1     1     T
      243  0.1770000E+03  0.10000E+01    2      629    -1     1     T
      244  0.1780000E+03  0.10000E+01    2      631    -1     1     T
      245  0.1790000E+03  0.10000E+01    2      633    -1     1     T
      246  0.1800000E+03  0.10000E+01    2      635    -1     1     T
      247  0.1810000E+03  0.10000E+01    2      637    -1     1     T
      248  0.1820000E+03  0.10000E+01    2      639    -1     1     T
      249  0.1830000E+03  0.10000E+01    2      641    -1     1     T
      250  0.1840000E+03  0.10000E+01    2      643    -1     1     T
      251  0.1850000E+03  0.10000E+01    2      645    -1     1     T
      252  0.1860000E+03  0.10000E+01    2      647    -1     1     T
      253  0.1870000E+03  0.10000E+01    2      649    -1     1     T
      254  0.1880000E+03  0.10000E+01    2      651    -1     1     T
      255  0.1890000E+03  0.10000E+01    2      653    -1     1     T
      256  0.1900000E+03  0.10000E+01    2      655    -1     1     T
      257  0.1910000E+03  0.10000E+01    2      657    -1     1     T
      258  0.1920000E+03  0.10000E+01    2      659    -1     1     T
      259  0.1930000E+03  0.10000E+01    2      661    -1     1     T
      260  0.1940000E+03  0.10000E+01    2      663    -1     1     T
      261  0.1950000E+03  0.10000E+01    2      665    -1     1     T
      262  0.1960000E+03  0.10000E+01    2      667    -1     1     T
      263  0.1970000E+03  0.10000E+01    2      669    -1     1     T
      264  0.1980000E+03  0.10000E+01    2      671    -1     1     T
      265  0.1990000E+03  0.10000E+01    2      673    -1     1     T
      266  0.2000000E+03  0.10000E+01    2      675    -1     1     T
end
