 ******* Program HYDRUS
 ******* Regime permanent loam, nappe a -100 cm, q_top = -1.0 cm/j               
 Date:   0. 0.    Time: 512:**:**
 Units: L = cm   , T = days , M = g    

       Time          rTop        rRoot        vTop         vRoot        vBot       sum(rTop)   sum(rRoot)    sum(vTop)   sum(vRoot)    sum(vBot)      hTop         hRoot        hBot        RunOff    sum(RunOff)     Volume     sum(Infil)    sum(Evap) TLevel Cum(WTrans)  SnowLayer
        [T]         [L/T]        [L/T]        [L/T]        [L/T]        [L/T]         [L]          [L]          [L]         [L]           [L]         [L]           [L]         [L]          [L/T]         [L]          [L]          [L]          [L]

       0.0100 -0.10000E+01  0.00000E+00 -0.10000E+01  0.00000E+00 -0.11472E-04 -0.10000E-01  0.00000E+00 -0.10000E-01  0.00000E+00 -0.11472E-06 -0.87181E+02  0.00000E+00  0.00000E+00  0.00000E+00  0.00000E+00  0.31641E+02  0.00000E+00  0.00000E+00      1  0.00000E+00      0.000
       0.0200 -0.10000E+01  0.00000E+00 -0.10000E+01  0.00000E+00  0.25494E-05 -0.20000E-01  0.00000E+00 -0.20000E-01  0.00000E+00 -0.89230E-07 -0.80440E+02  0.00000E+00  0.00000E+00  0.00000E+00  0.00000E+00  0.31651E+02  0.00000E+00  0.00000E+00      2  0.00000E+00      0.000
       0.0300 -0.10000E+01  0.00000E+00 -0.10000E+01  0.00000E+00  0.50989E-05 -0.30000E-01  0.00000E+00 -0.30000E-01  0.00000E+00 -0.38241E-07 -0.76008E+02  0.00000E+00  0.00000E+00  0.00000E+00  0.00000E+00  0.31661E+02  0.00000E+00  0.00000E+00      3  0.00000E+00      0.000
       0.0400 -0.10000E+01  0.00000E+00 -0.10000E+01  0.00000E+00  0.76483E-05 -0.40000E-01  0.00000E+00 -0.40000E-01  0.00000E+00  0.38241E-07 -0.73275E+02  0.00000E+00  0.00000E+00  0.00000E+00  0.00000E+00  0.31671E+02  0.00000E+00  0.00000E+00      4  0.00000E+00      0.000
       0.0500 -0.10000E+01  0.00000E+00 -0.10000E+01  0.00000E+00 -0.12747E-05 -0.50000E-01  0.00000E+00 -0.50000E-01  0.00000E+00  0.25494E-07 -0.70997E+02  0.00000E+00  0.00000E+00  0.00000E+00  0.00000E+00  0.31681E+02  0.00000E+00  0.00000E+00      5  0.00000E+00      0.000
       0.0600 -0.10000E+01  0.00000E+00 -0.10000E+01  0.00000E+00  0.76483E-05 -0.60000E-01  0.00000E+00 -0.60000E-01  0.00000E+00  0.10198E-06 -0.68959E+02  0.00000E+00  0.00000E+00  0.00000E+00  0.00000E+00  0.31691E+02  0.00000E+00  0.00000E+00      6  0.00000E+00      0.000
       0.0700 -0.10000E+01  0.00000E+00 -0.10000E+01  0.00000E+00  0.25494E-05 -0.70000E-01  0.00000E+00 -0.70000E-01  0.00000E+00  0.12747E-06 -0.67217E+02  0.00000E+00  0.00000E+00  0.00000E+00  0.00000E+00  0.31701E+02  0.00000E+00  0.00000E+00      7  0.00000E+00      0.000
       0.0800 -0.10000E+01  0.00000E+00 -0.10000E+01  0.00000E+00  0.25494E-05 -0.80000E-01  0.00000E+00 -0.80000E-01  0.00000E+00  0.15297E-06 -0.65817E+02  0.00000E+00  0.00000E+00  0.00000E+00  0.00000E+00  0.31711E+02  0.00000E+00  0.00000E+00      8  0.00000E+00      0.000
       0.0900 -0.10000E+01  0.00000E+00 -0.10000E+01  0.00000E+00  0.76483E-05 -0.90000E-01  0.00000E+00 -0.90000E-01  0.00000E+00  0.22945E-06 -0.64572E+02  0.00000E+00  0.00000E+00  0.00000E+00  0.00000E+00  0.31721E+02  0.00000E+00  0.00000E+00      9  0.00000E+00      0.000
       0.1030 -0.10000E+01  0.00000E+00 -0.10000E+01  0.00000E+00  0.50989E-05 -0.10300E+00  0.00000E+00 -0.10300E+00  0.00000E+00  0.29573E-06 -0.63022E+02  0.00000E+00  0.00000E+00  0.00000E+00  0.00000E+00  0.31734E+02  0.00000E+00  0.00000E+00     10  0.00000E+00      0.000
       0.1199 -0.10000E+01  0.00000E+00 -0.10000E+01  0.00000E+00  0.00000E+00 -0.11990E+00  0.00000E+00 -0.11990E+00  0.00000E+00  0.29573E-06 -0.61289E+02  0.00000E+00  0.00000E+00  0.00000E+00  0.00000E+00  0.31751E+02  0.00000E+00  0.00000E+00     11  0.00000E+00      0.000
       0.1368 -0.10000E+01  0.00000E+00 -0.10000E+01  0.00000E+00  0.76483E-05 -0.13680E+00  0.00000E+00 -0.13680E+00  0.00000E+00  0.42499E-06 -0.59770E+02  0.00000E+00  0.00000E+00  0.00000E+00  0.00000E+00  0.31768E+02  0.00000E+00  0.00000E+00     12  0.00000E+00      0.000
       0.1537 -0.10000E+01  0.00000E+00 -0.10000E+01  0.00000E+00  0.10198E-04 -0.15370E+00  0.00000E+00 -0.15370E+00  0.00000E+00  0.59733E-06 -0.58539E+02  0.00000E+00  0.00000E+00  0.00000E+00  0.00000E+00  0.31785E+02  0.00000E+00  0.00000E+00     13  0.00000E+00      0.000
       0.1706 -0.10000E+01  0.00000E+00 -0.10000E+01  0.00000E+00  0.25494E-05 -0.17060E+00  0.00000E+00 -0.17060E+00  0.00000E+00  0.64042E-06 -0.57366E+02  0.00000E+00  0.00000E+00  0.00000E+00  0.00000E+00  0.31802E+02  0.00000E+00  0.00000E+00     14  0.00000E+00      0.000
       0.1926 -0.10000E+01  0.00000E+00 -0.10000E+01  0.00000E+00 -0.12747E-05 -0.19257E+00  0.00000E+00 -0.19257E+00  0.00000E+00  0.61241E-06 -0.55941E+02  0.00000E+00  0.00000E+00  0.00000E+00  0.00000E+00  0.31824E+02  0.00000E+00  0.00000E+00     15  0.00000E+00      0.000
       0.2211 -0.10000E+01  0.00000E+00 -0.10000E+01  0.00000E+00 -0.38241E-05 -0.22113E+00  0.00000E+00 -0.22113E+00  0.00000E+00  0.50319E-06 -0.54486E+02  0.00000E+00  0.00000E+00  0.00000E+00  0.00000E+00  0.31852E+02  0.00000E+00  0.00000E+00     16  0.00000E+00      0.000
       0.2497 -0.10000E+01  0.00000E+00 -0.10000E+01  0.00000E+00 -0.12747E-05 -0.24969E+00  0.00000E+00 -0.24969E+00  0.00000E+00  0.46678E-06 -0.53160E+02  0.00000E+00  0.00000E+00  0.00000E+00  0.00000E+00  0.31881E+02  0.00000E+00  0.00000E+00     17  0.00000E+00      0.000
       0.2783 -0.10000E+01  0.00000E+00 -0.10000E+01  0.00000E+00  0.25494E-05 -0.27825E+00  0.00000E+00 -0.27825E+00  0.00000E+00  0.53960E-06 -0.51970E+02  0.00000E+00  0.00000E+00  0.00000E+00  0.00000E+00  0.31909E+02  0.00000E+00  0.00000E+00     18  0.00000E+00      0.000
       0.3068 -0.10000E+01  0.00000E+00 -0.10000E+01  0.00000E+00  0.50989E-05 -0.30681E+00  0.00000E+00 -0.30681E+00  0.00000E+00  0.68523E-06 -0.50890E+02  0.00000E+00  0.00000E+00  0.00000E+00  0.00000E+00  0.31938E+02  0.00000E+00  0.00000E+00     19  0.00000E+00      0.000
       0.3354 -0.10000E+01  0.00000E+00 -0.10000E+01  0.00000E+00  0.76483E-05 -0.33537E+00  0.00000E+00 -0.33537E+00  0.00000E+00  0.90367E-06 -0.49885E+02  0.00000E+00  0.00000E+00  0.00000E+00  0.00000E+00  0.31966E+02  0.00000E+00  0.00000E+00     20  0.00000E+00      0.000
       0.3639 -0.10000E+01  0.00000E+00 -0.10000E+01  0.00000E+00  0.10198E-04 -0.36394E+00  0.00000E+00 -0.36394E+00  0.00000E+00  0.11949E-05 -0.48961E+02  0.00000E+00  0.00000E+00  0.00000E+00  0.00000E+00  0.31995E+02  0.00000E+00  0.00000E+00     21  0.00000E+00      0.000
       0.3925 -0.10000E+01  0.00000E+00 -0.10000E+01  0.00000E+00  0.76483E-05 -0.39250E+00  0.00000E+00 -0.39250E+00  0.00000E+00  0.14134E-05 -0.48101E+02  0.00000E+00  0.00000E+00  0.00000E+00  0.00000E+00  0.32024E+02  0.00000E+00  0.00000E+00     22  0.00000E+00      0.000
       0.4296 -0.10000E+01  0.00000E+00 -0.10000E+01  0.00000E+00  0.50989E-05 -0.42963E+00  0.00000E+00 -0.42963E+00  0.00000E+00  0.16027E-05 -0.47093E+02  0.00000E+00  0.00000E+00  0.00000E+00  0.00000E+00  0.32061E+02  0.00000E+00  0.00000E+00     23  0.00000E+00      0.000
       0.4668 -0.10000E+01  0.00000E+00 -0.10000E+01  0.00000E+00  0.10198E-04 -0.46676E+00  0.00000E+00 -0.46676E+00  0.00000E+00  0.19813E-05 -0.46201E+02  0.00000E+00  0.00000E+00  0.00000E+00  0.00000E+00  0.32098E+02  0.00000E+00  0.00000E+00     24  0.00000E+00      0.000
       0.5039 -0.10000E+01  0.00000E+00 -0.10000E+01  0.00000E+00 -0.50989E-05 -0.50388E+00  0.00000E+00 -0.50388E+00  0.00000E+00  0.17920E-05 -0.45359E+02  0.00000E+00  0.00000E+00  0.00000E+00  0.00000E+00  0.32135E+02  0.00000E+00  0.00000E+00     25  0.00000E+00      0.000
       0.5535 -0.10000E+01  0.00000E+00 -0.10000E+01  0.00000E+00  0.12747E-04 -0.55350E+00  0.00000E+00 -0.55350E+00  0.00000E+00  0.24244E-05 -0.44435E+02  0.00000E+00  0.00000E+00  0.00000E+00  0.00000E+00  0.32185E+02  0.00000E+00  0.00000E+00     26  0.00000E+00      0.000
       0.6031 -0.10000E+01  0.00000E+00 -0.10000E+01  0.00000E+00  0.50989E-05 -0.60311E+00  0.00000E+00 -0.60311E+00  0.00000E+00  0.26774E-05 -0.43579E+02  0.00000E+00  0.00000E+00  0.00000E+00  0.00000E+00  0.32234E+02  0.00000E+00  0.00000E+00     27  0.00000E+00      0.000
       0.6527 -0.10000E+01  0.00000E+00 -0.10000E+01  0.00000E+00 -0.38241E-05 -0.65272E+00  0.00000E+00 -0.65272E+00  0.00000E+00  0.24876E-05 -0.42805E+02  0.00000E+00  0.00000E+00  0.00000E+00  0.00000E+00  0.32284E+02  0.00000E+00  0.00000E+00     28  0.00000E+00      0.000
       0.7023 -0.10000E+01  0.00000E+00 -0.10000E+01  0.00000E+00 -0.12747E-05 -0.70233E+00  0.00000E+00 -0.70233E+00  0.00000E+00  0.24244E-05 -0.42097E+02  0.00000E+00  0.00000E+00  0.00000E+00  0.00000E+00  0.32333E+02  0.00000E+00  0.00000E+00     29  0.00000E+00      0.000
       0.7519 -0.10000E+01  0.00000E+00 -0.10000E+01  0.00000E+00 -0.11472E-04 -0.75194E+00  0.00000E+00 -0.75194E+00  0.00000E+00  0.18552E-05 -0.41428E+02  0.00000E+00  0.00000E+00  0.00000E+00  0.00000E+00  0.32383E+02  0.00000E+00  0.00000E+00     30  0.00000E+00      0.000
       0.8140 -0.10000E+01  0.00000E+00 -0.10000E+01  0.00000E+00 -0.12747E-05 -0.81396E+00  0.00000E+00 -0.81396E+00  0.00000E+00  0.17762E-05 -0.40683E+02  0.00000E+00  0.00000E+00  0.00000E+00  0.00000E+00  0.32445E+02  0.00000E+00  0.00000E+00     31  0.00000E+00      0.000
       0.8760 -0.10000E+01  0.00000E+00 -0.10000E+01  0.00000E+00 -0.63736E-05 -0.87597E+00  0.00000E+00 -0.87597E+00  0.00000E+00  0.13809E-05 -0.39994E+02  0.00000E+00  0.00000E+00  0.00000E+00  0.00000E+00  0.32507E+02  0.00000E+00  0.00000E+00     32  0.00000E+00      0.000
       0.9380 -0.10000E+01  0.00000E+00 -0.10000E+01  0.00000E+00 -0.50989E-05 -0.93799E+00  0.00000E+00 -0.93799E+00  0.00000E+00  0.10647E-05 -0.39351E+02  0.00000E+00  0.00000E+00  0.00000E+00  0.00000E+00  0.32569E+02  0.00000E+00  0.00000E+00     33  0.00000E+00      0.000
       1.0000 -0.10000E+01  0.00000E+00 -0.10000E+01  0.00000E+00 -0.38241E-05 -0.10000E+01  0.00000E+00 -0.10000E+01  0.00000E+00  0.82758E-06 -0.38750E+02  0.00000E+00  0.00000E+00  0.00000E+00  0.00000E+00  0.32631E+02  0.00000E+00  0.00000E+00     34  0.00000E+00      0.000
       1.0627 -0.10000E+01  0.00000E+00 -0.10000E+01  0.00000E+00 -0.12747E-05 -0.10627E+01  0.00000E+00 -0.10627E+01  0.00000E+00  0.74760E-06 -0.38178E+02  0.00000E+00  0.00000E+00  0.00000E+00  0.00000E+00  0.32694E+02  0.00000E+00  0.00000E+00     35  0.00000E+00      0.000
       1.1443 -0.10000E+01  0.00000E+00 -0.10000E+01  0.00000E+00 -0.14022E-04 -0.11443E+01  0.00000E+00 -0.11443E+01  0.00000E+00 -0.39621E-06 -0.37506E+02  0.00000E+00  0.00000E+00  0.00000E+00  0.00000E+00  0.32775E+02  0.00000E+00  0.00000E+00     36  0.00000E+00      0.000
       1.2299 -0.10000E+01  0.00000E+00 -0.10000E+01  0.00000E+00 -0.29318E-04 -0.12299E+01  0.00000E+00 -0.12299E+01  0.00000E+00 -0.29049E-05 -0.36876E+02  0.00000E+00  0.00000E+00  0.00000E+00  0.00000E+00  0.32861E+02  0.00000E+00  0.00000E+00     37  0.00000E+00      0.000
       1.3155 -0.10000E+01  0.00000E+00 -0.10000E+01  0.00000E+00 -0.94329E-04 -0.13155E+01  0.00000E+00 -0.13155E+01  0.00000E+00 -0.10976E-04 -0.36332E+02  0.00000E+00  0.00000E+00  0.00000E+00  0.00000E+00  0.32947E+02  0.00000E+00  0.00000E+00     38  0.00000E+00      0.000
       1.4010 -0.10000E+01  0.00000E+00 -0.10000E+01  0.00000E+00 -0.14404E-03 -0.14010E+01  0.00000E+00 -0.14010E+01  0.00000E+00 -0.23302E-04 -0.35843E+02  0.00000E+00  0.00000E+00  0.00000E+00  0.00000E+00  0.33032E+02  0.00000E+00  0.00000E+00     39  0.00000E+00      0.000
       1.4866 -0.10000E+01  0.00000E+00 -0.10000E+01  0.00000E+00 -0.25622E-03 -0.14866E+01  0.00000E+00 -0.14866E+01  0.00000E+00 -0.45226E-04 -0.35399E+02  0.00000E+00  0.00000E+00  0.00000E+00  0.00000E+00  0.33118E+02  0.00000E+00  0.00000E+00     40  0.00000E+00      0.000
       1.5722 -0.10000E+01  0.00000E+00 -0.10000E+01  0.00000E+00 -0.42958E-03 -0.15722E+01  0.00000E+00 -0.15722E+01  0.00000E+00 -0.81984E-04 -0.34988E+02  0.00000E+00  0.00000E+00  0.00000E+00  0.00000E+00  0.33203E+02  0.00000E+00  0.00000E+00     41  0.00000E+00      0.000
       1.6791 -0.10000E+01  0.00000E+00 -0.10000E+01  0.00000E+00 -0.75718E-03 -0.16791E+01  0.00000E+00 -0.16791E+01  0.00000E+00 -0.16297E-03 -0.34537E+02  0.00000E+00  0.00000E+00  0.00000E+00  0.00000E+00  0.33310E+02  0.00000E+00  0.00000E+00     42  0.00000E+00      0.000
       1.7861 -0.10000E+01  0.00000E+00 -0.10000E+01  0.00000E+00 -0.12887E-02 -0.17861E+01  0.00000E+00 -0.17861E+01  0.00000E+00 -0.30082E-03 -0.34124E+02  0.00000E+00  0.00000E+00  0.00000E+00  0.00000E+00  0.33417E+02  0.00000E+00  0.00000E+00     43  0.00000E+00      0.000
       1.8930 -0.10000E+01  0.00000E+00 -0.10000E+01  0.00000E+00 -0.20651E-02 -0.18930E+01  0.00000E+00 -0.18930E+01  0.00000E+00 -0.52169E-03 -0.33746E+02  0.00000E+00  0.00000E+00  0.00000E+00  0.00000E+00  0.33524E+02  0.00000E+00  0.00000E+00     44  0.00000E+00      0.000
       2.0000 -0.10000E+01  0.00000E+00 -0.10000E+01  0.00000E+00 -0.31728E-02 -0.20000E+01  0.00000E+00 -0.20000E+01  0.00000E+00 -0.86106E-03 -0.33400E+02  0.00000E+00  0.00000E+00  0.00000E+00  0.00000E+00  0.33630E+02  0.00000E+00  0.00000E+00     45  0.00000E+00      0.000
       2.1111 -0.10000E+01  0.00000E+00 -0.10000E+01  0.00000E+00 -0.47663E-02 -0.21111E+01  0.00000E+00 -0.21111E+01  0.00000E+00 -0.13906E-02 -0.33071E+02  0.00000E+00  0.00000E+00  0.00000E+00  0.00000E+00  0.33741E+02  0.00000E+00  0.00000E+00     46  0.00000E+00      0.000
       2.2222 -0.10000E+01  0.00000E+00 -0.10000E+01  0.00000E+00 -0.69487E-02 -0.22222E+01  0.00000E+00 -0.22222E+01  0.00000E+00 -0.21627E-02 -0.32762E+02  0.00000E+00  0.00000E+00  0.00000E+00  0.00000E+00  0.33851E+02  0.00000E+00  0.00000E+00     47  0.00000E+00      0.000
       2.3519 -0.10000E+01  0.00000E+00 -0.10000E+01  0.00000E+00 -0.10384E-01 -0.23519E+01  0.00000E+00 -0.23519E+01  0.00000E+00 -0.35088E-02 -0.32444E+02  0.00000E+00  0.00000E+00  0.00000E+00  0.00000E+00  0.33979E+02  0.00000E+00  0.00000E+00     48  0.00000E+00      0.000
       2.4815 -0.10000E+01  0.00000E+00 -0.10000E+01  0.00000E+00 -0.15006E-01 -0.24815E+01  0.00000E+00 -0.24815E+01  0.00000E+00 -0.54540E-02 -0.32150E+02  0.00000E+00  0.00000E+00  0.00000E+00  0.00000E+00  0.34107E+02  0.00000E+00  0.00000E+00     49  0.00000E+00      0.000
       2.6111 -0.10000E+01  0.00000E+00 -0.10000E+01  0.00000E+00 -0.21052E-01 -0.26111E+01  0.00000E+00 -0.26111E+01  0.00000E+00 -0.81830E-02 -0.31878E+02  0.00000E+00  0.00000E+00  0.00000E+00  0.00000E+00  0.34234E+02  0.00000E+00  0.00000E+00     50  0.00000E+00      0.000
       2.7407 -0.10000E+01  0.00000E+00 -0.10000E+01  0.00000E+00 -0.28752E-01 -0.27407E+01  0.00000E+00 -0.27407E+01  0.00000E+00 -0.11910E-01 -0.31628E+02  0.00000E+00  0.00000E+00  0.00000E+00  0.00000E+00  0.34360E+02  0.00000E+00  0.00000E+00     51  0.00000E+00      0.000
       2.8704 -0.10000E+01  0.00000E+00 -0.10000E+01  0.00000E+00 -0.38362E-01 -0.28704E+01  0.00000E+00 -0.28704E+01  0.00000E+00 -0.16883E-01 -0.31392E+02  0.00000E+00  0.00000E+00  0.00000E+00  0.00000E+00  0.34485E+02  0.00000E+00  0.00000E+00     52  0.00000E+00      0.000
       3.0000 -0.10000E+01  0.00000E+00 -0.10000E+01  0.00000E+00 -0.50060E-01 -0.30000E+01  0.00000E+00 -0.30000E+01  0.00000E+00 -0.23372E-01 -0.31176E+02  0.00000E+00  0.00000E+00  0.00000E+00  0.00000E+00  0.34608E+02  0.00000E+00  0.00000E+00     53  0.00000E+00      0.000
       3.1667 -0.10000E+01  0.00000E+00 -0.10000E+01  0.00000E+00 -0.68899E-01 -0.31667E+01  0.00000E+00 -0.31667E+01  0.00000E+00 -0.34855E-01 -0.30928E+02  0.00000E+00  0.00000E+00  0.00000E+00  0.00000E+00  0.34763E+02  0.00000E+00  0.00000E+00     54  0.00000E+00      0.000
       3.3333 -0.10000E+01  0.00000E+00 -0.10000E+01  0.00000E+00 -0.91972E-01 -0.33333E+01  0.00000E+00 -0.33333E+01  0.00000E+00 -0.50184E-01 -0.30700E+02  0.00000E+00  0.00000E+00  0.00000E+00  0.00000E+00  0.34914E+02  0.00000E+00  0.00000E+00     55  0.00000E+00      0.000
       3.5000 -0.10000E+01  0.00000E+00 -0.10000E+01  0.00000E+00 -0.11951E+00 -0.35000E+01  0.00000E+00 -0.35000E+01  0.00000E+00 -0.70102E-01 -0.30491E+02  0.00000E+00  0.00000E+00  0.00000E+00  0.00000E+00  0.35061E+02  0.00000E+00  0.00000E+00     56  0.00000E+00      0.000
       3.6667 -0.10000E+01  0.00000E+00 -0.10000E+01  0.00000E+00 -0.15138E+00 -0.36667E+01  0.00000E+00 -0.36667E+01  0.00000E+00 -0.95333E-01 -0.30299E+02  0.00000E+00  0.00000E+00  0.00000E+00  0.00000E+00  0.35202E+02  0.00000E+00  0.00000E+00     57  0.00000E+00      0.000
       3.8333 -0.10000E+01  0.00000E+00 -0.10000E+01  0.00000E+00 -0.18734E+00 -0.38333E+01  0.00000E+00 -0.38333E+01  0.00000E+00 -0.12656E+00 -0.30123E+02  0.00000E+00  0.00000E+00  0.00000E+00  0.00000E+00  0.35338E+02  0.00000E+00  0.00000E+00     58  0.00000E+00      0.000
       4.0000 -0.10000E+01  0.00000E+00 -0.10000E+01  0.00000E+00 -0.22707E+00 -0.40000E+01  0.00000E+00 -0.40000E+01  0.00000E+00 -0.16440E+00 -0.29961E+02  0.00000E+00  0.00000E+00  0.00000E+00  0.00000E+00  0.35467E+02  0.00000E+00  0.00000E+00     59  0.00000E+00      0.000
       4.1667 -0.10000E+01  0.00000E+00 -0.10000E+01  0.00000E+00 -0.27034E+00 -0.41667E+01  0.00000E+00 -0.41667E+01  0.00000E+00 -0.20946E+00 -0.29809E+02  0.00000E+00  0.00000E+00  0.00000E+00  0.00000E+00  0.35588E+02  0.00000E+00  0.00000E+00     60  0.00000E+00      0.000
       4.3750 -0.10000E+01  0.00000E+00 -0.10000E+01  0.00000E+00 -0.32834E+00 -0.43750E+01  0.00000E+00 -0.43750E+01  0.00000E+00 -0.27786E+00 -0.29654E+02  0.00000E+00  0.00000E+00  0.00000E+00  0.00000E+00  0.35728E+02  0.00000E+00  0.00000E+00     61  0.00000E+00      0.000
       4.5833 -0.10000E+01  0.00000E+00 -0.10000E+01  0.00000E+00 -0.38859E+00 -0.45833E+01  0.00000E+00 -0.45833E+01  0.00000E+00 -0.35882E+00 -0.29520E+02  0.00000E+00  0.00000E+00  0.00000E+00  0.00000E+00  0.35856E+02  0.00000E+00  0.00000E+00     62  0.00000E+00      0.000
       5.0000 -0.10000E+01  0.00000E+00 -0.10000E+01  0.00000E+00 -0.50313E+00 -0.50000E+01  0.00000E+00 -0.50000E+01  0.00000E+00 -0.56845E+00 -0.29336E+02  0.00000E+00  0.00000E+00  0.00000E+00  0.00000E+00  0.36063E+02  0.00000E+00  0.00000E+00     63  0.00000E+00      0.000
       5.3333 -0.10000E+01  0.00000E+00 -0.10000E+01  0.00000E+00 -0.58767E+00 -0.53333E+01  0.00000E+00 -0.53333E+01  0.00000E+00 -0.76434E+00 -0.29222E+02  0.00000E+00  0.00000E+00  0.00000E+00  0.00000E+00  0.36200E+02  0.00000E+00  0.00000E+00     64  0.00000E+00      0.000
       5.6667 -0.10000E+01  0.00000E+00 -0.10000E+01  0.00000E+00 -0.66228E+00 -0.56667E+01  0.00000E+00 -0.56667E+01  0.00000E+00 -0.98510E+00 -0.29136E+02  0.00000E+00  0.00000E+00  0.00000E+00  0.00000E+00  0.36313E+02  0.00000E+00  0.00000E+00     65  0.00000E+00      0.000
       6.0000 -0.10000E+01  0.00000E+00 -0.10000E+01  0.00000E+00 -0.72662E+00 -0.60000E+01  0.00000E+00 -0.60000E+01  0.00000E+00 -0.12273E+01 -0.29072E+02  0.00000E+00  0.00000E+00  0.00000E+00  0.00000E+00  0.36404E+02  0.00000E+00  0.00000E+00     66  0.00000E+00      0.000
       6.3333 -0.10000E+01  0.00000E+00 -0.10000E+01  0.00000E+00 -0.78162E+00 -0.63333E+01  0.00000E+00 -0.63333E+01  0.00000E+00 -0.14878E+01 -0.29027E+02  0.00000E+00  0.00000E+00  0.00000E+00  0.00000E+00  0.36477E+02  0.00000E+00  0.00000E+00     67  0.00000E+00      0.000
       6.6667 -0.10000E+01  0.00000E+00 -0.10000E+01  0.00000E+00 -0.82795E+00 -0.66667E+01  0.00000E+00 -0.66667E+01  0.00000E+00 -0.17638E+01 -0.29000E+02  0.00000E+00  0.00000E+00  0.00000E+00  0.00000E+00  0.36534E+02  0.00000E+00  0.00000E+00     68  0.00000E+00      0.000
       7.0000 -0.10000E+01  0.00000E+00 -0.10000E+01  0.00000E+00 -0.86621E+00 -0.70000E+01  0.00000E+00 -0.70000E+01  0.00000E+00 -0.20526E+01 -0.28976E+02  0.00000E+00  0.00000E+00  0.00000E+00  0.00000E+00  0.36579E+02  0.00000E+00  0.00000E+00     69  0.00000E+00      0.000
       7.3333 -0.10000E+01  0.00000E+00 -0.10000E+01  0.00000E+00 -0.89698E+00 -0.73333E+01  0.00000E+00 -0.73333E+01  0.00000E+00 -0.23516E+01 -0.28952E+02  0.00000E+00  0.00000E+00  0.00000E+00  0.00000E+00  0.36613E+02  0.00000E+00  0.00000E+00     70  0.00000E+00      0.000
       7.6667 -0.10000E+01  0.00000E+00 -0.10000E+01  0.00000E+00 -0.92137E+00 -0.76667E+01  0.00000E+00 -0.76667E+01  0.00000E+00 -0.26587E+01 -0.28938E+02  0.00000E+00  0.00000E+00  0.00000E+00  0.00000E+00  0.36639E+02  0.00000E+00  0.00000E+00     71  0.00000E+00      0.000
       8.0000 -0.10000E+01  0.00000E+00 -0.10000E+01  0.00000E+00 -0.94030E+00 -0.80000E+01  0.00000E+00 -0.80000E+01  0.00000E+00 -0.29721E+01 -0.28929E+02  0.00000E+00  0.00000E+00  0.00000E+00  0.00000E+00  0.36659E+02  0.00000E+00  0.00000E+00     72  0.00000E+00      0.000
       8.5000 -0.10000E+01  0.00000E+00 -0.10000E+01  0.00000E+00 -0.95981E+00 -0.85000E+01  0.00000E+00 -0.85000E+01  0.00000E+00 -0.34520E+01 -0.28927E+02  0.00000E+00  0.00000E+00  0.00000E+00  0.00000E+00  0.36679E+02  0.00000E+00  0.00000E+00     73  0.00000E+00      0.000
       9.0000 -0.10000E+01  0.00000E+00 -0.10000E+01  0.00000E+00 -0.97298E+00 -0.90000E+01  0.00000E+00 -0.90000E+01  0.00000E+00 -0.39385E+01 -0.28917E+02  0.00000E+00  0.00000E+00  0.00000E+00  0.00000E+00  0.36693E+02  0.00000E+00  0.00000E+00     74  0.00000E+00      0.000
       9.5000 -0.10000E+01  0.00000E+00 -0.10000E+01  0.00000E+00 -0.98195E+00 -0.95000E+01  0.00000E+00 -0.95000E+01  0.00000E+00 -0.44295E+01 -0.28910E+02  0.00000E+00  0.00000E+00  0.00000E+00  0.00000E+00  0.36702E+02  0.00000E+00  0.00000E+00     75  0.00000E+00      0.000
      10.0000 -0.10000E+01  0.00000E+00 -0.10000E+01  0.00000E+00 -0.98794E+00 -0.10000E+02  0.00000E+00 -0.10000E+02  0.00000E+00 -0.49235E+01 -0.28908E+02  0.00000E+00  0.00000E+00  0.00000E+00  0.00000E+00  0.36708E+02  0.00000E+00  0.00000E+00     76  0.00000E+00      0.000
      11.0000 -0.10000E+01  0.00000E+00 -0.10000E+01  0.00000E+00 -0.99419E+00 -0.11000E+02  0.00000E+00 -0.11000E+02  0.00000E+00 -0.59177E+01 -0.28902E+02  0.00000E+00  0.00000E+00  0.00000E+00  0.00000E+00  0.36713E+02  0.00000E+00  0.00000E+00     77  0.00000E+00      0.000
      12.0000 -0.10000E+01  0.00000E+00 -0.10000E+01  0.00000E+00 -0.99685E+00 -0.12000E+02  0.00000E+00 -0.12000E+02  0.00000E+00 -0.69145E+01 -0.28909E+02  0.00000E+00  0.00000E+00  0.00000E+00  0.00000E+00  0.36717E+02  0.00000E+00  0.00000E+00     78  0.00000E+00      0.000
      13.0000 -0.10000E+01  0.00000E+00 -0.10000E+01  0.00000E+00 -0.99849E+00 -0.13000E+02  0.00000E+00 -0.13000E+02  0.00000E+00 -0.79130E+01 -0.28903E+02  0.00000E+00  0.00000E+00  0.00000E+00  0.00000E+00  0.36718E+02  0.00000E+00  0.00000E+00     79  0.00000E+00      0.000
      14.0000 -0.10000E+01  0.00000E+00 -0.10000E+01  0.00000E+00 -0.99928E+00 -0.14000E+02  0.00000E+00 -0.14000E+02  0.00000E+00 -0.89123E+01 -0.28901E+02  0.00000E+00  0.00000E+00  0.00000E+00  0.00000E+00  0.36719E+02  0.00000E+00  0.00000E+00     80  0.00000E+00      0.000
      15.0000 -0.10000E+01  0.00000E+00 -0.10000E+01  0.00000E+00 -0.99967E+00 -0.15000E+02  0.00000E+00 -0.15000E+02  0.00000E+00 -0.99120E+01 -0.28903E+02  0.00000E+00  0.00000E+00  0.00000E+00  0.00000E+00  0.36719E+02  0.00000E+00  0.00000E+00     81  0.00000E+00      0.000
      16.0000 -0.10000E+01  0.00000E+00 -0.10000E+01  0.00000E+00 -0.99986E+00 -0.16000E+02  0.00000E+00 -0.16000E+02  0.00000E+00 -0.10912E+02 -0.28902E+02  0.00000E+00  0.00000E+00  0.00000E+00  0.00000E+00  0.36719E+02  0.00000E+00  0.00000E+00     82  0.00000E+00      0.000
      17.0000 -0.10000E+01  0.00000E+00 -0.10000E+01  0.00000E+00 -0.99997E+00 -0.17000E+02  0.00000E+00 -0.17000E+02  0.00000E+00 -0.11912E+02 -0.28904E+02  0.00000E+00  0.00000E+00  0.00000E+00  0.00000E+00  0.36719E+02  0.00000E+00  0.00000E+00     83  0.00000E+00      0.000
      18.0000 -0.10000E+01  0.00000E+00 -0.10000E+01  0.00000E+00 -0.99996E+00 -0.18000E+02  0.00000E+00 -0.18000E+02  0.00000E+00 -0.12912E+02 -0.28903E+02  0.00000E+00  0.00000E+00  0.00000E+00  0.00000E+00  0.36719E+02  0.00000E+00  0.00000E+00     84  0.00000E+00      0.000
      19.0000 -0.10000E+01  0.00000E+00 -0.10000E+01  0.00000E+00 -0.10000E+01 -0.19000E+02  0.00000E+00 -0.19000E+02  0.00000E+00 -0.13912E+02 -0.28903E+02  0.00000E+00  0.00000E+00  0.00000E+00  0.00000E+00  0.36719E+02  0.00000E+00  0.00000E+00     85  0.00000E+00      0.000
      20.0000 -0.10000E+01  0.00000E+00 -0.10000E+01  0.00000E+00 -0.99995E+00 -0.20000E+02  0.00000E+00 -0.20000E+02  0.00000E+00 -0.14912E+02 -0.28904E+02  0.00000E+00  0.00000E+00  0.00000E+00  0.00000E+00  0.36719E+02  0.00000E+00  0.00000E+00     86  0.00000E+00      0.000
      21.0000 -0.10000E+01  0.00000E+00 -0.10000E+01  0.00000E+00 -0.10000E+01 -0.21000E+02  0.00000E+00 -0.21000E+02  0.00000E+00 -0.15912E+02 -0.28903E+02  0.00000E+00  0.00000E+00  0.00000E+00  0.00000E+00  0.36719E+02  0.00000E+00  0.00000E+00     87  0.00000E+00      0.000
      22.0000 -0.10000E+01  0.00000E+00 -0.10000E+01  0.00000E+00 -0.99996E+00 -0.22000E+02  0.00000E+00 -0.22000E+02  0.00000E+00 -0.16912E+02 -0.28904E+02  0.00000E+00  0.00000E+00  0.00000E+00  0.00000E+00  0.36719E+02  0.00000E+00  0.00000E+00     88  0.00000E+00      0.000
      23.0000 -0.10000E+01  0.00000E+00 -0.10000E+01  0.00000E+00 -0.10000E+01 -0.23000E+02  0.00000E+00 -0.23000E+02  0.00000E+00 -0.17912E+02 -0.28902E+02  0.00000E+00  0.00000E+00  0.00000E+00  0.00000E+00  0.36719E+02  0.00000E+00  0.00000E+00     89  0.00000E+00      0.000
      24.0000 -0.10000E+01  0.00000E+00 -0.10000E+01  0.00000E+00 -0.99996E+00 -0.24000E+02  0.00000E+00 -0.24000E+02  0.00000E+00 -0.18912E+02 -0.28905E+02  0.00000E+00  0.00000E+00  0.00000E+00  0.00000E+00  0.36719E+02  0.00000E+00  0.00000E+00     90  0.00000E+00      0.000
      25.0000 -0.10000E+01  0.00000E+00 -0.10000E+01  0.00000E+00 -0.10000E+01 -0.25000E+02  0.00000E+00 -0.25000E+02  0.00000E+00 -0.19912E+02 -0.28902E+02  0.00000E+00  0.00000E+00  0.00000E+00  0.00000E+00  0.36719E+02  0.00000E+00  0.00000E+00     91  0.00000E+00      0.000
      26.0000 -0.10000E+01  0.00000E+00 -0.10000E+01  0.00000E+00 -0.99994E+00 -0.26000E+02  0.00000E+00 -0.26000E+02  0.00000E+00 -0.20912E+02 -0.28905E+02  0.00000E+00  0.00000E+00  0.00000E+00  0.00000E+00  0.36719E+02  0.00000E+00  0.00000E+00     92  0.00000E+00      0.000
      27.0000 -0.10000E+01  0.00000E+00 -0.10000E+01  0.00000E+00 -0.10001E+01 -0.27000E+02  0.00000E+00 -0.27000E+02  0.00000E+00 -0.21912E+02 -0.28902E+02  0.00000E+00  0.00000E+00  0.00000E+00  0.00000E+00  0.36719E+02  0.00000E+00  0.00000E+00     93  0.00000E+00      0.000
      28.0000 -0.10000E+01  0.00000E+00 -0.10000E+01  0.00000E+00 -0.99995E+00 -0.28000E+02  0.00000E+00 -0.28000E+02  0.00000E+00 -0.22912E+02 -0.28905E+02  0.00000E+00  0.00000E+00  0.00000E+00  0.00000E+00  0.36719E+02  0.00000E+00  0.00000E+00     94  0.00000E+00      0.000
      29.0000 -0.10000E+01  0.00000E+00 -0.10000E+01  0.00000E+00 -0.10000E+01 -0.29000E+02  0.00000E+00 -0.29000E+02  0.00000E+00 -0.23912E+02 -0.28902E+02  0.00000E+00  0.00000E+00  0.00000E+00  0.00000E+00  0.36719E+02  0.00000E+00  0.00000E+00     95  0.00000E+00      0.000
      30.0000 -0.10000E+01  0.00000E+00 -0.10000E+01  0.00000E+00 -0.99995E+00 -0.30000E+02  0.00000E+00 -0.30000E+02  0.00000E+00 -0.24912E+02 -0.28905E+02  0.00000E+00  0.00000E+00  0.00000E+00  0.00000E+00  0.36719E+02  0.00000E+00  0.00000E+00     96  0.00000E+00      0.000
      31.0000 -0.10000E+01  0.00000E+00 -0.10000E+01  0.00000E+00 -0.10000E+01 -0.31000E+02  0.00000E+00 -0.31000E+02  0.00000E+00 -0.25912E+02 -0.28902E+02  0.00000E+00  0.00000E+00  0.00000E+00  0.00000E+00  0.36719E+02  0.00000E+00  0.00000E+00     97  0.00000E+00      0.000
      32.0000 -0.10000E+01  0.00000E+00 -0.10000E+01  0.00000E+00 -0.99995E+00 -0.32000E+02  0.00000E+00 -0.32000E+02  0.00000E+00 -0.26912E+02 -0.28905E+02  0.00000E+00  0.00000E+00  0.00000E+00  0.00000E+00  0.36719E+02  0.00000E+00  0.00000E+00     98  0.00000E+00      0.000
      33.0000 -0.10000E+01  0.00000E+00 -0.10000E+01  0.00000E+00 -0.10000E+01 -0.33000E+02  0.00000E+00 -0.33000E+02  0.00000E+00 -0.27912E+02 -0.28902E+02  0.00000E+00  0.00000E+00  0.00000E+00  0.00000E+00  0.36719E+02  0.00000E+00  0.00000E+00     99  0.00000E+00      0.000
      34.0000 -0.10000E+01  0.00000E+00 -0.10000E+01  0.00000E+00 -0.99995E+00 -0.34000E+02  0.00000E+00 -0.34000E+02  0.00000E+00 -0.28912E+02 -0.28905E+02  0.00000E+00  0.00000E+00  0.00000E+00  0.00000E+00  0.36719E+02  0.00000E+00  0.00000E+00    100  0.00000E+00      0.000
      35.0000 -0.10000E+01  0.00000E+00 -0.10000E+01  0.00000E+00 -0.10000E+01 -0.35000E+02  0.00000E+00 -0.35000E+02  0.00000E+00 -0.29912E+02 -0.28901E+02  0.00000E+00  0.00000E+00  0.00000E+00  0.00000E+00  0.36719E+02  0.00000E+00  0.00000E+00    101  0.00000E+00      0.000
      36.0000 -0.10000E+01  0.00000E+00 -0.10000E+01  0.00000E+00 -0.99996E+00 -0.36000E+02  0.00000E+00 -0.36000E+02  0.00000E+00 -0.30912E+02 -0.28905E+02  0.00000E+00  0.00000E+00  0.00000E+00  0.00000E+00  0.36719E+02  0.00000E+00  0.00000E+00    102  0.00000E+00      0.000
      37.0000 -0.10000E+01  0.00000E+00 -0.10000E+01  0.00000E+00 -0.10000E+01 -0.37000E+02  0.00000E+00 -0.37000E+02  0.00000E+00 -0.31912E+02 -0.28901E+02  0.00000E+00  0.00000E+00  0.00000E+00  0.00000E+00  0.36719E+02  0.00000E+00  0.00000E+00    103  0.00000E+00      0.000
      38.0000 -0.10000E+01  0.00000E+00 -0.10000E+01  0.00000E+00 -0.99997E+00 -0.38000E+02  0.00000E+00 -0.38000E+02  0.00000E+00 -0.32912E+02 -0.28905E+02  0.00000E+00  0.00000E+00  0.00000E+00  0.00000E+00  0.36719E+02  0.00000E+00  0.00000E+00    104  0.00000E+00      0.000
      39.0000 -0.10000E+01  0.00000E+00 -0.10000E+01  0.00000E+00 -0.10000E+01 -0.39000E+02  0.00000E+00 -0.39000E+02  0.00000E+00 -0.33912E+02 -0.28902E+02  0.00000E+00  0.00000E+00  0.00000E+00  0.00000E+00  0.36719E+02  0.00000E+00  0.00000E+00    105  0.00000E+00      0.000
      40.0000 -0.10000E+01  0.00000E+00 -0.10000E+01  0.00000E+00 -0.99999E+00 -0.40000E+02  0.00000E+00 -0.40000E+02  0.00000E+00 -0.34912E+02 -0.28904E+02  0.00000E+00  0.00000E+00  0.00000E+00  0.00000E+00  0.36719E+02  0.00000E+00  0.00000E+00    106  0.00000E+00      0.000
      41.0000 -0.10000E+01  0.00000E+00 -0.10000E+01  0.00000E+00 -0.10000E+01 -0.41000E+02  0.00000E+00 -0.41000E+02  0.00000E+00 -0.35912E+02 -0.28902E+02  0.00000E+00  0.00000E+00  0.00000E+00  0.00000E+00  0.36719E+02  0.00000E+00  0.00000E+00    107  0.00000E+00      0.000
      42.0000 -0.10000E+01  0.00000E+00 -0.10000E+01  0.00000E+00 -0.10000E+01 -0.42000E+02  0.00000E+00 -0.42000E+02  0.00000E+00 -0.36912E+02 -0.28904E+02  0.00000E+00  0.00000E+00  0.00000E+00  0.00000E+00  0.36719E+02  0.00000E+00  0.00000E+00    108  0.00000E+00      0.000
      43.0000 -0.10000E+01  0.00000E+00 -0.10000E+01  0.00000E+00 -0.10000E+01 -0.43000E+02  0.00000E+00 -0.43000E+02  0.00000E+00 -0.37912E+02 -0.28903E+02  0.00000E+00  0.00000E+00  0.00000E+00  0.00000E+00  0.36719E+02  0.00000E+00  0.00000E+00    109  0.00000E+00      0.000
      44.0000 -0.10000E+01  0.00000E+00 -0.10000E+01  0.00000E+00 -0.10000E+01 -0.44000E+02  0.00000E+00 -0.44000E+02  0.00000E+00 -0.38912E+02 -0.28904E+02  0.00000E+00  0.00000E+00  0.00000E+00  0.00000E+00  0.36719E+02  0.00000E+00  0.00000E+00    110  0.00000E+00      0.000
      45.0000 -0.10000E+01  0.00000E+00 -0.10000E+01  0.00000E+00 -0.10000E+01 -0.45000E+02  0.00000E+00 -0.45000E+02  0.00000E+00 -0.39912E+02 -0.28903E+02  0.00000E+00  0.00000E+00  0.00000E+00  0.00000E+00  0.36719E+02  0.00000E+00  0.00000E+00    111  0.00000E+00      0.000
      46.0000 -0.10000E+01  0.00000E+00 -0.10000E+01  0.00000E+00 -0.10000E+01 -0.46000E+02  0.00000E+00 -0.46000E+02  0.00000E+00 -0.40912E+02 -0.28903E+02  0.00000E+00  0.00000E+00  0.00000E+00  0.00000E+00  0.36719E+02  0.00000E+00  0.00000E+00    112  0.00000E+00      0.000
      47.0000 -0.10000E+01  0.00000E+00 -0.10000E+01  0.00000E+00 -0.99997E+00 -0.47000E+02  0.00000E+00 -0.47000E+02  0.00000E+00 -0.41912E+02 -0.28904E+02  0.00000E+00  0.00000E+00  0.00000E+00  0.00000E+00  0.36719E+02  0.00000E+00  0.00000E+00    113  0.00000E+00      0.000
      48.0000 -0.10000E+01  0.00000E+00 -0.10000E+01  0.00000E+00 -0.10000E+01 -0.48000E+02  0.00000E+00 -0.48000E+02  0.00000E+00 -0.42912E+02 -0.28903E+02  0.00000E+00  0.00000E+00  0.00000E+00  0.00000E+00  0.36719E+02  0.00000E+00  0.00000E+00    114  0.00000E+00      0.000
      49.0000 -0.10000E+01  0.00000E+00 -0.10000E+01  0.00000E+00 -0.99993E+00 -0.49000E+02  0.00000E+00 -0.49000E+02  0.00000E+00 -0.43912E+02 -0.28904E+02  0.00000E+00  0.00000E+00  0.00000E+00  0.00000E+00  0.36719E+02  0.00000E+00  0.00000E+00    115  0.00000E+00      0.000
      50.0000 -0.10000E+01  0.00000E+00 -0.10000E+01  0.00000E+00 -0.10001E+01 -0.50000E+02  0.00000E+00 -0.50000E+02  0.00000E+00 -0.44912E+02 -0.28903E+02  0.00000E+00  0.00000E+00  0.00000E+00  0.00000E+00  0.36719E+02  0.00000E+00  0.00000E+00    116  0.00000E+00      0.000
      51.0000 -0.10000E+01  0.00000E+00 -0.10000E+01  0.00000E+00 -0.99995E+00 -0.51000E+02  0.00000E+00 -0.51000E+02  0.00000E+00 -0.45912E+02 -0.28905E+02  0.00000E+00  0.00000E+00  0.00000E+00  0.00000E+00  0.36719E+02  0.00000E+00  0.00000E+00    117  0.00000E+00      0.000
      52.0000 -0.10000E+01  0.00000E+00 -0.10000E+01  0.00000E+00 -0.10000E+01 -0.52000E+02  0.00000E+00 -0.52000E+02  0.00000E+00 -0.46912E+02 -0.28902E+02  0.00000E+00  0.00000E+00  0.00000E+00  0.00000E+00  0.36719E+02  0.00000E+00  0.00000E+00    118  0.00000E+00      0.000
      53.0000 -0.10000E+01  0.00000E+00 -0.10000E+01  0.00000E+00 -0.99996E+00 -0.53000E+02  0.00000E+00 -0.53000E+02  0.00000E+00 -0.47912E+02 -0.28905E+02  0.00000E+00  0.00000E+00  0.00000E+00  0.00000E+00  0.36719E+02  0.00000E+00  0.00000E+00    119  0.00000E+00      0.000
      54.0000 -0.10000E+01  0.00000E+00 -0.10000E+01  0.00000E+00 -0.10000E+01 -0.54000E+02  0.00000E+00 -0.54000E+02  0.00000E+00 -0.48912E+02 -0.28902E+02  0.00000E+00  0.00000E+00  0.00000E+00  0.00000E+00  0.36719E+02  0.00000E+00  0.00000E+00    120  0.00000E+00      0.000
      55.0000 -0.10000E+01  0.00000E+00 -0.10000E+01  0.00000E+00 -0.99996E+00 -0.55000E+02  0.00000E+00 -0.55000E+02  0.00000E+00 -0.49912E+02 -0.28904E+02  0.00000E+00  0.00000E+00  0.00000E+00  0.00000E+00  0.36719E+02  0.00000E+00  0.00000E+00    121  0.00000E+00      0.000
      56.0000 -0.10000E+01  0.00000E+00 -0.10000E+01  0.00000E+00 -0.10001E+01 -0.56000E+02  0.00000E+00 -0.56000E+02  0.00000E+00 -0.50912E+02 -0.28902E+02  0.00000E+00  0.00000E+00  0.00000E+00  0.00000E+00  0.36719E+02  0.00000E+00  0.00000E+00    122  0.00000E+00      0.000
      57.0000 -0.10000E+01  0.00000E+00 -0.10000E+01  0.00000E+00 -0.99997E+00 -0.57000E+02  0.00000E+00 -0.57000E+02  0.00000E+00 -0.51912E+02 -0.28904E+02  0.00000E+00  0.00000E+00  0.00000E+00  0.00000E+00  0.36719E+02  0.00000E+00  0.00000E+00    123  0.00000E+00      0.000
      58.0000 -0.10000E+01  0.00000E+00 -0.10000E+01  0.00000E+00 -0.10000E+01 -0.58000E+02  0.00000E+00 -0.58000E+02  0.00000E+00 -0.52912E+02 -0.28902E+02  0.00000E+00  0.00000E+00  0.00000E+00  0.00000E+00  0.36719E+02  0.00000E+00  0.00000E+00    124  0.00000E+00      0.000
      59.0000 -0.10000E+01  0.00000E+00 -0.10000E+01  0.00000E+00 -0.99997E+00 -0.59000E+02  0.00000E+00 -0.59000E+02  0.00000E+00 -0.53912E+02 -0.28905E+02  0.00000E+00  0.00000E+00  0.00000E+00  0.00000E+00  0.36719E+02  0.00000E+00  0.00000E+00    125  0.00000E+00      0.000
      60.0000 -0.10000E+01  0.00000E+00 -0.10000E+01  0.00000E+00 -0.10000E+01 -0.60000E+02  0.00000E+00 -0.60000E+02  0.00000E+00 -0.54912E+02 -0.28902E+02  0.00000E+00  0.00000E+00  0.00000E+00  0.00000E+00  0.36719E+02  0.00000E+00  0.00000E+00    126  0.00000E+00      0.000
      61.0000 -0.10000E+01  0.00000E+00 -0.10000E+01  0.00000E+00 -0.99998E+00 -0.61000E+02  0.00000E+00 -0.61000E+02  0.00000E+00 -0.55912E+02 -0.28905E+02  0.00000E+00  0.00000E+00  0.00000E+00  0.00000E+00  0.36719E+02  0.00000E+00  0.00000E+00    127  0.00000E+00      0.000
      62.0000 -0.10000E+01  0.00000E+00 -0.10000E+01  0.00000E+00 -0.10000E+01 -0.62000E+02  0.00000E+00 -0.62000E+02  0.00000E+00 -0.56912E+02 -0.28902E+02  0.00000E+00  0.00000E+00  0.00000E+00  0.00000E+00  0.36719E+02  0.00000E+00  0.00000E+00    128  0.00000E+00      0.000
      63.0000 -0.10000E+01  0.00000E+00 -0.10000E+01  0.00000E+00 -0.99996E+00 -0.63000E+02  0.00000E+00 -0.63000E+02  0.00000E+00 -0.57912E+02 -0.28905E+02  0.00000E+00  0.00000E+00  0.00000E+00  0.00000E+00  0.36719E+02  0.00000E+00  0.00000E+00    129  0.00000E+00      0.000
      64.0000 -0.10000E+01  0.00000E+00 -0.10000E+01  0.00000E+00 -0.10000E+01 -0.64000E+02  0.00000E+00 -0.64000E+02  0.00000E+00 -0.58912E+02 -0.28902E+02  0.00000E+00  0.00000E+00  0.00000E+00  0.00000E+00  0.36719E+02  0.00000E+00  0.00000E+00    130  0.00000E+00      0.000
      65.0000 -0.10000E+01  0.00000E+00 -0.10000E+01  0.00000E+00 -0.10000E+01 -0.65000E+02  0.00000E+00 -0.65000E+02  0.00000E+00 -0.59912E+02 -0.28904E+02  0.00000E+00  0.00000E+00  0.00000E+00  0.00000E+00  0.36719E+02  0.00000E+00  0.00000E+00    131  0.00000E+00      0.000
      66.0000 -0.10000E+01  0.00000E+00 -0.10000E+01  0.00000E+00 -0.10000E+01 -0.66000E+02  0.00000E+00 -0.66000E+02  0.00000E+00 -0.60912E+02 -0.28902E+02  0.00000E+00  0.00000E+00  0.00000E+00  0.00000E+00  0.36719E+02  0.00000E+00  0.00000E+00    132  0.00000E+00      0.000
      67.0000 -0.10000E+01  0.00000E+00 -0.10000E+01  0.00000E+00 -0.99997E+00 -0.67000E+02  0.00000E+00 -0.67000E+02  0.00000E+00 -0.61912E+02 -0.28904E+02  0.00000E+00  0.00000E+00  0.00000E+00  0.00000E+00  0.36719E+02  0.00000E+00  0.00000E+00    133  0.00000E+00      0.000
      68.0000 -0.10000E+01  0.00000E+00 -0.10000E+01  0.00000E+00 -0.99999E+00 -0.68000E+02  0.00000E+00 -0.68000E+02  0.00000E+00 -0.62912E+02 -0.28902E+02  0.00000E+00  0.00000E+00  0.00000E+00  0.00000E+00  0.36719E+02  0.00000E+00  0.00000E+00    134  0.00000E+00      0.000
      69.0000 -0.10000E+01  0.00000E+00 -0.10000E+01  0.00000E+00 -0.99999E+00 -0.69000E+02  0.00000E+00 -0.69000E+02  0.00000E+00 -0.63912E+02 -0.28904E+02  0.00000E+00  0.00000E+00  0.00000E+00  0.00000E+00  0.36719E+02  0.00000E+00  0.00000E+00    135  0.00000E+00      0.000
      70.0000 -0.10000E+01  0.00000E+00 -0.10000E+01  0.00000E+00 -0.99998E+00 -0.70000E+02  0.00000E+00 -0.70000E+02  0.00000E+00 -0.64912E+02 -0.28903E+02  0.00000E+00  0.00000E+00  0.00000E+00  0.00000E+00  0.36719E+02  0.00000E+00  0.00000E+00    136  0.00000E+00      0.000
      71.0000 -0.10000E+01  0.00000E+00 -0.10000E+01  0.00000E+00 -0.10000E+01 -0.71000E+02  0.00000E+00 -0.71000E+02  0.00000E+00 -0.65912E+02 -0.28904E+02  0.00000E+00  0.00000E+00  0.00000E+00  0.00000E+00  0.36719E+02  0.00000E+00  0.00000E+00    137  0.00000E+00      0.000
      72.0000 -0.10000E+01  0.00000E+00 -0.10000E+01  0.00000E+00 -0.99996E+00 -0.72000E+02  0.00000E+00 -0.72000E+02  0.00000E+00 -0.66912E+02 -0.28903E+02  0.00000E+00  0.00000E+00  0.00000E+00  0.00000E+00  0.36719E+02  0.00000E+00  0.00000E+00    138  0.00000E+00      0.000
      73.0000 -0.10000E+01  0.00000E+00 -0.10000E+01  0.00000E+00 -0.10000E+01 -0.73000E+02  0.00000E+00 -0.73000E+02  0.00000E+00 -0.67912E+02 -0.28903E+02  0.00000E+00  0.00000E+00  0.00000E+00  0.00000E+00  0.36719E+02  0.00000E+00  0.00000E+00    139  0.00000E+00      0.000
      74.0000 -0.10000E+01  0.00000E+00 -0.10000E+01  0.00000E+00 -0.99998E+00 -0.74000E+02  0.00000E+00 -0.74000E+02  0.00000E+00 -0.68912E+02 -0.28903E+02  0.00000E+00  0.00000E+00  0.00000E+00  0.00000E+00  0.36719E+02  0.00000E+00  0.00000E+00    140  0.00000E+00      0.000
      75.0000 -0.10000E+01  0.00000E+00 -0.10000E+01  0.00000E+00 -0.10000E+01 -0.75000E+02  0.00000E+00 -0.75000E+02  0.00000E+00 -0.69912E+02 -0.28903E+02  0.00000E+00  0.00000E+00  0.00000E+00  0.00000E+00  0.36719E+02  0.00000E+00  0.00000E+00    141  0.00000E+00      0.000
      76.0000 -0.10000E+01  0.00000E+00 -0.10000E+01  0.00000E+00 -0.99998E+00 -0.76000E+02  0.00000E+00 -0.76000E+02  0.00000E+00 -0.70912E+02 -0.28904E+02  0.00000E+00  0.00000E+00  0.00000E+00  0.00000E+00  0.36719E+02  0.00000E+00  0.00000E+00    142  0.00000E+00      0.000
      77.0000 -0.10000E+01  0.00000E+00 -0.10000E+01  0.00000E+00 -0.10000E+01 -0.77000E+02  0.00000E+00 -0.77000E+02  0.00000E+00 -0.71912E+02 -0.28903E+02  0.00000E+00  0.00000E+00  0.00000E+00  0.00000E+00  0.36719E+02  0.00000E+00  0.00000E+00    143  0.00000E+00      0.000
      78.0000 -0.10000E+01  0.00000E+00 -0.10000E+01  0.00000E+00 -0.99997E+00 -0.78000E+02  0.00000E+00 -0.78000E+02  0.00000E+00 -0.72912E+02 -0.28904E+02  0.00000E+00  0.00000E+00  0.00000E+00  0.00000E+00  0.36719E+02  0.00000E+00  0.00000E+00    144  0.00000E+00      0.000
      79.0000 -0.10000E+01  0.00000E+00 -0.10000E+01  0.00000E+00 -0.10000E+01 -0.79000E+02  0.00000E+00 -0.79000E+02  0.00000E+00 -0.73912E+02 -0.28902E+02  0.00000E+00  0.00000E+00  0.00000E+00  0.00000E+00  0.36719E+02  0.00000E+00  0.00000E+00    145  0.00000E+00      0.000
      80.0000 -0.10000E+01  0.00000E+00 -0.10000E+01  0.00000E+00 -0.99996E+00 -0.80000E+02  0.00000E+00 -0.80000E+02  0.00000E+00 -0.74912E+02 -0.28904E+02  0.00000E+00  0.00000E+00  0.00000E+00  0.00000E+00  0.36719E+02  0.00000E+00  0.00000E+00    146  0.00000E+00      0.000
      81.0000 -0.10000E+01  0.00000E+00 -0.10000E+01  0.00000E+00 -0.10000E+01 -0.81000E+02  0.00000E+00 -0.81000E+02  0.00000E+00 -0.75912E+02 -0.28902E+02  0.00000E+00  0.00000E+00  0.00000E+00  0.00000E+00  0.36719E+02  0.00000E+00  0.00000E+00    147  0.00000E+00      0.000
      82.0000 -0.10000E+01  0.00000E+00 -0.10000E+01  0.00000E+00 -0.99998E+00 -0.82000E+02  0.00000E+00 -0.82000E+02  0.00000E+00 -0.76912E+02 -0.28904E+02  0.00000E+00  0.00000E+00  0.00000E+00  0.00000E+00  0.36719E+02  0.00000E+00  0.00000E+00    148  0.00000E+00      0.000
      83.0000 -0.10000E+01  0.00000E+00 -0.10000E+01  0.00000E+00 -0.10000E+01 -0.83000E+02  0.00000E+00 -0.83000E+02  0.00000E+00 -0.77912E+02 -0.28902E+02  0.00000E+00  0.00000E+00  0.00000E+00  0.00000E+00  0.36719E+02  0.00000E+00  0.00000E+00    149  0.00000E+00      0.000
      84.0000 -0.10000E+01  0.00000E+00 -0.10000E+01  0.00000E+00 -0.99997E+00 -0.84000E+02  0.00000E+00 -0.84000E+02  0.00000E+00 -0.78912E+02 -0.28904E+02  0.00000E+00  0.00000E+00  0.00000E+00  0.00000E+00  0.36719E+02  0.00000E+00  0.00000E+00    150  0.00000E+00      0.000
      85.0000 -0.10000E+01  0.00000E+00 -0.10000E+01  0.00000E+00 -0.10001E+01 -0.85000E+02  0.00000E+00 -0.85000E+02  0.00000E+00 -0.79912E+02 -0.28902E+02  0.00000E+00  0.00000E+00  0.00000E+00  0.00000E+00  0.36719E+02  0.00000E+00  0.00000E+00    151  0.00000E+00      0.000
      86.0000 -0.10000E+01  0.00000E+00 -0.10000E+01  0.00000E+00 -0.99999E+00 -0.86000E+02  0.00000E+00 -0.86000E+02  0.00000E+00 -0.80912E+02 -0.28904E+02  0.00000E+00  0.00000E+00  0.00000E+00  0.00000E+00  0.36719E+02  0.00000E+00  0.00000E+00    152  0.00000E+00      0.000
      87.0000 -0.10000E+01  0.00000E+00 -0.10000E+01  0.00000E+00 -0.10000E+01 -0.87000E+02  0.00000E+00 -0.87000E+02  0.00000E+00 -0.81912E+02 -0.28902E+02  0.00000E+00  0.00000E+00  0.00000E+00  0.00000E+00  0.36719E+02  0.00000E+00  0.00000E+00    153  0.00000E+00      0.000
      88.0000 -0.10000E+01  0.00000E+00 -0.10000E+01  0.00000E+00 -0.99995E+00 -0.88000E+02  0.00000E+00 -0.88000E+02  0.00000E+00 -0.82912E+02 -0.28904E+02  0.00000E+00  0.00000E+00  0.00000E+00  0.00000E+00  0.36719E+02  0.00000E+00  0.00000E+00    154  0.00000E+00      0.000
      89.0000 -0.10000E+01  0.00000E+00 -0.10000E+01  0.00000E+00 -0.10000E+01 -0.89000E+02  0.00000E+00 -0.89000E+02  0.00000E+00 -0.83912E+02 -0.28902E+02  0.00000E+00  0.00000E+00  0.00000E+00  0.00000E+00  0.36719E+02  0.00000E+00  0.00000E+00    155  0.00000E+00      0.000
      90.0000 -0.10000E+01  0.00000E+00 -0.10000E+01  0.00000E+00 -0.99998E+00 -0.90000E+02  0.00000E+00 -0.90000E+02  0.00000E+00 -0.84912E+02 -0.28905E+02  0.00000E+00  0.00000E+00  0.00000E+00  0.00000E+00  0.36719E+02  0.00000E+00  0.00000E+00    156  0.00000E+00      0.000
      91.0000 -0.10000E+01  0.00000E+00 -0.10000E+01  0.00000E+00 -0.99999E+00 -0.91000E+02  0.00000E+00 -0.91000E+02  0.00000E+00 -0.85912E+02 -0.28902E+02  0.00000E+00  0.00000E+00  0.00000E+00  0.00000E+00  0.36719E+02  0.00000E+00  0.00000E+00    157  0.00000E+00      0.000
      92.0000 -0.10000E+01  0.00000E+00 -0.10000E+01  0.00000E+00 -0.99998E+00 -0.92000E+02  0.00000E+00 -0.92000E+02  0.00000E+00 -0.86912E+02 -0.28904E+02  0.00000E+00  0.00000E+00  0.00000E+00  0.00000E+00  0.36719E+02  0.00000E+00  0.00000E+00    158  0.00000E+00      0.000
      93.0000 -0.10000E+01  0.00000E+00 -0.10000E+01  0.00000E+00 -0.99997E+00 -0.93000E+02  0.00000E+00 -0.93000E+02  0.00000E+00 -0.87912E+02 -0.28902E+02  0.00000E+00  0.00000E+00  0.00000E+00  0.00000E+00  0.36719E+02  0.00000E+00  0.00000E+00    159  0.00000E+00      0.000
      94.0000 -0.10000E+01  0.00000E+00 -0.10000E+01  0.00000E+00 -0.10000E+01 -0.94000E+02  0.00000E+00 -0.94000E+02  0.00000E+00 -0.88912E+02 -0.28904E+02  0.00000E+00  0.00000E+00  0.00000E+00  0.00000E+00  0.36719E+02  0.00000E+00  0.00000E+00    160  0.00000E+00      0.000
      95.0000 -0.10000E+01  0.00000E+00 -0.10000E+01  0.00000E+00 -0.10000E+01 -0.95000E+02  0.00000E+00 -0.95000E+02  0.00000E+00 -0.89912E+02 -0.28903E+02  0.00000E+00  0.00000E+00  0.00000E+00  0.00000E+00  0.36719E+02  0.00000E+00  0.00000E+00    161  0.00000E+00      0.000
      96.0000 -0.10000E+01  0.00000E+00 -0.10000E+01  0.00000E+00 -0.10000E+01 -0.96000E+02  0.00000E+00 -0.96000E+02  0.00000E+00 -0.90912E+02 -0.28904E+02  0.00000E+00  0.00000E+00  0.00000E+00  0.00000E+00  0.36719E+02  0.00000E+00  0.00000E+00    162  0.00000E+00      0.000
      97.0000 -0.10000E+01  0.00000E+00 -0.10000E+01  0.00000E+00 -0.10000E+01 -0.97000E+02  0.00000E+00 -0.97000E+02  0.00000E+00 -0.91912E+02 -0.28903E+02  0.00000E+00  0.00000E+00  0.00000E+00  0.00000E+00  0.36719E+02  0.00000E+00  0.00000E+00    163  0.00000E+00      0.000
      98.0000 -0.10000E+01  0.00000E+00 -0.10000E+01  0.00000E+00 -0.10000E+01 -0.98000E+02  0.00000E+00 -0.98000E+02  0.00000E+00 -0.92912E+02 -0.28904E+02  0.00000E+00  0.00000E+00  0.00000E+00  0.00000E+00  0.36719E+02  0.00000E+00  0.00000E+00    164  0.00000E+00      0.000
      99.0000 -0.10000E+01  0.00000E+00 -0.10000E+01  0.00000E+00 -0.10000E+01 -0.99000E+02  0.00000E+00 -0.99000E+02  0.00000E+00 -0.93912E+02 -0.28903E+02  0.00000E+00  0.00000E+00  0.00000E+00  0.00000E+00  0.36719E+02  0.00000E+00  0.00000E+00    165  0.00000E+00      0.000
     100.0000 -0.10000E+01  0.00000E+00 -0.10000E+01  0.00000E+00 -0.10000E+01 -0.10000E+03  0.00000E+00 -0.10000E+03  0.00000E+00 -0.94912E+02 -0.28904E+02  0.00000E+00  0.00000E+00  0.00000E+00  0.00000E+00  0.36719E+02  0.00000E+00  0.00000E+00    166  0.00000E+00      0.000
     101.0000 -0.10000E+01  0.00000E+00 -0.10000E+01  0.00000E+00 -0.99997E+00 -0.10100E+03  0.00000E+00 -0.10100E+03  0.00000E+00 -0.95912E+02 -0.28904E+02  0.00000E+00  0.00000E+00  0.00000E+00  0.00000E+00  0.36719E+02  0.00000E+00  0.00000E+00    167  0.00000E+00      0.000
     102.0000 -0.10000E+01  0.00000E+00 -0.10000E+01  0.00000E+00 -0.10000E+01 -0.10200E+03  0.00000E+00 -0.10200E+03  0.00000E+00 -0.96912E+02 -0.28903E+02  0.00000E+00  0.00000E+00  0.00000E+00  0.00000E+00  0.36719E+02  0.00000E+00  0.00000E+00    168  0.00000E+00      0.000
     103.0000 -0.10000E+01  0.00000E+00 -0.10000E+01  0.00000E+00 -0.99996E+00 -0.10300E+03  0.00000E+00 -0.10300E+03  0.00000E+00 -0.97912E+02 -0.28903E+02  0.00000E+00  0.00000E+00  0.00000E+00  0.00000E+00  0.36719E+02  0.00000E+00  0.00000E+00    169  0.00000E+00      0.000
     104.0000 -0.10000E+01  0.00000E+00 -0.10000E+01  0.00000E+00 -0.10000E+01 -0.10400E+03  0.00000E+00 -0.10400E+03  0.00000E+00 -0.98912E+02 -0.28903E+02  0.00000E+00  0.00000E+00  0.00000E+00  0.00000E+00  0.36719E+02  0.00000E+00  0.00000E+00    170  0.00000E+00      0.000
     105.0000 -0.10000E+01  0.00000E+00 -0.10000E+01  0.00000E+00 -0.99997E+00 -0.10500E+03  0.00000E+00 -0.10500E+03  0.00000E+00 -0.99912E+02 -0.28904E+02  0.00000E+00  0.00000E+00  0.00000E+00  0.00000E+00  0.36719E+02  0.00000E+00  0.00000E+00    171  0.00000E+00      0.000
     106.0000 -0.10000E+01  0.00000E+00 -0.10000E+01  0.00000E+00 -0.10000E+01 -0.10600E+03  0.00000E+00 -0.10600E+03  0.00000E+00 -0.10091E+03 -0.28903E+02  0.00000E+00  0.00000E+00  0.00000E+00  0.00000E+00  0.36719E+02  0.00000E+00  0.00000E+00    172  0.00000E+00      0.000
     107.0000 -0.10000E+01  0.00000E+00 -0.10000E+01  0.00000E+00 -0.99996E+00 -0.10700E+03  0.00000E+00 -0.10700E+03  0.00000E+00 -0.10191E+03 -0.28904E+02  0.00000E+00  0.00000E+00  0.00000E+00  0.00000E+00  0.36719E+02  0.00000E+00  0.00000E+00    173  0.00000E+00      0.000
     108.0000 -0.10000E+01  0.00000E+00 -0.10000E+01  0.00000E+00 -0.10000E+01 -0.10800E+03  0.00000E+00 -0.10800E+03  0.00000E+00 -0.10291E+03 -0.28903E+02  0.00000E+00  0.00000E+00  0.00000E+00  0.00000E+00  0.36719E+02  0.00000E+00  0.00000E+00    174  0.00000E+00      0.000
     109.0000 -0.10000E+01  0.00000E+00 -0.10000E+01  0.00000E+00 -0.99998E+00 -0.10900E+03  0.00000E+00 -0.10900E+03  0.00000E+00 -0.10391E+03 -0.28904E+02  0.00000E+00  0.00000E+00  0.00000E+00  0.00000E+00  0.36719E+02  0.00000E+00  0.00000E+00    175  0.00000E+00      0.000
     110.0000 -0.10000E+01  0.00000E+00 -0.10000E+01  0.00000E+00 -0.10000E+01 -0.11000E+03  0.00000E+00 -0.11000E+03  0.00000E+00 -0.10491E+03 -0.28902E+02  0.00000E+00  0.00000E+00  0.00000E+00  0.00000E+00  0.36719E+02  0.00000E+00  0.00000E+00    176  0.00000E+00      0.000
     111.0000 -0.10000E+01  0.00000E+00 -0.10000E+01  0.00000E+00 -0.99998E+00 -0.11100E+03  0.00000E+00 -0.11100E+03  0.00000E+00 -0.10591E+03 -0.28905E+02  0.00000E+00  0.00000E+00  0.00000E+00  0.00000E+00  0.36719E+02  0.00000E+00  0.00000E+00    177  0.00000E+00      0.000
     112.0000 -0.10000E+01  0.00000E+00 -0.10000E+01  0.00000E+00 -0.10000E+01 -0.11200E+03  0.00000E+00 -0.11200E+03  0.00000E+00 -0.10691E+03 -0.28902E+02  0.00000E+00  0.00000E+00  0.00000E+00  0.00000E+00  0.36719E+02  0.00000E+00  0.00000E+00    178  0.00000E+00      0.000
     113.0000 -0.10000E+01  0.00000E+00 -0.10000E+01  0.00000E+00 -0.99994E+00 -0.11300E+03  0.00000E+00 -0.11300E+03  0.00000E+00 -0.10791E+03 -0.28905E+02  0.00000E+00  0.00000E+00  0.00000E+00  0.00000E+00  0.36719E+02  0.00000E+00  0.00000E+00    179  0.00000E+00      0.000
     114.0000 -0.10000E+01  0.00000E+00 -0.10000E+01  0.00000E+00 -0.10000E+01 -0.11400E+03  0.00000E+00 -0.11400E+03  0.00000E+00 -0.10891E+03 -0.28902E+02  0.00000E+00  0.00000E+00  0.00000E+00  0.00000E+00  0.36719E+02  0.00000E+00  0.00000E+00    180  0.00000E+00      0.000
     115.0000 -0.10000E+01  0.00000E+00 -0.10000E+01  0.00000E+00 -0.99998E+00 -0.11500E+03  0.00000E+00 -0.11500E+03  0.00000E+00 -0.10991E+03 -0.28904E+02  0.00000E+00  0.00000E+00  0.00000E+00  0.00000E+00  0.36719E+02  0.00000E+00  0.00000E+00    181  0.00000E+00      0.000
     116.0000 -0.10000E+01  0.00000E+00 -0.10000E+01  0.00000E+00 -0.10000E+01 -0.11600E+03  0.00000E+00 -0.11600E+03  0.00000E+00 -0.11091E+03 -0.28902E+02  0.00000E+00  0.00000E+00  0.00000E+00  0.00000E+00  0.36719E+02  0.00000E+00  0.00000E+00    182  0.00000E+00      0.000
     117.0000 -0.10000E+01  0.00000E+00 -0.10000E+01  0.00000E+00 -0.99998E+00 -0.11700E+03  0.00000E+00 -0.11700E+03  0.00000E+00 -0.11191E+03 -0.28905E+02  0.00000E+00  0.00000E+00  0.00000E+00  0.00000E+00  0.36719E+02  0.00000E+00  0.00000E+00    183  0.00000E+00      0.000
     118.0000 -0.10000E+01  0.00000E+00 -0.10000E+01  0.00000E+00 -0.10000E+01 -0.11800E+03  0.00000E+00 -0.11800E+03  0.00000E+00 -0.11291E+03 -0.28903E+02  0.00000E+00  0.00000E+00  0.00000E+00  0.00000E+00  0.36719E+02  0.00000E+00  0.00000E+00    184  0.00000E+00      0.000
     119.0000 -0.10000E+01  0.00000E+00 -0.10000E+01  0.00000E+00 -0.99997E+00 -0.11900E+03  0.00000E+00 -0.11900E+03  0.00000E+00 -0.11391E+03 -0.28905E+02  0.00000E+00  0.00000E+00  0.00000E+00  0.00000E+00  0.36719E+02  0.00000E+00  0.00000E+00    185  0.00000E+00      0.000
     120.0000 -0.10000E+01  0.00000E+00 -0.10000E+01  0.00000E+00 -0.10000E+01 -0.12000E+03  0.00000E+00 -0.12000E+03  0.00000E+00 -0.11491E+03 -0.28902E+02  0.00000E+00  0.00000E+00  0.00000E+00  0.00000E+00  0.36719E+02  0.00000E+00  0.00000E+00    186  0.00000E+00      0.000
     121.0000 -0.10000E+01  0.00000E+00 -0.10000E+01  0.00000E+00 -0.99998E+00 -0.12100E+03  0.00000E+00 -0.12100E+03  0.00000E+00 -0.11591E+03 -0.28904E+02  0.00000E+00  0.00000E+00  0.00000E+00  0.00000E+00  0.36719E+02  0.00000E+00  0.00000E+00    187  0.00000E+00      0.000
     122.0000 -0.10000E+01  0.00000E+00 -0.10000E+01  0.00000E+00 -0.10000E+01 -0.12200E+03  0.00000E+00 -0.12200E+03  0.00000E+00 -0.11691E+03 -0.28903E+02  0.00000E+00  0.00000E+00  0.00000E+00  0.00000E+00  0.36719E+02  0.00000E+00  0.00000E+00    188  0.00000E+00      0.000
     123.0000 -0.10000E+01  0.00000E+00 -0.10000E+01  0.00000E+00 -0.10000E+01 -0.12300E+03  0.00000E+00 -0.12300E+03  0.00000E+00 -0.11791E+03 -0.28904E+02  0.00000E+00  0.00000E+00  0.00000E+00  0.00000E+00  0.36719E+02  0.00000E+00  0.00000E+00    189  0.00000E+00      0.000
     124.0000 -0.10000E+01  0.00000E+00 -0.10000E+01  0.00000E+00 -0.10000E+01 -0.12400E+03  0.00000E+00 -0.12400E+03  0.00000E+00 -0.11891E+03 -0.28902E+02  0.00000E+00  0.00000E+00  0.00000E+00  0.00000E+00  0.36719E+02  0.00000E+00  0.00000E+00    190  0.00000E+00      0.000
     125.0000 -0.10000E+01  0.00000E+00 -0.10000E+01  0.00000E+00 -0.10000E+01 -0.12500E+03  0.00000E+00 -0.12500E+03  0.00000E+00 -0.11991E+03 -0.28904E+02  0.00000E+00  0.00000E+00  0.00000E+00  0.00000E+00  0.36719E+02  0.00000E+00  0.00000E+00    191  0.00000E+00      0.000
     126.0000 -0.10000E+01  0.00000E+00 -0.10000E+01  0.00000E+00 -0.10000E+01 -0.12600E+03  0.00000E+00 -0.12600E+03  0.00000E+00 -0.12091E+03 -0.28903E+02  0.00000E+00  0.00000E+00  0.00000E+00  0.00000E+00  0.36719E+02  0.00000E+00  0.00000E+00    192  0.00000E+00      0.000
     127.0000 -0.10000E+01  0.00000E+00 -0.10000E+01  0.00000E+00 -0.10000E+01 -0.12700E+03  0.00000E+00 -0.12700E+03  0.00000E+00 -0.12191E+03 -0.28904E+02  0.00000E+00  0.00000E+00  0.00000E+00  0.00000E+00  0.36719E+02  0.00000E+00  0.00000E+00    193  0.00000E+00      0.000
     128.0000 -0.10000E+01  0.00000E+00 -0.10000E+01  0.00000E+00 -0.99998E+00 -0.12800E+03  0.00000E+00 -0.12800E+03  0.00000E+00 -0.12291E+03 -0.28903E+02  0.00000E+00  0.00000E+00  0.00000E+00  0.00000E+00  0.36719E+02  0.00000E+00  0.00000E+00    194  0.00000E+00      0.000
     129.0000 -0.10000E+01  0.00000E+00 -0.10000E+01  0.00000E+00 -0.99999E+00 -0.12900E+03  0.00000E+00 -0.12900E+03  0.00000E+00 -0.12391E+03 -0.28904E+02  0.00000E+00  0.00000E+00  0.00000E+00  0.00000E+00  0.36719E+02  0.00000E+00  0.00000E+00    195  0.00000E+00      0.000
     130.0000 -0.10000E+01  0.00000E+00 -0.10000E+01  0.00000E+00 -0.99997E+00 -0.13000E+03  0.00000E+00 -0.13000E+03  0.00000E+00 -0.12491E+03 -0.28903E+02  0.00000E+00  0.00000E+00  0.00000E+00  0.00000E+00  0.36719E+02  0.00000E+00  0.00000E+00    196  0.00000E+00      0.000
     131.0000 -0.10000E+01  0.00000E+00 -0.10000E+01  0.00000E+00 -0.10000E+01 -0.13100E+03  0.00000E+00 -0.13100E+03  0.00000E+00 -0.12591E+03 -0.28903E+02  0.00000E+00  0.00000E+00  0.00000E+00  0.00000E+00  0.36719E+02  0.00000E+00  0.00000E+00    197  0.00000E+00      0.000
     132.0000 -0.10000E+01  0.00000E+00 -0.10000E+01  0.00000E+00 -0.10000E+01 -0.13200E+03  0.00000E+00 -0.13200E+03  0.00000E+00 -0.12691E+03 -0.28903E+02  0.00000E+00  0.00000E+00  0.00000E+00  0.00000E+00  0.36719E+02  0.00000E+00  0.00000E+00    198  0.00000E+00      0.000
     133.0000 -0.10000E+01  0.00000E+00 -0.10000E+01  0.00000E+00 -0.10000E+01 -0.13300E+03  0.00000E+00 -0.13300E+03  0.00000E+00 -0.12791E+03 -0.28903E+02  0.00000E+00  0.00000E+00  0.00000E+00  0.00000E+00  0.36719E+02  0.00000E+00  0.00000E+00    199  0.00000E+00      0.000
     134.0000 -0.10000E+01  0.00000E+00 -0.10000E+01  0.00000E+00 -0.99997E+00 -0.13400E+03  0.00000E+00 -0.13400E+03  0.00000E+00 -0.12891E+03 -0.28904E+02  0.00000E+00  0.00000E+00  0.00000E+00  0.00000E+00  0.36719E+02  0.00000E+00  0.00000E+00    200  0.00000E+00      0.000
     135.0000 -0.10000E+01  0.00000E+00 -0.10000E+01  0.00000E+00 -0.10000E+01 -0.13500E+03  0.00000E+00 -0.13500E+03  0.00000E+00 -0.12991E+03 -0.28903E+02  0.00000E+00  0.00000E+00  0.00000E+00  0.00000E+00  0.36719E+02  0.00000E+00  0.00000E+00    201  0.00000E+00      0.000
     136.0000 -0.10000E+01  0.00000E+00 -0.10000E+01  0.00000E+00 -0.10000E+01 -0.13600E+03  0.00000E+00 -0.13600E+03  0.00000E+00 -0.13091E+03 -0.28904E+02  0.00000E+00  0.00000E+00  0.00000E+00  0.00000E+00  0.36719E+02  0.00000E+00  0.00000E+00    202  0.00000E+00      0.000
     137.0000 -0.10000E+01  0.00000E+00 -0.10000E+01  0.00000E+00 -0.10001E+01 -0.13700E+03  0.00000E+00 -0.13700E+03  0.00000E+00 -0.13191E+03 -0.28902E+02  0.00000E+00  0.00000E+00  0.00000E+00  0.00000E+00  0.36719E+02  0.00000E+00  0.00000E+00    203  0.00000E+00      0.000
     138.0000 -0.10000E+01  0.00000E+00 -0.10000E+01  0.00000E+00 -0.99999E+00 -0.13800E+03  0.00000E+00 -0.13800E+03  0.00000E+00 -0.13291E+03 -0.28904E+02  0.00000E+00  0.00000E+00  0.00000E+00  0.00000E+00  0.36719E+02  0.00000E+00  0.00000E+00    204  0.00000E+00      0.000
     139.0000 -0.10000E+01  0.00000E+00 -0.10000E+01  0.00000E+00 -0.10000E+01 -0.13900E+03  0.00000E+00 -0.13900E+03  0.00000E+00 -0.13391E+03 -0.28902E+02  0.00000E+00  0.00000E+00  0.00000E+00  0.00000E+00  0.36719E+02  0.00000E+00  0.00000E+00    205  0.00000E+00      0.000
     140.0000 -0.10000E+01  0.00000E+00 -0.10000E+01  0.00000E+00 -0.99998E+00 -0.14000E+03  0.00000E+00 -0.14000E+03  0.00000E+00 -0.13491E+03 -0.28905E+02  0.00000E+00  0.00000E+00  0.00000E+00  0.00000E+00  0.36719E+02  0.00000E+00  0.00000E+00    206  0.00000E+00      0.000
     141.0000 -0.10000E+01  0.00000E+00 -0.10000E+01  0.00000E+00 -0.10000E+01 -0.14100E+03  0.00000E+00 -0.14100E+03  0.00000E+00 -0.13591E+03 -0.28902E+02  0.00000E+00  0.00000E+00  0.00000E+00  0.00000E+00  0.36719E+02  0.00000E+00  0.00000E+00    207  0.00000E+00      0.000
     142.0000 -0.10000E+01  0.00000E+00 -0.10000E+01  0.00000E+00 -0.99999E+00 -0.14200E+03  0.00000E+00 -0.14200E+03  0.00000E+00 -0.13691E+03 -0.28905E+02  0.00000E+00  0.00000E+00  0.00000E+00  0.00000E+00  0.36719E+02  0.00000E+00  0.00000E+00    208  0.00000E+00      0.000
     143.0000 -0.10000E+01  0.00000E+00 -0.10000E+01  0.00000E+00 -0.10001E+01 -0.14300E+03  0.00000E+00 -0.14300E+03  0.00000E+00 -0.13791E+03 -0.28902E+02  0.00000E+00  0.00000E+00  0.00000E+00  0.00000E+00  0.36719E+02  0.00000E+00  0.00000E+00    209  0.00000E+00      0.000
     144.0000 -0.10000E+01  0.00000E+00 -0.10000E+01  0.00000E+00 -0.99998E+00 -0.14400E+03  0.00000E+00 -0.14400E+03  0.00000E+00 -0.13891E+03 -0.28905E+02  0.00000E+00  0.00000E+00  0.00000E+00  0.00000E+00  0.36719E+02  0.00000E+00  0.00000E+00    210  0.00000E+00      0.000
     145.0000 -0.10000E+01  0.00000E+00 -0.10000E+01  0.00000E+00 -0.10000E+01 -0.14500E+03  0.00000E+00 -0.14500E+03  0.00000E+00 -0.13991E+03 -0.28902E+02  0.00000E+00  0.00000E+00  0.00000E+00  0.00000E+00  0.36719E+02  0.00000E+00  0.00000E+00    211  0.00000E+00      0.000
     146.0000 -0.10000E+01  0.00000E+00 -0.10000E+01  0.00000E+00 -0.99998E+00 -0.14600E+03  0.00000E+00 -0.14600E+03  0.00000E+00 -0.14091E+03 -0.28904E+02  0.00000E+00  0.00000E+00  0.00000E+00  0.00000E+00  0.36719E+02  0.00000E+00  0.00000E+00    212  0.00000E+00      0.000
     147.0000 -0.10000E+01  0.00000E+00 -0.10000E+01  0.00000E+00 -0.10000E+01 -0.14700E+03  0.00000E+00 -0.14700E+03  0.00000E+00 -0.14191E+03 -0.28902E+02  0.00000E+00  0.00000E+00  0.00000E+00  0.00000E+00  0.36719E+02  0.00000E+00  0.00000E+00    213  0.00000E+00      0.000
     148.0000 -0.10000E+01  0.00000E+00 -0.10000E+01  0.00000E+00 -0.10000E+01 -0.14800E+03  0.00000E+00 -0.14800E+03  0.00000E+00 -0.14291E+03 -0.28905E+02  0.00000E+00  0.00000E+00  0.00000E+00  0.00000E+00  0.36719E+02  0.00000E+00  0.00000E+00    214  0.00000E+00      0.000
     149.0000 -0.10000E+01  0.00000E+00 -0.10000E+01  0.00000E+00 -0.10000E+01 -0.14900E+03  0.00000E+00 -0.14900E+03  0.00000E+00 -0.14391E+03 -0.28902E+02  0.00000E+00  0.00000E+00  0.00000E+00  0.00000E+00  0.36719E+02  0.00000E+00  0.00000E+00    215  0.00000E+00      0.000
     150.0000 -0.10000E+01  0.00000E+00 -0.10000E+01  0.00000E+00 -0.10000E+01 -0.15000E+03  0.00000E+00 -0.15000E+03  0.00000E+00 -0.14491E+03 -0.28905E+02  0.00000E+00  0.00000E+00  0.00000E+00  0.00000E+00  0.36719E+02  0.00000E+00  0.00000E+00    216  0.00000E+00      0.000
     151.0000 -0.10000E+01  0.00000E+00 -0.10000E+01  0.00000E+00 -0.10000E+01 -0.15100E+03  0.00000E+00 -0.15100E+03  0.00000E+00 -0.14591E+03 -0.28902E+02  0.00000E+00  0.00000E+00  0.00000E+00  0.00000E+00  0.36719E+02  0.00000E+00  0.00000E+00    217  0.00000E+00      0.000
     152.0000 -0.10000E+01  0.00000E+00 -0.10000E+01  0.00000E+00 -0.10000E+01 -0.15200E+03  0.00000E+00 -0.15200E+03  0.00000E+00 -0.14691E+03 -0.28904E+02  0.00000E+00  0.00000E+00  0.00000E+00  0.00000E+00  0.36719E+02  0.00000E+00  0.00000E+00    218  0.00000E+00      0.000
     153.0000 -0.10000E+01  0.00000E+00 -0.10000E+01  0.00000E+00 -0.99998E+00 -0.15300E+03  0.00000E+00 -0.15300E+03  0.00000E+00 -0.14791E+03 -0.28902E+02  0.00000E+00  0.00000E+00  0.00000E+00  0.00000E+00  0.36719E+02  0.00000E+00  0.00000E+00    219  0.00000E+00      0.000
     154.0000 -0.10000E+01  0.00000E+00 -0.10000E+01  0.00000E+00 -0.10000E+01 -0.15400E+03  0.00000E+00 -0.15400E+03  0.00000E+00 -0.14891E+03 -0.28904E+02  0.00000E+00  0.00000E+00  0.00000E+00  0.00000E+00  0.36719E+02  0.00000E+00  0.00000E+00    220  0.00000E+00      0.000
     155.0000 -0.10000E+01  0.00000E+00 -0.10000E+01  0.00000E+00 -0.99999E+00 -0.15500E+03  0.00000E+00 -0.15500E+03  0.00000E+00 -0.14991E+03 -0.28903E+02  0.00000E+00  0.00000E+00  0.00000E+00  0.00000E+00  0.36719E+02  0.00000E+00  0.00000E+00    221  0.00000E+00      0.000
     156.0000 -0.10000E+01  0.00000E+00 -0.10000E+01  0.00000E+00 -0.10000E+01 -0.15600E+03  0.00000E+00 -0.15600E+03  0.00000E+00 -0.15091E+03 -0.28904E+02  0.00000E+00  0.00000E+00  0.00000E+00  0.00000E+00  0.36719E+02  0.00000E+00  0.00000E+00    222  0.00000E+00      0.000
     157.0000 -0.10000E+01  0.00000E+00 -0.10000E+01  0.00000E+00 -0.99999E+00 -0.15700E+03  0.00000E+00 -0.15700E+03  0.00000E+00 -0.15191E+03 -0.28903E+02  0.00000E+00  0.00000E+00  0.00000E+00  0.00000E+00  0.36719E+02  0.00000E+00  0.00000E+00    223  0.00000E+00      0.000
     158.0000 -0.10000E+01  0.00000E+00 -0.10000E+01  0.00000E+00 -0.10000E+01 -0.15800E+03  0.00000E+00 -0.15800E+03  0.00000E+00 -0.15291E+03 -0.28904E+02  0.00000E+00  0.00000E+00  0.00000E+00  0.00000E+00  0.36719E+02  0.00000E+00  0.00000E+00    224  0.00000E+00      0.000
     159.0000 -0.10000E+01  0.00000E+00 -0.10000E+01  0.00000E+00 -0.99999E+00 -0.15900E+03  0.00000E+00 -0.15900E+03  0.00000E+00 -0.15391E+03 -0.28903E+02  0.00000E+00  0.00000E+00  0.00000E+00  0.00000E+00  0.36719E+02  0.00000E+00  0.00000E+00    225  0.00000E+00      0.000
     160.0000 -0.10000E+01  0.00000E+00 -0.10000E+01  0.00000E+00 -0.10000E+01 -0.16000E+03  0.00000E+00 -0.16000E+03  0.00000E+00 -0.15491E+03 -0.28904E+02  0.00000E+00  0.00000E+00  0.00000E+00  0.00000E+00  0.36719E+02  0.00000E+00  0.00000E+00    226  0.00000E+00      0.000
     161.0000 -0.10000E+01  0.00000E+00 -0.10000E+01  0.00000E+00 -0.99997E+00 -0.16100E+03  0.00000E+00 -0.16100E+03  0.00000E+00 -0.15591E+03 -0.28903E+02  0.00000E+00  0.00000E+00  0.00000E+00  0.00000E+00  0.36719E+02  0.00000E+00  0.00000E+00    227  0.00000E+00      0.000
     162.0000 -0.10000E+01  0.00000E+00 -0.10000E+01  0.00000E+00 -0.10000E+01 -0.16200E+03  0.00000E+00 -0.16200E+03  0.00000E+00 -0.15691E+03 -0.28903E+02  0.00000E+00  0.00000E+00  0.00000E+00  0.00000E+00  0.36719E+02  0.00000E+00  0.00000E+00    228  0.00000E+00      0.000
     163.0000 -0.10000E+01  0.00000E+00 -0.10000E+01  0.00000E+00 -0.99998E+00 -0.16300E+03  0.00000E+00 -0.16300E+03  0.00000E+00 -0.15791E+03 -0.28903E+02  0.00000E+00  0.00000E+00  0.00000E+00  0.00000E+00  0.36719E+02  0.00000E+00  0.00000E+00    229  0.00000E+00      0.000
     164.0000 -0.10000E+01  0.00000E+00 -0.10000E+01  0.00000E+00 -0.10000E+01 -0.16400E+03  0.00000E+00 -0.16400E+03  0.00000E+00 -0.15891E+03 -0.28903E+02  0.00000E+00  0.00000E+00  0.00000E+00  0.00000E+00  0.36719E+02  0.00000E+00  0.00000E+00    230  0.00000E+00      0.000
     165.0000 -0.10000E+01  0.00000E+00 -0.10000E+01  0.00000E+00 -0.10000E+01 -0.16500E+03  0.00000E+00 -0.16500E+03  0.00000E+00 -0.15991E+03 -0.28904E+02  0.00000E+00  0.00000E+00  0.00000E+00  0.00000E+00  0.36719E+02  0.00000E+00  0.00000E+00    231  0.00000E+00      0.000
     166.0000 -0.10000E+01  0.00000E+00 -0.10000E+01  0.00000E+00 -0.10000E+01 -0.16600E+03  0.00000E+00 -0.16600E+03  0.00000E+00 -0.16091E+03 -0.28903E+02  0.00000E+00  0.00000E+00  0.00000E+00  0.00000E+00  0.36719E+02  0.00000E+00  0.00000E+00    232  0.00000E+00      0.000
     167.0000 -0.10000E+01  0.00000E+00 -0.10000E+01  0.00000E+00 -0.99999E+00 -0.16700E+03  0.00000E+00 -0.16700E+03  0.00000E+00 -0.16191E+03 -0.28904E+02  0.00000E+00  0.00000E+00  0.00000E+00  0.00000E+00  0.36719E+02  0.00000E+00  0.00000E+00    233  0.00000E+00      0.000
     168.0000 -0.10000E+01  0.00000E+00 -0.10000E+01  0.00000E+00 -0.10000E+01 -0.16800E+03  0.00000E+00 -0.16800E+03  0.00000E+00 -0.16291E+03 -0.28903E+02  0.00000E+00  0.00000E+00  0.00000E+00  0.00000E+00  0.36719E+02  0.00000E+00  0.00000E+00    234  0.00000E+00      0.000
     169.0000 -0.10000E+01  0.00000E+00 -0.10000E+01  0.00000E+00 -0.99999E+00 -0.16900E+03  0.00000E+00 -0.16900E+03  0.00000E+00 -0.16391E+03 -0.28904E+02  0.00000E+00  0.00000E+00  0.00000E+00  0.00000E+00  0.36719E+02  0.00000E+00  0.00000E+00    235  0.00000E+00      0.000
     170.0000 -0.10000E+01  0.00000E+00 -0.10000E+01  0.00000E+00 -0.10000E+01 -0.17000E+03  0.00000E+00 -0.17000E+03  0.00000E+00 -0.16491E+03 -0.28903E+02  0.00000E+00  0.00000E+00  0.00000E+00  0.00000E+00  0.36719E+02  0.00000E+00  0.00000E+00    236  0.00000E+00      0.000
     171.0000 -0.10000E+01  0.00000E+00 -0.10000E+01  0.00000E+00 -0.99999E+00 -0.17100E+03  0.00000E+00 -0.17100E+03  0.00000E+00 -0.16591E+03 -0.28904E+02  0.00000E+00  0.00000E+00  0.00000E+00  0.00000E+00  0.36719E+02  0.00000E+00  0.00000E+00    237  0.00000E+00      0.000
     172.0000 -0.10000E+01  0.00000E+00 -0.10000E+01  0.00000E+00 -0.10000E+01 -0.17200E+03  0.00000E+00 -0.17200E+03  0.00000E+00 -0.16691E+03 -0.28903E+02  0.00000E+00  0.00000E+00  0.00000E+00  0.00000E+00  0.36719E+02  0.00000E+00  0.00000E+00    238  0.00000E+00      0.000
     173.0000 -0.10000E+01  0.00000E+00 -0.10000E+01  0.00000E+00 -0.99997E+00 -0.17300E+03  0.00000E+00 -0.17300E+03  0.00000E+00 -0.16791E+03 -0.28904E+02  0.00000E+00  0.00000E+00  0.00000E+00  0.00000E+00  0.36719E+02  0.00000E+00  0.00000E+00    239  0.00000E+00      0.000
     174.0000 -0.10000E+01  0.00000E+00 -0.10000E+01  0.00000E+00 -0.10000E+01 -0.17400E+03  0.00000E+00 -0.17400E+03  0.00000E+00 -0.16891E+03 -0.28903E+02  0.00000E+00  0.00000E+00  0.00000E+00  0.00000E+00  0.36719E+02  0.00000E+00  0.00000E+00    240  0.00000E+00      0.000
     175.0000 -0.10000E+01  0.00000E+00 -0.10000E+01  0.00000E+00 -0.99999E+00 -0.17500E+03  0.00000E+00 -0.17500E+03  0.00000E+00 -0.16991E+03 -0.28904E+02  0.00000E+00  0.00000E+00  0.00000E+00  0.00000E+00  0.36719E+02  0.00000E+00  0.00000E+00    241  0.00000E+00      0.000
     176.0000 -0.10000E+01  0.00000E+00 -0.10000E+01  0.00000E+00 -0.10000E+01 -0.17600E+03  0.00000E+00 -0.17600E+03  0.00000E+00 -0.17091E+03 -0.28903E+02  0.00000E+00  0.00000E+00  0.00000E+00  0.00000E+00  0.36719E+02  0.00000E+00  0.00000E+00    242  0.00000E+00      0.000
     177.0000 -0.10000E+01  0.00000E+00 -0.10000E+01  0.00000E+00 -0.99999E+00 -0.17700E+03  0.00000E+00 -0.17700E+03  0.00000E+00 -0.17191E+03 -0.28904E+02  0.00000E+00  0.00000E+00  0.00000E+00  0.00000E+00  0.36719E+02  0.00000E+00  0.00000E+00    243  0.00000E+00      0.000
     178.0000 -0.10000E+01  0.00000E+00 -0.10000E+01  0.00000E+00 -0.10000E+01 -0.17800E+03  0.00000E+00 -0.17800E+03  0.00000E+00 -0.17291E+03 -0.28903E+02  0.00000E+00  0.00000E+00  0.00000E+00  0.00000E+00  0.36719E+02  0.00000E+00  0.00000E+00    244  0.00000E+00      0.000
     179.0000 -0.10000E+01  0.00000E+00 -0.10000E+01  0.00000E+00 -0.10000E+01 -0.17900E+03  0.00000E+00 -0.17900E+03  0.00000E+00 -0.17391E+03 -0.28904E+02  0.00000E+00  0.00000E+00  0.00000E+00  0.00000E+00  0.36719E+02  0.00000E+00  0.00000E+00    245  0.00000E+00      0.000
     180.0000 -0.10000E+01  0.00000E+00 -0.10000E+01  0.00000E+00 -0.10000E+01 -0.18000E+03  0.00000E+00 -0.18000E+03  0.00000E+00 -0.17491E+03 -0.28903E+02  0.00000E+00  0.00000E+00  0.00000E+00  0.00000E+00  0.36719E+02  0.00000E+00  0.00000E+00    246  0.00000E+00      0.000
     181.0000 -0.10000E+01  0.00000E+00 -0.10000E+01  0.00000E+00 -0.10000E+01 -0.18100E+03  0.00000E+00 -0.18100E+03  0.00000E+00 -0.17591E+03 -0.28904E+02  0.00000E+00  0.00000E+00  0.00000E+00  0.00000E+00  0.36719E+02  0.00000E+00  0.00000E+00    247  0.00000E+00      0.000
     182.0000 -0.10000E+01  0.00000E+00 -0.10000E+01  0.00000E+00 -0.10000E+01 -0.18200E+03  0.00000E+00 -0.18200E+03  0.00000E+00 -0.17691E+03 -0.28902E+02  0.00000E+00  0.00000E+00  0.00000E+00  0.00000E+00  0.36719E+02  0.00000E+00  0.00000E+00    248  0.00000E+00      0.000
     183.0000 -0.10000E+01  0.00000E+00 -0.10000E+01  0.00000E+00 -0.10000E+01 -0.18300E+03  0.00000E+00 -0.18300E+03  0.00000E+00 -0.17791E+03 -0.28904E+02  0.00000E+00  0.00000E+00  0.00000E+00  0.00000E+00  0.36719E+02  0.00000E+00  0.00000E+00    249  0.00000E+00      0.000
     184.0000 -0.10000E+01  0.00000E+00 -0.10000E+01  0.00000E+00 -0.99999E+00 -0.18400E+03  0.00000E+00 -0.18400E+03  0.00000E+00 -0.17891E+03 -0.28903E+02  0.00000E+00  0.00000E+00  0.00000E+00  0.00000E+00  0.36719E+02  0.00000E+00  0.00000E+00    250  0.00000E+00      0.000
     185.0000 -0.10000E+01  0.00000E+00 -0.10000E+01  0.00000E+00 -0.10000E+01 -0.18500E+03  0.00000E+00 -0.18500E+03  0.00000E+00 -0.17991E+03 -0.28904E+02  0.00000E+00  0.00000E+00  0.00000E+00  0.00000E+00  0.36719E+02  0.00000E+00  0.00000E+00    251  0.00000E+00      0.000
     186.0000 -0.10000E+01  0.00000E+00 -0.10000E+01  0.00000E+00 -0.99999E+00 -0.18600E+03  0.00000E+00 -0.18600E+03  0.00000E+00 -0.18091E+03 -0.28903E+02  0.00000E+00  0.00000E+00  0.00000E+00  0.00000E+00  0.36719E+02  0.00000E+00  0.00000E+00    252  0.00000E+00      0.000
     187.0000 -0.10000E+01  0.00000E+00 -0.10000E+01  0.00000E+00 -0.10000E+01 -0.18700E+03  0.00000E+00 -0.18700E+03  0.00000E+00 -0.18191E+03 -0.28904E+02  0.00000E+00  0.00000E+00  0.00000E+00  0.00000E+00  0.36719E+02  0.00000E+00  0.00000E+00    253  0.00000E+00      0.000
     188.0000 -0.10000E+01  0.00000E+00 -0.10000E+01  0.00000E+00 -0.99998E+00 -0.18800E+03  0.00000E+00 -0.18800E+03  0.00000E+00 -0.18291E+03 -0.28903E+02  0.00000E+00  0.00000E+00  0.00000E+00  0.00000E+00  0.36719E+02  0.00000E+00  0.00000E+00    254  0.00000E+00      0.000
     189.0000 -0.10000E+01  0.00000E+00 -0.10000E+01  0.00000E+00 -0.99997E+00 -0.18900E+03  0.00000E+00 -0.18900E+03  0.00000E+00 -0.18391E+03 -0.28903E+02  0.00000E+00  0.00000E+00  0.00000E+00  0.00000E+00  0.36719E+02  0.00000E+00  0.00000E+00    255  0.00000E+00      0.000
     190.0000 -0.10000E+01  0.00000E+00 -0.10000E+01  0.00000E+00 -0.99998E+00 -0.19000E+03  0.00000E+00 -0.19000E+03  0.00000E+00 -0.18491E+03 -0.28903E+02  0.00000E+00  0.00000E+00  0.00000E+00  0.00000E+00  0.36719E+02  0.00000E+00  0.00000E+00    256  0.00000E+00      0.000
     191.0000 -0.10000E+01  0.00000E+00 -0.10000E+01  0.00000E+00 -0.10000E+01 -0.19100E+03  0.00000E+00 -0.19100E+03  0.00000E+00 -0.18591E+03 -0.28904E+02  0.00000E+00  0.00000E+00  0.00000E+00  0.00000E+00  0.36719E+02  0.00000E+00  0.00000E+00    257  0.00000E+00      0.000
     192.0000 -0.10000E+01  0.00000E+00 -0.10000E+01  0.00000E+00 -0.10000E+01 -0.19200E+03  0.00000E+00 -0.19200E+03  0.00000E+00 -0.18691E+03 -0.28903E+02  0.00000E+00  0.00000E+00  0.00000E+00  0.00000E+00  0.36719E+02  0.00000E+00  0.00000E+00    258  0.00000E+00      0.000
     193.0000 -0.10000E+01  0.00000E+00 -0.10000E+01  0.00000E+00 -0.99999E+00 -0.19300E+03  0.00000E+00 -0.19300E+03  0.00000E+00 -0.18791E+03 -0.28904E+02  0.00000E+00  0.00000E+00  0.00000E+00  0.00000E+00  0.36719E+02  0.00000E+00  0.00000E+00    259  0.00000E+00      0.000
     194.0000 -0.10000E+01  0.00000E+00 -0.10000E+01  0.00000E+00 -0.99999E+00 -0.19400E+03  0.00000E+00 -0.19400E+03  0.00000E+00 -0.18891E+03 -0.28903E+02  0.00000E+00  0.00000E+00  0.00000E+00  0.00000E+00  0.36719E+02  0.00000E+00  0.00000E+00    260  0.00000E+00      0.000
     195.0000 -0.10000E+01  0.00000E+00 -0.10000E+01  0.00000E+00 -0.10000E+01 -0.19500E+03  0.00000E+00 -0.19500E+03  0.00000E+00 -0.18991E+03 -0.28903E+02  0.00000E+00  0.00000E+00  0.00000E+00  0.00000E+00  0.36719E+02  0.00000E+00  0.00000E+00    261  0.00000E+00      0.000
     196.0000 -0.10000E+01  0.00000E+00 -0.10000E+01  0.00000E+00 -0.99998E+00 -0.19600E+03  0.00000E+00 -0.19600E+03  0.00000E+00 -0.19091E+03 -0.28904E+02  0.00000E+00  0.00000E+00  0.00000E+00  0.00000E+00  0.36719E+02  0.00000E+00  0.00000E+00    262  0.00000E+00      0.000
     197.0000 -0.10000E+01  0.00000E+00 -0.10000E+01  0.00000E+00 -0.10000E+01 -0.19700E+03  0.00000E+00 -0.19700E+03  0.00000E+00 -0.19191E+03 -0.28903E+02  0.00000E+00  0.00000E+00  0.00000E+00  0.00000E+00  0.36719E+02  0.00000E+00  0.00000E+00    263  0.00000E+00      0.000
     198.0000 -0.10000E+01  0.00000E+00 -0.10000E+01  0.00000E+00 -0.99999E+00 -0.19800E+03  0.00000E+00 -0.19800E+03  0.00000E+00 -0.19291E+03 -0.28904E+02  0.00000E+00  0.00000E+00  0.00000E+00  0.00000E+00  0.36719E+02  0.00000E+00  0.00000E+00    264  0.00000E+00      0.000
     199.0000 -0.10000E+01  0.00000E+00 -0.10000E+01  0.00000E+00 -0.10000E+01 -0.19900E+03  0.00000E+00 -0.19900E+03  0.00000E+00 -0.19391E+03 -0.28903E+02  0.00000E+00  0.00000E+00  0.00000E+00  0.00000E+00  0.36719E+02  0.00000E+00  0.00000E+00    265  0.00000E+00      0.000
     200.0000 -0.10000E+01  0.00000E+00 -0.10000E+01  0.00000E+00 -0.99998E+00 -0.20000E+03  0.00000E+00 -0.20000E+03  0.00000E+00 -0.19491E+03 -0.28904E+02  0.00000E+00  0.00000E+00  0.00000E+00  0.00000E+00  0.36719E+02  0.00000E+00  0.00000E+00    266  0.00000E+00      0.000
end
