 ******* Program HYDRUS
 ******* Infiltration submergee, sable 0-30 cm sur loam 30-100 cm                
 Date:   0. 0.    Time: 512:**:**
 Units: L = cm   , T = days , M = g    

----------------------------------------------------------
 Time       [T]        0.0000
----------------------------------------------------------
 Sub-region num.                     1            2
----------------------------------------------------------
 Area     [L]        0.10000E+03  0.30000E+02  0.70000E+02
 W-volume [L]        0.15020E+02  0.15828E+01  0.13437E+02
 In-flow  [L/T]      0.00000E+00  0.00000E+00  0.00000E+00
 h Mean   [L]       -0.19900E+03 -0.19667E+03 -0.20000E+03
 Top Flux [L/T]     -0.71636E+05
 Bot Flux [L/T]     -0.38229E-02
----------------------------------------------------------

----------------------------------------------------------
 Time       [T]        0.0500
----------------------------------------------------------
 Sub-region num.                     1            2
----------------------------------------------------------
 Area     [L]        0.10000E+03  0.30000E+02  0.70000E+02
 W-volume [L]        0.31053E+02  0.12900E+02  0.18153E+02
 In-flow  [L/T]      0.70817E+02  0.00000E+00  0.70817E+02
 h Mean   [L]       -0.93251E+02  0.13510E+02 -0.13901E+03
 Top Flux [L/T]     -0.70819E+02
 Bot Flux [L/T]     -0.38229E-02
 WatBalT  [L]        0.64850E-04
 WatBalR  [%]              0.000
----------------------------------------------------------

----------------------------------------------------------
 Time       [T]        0.1000
----------------------------------------------------------
 Sub-region num.                     1            2
----------------------------------------------------------
 Area     [L]        0.10000E+03  0.30000E+02  0.70000E+02
 W-volume [L]        0.34014E+02  0.12900E+02  0.21114E+02
 In-flow  [L/T]      0.51981E+02  0.00000E+00  0.51981E+02
 h Mean   [L]       -0.66214E+02  0.13906E+02 -0.10055E+03
 Top Flux [L/T]     -0.51983E+02
 Bot Flux [L/T]     -0.38229E-02
 WatBalT  [L]        0.15831E-03
 WatBalR  [%]              0.001
----------------------------------------------------------

----------------------------------------------------------
 Time       [T]        0.1500
----------------------------------------------------------
 Sub-region num.                     1            2
----------------------------------------------------------
 Area     [L]        0.10000E+03  0.30000E+02  0.70000E+02
 W-volume [L]        0.36421E+02  0.12900E+02  0.23521E+02
 In-flow  [L/T]      0.45141E+02  0.00000E+00  0.45141E+02
 h Mean   [L]       -0.44369E+02  0.14050E+02 -0.69405E+02
 Top Flux [L/T]     -0.45142E+02
 Bot Flux [L/T]     -0.38229E-02
 WatBalT  [L]        0.26321E-03
 WatBalR  [%]              0.001
----------------------------------------------------------

----------------------------------------------------------
 Time       [T]        0.2000
----------------------------------------------------------
 Sub-region num.                     1            2
----------------------------------------------------------
 Area     [L]        0.10000E+03  0.30000E+02  0.70000E+02
 W-volume [L]        0.38576E+02  0.12900E+02  0.25676E+02
 In-flow  [L/T]      0.41414E+02  0.00000E+00  0.41414E+02
 h Mean   [L]       -0.24806E+02  0.14128E+02 -0.41492E+02
 Top Flux [L/T]     -0.41416E+02
 Bot Flux [L/T]     -0.38229E-02
 WatBalT  [L]        0.36621E-03
 WatBalR  [%]              0.002
----------------------------------------------------------

----------------------------------------------------------
 Time       [T]        0.2500
----------------------------------------------------------
 Sub-region num.                     1            2
----------------------------------------------------------
 Area     [L]        0.10000E+03  0.30000E+02  0.70000E+02
 W-volume [L]        0.40580E+02  0.12900E+02  0.27680E+02
 In-flow  [L/T]      0.38965E+02  0.00000E+00  0.38965E+02
 h Mean   [L]       -0.66313E+01  0.14180E+02 -0.15550E+02
 Top Flux [L/T]     -0.38966E+02
 Bot Flux [L/T]     -0.38229E-02
 WatBalT  [L]        0.46539E-03
 WatBalR  [%]              0.002
----------------------------------------------------------

----------------------------------------------------------
 Time       [T]        0.3000
----------------------------------------------------------
 Sub-region num.                     1            2
----------------------------------------------------------
 Area     [L]        0.10000E+03  0.30000E+02  0.70000E+02
 W-volume [L]        0.42481E+02  0.12900E+02  0.29581E+02
 In-flow  [L/T]      0.37173E+02  0.00000E+00  0.37173E+02
 h Mean   [L]        0.10611E+02  0.14217E+02  0.90658E+01
 Top Flux [L/T]     -0.37194E+02
 Bot Flux [L/T]     -0.18425E+01
 WatBalT  [L]        0.57030E-03
 WatBalR  [%]              0.002
----------------------------------------------------------

----------------------------------------------------------
 Time       [T]        0.3500
----------------------------------------------------------
 Sub-region num.                     1            2
----------------------------------------------------------
 Area     [L]        0.10000E+03  0.30000E+02  0.70000E+02
 W-volume [L]        0.43000E+02  0.12900E+02  0.30100E+02
 In-flow  [L/T]      0.00000E+00  0.00000E+00  0.00000E+00
 h Mean   [L]        0.25255E+02  0.14475E+02  0.29875E+02
 Top Flux [L/T]     -0.24958E+02
 Bot Flux [L/T]     -0.24960E+02
 WatBalT  [L]        0.67139E-03
 WatBalR  [%]              0.002
----------------------------------------------------------

----------------------------------------------------------
 Time       [T]        0.4000
----------------------------------------------------------
 Sub-region num.                     1            2
----------------------------------------------------------
 Area     [L]        0.10000E+03  0.30000E+02  0.70000E+02
 W-volume [L]        0.43000E+02  0.12900E+02  0.30100E+02
 In-flow  [L/T]      0.00000E+00  0.00000E+00  0.00000E+00
 h Mean   [L]        0.25255E+02  0.14475E+02  0.29875E+02
 Top Flux [L/T]     -0.24958E+02
 Bot Flux [L/T]     -0.24960E+02
 WatBalT  [L]        0.76675E-03
 WatBalR  [%]              0.002
----------------------------------------------------------

----------------------------------------------------------
 Time       [T]        0.4500
----------------------------------------------------------
 Sub-region num.                     1            2
----------------------------------------------------------
 Area     [L]        0.10000E+03  0.30000E+02  0.70000E+02
 W-volume [L]        0.43000E+02  0.12900E+02  0.30100E+02
 In-flow  [L/T]      0.00000E+00  0.00000E+00  0.00000E+00
 h Mean   [L]        0.25255E+02  0.14475E+02  0.29875E+02
 Top Flux [L/T]     -0.24958E+02
 Bot Flux [L/T]     -0.24960E+02
 WatBalT  [L]        0.86212E-03
 WatBalR  [%]              0.002
----------------------------------------------------------

----------------------------------------------------------
 Time       [T]        0.5000
----------------------------------------------------------
 Sub-region num.                     1            2
----------------------------------------------------------
 Area     [L]        0.10000E+03  0.30000E+02  0.70000E+02
 W-volume [L]        0.43000E+02  0.12900E+02  0.30100E+02
 In-flow  [L/T]      0.00000E+00  0.00000E+00  0.00000E+00
 h Mean   [L]        0.25255E+02  0.14475E+02  0.29875E+02
 Top Flux [L/T]     -0.24958E+02
 Bot Flux [L/T]     -0.24960E+02
 WatBalT  [L]        0.95749E-03
 WatBalR  [%]              0.003
----------------------------------------------------------

----------------------------------------------------------
 Time       [T]        0.5500
----------------------------------------------------------
 Sub-region num.                     1            2
----------------------------------------------------------
 Area     [L]        0.10000E+03  0.30000E+02  0.70000E+02
 W-volume [L]        0.43000E+02  0.12900E+02  0.30100E+02
 In-flow  [L/T]      0.00000E+00  0.00000E+00  0.00000E+00
 h Mean   [L]        0.25255E+02  0.14475E+02  0.29875E+02
 Top Flux [L/T]     -0.24958E+02
 Bot Flux [L/T]     -0.24960E+02
 WatBalT  [L]        0.10529E-02
 WatBalR  [%]              0.003
----------------------------------------------------------

----------------------------------------------------------
 Time       [T]        0.6000
----------------------------------------------------------
 Sub-region num.                     1            2
----------------------------------------------------------
 Area     [L]        0.10000E+03  0.30000E+02  0.70000E+02
 W-volume [L]        0.43000E+02  0.12900E+02  0.30100E+02
 In-flow  [L/T]      0.00000E+00  0.00000E+00  0.00000E+00
 h Mean   [L]        0.25255E+02  0.14475E+02  0.29875E+02
 Top Flux [L/T]     -0.24958E+02
 Bot Flux [L/T]     -0.24960E+02
 WatBalT  [L]        0.11482E-02
 WatBalR  [%]              0.003
----------------------------------------------------------

----------------------------------------------------------
 Time       [T]        0.6500
----------------------------------------------------------
 Sub-region num.                     1            2
----------------------------------------------------------
 Area     [L]        0.10000E+03  0.30000E+02  0.70000E+02
 W-volume [L]        0.43000E+02  0.12900E+02  0.30100E+02
 In-flow  [L/T]      0.00000E+00  0.00000E+00  0.00000E+00
 h Mean   [L]        0.25255E+02  0.14475E+02  0.29875E+02
 Top Flux [L/T]     -0.24958E+02
 Bot Flux [L/T]     -0.24960E+02
 WatBalT  [L]        0.12436E-02
 WatBalR  [%]              0.003
----------------------------------------------------------

----------------------------------------------------------
 Time       [T]        0.7000
----------------------------------------------------------
 Sub-region num.                     1            2
----------------------------------------------------------
 Area     [L]        0.10000E+03  0.30000E+02  0.70000E+02
 W-volume [L]        0.43000E+02  0.12900E+02  0.30100E+02
 In-flow  [L/T]      0.00000E+00  0.00000E+00  0.00000E+00
 h Mean   [L]        0.25255E+02  0.14475E+02  0.29875E+02
 Top Flux [L/T]     -0.24958E+02
 Bot Flux [L/T]     -0.24960E+02
 WatBalT  [L]        0.13390E-02
 WatBalR  [%]              0.003
----------------------------------------------------------

----------------------------------------------------------
 Time       [T]        0.7500
----------------------------------------------------------
 Sub-region num.                     1            2
----------------------------------------------------------
 Area     [L]        0.10000E+03  0.30000E+02  0.70000E+02
 W-volume [L]        0.43000E+02  0.12900E+02  0.30100E+02
 In-flow  [L/T]      0.00000E+00  0.00000E+00  0.00000E+00
 h Mean   [L]        0.25255E+02  0.14475E+02  0.29875E+02
 Top Flux [L/T]     -0.24958E+02
 Bot Flux [L/T]     -0.24960E+02
 WatBalT  [L]        0.14343E-02
 WatBalR  [%]              0.003
----------------------------------------------------------

----------------------------------------------------------
 Time       [T]        0.8000
----------------------------------------------------------
 Sub-region num.                     1            2
----------------------------------------------------------
 Area     [L]        0.10000E+03  0.30000E+02  0.70000E+02
 W-volume [L]        0.43000E+02  0.12900E+02  0.30100E+02
 In-flow  [L/T]      0.00000E+00  0.00000E+00  0.00000E+00
 h Mean   [L]        0.25255E+02  0.14475E+02  0.29875E+02
 Top Flux [L/T]     -0.24958E+02
 Bot Flux [L/T]     -0.24960E+02
 WatBalT  [L]        0.15297E-02
 WatBalR  [%]              0.003
----------------------------------------------------------

----------------------------------------------------------
 Time       [T]        0.8500
----------------------------------------------------------
 Sub-region num.                     1            2
----------------------------------------------------------
 Area     [L]        0.10000E+03  0.30000E+02  0.70000E+02
 W-volume [L]        0.43000E+02  0.12900E+02  0.30100E+02
 In-flow  [L/T]      0.00000E+00  0.00000E+00  0.00000E+00
 h Mean   [L]        0.25255E+02  0.14475E+02  0.29875E+02
 Top Flux [L/T]     -0.24958E+02
 Bot Flux [L/T]     -0.24960E+02
 WatBalT  [L]        0.16251E-02
 WatBalR  [%]              0.003
----------------------------------------------------------

----------------------------------------------------------
 Time       [T]        0.9000
----------------------------------------------------------
 Sub-region num.                     1            2
----------------------------------------------------------
 Area     [L]        0.10000E+03  0.30000E+02  0.70000E+02
 W-volume [L]        0.43000E+02  0.12900E+02  0.30100E+02
 In-flow  [L/T]      0.00000E+00  0.00000E+00  0.00000E+00
 h Mean   [L]        0.25255E+02  0.14475E+02  0.29875E+02
 Top Flux [L/T]     -0.24958E+02
 Bot Flux [L/T]     -0.24960E+02
 WatBalT  [L]        0.17204E-02
 WatBalR  [%]              0.003
----------------------------------------------------------

----------------------------------------------------------
 Time       [T]        0.9500
----------------------------------------------------------
 Sub-region num.                     1            2
----------------------------------------------------------
 Area     [L]        0.10000E+03  0.30000E+02  0.70000E+02
 W-volume [L]        0.43000E+02  0.12900E+02  0.30100E+02
 In-flow  [L/T]      0.00000E+00  0.00000E+00  0.00000E+00
 h Mean   [L]        0.25255E+02  0.14475E+02  0.29875E+02
 Top Flux [L/T]     -0.24958E+02
 Bot Flux [L/T]     -0.24960E+02
 WatBalT  [L]        0.18158E-02
 WatBalR  [%]              0.003
----------------------------------------------------------

----------------------------------------------------------
 Time       [T]        1.0000
----------------------------------------------------------
 Sub-region num.                     1            2
----------------------------------------------------------
 Area     [L]        0.10000E+03  0.30000E+02  0.70000E+02
 W-volume [L]        0.43000E+02  0.12900E+02  0.30100E+02
 In-flow  [L/T]      0.00000E+00  0.00000E+00  0.00000E+00
 h Mean   [L]        0.25255E+02  0.14475E+02  0.29875E+02
 Top Flux [L/T]     -0.24958E+02
 Bot Flux [L/T]     -0.24960E+02
 WatBalT  [L]        0.19112E-02
 WatBalR  [%]              0.003
----------------------------------------------------------

 Calculation time [sec]   2151936034.0000000     
