 ******* Program HYDRUS
 ******* Drainage interne d'un profil initialement proche de la saturation (h = -
 Date:   0. 0.    Time: 512:**:**
 Units: L = cm   , T = days , M = g    

----------------------------------------------------------
 Time       [T]        0.0000
----------------------------------------------------------
 Sub-region num.                     1
----------------------------------------------------------
 Area     [L]        0.10000E+03  0.10000E+03
 W-volume [L]        0.40736E+02  0.40736E+02
 In-flow  [L/T]      0.00000E+00  0.00000E+00
 h Mean   [L]       -0.10000E+02 -0.10000E+02
 Top Flux [L/T]     -0.54217E+01
 Bot Flux [L/T]     -0.54217E+01
----------------------------------------------------------

----------------------------------------------------------
 Time       [T]        1.0000
----------------------------------------------------------
 Sub-region num.                     1
----------------------------------------------------------
 Area     [L]        0.10000E+03  0.10000E+03
 W-volume [L]        0.36563E+02  0.36563E+02
 In-flow  [L/T]     -0.28489E+01 -0.28489E+01
 h Mean   [L]       -0.23580E+02 -0.23580E+02
 Top Flux [L/T]     -0.13103E-01
 Bot Flux [L/T]     -0.28359E+01
 WatBalT  [L]       -0.53406E-04
 WatBalR  [%]              0.001
----------------------------------------------------------

----------------------------------------------------------
 Time       [T]        2.0000
----------------------------------------------------------
 Sub-region num.                     1
----------------------------------------------------------
 Area     [L]        0.10000E+03  0.10000E+03
 W-volume [L]        0.34512E+02  0.34512E+02
 In-flow  [L/T]     -0.16138E+01 -0.16138E+01
 h Mean   [L]       -0.31091E+02 -0.31091E+02
 Top Flux [L/T]     -0.64509E-02
 Bot Flux [L/T]     -0.16055E+01
 WatBalT  [L]       -0.53406E-04
 WatBalR  [%]              0.001
----------------------------------------------------------

----------------------------------------------------------
 Time       [T]        3.0000
----------------------------------------------------------
 Sub-region num.                     1
----------------------------------------------------------
 Area     [L]        0.10000E+03  0.10000E+03
 W-volume [L]        0.33213E+02  0.33213E+02
 In-flow  [L/T]     -0.11319E+01 -0.11319E+01
 h Mean   [L]       -0.36405E+02 -0.36405E+02
 Top Flux [L/T]     -0.47020E-02
 Bot Flux [L/T]     -0.11257E+01
 WatBalT  [L]       -0.40531E-04
 WatBalR  [%]              0.001
----------------------------------------------------------

----------------------------------------------------------
 Time       [T]        4.0000
----------------------------------------------------------
 Sub-region num.                     1
----------------------------------------------------------
 Area     [L]        0.10000E+03  0.10000E+03
 W-volume [L]        0.32276E+02  0.32276E+02
 In-flow  [L/T]     -0.85384E+00 -0.85384E+00
 h Mean   [L]       -0.40604E+02 -0.40604E+02
 Top Flux [L/T]     -0.30284E-02
 Bot Flux [L/T]     -0.84951E+00
 WatBalT  [L]       -0.56267E-04
 WatBalR  [%]              0.001
----------------------------------------------------------

----------------------------------------------------------
 Time       [T]        5.0000
----------------------------------------------------------
 Sub-region num.                     1
----------------------------------------------------------
 Area     [L]        0.10000E+03  0.10000E+03
 W-volume [L]        0.31531E+02  0.31531E+02
 In-flow  [L/T]     -0.69216E+00 -0.69216E+00
 h Mean   [L]       -0.44170E+02 -0.44170E+02
 Top Flux [L/T]     -0.25802E-02
 Bot Flux [L/T]     -0.68826E+00
 WatBalT  [L]       -0.57220E-04
 WatBalR  [%]              0.001
----------------------------------------------------------

----------------------------------------------------------
 Time       [T]        6.0000
----------------------------------------------------------
 Sub-region num.                     1
----------------------------------------------------------
 Area     [L]        0.10000E+03  0.10000E+03
 W-volume [L]        0.30940E+02  0.30940E+02
 In-flow  [L/T]     -0.56055E+00 -0.56055E+00
 h Mean   [L]       -0.47201E+02 -0.47201E+02
 Top Flux [L/T]     -0.22274E-02
 Bot Flux [L/T]     -0.55744E+00
 WatBalT  [L]       -0.62943E-04
 WatBalR  [%]              0.001
----------------------------------------------------------

----------------------------------------------------------
 Time       [T]        7.0000
----------------------------------------------------------
 Sub-region num.                     1
----------------------------------------------------------
 Area     [L]        0.10000E+03  0.10000E+03
 W-volume [L]        0.30436E+02  0.30436E+02
 In-flow  [L/T]     -0.48829E+00 -0.48829E+00
 h Mean   [L]       -0.49944E+02 -0.49944E+02
 Top Flux [L/T]     -0.19611E-02
 Bot Flux [L/T]     -0.48573E+00
 WatBalT  [L]       -0.48637E-04
 WatBalR  [%]              0.000
----------------------------------------------------------

----------------------------------------------------------
 Time       [T]        8.0000
----------------------------------------------------------
 Sub-region num.                     1
----------------------------------------------------------
 Area     [L]        0.10000E+03  0.10000E+03
 W-volume [L]        0.29991E+02  0.29991E+02
 In-flow  [L/T]     -0.43108E+00 -0.43108E+00
 h Mean   [L]       -0.52454E+02 -0.52454E+02
 Top Flux [L/T]     -0.16839E-02
 Bot Flux [L/T]     -0.42866E+00
 WatBalT  [L]       -0.54359E-04
 WatBalR  [%]              0.001
----------------------------------------------------------

----------------------------------------------------------
 Time       [T]        9.0000
----------------------------------------------------------
 Sub-region num.                     1
----------------------------------------------------------
 Area     [L]        0.10000E+03  0.10000E+03
 W-volume [L]        0.29600E+02  0.29600E+02
 In-flow  [L/T]     -0.37836E+00 -0.37836E+00
 h Mean   [L]       -0.54745E+02 -0.54745E+02
 Top Flux [L/T]     -0.12633E-02
 Bot Flux [L/T]     -0.37616E+00
 WatBalT  [L]       -0.64850E-04
 WatBalR  [%]              0.001
----------------------------------------------------------

----------------------------------------------------------
 Time       [T]       10.0000
----------------------------------------------------------
 Sub-region num.                     1
----------------------------------------------------------
 Area     [L]        0.10000E+03  0.10000E+03
 W-volume [L]        0.29257E+02  0.29257E+02
 In-flow  [L/T]     -0.33160E+00 -0.33160E+00
 h Mean   [L]       -0.56847E+02 -0.56847E+02
 Top Flux [L/T]     -0.11807E-02
 Bot Flux [L/T]     -0.32967E+00
 WatBalT  [L]       -0.50545E-04
 WatBalR  [%]              0.000
----------------------------------------------------------

----------------------------------------------------------
 Time       [T]       11.0000
----------------------------------------------------------
 Sub-region num.                     1
----------------------------------------------------------
 Area     [L]        0.10000E+03  0.10000E+03
 W-volume [L]        0.28955E+02  0.28955E+02
 In-flow  [L/T]     -0.29362E+00 -0.29362E+00
 h Mean   [L]       -0.58804E+02 -0.58804E+02
 Top Flux [L/T]     -0.10994E-02
 Bot Flux [L/T]     -0.29202E+00
 WatBalT  [L]       -0.53406E-04
 WatBalR  [%]              0.000
----------------------------------------------------------

----------------------------------------------------------
 Time       [T]       12.0000
----------------------------------------------------------
 Sub-region num.                     1
----------------------------------------------------------
 Area     [L]        0.10000E+03  0.10000E+03
 W-volume [L]        0.28676E+02  0.28676E+02
 In-flow  [L/T]     -0.27408E+00 -0.27408E+00
 h Mean   [L]       -0.60684E+02 -0.60684E+02
 Top Flux [L/T]     -0.10262E-02
 Bot Flux [L/T]     -0.27263E+00
 WatBalT  [L]       -0.55313E-04
 WatBalR  [%]              0.000
----------------------------------------------------------

----------------------------------------------------------
 Time       [T]       13.0000
----------------------------------------------------------
 Sub-region num.                     1
----------------------------------------------------------
 Area     [L]        0.10000E+03  0.10000E+03
 W-volume [L]        0.28416E+02  0.28416E+02
 In-flow  [L/T]     -0.25532E+00 -0.25532E+00
 h Mean   [L]       -0.62470E+02 -0.62470E+02
 Top Flux [L/T]     -0.96079E-03
 Bot Flux [L/T]     -0.25393E+00
 WatBalT  [L]       -0.57220E-04
 WatBalR  [%]              0.000
----------------------------------------------------------

----------------------------------------------------------
 Time       [T]       14.0000
----------------------------------------------------------
 Sub-region num.                     1
----------------------------------------------------------
 Area     [L]        0.10000E+03  0.10000E+03
 W-volume [L]        0.28174E+02  0.28174E+02
 In-flow  [L/T]     -0.23725E+00 -0.23725E+00
 h Mean   [L]       -0.64164E+02 -0.64164E+02
 Top Flux [L/T]     -0.90252E-03
 Bot Flux [L/T]     -0.23592E+00
 WatBalT  [L]       -0.59128E-04
 WatBalR  [%]              0.000
----------------------------------------------------------

----------------------------------------------------------
 Time       [T]       15.0000
----------------------------------------------------------
 Sub-region num.                     1
----------------------------------------------------------
 Area     [L]        0.10000E+03  0.10000E+03
 W-volume [L]        0.27950E+02  0.27950E+02
 In-flow  [L/T]     -0.21998E+00 -0.21998E+00
 h Mean   [L]       -0.65769E+02 -0.65769E+02
 Top Flux [L/T]     -0.85106E-03
 Bot Flux [L/T]     -0.21870E+00
 WatBalT  [L]       -0.48637E-04
 WatBalR  [%]              0.000
----------------------------------------------------------

----------------------------------------------------------
 Time       [T]       16.0000
----------------------------------------------------------
 Sub-region num.                     1
----------------------------------------------------------
 Area     [L]        0.10000E+03  0.10000E+03
 W-volume [L]        0.27742E+02  0.27742E+02
 In-flow  [L/T]     -0.20361E+00 -0.20361E+00
 h Mean   [L]       -0.67290E+02 -0.67290E+02
 Top Flux [L/T]     -0.80428E-03
 Bot Flux [L/T]     -0.20239E+00
 WatBalT  [L]       -0.42915E-04
 WatBalR  [%]              0.000
----------------------------------------------------------

----------------------------------------------------------
 Time       [T]       17.0000
----------------------------------------------------------
 Sub-region num.                     1
----------------------------------------------------------
 Area     [L]        0.10000E+03  0.10000E+03
 W-volume [L]        0.27550E+02  0.27550E+02
 In-flow  [L/T]     -0.18824E+00 -0.18824E+00
 h Mean   [L]       -0.68732E+02 -0.68732E+02
 Top Flux [L/T]     -0.76209E-03
 Bot Flux [L/T]     -0.18711E+00
 WatBalT  [L]       -0.52452E-04
 WatBalR  [%]              0.000
----------------------------------------------------------

----------------------------------------------------------
 Time       [T]       18.0000
----------------------------------------------------------
 Sub-region num.                     1
----------------------------------------------------------
 Area     [L]        0.10000E+03  0.10000E+03
 W-volume [L]        0.27373E+02  0.27373E+02
 In-flow  [L/T]     -0.17403E+00 -0.17403E+00
 h Mean   [L]       -0.70103E+02 -0.70103E+02
 Top Flux [L/T]     -0.72373E-03
 Bot Flux [L/T]     -0.17298E+00
 WatBalT  [L]       -0.51498E-04
 WatBalR  [%]              0.000
----------------------------------------------------------

----------------------------------------------------------
 Time       [T]       19.0000
----------------------------------------------------------
 Sub-region num.                     1
----------------------------------------------------------
 Area     [L]        0.10000E+03  0.10000E+03
 W-volume [L]        0.27208E+02  0.27208E+02
 In-flow  [L/T]     -0.16111E+00 -0.16111E+00
 h Mean   [L]       -0.71414E+02 -0.71414E+02
 Top Flux [L/T]     -0.53277E-03
 Bot Flux [L/T]     -0.16017E+00
 WatBalT  [L]       -0.47684E-04
 WatBalR  [%]              0.000
----------------------------------------------------------

----------------------------------------------------------
 Time       [T]       20.0000
----------------------------------------------------------
 Sub-region num.                     1
----------------------------------------------------------
 Area     [L]        0.10000E+03  0.10000E+03
 W-volume [L]        0.27054E+02  0.27054E+02
 In-flow  [L/T]     -0.15260E+00 -0.15260E+00
 h Mean   [L]       -0.72699E+02 -0.72699E+02
 Top Flux [L/T]     -0.52046E-03
 Bot Flux [L/T]     -0.15179E+00
 WatBalT  [L]       -0.48637E-04
 WatBalR  [%]              0.000
----------------------------------------------------------

----------------------------------------------------------
 Time       [T]       21.0000
----------------------------------------------------------
 Sub-region num.                     1
----------------------------------------------------------
 Area     [L]        0.10000E+03  0.10000E+03
 W-volume [L]        0.26906E+02  0.26906E+02
 In-flow  [L/T]     -0.14677E+00 -0.14677E+00
 h Mean   [L]       -0.73955E+02 -0.73955E+02
 Top Flux [L/T]     -0.50583E-03
 Bot Flux [L/T]     -0.14600E+00
 WatBalT  [L]       -0.45776E-04
 WatBalR  [%]              0.000
----------------------------------------------------------

----------------------------------------------------------
 Time       [T]       22.0000
----------------------------------------------------------
 Sub-region num.                     1
----------------------------------------------------------
 Area     [L]        0.10000E+03  0.10000E+03
 W-volume [L]        0.26764E+02  0.26764E+02
 In-flow  [L/T]     -0.14113E+00 -0.14113E+00
 h Mean   [L]       -0.75177E+02 -0.75177E+02
 Top Flux [L/T]     -0.48849E-03
 Bot Flux [L/T]     -0.14038E+00
 WatBalT  [L]       -0.51498E-04
 WatBalR  [%]              0.000
----------------------------------------------------------

----------------------------------------------------------
 Time       [T]       23.0000
----------------------------------------------------------
 Sub-region num.                     1
----------------------------------------------------------
 Area     [L]        0.10000E+03  0.10000E+03
 W-volume [L]        0.26627E+02  0.26627E+02
 In-flow  [L/T]     -0.13561E+00 -0.13561E+00
 h Mean   [L]       -0.76365E+02 -0.76365E+02
 Top Flux [L/T]     -0.47432E-03
 Bot Flux [L/T]     -0.13487E+00
 WatBalT  [L]       -0.49591E-04
 WatBalR  [%]              0.000
----------------------------------------------------------

----------------------------------------------------------
 Time       [T]       24.0000
----------------------------------------------------------
 Sub-region num.                     1
----------------------------------------------------------
 Area     [L]        0.10000E+03  0.10000E+03
 W-volume [L]        0.26495E+02  0.26495E+02
 In-flow  [L/T]     -0.13019E+00 -0.13019E+00
 h Mean   [L]       -0.77520E+02 -0.77520E+02
 Top Flux [L/T]     -0.45834E-03
 Bot Flux [L/T]     -0.12947E+00
 WatBalT  [L]       -0.48637E-04
 WatBalR  [%]              0.000
----------------------------------------------------------

----------------------------------------------------------
 Time       [T]       25.0000
----------------------------------------------------------
 Sub-region num.                     1
----------------------------------------------------------
 Area     [L]        0.10000E+03  0.10000E+03
 W-volume [L]        0.26369E+02  0.26369E+02
 In-flow  [L/T]     -0.12492E+00 -0.12492E+00
 h Mean   [L]       -0.78643E+02 -0.78643E+02
 Top Flux [L/T]     -0.44462E-03
 Bot Flux [L/T]     -0.12421E+00
 WatBalT  [L]       -0.45776E-04
 WatBalR  [%]              0.000
----------------------------------------------------------

----------------------------------------------------------
 Time       [T]       26.0000
----------------------------------------------------------
 Sub-region num.                     1
----------------------------------------------------------
 Area     [L]        0.10000E+03  0.10000E+03
 W-volume [L]        0.26248E+02  0.26248E+02
 In-flow  [L/T]     -0.11976E+00 -0.11976E+00
 h Mean   [L]       -0.79733E+02 -0.79733E+02
 Top Flux [L/T]     -0.43084E-03
 Bot Flux [L/T]     -0.11908E+00
 WatBalT  [L]       -0.52452E-04
 WatBalR  [%]              0.000
----------------------------------------------------------

----------------------------------------------------------
 Time       [T]       27.0000
----------------------------------------------------------
 Sub-region num.                     1
----------------------------------------------------------
 Area     [L]        0.10000E+03  0.10000E+03
 W-volume [L]        0.26132E+02  0.26132E+02
 In-flow  [L/T]     -0.11476E+00 -0.11476E+00
 h Mean   [L]       -0.80792E+02 -0.80792E+02
 Top Flux [L/T]     -0.41796E-03
 Bot Flux [L/T]     -0.11408E+00
 WatBalT  [L]       -0.57220E-04
 WatBalR  [%]              0.000
----------------------------------------------------------

----------------------------------------------------------
 Time       [T]       28.0000
----------------------------------------------------------
 Sub-region num.                     1
----------------------------------------------------------
 Area     [L]        0.10000E+03  0.10000E+03
 W-volume [L]        0.26021E+02  0.26021E+02
 In-flow  [L/T]     -0.10988E+00 -0.10988E+00
 h Mean   [L]       -0.81821E+02 -0.81821E+02
 Top Flux [L/T]     -0.40589E-03
 Bot Flux [L/T]     -0.10924E+00
 WatBalT  [L]       -0.53406E-04
 WatBalR  [%]              0.000
----------------------------------------------------------

----------------------------------------------------------
 Time       [T]       29.0000
----------------------------------------------------------
 Sub-region num.                     1
----------------------------------------------------------
 Area     [L]        0.10000E+03  0.10000E+03
 W-volume [L]        0.25914E+02  0.25914E+02
 In-flow  [L/T]     -0.10517E+00 -0.10517E+00
 h Mean   [L]       -0.82820E+02 -0.82820E+02
 Top Flux [L/T]     -0.39437E-03
 Bot Flux [L/T]     -0.10454E+00
 WatBalT  [L]       -0.56267E-04
 WatBalR  [%]              0.000
----------------------------------------------------------

----------------------------------------------------------
 Time       [T]       30.0000
----------------------------------------------------------
 Sub-region num.                     1
----------------------------------------------------------
 Area     [L]        0.10000E+03  0.10000E+03
 W-volume [L]        0.25813E+02  0.25813E+02
 In-flow  [L/T]     -0.10061E+00 -0.10061E+00
 h Mean   [L]       -0.83792E+02 -0.83792E+02
 Top Flux [L/T]     -0.38336E-03
 Bot Flux [L/T]     -0.10001E+00
 WatBalT  [L]       -0.56267E-04
 WatBalR  [%]              0.000
----------------------------------------------------------

 Calculation time [sec]   2151943133.0000000     
