 ******* Program HYDRUS
 ******* Drainage interne d'un profil initialement proche de la saturation (h = -
 Date:   0. 0.    Time: 512:**:**
 Units: L = cm   , T = days , M = g    



                               Node( 11)                      Node( 26)                      Node( 51)                      Node( 91)

         time         h        theta    Temp         h        theta    Temp         h        theta    Temp         h        theta    Temp   
          0.0001      -10.00  0.4074   20.000        -10.00  0.4074   20.000        -10.00  0.4074   20.000        -10.00  0.4074   20.000
          0.0002      -10.00  0.4074   20.000        -10.00  0.4074   20.000        -10.00  0.4074   20.000        -10.00  0.4074   20.000
          0.0003      -10.00  0.4074   20.000        -10.00  0.4074   20.000        -10.00  0.4074   20.000        -10.00  0.4074   20.000
          0.0005      -10.00  0.4074   20.000        -10.00  0.4074   20.000        -10.00  0.4074   20.000        -10.00  0.4074   20.000
          0.0007      -10.00  0.4074   20.000        -10.00  0.4074   20.000        -10.00  0.4074   20.000        -10.00  0.4074   20.000
          0.0010      -10.00  0.4074   20.000        -10.00  0.4074   20.000        -10.00  0.4074   20.000        -10.00  0.4074   20.000
          0.0014      -10.00  0.4074   20.000        -10.00  0.4074   20.000        -10.00  0.4074   20.000        -10.00  0.4074   20.000
          0.0019      -10.00  0.4074   20.000        -10.00  0.4074   20.000        -10.00  0.4074   20.000        -10.00  0.4074   20.000
          0.0025      -10.00  0.4073   20.000        -10.00  0.4074   20.000        -10.00  0.4074   20.000        -10.00  0.4074   20.000
          0.0033      -10.01  0.4073   20.000        -10.00  0.4074   20.000        -10.00  0.4074   20.000        -10.00  0.4074   20.000
          0.0044      -10.03  0.4073   20.000        -10.00  0.4074   20.000        -10.00  0.4074   20.000        -10.00  0.4074   20.000
          0.0057      -10.08  0.4071   20.000        -10.00  0.4074   20.000        -10.00  0.4074   20.000        -10.00  0.4074   20.000
          0.0075      -10.16  0.4069   20.000        -10.00  0.4074   20.000        -10.00  0.4074   20.000        -10.00  0.4074   20.000
          0.0099      -10.30  0.4064   20.000        -10.00  0.4074   20.000        -10.00  0.4074   20.000        -10.00  0.4074   20.000
          0.0129      -10.51  0.4058   20.000        -10.01  0.4073   20.000        -10.00  0.4074   20.000        -10.00  0.4074   20.000
          0.0168      -10.81  0.4048   20.000        -10.02  0.4073   20.000        -10.00  0.4074   20.000        -10.00  0.4074   20.000
          0.0219      -11.21  0.4036   20.000        -10.06  0.4072   20.000        -10.00  0.4074   20.000        -10.00  0.4074   20.000
          0.0286      -11.72  0.4020   20.000        -10.14  0.4069   20.000        -10.00  0.4074   20.000        -10.00  0.4074   20.000
          0.0373      -12.34  0.3999   20.000        -10.30  0.4064   20.000        -10.00  0.4073   20.000        -10.00  0.4074   20.000
          0.0485      -13.11  0.3975   20.000        -10.58  0.4056   20.000        -10.02  0.4073   20.000        -10.00  0.4074   20.000
          0.0631      -14.02  0.3945   20.000        -10.99  0.4042   20.000        -10.06  0.4072   20.000        -10.00  0.4074   20.000
          0.0777      -14.84  0.3919   20.000        -11.43  0.4029   20.000        -10.13  0.4070   20.000        -10.00  0.4074   20.000
          0.0924      -15.59  0.3895   20.000        -11.87  0.4015   20.000        -10.23  0.4066   20.000        -10.00  0.4073   20.000
          0.1114      -16.49  0.3866   20.000        -12.45  0.3996   20.000        -10.42  0.4061   20.000        -10.01  0.4073   20.000
          0.1361      -17.56  0.3832   20.000        -13.20  0.3972   20.000        -10.71  0.4051   20.000        -10.03  0.4073   20.000
          0.1608      -18.51  0.3801   20.000        -13.92  0.3948   20.000        -11.06  0.4040   20.000        -10.07  0.4071   20.000
          0.1855      -19.38  0.3774   20.000        -14.60  0.3927   20.000        -11.43  0.4029   20.000        -10.14  0.4069   20.000
          0.2176      -20.43  0.3742   20.000        -15.42  0.3900   20.000        -11.89  0.4014   20.000        -10.27  0.4065   20.000
          0.2594      -21.66  0.3704   20.000        -16.43  0.3868   20.000        -12.53  0.3993   20.000        -10.51  0.4057   20.000
          0.3011      -22.77  0.3670   20.000        -17.37  0.3838   20.000        -13.20  0.3972   20.000        -10.82  0.4048   20.000
          0.3429      -23.79  0.3639   20.000        -18.25  0.3809   20.000        -13.85  0.3951   20.000        -11.15  0.4037   20.000
          0.3971      -25.00  0.3605   20.000        -19.28  0.3777   20.000        -14.64  0.3925   20.000        -11.61  0.4023   20.000
          0.4514      -26.12  0.3574   20.000        -20.25  0.3747   20.000        -15.38  0.3902   20.000        -12.06  0.4009   20.000
          0.5200      -27.41  0.3537   20.000        -21.41  0.3712   20.000        -16.30  0.3872   20.000        -12.69  0.3988   20.000
          0.5886      -28.60  0.3504   20.000        -22.47  0.3679   20.000        -17.18  0.3844   20.000        -13.34  0.3967   20.000
          0.6914      -30.17  0.3460   20.000        -23.88  0.3637   20.000        -18.38  0.3805   20.000        -14.29  0.3937   20.000
          0.7943      -31.62  0.3425   20.000        -25.18  0.3600   20.000        -19.45  0.3772   20.000        -15.11  0.3910   20.000
          0.8971      -32.95  0.3392   20.000        -26.41  0.3565   20.000        -20.50  0.3740   20.000        -15.97  0.3883   20.000
          1.0000      -34.20  0.3361   20.000        -27.56  0.3533   20.000        -21.50  0.3709   20.000        -16.82  0.3855   20.000
          1.0917      -35.25  0.3335   20.000        -28.52  0.3506   20.000        -22.35  0.3683   20.000        -17.54  0.3832   20.000
          1.2053      -36.45  0.3305   20.000        -29.61  0.3475   20.000        -23.30  0.3654   20.000        -18.36  0.3806   20.000
          1.3188      -37.58  0.3277   20.000        -30.63  0.3449   20.000        -24.17  0.3628   20.000        -19.07  0.3784   20.000
          1.4323      -38.64  0.3255   20.000        -31.61  0.3425   20.000        -25.03  0.3604   20.000        -19.81  0.3761   20.000
          1.5742      -39.88  0.3229   20.000        -32.77  0.3396   20.000        -26.06  0.3575   20.000        -20.74  0.3732   20.000
          1.7162      -41.04  0.3205   20.000        -33.87  0.3369   20.000        -27.05  0.3547   20.000        -21.63  0.3705   20.000
          1.8581      -42.15  0.3182   20.000        -34.91  0.3343   20.000        -27.99  0.3521   20.000        -22.46  0.3679   20.000
          2.0000      -43.20  0.3160   20.000        -35.89  0.3319   20.000        -28.87  0.3496   20.000        -23.22  0.3656   20.000
          2.1667      -44.37  0.3136   20.000        -36.97  0.3292   20.000        -29.80  0.3470   20.000        -23.99  0.3633   20.000
          2.3333      -45.47  0.3113   20.000        -37.98  0.3269   20.000        -30.69  0.3448   20.000        -24.81  0.3610   20.000
          2.5556      -46.85  0.3084   20.000        -39.25  0.3242   20.000        -31.85  0.3419   20.000        -25.89  0.3580   20.000
          2.7778      -48.15  0.3060   20.000        -40.47  0.3217   20.000        -32.96  0.3391   20.000        -26.93  0.3551   20.000
          3.0000      -49.37  0.3039   20.000        -41.63  0.3193   20.000        -34.03  0.3365   20.000        -27.90  0.3523   20.000
          3.2500      -50.68  0.3017   20.000        -42.88  0.3167   20.000        -35.17  0.3337   20.000        -28.91  0.3495   20.000
          3.5000      -51.91  0.2997   20.000        -44.06  0.3142   20.000        -36.24  0.3310   20.000        -29.79  0.3470   20.000
          3.7500      -53.07  0.2977   20.000        -45.17  0.3119   20.000        -37.22  0.3286   20.000        -30.65  0.3449   20.000
          4.0000      -54.19  0.2958   20.000        -46.23  0.3097   20.000        -38.14  0.3265   20.000        -31.54  0.3427   20.000
          4.3333      -55.59  0.2935   20.000        -47.53  0.3070   20.000        -39.32  0.3241   20.000        -32.69  0.3398   20.000
          4.6667      -56.93  0.2912   20.000        -48.77  0.3049   20.000        -40.48  0.3217   20.000        -33.81  0.3370   20.000
          5.0000      -58.21  0.2891   20.000        -49.97  0.3029   20.000        -41.61  0.3193   20.000        -34.87  0.3344   20.000
          5.5000      -59.99  0.2861   20.000        -51.67  0.3001   20.000        -43.20  0.3160   20.000        -36.30  0.3309   20.000
          6.0000      -61.67  0.2839   20.000        -53.27  0.2974   20.000        -44.69  0.3129   20.000        -37.53  0.3279   20.000
          6.5000      -63.25  0.2818   20.000        -54.79  0.2948   20.000        -46.07  0.3100   20.000        -38.75  0.3253   20.000
          7.0000      -64.74  0.2799   20.000        -56.22  0.2924   20.000        -47.33  0.3074   20.000        -40.00  0.3227   20.000
          7.5000      -66.15  0.2780   20.000        -57.58  0.2901   20.000        -48.54  0.3053   20.000        -41.20  0.3202   20.000
          8.0000      -67.49  0.2763   20.000        -58.87  0.2880   20.000        -49.72  0.3033   20.000        -42.37  0.3177   20.000
          8.5000      -68.77  0.2746   20.000        -60.09  0.2860   20.000        -50.87  0.3014   20.000        -43.49  0.3154   20.000
          9.0000      -70.00  0.2730   20.000        -61.26  0.2844   20.000        -51.99  0.2995   20.000        -44.56  0.3132   20.000
          9.5000      -71.20  0.2714   20.000        -62.40  0.2830   20.000        -53.08  0.2977   20.000        -45.56  0.3111   20.000
         10.0000      -72.35  0.2699   20.000        -63.50  0.2815   20.000        -54.13  0.2959   20.000        -46.48  0.3092   20.000
         10.5000      -73.47  0.2685   20.000        -64.56  0.2801   20.000        -55.15  0.2942   20.000        -47.32  0.3074   20.000
         11.0000      -74.55  0.2670   20.000        -65.60  0.2788   20.000        -56.13  0.2926   20.000        -48.14  0.3060   20.000
         11.5000      -75.60  0.2657   20.000        -66.60  0.2774   20.000        -57.08  0.2910   20.000        -49.02  0.3045   20.000
         12.0000      -76.62  0.2646   20.000        -67.58  0.2762   20.000        -57.99  0.2895   20.000        -49.88  0.3031   20.000
         12.5000      -77.62  0.2636   20.000        -68.53  0.2749   20.000        -58.86  0.2880   20.000        -50.73  0.3016   20.000
         13.0000      -78.58  0.2627   20.000        -69.45  0.2737   20.000        -59.69  0.2866   20.000        -51.57  0.3002   20.000
         13.5000      -79.51  0.2618   20.000        -70.36  0.2725   20.000        -60.49  0.2855   20.000        -52.39  0.2989   20.000
         14.0000      -80.42  0.2609   20.000        -71.23  0.2714   20.000        -61.28  0.2844   20.000        -53.19  0.2975   20.000
         14.5000      -81.30  0.2600   20.000        -72.09  0.2703   20.000        -62.06  0.2834   20.000        -53.98  0.2962   20.000
         15.0000      -82.15  0.2591   20.000        -72.92  0.2692   20.000        -62.82  0.2824   20.000        -54.74  0.2949   20.000
         15.5000      -82.99  0.2583   20.000        -73.73  0.2681   20.000        -63.58  0.2814   20.000        -55.49  0.2937   20.000
         16.0000      -83.80  0.2575   20.000        -74.52  0.2671   20.000        -64.32  0.2804   20.000        -56.21  0.2924   20.000
         16.5000      -84.59  0.2567   20.000        -75.28  0.2661   20.000        -65.05  0.2795   20.000        -56.91  0.2913   20.000
         17.0000      -85.36  0.2559   20.000        -76.03  0.2652   20.000        -65.77  0.2785   20.000        -57.58  0.2901   20.000
         17.5000      -86.11  0.2552   20.000        -76.76  0.2645   20.000        -66.48  0.2776   20.000        -58.22  0.2891   20.000
         18.0000      -86.85  0.2545   20.000        -77.48  0.2638   20.000        -67.17  0.2767   20.000        -58.84  0.2880   20.000
         18.5000      -87.56  0.2538   20.000        -78.19  0.2631   20.000        -67.86  0.2758   20.000        -59.42  0.2870   20.000
         19.0000      -88.27  0.2531   20.000        -78.88  0.2624   20.000        -68.53  0.2749   20.000        -59.98  0.2861   20.000
         19.5000      -88.96  0.2524   20.000        -79.55  0.2617   20.000        -69.19  0.2741   20.000        -60.55  0.2854   20.000
         20.0000      -89.65  0.2517   20.000        -80.22  0.2611   20.000        -69.84  0.2732   20.000        -61.15  0.2846   20.000
         20.5000      -90.32  0.2510   20.000        -80.87  0.2604   20.000        -70.47  0.2724   20.000        -61.74  0.2838   20.000
         21.0000      -90.99  0.2504   20.000        -81.51  0.2598   20.000        -71.10  0.2716   20.000        -62.33  0.2830   20.000
         21.5000      -91.65  0.2497   20.000        -82.15  0.2591   20.000        -71.71  0.2708   20.000        -62.91  0.2823   20.000
         22.0000      -92.30  0.2491   20.000        -82.77  0.2585   20.000        -72.31  0.2700   20.000        -63.49  0.2815   20.000
         22.5000      -92.94  0.2484   20.000        -83.39  0.2579   20.000        -72.90  0.2692   20.000        -64.06  0.2808   20.000
         23.0000      -93.57  0.2478   20.000        -83.99  0.2573   20.000        -73.48  0.2684   20.000        -64.63  0.2800   20.000
         23.5000      -94.19  0.2472   20.000        -84.59  0.2567   20.000        -74.04  0.2677   20.000        -65.19  0.2793   20.000
         24.0000      -94.81  0.2466   20.000        -85.18  0.2561   20.000        -74.59  0.2670   20.000        -65.74  0.2786   20.000
         24.5000      -95.41  0.2460   20.000        -85.77  0.2555   20.000        -75.13  0.2663   20.000        -66.29  0.2779   20.000
         25.0000      -96.01  0.2455   20.000        -86.34  0.2550   20.000        -75.65  0.2656   20.000        -66.83  0.2772   20.000
         25.5000      -96.61  0.2451   20.000        -86.91  0.2544   20.000        -76.17  0.2651   20.000        -67.36  0.2765   20.000
         26.0000      -97.19  0.2446   20.000        -87.47  0.2539   20.000        -76.69  0.2646   20.000        -67.89  0.2758   20.000
         26.5000      -97.76  0.2442   20.000        -88.02  0.2533   20.000        -77.20  0.2641   20.000        -68.41  0.2751   20.000
         27.0000      -98.33  0.2438   20.000        -88.57  0.2528   20.000        -77.70  0.2636   20.000        -68.92  0.2744   20.000
         27.5000      -98.89  0.2434   20.000        -89.11  0.2522   20.000        -78.20  0.2631   20.000        -69.42  0.2738   20.000
         28.0000      -99.44  0.2430   20.000        -89.64  0.2517   20.000        -78.70  0.2626   20.000        -69.92  0.2731   20.000
         28.5000      -99.98  0.2426   20.000        -90.17  0.2512   20.000        -79.19  0.2621   20.000        -70.41  0.2725   20.000
         29.0000     -100.51  0.2422   20.000        -90.69  0.2507   20.000        -79.67  0.2616   20.000        -70.89  0.2718   20.000
         29.5000     -101.04  0.2418   20.000        -91.20  0.2501   20.000        -80.15  0.2611   20.000        -71.36  0.2712   20.000
         30.0000     -101.56  0.2414   20.000        -91.71  0.2496   20.000        -80.63  0.2606   20.000        -71.82  0.2706   20.000
end
