 ******* Program HYDRUS
 ******* Drainage interne d'un profil initialement proche de la saturation (h = -
 Date:   0. 0.    Time: 512:**:**
 Units: L = cm   , T = days , M = g    


    TLevel      Time          dt      Iter    ItCum  KodT  KodB  Convergency

        1  0.1000000E-03  0.10000E-03    4        4    -1    -5     T
        2  0.2000000E-03  0.10000E-03    2        6    -1    -5     T
        3  0.3300000E-03  0.13000E-03    2        8    -1    -5     T
        4  0.4990000E-03  0.16900E-03    2       10    -1    -5     T
        5  0.7186999E-03  0.21970E-03    2       12    -1    -5     T
        6  0.1004310E-02  0.28561E-03    2       14    -1    -5     T
        7  0.1375603E-02  0.37129E-03    2       16    -1    -5     T
        8  0.1858284E-02  0.48268E-03    2       18    -1    -5     T
        9  0.2485768E-02  0.62748E-03    2       20    -1    -5     T
       10  0.3301499E-02  0.81573E-03    2       22    -1    -5     T
       11  0.4361948E-02  0.10604E-02    2       24    -1    -5     T
       12  0.5740532E-02  0.13786E-02    2       26    -1    -5     T
       13  0.7532692E-02  0.17922E-02    2       28    -1    -5     T
       14  0.9862499E-02  0.23298E-02    2       30    -1    -5     T
       15  0.1289125E-01  0.30287E-02    2       32    -1    -5     T
       16  0.1682862E-01  0.39374E-02    2       34    -1    -5     T
       17  0.2194721E-01  0.51186E-02    2       36    -1    -5     T
       18  0.2860137E-01  0.66542E-02    2       38    -1    -5     T
       19  0.3725178E-01  0.86504E-02    2       40    -1    -5     T
       20  0.4849731E-01  0.11246E-01    2       42    -1    -5     T
       21  0.6311649E-01  0.14619E-01    4       46    -1    -5     T
       22  0.7773568E-01  0.14619E-01    4       50    -1    -5     T
       23  0.9235487E-01  0.14619E-01    2       52    -1    -5     T
       24  0.1113598E+00  0.19005E-01    2       54    -1    -5     T
       25  0.1360662E+00  0.24706E-01    4       58    -1    -5     T
       26  0.1607727E+00  0.24706E-01    4       62    -1    -5     T
       27  0.1854791E+00  0.24706E-01    2       64    -1    -5     T
       28  0.2175975E+00  0.32118E-01    3       67    -1    -5     T
       29  0.2593513E+00  0.41754E-01    4       71    -1    -5     T
       30  0.3011052E+00  0.41754E-01    4       75    -1    -5     T
       31  0.3428590E+00  0.41754E-01    3       78    -1    -5     T
       32  0.3971390E+00  0.54280E-01    4       82    -1    -5     T
       33  0.4514191E+00  0.54280E-01    3       85    -1    -5     T
       34  0.5199917E+00  0.68573E-01    4       89    -1    -5     T
       35  0.5885643E+00  0.68573E-01    3       92    -1    -5     T
       36  0.6914232E+00  0.10286E+00    4       96    -1    -5     T
       37  0.7942821E+00  0.10286E+00    4      100    -1    -5     T
       38  0.8971411E+00  0.10286E+00    4      104    -1    -5     T
       39  0.1000000E+01  0.10286E+00    4      108    -1    -5     T
       40  0.1091733E+01  0.91733E-01    3      111    -1    -5     T
       41  0.1205267E+01  0.11353E+00    4      115    -1    -5     T
       42  0.1318800E+01  0.11353E+00    4      119    -1    -5     T
       43  0.1432333E+01  0.11353E+00    3      122    -1    -5     T
       44  0.1574250E+01  0.14192E+00    4      126    -1    -5     T
       45  0.1716167E+01  0.14192E+00    4      130    -1    -5     T
       46  0.1858083E+01  0.14192E+00    4      134    -1    -5     T
       47  0.2000000E+01  0.14192E+00    4      138    -1    -5     T
       48  0.2166667E+01  0.16667E+00    4      142    -1    -5     T
       49  0.2333333E+01  0.16667E+00    3      145    -1    -5     T
       50  0.2555556E+01  0.22222E+00    4      149    -1    -5     T
       51  0.2777778E+01  0.22222E+00    4      153    -1    -5     T
       52  0.3000000E+01  0.22222E+00    2      155    -1    -5     T
       53  0.3250000E+01  0.25000E+00    4      159    -1    -5     T
       54  0.3500000E+01  0.25000E+00    4      163    -1    -5     T
       55  0.3750000E+01  0.25000E+00    2      165    -1    -5     T
       56  0.4000000E+01  0.25000E+00    2      167    -1    -5     T
       57  0.4333333E+01  0.33333E+00    2      169    -1    -5     T
       58  0.4666667E+01  0.33333E+00    2      171    -1    -5     T
       59  0.5000000E+01  0.33333E+00    2      173    -1    -5     T
       60  0.5500000E+01  0.50000E+00    4      177    -1    -5     T
       61  0.6000000E+01  0.50000E+00    4      181    -1    -5     T
       62  0.6500000E+01  0.50000E+00    3      184    -1    -5     T
       63  0.7000000E+01  0.50000E+00    2      186    -1    -5     T
       64  0.7500000E+01  0.50000E+00    2      188    -1    -5     T
       65  0.8000000E+01  0.50000E+00    2      190    -1    -5     T
       66  0.8500000E+01  0.50000E+00    2      192    -1    -5     T
       67  0.9000000E+01  0.50000E+00    2      194    -1    -5     T
       68  0.9500000E+01  0.50000E+00    2      196    -1    -5     T
       69  0.1000000E+02  0.50000E+00    2      198    -1    -5     T
       70  0.1050000E+02  0.50000E+00    2      200    -1    -5     T
       71  0.1100000E+02  0.50000E+00    2      202    -1    -5     T
       72  0.1150000E+02  0.50000E+00    2      204    -1    -5     T
       73  0.1200000E+02  0.50000E+00    2      206    -1    -5     T
       74  0.1250000E+02  0.50000E+00    2      208    -1    -5     T
       75  0.1300000E+02  0.50000E+00    2      210    -1    -5     T
       76  0.1350000E+02  0.50000E+00    2      212    -1    -5     T
       77  0.1400000E+02  0.50000E+00    2      214    -1    -5     T
       78  0.1450000E+02  0.50000E+00    2      216    -1    -5     T
       79  0.1500000E+02  0.50000E+00    2      218    -1    -5     T
       80  0.1550000E+02  0.50000E+00    2      220    -1    -5     T
       81  0.1600000E+02  0.50000E+00    2      222    -1    -5     T
       82  0.1650000E+02  0.50000E+00    2      224    -1    -5     T
       83  0.1700000E+02  0.50000E+00    2      226    -1    -5     T
       84  0.1750000E+02  0.50000E+00    2      228    -1    -5     T
       85  0.1800000E+02  0.50000E+00    2      230    -1    -5     T
       86  0.1850000E+02  0.50000E+00    2      232    -1    -5     T
       87  0.1900000E+02  0.50000E+00    2      234    -1    -5     T
       88  0.1950000E+02  0.50000E+00    2      236    -1    -5     T
       89  0.2000000E+02  0.50000E+00    2      238    -1    -5     T
       90  0.2050000E+02  0.50000E+00    2      240    -1    -5     T
       91  0.2100000E+02  0.50000E+00    2      242    -1    -5     T
       92  0.2150000E+02  0.50000E+00    2      244    -1    -5     T
       93  0.2200000E+02  0.50000E+00    2      246    -1    -5     T
       94  0.2250000E+02  0.50000E+00    2      248    -1    -5     T
       95  0.2300000E+02  0.50000E+00    2      250    -1    -5     T
       96  0.2350000E+02  0.50000E+00    2      252    -1    -5     T
       97  0.2400000E+02  0.50000E+00    2      254    -1    -5     T
       98  0.2450000E+02  0.50000E+00    2      256    -1    -5     T
       99  0.2500000E+02  0.50000E+00    2      258    -1    -5     T
      100  0.2550000E+02  0.50000E+00    2      260    -1    -5     T
      101  0.2600000E+02  0.50000E+00    2      262    -1    -5     T
      102  0.2650000E+02  0.50000E+00    2      264    -1    -5     T
      103  0.2700000E+02  0.50000E+00    2      266    -1    -5     T
      104  0.2750000E+02  0.50000E+00    2      268    -1    -5     T
      105  0.2800000E+02  0.50000E+00    2      270    -1    -5     T
      106  0.2850000E+02  0.50000E+00    2      272    -1    -5     T
      107  0.2900000E+02  0.50000E+00    2      274    -1    -5     T
      108  0.2950000E+02  0.50000E+00    2      276    -1    -5     T
      109  0.3000000E+02  0.50000E+00    2      278    -1    -5     T
end
