 ******* Program HYDRUS
 ******* Drainage interne d'un profil initialement proche de la saturation (h = -
 Date:   0. 0.    Time: 512:**:**
 Units: L = cm   , T = days , M = g    

       Time          rTop        rRoot        vTop         vRoot        vBot       sum(rTop)   sum(rRoot)    sum(vTop)   sum(vRoot)    sum(vBot)      hTop         hRoot        hBot        RunOff    sum(RunOff)     Volume     sum(Infil)    sum(Evap) TLevel Cum(WTrans)  SnowLayer
        [T]         [L/T]        [L/T]        [L/T]        [L/T]        [L/T]         [L]          [L]          [L]         [L]           [L]         [L]           [L]         [L]          [L/T]         [L]          [L]          [L]          [L]

       0.0001  0.00000E+00  0.00000E+00 -0.74863E-04  0.00000E+00 -0.54217E+01  0.00000E+00  0.00000E+00 -0.74863E-08  0.00000E+00 -0.54217E-03 -0.10261E+02  0.00000E+00 -0.10000E+02  0.00000E+00  0.00000E+00  0.40735E+02  0.00000E+00  0.00000E+00      1  0.00000E+00      0.000
       0.0002  0.00000E+00  0.00000E+00 -0.11444E-04  0.00000E+00 -0.54217E+01  0.00000E+00  0.00000E+00 -0.86308E-08  0.00000E+00 -0.10843E-02 -0.10467E+02  0.00000E+00 -0.10000E+02  0.00000E+00  0.00000E+00  0.40735E+02  0.00000E+00  0.00000E+00      2  0.00000E+00      0.000
       0.0003  0.00000E+00  0.00000E+00  0.48161E-04  0.00000E+00 -0.54217E+01  0.00000E+00  0.00000E+00 -0.23699E-08  0.00000E+00 -0.17891E-02 -0.10680E+02  0.00000E+00 -0.10000E+02  0.00000E+00  0.00000E+00  0.40734E+02  0.00000E+00  0.62609E-08      3  0.00000E+00      0.000
       0.0005  0.00000E+00  0.00000E+00  0.14782E-04  0.00000E+00 -0.54217E+01  0.00000E+00  0.00000E+00  0.12827E-09  0.00000E+00 -0.27054E-02 -0.10897E+02  0.00000E+00 -0.10000E+02  0.00000E+00  0.00000E+00  0.40733E+02  0.00000E+00  0.87590E-08      4  0.00000E+00      0.000
       0.0007  0.00000E+00  0.00000E+00 -0.19193E-04  0.00000E+00 -0.54217E+01  0.00000E+00  0.00000E+00 -0.40884E-08  0.00000E+00 -0.38966E-02 -0.11122E+02  0.00000E+00 -0.10000E+02  0.00000E+00  0.00000E+00  0.40732E+02  0.00000E+00  0.87590E-08      5  0.00000E+00      0.000
       0.0010  0.00000E+00  0.00000E+00 -0.15497E-05  0.00000E+00 -0.54217E+01  0.00000E+00  0.00000E+00 -0.45310E-08  0.00000E+00 -0.54450E-02 -0.11359E+02  0.00000E+00 -0.10000E+02  0.00000E+00  0.00000E+00  0.40730E+02  0.00000E+00  0.87590E-08      6  0.00000E+00      0.000
       0.0014  0.00000E+00  0.00000E+00  0.83447E-05  0.00000E+00 -0.54217E+01  0.00000E+00  0.00000E+00 -0.14327E-08  0.00000E+00 -0.74581E-02 -0.11613E+02  0.00000E+00 -0.10000E+02  0.00000E+00  0.00000E+00  0.40728E+02  0.00000E+00  0.11857E-07      7  0.00000E+00      0.000
       0.0019  0.00000E+00  0.00000E+00  0.41723E-05  0.00000E+00 -0.54217E+01  0.00000E+00  0.00000E+00  0.58123E-09  0.00000E+00 -0.10075E-01 -0.11888E+02  0.00000E+00 -0.10000E+02  0.00000E+00  0.00000E+00  0.40726E+02  0.00000E+00  0.13871E-07      8  0.00000E+00      0.000
       0.0025  0.00000E+00  0.00000E+00  0.23842E-06  0.00000E+00 -0.54217E+01  0.00000E+00  0.00000E+00  0.73083E-09  0.00000E+00 -0.13477E-01 -0.12190E+02  0.00000E+00 -0.10000E+02  0.00000E+00  0.00000E+00  0.40722E+02  0.00000E+00  0.14021E-07      9  0.00000E+00      0.000
       0.0033  0.00000E+00  0.00000E+00  0.25630E-05  0.00000E+00 -0.54217E+01  0.00000E+00  0.00000E+00  0.28215E-08  0.00000E+00 -0.17900E-01 -0.12527E+02  0.00000E+00 -0.10000E+02  0.00000E+00  0.00000E+00  0.40718E+02  0.00000E+00  0.16112E-07     10  0.00000E+00      0.000
       0.0044  0.00000E+00  0.00000E+00  0.48876E-05  0.00000E+00 -0.54217E+01  0.00000E+00  0.00000E+00  0.80046E-08  0.00000E+00 -0.23649E-01 -0.12900E+02  0.00000E+00 -0.10000E+02  0.00000E+00  0.00000E+00  0.40712E+02  0.00000E+00  0.21295E-07     11  0.00000E+00      0.000
       0.0057  0.00000E+00  0.00000E+00 -0.12219E-05  0.00000E+00 -0.54217E+01  0.00000E+00  0.00000E+00  0.63201E-08  0.00000E+00 -0.31123E-01 -0.13318E+02  0.00000E+00 -0.10000E+02  0.00000E+00  0.00000E+00  0.40704E+02  0.00000E+00  0.21295E-07     12  0.00000E+00      0.000
       0.0075  0.00000E+00  0.00000E+00 -0.18775E-05  0.00000E+00 -0.54217E+01  0.00000E+00  0.00000E+00  0.29552E-08  0.00000E+00 -0.40840E-01 -0.13785E+02  0.00000E+00 -0.10000E+02  0.00000E+00  0.00000E+00  0.40695E+02  0.00000E+00  0.21295E-07     13  0.00000E+00      0.000
       0.0099  0.00000E+00  0.00000E+00  0.22352E-05  0.00000E+00 -0.54217E+01  0.00000E+00  0.00000E+00  0.81628E-08  0.00000E+00 -0.53471E-01 -0.14308E+02  0.00000E+00 -0.10000E+02  0.00000E+00  0.00000E+00  0.40682E+02  0.00000E+00  0.26502E-07     14  0.00000E+00      0.000
       0.0129  0.00000E+00  0.00000E+00  0.20564E-05  0.00000E+00 -0.54217E+01  0.00000E+00  0.00000E+00  0.14391E-07  0.00000E+00 -0.69892E-01 -0.14894E+02  0.00000E+00 -0.10000E+02  0.00000E+00  0.00000E+00  0.40666E+02  0.00000E+00  0.32730E-07     15  0.00000E+00      0.000
       0.0168  0.00000E+00  0.00000E+00  0.26226E-05  0.00000E+00 -0.54217E+01  0.00000E+00  0.00000E+00  0.24717E-07  0.00000E+00 -0.91239E-01 -0.15549E+02  0.00000E+00 -0.10000E+02  0.00000E+00  0.00000E+00  0.40644E+02  0.00000E+00  0.43056E-07     16  0.00000E+00      0.000
       0.0219  0.00000E+00  0.00000E+00  0.15944E-05  0.00000E+00 -0.54217E+01  0.00000E+00  0.00000E+00  0.32878E-07  0.00000E+00 -0.11899E+00 -0.16281E+02  0.00000E+00 -0.10000E+02  0.00000E+00  0.00000E+00  0.40617E+02  0.00000E+00  0.51218E-07     17  0.00000E+00      0.000
       0.0286  0.00000E+00  0.00000E+00  0.12517E-05  0.00000E+00 -0.54217E+01  0.00000E+00  0.00000E+00  0.41207E-07  0.00000E+00 -0.15507E+00 -0.17099E+02  0.00000E+00 -0.10000E+02  0.00000E+00  0.00000E+00  0.40581E+02  0.00000E+00  0.59547E-07     18  0.00000E+00      0.000
       0.0373  0.00000E+00  0.00000E+00  0.21309E-05  0.00000E+00 -0.54217E+01  0.00000E+00  0.00000E+00  0.59640E-07  0.00000E+00 -0.20197E+00 -0.18008E+02  0.00000E+00 -0.10000E+02  0.00000E+00  0.00000E+00  0.40534E+02  0.00000E+00  0.77980E-07     19  0.00000E+00      0.000
       0.0485  0.00000E+00  0.00000E+00 -0.90897E-06  0.00000E+00 -0.54217E+01  0.00000E+00  0.00000E+00  0.49418E-07  0.00000E+00 -0.26294E+00 -0.19020E+02  0.00000E+00 -0.10000E+02  0.00000E+00  0.00000E+00  0.40473E+02  0.00000E+00  0.77980E-07     20  0.00000E+00      0.000
       0.0631  0.00000E+00  0.00000E+00  0.48429E-06  0.00000E+00 -0.54216E+01  0.00000E+00  0.00000E+00  0.56498E-07  0.00000E+00 -0.34220E+00 -0.20165E+02  0.00000E+00 -0.10000E+02  0.00000E+00  0.00000E+00  0.40393E+02  0.00000E+00  0.85059E-07     21  0.00000E+00      0.000
       0.0777  0.00000E+00  0.00000E+00  0.24810E-05  0.00000E+00 -0.54215E+01  0.00000E+00  0.00000E+00  0.92769E-07  0.00000E+00 -0.42145E+00 -0.21158E+02  0.00000E+00 -0.10000E+02  0.00000E+00  0.00000E+00  0.40314E+02  0.00000E+00  0.12133E-06     22  0.00000E+00      0.000
       0.0924  0.00000E+00  0.00000E+00 -0.90897E-06  0.00000E+00 -0.54211E+01  0.00000E+00  0.00000E+00  0.79481E-07  0.00000E+00 -0.50071E+00 -0.22037E+02  0.00000E+00 -0.10001E+02  0.00000E+00  0.00000E+00  0.40235E+02  0.00000E+00  0.12133E-06     23  0.00000E+00      0.000
       0.1114  0.00000E+00  0.00000E+00 -0.29802E-07  0.00000E+00 -0.54195E+01  0.00000E+00  0.00000E+00  0.78914E-07  0.00000E+00 -0.60370E+00 -0.23063E+02  0.00000E+00 -0.10005E+02  0.00000E+00  0.00000E+00  0.40132E+02  0.00000E+00  0.12133E-06     24  0.00000E+00      0.000
       0.1361  0.00000E+00  0.00000E+00  0.17881E-06  0.00000E+00 -0.54116E+01  0.00000E+00  0.00000E+00  0.83332E-07  0.00000E+00 -0.73740E+00 -0.24249E+02  0.00000E+00 -0.10018E+02  0.00000E+00  0.00000E+00  0.39998E+02  0.00000E+00  0.12575E-06     25  0.00000E+00      0.000
       0.1608  0.00000E+00  0.00000E+00 -0.13560E-05  0.00000E+00 -0.53961E+01  0.00000E+00  0.00000E+00  0.49830E-07  0.00000E+00 -0.87072E+00 -0.25311E+02  0.00000E+00 -0.10046E+02  0.00000E+00  0.00000E+00  0.39865E+02  0.00000E+00  0.12575E-06     26  0.00000E+00      0.000
       0.1855  0.00000E+00  0.00000E+00 -0.26077E-06  0.00000E+00 -0.53720E+01  0.00000E+00  0.00000E+00  0.43387E-07  0.00000E+00 -0.10034E+01 -0.26270E+02  0.00000E+00 -0.10096E+02  0.00000E+00  0.00000E+00  0.39732E+02  0.00000E+00  0.12575E-06     27  0.00000E+00      0.000
       0.2176  0.00000E+00  0.00000E+00  0.34273E-06  0.00000E+00 -0.53118E+01  0.00000E+00  0.00000E+00  0.54395E-07  0.00000E+00 -0.11741E+01 -0.27415E+02  0.00000E+00 -0.10198E+02  0.00000E+00  0.00000E+00  0.39561E+02  0.00000E+00  0.13676E-06     28  0.00000E+00      0.000
       0.2594  0.00000E+00  0.00000E+00 -0.56252E-06  0.00000E+00 -0.52000E+01  0.00000E+00  0.00000E+00  0.30908E-07  0.00000E+00 -0.13912E+01 -0.28722E+02  0.00000E+00 -0.10401E+02  0.00000E+00  0.00000E+00  0.39344E+02  0.00000E+00  0.13676E-06     29  0.00000E+00      0.000
       0.3011  0.00000E+00  0.00000E+00  0.16391E-06  0.00000E+00 -0.50547E+01  0.00000E+00  0.00000E+00  0.37752E-07  0.00000E+00 -0.16022E+01 -0.29896E+02  0.00000E+00 -0.10667E+02  0.00000E+00  0.00000E+00  0.39133E+02  0.00000E+00  0.14360E-06     30  0.00000E+00      0.000
       0.3429  0.00000E+00  0.00000E+00 -0.47684E-06  0.00000E+00 -0.48818E+01  0.00000E+00  0.00000E+00  0.17842E-07  0.00000E+00 -0.18061E+01 -0.30983E+02  0.00000E+00 -0.10978E+02  0.00000E+00  0.00000E+00  0.38929E+02  0.00000E+00  0.14360E-06     31  0.00000E+00      0.000
       0.3971  0.00000E+00  0.00000E+00  0.10915E-05  0.00000E+00 -0.46490E+01  0.00000E+00  0.00000E+00  0.77089E-07  0.00000E+00 -0.20584E+01 -0.32274E+02  0.00000E+00 -0.11412E+02  0.00000E+00  0.00000E+00  0.38677E+02  0.00000E+00  0.20285E-06     32  0.00000E+00      0.000
       0.4514  0.00000E+00  0.00000E+00 -0.34645E-06  0.00000E+00 -0.44274E+01  0.00000E+00  0.00000E+00  0.58284E-07  0.00000E+00 -0.22987E+01 -0.33454E+02  0.00000E+00 -0.11839E+02  0.00000E+00  0.00000E+00  0.38437E+02  0.00000E+00  0.20285E-06     33  0.00000E+00      0.000
       0.5200  0.00000E+00  0.00000E+00 -0.59791E-06  0.00000E+00 -0.41968E+01  0.00000E+00  0.00000E+00  0.17284E-07  0.00000E+00 -0.25865E+01 -0.34806E+02  0.00000E+00 -0.12429E+02  0.00000E+00  0.00000E+00  0.38149E+02  0.00000E+00  0.20285E-06     34  0.00000E+00      0.000
       0.5886  0.00000E+00  0.00000E+00  0.55879E-06  0.00000E+00 -0.39510E+01  0.00000E+00  0.00000E+00  0.55602E-07  0.00000E+00 -0.28574E+01 -0.36037E+02  0.00000E+00 -0.13058E+02  0.00000E+00  0.00000E+00  0.37878E+02  0.00000E+00  0.24117E-06     35  0.00000E+00      0.000
       0.6914  0.00000E+00  0.00000E+00  0.79535E-06  0.00000E+00 -0.35986E+01  0.00000E+00  0.00000E+00  0.13741E-06  0.00000E+00 -0.32276E+01 -0.37675E+02  0.00000E+00 -0.13988E+02  0.00000E+00  0.00000E+00  0.37508E+02  0.00000E+00  0.32297E-06     36  0.00000E+00      0.000
       0.7943  0.00000E+00  0.00000E+00  0.45635E-07  0.00000E+00 -0.32768E+01  0.00000E+00  0.00000E+00  0.14210E-06  0.00000E+00 -0.35646E+01 -0.39178E+02  0.00000E+00 -0.14809E+02  0.00000E+00  0.00000E+00  0.37171E+02  0.00000E+00  0.32767E-06     37  0.00000E+00      0.000
       0.8971  0.00000E+00  0.00000E+00  0.92015E-06  0.00000E+00 -0.30610E+01  0.00000E+00  0.00000E+00  0.23675E-06  0.00000E+00 -0.38795E+01 -0.40575E+02  0.00000E+00 -0.15634E+02  0.00000E+00  0.00000E+00  0.36856E+02  0.00000E+00  0.42231E-06     38  0.00000E+00      0.000
       1.0000  0.00000E+00  0.00000E+00 -0.82701E-06  0.00000E+00 -0.28489E+01  0.00000E+00  0.00000E+00  0.15168E-06  0.00000E+00 -0.41725E+01 -0.41871E+02  0.00000E+00 -0.16465E+02  0.00000E+00  0.00000E+00  0.36563E+02  0.00000E+00  0.42231E-06     39  0.00000E+00      0.000
       1.0917  0.00000E+00  0.00000E+00  0.71991E-06  0.00000E+00 -0.26641E+01  0.00000E+00  0.00000E+00  0.21772E-06  0.00000E+00 -0.44169E+01 -0.42955E+02  0.00000E+00 -0.17183E+02  0.00000E+00  0.00000E+00  0.36319E+02  0.00000E+00  0.48835E-06     40  0.00000E+00      0.000
       1.2053  0.00000E+00  0.00000E+00  0.71526E-06  0.00000E+00 -0.24536E+01  0.00000E+00  0.00000E+00  0.29893E-06  0.00000E+00 -0.46955E+01 -0.44198E+02  0.00000E+00 -0.18006E+02  0.00000E+00  0.00000E+00  0.36040E+02  0.00000E+00  0.56956E-06     41  0.00000E+00      0.000
       1.3188  0.00000E+00  0.00000E+00  0.72643E-07  0.00000E+00 -0.22698E+01  0.00000E+00  0.00000E+00  0.30718E-06  0.00000E+00 -0.49532E+01 -0.45356E+02  0.00000E+00 -0.18715E+02  0.00000E+00  0.00000E+00  0.35782E+02  0.00000E+00  0.57781E-06     42  0.00000E+00      0.000
       1.4323  0.00000E+00  0.00000E+00  0.12200E-06  0.00000E+00 -0.21523E+01  0.00000E+00  0.00000E+00  0.32103E-06  0.00000E+00 -0.51975E+01 -0.46438E+02  0.00000E+00 -0.19443E+02  0.00000E+00  0.00000E+00  0.35538E+02  0.00000E+00  0.59166E-06     43  0.00000E+00      0.000
       1.5742  0.00000E+00  0.00000E+00  0.44517E-06  0.00000E+00 -0.20088E+01  0.00000E+00  0.00000E+00  0.38421E-06  0.00000E+00 -0.54826E+01 -0.47694E+02  0.00000E+00 -0.20349E+02  0.00000E+00  0.00000E+00  0.35253E+02  0.00000E+00  0.65483E-06     44  0.00000E+00      0.000
       1.7162  0.00000E+00  0.00000E+00 -0.47963E-06  0.00000E+00 -0.18687E+01  0.00000E+00  0.00000E+00  0.31614E-06  0.00000E+00 -0.57478E+01 -0.48893E+02  0.00000E+00 -0.21230E+02  0.00000E+00  0.00000E+00  0.34988E+02  0.00000E+00  0.65483E-06     45  0.00000E+00      0.000
       1.8581  0.00000E+00  0.00000E+00  0.47032E-06  0.00000E+00 -0.17360E+01  0.00000E+00  0.00000E+00  0.38288E-06  0.00000E+00 -0.59942E+01 -0.50040E+02  0.00000E+00 -0.22064E+02  0.00000E+00  0.00000E+00  0.34741E+02  0.00000E+00  0.72158E-06     46  0.00000E+00      0.000
       2.0000  0.00000E+00  0.00000E+00  0.24354E-06  0.00000E+00 -0.16138E+01  0.00000E+00  0.00000E+00  0.41745E-06  0.00000E+00 -0.62232E+01 -0.51131E+02  0.00000E+00 -0.22831E+02  0.00000E+00  0.00000E+00  0.34512E+02  0.00000E+00  0.75614E-06     47  0.00000E+00      0.000
       2.1667  0.00000E+00  0.00000E+00  0.15972E-06  0.00000E+00 -0.14896E+01  0.00000E+00  0.00000E+00  0.44407E-06  0.00000E+00 -0.64715E+01 -0.52341E+02  0.00000E+00 -0.23604E+02  0.00000E+00  0.00000E+00  0.34264E+02  0.00000E+00  0.78276E-06     48  0.00000E+00      0.000
       2.3333  0.00000E+00  0.00000E+00 -0.20117E-06  0.00000E+00 -0.14135E+01  0.00000E+00  0.00000E+00  0.41054E-06  0.00000E+00 -0.67070E+01 -0.53480E+02  0.00000E+00 -0.24409E+02  0.00000E+00  0.00000E+00  0.34028E+02  0.00000E+00  0.78276E-06     49  0.00000E+00      0.000
       2.5556  0.00000E+00  0.00000E+00  0.23283E-08  0.00000E+00 -0.13167E+01  0.00000E+00  0.00000E+00  0.41106E-06  0.00000E+00 -0.69996E+01 -0.54898E+02  0.00000E+00 -0.25470E+02  0.00000E+00  0.00000E+00  0.33736E+02  0.00000E+00  0.78328E-06     50  0.00000E+00      0.000
       2.7778  0.00000E+00  0.00000E+00 -0.26496E-06  0.00000E+00 -0.12224E+01  0.00000E+00  0.00000E+00  0.35218E-06  0.00000E+00 -0.72713E+01 -0.56222E+02  0.00000E+00 -0.26499E+02  0.00000E+00  0.00000E+00  0.33464E+02  0.00000E+00  0.78328E-06     51  0.00000E+00      0.000
       3.0000  0.00000E+00  0.00000E+00 -0.11176E-06  0.00000E+00 -0.11319E+01  0.00000E+00  0.00000E+00  0.32734E-06  0.00000E+00 -0.75228E+01 -0.57457E+02  0.00000E+00 -0.27470E+02  0.00000E+00  0.00000E+00  0.33213E+02  0.00000E+00  0.78328E-06     52  0.00000E+00      0.000
       3.2500  0.00000E+00  0.00000E+00  0.38790E-06  0.00000E+00 -0.10400E+01  0.00000E+00  0.00000E+00  0.42431E-06  0.00000E+00 -0.77828E+01 -0.58775E+02  0.00000E+00 -0.28488E+02  0.00000E+00  0.00000E+00  0.32953E+02  0.00000E+00  0.88025E-06     53  0.00000E+00      0.000
       3.5000  0.00000E+00  0.00000E+00  0.15926E-06  0.00000E+00 -0.95713E+00  0.00000E+00  0.00000E+00  0.46413E-06  0.00000E+00 -0.80221E+01 -0.60004E+02  0.00000E+00 -0.29387E+02  0.00000E+00  0.00000E+00  0.32713E+02  0.00000E+00  0.92007E-06     54  0.00000E+00      0.000
       3.7500  0.00000E+00  0.00000E+00  0.11385E-06  0.00000E+00 -0.89730E+00  0.00000E+00  0.00000E+00  0.49259E-06  0.00000E+00 -0.82464E+01 -0.61187E+02  0.00000E+00 -0.30225E+02  0.00000E+00  0.00000E+00  0.32489E+02  0.00000E+00  0.94853E-06     55  0.00000E+00      0.000
       4.0000  0.00000E+00  0.00000E+00  0.18533E-06  0.00000E+00 -0.85384E+00  0.00000E+00  0.00000E+00  0.53893E-06  0.00000E+00 -0.84599E+01 -0.62345E+02  0.00000E+00 -0.31115E+02  0.00000E+00  0.00000E+00  0.32276E+02  0.00000E+00  0.99487E-06     56  0.00000E+00      0.000
       4.3333  0.00000E+00  0.00000E+00 -0.17718E-06  0.00000E+00 -0.79800E+00  0.00000E+00  0.00000E+00  0.47986E-06  0.00000E+00 -0.87259E+01 -0.63793E+02  0.00000E+00 -0.32249E+02  0.00000E+00  0.00000E+00  0.32010E+02  0.00000E+00  0.99487E-06     57  0.00000E+00      0.000
       4.6667  0.00000E+00  0.00000E+00  0.53202E-06  0.00000E+00 -0.74363E+00  0.00000E+00  0.00000E+00  0.65720E-06  0.00000E+00 -0.89737E+01 -0.65178E+02  0.00000E+00 -0.33357E+02  0.00000E+00  0.00000E+00  0.31762E+02  0.00000E+00  0.11722E-05     58  0.00000E+00      0.000
       5.0000  0.00000E+00  0.00000E+00  0.35227E-06  0.00000E+00 -0.69217E+00  0.00000E+00  0.00000E+00  0.77463E-06  0.00000E+00 -0.92045E+01 -0.66490E+02  0.00000E+00 -0.34408E+02  0.00000E+00  0.00000E+00  0.31531E+02  0.00000E+00  0.12896E-05     59  0.00000E+00      0.000
       5.5000  0.00000E+00  0.00000E+00 -0.33015E-06  0.00000E+00 -0.62225E+00  0.00000E+00  0.00000E+00  0.60955E-06  0.00000E+00 -0.95156E+01 -0.68318E+02  0.00000E+00 -0.35850E+02  0.00000E+00  0.00000E+00  0.31220E+02  0.00000E+00  0.12896E-05     60  0.00000E+00      0.000
       6.0000  0.00000E+00  0.00000E+00 -0.14878E-06  0.00000E+00 -0.56053E+00  0.00000E+00  0.00000E+00  0.53516E-06  0.00000E+00 -0.97959E+01 -0.70018E+02  0.00000E+00 -0.37101E+02  0.00000E+00  0.00000E+00  0.30940E+02  0.00000E+00  0.12896E-05     61  0.00000E+00      0.000
       6.5000  0.00000E+00  0.00000E+00  0.38277E-06  0.00000E+00 -0.51856E+00  0.00000E+00  0.00000E+00  0.72655E-06  0.00000E+00 -0.10055E+02 -0.71609E+02  0.00000E+00 -0.38301E+02  0.00000E+00  0.00000E+00  0.30680E+02  0.00000E+00  0.14810E-05     62  0.00000E+00      0.000
       7.0000  0.00000E+00  0.00000E+00  0.30571E-06  0.00000E+00 -0.48830E+00  0.00000E+00  0.00000E+00  0.87940E-06  0.00000E+00 -0.10299E+02 -0.73096E+02  0.00000E+00 -0.39542E+02  0.00000E+00  0.00000E+00  0.30436E+02  0.00000E+00  0.16339E-05     63  0.00000E+00      0.000
       7.5000  0.00000E+00  0.00000E+00 -0.19150E-06  0.00000E+00 -0.45930E+00  0.00000E+00  0.00000E+00  0.78365E-06  0.00000E+00 -0.10529E+02 -0.74508E+02  0.00000E+00 -0.40735E+02  0.00000E+00  0.00000E+00  0.30207E+02  0.00000E+00  0.16339E-05     64  0.00000E+00      0.000
       8.0000  0.00000E+00  0.00000E+00  0.30093E-06  0.00000E+00 -0.43108E+00  0.00000E+00  0.00000E+00  0.93412E-06  0.00000E+00 -0.10744E+02 -0.75842E+02  0.00000E+00 -0.41899E+02  0.00000E+00  0.00000E+00  0.29991E+02  0.00000E+00  0.17843E-05     65  0.00000E+00      0.000
       8.5000  0.00000E+00  0.00000E+00  0.31327E-06  0.00000E+00 -0.40408E+00  0.00000E+00  0.00000E+00  0.10908E-05  0.00000E+00 -0.10947E+02 -0.77149E+02  0.00000E+00 -0.43012E+02  0.00000E+00  0.00000E+00  0.29789E+02  0.00000E+00  0.19410E-05     66  0.00000E+00      0.000
       9.0000  0.00000E+00  0.00000E+00  0.18277E-07  0.00000E+00 -0.37837E+00  0.00000E+00  0.00000E+00  0.10999E-05  0.00000E+00 -0.11136E+02 -0.78420E+02  0.00000E+00 -0.44074E+02  0.00000E+00  0.00000E+00  0.29600E+02  0.00000E+00  0.19501E-05     67  0.00000E+00      0.000
       9.5000  0.00000E+00  0.00000E+00 -0.22992E-06  0.00000E+00 -0.35415E+00  0.00000E+00  0.00000E+00  0.98493E-06  0.00000E+00 -0.11313E+02 -0.79655E+02  0.00000E+00 -0.45074E+02  0.00000E+00  0.00000E+00  0.29423E+02  0.00000E+00  0.19501E-05     68  0.00000E+00      0.000
      10.0000  0.00000E+00  0.00000E+00 -0.18242E-06  0.00000E+00 -0.33161E+00  0.00000E+00  0.00000E+00  0.89372E-06  0.00000E+00 -0.11479E+02 -0.80842E+02  0.00000E+00 -0.46006E+02  0.00000E+00  0.00000E+00  0.29257E+02  0.00000E+00  0.19501E-05     69  0.00000E+00      0.000
      10.5000  0.00000E+00  0.00000E+00 -0.59023E-07  0.00000E+00 -0.31102E+00  0.00000E+00  0.00000E+00  0.86421E-06  0.00000E+00 -0.11634E+02 -0.81988E+02  0.00000E+00 -0.46862E+02  0.00000E+00  0.00000E+00  0.29101E+02  0.00000E+00  0.19501E-05     70  0.00000E+00      0.000
      11.0000  0.00000E+00  0.00000E+00  0.12026E-06  0.00000E+00 -0.29362E+00  0.00000E+00  0.00000E+00  0.92434E-06  0.00000E+00 -0.11781E+02 -0.83095E+02  0.00000E+00 -0.47667E+02  0.00000E+00  0.00000E+00  0.28955E+02  0.00000E+00  0.20102E-05     71  0.00000E+00      0.000
      11.5000  0.00000E+00  0.00000E+00 -0.63097E-07  0.00000E+00 -0.28375E+00  0.00000E+00  0.00000E+00  0.89279E-06  0.00000E+00 -0.11923E+02 -0.84162E+02  0.00000E+00 -0.48563E+02  0.00000E+00  0.00000E+00  0.28813E+02  0.00000E+00  0.20102E-05     72  0.00000E+00      0.000
      12.0000  0.00000E+00  0.00000E+00 -0.16473E-06  0.00000E+00 -0.27407E+00  0.00000E+00  0.00000E+00  0.81043E-06  0.00000E+00 -0.12060E+02 -0.85196E+02  0.00000E+00 -0.49410E+02  0.00000E+00  0.00000E+00  0.28676E+02  0.00000E+00  0.20102E-05     73  0.00000E+00      0.000
      12.5000  0.00000E+00  0.00000E+00  0.12375E-06  0.00000E+00 -0.26462E+00  0.00000E+00  0.00000E+00  0.87230E-06  0.00000E+00 -0.12192E+02 -0.86194E+02  0.00000E+00 -0.50258E+02  0.00000E+00  0.00000E+00  0.28543E+02  0.00000E+00  0.20721E-05     74  0.00000E+00      0.000
      13.0000  0.00000E+00  0.00000E+00 -0.77591E-07  0.00000E+00 -0.25532E+00  0.00000E+00  0.00000E+00  0.83350E-06  0.00000E+00 -0.12320E+02 -0.87162E+02  0.00000E+00 -0.51086E+02  0.00000E+00  0.00000E+00  0.28416E+02  0.00000E+00  0.20721E-05     75  0.00000E+00      0.000
      13.5000  0.00000E+00  0.00000E+00  0.16735E-06  0.00000E+00 -0.24620E+00  0.00000E+00  0.00000E+00  0.91718E-06  0.00000E+00 -0.12443E+02 -0.88099E+02  0.00000E+00 -0.51901E+02  0.00000E+00  0.00000E+00  0.28293E+02  0.00000E+00  0.21558E-05     76  0.00000E+00      0.000
      14.0000  0.00000E+00  0.00000E+00  0.19622E-06  0.00000E+00 -0.23726E+00  0.00000E+00  0.00000E+00  0.10153E-05  0.00000E+00 -0.12562E+02 -0.89008E+02  0.00000E+00 -0.52698E+02  0.00000E+00  0.00000E+00  0.28174E+02  0.00000E+00  0.22539E-05     77  0.00000E+00      0.000
      14.5000  0.00000E+00  0.00000E+00 -0.13522E-06  0.00000E+00 -0.22851E+00  0.00000E+00  0.00000E+00  0.94768E-06  0.00000E+00 -0.12676E+02 -0.89890E+02  0.00000E+00 -0.53479E+02  0.00000E+00  0.00000E+00  0.28060E+02  0.00000E+00  0.22539E-05     78  0.00000E+00      0.000
      15.0000  0.00000E+00  0.00000E+00 -0.89058E-07  0.00000E+00 -0.21998E+00  0.00000E+00  0.00000E+00  0.90315E-06  0.00000E+00 -0.12786E+02 -0.90747E+02  0.00000E+00 -0.54241E+02  0.00000E+00  0.00000E+00  0.27950E+02  0.00000E+00  0.22539E-05     79  0.00000E+00      0.000
      15.5000  0.00000E+00  0.00000E+00 -0.21129E-07  0.00000E+00 -0.21167E+00  0.00000E+00  0.00000E+00  0.89259E-06  0.00000E+00 -0.12892E+02 -0.91580E+02  0.00000E+00 -0.54982E+02  0.00000E+00  0.00000E+00  0.27844E+02  0.00000E+00  0.22539E-05     80  0.00000E+00      0.000
      16.0000  0.00000E+00  0.00000E+00  0.18842E-06  0.00000E+00 -0.20360E+00  0.00000E+00  0.00000E+00  0.98679E-06  0.00000E+00 -0.12993E+02 -0.92390E+02  0.00000E+00 -0.55702E+02  0.00000E+00  0.00000E+00  0.27742E+02  0.00000E+00  0.23481E-05     81  0.00000E+00      0.000
      16.5000  0.00000E+00  0.00000E+00 -0.15710E-06  0.00000E+00 -0.19579E+00  0.00000E+00  0.00000E+00  0.90824E-06  0.00000E+00 -0.13091E+02 -0.93178E+02  0.00000E+00 -0.56400E+02  0.00000E+00  0.00000E+00  0.27644E+02  0.00000E+00  0.23481E-05     82  0.00000E+00      0.000
      17.0000  0.00000E+00  0.00000E+00  0.11758E-06  0.00000E+00 -0.18824E+00  0.00000E+00  0.00000E+00  0.96703E-06  0.00000E+00 -0.13185E+02 -0.93945E+02  0.00000E+00 -0.57074E+02  0.00000E+00  0.00000E+00  0.27550E+02  0.00000E+00  0.24069E-05     83  0.00000E+00      0.000
      17.5000  0.00000E+00  0.00000E+00  0.12474E-06  0.00000E+00 -0.18098E+00  0.00000E+00  0.00000E+00  0.10294E-05  0.00000E+00 -0.13276E+02 -0.94693E+02  0.00000E+00 -0.57722E+02  0.00000E+00  0.00000E+00  0.27460E+02  0.00000E+00  0.24693E-05     84  0.00000E+00      0.000
      18.0000  0.00000E+00  0.00000E+00 -0.15728E-06  0.00000E+00 -0.17402E+00  0.00000E+00  0.00000E+00  0.95076E-06  0.00000E+00 -0.13363E+02 -0.95421E+02  0.00000E+00 -0.58343E+02  0.00000E+00  0.00000E+00  0.27373E+02  0.00000E+00  0.24693E-05     85  0.00000E+00      0.000
      18.5000  0.00000E+00  0.00000E+00  0.17637E-07  0.00000E+00 -0.16739E+00  0.00000E+00  0.00000E+00  0.95958E-06  0.00000E+00 -0.13447E+02 -0.96152E+02  0.00000E+00 -0.58936E+02  0.00000E+00  0.00000E+00  0.27289E+02  0.00000E+00  0.24781E-05     86  0.00000E+00      0.000
      19.0000  0.00000E+00  0.00000E+00 -0.13079E-06  0.00000E+00 -0.16111E+00  0.00000E+00  0.00000E+00  0.89419E-06  0.00000E+00 -0.13527E+02 -0.96875E+02  0.00000E+00 -0.59498E+02  0.00000E+00  0.00000E+00  0.27208E+02  0.00000E+00  0.24781E-05     87  0.00000E+00      0.000
      19.5000  0.00000E+00  0.00000E+00  0.78755E-07  0.00000E+00 -0.15560E+00  0.00000E+00  0.00000E+00  0.93356E-06  0.00000E+00 -0.13605E+02 -0.97590E+02  0.00000E+00 -0.60050E+02  0.00000E+00  0.00000E+00  0.27131E+02  0.00000E+00  0.25175E-05     88  0.00000E+00      0.000
      20.0000  0.00000E+00  0.00000E+00  0.18452E-07  0.00000E+00 -0.15260E+00  0.00000E+00  0.00000E+00  0.94279E-06  0.00000E+00 -0.13681E+02 -0.98297E+02  0.00000E+00 -0.60674E+02  0.00000E+00  0.00000E+00  0.27054E+02  0.00000E+00  0.25267E-05     89  0.00000E+00      0.000
      20.5000  0.00000E+00  0.00000E+00 -0.12683E-06  0.00000E+00 -0.14964E+00  0.00000E+00  0.00000E+00  0.87937E-06  0.00000E+00 -0.13756E+02 -0.98997E+02  0.00000E+00 -0.61264E+02  0.00000E+00  0.00000E+00  0.26979E+02  0.00000E+00  0.25267E-05     90  0.00000E+00      0.000
      21.0000  0.00000E+00  0.00000E+00 -0.12916E-06  0.00000E+00 -0.14677E+00  0.00000E+00  0.00000E+00  0.81479E-06  0.00000E+00 -0.13829E+02 -0.99684E+02  0.00000E+00 -0.61855E+02  0.00000E+00  0.00000E+00  0.26906E+02  0.00000E+00  0.25267E-05     91  0.00000E+00      0.000
      21.5000  0.00000E+00  0.00000E+00  0.68045E-07  0.00000E+00 -0.14393E+00  0.00000E+00  0.00000E+00  0.84881E-06  0.00000E+00 -0.13901E+02 -0.10036E+03  0.00000E+00 -0.62435E+02  0.00000E+00  0.00000E+00  0.26834E+02  0.00000E+00  0.25607E-05     92  0.00000E+00      0.000
      22.0000  0.00000E+00  0.00000E+00 -0.92026E-07  0.00000E+00 -0.14113E+00  0.00000E+00  0.00000E+00  0.80280E-06  0.00000E+00 -0.13972E+02 -0.10102E+03  0.00000E+00 -0.63009E+02  0.00000E+00  0.00000E+00  0.26764E+02  0.00000E+00  0.25607E-05     93  0.00000E+00      0.000
      22.5000  0.00000E+00  0.00000E+00  0.85623E-07  0.00000E+00 -0.13835E+00  0.00000E+00  0.00000E+00  0.84561E-06  0.00000E+00 -0.14041E+02 -0.10168E+03  0.00000E+00 -0.63578E+02  0.00000E+00  0.00000E+00  0.26694E+02  0.00000E+00  0.26035E-05     94  0.00000E+00      0.000
      23.0000  0.00000E+00  0.00000E+00 -0.10492E-06  0.00000E+00 -0.13560E+00  0.00000E+00  0.00000E+00  0.79315E-06  0.00000E+00 -0.14109E+02 -0.10232E+03  0.00000E+00 -0.64140E+02  0.00000E+00  0.00000E+00  0.26627E+02  0.00000E+00  0.26035E-05     95  0.00000E+00      0.000
      23.5000  0.00000E+00  0.00000E+00  0.68540E-07  0.00000E+00 -0.13288E+00  0.00000E+00  0.00000E+00  0.82742E-06  0.00000E+00 -0.14175E+02 -0.10295E+03  0.00000E+00 -0.64696E+02  0.00000E+00  0.00000E+00  0.26560E+02  0.00000E+00  0.26378E-05     96  0.00000E+00      0.000
      24.0000  0.00000E+00  0.00000E+00  0.17462E-07  0.00000E+00 -0.13020E+00  0.00000E+00  0.00000E+00  0.83615E-06  0.00000E+00 -0.14241E+02 -0.10358E+03  0.00000E+00 -0.65246E+02  0.00000E+00  0.00000E+00  0.26495E+02  0.00000E+00  0.26465E-05     97  0.00000E+00      0.000
      24.5000  0.00000E+00  0.00000E+00  0.22730E-07  0.00000E+00 -0.12754E+00  0.00000E+00  0.00000E+00  0.84752E-06  0.00000E+00 -0.14304E+02 -0.10419E+03  0.00000E+00 -0.65790E+02  0.00000E+00  0.00000E+00  0.26431E+02  0.00000E+00  0.26579E-05     98  0.00000E+00      0.000
      25.0000  0.00000E+00  0.00000E+00  0.42026E-07  0.00000E+00 -0.12491E+00  0.00000E+00  0.00000E+00  0.86853E-06  0.00000E+00 -0.14367E+02 -0.10479E+03  0.00000E+00 -0.66327E+02  0.00000E+00  0.00000E+00  0.26369E+02  0.00000E+00  0.26789E-05     99  0.00000E+00      0.000
      25.5000  0.00000E+00  0.00000E+00 -0.90280E-07  0.00000E+00 -0.12232E+00  0.00000E+00  0.00000E+00  0.82339E-06  0.00000E+00 -0.14428E+02 -0.10539E+03  0.00000E+00 -0.66858E+02  0.00000E+00  0.00000E+00  0.26308E+02  0.00000E+00  0.26789E-05    100  0.00000E+00      0.000
      26.0000  0.00000E+00  0.00000E+00  0.84605E-07  0.00000E+00 -0.11976E+00  0.00000E+00  0.00000E+00  0.86569E-06  0.00000E+00 -0.14488E+02 -0.10597E+03  0.00000E+00 -0.67382E+02  0.00000E+00  0.00000E+00  0.26248E+02  0.00000E+00  0.27212E-05    101  0.00000E+00      0.000
      26.5000  0.00000E+00  0.00000E+00  0.10314E-06  0.00000E+00 -0.11724E+00  0.00000E+00  0.00000E+00  0.91727E-06  0.00000E+00 -0.14546E+02 -0.10655E+03  0.00000E+00 -0.67898E+02  0.00000E+00  0.00000E+00  0.26189E+02  0.00000E+00  0.27728E-05    102  0.00000E+00      0.000
      27.0000  0.00000E+00  0.00000E+00 -0.69354E-07  0.00000E+00 -0.11475E+00  0.00000E+00  0.00000E+00  0.88259E-06  0.00000E+00 -0.14604E+02 -0.10712E+03  0.00000E+00 -0.68407E+02  0.00000E+00  0.00000E+00  0.26132E+02  0.00000E+00  0.27728E-05    103  0.00000E+00      0.000
      27.5000  0.00000E+00  0.00000E+00  0.45635E-07  0.00000E+00 -0.11230E+00  0.00000E+00  0.00000E+00  0.90541E-06  0.00000E+00 -0.14660E+02 -0.10768E+03  0.00000E+00 -0.68909E+02  0.00000E+00  0.00000E+00  0.26076E+02  0.00000E+00  0.27956E-05    104  0.00000E+00      0.000
      28.0000  0.00000E+00  0.00000E+00  0.91706E-07  0.00000E+00 -0.10988E+00  0.00000E+00  0.00000E+00  0.95126E-06  0.00000E+00 -0.14715E+02 -0.10823E+03  0.00000E+00 -0.69403E+02  0.00000E+00  0.00000E+00  0.26021E+02  0.00000E+00  0.28414E-05    105  0.00000E+00      0.000
      28.5000  0.00000E+00  0.00000E+00  0.98313E-07  0.00000E+00 -0.10751E+00  0.00000E+00  0.00000E+00  0.10004E-05  0.00000E+00 -0.14769E+02 -0.10877E+03  0.00000E+00 -0.69890E+02  0.00000E+00  0.00000E+00  0.25967E+02  0.00000E+00  0.28906E-05    106  0.00000E+00      0.000
      29.0000  0.00000E+00  0.00000E+00 -0.27358E-07  0.00000E+00 -0.10517E+00  0.00000E+00  0.00000E+00  0.98674E-06  0.00000E+00 -0.14821E+02 -0.10931E+03  0.00000E+00 -0.70368E+02  0.00000E+00  0.00000E+00  0.25914E+02  0.00000E+00  0.28906E-05    107  0.00000E+00      0.000
      29.5000  0.00000E+00  0.00000E+00 -0.61642E-07  0.00000E+00 -0.10287E+00  0.00000E+00  0.00000E+00  0.95592E-06  0.00000E+00 -0.14873E+02 -0.10984E+03  0.00000E+00 -0.70839E+02  0.00000E+00  0.00000E+00  0.25863E+02  0.00000E+00  0.28906E-05    108  0.00000E+00      0.000
      30.0000  0.00000E+00  0.00000E+00  0.72789E-07  0.00000E+00 -0.10061E+00  0.00000E+00  0.00000E+00  0.99231E-06  0.00000E+00 -0.14923E+02 -0.11036E+03  0.00000E+00 -0.71301E+02  0.00000E+00  0.00000E+00  0.25813E+02  0.00000E+00  0.29270E-05    109  0.00000E+00      0.000
end
