 ******* Program HYDRUS
 ******* Infiltration submergee, loam 0-30 cm sur sable 30-100 cm                
 Date:   0. 0.    Time: 512:**:**
 Units: L = cm   , T = days , M = g    

----------------------------------------------------------
 Time       [T]        0.0000
----------------------------------------------------------
 Sub-region num.                     1            2
----------------------------------------------------------
 Area     [L]        0.10000E+03  0.30000E+02  0.70000E+02
 W-volume [L]        0.92277E+01  0.59088E+01  0.33190E+01
 In-flow  [L/T]      0.00000E+00  0.00000E+00  0.00000E+00
 h Mean   [L]       -0.19900E+03 -0.19667E+03 -0.20000E+03
 Top Flux [L/T]     -0.25089E+04
 Bot Flux [L/T]     -0.27245E-06
----------------------------------------------------------

----------------------------------------------------------
 Time       [T]        0.0500
----------------------------------------------------------
 Sub-region num.                     1            2
----------------------------------------------------------
 Area     [L]        0.10000E+03  0.30000E+02  0.70000E+02
 W-volume [L]        0.11633E+02  0.83142E+01  0.33191E+01
 In-flow  [L/T]      0.28810E+02  0.28809E+02  0.12392E-02
 h Mean   [L]       -0.17677E+03 -0.12262E+03 -0.19998E+03
 Top Flux [L/T]     -0.28810E+02
 Bot Flux [L/T]     -0.27245E-06
 WatBalT  [L]        0.19312E-04
 WatBalR  [%]              0.001
----------------------------------------------------------

----------------------------------------------------------
 Time       [T]        0.1000
----------------------------------------------------------
 Sub-region num.                     1            2
----------------------------------------------------------
 Area     [L]        0.10000E+03  0.30000E+02  0.70000E+02
 W-volume [L]        0.12952E+02  0.96326E+01  0.33191E+01
 In-flow  [L/T]      0.25054E+02  0.25053E+02  0.93420E-03
 h Mean   [L]       -0.16536E+03 -0.84618E+02 -0.19997E+03
 Top Flux [L/T]     -0.25054E+02
 Bot Flux [L/T]     -0.27245E-06
 WatBalT  [L]        0.19312E-04
 WatBalR  [%]              0.001
----------------------------------------------------------

----------------------------------------------------------
 Time       [T]        0.1500
----------------------------------------------------------
 Sub-region num.                     1            2
----------------------------------------------------------
 Area     [L]        0.10000E+03  0.30000E+02  0.70000E+02
 W-volume [L]        0.14193E+02  0.10874E+02  0.33191E+01
 In-flow  [L/T]      0.24459E+02  0.24458E+02  0.77923E-03
 h Mean   [L]       -0.15487E+03 -0.49644E+02 -0.19996E+03
 Top Flux [L/T]     -0.24459E+02
 Bot Flux [L/T]     -0.27245E-06
 WatBalT  [L]        0.21458E-04
 WatBalR  [%]              0.000
----------------------------------------------------------

----------------------------------------------------------
 Time       [T]        0.2000
----------------------------------------------------------
 Sub-region num.                     1            2
----------------------------------------------------------
 Area     [L]        0.10000E+03  0.30000E+02  0.70000E+02
 W-volume [L]        0.15435E+02  0.12115E+02  0.33196E+01
 In-flow  [L/T]      0.25062E+02  0.24924E+02  0.13745E+00
 h Mean   [L]       -0.14438E+03 -0.14802E+02 -0.19991E+03
 Top Flux [L/T]     -0.25061E+02
 Bot Flux [L/T]     -0.27245E-06
 WatBalT  [L]        0.21935E-04
 WatBalR  [%]              0.000
----------------------------------------------------------

----------------------------------------------------------
 Time       [T]        0.2500
----------------------------------------------------------
 Sub-region num.                     1            2
----------------------------------------------------------
 Area     [L]        0.10000E+03  0.30000E+02  0.70000E+02
 W-volume [L]        0.16682E+02  0.12858E+02  0.38245E+01
 In-flow  [L/T]      0.24908E+02  0.20647E+00  0.24701E+02
 h Mean   [L]       -0.13105E+03 -0.89458E+00 -0.18683E+03
 Top Flux [L/T]     -0.24907E+02
 Bot Flux [L/T]     -0.27245E-06
 WatBalT  [L]        0.85831E-05
 WatBalR  [%]              0.000
----------------------------------------------------------

----------------------------------------------------------
 Time       [T]        0.3000
----------------------------------------------------------
 Sub-region num.                     1            2
----------------------------------------------------------
 Area     [L]        0.10000E+03  0.30000E+02  0.70000E+02
 W-volume [L]        0.17926E+02  0.12862E+02  0.50646E+01
 In-flow  [L/T]      0.25028E+02  0.18263E+00  0.24845E+02
 h Mean   [L]       -0.11744E+03 -0.85649E+00 -0.16740E+03
 Top Flux [L/T]     -0.25028E+02
 Bot Flux [L/T]     -0.27245E-06
 WatBalT  [L]       -0.19073E-04
 WatBalR  [%]              0.000
----------------------------------------------------------

----------------------------------------------------------
 Time       [T]        0.3500
----------------------------------------------------------
 Sub-region num.                     1            2
----------------------------------------------------------
 Area     [L]        0.10000E+03  0.30000E+02  0.70000E+02
 W-volume [L]        0.19170E+02  0.12862E+02  0.63078E+01
 In-flow  [L/T]      0.24999E+02  0.17436E+00  0.24825E+02
 h Mean   [L]       -0.10482E+03 -0.85267E+00 -0.14938E+03
 Top Flux [L/T]     -0.25000E+02
 Bot Flux [L/T]     -0.27245E-06
 WatBalT  [L]       -0.31471E-04
 WatBalR  [%]              0.000
----------------------------------------------------------

----------------------------------------------------------
 Time       [T]        0.4000
----------------------------------------------------------
 Sub-region num.                     1            2
----------------------------------------------------------
 Area     [L]        0.10000E+03  0.30000E+02  0.70000E+02
 W-volume [L]        0.20414E+02  0.12862E+02  0.75515E+01
 In-flow  [L/T]      0.25042E+02  0.16263E+00  0.24880E+02
 h Mean   [L]       -0.92226E+02 -0.85943E+00 -0.13138E+03
 Top Flux [L/T]     -0.25042E+02
 Bot Flux [L/T]     -0.27245E-06
 WatBalT  [L]       -0.21935E-04
 WatBalR  [%]              0.000
----------------------------------------------------------

----------------------------------------------------------
 Time       [T]        0.4500
----------------------------------------------------------
 Sub-region num.                     1            2
----------------------------------------------------------
 Area     [L]        0.10000E+03  0.30000E+02  0.70000E+02
 W-volume [L]        0.21658E+02  0.12862E+02  0.87966E+01
 In-flow  [L/T]      0.24926E+02  0.89403E-01  0.24837E+02
 h Mean   [L]       -0.79516E+02 -0.83485E+00 -0.11324E+03
 Top Flux [L/T]     -0.24927E+02
 Bot Flux [L/T]     -0.27245E-06
 WatBalT  [L]       -0.17166E-04
 WatBalR  [%]              0.000
----------------------------------------------------------

----------------------------------------------------------
 Time       [T]        0.5000
----------------------------------------------------------
 Sub-region num.                     1            2
----------------------------------------------------------
 Area     [L]        0.10000E+03  0.30000E+02  0.70000E+02
 W-volume [L]        0.22902E+02  0.12862E+02  0.10041E+02
 In-flow  [L/T]      0.24844E+02 -0.43439E-01  0.24887E+02
 h Mean   [L]       -0.67087E+02 -0.81842E+00 -0.95488E+02
 Top Flux [L/T]     -0.24843E+02
 Bot Flux [L/T]     -0.27245E-06
 WatBalT  [L]       -0.16212E-04
 WatBalR  [%]              0.000
----------------------------------------------------------

----------------------------------------------------------
 Time       [T]        0.5500
----------------------------------------------------------
 Sub-region num.                     1            2
----------------------------------------------------------
 Area     [L]        0.10000E+03  0.30000E+02  0.70000E+02
 W-volume [L]        0.24146E+02  0.12862E+02  0.11285E+02
 In-flow  [L/T]      0.24677E+02 -0.21940E+00  0.24897E+02
 h Mean   [L]       -0.54343E+02 -0.86019E+00 -0.77264E+02
 Top Flux [L/T]     -0.24678E+02
 Bot Flux [L/T]     -0.27245E-06
 WatBalT  [L]       -0.85831E-05
 WatBalR  [%]              0.000
----------------------------------------------------------

----------------------------------------------------------
 Time       [T]        0.6000
----------------------------------------------------------
 Sub-region num.                     1            2
----------------------------------------------------------
 Area     [L]        0.10000E+03  0.30000E+02  0.70000E+02
 W-volume [L]        0.25391E+02  0.12862E+02  0.12529E+02
 In-flow  [L/T]      0.25034E+02  0.15899E+00  0.24875E+02
 h Mean   [L]       -0.41779E+02 -0.85603E+00 -0.59318E+02
 Top Flux [L/T]     -0.25034E+02
 Bot Flux [L/T]     -0.27245E-06
 WatBalT  [L]       -0.38147E-05
 WatBalR  [%]              0.000
----------------------------------------------------------

----------------------------------------------------------
 Time       [T]        0.6500
----------------------------------------------------------
 Sub-region num.                     1            2
----------------------------------------------------------
 Area     [L]        0.10000E+03  0.30000E+02  0.70000E+02
 W-volume [L]        0.26636E+02  0.12862E+02  0.13774E+02
 In-flow  [L/T]      0.24923E+02 -0.38768E-02  0.24927E+02
 h Mean   [L]       -0.29219E+02 -0.83325E+00 -0.41384E+02
 Top Flux [L/T]     -0.24923E+02
 Bot Flux [L/T]     -0.27245E-06
 WatBalT  [L]        0.76294E-05
 WatBalR  [%]              0.000
----------------------------------------------------------

----------------------------------------------------------
 Time       [T]        0.7000
----------------------------------------------------------
 Sub-region num.                     1            2
----------------------------------------------------------
 Area     [L]        0.10000E+03  0.30000E+02  0.70000E+02
 W-volume [L]        0.27881E+02  0.12862E+02  0.15019E+02
 In-flow  [L/T]      0.24976E+02  0.10918E+00  0.24867E+02
 h Mean   [L]       -0.16504E+02 -0.84806E+00 -0.23214E+02
 Top Flux [L/T]     -0.24976E+02
 Bot Flux [L/T]     -0.27245E-06
 WatBalT  [L]        0.19073E-04
 WatBalR  [%]              0.000
----------------------------------------------------------

----------------------------------------------------------
 Time       [T]        0.7500
----------------------------------------------------------
 Sub-region num.                     1            2
----------------------------------------------------------
 Area     [L]        0.10000E+03  0.30000E+02  0.70000E+02
 W-volume [L]        0.29115E+02  0.12862E+02  0.16253E+02
 In-flow  [L/T]      0.21697E+02  0.10463E+00  0.21592E+02
 h Mean   [L]       -0.67713E+01 -0.85061E+00 -0.93087E+01
 Top Flux [L/T]     -0.25019E+02
 Bot Flux [L/T]     -0.81505E+01
 WatBalT  [L]        0.57220E-05
 WatBalR  [%]              0.000
----------------------------------------------------------

----------------------------------------------------------
 Time       [T]        0.8000
----------------------------------------------------------
 Sub-region num.                     1            2
----------------------------------------------------------
 Area     [L]        0.10000E+03  0.30000E+02  0.70000E+02
 W-volume [L]        0.29390E+02  0.12862E+02  0.16528E+02
 In-flow  [L/T]      0.14860E+00  0.10541E+00  0.43195E-01
 h Mean   [L]       -0.66277E+01 -0.85768E+00 -0.91006E+01
 Top Flux [L/T]     -0.24977E+02
 Bot Flux [L/T]     -0.24836E+02
 WatBalT  [L]        0.26703E-04
 WatBalR  [%]              0.000
----------------------------------------------------------

----------------------------------------------------------
 Time       [T]        0.8500
----------------------------------------------------------
 Sub-region num.                     1            2
----------------------------------------------------------
 Area     [L]        0.10000E+03  0.30000E+02  0.70000E+02
 W-volume [L]        0.29392E+02  0.12862E+02  0.16530E+02
 In-flow  [L/T]      0.10820E+00  0.10031E+00  0.78909E-02
 h Mean   [L]       -0.66246E+01 -0.84962E+00 -0.90996E+01
 Top Flux [L/T]     -0.25003E+02
 Bot Flux [L/T]     -0.24895E+02
 WatBalT  [L]        0.26703E-04
 WatBalR  [%]              0.000
----------------------------------------------------------

----------------------------------------------------------
 Time       [T]        0.9000
----------------------------------------------------------
 Sub-region num.                     1            2
----------------------------------------------------------
 Area     [L]        0.10000E+03  0.30000E+02  0.70000E+02
 W-volume [L]        0.29392E+02  0.12862E+02  0.16530E+02
 In-flow  [L/T]     -0.14314E+00 -0.18988E+00  0.46737E-01
 h Mean   [L]       -0.66263E+01 -0.85559E+00 -0.90994E+01
 Top Flux [L/T]     -0.24768E+02
 Bot Flux [L/T]     -0.24912E+02
 WatBalT  [L]        0.40054E-04
 WatBalR  [%]              0.000
----------------------------------------------------------

----------------------------------------------------------
 Time       [T]        0.9500
----------------------------------------------------------
 Sub-region num.                     1            2
----------------------------------------------------------
 Area     [L]        0.10000E+03  0.30000E+02  0.70000E+02
 W-volume [L]        0.29392E+02  0.12862E+02  0.16529E+02
 In-flow  [L/T]      0.34835E-01 -0.20573E-01  0.55408E-01
 h Mean   [L]       -0.66240E+01 -0.84758E+00 -0.90996E+01
 Top Flux [L/T]     -0.24946E+02
 Bot Flux [L/T]     -0.24911E+02
 WatBalT  [L]        0.34332E-04
 WatBalR  [%]              0.000
----------------------------------------------------------

----------------------------------------------------------
 Time       [T]        1.0000
----------------------------------------------------------
 Sub-region num.                     1            2
----------------------------------------------------------
 Area     [L]        0.10000E+03  0.30000E+02  0.70000E+02
 W-volume [L]        0.29392E+02  0.12862E+02  0.16530E+02
 In-flow  [L/T]     -0.18375E+00 -0.17580E+00 -0.79480E-02
 h Mean   [L]       -0.66121E+01 -0.80839E+00 -0.90993E+01
 Top Flux [L/T]     -0.24728E+02
 Bot Flux [L/T]     -0.24911E+02
 WatBalT  [L]        0.43869E-04
 WatBalR  [%]              0.000
----------------------------------------------------------

 Calculation time [sec]   2151936034.5000000     
