 ******* Program HYDRUS
 ******* Infiltration submergee, loam 0-30 cm sur sable 30-100 cm                
 Date:   0. 0.    Time: 512:**:**
 Units: L = cm   , T = days , M = g    

 CosAlf,MaxIt,TolTh,  TolH
 1.000   30   0.000 0.10000

 TopInF,BotInF,AtmBC,SinkF,WLayer,qGWLF,FreeD,SeepF,lWat,lChem,lTemp,lRoot,lWDep
     F     F     F     F     F     F     T     F     T     F     F     F     F

Nodal point information

node      x         hOld    MatN LayN  Beta      Ah       AK      ATh     Temp    Conc(1...NS)         Sorb(1...NS)

   1      0.000      0.000    1    1   0.000    1.000    1.000    1.000
   2     -1.000   -200.000    1    1   0.000    1.000    1.000    1.000
   3     -2.000   -200.000    1    1   0.000    1.000    1.000    1.000
   4     -3.000   -200.000    1    1   0.000    1.000    1.000    1.000
   5     -4.000   -200.000    1    1   0.000    1.000    1.000    1.000
   6     -5.000   -200.000    1    1   0.000    1.000    1.000    1.000
   7     -6.000   -200.000    1    1   0.000    1.000    1.000    1.000
   8     -7.000   -200.000    1    1   0.000    1.000    1.000    1.000
   9     -8.000   -200.000    1    1   0.000    1.000    1.000    1.000
  10     -9.000   -200.000    1    1   0.000    1.000    1.000    1.000
  11    -10.000   -200.000    1    1   0.000    1.000    1.000    1.000
  12    -11.000   -200.000    1    1   0.000    1.000    1.000    1.000
  13    -12.000   -200.000    1    1   0.000    1.000    1.000    1.000
  14    -13.000   -200.000    1    1   0.000    1.000    1.000    1.000
  15    -14.000   -200.000    1    1   0.000    1.000    1.000    1.000
  16    -15.000   -200.000    1    1   0.000    1.000    1.000    1.000
  17    -16.000   -200.000    1    1   0.000    1.000    1.000    1.000
  18    -17.000   -200.000    1    1   0.000    1.000    1.000    1.000
  19    -18.000   -200.000    1    1   0.000    1.000    1.000    1.000
  20    -19.000   -200.000    1    1   0.000    1.000    1.000    1.000
  21    -20.000   -200.000    1    1   0.000    1.000    1.000    1.000
  22    -21.000   -200.000    1    1   0.000    1.000    1.000    1.000
  23    -22.000   -200.000    1    1   0.000    1.000    1.000    1.000
  24    -23.000   -200.000    1    1   0.000    1.000    1.000    1.000
  25    -24.000   -200.000    1    1   0.000    1.000    1.000    1.000
  26    -25.000   -200.000    1    1   0.000    1.000    1.000    1.000
  27    -26.000   -200.000    1    1   0.000    1.000    1.000    1.000
  28    -27.000   -200.000    1    1   0.000    1.000    1.000    1.000
  29    -28.000   -200.000    1    1   0.000    1.000    1.000    1.000
  30    -29.000   -200.000    1    1   0.000    1.000    1.000    1.000
  31    -30.000   -200.000    1    1   0.000    1.000    1.000    1.000
  32    -31.000   -200.000    2    2   0.000    1.000    1.000    1.000
  33    -32.000   -200.000    2    2   0.000    1.000    1.000    1.000
  34    -33.000   -200.000    2    2   0.000    1.000    1.000    1.000
  35    -34.000   -200.000    2    2   0.000    1.000    1.000    1.000
  36    -35.000   -200.000    2    2   0.000    1.000    1.000    1.000
  37    -36.000   -200.000    2    2   0.000    1.000    1.000    1.000
  38    -37.000   -200.000    2    2   0.000    1.000    1.000    1.000
  39    -38.000   -200.000    2    2   0.000    1.000    1.000    1.000
  40    -39.000   -200.000    2    2   0.000    1.000    1.000    1.000
  41    -40.000   -200.000    2    2   0.000    1.000    1.000    1.000
  42    -41.000   -200.000    2    2   0.000    1.000    1.000    1.000
  43    -42.000   -200.000    2    2   0.000    1.000    1.000    1.000
  44    -43.000   -200.000    2    2   0.000    1.000    1.000    1.000
  45    -44.000   -200.000    2    2   0.000    1.000    1.000    1.000
  46    -45.000   -200.000    2    2   0.000    1.000    1.000    1.000
  47    -46.000   -200.000    2    2   0.000    1.000    1.000    1.000
  48    -47.000   -200.000    2    2   0.000    1.000    1.000    1.000
  49    -48.000   -200.000    2    2   0.000    1.000    1.000    1.000
  50    -49.000   -200.000    2    2   0.000    1.000    1.000    1.000
  51    -50.000   -200.000    2    2   0.000    1.000    1.000    1.000
  52    -51.000   -200.000    2    2   0.000    1.000    1.000    1.000
  53    -52.000   -200.000    2    2   0.000    1.000    1.000    1.000
  54    -53.000   -200.000    2    2   0.000    1.000    1.000    1.000
  55    -54.000   -200.000    2    2   0.000    1.000    1.000    1.000
  56    -55.000   -200.000    2    2   0.000    1.000    1.000    1.000
  57    -56.000   -200.000    2    2   0.000    1.000    1.000    1.000
  58    -57.000   -200.000    2    2   0.000    1.000    1.000    1.000
  59    -58.000   -200.000    2    2   0.000    1.000    1.000    1.000
  60    -59.000   -200.000    2    2   0.000    1.000    1.000    1.000
  61    -60.000   -200.000    2    2   0.000    1.000    1.000    1.000
  62    -61.000   -200.000    2    2   0.000    1.000    1.000    1.000
  63    -62.000   -200.000    2    2   0.000    1.000    1.000    1.000
  64    -63.000   -200.000    2    2   0.000    1.000    1.000    1.000
  65    -64.000   -200.000    2    2   0.000    1.000    1.000    1.000
  66    -65.000   -200.000    2    2   0.000    1.000    1.000    1.000
  67    -66.000   -200.000    2    2   0.000    1.000    1.000    1.000
  68    -67.000   -200.000    2    2   0.000    1.000    1.000    1.000
  69    -68.000   -200.000    2    2   0.000    1.000    1.000    1.000
  70    -69.000   -200.000    2    2   0.000    1.000    1.000    1.000
  71    -70.000   -200.000    2    2   0.000    1.000    1.000    1.000
  72    -71.000   -200.000    2    2   0.000    1.000    1.000    1.000
  73    -72.000   -200.000    2    2   0.000    1.000    1.000    1.000
  74    -73.000   -200.000    2    2   0.000    1.000    1.000    1.000
  75    -74.000   -200.000    2    2   0.000    1.000    1.000    1.000
  76    -75.000   -200.000    2    2   0.000    1.000    1.000    1.000
  77    -76.000   -200.000    2    2   0.000    1.000    1.000    1.000
  78    -77.000   -200.000    2    2   0.000    1.000    1.000    1.000
  79    -78.000   -200.000    2    2   0.000    1.000    1.000    1.000
  80    -79.000   -200.000    2    2   0.000    1.000    1.000    1.000
  81    -80.000   -200.000    2    2   0.000    1.000    1.000    1.000
  82    -81.000   -200.000    2    2   0.000    1.000    1.000    1.000
  83    -82.000   -200.000    2    2   0.000    1.000    1.000    1.000
  84    -83.000   -200.000    2    2   0.000    1.000    1.000    1.000
  85    -84.000   -200.000    2    2   0.000    1.000    1.000    1.000
  86    -85.000   -200.000    2    2   0.000    1.000    1.000    1.000
  87    -86.000   -200.000    2    2   0.000    1.000    1.000    1.000
  88    -87.000   -200.000    2    2   0.000    1.000    1.000    1.000
  89    -88.000   -200.000    2    2   0.000    1.000    1.000    1.000
  90    -89.000   -200.000    2    2   0.000    1.000    1.000    1.000
  91    -90.000   -200.000    2    2   0.000    1.000    1.000    1.000
  92    -91.000   -200.000    2    2   0.000    1.000    1.000    1.000
  93    -92.000   -200.000    2    2   0.000    1.000    1.000    1.000
  94    -93.000   -200.000    2    2   0.000    1.000    1.000    1.000
  95    -94.000   -200.000    2    2   0.000    1.000    1.000    1.000
  96    -95.000   -200.000    2    2   0.000    1.000    1.000    1.000
  97    -96.000   -200.000    2    2   0.000    1.000    1.000    1.000
  98    -97.000   -200.000    2    2   0.000    1.000    1.000    1.000
  99    -98.000   -200.000    2    2   0.000    1.000    1.000    1.000
 100    -99.000   -200.000    2    2   0.000    1.000    1.000    1.000
 101   -100.000   -200.000    2    2   0.000    1.000    1.000    1.000
end

 Number of species in the chain :   0


MatNum, Param. array:

   Mat     Qr     Qs        Alfa         n          Ks      l

    1    0.078  0.430   0.360E-01   0.156E+01   0.250E+02  0.500
    2    0.045  0.430   0.145E+00   0.268E+01   0.713E+03  0.500

       Table of Hydraulic Properties which are interpolated in simulation
       =================================================================

  theta         h        log h        C             K        log K          S          Kv

  0.4300  -0.100E-05 -0.6000E+01  0.4815E-06  0.2496E+02  0.1397E+01    1.0000  0.0000E+00
  0.4300  -0.126E-05 -0.5899E+01  0.5484E-06  0.2496E+02  0.1397E+01    1.0000  0.0000E+00
  0.4300  -0.159E-05 -0.5798E+01  0.6247E-06  0.2496E+02  0.1397E+01    1.0000  0.0000E+00
  0.4300  -0.201E-05 -0.5697E+01  0.7116E-06  0.2495E+02  0.1397E+01    1.0000  0.0000E+00
  0.4300  -0.254E-05 -0.5596E+01  0.8106E-06  0.2495E+02  0.1397E+01    1.0000  0.0000E+00
  0.4300  -0.320E-05 -0.5495E+01  0.9234E-06  0.2495E+02  0.1397E+01    1.0000  0.0000E+00
  0.4300  -0.404E-05 -0.5394E+01  0.1052E-05  0.2495E+02  0.1397E+01    1.0000  0.0000E+00
  0.4300  -0.509E-05 -0.5293E+01  0.1198E-05  0.2495E+02  0.1397E+01    1.0000  0.0000E+00
  0.4300  -0.643E-05 -0.5192E+01  0.1365E-05  0.2495E+02  0.1397E+01    1.0000  0.0000E+00
  0.4300  -0.811E-05 -0.5091E+01  0.1555E-05  0.2495E+02  0.1397E+01    1.0000  0.0000E+00
  0.4300  -0.102E-04 -0.4990E+01  0.1771E-05  0.2495E+02  0.1397E+01    1.0000  0.0000E+00
  0.4300  -0.129E-04 -0.4889E+01  0.2017E-05  0.2495E+02  0.1397E+01    1.0000  0.0000E+00
  0.4300  -0.163E-04 -0.4788E+01  0.2298E-05  0.2494E+02  0.1397E+01    1.0000  0.0000E+00
  0.4300  -0.206E-04 -0.4687E+01  0.2618E-05  0.2494E+02  0.1397E+01    1.0000  0.0000E+00
  0.4300  -0.260E-04 -0.4586E+01  0.2982E-05  0.2494E+02  0.1397E+01    1.0000  0.0000E+00
  0.4300  -0.327E-04 -0.4485E+01  0.3397E-05  0.2494E+02  0.1397E+01    1.0000  0.0000E+00
  0.4300  -0.413E-04 -0.4384E+01  0.3869E-05  0.2493E+02  0.1397E+01    1.0000  0.0000E+00
  0.4300  -0.521E-04 -0.4283E+01  0.4407E-05  0.2493E+02  0.1397E+01    1.0000  0.0000E+00
  0.4300  -0.658E-04 -0.4182E+01  0.5020E-05  0.2492E+02  0.1397E+01    1.0000  0.0000E+00
  0.4300  -0.830E-04 -0.4081E+01  0.5719E-05  0.2492E+02  0.1397E+01    1.0000  0.0000E+00
  0.4300  -0.105E-03 -0.3980E+01  0.6514E-05  0.2491E+02  0.1396E+01    1.0000  0.0000E+00
  0.4300  -0.132E-03 -0.3879E+01  0.7421E-05  0.2491E+02  0.1396E+01    1.0000  0.0000E+00
  0.4300  -0.167E-03 -0.3778E+01  0.8453E-05  0.2490E+02  0.1396E+01    1.0000  0.0000E+00
  0.4300  -0.210E-03 -0.3677E+01  0.9629E-05  0.2489E+02  0.1396E+01    1.0000  0.0000E+00
  0.4300  -0.266E-03 -0.3576E+01  0.1097E-04  0.2488E+02  0.1396E+01    1.0000  0.0000E+00
  0.4300  -0.335E-03 -0.3475E+01  0.1249E-04  0.2487E+02  0.1396E+01    1.0000  0.0000E+00
  0.4300  -0.423E-03 -0.3374E+01  0.1423E-04  0.2486E+02  0.1396E+01    1.0000  0.0000E+00
  0.4300  -0.534E-03 -0.3273E+01  0.1621E-04  0.2485E+02  0.1395E+01    1.0000  0.0000E+00
  0.4300  -0.673E-03 -0.3172E+01  0.1847E-04  0.2483E+02  0.1395E+01    1.0000  0.0000E+00
  0.4300  -0.850E-03 -0.3071E+01  0.2104E-04  0.2481E+02  0.1395E+01    1.0000  0.0000E+00
  0.4300  -0.107E-02 -0.2970E+01  0.2396E-04  0.2479E+02  0.1394E+01    1.0000  0.1176E-30
  0.4300  -0.135E-02 -0.2869E+01  0.2730E-04  0.2477E+02  0.1394E+01    1.0000  0.1176E-30
  0.4300  -0.171E-02 -0.2768E+01  0.3109E-04  0.2474E+02  0.1393E+01    1.0000  0.1176E-30
  0.4300  -0.215E-02 -0.2667E+01  0.3542E-04  0.2471E+02  0.1393E+01    1.0000  0.1185E-29
  0.4300  -0.272E-02 -0.2566E+01  0.4035E-04  0.2468E+02  0.1392E+01    1.0000  0.1185E-29
  0.4300  -0.343E-02 -0.2465E+01  0.4596E-04  0.2464E+02  0.1392E+01    1.0000  0.4579E-29
  0.4300  -0.433E-02 -0.2364E+01  0.5235E-04  0.2459E+02  0.1391E+01    1.0000  0.2513E-28
  0.4300  -0.546E-02 -0.2263E+01  0.5963E-04  0.2454E+02  0.1390E+01    1.0000  0.7715E-28
  0.4300  -0.689E-02 -0.2162E+01  0.6793E-04  0.2448E+02  0.1389E+01    1.0000  0.2533E-27
  0.4300  -0.870E-02 -0.2061E+01  0.7738E-04  0.2442E+02  0.1388E+01    1.0000  0.7776E-27
  0.4300  -0.110E-01 -0.1960E+01  0.8814E-04  0.2434E+02  0.1386E+01    1.0000  0.3004E-26
  0.4300  -0.138E-01 -0.1859E+01  0.1004E-03  0.2426E+02  0.1385E+01    1.0000  0.9864E-26
  0.4300  -0.175E-01 -0.1758E+01  0.1144E-03  0.2416E+02  0.1383E+01    1.0000  0.3275E-25
  0.4300  -0.221E-01 -0.1657E+01  0.1303E-03  0.2405E+02  0.1381E+01    1.0000  0.1109E-24
  0.4300  -0.278E-01 -0.1556E+01  0.1484E-03  0.2393E+02  0.1379E+01    1.0000  0.3701E-24
  0.4300  -0.351E-01 -0.1455E+01  0.1690E-03  0.2378E+02  0.1376E+01    1.0000  0.1243E-23
  0.4300  -0.443E-01 -0.1354E+01  0.1926E-03  0.2362E+02  0.1373E+01    1.0000  0.4166E-23
  0.4300  -0.559E-01 -0.1253E+01  0.2193E-03  0.2344E+02  0.1370E+01    1.0000  0.1388E-22
  0.4300  -0.705E-01 -0.1152E+01  0.2498E-03  0.2323E+02  0.1366E+01    1.0000  0.4632E-22
  0.4300  -0.890E-01 -0.1051E+01  0.2846E-03  0.2300E+02  0.1362E+01    1.0000  0.1555E-21
  0.4300  -0.112E+00 -0.9495E+00  0.3241E-03  0.2273E+02  0.1357E+01    0.9999  0.5202E-21
  0.4300  -0.142E+00 -0.8485E+00  0.3692E-03  0.2243E+02  0.1351E+01    0.9999  0.1746E-20
  0.4300  -0.179E+00 -0.7475E+00  0.4205E-03  0.2209E+02  0.1344E+01    0.9999  0.5847E-20
  0.4299  -0.226E+00 -0.6465E+00  0.4789E-03  0.2170E+02  0.1336E+01    0.9998  0.1960E-19
  0.4299  -0.285E+00 -0.5455E+00  0.5453E-03  0.2127E+02  0.1328E+01    0.9997  0.6562E-19
  0.4299  -0.359E+00 -0.4444E+00  0.6209E-03  0.2077E+02  0.1318E+01    0.9996  0.2198E-18
  0.4298  -0.453E+00 -0.3434E+00  0.7068E-03  0.2022E+02  0.1306E+01    0.9994  0.7360E-18
  0.4297  -0.572E+00 -0.2424E+00  0.8043E-03  0.1960E+02  0.1292E+01    0.9992  0.2463E-17
  0.4296  -0.722E+00 -0.1414E+00  0.9149E-03  0.1891E+02  0.1277E+01    0.9988  0.8235E-17
  0.4294  -0.911E+00 -0.4040E-01  0.1040E-02  0.1813E+02  0.1258E+01    0.9983  0.2751E-16
  0.4291  -0.115E+01  0.6061E-01  0.1181E-02  0.1727E+02  0.1237E+01    0.9975  0.9175E-16
  0.4287  -0.145E+01  0.1616E+00  0.1340E-02  0.1632E+02  0.1213E+01    0.9964  0.3054E-15
  0.4282  -0.183E+01  0.2626E+00  0.1518E-02  0.1527E+02  0.1184E+01    0.9949  0.1014E-14
  0.4274  -0.231E+01  0.3636E+00  0.1714E-02  0.1412E+02  0.1150E+01    0.9927  0.3350E-14
  0.4263  -0.292E+01  0.4646E+00  0.1930E-02  0.1287E+02  0.1110E+01    0.9896  0.1101E-13
  0.4248  -0.368E+01  0.5657E+00  0.2161E-02  0.1154E+02  0.1062E+01    0.9851  0.3585E-13
  0.4226  -0.464E+01  0.6667E+00  0.2403E-02  0.1013E+02  0.1006E+01    0.9789  0.1154E-12
  0.4195  -0.586E+01  0.7677E+00  0.2646E-02  0.8682E+01  0.9386E+00    0.9701  0.3653E-12
  0.4152  -0.739E+01  0.8687E+00  0.2875E-02  0.7218E+01  0.8584E+00    0.9581  0.1131E-11
  0.4095  -0.933E+01  0.9697E+00  0.3068E-02  0.5791E+01  0.7627E+00    0.9417  0.3393E-11
  0.4018  -0.118E+02  0.1071E+01  0.3198E-02  0.4454E+01  0.6487E+00    0.9199  0.9779E-11
  0.3919  -0.148E+02  0.1172E+01  0.3237E-02  0.3264E+01  0.5137E+00    0.8916  0.2676E-10
  0.3794  -0.187E+02  0.1273E+01  0.3162E-02  0.2266E+01  0.3552E+00    0.8562  0.6874E-10
  0.3643  -0.236E+02  0.1374E+01  0.2967E-02  0.1484E+01  0.1715E+00    0.8134  0.1638E-09
  0.3469  -0.298E+02  0.1475E+01  0.2664E-02  0.9164E+00 -0.3792E-01    0.7638  0.3592E-09
  0.3276  -0.376E+02  0.1576E+01  0.2288E-02  0.5342E+00 -0.2723E+00    0.7090  0.7208E-09
  0.3071  -0.475E+02  0.1677E+01  0.1884E-02  0.2955E+00 -0.5295E+00    0.6507  0.1324E-08
  0.2862  -0.599E+02  0.1778E+01  0.1494E-02  0.1561E+00 -0.8066E+00    0.5914  0.2234E-08
  0.2656  -0.756E+02  0.1879E+01  0.1148E-02  0.7940E-01 -0.1100E+01    0.5330  0.3487E-08
  0.2459  -0.955E+02  0.1980E+01  0.8598E-03  0.3919E-01 -0.1407E+01    0.4771  0.5083E-08
  0.2275  -0.120E+03  0.2081E+01  0.6311E-03  0.1890E-01 -0.1724E+01    0.4248  0.6983E-08
  0.2106  -0.152E+03  0.2182E+01  0.4564E-03  0.8955E-02 -0.2048E+01    0.3767  0.9124E-08
  0.1953  -0.192E+03  0.2283E+01  0.3264E-03  0.4190E-02 -0.2378E+01    0.3331  0.1143E-07
  0.1815  -0.242E+03  0.2384E+01  0.2315E-03  0.1943E-02 -0.2712E+01    0.2940  0.1382E-07
  0.1692  -0.305E+03  0.2485E+01  0.1633E-03  0.8949E-03 -0.3048E+01    0.2590  0.1624E-07
  0.1582  -0.385E+03  0.2586E+01  0.1147E-03  0.4103E-03 -0.3387E+01    0.2279  0.1862E-07
  0.1486  -0.486E+03  0.2687E+01  0.8034E-04  0.1875E-03 -0.3727E+01    0.2005  0.2092E-07
  0.1400  -0.614E+03  0.2788E+01  0.5616E-04  0.8547E-04 -0.4068E+01    0.1762  0.2311E-07
  0.1325  -0.774E+03  0.2889E+01  0.3920E-04  0.3891E-04 -0.4410E+01    0.1548  0.2517E-07
  0.1259  -0.977E+03  0.2990E+01  0.2733E-04  0.1769E-04 -0.4752E+01    0.1360  0.2708E-07
  0.1200  -0.123E+04  0.3091E+01  0.1905E-04  0.8036E-05 -0.5095E+01    0.1194  0.2885E-07
  0.1149  -0.156E+04  0.3192E+01  0.1326E-04  0.3649E-05 -0.5438E+01    0.1049  0.3046E-07
  0.1104  -0.196E+04  0.3293E+01  0.9236E-05  0.1656E-05 -0.5781E+01    0.0921  0.3193E-07
  0.1065  -0.248E+04  0.3394E+01  0.6429E-05  0.7515E-06 -0.6124E+01    0.0809  0.3325E-07
  0.1030  -0.313E+04  0.3495E+01  0.4474E-05  0.3410E-06 -0.6467E+01    0.0710  0.3444E-07
  0.0999  -0.394E+04  0.3596E+01  0.3113E-05  0.1547E-06 -0.6811E+01    0.0623  0.3550E-07
  0.0973  -0.498E+04  0.3697E+01  0.2166E-05  0.7015E-07 -0.7154E+01    0.0547  0.3644E-07
  0.0949  -0.628E+04  0.3798E+01  0.1507E-05  0.3182E-07 -0.7497E+01    0.0480  0.3727E-07
  0.0928  -0.792E+04  0.3899E+01  0.1049E-05  0.1443E-07 -0.7841E+01    0.0422  0.3800E-07
  0.0910  -0.100E+05  0.4000E+01  0.7297E-06  0.6544E-08 -0.8184E+01    0.0370  0.3862E-07
end

  0.4300  -0.100E-05 -0.6000E+01  0.0000E+00  0.7128E+03  0.2853E+01    1.0000  0.0000E+00
  0.4300  -0.126E-05 -0.5899E+01  0.0000E+00  0.7128E+03  0.2853E+01    1.0000  0.0000E+00
  0.4300  -0.159E-05 -0.5798E+01  0.0000E+00  0.7128E+03  0.2853E+01    1.0000  0.0000E+00
  0.4300  -0.201E-05 -0.5697E+01  0.0000E+00  0.7128E+03  0.2853E+01    1.0000  0.0000E+00
  0.4300  -0.254E-05 -0.5596E+01  0.0000E+00  0.7128E+03  0.2853E+01    1.0000  0.0000E+00
  0.4300  -0.320E-05 -0.5495E+01  0.0000E+00  0.7128E+03  0.2853E+01    1.0000  0.0000E+00
  0.4300  -0.404E-05 -0.5394E+01  0.0000E+00  0.7128E+03  0.2853E+01    1.0000  0.0000E+00
  0.4300  -0.509E-05 -0.5293E+01  0.0000E+00  0.7128E+03  0.2853E+01    1.0000  0.0000E+00
  0.4300  -0.643E-05 -0.5192E+01  0.0000E+00  0.7128E+03  0.2853E+01    1.0000  0.0000E+00
  0.4300  -0.811E-05 -0.5091E+01  0.0000E+00  0.7128E+03  0.2853E+01    1.0000  0.0000E+00
  0.4300  -0.102E-04 -0.4990E+01  0.0000E+00  0.7128E+03  0.2853E+01    1.0000  0.0000E+00
  0.4300  -0.129E-04 -0.4889E+01  0.0000E+00  0.7128E+03  0.2853E+01    1.0000  0.0000E+00
  0.4300  -0.163E-04 -0.4788E+01  0.0000E+00  0.7128E+03  0.2853E+01    1.0000  0.0000E+00
  0.4300  -0.206E-04 -0.4687E+01  0.4890E-10  0.7128E+03  0.2853E+01    1.0000  0.0000E+00
  0.4300  -0.260E-04 -0.4586E+01  0.7228E-10  0.7128E+03  0.2853E+01    1.0000  0.0000E+00
  0.4300  -0.327E-04 -0.4485E+01  0.1068E-09  0.7128E+03  0.2853E+01    1.0000  0.0000E+00
  0.4300  -0.413E-04 -0.4384E+01  0.1579E-09  0.7128E+03  0.2853E+01    1.0000  0.0000E+00
  0.4300  -0.521E-04 -0.4283E+01  0.2334E-09  0.7128E+03  0.2853E+01    1.0000  0.0000E+00
  0.4300  -0.658E-04 -0.4182E+01  0.3450E-09  0.7128E+03  0.2853E+01    1.0000  0.0000E+00
  0.4300  -0.830E-04 -0.4081E+01  0.5099E-09  0.7128E+03  0.2853E+01    1.0000  0.0000E+00
  0.4300  -0.105E-03 -0.3980E+01  0.7537E-09  0.7128E+03  0.2853E+01    1.0000  0.0000E+00
  0.4300  -0.132E-03 -0.3879E+01  0.1114E-08  0.7128E+03  0.2853E+01    1.0000  0.0000E+00
  0.4300  -0.167E-03 -0.3778E+01  0.1647E-08  0.7128E+03  0.2853E+01    1.0000  0.0000E+00
  0.4300  -0.210E-03 -0.3677E+01  0.2434E-08  0.7128E+03  0.2853E+01    1.0000  0.0000E+00
  0.4300  -0.266E-03 -0.3576E+01  0.3597E-08  0.7128E+03  0.2853E+01    1.0000  0.0000E+00
  0.4300  -0.335E-03 -0.3475E+01  0.5317E-08  0.7128E+03  0.2853E+01    1.0000  0.0000E+00
  0.4300  -0.423E-03 -0.3374E+01  0.7859E-08  0.7128E+03  0.2853E+01    1.0000  0.0000E+00
  0.4300  -0.534E-03 -0.3273E+01  0.1162E-07  0.7128E+03  0.2853E+01    1.0000  0.0000E+00
  0.4300  -0.673E-03 -0.3172E+01  0.1717E-07  0.7128E+03  0.2853E+01    1.0000  0.0000E+00
  0.4300  -0.850E-03 -0.3071E+01  0.2538E-07  0.7128E+03  0.2853E+01    1.0000  0.0000E+00
  0.4300  -0.107E-02 -0.2970E+01  0.3751E-07  0.7128E+03  0.2853E+01    1.0000  0.0000E+00
  0.4300  -0.135E-02 -0.2869E+01  0.5544E-07  0.7128E+03  0.2853E+01    1.0000  0.0000E+00
  0.4300  -0.171E-02 -0.2768E+01  0.8195E-07  0.7128E+03  0.2853E+01    1.0000  0.0000E+00
  0.4300  -0.215E-02 -0.2667E+01  0.1211E-06  0.7128E+03  0.2853E+01    1.0000  0.0000E+00
  0.4300  -0.272E-02 -0.2566E+01  0.1790E-06  0.7128E+03  0.2853E+01    1.0000  0.0000E+00
  0.4300  -0.343E-02 -0.2465E+01  0.2646E-06  0.7128E+03  0.2853E+01    1.0000  0.0000E+00
  0.4300  -0.433E-02 -0.2364E+01  0.3911E-06  0.7128E+03  0.2853E+01    1.0000  0.0000E+00
  0.4300  -0.546E-02 -0.2263E+01  0.5781E-06  0.7128E+03  0.2853E+01    1.0000  0.0000E+00
  0.4300  -0.689E-02 -0.2162E+01  0.8545E-06  0.7128E+03  0.2853E+01    1.0000  0.0000E+00
  0.4300  -0.870E-02 -0.2061E+01  0.1263E-05  0.7128E+03  0.2853E+01    1.0000  0.0000E+00
  0.4300  -0.110E-01 -0.1960E+01  0.1867E-05  0.7128E+03  0.2853E+01    1.0000  0.0000E+00
  0.4300  -0.138E-01 -0.1859E+01  0.2759E-05  0.7128E+03  0.2853E+01    1.0000  0.0000E+00
  0.4300  -0.175E-01 -0.1758E+01  0.4079E-05  0.7127E+03  0.2853E+01    1.0000  0.1176E-30
  0.4300  -0.221E-01 -0.1657E+01  0.6028E-05  0.7127E+03  0.2853E+01    1.0000  0.1185E-29
  0.4300  -0.278E-01 -0.1556E+01  0.8910E-05  0.7127E+03  0.2853E+01    1.0000  0.4579E-29
  0.4300  -0.351E-01 -0.1455E+01  0.1317E-04  0.7126E+03  0.2853E+01    1.0000  0.4615E-28
  0.4300  -0.443E-01 -0.1354E+01  0.1947E-04  0.7125E+03  0.2853E+01    1.0000  0.3480E-27
  0.4300  -0.559E-01 -0.1253E+01  0.2877E-04  0.7124E+03  0.2853E+01    1.0000  0.2553E-26
  0.4300  -0.705E-01 -0.1152E+01  0.4253E-04  0.7122E+03  0.2853E+01    1.0000  0.2169E-25
  0.4300  -0.890E-01 -0.1051E+01  0.6286E-04  0.7118E+03  0.2852E+01    1.0000  0.1662E-24
  0.4300  -0.112E+00 -0.9495E+00  0.9291E-04  0.7114E+03  0.2852E+01    1.0000  0.1342E-23
  0.4300  -0.142E+00 -0.8485E+00  0.1373E-03  0.7107E+03  0.2852E+01    1.0000  0.1067E-22
  0.4300  -0.179E+00 -0.7475E+00  0.2030E-03  0.7097E+03  0.2851E+01    1.0000  0.8518E-22
  0.4300  -0.226E+00 -0.6465E+00  0.3000E-03  0.7082E+03  0.2850E+01    0.9999  0.6786E-21
  0.4300  -0.285E+00 -0.5455E+00  0.4433E-03  0.7060E+03  0.2849E+01    0.9999  0.5413E-20
  0.4299  -0.359E+00 -0.4444E+00  0.6551E-03  0.7028E+03  0.2847E+01    0.9998  0.4324E-19
  0.4298  -0.453E+00 -0.3434E+00  0.9678E-03  0.6980E+03  0.2844E+01    0.9996  0.3449E-18
  0.4297  -0.572E+00 -0.2424E+00  0.1429E-02  0.6909E+03  0.2839E+01    0.9992  0.2750E-17
  0.4294  -0.722E+00 -0.1414E+00  0.2109E-02  0.6805E+03  0.2833E+01    0.9985  0.2190E-16
  0.4289  -0.911E+00 -0.4040E-01  0.3106E-02  0.6652E+03  0.2823E+01    0.9972  0.1739E-15
  0.4280  -0.115E+01  0.6061E-01  0.4563E-02  0.6429E+03  0.2808E+01    0.9949  0.1375E-14
  0.4263  -0.145E+01  0.1616E+00  0.6668E-02  0.6107E+03  0.2786E+01    0.9905  0.1077E-13
  0.4233  -0.183E+01  0.2626E+00  0.9650E-02  0.5649E+03  0.2752E+01    0.9825  0.8306E-13
  0.4177  -0.231E+01  0.3636E+00  0.1372E-01  0.5018E+03  0.2701E+01    0.9680  0.6218E-12
  0.4078  -0.292E+01  0.4646E+00  0.1892E-01  0.4191E+03  0.2622E+01    0.9423  0.4419E-11
  0.3910  -0.368E+01  0.5657E+00  0.2473E-01  0.3193E+03  0.2504E+01    0.8988  0.2872E-10
  0.3646  -0.464E+01  0.6667E+00  0.2974E-01  0.2134E+03  0.2329E+01    0.8300  0.1618E-09
  0.3268  -0.586E+01  0.7677E+00  0.3170E-01  0.1201E+03  0.2080E+01    0.7319  0.7395E-09
  0.2796  -0.739E+01  0.8687E+00  0.2913E-01  0.5539E+02  0.1743E+01    0.6094  0.2592E-08
  0.2291  -0.933E+01  0.9697E+00  0.2294E-01  0.2096E+02  0.1321E+01    0.4781  0.6807E-08
  0.1822  -0.118E+02  0.1071E+01  0.1581E-01  0.6714E+01  0.8270E+00    0.3563  0.1370E-07
  0.1434  -0.148E+02  0.1172E+01  0.9871E-02  0.1907E+01  0.2803E+00    0.2556  0.2223E-07
  0.1139  -0.187E+02  0.1273E+01  0.5779E-02  0.5011E+00 -0.3001E+00    0.1789  0.3083E-07
  0.0925  -0.236E+02  0.1374E+01  0.3255E-02  0.1257E+00 -0.9008E+00    0.1234  0.3835E-07
  0.0775  -0.298E+02  0.1475E+01  0.1793E-02  0.3069E-01 -0.1513E+01    0.0843  0.4434E-07
  0.0671  -0.376E+02  0.1576E+01  0.9755E-03  0.7384E-02 -0.2132E+01    0.0574  0.4884E-07
  0.0600  -0.475E+02  0.1677E+01  0.5272E-03  0.1762E-02 -0.2754E+01    0.0389  0.5210E-07
  0.0552  -0.599E+02  0.1778E+01  0.2838E-03  0.4188E-03 -0.3378E+01    0.0264  0.5440E-07
  0.0519  -0.756E+02  0.1879E+01  0.1525E-03  0.9931E-04 -0.4003E+01    0.0179  0.5601E-07
  0.0497  -0.955E+02  0.1980E+01  0.8188E-04  0.2352E-04 -0.4629E+01    0.0121  0.5711E-07
  0.0482  -0.120E+03  0.2081E+01  0.4393E-04  0.5565E-05 -0.5255E+01    0.0082  0.5787E-07
  0.0471  -0.152E+03  0.2182E+01  0.2356E-04  0.1316E-05 -0.5881E+01    0.0055  0.5838E-07
  0.0464  -0.192E+03  0.2283E+01  0.1264E-04  0.3113E-06 -0.6507E+01    0.0037  0.5873E-07
  0.0460  -0.242E+03  0.2384E+01  0.6775E-05  0.7362E-07 -0.7133E+01    0.0025  0.5897E-07
  0.0457  -0.305E+03  0.2485E+01  0.3633E-05  0.1741E-07 -0.7759E+01    0.0017  0.5913E-07
  0.0454  -0.385E+03  0.2586E+01  0.1948E-05  0.4116E-08 -0.8386E+01    0.0012  0.5923E-07
  0.0453  -0.486E+03  0.2687E+01  0.1044E-05  0.9733E-09 -0.9012E+01    0.0008  0.5930E-07
  0.0452  -0.614E+03  0.2788E+01  0.5600E-06  0.2301E-09 -0.9638E+01    0.0005  0.5935E-07
  0.0451  -0.774E+03  0.2889E+01  0.3002E-06  0.5442E-10 -0.1026E+02    0.0004  0.5937E-07
  0.0451  -0.977E+03  0.2990E+01  0.1610E-06  0.1287E-10 -0.1089E+02    0.0002  0.5939E-07
  0.0451  -0.123E+04  0.3091E+01  0.8630E-07  0.3042E-11 -0.1152E+02    0.0002  0.5939E-07
  0.0450  -0.156E+04  0.3192E+01  0.4627E-07  0.7193E-12 -0.1214E+02    0.0001  0.5939E-07
  0.0450  -0.196E+04  0.3293E+01  0.2481E-07  0.1701E-12 -0.1277E+02    0.0001  0.5938E-07
  0.0450  -0.248E+04  0.3394E+01  0.1330E-07  0.4022E-13 -0.1340E+02    0.0001  0.5936E-07
  0.0450  -0.313E+04  0.3495E+01  0.7132E-08  0.9509E-14 -0.1402E+02    0.0000  0.5934E-07
  0.0450  -0.394E+04  0.3596E+01  0.3824E-08  0.2248E-14 -0.1465E+02    0.0000  0.5930E-07
  0.0450  -0.498E+04  0.3697E+01  0.2050E-08  0.5316E-15 -0.1527E+02    0.0000  0.5926E-07
  0.0450  -0.628E+04  0.3798E+01  0.1099E-08  0.1257E-15 -0.1590E+02    0.0000  0.5921E-07
  0.0450  -0.792E+04  0.3899E+01  0.5894E-09  0.2972E-16 -0.1653E+02    0.0000  0.5914E-07
  0.0450  -0.100E+05  0.4000E+01  0.3160E-09  0.7028E-17 -0.1715E+02    0.0000  0.5905E-07
end
