 ******* Program HYDRUS
 ******* Pluie 10 cm/j pendant 0.5 j sur un loam sans croûte                    
 Date:   0. 0.    Time: 512:**:**
 Units: L = cm   , T = days , M = g    

----------------------------------------------------------
 Time       [T]        0.0000
----------------------------------------------------------
 Sub-region num.                     1
----------------------------------------------------------
 Area     [L]        0.10000E+03  0.10000E+03
 W-volume [L]        0.17021E+02  0.17021E+02
 In-flow  [L/T]      0.00000E+00  0.00000E+00
 h Mean   [L]       -0.30000E+03 -0.30000E+03
 Top Flux [L/T]     -0.98391E-03
 Bot Flux [L/T]     -0.98391E-03
----------------------------------------------------------

----------------------------------------------------------
 Time       [T]        0.0500
----------------------------------------------------------
 Sub-region num.                     1
----------------------------------------------------------
 Area     [L]        0.10000E+03  0.10000E+03
 W-volume [L]        0.17521E+02  0.17521E+02
 In-flow  [L/T]      0.99990E+01  0.99990E+01
 h Mean   [L]       -0.29019E+03 -0.29019E+03
 Top Flux [L/T]     -0.96059E+01
 Bot Flux [L/T]     -0.98391E-03
 WatBalT  [L]        0.16093E-05
 WatBalR  [%]              0.000
----------------------------------------------------------

----------------------------------------------------------
 Time       [T]        0.1000
----------------------------------------------------------
 Sub-region num.                     1
----------------------------------------------------------
 Area     [L]        0.10000E+03  0.10000E+03
 W-volume [L]        0.18021E+02  0.18021E+02
 In-flow  [L/T]      0.99990E+01  0.99990E+01
 h Mean   [L]       -0.28297E+03 -0.28297E+03
 Top Flux [L/T]     -0.98232E+01
 Bot Flux [L/T]     -0.98391E-03
 WatBalT  [L]        0.50068E-05
 WatBalR  [%]              0.001
----------------------------------------------------------

----------------------------------------------------------
 Time       [T]        0.1500
----------------------------------------------------------
 Sub-region num.                     1
----------------------------------------------------------
 Area     [L]        0.10000E+03  0.10000E+03
 W-volume [L]        0.18521E+02  0.18521E+02
 In-flow  [L/T]      0.99990E+01  0.99990E+01
 h Mean   [L]       -0.27632E+03 -0.27632E+03
 Top Flux [L/T]     -0.98993E+01
 Bot Flux [L/T]     -0.98391E-03
 WatBalT  [L]        0.64373E-05
 WatBalR  [%]              0.000
----------------------------------------------------------

----------------------------------------------------------
 Time       [T]        0.2000
----------------------------------------------------------
 Sub-region num.                     1
----------------------------------------------------------
 Area     [L]        0.10000E+03  0.10000E+03
 W-volume [L]        0.19021E+02  0.19021E+02
 In-flow  [L/T]      0.99990E+01  0.99990E+01
 h Mean   [L]       -0.26995E+03 -0.26995E+03
 Top Flux [L/T]     -0.99380E+01
 Bot Flux [L/T]     -0.98391E-03
 WatBalT  [L]        0.97752E-05
 WatBalR  [%]              0.000
----------------------------------------------------------

----------------------------------------------------------
 Time       [T]        0.2500
----------------------------------------------------------
 Sub-region num.                     1
----------------------------------------------------------
 Area     [L]        0.10000E+03  0.10000E+03
 W-volume [L]        0.19521E+02  0.19521E+02
 In-flow  [L/T]      0.99990E+01  0.99990E+01
 h Mean   [L]       -0.26371E+03 -0.26371E+03
 Top Flux [L/T]     -0.99604E+01
 Bot Flux [L/T]     -0.98391E-03
 WatBalT  [L]        0.13113E-04
 WatBalR  [%]              0.001
----------------------------------------------------------

----------------------------------------------------------
 Time       [T]        0.3000
----------------------------------------------------------
 Sub-region num.                     1
----------------------------------------------------------
 Area     [L]        0.10000E+03  0.10000E+03
 W-volume [L]        0.20021E+02  0.20021E+02
 In-flow  [L/T]      0.99990E+01  0.99990E+01
 h Mean   [L]       -0.25753E+03 -0.25753E+03
 Top Flux [L/T]     -0.99720E+01
 Bot Flux [L/T]     -0.98391E-03
 WatBalT  [L]        0.16212E-04
 WatBalR  [%]              0.001
----------------------------------------------------------

----------------------------------------------------------
 Time       [T]        0.3500
----------------------------------------------------------
 Sub-region num.                     1
----------------------------------------------------------
 Area     [L]        0.10000E+03  0.10000E+03
 W-volume [L]        0.20521E+02  0.20521E+02
 In-flow  [L/T]      0.99990E+01  0.99990E+01
 h Mean   [L]       -0.25147E+03 -0.25147E+03
 Top Flux [L/T]     -0.99797E+01
 Bot Flux [L/T]     -0.98391E-03
 WatBalT  [L]        0.18597E-04
 WatBalR  [%]              0.001
----------------------------------------------------------

----------------------------------------------------------
 Time       [T]        0.4000
----------------------------------------------------------
 Sub-region num.                     1
----------------------------------------------------------
 Area     [L]        0.10000E+03  0.10000E+03
 W-volume [L]        0.21021E+02  0.21021E+02
 In-flow  [L/T]      0.99990E+01  0.99990E+01
 h Mean   [L]       -0.24546E+03 -0.24546E+03
 Top Flux [L/T]     -0.99857E+01
 Bot Flux [L/T]     -0.98391E-03
 WatBalT  [L]        0.22888E-04
 WatBalR  [%]              0.001
----------------------------------------------------------

----------------------------------------------------------
 Time       [T]        0.4500
----------------------------------------------------------
 Sub-region num.                     1
----------------------------------------------------------
 Area     [L]        0.10000E+03  0.10000E+03
 W-volume [L]        0.21521E+02  0.21521E+02
 In-flow  [L/T]      0.99990E+01  0.99990E+01
 h Mean   [L]       -0.23948E+03 -0.23948E+03
 Top Flux [L/T]     -0.99891E+01
 Bot Flux [L/T]     -0.98391E-03
 WatBalT  [L]        0.26703E-04
 WatBalR  [%]              0.001
----------------------------------------------------------

----------------------------------------------------------
 Time       [T]        0.5000
----------------------------------------------------------
 Sub-region num.                     1
----------------------------------------------------------
 Area     [L]        0.10000E+03  0.10000E+03
 W-volume [L]        0.22021E+02  0.22021E+02
 In-flow  [L/T]      0.99990E+01  0.99990E+01
 h Mean   [L]       -0.23353E+03 -0.23353E+03
 Top Flux [L/T]     -0.99915E+01
 Bot Flux [L/T]     -0.98391E-03
 WatBalT  [L]        0.30518E-04
 WatBalR  [%]              0.001
----------------------------------------------------------

----------------------------------------------------------
 Time       [T]        0.5500
----------------------------------------------------------
 Sub-region num.                     1
----------------------------------------------------------
 Area     [L]        0.10000E+03  0.10000E+03
 W-volume [L]        0.22021E+02  0.22021E+02
 In-flow  [L/T]     -0.96606E-03 -0.96606E-03
 h Mean   [L]       -0.22938E+03 -0.22938E+03
 Top Flux [L/T]     -0.18528E+00
 Bot Flux [L/T]     -0.98391E-03
 WatBalT  [L]        0.34332E-04
 WatBalR  [%]              0.001
----------------------------------------------------------

----------------------------------------------------------
 Time       [T]        0.6000
----------------------------------------------------------
 Sub-region num.                     1
----------------------------------------------------------
 Area     [L]        0.10000E+03  0.10000E+03
 W-volume [L]        0.22021E+02  0.22021E+02
 In-flow  [L/T]     -0.10024E-02 -0.10024E-02
 h Mean   [L]       -0.22600E+03 -0.22600E+03
 Top Flux [L/T]     -0.11455E+00
 Bot Flux [L/T]     -0.98391E-03
 WatBalT  [L]        0.35763E-04
 WatBalR  [%]              0.001
----------------------------------------------------------

----------------------------------------------------------
 Time       [T]        0.6500
----------------------------------------------------------
 Sub-region num.                     1
----------------------------------------------------------
 Area     [L]        0.10000E+03  0.10000E+03
 W-volume [L]        0.22021E+02  0.22021E+02
 In-flow  [L/T]     -0.99048E-03 -0.99048E-03
 h Mean   [L]       -0.22331E+03 -0.22331E+03
 Top Flux [L/T]     -0.81728E-01
 Bot Flux [L/T]     -0.98391E-03
 WatBalT  [L]        0.33855E-04
 WatBalR  [%]              0.001
----------------------------------------------------------

----------------------------------------------------------
 Time       [T]        0.7000
----------------------------------------------------------
 Sub-region num.                     1
----------------------------------------------------------
 Area     [L]        0.10000E+03  0.10000E+03
 W-volume [L]        0.22021E+02  0.22021E+02
 In-flow  [L/T]     -0.98222E-03 -0.98222E-03
 h Mean   [L]       -0.22107E+03 -0.22107E+03
 Top Flux [L/T]     -0.66110E-01
 Bot Flux [L/T]     -0.98391E-03
 WatBalT  [L]        0.34332E-04
 WatBalR  [%]              0.001
----------------------------------------------------------

----------------------------------------------------------
 Time       [T]        0.7500
----------------------------------------------------------
 Sub-region num.                     1
----------------------------------------------------------
 Area     [L]        0.10000E+03  0.10000E+03
 W-volume [L]        0.22021E+02  0.22021E+02
 In-flow  [L/T]     -0.98407E-03 -0.98407E-03
 h Mean   [L]       -0.21914E+03 -0.21914E+03
 Top Flux [L/T]     -0.51019E-01
 Bot Flux [L/T]     -0.98391E-03
 WatBalT  [L]        0.34809E-04
 WatBalR  [%]              0.001
----------------------------------------------------------

----------------------------------------------------------
 Time       [T]        0.8000
----------------------------------------------------------
 Sub-region num.                     1
----------------------------------------------------------
 Area     [L]        0.10000E+03  0.10000E+03
 W-volume [L]        0.22021E+02  0.22021E+02
 In-flow  [L/T]     -0.99235E-03 -0.99235E-03
 h Mean   [L]       -0.21743E+03 -0.21743E+03
 Top Flux [L/T]     -0.44837E-01
 Bot Flux [L/T]     -0.98391E-03
 WatBalT  [L]        0.35286E-04
 WatBalR  [%]              0.001
----------------------------------------------------------

----------------------------------------------------------
 Time       [T]        0.8500
----------------------------------------------------------
 Sub-region num.                     1
----------------------------------------------------------
 Area     [L]        0.10000E+03  0.10000E+03
 W-volume [L]        0.22020E+02  0.22020E+02
 In-flow  [L/T]     -0.96106E-03 -0.96106E-03
 h Mean   [L]       -0.21590E+03 -0.21590E+03
 Top Flux [L/T]     -0.39689E-01
 Bot Flux [L/T]     -0.98391E-03
 WatBalT  [L]        0.35763E-04
 WatBalR  [%]              0.001
----------------------------------------------------------

----------------------------------------------------------
 Time       [T]        0.9000
----------------------------------------------------------
 Sub-region num.                     1
----------------------------------------------------------
 Area     [L]        0.10000E+03  0.10000E+03
 W-volume [L]        0.22020E+02  0.22020E+02
 In-flow  [L/T]     -0.98344E-03 -0.98344E-03
 h Mean   [L]       -0.21450E+03 -0.21450E+03
 Top Flux [L/T]     -0.35987E-01
 Bot Flux [L/T]     -0.98391E-03
 WatBalT  [L]        0.36240E-04
 WatBalR  [%]              0.001
----------------------------------------------------------

----------------------------------------------------------
 Time       [T]        0.9500
----------------------------------------------------------
 Sub-region num.                     1
----------------------------------------------------------
 Area     [L]        0.10000E+03  0.10000E+03
 W-volume [L]        0.22020E+02  0.22020E+02
 In-flow  [L/T]     -0.10013E-02 -0.10013E-02
 h Mean   [L]       -0.21325E+03 -0.21325E+03
 Top Flux [L/T]     -0.28528E-01
 Bot Flux [L/T]     -0.98391E-03
 WatBalT  [L]        0.40531E-04
 WatBalR  [%]              0.001
----------------------------------------------------------

----------------------------------------------------------
 Time       [T]        1.0000
----------------------------------------------------------
 Sub-region num.                     1
----------------------------------------------------------
 Area     [L]        0.10000E+03  0.10000E+03
 W-volume [L]        0.22020E+02  0.22020E+02
 In-flow  [L/T]     -0.98049E-03 -0.98049E-03
 h Mean   [L]       -0.21206E+03 -0.21206E+03
 Top Flux [L/T]     -0.26375E-01
 Bot Flux [L/T]     -0.98391E-03
 WatBalT  [L]        0.39101E-04
 WatBalR  [%]              0.001
----------------------------------------------------------

 Calculation time [sec]   2151936035.0000000     
