 ******* Program HYDRUS
 ******* Pluie 10 cm/j pendant 0.5 j sur un loam sans croûte                    
 Date:   0. 0.    Time: 512:**:**
 Units: L = cm   , T = days , M = g    



                               Node(  3)                      Node( 11)                      Node( 31)

         time         h        theta    Temp         h        theta    Temp         h        theta    Temp   
          0.0000     -300.00  0.1702   20.000       -300.00  0.1702   20.000       -300.00  0.1702   20.000
          0.0000     -300.00  0.1702   20.000       -300.00  0.1702   20.000       -300.00  0.1702   20.000
          0.0000     -300.00  0.1702   20.000       -300.00  0.1702   20.000       -300.00  0.1702   20.000
          0.0000     -300.00  0.1702   20.000       -300.00  0.1702   20.000       -300.00  0.1702   20.000
          0.0001     -300.00  0.1702   20.000       -300.00  0.1702   20.000       -300.00  0.1702   20.000
          0.0001     -300.00  0.1702   20.000       -300.00  0.1702   20.000       -300.00  0.1702   20.000
          0.0001     -300.00  0.1702   20.000       -300.00  0.1702   20.000       -300.00  0.1702   20.000
          0.0002     -300.00  0.1702   20.000       -300.00  0.1702   20.000       -300.00  0.1702   20.000
          0.0002     -300.00  0.1702   20.000       -300.00  0.1702   20.000       -300.00  0.1702   20.000
          0.0003     -300.00  0.1702   20.000       -300.00  0.1702   20.000       -300.00  0.1702   20.000
          0.0004     -300.00  0.1702   20.000       -300.00  0.1702   20.000       -300.00  0.1702   20.000
          0.0006     -300.00  0.1702   20.000       -300.00  0.1702   20.000       -300.00  0.1702   20.000
          0.0008     -300.00  0.1702   20.000       -300.00  0.1702   20.000       -300.00  0.1702   20.000
          0.0009     -300.00  0.1702   20.000       -300.00  0.1702   20.000       -300.00  0.1702   20.000
          0.0012     -300.00  0.1702   20.000       -300.00  0.1702   20.000       -300.00  0.1702   20.000
          0.0015     -300.00  0.1702   20.000       -300.00  0.1702   20.000       -300.00  0.1702   20.000
          0.0018     -299.99  0.1702   20.000       -300.00  0.1702   20.000       -300.00  0.1702   20.000
          0.0021     -299.99  0.1702   20.000       -300.00  0.1702   20.000       -300.00  0.1702   20.000
          0.0025     -299.98  0.1702   20.000       -300.00  0.1702   20.000       -300.00  0.1702   20.000
          0.0029     -299.96  0.1702   20.000       -300.00  0.1702   20.000       -300.00  0.1702   20.000
          0.0034     -299.92  0.1702   20.000       -300.00  0.1702   20.000       -300.00  0.1702   20.000
          0.0039     -299.85  0.1702   20.000       -300.00  0.1702   20.000       -300.00  0.1702   20.000
          0.0044     -299.75  0.1703   20.000       -300.00  0.1702   20.000       -300.00  0.1702   20.000
          0.0049     -299.60  0.1703   20.000       -300.00  0.1702   20.000       -300.00  0.1702   20.000
          0.0054     -299.38  0.1703   20.000       -300.00  0.1702   20.000       -300.00  0.1702   20.000
          0.0061     -298.98  0.1704   20.000       -300.00  0.1702   20.000       -300.00  0.1702   20.000
          0.0068     -298.39  0.1705   20.000       -300.00  0.1702   20.000       -300.00  0.1702   20.000
          0.0074     -297.57  0.1707   20.000       -300.00  0.1702   20.000       -300.00  0.1702   20.000
          0.0081     -296.44  0.1709   20.000       -300.00  0.1702   20.000       -300.00  0.1702   20.000
          0.0087     -294.90  0.1712   20.000       -300.00  0.1702   20.000       -300.00  0.1702   20.000
          0.0094     -292.85  0.1716   20.000       -300.00  0.1702   20.000       -300.00  0.1702   20.000
          0.0103     -289.34  0.1723   20.000       -300.00  0.1702   20.000       -300.00  0.1702   20.000
          0.0111     -284.50  0.1732   20.000       -300.00  0.1702   20.000       -300.00  0.1702   20.000
          0.0120     -278.36  0.1744   20.000       -300.00  0.1702   20.000       -300.00  0.1702   20.000
          0.0131     -267.65  0.1765   20.000       -300.00  0.1702   20.000       -300.00  0.1702   20.000
          0.0143     -254.19  0.1791   20.000       -300.00  0.1702   20.000       -300.00  0.1702   20.000
          0.0154     -239.58  0.1821   20.000       -300.00  0.1702   20.000       -300.00  0.1702   20.000
          0.0165     -226.30  0.1858   20.000       -300.00  0.1702   20.000       -300.00  0.1702   20.000
          0.0176     -211.21  0.1899   20.000       -300.00  0.1702   20.000       -300.00  0.1702   20.000
          0.0188     -195.13  0.1943   20.000       -300.00  0.1702   20.000       -300.00  0.1702   20.000
          0.0202     -178.25  0.2005   20.000       -300.00  0.1702   20.000       -300.00  0.1702   20.000
          0.0217     -161.19  0.2071   20.000       -300.00  0.1702   20.000       -300.00  0.1702   20.000
          0.0231     -146.18  0.2137   20.000       -300.00  0.1702   20.000       -300.00  0.1702   20.000
          0.0246     -133.97  0.2203   20.000       -300.00  0.1702   20.000       -300.00  0.1702   20.000
          0.0261     -122.18  0.2266   20.000       -300.00  0.1702   20.000       -300.00  0.1702   20.000
          0.0275     -113.07  0.2330   20.000       -300.00  0.1702   20.000       -300.00  0.1702   20.000
          0.0290     -104.73  0.2391   20.000       -300.00  0.1702   20.000       -300.00  0.1702   20.000
          0.0305      -96.95  0.2448   20.000       -300.00  0.1702   20.000       -300.00  0.1702   20.000
          0.0324      -89.37  0.2520   20.000       -300.00  0.1702   20.000       -300.00  0.1702   20.000
          0.0344      -82.56  0.2587   20.000       -300.00  0.1702   20.000       -300.00  0.1702   20.000
          0.0363      -76.05  0.2652   20.000       -300.00  0.1702   20.000       -300.00  0.1702   20.000
          0.0383      -71.24  0.2714   20.000       -300.00  0.1702   20.000       -300.00  0.1702   20.000
          0.0402      -66.86  0.2771   20.000       -300.00  0.1702   20.000       -300.00  0.1702   20.000
          0.0422      -62.68  0.2826   20.000       -300.00  0.1702   20.000       -300.00  0.1702   20.000
          0.0441      -59.12  0.2876   20.000       -300.00  0.1702   20.000       -300.00  0.1702   20.000
          0.0461      -56.22  0.2924   20.000       -300.00  0.1702   20.000       -300.00  0.1702   20.000
          0.0480      -53.38  0.2972   20.000       -300.00  0.1702   20.000       -300.00  0.1702   20.000
          0.0500      -50.83  0.3015   20.000       -300.00  0.1702   20.000       -300.00  0.1702   20.000
          0.0519      -48.53  0.3053   20.000       -300.00  0.1702   20.000       -300.00  0.1702   20.000
          0.0538      -46.52  0.3091   20.000       -300.00  0.1702   20.000       -300.00  0.1702   20.000
          0.0557      -44.84  0.3126   20.000       -300.00  0.1702   20.000       -300.00  0.1702   20.000
          0.0576      -43.29  0.3158   20.000       -300.00  0.1702   20.000       -300.00  0.1702   20.000
          0.0595      -41.81  0.3189   20.000       -300.00  0.1702   20.000       -300.00  0.1702   20.000
          0.0620      -39.88  0.3229   20.000       -300.00  0.1702   20.000       -300.00  0.1702   20.000
          0.0644      -38.14  0.3265   20.000       -300.00  0.1702   20.000       -300.00  0.1702   20.000
          0.0669      -36.71  0.3299   20.000       -300.00  0.1702   20.000       -300.00  0.1702   20.000
          0.0694      -35.42  0.3331   20.000       -300.00  0.1702   20.000       -300.00  0.1702   20.000
          0.0719      -34.15  0.3362   20.000       -300.00  0.1702   20.000       -300.00  0.1702   20.000
          0.0743      -32.99  0.3391   20.000       -300.00  0.1702   20.000       -300.00  0.1702   20.000
          0.0769      -31.92  0.3417   20.000       -300.00  0.1702   20.000       -300.00  0.1702   20.000
          0.0795      -30.91  0.3442   20.000       -300.00  0.1702   20.000       -300.00  0.1702   20.000
          0.0829      -29.60  0.3475   20.000       -300.00  0.1702   20.000       -300.00  0.1702   20.000
          0.0863      -28.44  0.3508   20.000       -300.00  0.1702   20.000       -300.00  0.1702   20.000
          0.0897      -27.45  0.3536   20.000       -300.00  0.1702   20.000       -300.00  0.1702   20.000
          0.0932      -26.52  0.3562   20.000       -300.00  0.1702   20.000       -300.00  0.1702   20.000
          0.0966      -25.65  0.3587   20.000       -300.00  0.1702   20.000       -300.00  0.1702   20.000
          0.1000      -24.82  0.3610   20.000       -300.00  0.1702   20.000       -300.00  0.1702   20.000
          0.1032      -24.06  0.3632   20.000       -299.99  0.1702   20.000       -300.00  0.1702   20.000
          0.1064      -23.36  0.3652   20.000       -299.99  0.1702   20.000       -300.00  0.1702   20.000
          0.1096      -22.75  0.3670   20.000       -299.98  0.1702   20.000       -300.00  0.1702   20.000
          0.1128      -22.19  0.3688   20.000       -299.96  0.1702   20.000       -300.00  0.1702   20.000
          0.1161      -21.65  0.3704   20.000       -299.93  0.1702   20.000       -300.00  0.1702   20.000
          0.1193      -21.13  0.3720   20.000       -299.88  0.1702   20.000       -300.00  0.1702   20.000
          0.1223      -20.64  0.3735   20.000       -299.80  0.1703   20.000       -300.00  0.1702   20.000
          0.1254      -20.15  0.3750   20.000       -299.68  0.1703   20.000       -300.00  0.1702   20.000
          0.1285      -19.67  0.3765   20.000       -299.49  0.1703   20.000       -300.00  0.1702   20.000
          0.1316      -19.25  0.3778   20.000       -299.17  0.1704   20.000       -300.00  0.1702   20.000
          0.1346      -18.86  0.3790   20.000       -298.67  0.1705   20.000       -300.00  0.1702   20.000
          0.1377      -18.51  0.3801   20.000       -297.88  0.1706   20.000       -300.00  0.1702   20.000
          0.1408      -18.17  0.3812   20.000       -296.65  0.1709   20.000       -300.00  0.1702   20.000
          0.1439      -17.84  0.3823   20.000       -294.74  0.1712   20.000       -300.00  0.1702   20.000
          0.1469      -17.51  0.3833   20.000       -291.87  0.1718   20.000       -300.00  0.1702   20.000
          0.1500      -17.17  0.3844   20.000       -287.62  0.1726   20.000       -300.00  0.1702   20.000
          0.1532      -16.83  0.3855   20.000       -280.80  0.1739   20.000       -300.00  0.1702   20.000
          0.1564      -16.51  0.3865   20.000       -271.29  0.1758   20.000       -300.00  0.1702   20.000
          0.1596      -16.21  0.3875   20.000       -257.80  0.1784   20.000       -300.00  0.1702   20.000
          0.1628      -15.93  0.3884   20.000       -240.97  0.1818   20.000       -300.00  0.1702   20.000
          0.1661      -15.67  0.3892   20.000       -224.92  0.1862   20.000       -300.00  0.1702   20.000
          0.1693      -15.42  0.3900   20.000       -205.98  0.1914   20.000       -300.00  0.1702   20.000
          0.1723      -15.18  0.3908   20.000       -187.65  0.1969   20.000       -300.00  0.1702   20.000
          0.1754      -14.93  0.3916   20.000       -171.16  0.2032   20.000       -300.00  0.1702   20.000
          0.1785      -14.70  0.3923   20.000       -154.09  0.2098   20.000       -300.00  0.1702   20.000
          0.1816      -14.47  0.3931   20.000       -141.04  0.2165   20.000       -300.00  0.1702   20.000
          0.1846      -14.26  0.3938   20.000       -127.98  0.2235   20.000       -300.00  0.1702   20.000
          0.1877      -14.06  0.3944   20.000       -116.54  0.2304   20.000       -300.00  0.1702   20.000
          0.1908      -13.87  0.3950   20.000       -107.37  0.2371   20.000       -300.00  0.1702   20.000
          0.1939      -13.68  0.3956   20.000        -98.39  0.2438   20.000       -300.00  0.1702   20.000
          0.1969      -13.49  0.3962   20.000        -91.09  0.2503   20.000       -300.00  0.1702   20.000
          0.2000      -13.30  0.3969   20.000        -84.72  0.2566   20.000       -300.00  0.1702   20.000
          0.2032      -13.11  0.3975   20.000        -78.39  0.2629   20.000       -300.00  0.1702   20.000
          0.2064      -12.93  0.3981   20.000        -73.19  0.2688   20.000       -300.00  0.1702   20.000
          0.2096      -12.75  0.3986   20.000        -68.51  0.2749   20.000       -300.00  0.1702   20.000
          0.2128      -12.59  0.3992   20.000        -64.17  0.2806   20.000       -300.00  0.1702   20.000
          0.2161      -12.43  0.3997   20.000        -60.03  0.2861   20.000       -300.00  0.1702   20.000
          0.2193      -12.27  0.4002   20.000        -56.94  0.2912   20.000       -300.00  0.1702   20.000
          0.2223      -12.12  0.4007   20.000        -54.25  0.2957   20.000       -300.00  0.1702   20.000
          0.2254      -11.97  0.4011   20.000        -51.61  0.3002   20.000       -300.00  0.1702   20.000
          0.2285      -11.83  0.4016   20.000        -48.98  0.3046   20.000       -300.00  0.1702   20.000
          0.2316      -11.69  0.4020   20.000        -46.76  0.3086   20.000       -300.00  0.1702   20.000
          0.2346      -11.56  0.4025   20.000        -44.88  0.3125   20.000       -300.00  0.1702   20.000
          0.2377      -11.43  0.4029   20.000        -43.03  0.3164   20.000       -300.00  0.1702   20.000
          0.2408      -11.30  0.4033   20.000        -41.27  0.3200   20.000       -300.00  0.1702   20.000
          0.2439      -11.18  0.4036   20.000        -39.74  0.3232   20.000       -300.00  0.1702   20.000
          0.2469      -11.06  0.4040   20.000        -38.29  0.3262   20.000       -300.00  0.1702   20.000
          0.2500      -10.94  0.4044   20.000        -36.93  0.3293   20.000       -300.00  0.1702   20.000
          0.2532      -10.82  0.4048   20.000        -35.59  0.3326   20.000       -300.00  0.1702   20.000
          0.2564      -10.70  0.4052   20.000        -34.38  0.3356   20.000       -300.00  0.1702   20.000
          0.2596      -10.58  0.4055   20.000        -33.28  0.3384   20.000       -300.00  0.1702   20.000
          0.2628      -10.48  0.4059   20.000        -32.20  0.3410   20.000       -300.00  0.1702   20.000
          0.2670      -10.34  0.4063   20.000        -30.90  0.3442   20.000       -300.00  0.1702   20.000
          0.2711      -10.21  0.4067   20.000        -29.67  0.3473   20.000       -300.00  0.1702   20.000
          0.2752      -10.08  0.4071   20.000        -28.63  0.3503   20.000       -300.00  0.1702   20.000
          0.2794       -9.95  0.4075   20.000        -27.66  0.3530   20.000       -300.00  0.1702   20.000
          0.2835       -9.82  0.4079   20.000        -26.74  0.3556   20.000       -300.00  0.1702   20.000
          0.2876       -9.70  0.4083   20.000        -25.85  0.3581   20.000       -300.00  0.1702   20.000
          0.2917       -9.59  0.4086   20.000        -24.98  0.3606   20.000       -300.00  0.1702   20.000
          0.2959       -9.48  0.4090   20.000        -24.15  0.3629   20.000       -300.00  0.1702   20.000
          0.3000       -9.37  0.4093   20.000        -23.44  0.3649   20.000       -300.00  0.1702   20.000
          0.3042       -9.26  0.4097   20.000        -22.80  0.3669   20.000       -300.00  0.1702   20.000
          0.3084       -9.15  0.4100   20.000        -22.19  0.3688   20.000       -300.00  0.1702   20.000
          0.3125       -9.05  0.4103   20.000        -21.58  0.3707   20.000       -300.00  0.1702   20.000
          0.3167       -8.95  0.4106   20.000        -20.96  0.3725   20.000       -300.00  0.1702   20.000
          0.3208       -8.86  0.4109   20.000        -20.36  0.3744   20.000       -300.00  0.1702   20.000
          0.3250       -8.76  0.4111   20.000        -19.83  0.3760   20.000       -300.00  0.1702   20.000
          0.3292       -8.67  0.4114   20.000        -19.36  0.3775   20.000       -300.00  0.1702   20.000
          0.3333       -8.58  0.4117   20.000        -18.91  0.3789   20.000       -300.00  0.1702   20.000
          0.3375       -8.50  0.4119   20.000        -18.47  0.3803   20.000       -300.00  0.1702   20.000
          0.3417       -8.41  0.4122   20.000        -18.03  0.3816   20.000       -300.00  0.1702   20.000
          0.3458       -8.33  0.4124   20.000        -17.61  0.3830   20.000       -300.00  0.1702   20.000
          0.3500       -8.26  0.4127   20.000        -17.21  0.3843   20.000       -300.00  0.1702   20.000
          0.3542       -8.18  0.4129   20.000        -16.84  0.3855   20.000       -300.00  0.1702   20.000
          0.3584       -8.10  0.4131   20.000        -16.48  0.3866   20.000       -300.00  0.1702   20.000
          0.3625       -8.03  0.4133   20.000        -16.14  0.3877   20.000       -300.00  0.1702   20.000
          0.3667       -7.96  0.4136   20.000        -15.81  0.3888   20.000       -300.00  0.1702   20.000
          0.3708       -7.89  0.4138   20.000        -15.48  0.3898   20.000       -300.00  0.1702   20.000
          0.3750       -7.82  0.4140   20.000        -15.17  0.3908   20.000       -300.00  0.1702   20.000
          0.3792       -7.75  0.4142   20.000        -14.88  0.3918   20.000       -300.00  0.1702   20.000
          0.3833       -7.68  0.4144   20.000        -14.60  0.3927   20.000       -300.00  0.1702   20.000
          0.3875       -7.62  0.4146   20.000        -14.33  0.3935   20.000       -300.00  0.1702   20.000
          0.3917       -7.56  0.4147   20.000        -14.07  0.3944   20.000       -300.00  0.1702   20.000
          0.3958       -7.50  0.4149   20.000        -13.82  0.3952   20.000       -300.00  0.1702   20.000
          0.4000       -7.44  0.4151   20.000        -13.57  0.3960   20.000       -300.00  0.1702   20.000
          0.4042       -7.38  0.4153   20.000        -13.33  0.3968   20.000       -300.00  0.1702   20.000
          0.4084       -7.32  0.4154   20.000        -13.11  0.3975   20.000       -300.00  0.1702   20.000
          0.4125       -7.27  0.4156   20.000        -12.90  0.3982   20.000       -300.00  0.1702   20.000
          0.4167       -7.21  0.4157   20.000        -12.69  0.3988   20.000       -300.00  0.1702   20.000
          0.4208       -7.16  0.4159   20.000        -12.48  0.3995   20.000       -300.00  0.1702   20.000
          0.4250       -7.11  0.4160   20.000        -12.28  0.4001   20.000       -300.00  0.1702   20.000
          0.4292       -7.06  0.4162   20.000        -12.09  0.4008   20.000       -300.00  0.1702   20.000
          0.4333       -7.01  0.4163   20.000        -11.90  0.4014   20.000       -300.00  0.1702   20.000
          0.4375       -6.96  0.4164   20.000        -11.72  0.4019   20.000       -300.00  0.1702   20.000
          0.4417       -6.92  0.4166   20.000        -11.55  0.4025   20.000       -300.00  0.1702   20.000
          0.4458       -6.87  0.4167   20.000        -11.38  0.4030   20.000       -300.00  0.1702   20.000
          0.4500       -6.83  0.4168   20.000        -11.22  0.4035   20.000       -300.00  0.1702   20.000
          0.4542       -6.78  0.4169   20.000        -11.06  0.4040   20.000       -300.00  0.1702   20.000
          0.4584       -6.74  0.4170   20.000        -10.90  0.4045   20.000       -300.00  0.1702   20.000
          0.4625       -6.70  0.4172   20.000        -10.76  0.4050   20.000       -300.00  0.1702   20.000
          0.4667       -6.66  0.4173   20.000        -10.61  0.4054   20.000       -300.00  0.1702   20.000
          0.4708       -6.62  0.4174   20.000        -10.48  0.4059   20.000       -300.00  0.1702   20.000
          0.4750       -6.58  0.4175   20.000        -10.34  0.4063   20.000       -300.00  0.1702   20.000
          0.4792       -6.54  0.4176   20.000        -10.21  0.4067   20.000       -300.00  0.1702   20.000
          0.4833       -6.51  0.4177   20.000        -10.08  0.4071   20.000       -300.00  0.1702   20.000
          0.4875       -6.47  0.4178   20.000         -9.95  0.4075   20.000       -300.00  0.1702   20.000
          0.4917       -6.44  0.4179   20.000         -9.83  0.4079   20.000       -300.00  0.1702   20.000
          0.4958       -6.40  0.4180   20.000         -9.72  0.4082   20.000       -300.00  0.1702   20.000
          0.5000       -6.37  0.4181   20.000         -9.60  0.4086   20.000       -300.00  0.1702   20.000
          0.5042       -8.51  0.4119   20.000         -9.78  0.4081   20.000       -300.00  0.1702   20.000
          0.5084      -10.07  0.4071   20.000        -10.18  0.4068   20.000       -300.00  0.1702   20.000
          0.5125      -11.27  0.4034   20.000        -10.67  0.4052   20.000       -300.00  0.1702   20.000
          0.5167      -12.27  0.4002   20.000        -11.21  0.4036   20.000       -300.00  0.1702   20.000
          0.5208      -13.13  0.3974   20.000        -11.76  0.4018   20.000       -300.00  0.1702   20.000
          0.5250      -13.90  0.3949   20.000        -12.29  0.4001   20.000       -300.00  0.1702   20.000
          0.5292      -14.59  0.3927   20.000        -12.79  0.3985   20.000       -300.00  0.1702   20.000
          0.5333      -15.23  0.3906   20.000        -13.28  0.3969   20.000       -300.00  0.1702   20.000
          0.5375      -15.82  0.3887   20.000        -13.74  0.3954   20.000       -300.00  0.1702   20.000
          0.5417      -16.37  0.3870   20.000        -14.19  0.3940   20.000       -300.00  0.1702   20.000
          0.5458      -16.89  0.3853   20.000        -14.63  0.3926   20.000       -300.00  0.1702   20.000
          0.5500      -17.38  0.3837   20.000        -15.05  0.3912   20.000       -300.00  0.1702   20.000
          0.5542      -17.84  0.3823   20.000        -15.45  0.3899   20.000       -300.00  0.1702   20.000
          0.5584      -18.29  0.3808   20.000        -15.84  0.3887   20.000       -300.00  0.1702   20.000
          0.5625      -18.71  0.3795   20.000        -16.21  0.3875   20.000       -300.00  0.1702   20.000
          0.5667      -19.12  0.3782   20.000        -16.57  0.3864   20.000       -299.99  0.1702   20.000
          0.5708      -19.52  0.3770   20.000        -16.91  0.3852   20.000       -299.99  0.1702   20.000
          0.5750      -19.89  0.3758   20.000        -17.24  0.3842   20.000       -299.98  0.1702   20.000
          0.5792      -20.26  0.3747   20.000        -17.57  0.3831   20.000       -299.97  0.1702   20.000
          0.5844      -20.69  0.3734   20.000        -17.96  0.3819   20.000       -299.95  0.1702   20.000
          0.5896      -21.11  0.3721   20.000        -18.34  0.3807   20.000       -299.92  0.1702   20.000
          0.5948      -21.52  0.3709   20.000        -18.71  0.3795   20.000       -299.86  0.1702   20.000
          0.6000      -21.90  0.3697   20.000        -19.08  0.3783   20.000       -299.76  0.1703   20.000
          0.6056      -22.31  0.3684   20.000        -19.45  0.3772   20.000       -299.60  0.1703   20.000
          0.6111      -22.69  0.3672   20.000        -19.82  0.3761   20.000       -299.34  0.1703   20.000
          0.6167      -23.07  0.3661   20.000        -20.17  0.3750   20.000       -298.93  0.1704   20.000
          0.6222      -23.44  0.3649   20.000        -20.51  0.3739   20.000       -298.32  0.1705   20.000
          0.6278      -23.80  0.3639   20.000        -20.84  0.3729   20.000       -297.39  0.1707   20.000
          0.6333      -24.15  0.3629   20.000        -21.15  0.3720   20.000       -296.04  0.1710   20.000
          0.6417      -24.65  0.3615   20.000        -21.61  0.3706   20.000       -292.61  0.1716   20.000
          0.6500      -25.13  0.3601   20.000        -22.05  0.3692   20.000       -287.14  0.1727   20.000
          0.6571      -25.53  0.3590   20.000        -22.42  0.3681   20.000       -280.60  0.1740   20.000
          0.6643      -25.92  0.3579   20.000        -22.77  0.3670   20.000       -271.69  0.1757   20.000
          0.6714      -26.29  0.3569   20.000        -23.12  0.3659   20.000       -260.18  0.1780   20.000
          0.6786      -26.66  0.3558   20.000        -23.45  0.3649   20.000       -246.49  0.1806   20.000
          0.6857      -27.01  0.3548   20.000        -23.79  0.3639   20.000       -233.65  0.1838   20.000
          0.6929      -27.35  0.3539   20.000        -24.14  0.3629   20.000       -220.23  0.1875   20.000
          0.7000      -27.69  0.3529   20.000        -24.47  0.3620   20.000       -205.88  0.1914   20.000
          0.7071      -28.02  0.3520   20.000        -24.79  0.3611   20.000       -191.53  0.1954   20.000
          0.7157      -28.40  0.3509   20.000        -25.16  0.3600   20.000       -178.09  0.2005   20.000
          0.7243      -28.78  0.3499   20.000        -25.52  0.3590   20.000       -164.75  0.2057   20.000
          0.7329      -29.15  0.3488   20.000        -25.87  0.3581   20.000       -152.42  0.2104   20.000
          0.7414      -29.51  0.3478   20.000        -26.20  0.3571   20.000       -143.83  0.2150   20.000
          0.7500      -29.86  0.3468   20.000        -26.53  0.3562   20.000       -135.81  0.2193   20.000
          0.7600      -30.27  0.3458   20.000        -26.90  0.3551   20.000       -126.63  0.2242   20.000
          0.7700      -30.66  0.3448   20.000        -27.26  0.3541   20.000       -118.96  0.2286   20.000
          0.7800      -31.04  0.3439   20.000        -27.61  0.3531   20.000       -113.19  0.2329   20.000
          0.7900      -31.41  0.3430   20.000        -27.95  0.3522   20.000       -107.75  0.2369   20.000
          0.8000      -31.77  0.3421   20.000        -28.28  0.3513   20.000       -103.05  0.2403   20.000
          0.8100      -32.12  0.3412   20.000        -28.60  0.3504   20.000        -98.93  0.2434   20.000
          0.8200      -32.47  0.3404   20.000        -28.92  0.3495   20.000        -95.19  0.2462   20.000
          0.8300      -32.80  0.3395   20.000        -29.23  0.3486   20.000        -92.26  0.2491   20.000
          0.8400      -33.13  0.3387   20.000        -29.53  0.3477   20.000        -89.57  0.2518   20.000
          0.8500      -33.45  0.3379   20.000        -29.83  0.3469   20.000        -87.21  0.2541   20.000
          0.8600      -33.77  0.3372   20.000        -30.15  0.3461   20.000        -85.03  0.2563   20.000
          0.8700      -34.08  0.3364   20.000        -30.46  0.3453   20.000        -83.02  0.2583   20.000
          0.8800      -34.38  0.3356   20.000        -30.77  0.3446   20.000        -81.14  0.2601   20.000
          0.8900      -34.67  0.3349   20.000        -31.07  0.3438   20.000        -79.36  0.2619   20.000
          0.9000      -34.97  0.3342   20.000        -31.36  0.3431   20.000        -77.67  0.2636   20.000
          0.9100      -35.25  0.3335   20.000        -31.64  0.3424   20.000        -76.24  0.2650   20.000
          0.9200      -35.54  0.3328   20.000        -31.92  0.3417   20.000        -75.11  0.2663   20.000
          0.9300      -35.81  0.3321   20.000        -32.19  0.3410   20.000        -74.17  0.2675   20.000
          0.9400      -36.09  0.3314   20.000        -32.46  0.3404   20.000        -73.27  0.2687   20.000
          0.9500      -36.35  0.3308   20.000        -32.72  0.3398   20.000        -72.42  0.2698   20.000
          0.9600      -36.62  0.3301   20.000        -32.97  0.3391   20.000        -71.59  0.2709   20.000
          0.9700      -36.88  0.3294   20.000        -33.22  0.3385   20.000        -70.80  0.2720   20.000
          0.9800      -37.14  0.3288   20.000        -33.46  0.3379   20.000        -70.03  0.2730   20.000
          0.9900      -37.40  0.3282   20.000        -33.70  0.3373   20.000        -69.28  0.2739   20.000
          1.0000      -37.65  0.3275   20.000        -33.94  0.3367   20.000        -68.56  0.2749   20.000
end
