 ******* Program HYDRUS
 ******* Pluie 10 cm/j pendant 0.5 j sur un loam sans croûte                    
 Date:   0. 0.    Time: 512:**:**
 Units: L = cm   , T = days , M = g    


    TLevel      Time          dt      Iter    ItCum  KodT  KodB  Convergency

        1  0.1000000E-04  0.10000E-04    2        2    -4    -5     T
        2  0.2000000E-04  0.10000E-04    2        4    -4    -5     T
        3  0.3300000E-04  0.13000E-04    2        6    -4    -5     T
        4  0.4990000E-04  0.16900E-04    2        8    -4    -5     T
        5  0.7186999E-04  0.21970E-04    2       10    -4    -5     T
        6  0.1004310E-03  0.28561E-04    2       12    -4    -5     T
        7  0.1375603E-03  0.37129E-04    2       14    -4    -5     T
        8  0.1858283E-03  0.48268E-04    2       16    -4    -5     T
        9  0.2485768E-03  0.62748E-04    2       18    -4    -5     T
       10  0.3301499E-03  0.81573E-04    2       20    -4    -5     T
       11  0.4361948E-03  0.10604E-03    2       22    -4    -5     T
       12  0.5740532E-03  0.13786E-03    2       24    -4    -5     T
       13  0.7532692E-03  0.17922E-03    4       28    -4    -5     T
       14  0.9324851E-03  0.17922E-03    2       30    -4    -5     T
       15  0.1165466E-02  0.23298E-03    2       32    -4    -5     T
       16  0.1468341E-02  0.30287E-03    4       36    -4    -5     T
       17  0.1771216E-02  0.30287E-03    4       40    -4    -5     T
       18  0.2074091E-02  0.30287E-03    2       42    -4    -5     T
       19  0.2467828E-02  0.39374E-03    5       47    -4    -5     T
       20  0.2861565E-02  0.39374E-03    3       50    -4    -5     T
       21  0.3373424E-02  0.51186E-03    4       54    -4    -5     T
       22  0.3885282E-02  0.51186E-03    5       59    -4    -5     T
       23  0.4397141E-02  0.51186E-03    4       63    -4    -5     T
       24  0.4909000E-02  0.51186E-03    6       69    -4    -5     T
       25  0.5420858E-02  0.51186E-03    2       71    -4    -5     T
       26  0.6086274E-02  0.66542E-03    4       75    -4    -5     T
       27  0.6751690E-02  0.66542E-03    5       80    -4    -5     T
       28  0.7417106E-02  0.66542E-03    5       85    -4    -5     T
       29  0.8082522E-02  0.66542E-03    4       89    -4    -5     T
       30  0.8747938E-02  0.66542E-03    4       93    -4    -5     T
       31  0.9413355E-02  0.66542E-03    2       95    -4    -5     T
       32  0.1027840E-01  0.86504E-03    5      100    -4    -5     T
       33  0.1114344E-01  0.86504E-03    5      105    -4    -5     T
       34  0.1200848E-01  0.86504E-03    3      108    -4    -5     T
       35  0.1313303E-01  0.11246E-02    5      113    -4    -5     T
       36  0.1425758E-01  0.11246E-02    5      118    -4    -5     T
       37  0.1538214E-01  0.11246E-02    4      122    -4    -5     T
       38  0.1650669E-01  0.11246E-02    6      128    -4    -5     T
       39  0.1763124E-01  0.11246E-02    5      133    -4    -5     T
       40  0.1875580E-01  0.11246E-02    3      136    -4    -5     T
       41  0.2021771E-01  0.14619E-02    5      141    -4    -5     T
       42  0.2167963E-01  0.14619E-02    6      147    -4    -5     T
       43  0.2314155E-01  0.14619E-02    4      151    -4    -5     T
       44  0.2460347E-01  0.14619E-02    4      155    -4    -5     T
       45  0.2606539E-01  0.14619E-02    5      160    -4    -5     T
       46  0.2752731E-01  0.14619E-02    6      166    -4    -5     T
       47  0.2898923E-01  0.14619E-02    4      170    -4    -5     T
       48  0.3045115E-01  0.14619E-02    3      173    -4    -5     T
       49  0.3240603E-01  0.19549E-02    5      178    -4    -5     T
       50  0.3436092E-01  0.19549E-02    5      183    -4    -5     T
       51  0.3631580E-01  0.19549E-02    5      188    -4    -5     T
       52  0.3827069E-01  0.19549E-02    6      194    -4    -5     T
       53  0.4022557E-01  0.19549E-02    5      199    -4    -5     T
       54  0.4218046E-01  0.19549E-02    4      203    -4    -5     T
       55  0.4413534E-01  0.19549E-02    5      208    -4    -5     T
       56  0.4609023E-01  0.19549E-02    5      213    -4    -5     T
       57  0.4804511E-01  0.19549E-02    4      217    -4    -5     T
       58  0.5000000E-01  0.19549E-02    5      222    -4    -5     T
       59  0.5190049E-01  0.19005E-02    4      226    -4    -5     T
       60  0.5380099E-01  0.19005E-02    4      230    -4    -5     T
       61  0.5570148E-01  0.19005E-02    5      235    -4    -5     T
       62  0.5760198E-01  0.19005E-02    5      240    -4    -5     T
       63  0.5950247E-01  0.19005E-02    3      243    -4    -5     T
       64  0.6197312E-01  0.24706E-02    5      248    -4    -5     T
       65  0.6444376E-01  0.24706E-02    5      253    -4    -5     T
       66  0.6691440E-01  0.24706E-02    5      258    -4    -5     T
       67  0.6938504E-01  0.24706E-02    5      263    -4    -5     T
       68  0.7185569E-01  0.24706E-02    4      267    -4    -5     T
       69  0.7432633E-01  0.24706E-02    5      272    -4    -5     T
       70  0.7689370E-01  0.25674E-02    5      277    -4    -5     T
       71  0.7946106E-01  0.25674E-02    3      280    -4    -5     T
       72  0.8288422E-01  0.34232E-02    6      286    -4    -5     T
       73  0.8630738E-01  0.34232E-02    6      292    -4    -5     T
       74  0.8973053E-01  0.34232E-02    6      298    -4    -5     T
       75  0.9315369E-01  0.34232E-02    4      302    -4    -5     T
       76  0.9657684E-01  0.34232E-02    6      308    -4    -5     T
       77  0.1000000E+00  0.34232E-02    5      313    -4    -5     T
       78  0.1032118E+00  0.32118E-02    5      318    -4    -5     T
       79  0.1064237E+00  0.32118E-02    5      323    -4    -5     T
       80  0.1096355E+00  0.32118E-02    5      328    -4    -5     T
       81  0.1128473E+00  0.32118E-02    4      332    -4    -5     T
       82  0.1160592E+00  0.32118E-02    5      337    -4    -5     T
       83  0.1192710E+00  0.32118E-02    6      343    -4    -5     T
       84  0.1223439E+00  0.30729E-02    5      348    -4    -5     T
       85  0.1254168E+00  0.30729E-02    5      353    -4    -5     T
       86  0.1284897E+00  0.30729E-02    6      359    -4    -5     T
       87  0.1315626E+00  0.30729E-02    5      364    -4    -5     T
       88  0.1346355E+00  0.30729E-02    4      368    -4    -5     T
       89  0.1377084E+00  0.30729E-02    5      373    -4    -5     T
       90  0.1407813E+00  0.30729E-02    5      378    -4    -5     T
       91  0.1438542E+00  0.30729E-02    5      383    -4    -5     T
       92  0.1469271E+00  0.30729E-02    4      387    -4    -5     T
       93  0.1500000E+00  0.30729E-02    6      393    -4    -5     T
       94  0.1532118E+00  0.32118E-02    5      398    -4    -5     T
       95  0.1564237E+00  0.32118E-02    4      402    -4    -5     T
       96  0.1596355E+00  0.32118E-02    5      407    -4    -5     T
       97  0.1628473E+00  0.32118E-02    6      413    -4    -5     T
       98  0.1660592E+00  0.32118E-02    5      418    -4    -5     T
       99  0.1692710E+00  0.32118E-02    4      422    -4    -5     T
      100  0.1723439E+00  0.30729E-02    5      427    -4    -5     T
      101  0.1754168E+00  0.30729E-02    5      432    -4    -5     T
      102  0.1784897E+00  0.30729E-02    4      436    -4    -5     T
      103  0.1815626E+00  0.30729E-02    4      440    -4    -5     T
      104  0.1846355E+00  0.30729E-02    5      445    -4    -5     T
      105  0.1877084E+00  0.30729E-02    4      449    -4    -5     T
      106  0.1907813E+00  0.30729E-02    4      453    -4    -5     T
      107  0.1938542E+00  0.30729E-02    4      457    -4    -5     T
      108  0.1969271E+00  0.30729E-02    5      462    -4    -5     T
      109  0.2000000E+00  0.30729E-02    4      466    -4    -5     T
      110  0.2032118E+00  0.32118E-02    4      470    -4    -5     T
      111  0.2064237E+00  0.32118E-02    5      475    -4    -5     T
      112  0.2096355E+00  0.32118E-02    5      480    -4    -5     T
      113  0.2128473E+00  0.32118E-02    5      485    -4    -5     T
      114  0.2160592E+00  0.32118E-02    4      489    -4    -5     T
      115  0.2192710E+00  0.32118E-02    5      494    -4    -5     T
      116  0.2223439E+00  0.30729E-02    4      498    -4    -5     T
      117  0.2254168E+00  0.30729E-02    4      502    -4    -5     T
      118  0.2284897E+00  0.30729E-02    5      507    -4    -5     T
      119  0.2315626E+00  0.30729E-02    5      512    -4    -5     T
      120  0.2346355E+00  0.30729E-02    5      517    -4    -5     T
      121  0.2377084E+00  0.30729E-02    4      521    -4    -5     T
      122  0.2407813E+00  0.30729E-02    4      525    -4    -5     T
      123  0.2438542E+00  0.30729E-02    5      530    -4    -5     T
      124  0.2469271E+00  0.30729E-02    4      534    -4    -5     T
      125  0.2500000E+00  0.30729E-02    4      538    -4    -5     T
      126  0.2532118E+00  0.32118E-02    5      543    -4    -5     T
      127  0.2564237E+00  0.32118E-02    5      548    -4    -5     T
      128  0.2596355E+00  0.32118E-02    4      552    -4    -5     T
      129  0.2628473E+00  0.32118E-02    3      555    -4    -5     T
      130  0.2669754E+00  0.41281E-02    6      561    -4    -5     T
      131  0.2711035E+00  0.41281E-02    5      566    -4    -5     T
      132  0.2752316E+00  0.41281E-02    5      571    -4    -5     T
      133  0.2793596E+00  0.41281E-02    6      577    -4    -5     T
      134  0.2834877E+00  0.41281E-02    5      582    -4    -5     T
      135  0.2876158E+00  0.41281E-02    5      587    -4    -5     T
      136  0.2917439E+00  0.41281E-02    6      593    -4    -5     T
      137  0.2958719E+00  0.41281E-02    4      597    -4    -5     T
      138  0.3000000E+00  0.41281E-02    5      602    -4    -5     T
      139  0.3041754E+00  0.41754E-02    5      607    -4    -5     T
      140  0.3083508E+00  0.41754E-02    5      612    -4    -5     T
      141  0.3125157E+00  0.41649E-02    5      617    -4    -5     T
      142  0.3166806E+00  0.41649E-02    6      623    -4    -5     T
      143  0.3208455E+00  0.41649E-02    4      627    -4    -5     T
      144  0.3250105E+00  0.41649E-02    5      632    -4    -5     T
      145  0.3291754E+00  0.41649E-02    5      637    -4    -5     T
      146  0.3333403E+00  0.41649E-02    4      641    -4    -5     T
      147  0.3375052E+00  0.41649E-02    6      647    -4    -5     T
      148  0.3416702E+00  0.41649E-02    5      652    -4    -5     T
      149  0.3458351E+00  0.41649E-02    5      657    -4    -5     T
      150  0.3500000E+00  0.41649E-02    5      662    -4    -5     T
      151  0.3541754E+00  0.41754E-02    5      667    -4    -5     T
      152  0.3583508E+00  0.41754E-02    4      671    -4    -5     T
      153  0.3625157E+00  0.41649E-02    6      677    -4    -5     T
      154  0.3666806E+00  0.41649E-02    5      682    -4    -5     T
      155  0.3708455E+00  0.41649E-02    5      687    -4    -5     T
      156  0.3750105E+00  0.41649E-02    5      692    -4    -5     T
      157  0.3791754E+00  0.41649E-02    5      697    -4    -5     T
      158  0.3833403E+00  0.41649E-02    4      701    -4    -5     T
      159  0.3875052E+00  0.41649E-02    6      707    -4    -5     T
      160  0.3916702E+00  0.41649E-02    5      712    -4    -5     T
      161  0.3958351E+00  0.41649E-02    5      717    -4    -5     T
      162  0.4000000E+00  0.41649E-02    5      722    -4    -5     T
      163  0.4041754E+00  0.41754E-02    5      727    -4    -5     T
      164  0.4083508E+00  0.41754E-02    4      731    -4    -5     T
      165  0.4125157E+00  0.41649E-02    6      737    -4    -5     T
      166  0.4166806E+00  0.41649E-02    4      741    -4    -5     T
      167  0.4208455E+00  0.41649E-02    5      746    -4    -5     T
      168  0.4250105E+00  0.41649E-02    5      751    -4    -5     T
      169  0.4291754E+00  0.41649E-02    5      756    -4    -5     T
      170  0.4333403E+00  0.41649E-02    4      760    -4    -5     T
      171  0.4375052E+00  0.41649E-02    6      766    -4    -5     T
      172  0.4416702E+00  0.41649E-02    4      770    -4    -5     T
      173  0.4458351E+00  0.41649E-02    5      775    -4    -5     T
      174  0.4500000E+00  0.41649E-02    5      780    -4    -5     T
      175  0.4541754E+00  0.41754E-02    5      785    -4    -5     T
      176  0.4583508E+00  0.41754E-02    5      790    -4    -5     T
      177  0.4625157E+00  0.41649E-02    6      796    -4    -5     T
      178  0.4666806E+00  0.41649E-02    4      800    -4    -5     T
      179  0.4708455E+00  0.41649E-02    5      805    -4    -5     T
      180  0.4750105E+00  0.41649E-02    5      810    -4    -5     T
      181  0.4791754E+00  0.41649E-02    4      814    -4    -5     T
      182  0.4833403E+00  0.41649E-02    5      819    -4    -5     T
      183  0.4875052E+00  0.41649E-02    6      825    -4    -5     T
      184  0.4916702E+00  0.41649E-02    4      829    -4    -5     T
      185  0.4958351E+00  0.41649E-02    5      834    -4    -5     T
      186  0.5000000E+00  0.41649E-02    5      839    -4    -5     T
      187  0.5041754E+00  0.41754E-02    6      845    -4    -5     T
      188  0.5083508E+00  0.41754E-02    5      850    -4    -5     T
      189  0.5125157E+00  0.41649E-02    6      856    -4    -5     T
      190  0.5166806E+00  0.41649E-02    4      860    -4    -5     T
      191  0.5208455E+00  0.41649E-02    5      865    -4    -5     T
      192  0.5250105E+00  0.41649E-02    5      870    -4    -5     T
      193  0.5291754E+00  0.41649E-02    5      875    -4    -5     T
      194  0.5333403E+00  0.41649E-02    5      880    -4    -5     T
      195  0.5375052E+00  0.41649E-02    6      886    -4    -5     T
      196  0.5416702E+00  0.41649E-02    4      890    -4    -5     T
      197  0.5458351E+00  0.41649E-02    4      894    -4    -5     T
      198  0.5500000E+00  0.41649E-02    5      899    -4    -5     T
      199  0.5541754E+00  0.41754E-02    5      904    -4    -5     T
      200  0.5583508E+00  0.41754E-02    4      908    -4    -5     T
      201  0.5625157E+00  0.41649E-02    5      913    -4    -5     T
      202  0.5666806E+00  0.41649E-02    4      917    -4    -5     T
      203  0.5708455E+00  0.41649E-02    5      922    -4    -5     T
      204  0.5750105E+00  0.41649E-02    4      926    -4    -5     T
      205  0.5791754E+00  0.41649E-02    3      929    -4    -5     T
      206  0.5843815E+00  0.52062E-02    6      935    -4    -5     T
      207  0.5895877E+00  0.52062E-02    5      940    -4    -5     T
      208  0.5947938E+00  0.52062E-02    4      944    -4    -5     T
      209  0.6000000E+00  0.52062E-02    4      948    -4    -5     T
      210  0.6055556E+00  0.55556E-02    5      953    -4    -5     T
      211  0.6111111E+00  0.55556E-02    4      957    -4    -5     T
      212  0.6166667E+00  0.55556E-02    4      961    -4    -5     T
      213  0.6222222E+00  0.55556E-02    5      966    -4    -5     T
      214  0.6277778E+00  0.55556E-02    5      971    -4    -5     T
      215  0.6333333E+00  0.55556E-02    3      974    -4    -5     T
      216  0.6416667E+00  0.83333E-02    6      980    -4    -5     T
      217  0.6500000E+00  0.83333E-02    5      985    -4    -5     T
      218  0.6571429E+00  0.71429E-02    4      989    -4    -5     T
      219  0.6642857E+00  0.71429E-02    5      994    -4    -5     T
      220  0.6714286E+00  0.71429E-02    4      998    -4    -5     T
      221  0.6785714E+00  0.71429E-02    4     1002    -4    -5     T
      222  0.6857143E+00  0.71429E-02    4     1006    -4    -5     T
      223  0.6928571E+00  0.71429E-02    5     1011    -4    -5     T
      224  0.7000000E+00  0.71429E-02    4     1015    -4    -5     T
      225  0.7071429E+00  0.71429E-02    3     1018    -4    -5     T
      226  0.7157143E+00  0.85714E-02    5     1023    -4    -5     T
      227  0.7242857E+00  0.85714E-02    4     1027    -4    -5     T
      228  0.7328571E+00  0.85714E-02    3     1030    -4    -5     T
      229  0.7414286E+00  0.85714E-02    4     1034    -4    -5     T
      230  0.7500000E+00  0.85714E-02    4     1038    -4    -5     T
      231  0.7600000E+00  0.10000E-01    4     1042    -4    -5     T
      232  0.7700000E+00  0.10000E-01    5     1047    -4    -5     T
      233  0.7800000E+00  0.10000E-01    4     1051    -4    -5     T
      234  0.7900000E+00  0.10000E-01    3     1054    -4    -5     T
      235  0.8000000E+00  0.10000E-01    4     1058    -4    -5     T
      236  0.8100000E+00  0.10000E-01    4     1062    -4    -5     T
      237  0.8200000E+00  0.10000E-01    4     1066    -4    -5     T
      238  0.8300000E+00  0.10000E-01    4     1070    -4    -5     T
      239  0.8400000E+00  0.10000E-01    4     1074    -4    -5     T
      240  0.8500000E+00  0.10000E-01    4     1078    -4    -5     T
      241  0.8600000E+00  0.10000E-01    4     1082    -4    -5     T
      242  0.8700000E+00  0.10000E-01    4     1086    -4    -5     T
      243  0.8800000E+00  0.10000E-01    3     1089    -4    -5     T
      244  0.8900000E+00  0.10000E-01    4     1093    -4    -5     T
      245  0.9000000E+00  0.10000E-01    3     1096    -4    -5     T
      246  0.9100000E+00  0.10000E-01    4     1100    -4    -5     T
      247  0.9200000E+00  0.10000E-01    4     1104    -4    -5     T
      248  0.9300000E+00  0.10000E-01    3     1107    -4    -5     T
      249  0.9400000E+00  0.10000E-01    4     1111    -4    -5     T
      250  0.9500000E+00  0.10000E-01    2     1113    -4    -5     T
      251  0.9600000E+00  0.10000E-01    2     1115    -4    -5     T
      252  0.9700000E+00  0.10000E-01    3     1118    -4    -5     T
      253  0.9800000E+00  0.10000E-01    2     1120    -4    -5     T
      254  0.9900000E+00  0.10000E-01    2     1122    -4    -5     T
      255  0.1000000E+01  0.10000E-01    3     1125    -4    -5     T
end
