 ******* Program HYDRUS
 ******* Pluie 10 cm/j pendant 0.5 j sur un loam sans croûte                    
 Date:   0. 0.    Time: 512:**:**
 Units: L = cm   , T = days , M = g    

       Time          rTop        rRoot        vTop         vRoot        vBot       sum(rTop)   sum(rRoot)    sum(vTop)   sum(vRoot)    sum(vBot)      hTop         hRoot        hBot        RunOff    sum(RunOff)     Volume     sum(Infil)    sum(Evap) TLevel Cum(WTrans)  SnowLayer
        [T]         [L/T]        [L/T]        [L/T]        [L/T]        [L/T]         [L]          [L]          [L]         [L]           [L]         [L]           [L]         [L]          [L/T]         [L]          [L]          [L]          [L]

       0.0000 -0.10000E+02  0.00000E+00 -0.10000E+02  0.00000E+00 -0.98391E-03 -0.10000E-03  0.00000E+00 -0.10000E-03  0.00000E+00 -0.98391E-08 -0.29886E+03  0.00000E+00 -0.30000E+03  0.61989E-04  0.61989E-09  0.17021E+02  0.10000E-03  0.00000E+00      1  0.00000E+00      0.000
       0.0000 -0.10000E+02  0.00000E+00 -0.10000E+02  0.00000E+00 -0.98391E-03 -0.20000E-03  0.00000E+00 -0.20000E-03  0.00000E+00 -0.19678E-07 -0.29797E+03  0.00000E+00 -0.30000E+03  0.22602E-03  0.28801E-08  0.17021E+02  0.20000E-03  0.00000E+00      2  0.00000E+00      0.000
       0.0000 -0.10000E+02  0.00000E+00 -0.99997E+01  0.00000E+00 -0.98391E-03 -0.33000E-03  0.00000E+00 -0.33000E-03  0.00000E+00 -0.32469E-07 -0.29658E+03  0.00000E+00 -0.30000E+03  0.28610E-03  0.65994E-08  0.17022E+02  0.33000E-03  0.00000E+00      3  0.00000E+00      0.000
       0.0000 -0.10000E+02  0.00000E+00 -0.99998E+01  0.00000E+00 -0.98391E-03 -0.49900E-03  0.00000E+00 -0.49900E-03  0.00000E+00 -0.49097E-07 -0.29487E+03  0.00000E+00 -0.30000E+03  0.23270E-03  0.10532E-07  0.17022E+02  0.49900E-03  0.00000E+00      4  0.00000E+00      0.000
       0.0001 -0.10000E+02  0.00000E+00 -0.10000E+02  0.00000E+00 -0.98391E-03 -0.71870E-03  0.00000E+00 -0.71870E-03  0.00000E+00 -0.70713E-07 -0.29260E+03  0.00000E+00 -0.30000E+03  0.88692E-04  0.12481E-07  0.17022E+02  0.71870E-03  0.00000E+00      5  0.00000E+00      0.000
       0.0001 -0.10000E+02  0.00000E+00 -0.99999E+01  0.00000E+00 -0.98391E-03 -0.10043E-02  0.00000E+00 -0.10043E-02  0.00000E+00 -0.98815E-07 -0.28967E+03  0.00000E+00 -0.30000E+03  0.12302E-03  0.15994E-07  0.17022E+02  0.10043E-02  0.00000E+00      6  0.00000E+00      0.000
       0.0001 -0.10000E+02  0.00000E+00 -0.10000E+02  0.00000E+00 -0.98391E-03 -0.13756E-02  0.00000E+00 -0.13756E-02  0.00000E+00 -0.13535E-06 -0.28585E+03  0.00000E+00 -0.30000E+03  0.00000E+00  0.15994E-07  0.17023E+02  0.13756E-02  0.00000E+00      7  0.00000E+00      0.000
       0.0002 -0.10000E+02  0.00000E+00 -0.10000E+02  0.00000E+00 -0.98391E-03 -0.18583E-02  0.00000E+00 -0.18583E-02  0.00000E+00 -0.18284E-06 -0.28089E+03  0.00000E+00 -0.30000E+03  0.61989E-04  0.18986E-07  0.17023E+02  0.18583E-02  0.00000E+00      8  0.00000E+00      0.000
       0.0002 -0.10000E+02  0.00000E+00 -0.99999E+01  0.00000E+00 -0.98391E-03 -0.24858E-02  0.00000E+00 -0.24858E-02  0.00000E+00 -0.24458E-06 -0.27445E+03  0.00000E+00 -0.30000E+03  0.56267E-04  0.22517E-07  0.17024E+02  0.24858E-02  0.00000E+00      9  0.00000E+00      0.000
       0.0003 -0.10000E+02  0.00000E+00 -0.10000E+02  0.00000E+00 -0.98391E-03 -0.33015E-02  0.00000E+00 -0.33015E-02  0.00000E+00 -0.32484E-06 -0.26608E+03  0.00000E+00 -0.30000E+03  0.48637E-04  0.26484E-07  0.17025E+02  0.33015E-02  0.00000E+00     10  0.00000E+00      0.000
       0.0004 -0.10000E+02  0.00000E+00 -0.10000E+02  0.00000E+00 -0.98391E-03 -0.43619E-02  0.00000E+00 -0.43619E-02  0.00000E+00 -0.42918E-06 -0.25523E+03  0.00000E+00 -0.30000E+03  0.00000E+00  0.26484E-07  0.17026E+02  0.43619E-02  0.00000E+00     11  0.00000E+00      0.000
       0.0006 -0.10000E+02  0.00000E+00 -0.10000E+02  0.00000E+00 -0.98391E-03 -0.57405E-02  0.00000E+00 -0.57405E-02  0.00000E+00 -0.56482E-06 -0.24144E+03  0.00000E+00 -0.30000E+03  0.21935E-04  0.29508E-07  0.17027E+02  0.57405E-02  0.00000E+00     12  0.00000E+00      0.000
       0.0008 -0.10000E+02  0.00000E+00 -0.10000E+02  0.00000E+00 -0.98391E-03 -0.75327E-02  0.00000E+00 -0.75327E-02  0.00000E+00 -0.74115E-06 -0.22846E+03  0.00000E+00 -0.30000E+03  0.22888E-04  0.33610E-07  0.17029E+02  0.75327E-02  0.00000E+00     13  0.00000E+00      0.000
       0.0009 -0.10000E+02  0.00000E+00 -0.10000E+02  0.00000E+00 -0.98391E-03 -0.93249E-02  0.00000E+00 -0.93248E-02  0.00000E+00 -0.91748E-06 -0.21571E+03  0.00000E+00 -0.30000E+03  0.20981E-04  0.37370E-07  0.17031E+02  0.93248E-02  0.00000E+00     14  0.00000E+00      0.000
       0.0012 -0.10000E+02  0.00000E+00 -0.10000E+02  0.00000E+00 -0.98391E-03 -0.11655E-01  0.00000E+00 -0.11655E-01  0.00000E+00 -0.11467E-05 -0.19914E+03  0.00000E+00 -0.30000E+03  0.00000E+00  0.37370E-07  0.17033E+02  0.11655E-01  0.00000E+00     15  0.00000E+00      0.000
       0.0015 -0.10000E+02  0.00000E+00 -0.10000E+02  0.00000E+00 -0.98391E-03 -0.14683E-01  0.00000E+00 -0.14683E-01  0.00000E+00 -0.14447E-05 -0.18185E+03  0.00000E+00 -0.30000E+03  0.00000E+00  0.37370E-07  0.17036E+02  0.14683E-01  0.00000E+00     16  0.00000E+00      0.000
       0.0018 -0.10000E+02  0.00000E+00 -0.10000E+02  0.00000E+00 -0.98391E-03 -0.17712E-01  0.00000E+00 -0.17712E-01  0.00000E+00 -0.17427E-05 -0.16702E+03  0.00000E+00 -0.30000E+03  0.00000E+00  0.37370E-07  0.17039E+02  0.17712E-01  0.00000E+00     17  0.00000E+00      0.000
       0.0021 -0.10000E+02  0.00000E+00 -0.10000E+02  0.00000E+00 -0.98391E-03 -0.20741E-01  0.00000E+00 -0.20741E-01  0.00000E+00 -0.20407E-05 -0.15247E+03  0.00000E+00 -0.30000E+03  0.00000E+00  0.37370E-07  0.17042E+02  0.20741E-01  0.00000E+00     18  0.00000E+00      0.000
       0.0025 -0.10000E+02  0.00000E+00 -0.10000E+02  0.00000E+00 -0.98391E-03 -0.24678E-01  0.00000E+00 -0.24678E-01  0.00000E+00 -0.24281E-05 -0.13925E+03  0.00000E+00 -0.30000E+03  0.00000E+00  0.37370E-07  0.17046E+02  0.24678E-01  0.00000E+00     19  0.00000E+00      0.000
       0.0029 -0.10000E+02  0.00000E+00 -0.10000E+02  0.00000E+00 -0.98391E-03 -0.28616E-01  0.00000E+00 -0.28616E-01  0.00000E+00 -0.28155E-05 -0.12678E+03  0.00000E+00 -0.30000E+03  0.00000E+00  0.37370E-07  0.17050E+02  0.28616E-01  0.00000E+00     20  0.00000E+00      0.000
       0.0034 -0.10000E+02  0.00000E+00 -0.10000E+02  0.00000E+00 -0.98391E-03 -0.33734E-01  0.00000E+00 -0.33734E-01  0.00000E+00 -0.33191E-05 -0.11413E+03  0.00000E+00 -0.30000E+03  0.00000E+00  0.37370E-07  0.17055E+02  0.33734E-01  0.00000E+00     21  0.00000E+00      0.000
       0.0039 -0.10000E+02  0.00000E+00 -0.10000E+02  0.00000E+00 -0.98391E-03 -0.38853E-01  0.00000E+00 -0.38853E-01  0.00000E+00 -0.38228E-05 -0.10432E+03  0.00000E+00 -0.30000E+03  0.00000E+00  0.37370E-07  0.17060E+02  0.38853E-01  0.00000E+00     22  0.00000E+00      0.000
       0.0044 -0.10000E+02  0.00000E+00 -0.10000E+02  0.00000E+00 -0.98391E-03 -0.43971E-01  0.00000E+00 -0.43971E-01  0.00000E+00 -0.43264E-05 -0.95388E+02  0.00000E+00 -0.30000E+03  0.00000E+00  0.37370E-07  0.17065E+02  0.43971E-01  0.00000E+00     23  0.00000E+00      0.000
       0.0049 -0.10000E+02  0.00000E+00 -0.10000E+02  0.00000E+00 -0.98391E-03 -0.49090E-01  0.00000E+00 -0.49090E-01  0.00000E+00 -0.48300E-05 -0.89668E+02  0.00000E+00 -0.30000E+03  0.15259E-04  0.45181E-07  0.17070E+02  0.49090E-01  0.00000E+00     24  0.00000E+00      0.000
       0.0054 -0.10000E+02  0.00000E+00 -0.10000E+02  0.00000E+00 -0.98391E-03 -0.54209E-01  0.00000E+00 -0.54209E-01  0.00000E+00 -0.53336E-05 -0.84652E+02  0.00000E+00 -0.30000E+03  0.00000E+00  0.45181E-07  0.17075E+02  0.54209E-01  0.00000E+00     25  0.00000E+00      0.000
       0.0061 -0.10000E+02  0.00000E+00 -0.10000E+02  0.00000E+00 -0.98391E-03 -0.60863E-01  0.00000E+00 -0.60863E-01  0.00000E+00 -0.59883E-05 -0.78850E+02  0.00000E+00 -0.30000E+03  0.00000E+00  0.45181E-07  0.17082E+02  0.60863E-01  0.00000E+00     26  0.00000E+00      0.000
       0.0068 -0.10000E+02  0.00000E+00 -0.10000E+02  0.00000E+00 -0.98391E-03 -0.67517E-01  0.00000E+00 -0.67517E-01  0.00000E+00 -0.66430E-05 -0.74335E+02  0.00000E+00 -0.30000E+03  0.00000E+00  0.45181E-07  0.17089E+02  0.67517E-01  0.00000E+00     27  0.00000E+00      0.000
       0.0074 -0.10000E+02  0.00000E+00 -0.10000E+02  0.00000E+00 -0.98391E-03 -0.74171E-01  0.00000E+00 -0.74171E-01  0.00000E+00 -0.72977E-05 -0.71097E+02  0.00000E+00 -0.30000E+03  0.00000E+00  0.45181E-07  0.17095E+02  0.74171E-01  0.00000E+00     28  0.00000E+00      0.000
       0.0081 -0.10000E+02  0.00000E+00 -0.10000E+02  0.00000E+00 -0.98391E-03 -0.80825E-01  0.00000E+00 -0.80825E-01  0.00000E+00 -0.79525E-05 -0.68180E+02  0.00000E+00 -0.30000E+03  0.11444E-04  0.52796E-07  0.17102E+02  0.80825E-01  0.00000E+00     29  0.00000E+00      0.000
       0.0087 -0.10000E+02  0.00000E+00 -0.10000E+02  0.00000E+00 -0.98391E-03 -0.87479E-01  0.00000E+00 -0.87479E-01  0.00000E+00 -0.86072E-05 -0.65507E+02  0.00000E+00 -0.30000E+03  0.13351E-04  0.61680E-07  0.17109E+02  0.87479E-01  0.00000E+00     30  0.00000E+00      0.000
       0.0094 -0.10000E+02  0.00000E+00 -0.10000E+02  0.00000E+00 -0.98391E-03 -0.94134E-01  0.00000E+00 -0.94134E-01  0.00000E+00 -0.92619E-05 -0.62925E+02  0.00000E+00 -0.30000E+03  0.00000E+00  0.61680E-07  0.17115E+02  0.94134E-01  0.00000E+00     31  0.00000E+00      0.000
       0.0103 -0.10000E+02  0.00000E+00 -0.10000E+02  0.00000E+00 -0.98391E-03 -0.10278E+00  0.00000E+00 -0.10278E+00  0.00000E+00 -0.10113E-04 -0.59727E+02  0.00000E+00 -0.30000E+03  0.00000E+00  0.61680E-07  0.17124E+02  0.10278E+00  0.00000E+00     32  0.00000E+00      0.000
       0.0111 -0.10000E+02  0.00000E+00 -0.10000E+02  0.00000E+00 -0.98391E-03 -0.11143E+00  0.00000E+00 -0.11143E+00  0.00000E+00 -0.10964E-04 -0.57571E+02  0.00000E+00 -0.30000E+03  0.00000E+00  0.61680E-07  0.17133E+02  0.11143E+00  0.00000E+00     33  0.00000E+00      0.000
       0.0120 -0.10000E+02  0.00000E+00 -0.10000E+02  0.00000E+00 -0.98391E-03 -0.12008E+00  0.00000E+00 -0.12008E+00  0.00000E+00 -0.11815E-04 -0.55508E+02  0.00000E+00 -0.30000E+03  0.00000E+00  0.61680E-07  0.17141E+02  0.12008E+00  0.00000E+00     34  0.00000E+00      0.000
       0.0131 -0.10000E+02  0.00000E+00 -0.10000E+02  0.00000E+00 -0.98391E-03 -0.13133E+00  0.00000E+00 -0.13133E+00  0.00000E+00 -0.12922E-04 -0.53011E+02  0.00000E+00 -0.30000E+03  0.00000E+00  0.61680E-07  0.17153E+02  0.13133E+00  0.00000E+00     35  0.00000E+00      0.000
       0.0143 -0.10000E+02  0.00000E+00 -0.10000E+02  0.00000E+00 -0.98391E-03 -0.14258E+00  0.00000E+00 -0.14258E+00  0.00000E+00 -0.14028E-04 -0.50650E+02  0.00000E+00 -0.30000E+03  0.00000E+00  0.61680E-07  0.17164E+02  0.14258E+00  0.00000E+00     36  0.00000E+00      0.000
       0.0154 -0.10000E+02  0.00000E+00 -0.10000E+02  0.00000E+00 -0.98391E-03 -0.15382E+00  0.00000E+00 -0.15382E+00  0.00000E+00 -0.15135E-04 -0.48269E+02  0.00000E+00 -0.30000E+03  0.00000E+00  0.61680E-07  0.17175E+02  0.15382E+00  0.00000E+00     37  0.00000E+00      0.000
       0.0165 -0.10000E+02  0.00000E+00 -0.10000E+02  0.00000E+00 -0.98391E-03 -0.16507E+00  0.00000E+00 -0.16507E+00  0.00000E+00 -0.16241E-04 -0.46470E+02  0.00000E+00 -0.30000E+03  0.00000E+00  0.61680E-07  0.17186E+02  0.16507E+00  0.00000E+00     38  0.00000E+00      0.000
       0.0176 -0.10000E+02  0.00000E+00 -0.10000E+02  0.00000E+00 -0.98391E-03 -0.17631E+00  0.00000E+00 -0.17631E+00  0.00000E+00 -0.17348E-04 -0.45057E+02  0.00000E+00 -0.30000E+03  0.00000E+00  0.61680E-07  0.17198E+02  0.17631E+00  0.00000E+00     39  0.00000E+00      0.000
       0.0188 -0.10000E+02  0.00000E+00 -0.10000E+02  0.00000E+00 -0.98391E-03 -0.18756E+00  0.00000E+00 -0.18756E+00  0.00000E+00 -0.18454E-04 -0.43685E+02  0.00000E+00 -0.30000E+03  0.00000E+00  0.61680E-07  0.17209E+02  0.18756E+00  0.00000E+00     40  0.00000E+00      0.000
       0.0202 -0.10000E+02  0.00000E+00 -0.10000E+02  0.00000E+00 -0.98391E-03 -0.20218E+00  0.00000E+00 -0.20218E+00  0.00000E+00 -0.19892E-04 -0.41934E+02  0.00000E+00 -0.30000E+03  0.00000E+00  0.61680E-07  0.17223E+02  0.20218E+00  0.00000E+00     41  0.00000E+00      0.000
       0.0217 -0.10000E+02  0.00000E+00 -0.10000E+02  0.00000E+00 -0.98391E-03 -0.21680E+00  0.00000E+00 -0.21680E+00  0.00000E+00 -0.21331E-04 -0.40427E+02  0.00000E+00 -0.30000E+03  0.00000E+00  0.61680E-07  0.17238E+02  0.21680E+00  0.00000E+00     42  0.00000E+00      0.000
       0.0231 -0.10000E+02  0.00000E+00 -0.10000E+02  0.00000E+00 -0.98391E-03 -0.23142E+00  0.00000E+00 -0.23142E+00  0.00000E+00 -0.22769E-04 -0.38989E+02  0.00000E+00 -0.30000E+03  0.00000E+00  0.61680E-07  0.17253E+02  0.23142E+00  0.00000E+00     43  0.00000E+00      0.000
       0.0246 -0.10000E+02  0.00000E+00 -0.10000E+02  0.00000E+00 -0.98391E-03 -0.24603E+00  0.00000E+00 -0.24603E+00  0.00000E+00 -0.24208E-04 -0.37567E+02  0.00000E+00 -0.30000E+03  0.00000E+00  0.61680E-07  0.17267E+02  0.24603E+00  0.00000E+00     44  0.00000E+00      0.000
       0.0261 -0.10000E+02  0.00000E+00 -0.10000E+02  0.00000E+00 -0.98391E-03 -0.26065E+00  0.00000E+00 -0.26065E+00  0.00000E+00 -0.25646E-04 -0.36451E+02  0.00000E+00 -0.30000E+03  0.00000E+00  0.61680E-07  0.17282E+02  0.26065E+00  0.00000E+00     45  0.00000E+00      0.000
       0.0275 -0.10000E+02  0.00000E+00 -0.10000E+02  0.00000E+00 -0.98391E-03 -0.27527E+00  0.00000E+00 -0.27527E+00  0.00000E+00 -0.27084E-04 -0.35532E+02  0.00000E+00 -0.30000E+03  0.00000E+00  0.61680E-07  0.17297E+02  0.27527E+00  0.00000E+00     46  0.00000E+00      0.000
       0.0290 -0.10000E+02  0.00000E+00 -0.10000E+02  0.00000E+00 -0.98391E-03 -0.28989E+00  0.00000E+00 -0.28989E+00  0.00000E+00 -0.28523E-04 -0.34679E+02  0.00000E+00 -0.30000E+03  0.00000E+00  0.61680E-07  0.17311E+02  0.28989E+00  0.00000E+00     47  0.00000E+00      0.000
       0.0305 -0.10000E+02  0.00000E+00 -0.10000E+02  0.00000E+00 -0.98391E-03 -0.30451E+00  0.00000E+00 -0.30451E+00  0.00000E+00 -0.29961E-04 -0.33805E+02  0.00000E+00 -0.30000E+03  0.00000E+00  0.61680E-07  0.17326E+02  0.30451E+00  0.00000E+00     48  0.00000E+00      0.000
       0.0324 -0.10000E+02  0.00000E+00 -0.10000E+02  0.00000E+00 -0.98391E-03 -0.32406E+00  0.00000E+00 -0.32406E+00  0.00000E+00 -0.31885E-04 -0.32619E+02  0.00000E+00 -0.30000E+03  0.00000E+00  0.61680E-07  0.17345E+02  0.32406E+00  0.00000E+00     49  0.00000E+00      0.000
       0.0344 -0.10000E+02  0.00000E+00 -0.10000E+02  0.00000E+00 -0.98391E-03 -0.34361E+00  0.00000E+00 -0.34361E+00  0.00000E+00 -0.33808E-04 -0.31510E+02  0.00000E+00 -0.30000E+03  0.00000E+00  0.61680E-07  0.17365E+02  0.34361E+00  0.00000E+00     50  0.00000E+00      0.000
       0.0363 -0.10000E+02  0.00000E+00 -0.10000E+02  0.00000E+00 -0.98391E-03 -0.36316E+00  0.00000E+00 -0.36316E+00  0.00000E+00 -0.35731E-04 -0.30550E+02  0.00000E+00 -0.30000E+03  0.00000E+00  0.61680E-07  0.17384E+02  0.36316E+00  0.00000E+00     51  0.00000E+00      0.000
       0.0383 -0.10000E+02  0.00000E+00 -0.10000E+02  0.00000E+00 -0.98391E-03 -0.38271E+00  0.00000E+00 -0.38271E+00  0.00000E+00 -0.37655E-04 -0.29690E+02  0.00000E+00 -0.30000E+03  0.00000E+00  0.61680E-07  0.17404E+02  0.38271E+00  0.00000E+00     52  0.00000E+00      0.000
       0.0402 -0.10000E+02  0.00000E+00 -0.10000E+02  0.00000E+00 -0.98391E-03 -0.40226E+00  0.00000E+00 -0.40226E+00  0.00000E+00 -0.39578E-04 -0.28977E+02  0.00000E+00 -0.30000E+03  0.00000E+00  0.61680E-07  0.17424E+02  0.40226E+00  0.00000E+00     53  0.00000E+00      0.000
       0.0422 -0.10000E+02  0.00000E+00 -0.10000E+02  0.00000E+00 -0.98391E-03 -0.42180E+00  0.00000E+00 -0.42180E+00  0.00000E+00 -0.41502E-04 -0.28238E+02  0.00000E+00 -0.30000E+03  0.00000E+00  0.61680E-07  0.17443E+02  0.42180E+00  0.00000E+00     54  0.00000E+00      0.000
       0.0441 -0.10000E+02  0.00000E+00 -0.10000E+02  0.00000E+00 -0.98391E-03 -0.44135E+00  0.00000E+00 -0.44135E+00  0.00000E+00 -0.43425E-04 -0.27471E+02  0.00000E+00 -0.30000E+03  0.00000E+00  0.61680E-07  0.17463E+02  0.44135E+00  0.00000E+00     55  0.00000E+00      0.000
       0.0461 -0.10000E+02  0.00000E+00 -0.10000E+02  0.00000E+00 -0.98391E-03 -0.46090E+00  0.00000E+00 -0.46090E+00  0.00000E+00 -0.45349E-04 -0.26857E+02  0.00000E+00 -0.30000E+03  0.00000E+00  0.61680E-07  0.17482E+02  0.46090E+00  0.00000E+00     56  0.00000E+00      0.000
       0.0480 -0.10000E+02  0.00000E+00 -0.10000E+02  0.00000E+00 -0.98391E-03 -0.48045E+00  0.00000E+00 -0.48045E+00  0.00000E+00 -0.47272E-04 -0.26298E+02  0.00000E+00 -0.30000E+03  0.00000E+00  0.61680E-07  0.17502E+02  0.48045E+00  0.00000E+00     57  0.00000E+00      0.000
       0.0500 -0.10000E+02  0.00000E+00 -0.10000E+02  0.00000E+00 -0.98391E-03 -0.50000E+00  0.00000E+00 -0.50000E+00  0.00000E+00 -0.49195E-04 -0.25753E+02  0.00000E+00 -0.30000E+03  0.00000E+00  0.61680E-07  0.17521E+02  0.50000E+00  0.00000E+00     58  0.00000E+00      0.000
       0.0519 -0.10000E+02  0.00000E+00 -0.10000E+02  0.00000E+00 -0.98391E-03 -0.51901E+00  0.00000E+00 -0.51900E+00  0.00000E+00 -0.51065E-04 -0.25204E+02  0.00000E+00 -0.30000E+03  0.00000E+00  0.61680E-07  0.17540E+02  0.51900E+00  0.00000E+00     59  0.00000E+00      0.000
       0.0538 -0.10000E+02  0.00000E+00 -0.10000E+02  0.00000E+00 -0.98391E-03 -0.53801E+00  0.00000E+00 -0.53801E+00  0.00000E+00 -0.52935E-04 -0.24655E+02  0.00000E+00 -0.30000E+03  0.00000E+00  0.61680E-07  0.17559E+02  0.53801E+00  0.00000E+00     60  0.00000E+00      0.000
       0.0557 -0.10000E+02  0.00000E+00 -0.10000E+02  0.00000E+00 -0.98391E-03 -0.55701E+00  0.00000E+00 -0.55701E+00  0.00000E+00 -0.54805E-04 -0.24130E+02  0.00000E+00 -0.30000E+03  0.00000E+00  0.61680E-07  0.17578E+02  0.55701E+00  0.00000E+00     61  0.00000E+00      0.000
       0.0576 -0.10000E+02  0.00000E+00 -0.10000E+02  0.00000E+00 -0.98391E-03 -0.57602E+00  0.00000E+00 -0.57602E+00  0.00000E+00 -0.56675E-04 -0.23622E+02  0.00000E+00 -0.30000E+03  0.00000E+00  0.61680E-07  0.17597E+02  0.57602E+00  0.00000E+00     62  0.00000E+00      0.000
       0.0595 -0.10000E+02  0.00000E+00 -0.10000E+02  0.00000E+00 -0.98391E-03 -0.59502E+00  0.00000E+00 -0.59502E+00  0.00000E+00 -0.58545E-04 -0.23173E+02  0.00000E+00 -0.30000E+03  0.00000E+00  0.61680E-07  0.17616E+02  0.59502E+00  0.00000E+00     63  0.00000E+00      0.000
       0.0620 -0.10000E+02  0.00000E+00 -0.10000E+02  0.00000E+00 -0.98391E-03 -0.61973E+00  0.00000E+00 -0.61973E+00  0.00000E+00 -0.60976E-04 -0.22682E+02  0.00000E+00 -0.30000E+03  0.00000E+00  0.61680E-07  0.17641E+02  0.61973E+00  0.00000E+00     64  0.00000E+00      0.000
       0.0644 -0.10000E+02  0.00000E+00 -0.10000E+02  0.00000E+00 -0.98391E-03 -0.64444E+00  0.00000E+00 -0.64444E+00  0.00000E+00 -0.63407E-04 -0.22210E+02  0.00000E+00 -0.30000E+03  0.00000E+00  0.61680E-07  0.17666E+02  0.64444E+00  0.00000E+00     65  0.00000E+00      0.000
       0.0669 -0.10000E+02  0.00000E+00 -0.10000E+02  0.00000E+00 -0.98391E-03 -0.66914E+00  0.00000E+00 -0.66914E+00  0.00000E+00 -0.65838E-04 -0.21765E+02  0.00000E+00 -0.30000E+03  0.00000E+00  0.61680E-07  0.17690E+02  0.66914E+00  0.00000E+00     66  0.00000E+00      0.000
       0.0694 -0.10000E+02  0.00000E+00 -0.10000E+02  0.00000E+00 -0.98391E-03 -0.69385E+00  0.00000E+00 -0.69385E+00  0.00000E+00 -0.68268E-04 -0.21344E+02  0.00000E+00 -0.30000E+03  0.00000E+00  0.61680E-07  0.17715E+02  0.69385E+00  0.00000E+00     67  0.00000E+00      0.000
       0.0719 -0.10000E+02  0.00000E+00 -0.10000E+02  0.00000E+00 -0.98391E-03 -0.71856E+00  0.00000E+00 -0.71856E+00  0.00000E+00 -0.70699E-04 -0.20924E+02  0.00000E+00 -0.30000E+03  0.00000E+00  0.61680E-07  0.17740E+02  0.71856E+00  0.00000E+00     68  0.00000E+00      0.000
       0.0743 -0.10000E+02  0.00000E+00 -0.10000E+02  0.00000E+00 -0.98391E-03 -0.74326E+00  0.00000E+00 -0.74326E+00  0.00000E+00 -0.73130E-04 -0.20501E+02  0.00000E+00 -0.30000E+03  0.00000E+00  0.61680E-07  0.17764E+02  0.74326E+00  0.00000E+00     69  0.00000E+00      0.000
       0.0769 -0.10000E+02  0.00000E+00 -0.10000E+02  0.00000E+00 -0.98391E-03 -0.76894E+00  0.00000E+00 -0.76894E+00  0.00000E+00 -0.75656E-04 -0.20065E+02  0.00000E+00 -0.30000E+03  0.00000E+00  0.61680E-07  0.17790E+02  0.76894E+00  0.00000E+00     70  0.00000E+00      0.000
       0.0795 -0.10000E+02  0.00000E+00 -0.10000E+02  0.00000E+00 -0.98391E-03 -0.79461E+00  0.00000E+00 -0.79461E+00  0.00000E+00 -0.78182E-04 -0.19624E+02  0.00000E+00 -0.30000E+03  0.00000E+00  0.61680E-07  0.17816E+02  0.79461E+00  0.00000E+00     71  0.00000E+00      0.000
       0.0829 -0.10000E+02  0.00000E+00 -0.10000E+02  0.00000E+00 -0.98391E-03 -0.82884E+00  0.00000E+00 -0.82884E+00  0.00000E+00 -0.81550E-04 -0.19083E+02  0.00000E+00 -0.30000E+03  0.00000E+00  0.61680E-07  0.17850E+02  0.82884E+00  0.00000E+00     72  0.00000E+00      0.000
       0.0863 -0.10000E+02  0.00000E+00 -0.10000E+02  0.00000E+00 -0.98391E-03 -0.86307E+00  0.00000E+00 -0.86307E+00  0.00000E+00 -0.84918E-04 -0.18637E+02  0.00000E+00 -0.30000E+03  0.00000E+00  0.61680E-07  0.17884E+02  0.86307E+00  0.00000E+00     73  0.00000E+00      0.000
       0.0897 -0.10000E+02  0.00000E+00 -0.10000E+02  0.00000E+00 -0.98391E-03 -0.89731E+00  0.00000E+00 -0.89731E+00  0.00000E+00 -0.88287E-04 -0.18254E+02  0.00000E+00 -0.30000E+03  0.00000E+00  0.61680E-07  0.17919E+02  0.89731E+00  0.00000E+00     74  0.00000E+00      0.000
       0.0932 -0.10000E+02  0.00000E+00 -0.10000E+02  0.00000E+00 -0.98391E-03 -0.93154E+00  0.00000E+00 -0.93154E+00  0.00000E+00 -0.91655E-04 -0.17882E+02  0.00000E+00 -0.30000E+03  0.00000E+00  0.61680E-07  0.17953E+02  0.93154E+00  0.00000E+00     75  0.00000E+00      0.000
       0.0966 -0.10000E+02  0.00000E+00 -0.10000E+02  0.00000E+00 -0.98391E-03 -0.96577E+00  0.00000E+00 -0.96577E+00  0.00000E+00 -0.95023E-04 -0.17508E+02  0.00000E+00 -0.30000E+03  0.00000E+00  0.61680E-07  0.17987E+02  0.96577E+00  0.00000E+00     76  0.00000E+00      0.000
       0.1000 -0.10000E+02  0.00000E+00 -0.10000E+02  0.00000E+00 -0.98391E-03 -0.10000E+01  0.00000E+00 -0.10000E+01  0.00000E+00 -0.98391E-04 -0.17131E+02  0.00000E+00 -0.30000E+03  0.00000E+00  0.61680E-07  0.18021E+02  0.10000E+01  0.00000E+00     77  0.00000E+00      0.000
       0.1032 -0.10000E+02  0.00000E+00 -0.10000E+02  0.00000E+00 -0.98391E-03 -0.10321E+01  0.00000E+00 -0.10321E+01  0.00000E+00 -0.10155E-03 -0.16765E+02  0.00000E+00 -0.30000E+03  0.00000E+00  0.61680E-07  0.18053E+02  0.10321E+01  0.00000E+00     78  0.00000E+00      0.000
       0.1064 -0.10000E+02  0.00000E+00 -0.10000E+02  0.00000E+00 -0.98391E-03 -0.10642E+01  0.00000E+00 -0.10642E+01  0.00000E+00 -0.10471E-03 -0.16411E+02  0.00000E+00 -0.30000E+03  0.00000E+00  0.61680E-07  0.18085E+02  0.10642E+01  0.00000E+00     79  0.00000E+00      0.000
       0.1096 -0.10000E+02  0.00000E+00 -0.10000E+02  0.00000E+00 -0.98391E-03 -0.10964E+01  0.00000E+00 -0.10964E+01  0.00000E+00 -0.10787E-03 -0.16089E+02  0.00000E+00 -0.30000E+03  0.00000E+00  0.61680E-07  0.18118E+02  0.10964E+01  0.00000E+00     80  0.00000E+00      0.000
       0.1128 -0.10000E+02  0.00000E+00 -0.10000E+02  0.00000E+00 -0.98391E-03 -0.11285E+01  0.00000E+00 -0.11285E+01  0.00000E+00 -0.11103E-03 -0.15809E+02  0.00000E+00 -0.30000E+03  0.00000E+00  0.61680E-07  0.18150E+02  0.11285E+01  0.00000E+00     81  0.00000E+00      0.000
       0.1161 -0.10000E+02  0.00000E+00 -0.10000E+02  0.00000E+00 -0.98391E-03 -0.11606E+01  0.00000E+00 -0.11606E+01  0.00000E+00 -0.11419E-03 -0.15553E+02  0.00000E+00 -0.30000E+03  0.00000E+00  0.61680E-07  0.18182E+02  0.11606E+01  0.00000E+00     82  0.00000E+00      0.000
       0.1193 -0.10000E+02  0.00000E+00 -0.10000E+02  0.00000E+00 -0.98391E-03 -0.11927E+01  0.00000E+00 -0.11927E+01  0.00000E+00 -0.11735E-03 -0.15299E+02  0.00000E+00 -0.30000E+03  0.00000E+00  0.61680E-07  0.18214E+02  0.11927E+01  0.00000E+00     83  0.00000E+00      0.000
       0.1223 -0.10000E+02  0.00000E+00 -0.10000E+02  0.00000E+00 -0.98391E-03 -0.12234E+01  0.00000E+00 -0.12234E+01  0.00000E+00 -0.12038E-03 -0.15057E+02  0.00000E+00 -0.30000E+03  0.00000E+00  0.61680E-07  0.18245E+02  0.12234E+01  0.00000E+00     84  0.00000E+00      0.000
       0.1254 -0.10000E+02  0.00000E+00 -0.10000E+02  0.00000E+00 -0.98391E-03 -0.12542E+01  0.00000E+00 -0.12542E+01  0.00000E+00 -0.12340E-03 -0.14809E+02  0.00000E+00 -0.30000E+03  0.00000E+00  0.61680E-07  0.18275E+02  0.12542E+01  0.00000E+00     85  0.00000E+00      0.000
       0.1285 -0.10000E+02  0.00000E+00 -0.10000E+02  0.00000E+00 -0.98391E-03 -0.12849E+01  0.00000E+00 -0.12849E+01  0.00000E+00 -0.12642E-03 -0.14564E+02  0.00000E+00 -0.30000E+03  0.00000E+00  0.61680E-07  0.18306E+02  0.12849E+01  0.00000E+00     86  0.00000E+00      0.000
       0.1316 -0.10000E+02  0.00000E+00 -0.10000E+02  0.00000E+00 -0.98391E-03 -0.13156E+01  0.00000E+00 -0.13156E+01  0.00000E+00 -0.12945E-03 -0.14332E+02  0.00000E+00 -0.30000E+03  0.00000E+00  0.61680E-07  0.18337E+02  0.13156E+01  0.00000E+00     87  0.00000E+00      0.000
       0.1346 -0.10000E+02  0.00000E+00 -0.10000E+02  0.00000E+00 -0.98391E-03 -0.13464E+01  0.00000E+00 -0.13464E+01  0.00000E+00 -0.13247E-03 -0.14111E+02  0.00000E+00 -0.30000E+03  0.00000E+00  0.61680E-07  0.18368E+02  0.13464E+01  0.00000E+00     88  0.00000E+00      0.000
       0.1377 -0.10000E+02  0.00000E+00 -0.10000E+02  0.00000E+00 -0.98391E-03 -0.13771E+01  0.00000E+00 -0.13771E+01  0.00000E+00 -0.13549E-03 -0.13908E+02  0.00000E+00 -0.30000E+03  0.00000E+00  0.61680E-07  0.18398E+02  0.13771E+01  0.00000E+00     89  0.00000E+00      0.000
       0.1408 -0.10000E+02  0.00000E+00 -0.10000E+02  0.00000E+00 -0.98391E-03 -0.14078E+01  0.00000E+00 -0.14078E+01  0.00000E+00 -0.13852E-03 -0.13717E+02  0.00000E+00 -0.30000E+03  0.00000E+00  0.61680E-07  0.18429E+02  0.14078E+01  0.00000E+00     90  0.00000E+00      0.000
       0.1439 -0.10000E+02  0.00000E+00 -0.10000E+02  0.00000E+00 -0.98391E-03 -0.14385E+01  0.00000E+00 -0.14385E+01  0.00000E+00 -0.14154E-03 -0.13531E+02  0.00000E+00 -0.30000E+03  0.00000E+00  0.61680E-07  0.18460E+02  0.14385E+01  0.00000E+00     91  0.00000E+00      0.000
       0.1469 -0.10000E+02  0.00000E+00 -0.10000E+02  0.00000E+00 -0.98391E-03 -0.14693E+01  0.00000E+00 -0.14693E+01  0.00000E+00 -0.14456E-03 -0.13343E+02  0.00000E+00 -0.30000E+03  0.00000E+00  0.61680E-07  0.18490E+02  0.14693E+01  0.00000E+00     92  0.00000E+00      0.000
       0.1500 -0.10000E+02  0.00000E+00 -0.10000E+02  0.00000E+00 -0.98391E-03 -0.15000E+01  0.00000E+00 -0.15000E+01  0.00000E+00 -0.14759E-03 -0.13151E+02  0.00000E+00 -0.30000E+03  0.00000E+00  0.61680E-07  0.18521E+02  0.15000E+01  0.00000E+00     93  0.00000E+00      0.000
       0.1532 -0.10000E+02  0.00000E+00 -0.10000E+02  0.00000E+00 -0.98391E-03 -0.15321E+01  0.00000E+00 -0.15321E+01  0.00000E+00 -0.15075E-03 -0.12960E+02  0.00000E+00 -0.30000E+03  0.00000E+00  0.61680E-07  0.18553E+02  0.15321E+01  0.00000E+00     94  0.00000E+00      0.000
       0.1564 -0.10000E+02  0.00000E+00 -0.10000E+02  0.00000E+00 -0.98391E-03 -0.15642E+01  0.00000E+00 -0.15642E+01  0.00000E+00 -0.15391E-03 -0.12778E+02  0.00000E+00 -0.30000E+03  0.00000E+00  0.61680E-07  0.18585E+02  0.15642E+01  0.00000E+00     95  0.00000E+00      0.000
       0.1596 -0.10000E+02  0.00000E+00 -0.10000E+02  0.00000E+00 -0.98391E-03 -0.15964E+01  0.00000E+00 -0.15964E+01  0.00000E+00 -0.15707E-03 -0.12605E+02  0.00000E+00 -0.30000E+03  0.00000E+00  0.61680E-07  0.18617E+02  0.15964E+01  0.00000E+00     96  0.00000E+00      0.000
       0.1628 -0.10000E+02  0.00000E+00 -0.10000E+02  0.00000E+00 -0.98391E-03 -0.16285E+01  0.00000E+00 -0.16285E+01  0.00000E+00 -0.16023E-03 -0.12440E+02  0.00000E+00 -0.30000E+03  0.00000E+00  0.61680E-07  0.18650E+02  0.16285E+01  0.00000E+00     97  0.00000E+00      0.000
       0.1661 -0.10000E+02  0.00000E+00 -0.10000E+02  0.00000E+00 -0.98391E-03 -0.16606E+01  0.00000E+00 -0.16606E+01  0.00000E+00 -0.16339E-03 -0.12283E+02  0.00000E+00 -0.30000E+03  0.00000E+00  0.61680E-07  0.18682E+02  0.16606E+01  0.00000E+00     98  0.00000E+00      0.000
       0.1693 -0.10000E+02  0.00000E+00 -0.10000E+02  0.00000E+00 -0.98391E-03 -0.16927E+01  0.00000E+00 -0.16927E+01  0.00000E+00 -0.16655E-03 -0.12128E+02  0.00000E+00 -0.30000E+03  0.00000E+00  0.61680E-07  0.18714E+02  0.16927E+01  0.00000E+00     99  0.00000E+00      0.000
       0.1723 -0.10000E+02  0.00000E+00 -0.10000E+02  0.00000E+00 -0.98391E-03 -0.17234E+01  0.00000E+00 -0.17234E+01  0.00000E+00 -0.16957E-03 -0.11980E+02  0.00000E+00 -0.30000E+03  0.00000E+00  0.61680E-07  0.18745E+02  0.17234E+01  0.00000E+00    100  0.00000E+00      0.000
       0.1754 -0.10000E+02  0.00000E+00 -0.10000E+02  0.00000E+00 -0.98391E-03 -0.17542E+01  0.00000E+00 -0.17542E+01  0.00000E+00 -0.17259E-03 -0.11829E+02  0.00000E+00 -0.30000E+03  0.00000E+00  0.61680E-07  0.18775E+02  0.17542E+01  0.00000E+00    101  0.00000E+00      0.000
       0.1785 -0.10000E+02  0.00000E+00 -0.10000E+02  0.00000E+00 -0.98391E-03 -0.17849E+01  0.00000E+00 -0.17849E+01  0.00000E+00 -0.17562E-03 -0.11684E+02  0.00000E+00 -0.30000E+03  0.00000E+00  0.61680E-07  0.18806E+02  0.17849E+01  0.00000E+00    102  0.00000E+00      0.000
       0.1816 -0.10000E+02  0.00000E+00 -0.10000E+02  0.00000E+00 -0.98391E-03 -0.18156E+01  0.00000E+00 -0.18156E+01  0.00000E+00 -0.17864E-03 -0.11548E+02  0.00000E+00 -0.30000E+03  0.00000E+00  0.61680E-07  0.18837E+02  0.18156E+01  0.00000E+00    103  0.00000E+00      0.000
       0.1846 -0.10000E+02  0.00000E+00 -0.10000E+02  0.00000E+00 -0.98391E-03 -0.18464E+01  0.00000E+00 -0.18464E+01  0.00000E+00 -0.18166E-03 -0.11417E+02  0.00000E+00 -0.30000E+03  0.00000E+00  0.61680E-07  0.18867E+02  0.18464E+01  0.00000E+00    104  0.00000E+00      0.000
       0.1877 -0.10000E+02  0.00000E+00 -0.10000E+02  0.00000E+00 -0.98391E-03 -0.18771E+01  0.00000E+00 -0.18771E+01  0.00000E+00 -0.18469E-03 -0.11291E+02  0.00000E+00 -0.30000E+03  0.00000E+00  0.61680E-07  0.18898E+02  0.18771E+01  0.00000E+00    105  0.00000E+00      0.000
       0.1908 -0.10000E+02  0.00000E+00 -0.10000E+02  0.00000E+00 -0.98391E-03 -0.19078E+01  0.00000E+00 -0.19078E+01  0.00000E+00 -0.18771E-03 -0.11169E+02  0.00000E+00 -0.30000E+03  0.00000E+00  0.61680E-07  0.18929E+02  0.19078E+01  0.00000E+00    106  0.00000E+00      0.000
       0.1939 -0.10000E+02  0.00000E+00 -0.10000E+02  0.00000E+00 -0.98391E-03 -0.19385E+01  0.00000E+00 -0.19385E+01  0.00000E+00 -0.19073E-03 -0.11050E+02  0.00000E+00 -0.30000E+03  0.00000E+00  0.61680E-07  0.18960E+02  0.19385E+01  0.00000E+00    107  0.00000E+00      0.000
       0.1969 -0.10000E+02  0.00000E+00 -0.10000E+02  0.00000E+00 -0.98391E-03 -0.19693E+01  0.00000E+00 -0.19693E+01  0.00000E+00 -0.19376E-03 -0.10930E+02  0.00000E+00 -0.30000E+03  0.00000E+00  0.61680E-07  0.18990E+02  0.19693E+01  0.00000E+00    108  0.00000E+00      0.000
       0.2000 -0.10000E+02  0.00000E+00 -0.10000E+02  0.00000E+00 -0.98391E-03 -0.20000E+01  0.00000E+00 -0.20000E+01  0.00000E+00 -0.19678E-03 -0.10809E+02  0.00000E+00 -0.30000E+03  0.00000E+00  0.61680E-07  0.19021E+02  0.20000E+01  0.00000E+00    109  0.00000E+00      0.000
       0.2032 -0.10000E+02  0.00000E+00 -0.10000E+02  0.00000E+00 -0.98391E-03 -0.20321E+01  0.00000E+00 -0.20321E+01  0.00000E+00 -0.19994E-03 -0.10684E+02  0.00000E+00 -0.30000E+03  0.00000E+00  0.61680E-07  0.19053E+02  0.20321E+01  0.00000E+00    110  0.00000E+00      0.000
       0.2064 -0.10000E+02  0.00000E+00 -0.10000E+02  0.00000E+00 -0.98391E-03 -0.20642E+01  0.00000E+00 -0.20642E+01  0.00000E+00 -0.20310E-03 -0.10568E+02  0.00000E+00 -0.30000E+03  0.00000E+00  0.61680E-07  0.19085E+02  0.20642E+01  0.00000E+00    111  0.00000E+00      0.000
       0.2096 -0.10000E+02  0.00000E+00 -0.10000E+02  0.00000E+00 -0.98391E-03 -0.20964E+01  0.00000E+00 -0.20964E+01  0.00000E+00 -0.20626E-03 -0.10458E+02  0.00000E+00 -0.30000E+03  0.00000E+00  0.61680E-07  0.19117E+02  0.20964E+01  0.00000E+00    112  0.00000E+00      0.000
       0.2128 -0.10000E+02  0.00000E+00 -0.10000E+02  0.00000E+00 -0.98391E-03 -0.21285E+01  0.00000E+00 -0.21285E+01  0.00000E+00 -0.20942E-03 -0.10352E+02  0.00000E+00 -0.30000E+03  0.00000E+00  0.61680E-07  0.19150E+02  0.21285E+01  0.00000E+00    113  0.00000E+00      0.000
       0.2161 -0.10000E+02  0.00000E+00 -0.10000E+02  0.00000E+00 -0.98391E-03 -0.21606E+01  0.00000E+00 -0.21606E+01  0.00000E+00 -0.21258E-03 -0.10249E+02  0.00000E+00 -0.30000E+03  0.00000E+00  0.61680E-07  0.19182E+02  0.21606E+01  0.00000E+00    114  0.00000E+00      0.000
       0.2193 -0.10000E+02  0.00000E+00 -0.10000E+02  0.00000E+00 -0.98391E-03 -0.21927E+01  0.00000E+00 -0.21927E+01  0.00000E+00 -0.21574E-03 -0.10148E+02  0.00000E+00 -0.30000E+03  0.00000E+00  0.61680E-07  0.19214E+02  0.21927E+01  0.00000E+00    115  0.00000E+00      0.000
       0.2223 -0.10000E+02  0.00000E+00 -0.10000E+02  0.00000E+00 -0.98391E-03 -0.22234E+01  0.00000E+00 -0.22234E+01  0.00000E+00 -0.21877E-03 -0.10050E+02  0.00000E+00 -0.30000E+03  0.00000E+00  0.61680E-07  0.19245E+02  0.22234E+01  0.00000E+00    116  0.00000E+00      0.000
       0.2254 -0.10000E+02  0.00000E+00 -0.10000E+02  0.00000E+00 -0.98391E-03 -0.22542E+01  0.00000E+00 -0.22542E+01  0.00000E+00 -0.22179E-03 -0.99521E+01  0.00000E+00 -0.30000E+03  0.00000E+00  0.61680E-07  0.19275E+02  0.22542E+01  0.00000E+00    117  0.00000E+00      0.000
       0.2285 -0.10000E+02  0.00000E+00 -0.10000E+02  0.00000E+00 -0.98391E-03 -0.22849E+01  0.00000E+00 -0.22849E+01  0.00000E+00 -0.22481E-03 -0.98545E+01  0.00000E+00 -0.30000E+03  0.00000E+00  0.61680E-07  0.19306E+02  0.22849E+01  0.00000E+00    118  0.00000E+00      0.000
       0.2316 -0.10000E+02  0.00000E+00 -0.10000E+02  0.00000E+00 -0.98391E-03 -0.23156E+01  0.00000E+00 -0.23156E+01  0.00000E+00 -0.22784E-03 -0.97611E+01  0.00000E+00 -0.30000E+03  0.00000E+00  0.61680E-07  0.19337E+02  0.23156E+01  0.00000E+00    119  0.00000E+00      0.000
       0.2346 -0.10000E+02  0.00000E+00 -0.10000E+02  0.00000E+00 -0.98391E-03 -0.23464E+01  0.00000E+00 -0.23464E+01  0.00000E+00 -0.23086E-03 -0.96722E+01  0.00000E+00 -0.30000E+03  0.00000E+00  0.61680E-07  0.19367E+02  0.23464E+01  0.00000E+00    120  0.00000E+00      0.000
       0.2377 -0.10000E+02  0.00000E+00 -0.10000E+02  0.00000E+00 -0.98391E-03 -0.23771E+01  0.00000E+00 -0.23771E+01  0.00000E+00 -0.23388E-03 -0.95866E+01  0.00000E+00 -0.30000E+03  0.00000E+00  0.61680E-07  0.19398E+02  0.23771E+01  0.00000E+00    121  0.00000E+00      0.000
       0.2408 -0.10000E+02  0.00000E+00 -0.10000E+02  0.00000E+00 -0.98391E-03 -0.24078E+01  0.00000E+00 -0.24078E+01  0.00000E+00 -0.23691E-03 -0.95035E+01  0.00000E+00 -0.30000E+03  0.00000E+00  0.61680E-07  0.19429E+02  0.24078E+01  0.00000E+00    122  0.00000E+00      0.000
       0.2439 -0.10000E+02  0.00000E+00 -0.10000E+02  0.00000E+00 -0.98391E-03 -0.24385E+01  0.00000E+00 -0.24385E+01  0.00000E+00 -0.23993E-03 -0.94216E+01  0.00000E+00 -0.30000E+03  0.00000E+00  0.61680E-07  0.19460E+02  0.24385E+01  0.00000E+00    123  0.00000E+00      0.000
       0.2469 -0.10000E+02  0.00000E+00 -0.10000E+02  0.00000E+00 -0.98391E-03 -0.24693E+01  0.00000E+00 -0.24693E+01  0.00000E+00 -0.24295E-03 -0.93399E+01  0.00000E+00 -0.30000E+03  0.00000E+00  0.61680E-07  0.19490E+02  0.24693E+01  0.00000E+00    124  0.00000E+00      0.000
       0.2500 -0.10000E+02  0.00000E+00 -0.10000E+02  0.00000E+00 -0.98391E-03 -0.25000E+01  0.00000E+00 -0.25000E+01  0.00000E+00 -0.24598E-03 -0.92588E+01  0.00000E+00 -0.30000E+03  0.00000E+00  0.61680E-07  0.19521E+02  0.25000E+01  0.00000E+00    125  0.00000E+00      0.000
       0.2532 -0.10000E+02  0.00000E+00 -0.10000E+02  0.00000E+00 -0.98391E-03 -0.25321E+01  0.00000E+00 -0.25321E+01  0.00000E+00 -0.24914E-03 -0.91749E+01  0.00000E+00 -0.30000E+03  0.00000E+00  0.61680E-07  0.19553E+02  0.25321E+01  0.00000E+00    126  0.00000E+00      0.000
       0.2564 -0.10000E+02  0.00000E+00 -0.10000E+02  0.00000E+00 -0.98391E-03 -0.25642E+01  0.00000E+00 -0.25642E+01  0.00000E+00 -0.25230E-03 -0.90930E+01  0.00000E+00 -0.30000E+03  0.00000E+00  0.61680E-07  0.19585E+02  0.25642E+01  0.00000E+00    127  0.00000E+00      0.000
       0.2596 -0.10000E+02  0.00000E+00 -0.10000E+02  0.00000E+00 -0.98391E-03 -0.25964E+01  0.00000E+00 -0.25964E+01  0.00000E+00 -0.25546E-03 -0.90146E+01  0.00000E+00 -0.30000E+03  0.00000E+00  0.61680E-07  0.19617E+02  0.25964E+01  0.00000E+00    128  0.00000E+00      0.000
       0.2628 -0.10000E+02  0.00000E+00 -0.10000E+02  0.00000E+00 -0.98391E-03 -0.26285E+01  0.00000E+00 -0.26285E+01  0.00000E+00 -0.25862E-03 -0.89386E+01  0.00000E+00 -0.30000E+03  0.00000E+00  0.61680E-07  0.19650E+02  0.26285E+01  0.00000E+00    129  0.00000E+00      0.000
       0.2670 -0.10000E+02  0.00000E+00 -0.10000E+02  0.00000E+00 -0.98391E-03 -0.26698E+01  0.00000E+00 -0.26698E+01  0.00000E+00 -0.26268E-03 -0.88452E+01  0.00000E+00 -0.30000E+03  0.00000E+00  0.61680E-07  0.19691E+02  0.26698E+01  0.00000E+00    130  0.00000E+00      0.000
       0.2711 -0.10000E+02  0.00000E+00 -0.10000E+02  0.00000E+00 -0.98391E-03 -0.27110E+01  0.00000E+00 -0.27110E+01  0.00000E+00 -0.26674E-03 -0.87530E+01  0.00000E+00 -0.30000E+03  0.00000E+00  0.61680E-07  0.19732E+02  0.27110E+01  0.00000E+00    131  0.00000E+00      0.000
       0.2752 -0.10000E+02  0.00000E+00 -0.10000E+02  0.00000E+00 -0.98391E-03 -0.27523E+01  0.00000E+00 -0.27523E+01  0.00000E+00 -0.27080E-03 -0.86614E+01  0.00000E+00 -0.30000E+03  0.00000E+00  0.61680E-07  0.19773E+02  0.27523E+01  0.00000E+00    132  0.00000E+00      0.000
       0.2794 -0.10000E+02  0.00000E+00 -0.10000E+02  0.00000E+00 -0.98391E-03 -0.27936E+01  0.00000E+00 -0.27936E+01  0.00000E+00 -0.27486E-03 -0.85723E+01  0.00000E+00 -0.30000E+03  0.00000E+00  0.61680E-07  0.19815E+02  0.27936E+01  0.00000E+00    133  0.00000E+00      0.000
       0.2835 -0.10000E+02  0.00000E+00 -0.10000E+02  0.00000E+00 -0.98391E-03 -0.28349E+01  0.00000E+00 -0.28349E+01  0.00000E+00 -0.27893E-03 -0.84870E+01  0.00000E+00 -0.30000E+03  0.00000E+00  0.61680E-07  0.19856E+02  0.28349E+01  0.00000E+00    134  0.00000E+00      0.000
       0.2876 -0.10000E+02  0.00000E+00 -0.10000E+02  0.00000E+00 -0.98391E-03 -0.28762E+01  0.00000E+00 -0.28762E+01  0.00000E+00 -0.28299E-03 -0.84051E+01  0.00000E+00 -0.30000E+03  0.00000E+00  0.61680E-07  0.19897E+02  0.28762E+01  0.00000E+00    135  0.00000E+00      0.000
       0.2917 -0.10000E+02  0.00000E+00 -0.10000E+02  0.00000E+00 -0.98391E-03 -0.29174E+01  0.00000E+00 -0.29174E+01  0.00000E+00 -0.28705E-03 -0.83258E+01  0.00000E+00 -0.30000E+03  0.00000E+00  0.61680E-07  0.19938E+02  0.29174E+01  0.00000E+00    136  0.00000E+00      0.000
       0.2959 -0.10000E+02  0.00000E+00 -0.10000E+02  0.00000E+00 -0.98391E-03 -0.29587E+01  0.00000E+00 -0.29587E+01  0.00000E+00 -0.29111E-03 -0.82480E+01  0.00000E+00 -0.30000E+03  0.00000E+00  0.61680E-07  0.19980E+02  0.29587E+01  0.00000E+00    137  0.00000E+00      0.000
       0.3000 -0.10000E+02  0.00000E+00 -0.10000E+02  0.00000E+00 -0.98391E-03 -0.30000E+01  0.00000E+00 -0.30000E+01  0.00000E+00 -0.29517E-03 -0.81707E+01  0.00000E+00 -0.30000E+03  0.00000E+00  0.61680E-07  0.20021E+02  0.30000E+01  0.00000E+00    138  0.00000E+00      0.000
       0.3042 -0.10000E+02  0.00000E+00 -0.10000E+02  0.00000E+00 -0.98391E-03 -0.30418E+01  0.00000E+00 -0.30418E+01  0.00000E+00 -0.29928E-03 -0.80939E+01  0.00000E+00 -0.30000E+03  0.00000E+00  0.61680E-07  0.20063E+02  0.30418E+01  0.00000E+00    139  0.00000E+00      0.000
       0.3084 -0.10000E+02  0.00000E+00 -0.10000E+02  0.00000E+00 -0.98391E-03 -0.30835E+01  0.00000E+00 -0.30835E+01  0.00000E+00 -0.30339E-03 -0.80195E+01  0.00000E+00 -0.30000E+03  0.00000E+00  0.61680E-07  0.20105E+02  0.30835E+01  0.00000E+00    140  0.00000E+00      0.000
       0.3125 -0.10000E+02  0.00000E+00 -0.10000E+02  0.00000E+00 -0.98391E-03 -0.31252E+01  0.00000E+00 -0.31252E+01  0.00000E+00 -0.30749E-03 -0.79483E+01  0.00000E+00 -0.30000E+03  0.00000E+00  0.61680E-07  0.20146E+02  0.31252E+01  0.00000E+00    141  0.00000E+00      0.000
       0.3167 -0.10000E+02  0.00000E+00 -0.10000E+02  0.00000E+00 -0.98391E-03 -0.31668E+01  0.00000E+00 -0.31668E+01  0.00000E+00 -0.31158E-03 -0.78794E+01  0.00000E+00 -0.30000E+03  0.00000E+00  0.61680E-07  0.20188E+02  0.31668E+01  0.00000E+00    142  0.00000E+00      0.000
       0.3208 -0.10000E+02  0.00000E+00 -0.10000E+02  0.00000E+00 -0.98391E-03 -0.32085E+01  0.00000E+00 -0.32085E+01  0.00000E+00 -0.31568E-03 -0.78120E+01  0.00000E+00 -0.30000E+03  0.00000E+00  0.61680E-07  0.20229E+02  0.32085E+01  0.00000E+00    143  0.00000E+00      0.000
       0.3250 -0.10000E+02  0.00000E+00 -0.10000E+02  0.00000E+00 -0.98391E-03 -0.32501E+01  0.00000E+00 -0.32501E+01  0.00000E+00 -0.31978E-03 -0.77452E+01  0.00000E+00 -0.30000E+03  0.00000E+00  0.61680E-07  0.20271E+02  0.32501E+01  0.00000E+00    144  0.00000E+00      0.000
       0.3292 -0.10000E+02  0.00000E+00 -0.10000E+02  0.00000E+00 -0.98391E-03 -0.32918E+01  0.00000E+00 -0.32918E+01  0.00000E+00 -0.32388E-03 -0.76789E+01  0.00000E+00 -0.30000E+03  0.00000E+00  0.61680E-07  0.20313E+02  0.32918E+01  0.00000E+00    145  0.00000E+00      0.000
       0.3333 -0.10000E+02  0.00000E+00 -0.10000E+02  0.00000E+00 -0.98391E-03 -0.33334E+01  0.00000E+00 -0.33334E+01  0.00000E+00 -0.32798E-03 -0.76145E+01  0.00000E+00 -0.30000E+03  0.00000E+00  0.61680E-07  0.20354E+02  0.33334E+01  0.00000E+00    146  0.00000E+00      0.000
       0.3375 -0.10000E+02  0.00000E+00 -0.10000E+02  0.00000E+00 -0.98391E-03 -0.33751E+01  0.00000E+00 -0.33751E+01  0.00000E+00 -0.33207E-03 -0.75523E+01  0.00000E+00 -0.30000E+03  0.00000E+00  0.61680E-07  0.20396E+02  0.33751E+01  0.00000E+00    147  0.00000E+00      0.000
       0.3417 -0.10000E+02  0.00000E+00 -0.10000E+02  0.00000E+00 -0.98391E-03 -0.34167E+01  0.00000E+00 -0.34167E+01  0.00000E+00 -0.33617E-03 -0.74923E+01  0.00000E+00 -0.30000E+03  0.00000E+00  0.61680E-07  0.20438E+02  0.34167E+01  0.00000E+00    148  0.00000E+00      0.000
       0.3458 -0.10000E+02  0.00000E+00 -0.10000E+02  0.00000E+00 -0.98391E-03 -0.34584E+01  0.00000E+00 -0.34584E+01  0.00000E+00 -0.34027E-03 -0.74335E+01  0.00000E+00 -0.30000E+03  0.00000E+00  0.61680E-07  0.20479E+02  0.34584E+01  0.00000E+00    149  0.00000E+00      0.000
       0.3500 -0.10000E+02  0.00000E+00 -0.10000E+02  0.00000E+00 -0.98391E-03 -0.35000E+01  0.00000E+00 -0.35000E+01  0.00000E+00 -0.34437E-03 -0.73756E+01  0.00000E+00 -0.30000E+03  0.00000E+00  0.61680E-07  0.20521E+02  0.35000E+01  0.00000E+00    150  0.00000E+00      0.000
       0.3542 -0.10000E+02  0.00000E+00 -0.10000E+02  0.00000E+00 -0.98391E-03 -0.35418E+01  0.00000E+00 -0.35418E+01  0.00000E+00 -0.34848E-03 -0.73183E+01  0.00000E+00 -0.30000E+03  0.00000E+00  0.61680E-07  0.20563E+02  0.35418E+01  0.00000E+00    151  0.00000E+00      0.000
       0.3584 -0.10000E+02  0.00000E+00 -0.10000E+02  0.00000E+00 -0.98391E-03 -0.35835E+01  0.00000E+00 -0.35835E+01  0.00000E+00 -0.35258E-03 -0.72626E+01  0.00000E+00 -0.30000E+03  0.00000E+00  0.61680E-07  0.20604E+02  0.35835E+01  0.00000E+00    152  0.00000E+00      0.000
       0.3625 -0.10000E+02  0.00000E+00 -0.10000E+02  0.00000E+00 -0.98391E-03 -0.36252E+01  0.00000E+00 -0.36252E+01  0.00000E+00 -0.35668E-03 -0.72087E+01  0.00000E+00 -0.30000E+03  0.00000E+00  0.61680E-07  0.20646E+02  0.36252E+01  0.00000E+00    153  0.00000E+00      0.000
       0.3667 -0.10000E+02  0.00000E+00 -0.10000E+02  0.00000E+00 -0.98391E-03 -0.36668E+01  0.00000E+00 -0.36668E+01  0.00000E+00 -0.36078E-03 -0.71566E+01  0.00000E+00 -0.30000E+03  0.00000E+00  0.61680E-07  0.20688E+02  0.36668E+01  0.00000E+00    154  0.00000E+00      0.000
       0.3708 -0.10000E+02  0.00000E+00 -0.10000E+02  0.00000E+00 -0.98391E-03 -0.37085E+01  0.00000E+00 -0.37085E+01  0.00000E+00 -0.36488E-03 -0.71056E+01  0.00000E+00 -0.30000E+03  0.00000E+00  0.61680E-07  0.20729E+02  0.37085E+01  0.00000E+00    155  0.00000E+00      0.000
       0.3750 -0.10000E+02  0.00000E+00 -0.10000E+02  0.00000E+00 -0.98391E-03 -0.37501E+01  0.00000E+00 -0.37501E+01  0.00000E+00 -0.36898E-03 -0.70554E+01  0.00000E+00 -0.30000E+03  0.00000E+00  0.61680E-07  0.20771E+02  0.37501E+01  0.00000E+00    156  0.00000E+00      0.000
       0.3792 -0.10000E+02  0.00000E+00 -0.10000E+02  0.00000E+00 -0.98391E-03 -0.37918E+01  0.00000E+00 -0.37918E+01  0.00000E+00 -0.37307E-03 -0.70062E+01  0.00000E+00 -0.30000E+03  0.00000E+00  0.61680E-07  0.20813E+02  0.37918E+01  0.00000E+00    157  0.00000E+00      0.000
       0.3833 -0.10000E+02  0.00000E+00 -0.10000E+02  0.00000E+00 -0.98391E-03 -0.38334E+01  0.00000E+00 -0.38334E+01  0.00000E+00 -0.37717E-03 -0.69583E+01  0.00000E+00 -0.30000E+03  0.00000E+00  0.61680E-07  0.20854E+02  0.38334E+01  0.00000E+00    158  0.00000E+00      0.000
       0.3875 -0.10000E+02  0.00000E+00 -0.10000E+02  0.00000E+00 -0.98391E-03 -0.38751E+01  0.00000E+00 -0.38751E+01  0.00000E+00 -0.38127E-03 -0.69119E+01  0.00000E+00 -0.30000E+03  0.00000E+00  0.61680E-07  0.20896E+02  0.38751E+01  0.00000E+00    159  0.00000E+00      0.000
       0.3917 -0.10000E+02  0.00000E+00 -0.10000E+02  0.00000E+00 -0.98391E-03 -0.39167E+01  0.00000E+00 -0.39167E+01  0.00000E+00 -0.38537E-03 -0.68671E+01  0.00000E+00 -0.30000E+03  0.00000E+00  0.61680E-07  0.20938E+02  0.39167E+01  0.00000E+00    160  0.00000E+00      0.000
       0.3958 -0.10000E+02  0.00000E+00 -0.10000E+02  0.00000E+00 -0.98391E-03 -0.39584E+01  0.00000E+00 -0.39584E+01  0.00000E+00 -0.38947E-03 -0.68232E+01  0.00000E+00 -0.30000E+03  0.00000E+00  0.61680E-07  0.20979E+02  0.39584E+01  0.00000E+00    161  0.00000E+00      0.000
       0.4000 -0.10000E+02  0.00000E+00 -0.10000E+02  0.00000E+00 -0.98391E-03 -0.40000E+01  0.00000E+00 -0.40000E+01  0.00000E+00 -0.39356E-03 -0.67800E+01  0.00000E+00 -0.30000E+03  0.00000E+00  0.61680E-07  0.21021E+02  0.40000E+01  0.00000E+00    162  0.00000E+00      0.000
       0.4042 -0.10000E+02  0.00000E+00 -0.10000E+02  0.00000E+00 -0.98391E-03 -0.40418E+01  0.00000E+00 -0.40418E+01  0.00000E+00 -0.39767E-03 -0.67373E+01  0.00000E+00 -0.30000E+03  0.00000E+00  0.61680E-07  0.21063E+02  0.40418E+01  0.00000E+00    163  0.00000E+00      0.000
       0.4084 -0.10000E+02  0.00000E+00 -0.10000E+02  0.00000E+00 -0.98391E-03 -0.40835E+01  0.00000E+00 -0.40835E+01  0.00000E+00 -0.40178E-03 -0.66958E+01  0.00000E+00 -0.30000E+03  0.00000E+00  0.61680E-07  0.21104E+02  0.40835E+01  0.00000E+00    164  0.00000E+00      0.000
       0.4125 -0.10000E+02  0.00000E+00 -0.10000E+02  0.00000E+00 -0.98391E-03 -0.41252E+01  0.00000E+00 -0.41252E+01  0.00000E+00 -0.40588E-03 -0.66554E+01  0.00000E+00 -0.30000E+03  0.00000E+00  0.61680E-07  0.21146E+02  0.41252E+01  0.00000E+00    165  0.00000E+00      0.000
       0.4167 -0.10000E+02  0.00000E+00 -0.10000E+02  0.00000E+00 -0.98391E-03 -0.41668E+01  0.00000E+00 -0.41668E+01  0.00000E+00 -0.40998E-03 -0.66164E+01  0.00000E+00 -0.30000E+03  0.00000E+00  0.61680E-07  0.21188E+02  0.41668E+01  0.00000E+00    166  0.00000E+00      0.000
       0.4208 -0.10000E+02  0.00000E+00 -0.10000E+02  0.00000E+00 -0.98391E-03 -0.42085E+01  0.00000E+00 -0.42085E+01  0.00000E+00 -0.41407E-03 -0.65783E+01  0.00000E+00 -0.30000E+03  0.00000E+00  0.61680E-07  0.21229E+02  0.42085E+01  0.00000E+00    167  0.00000E+00      0.000
       0.4250 -0.10000E+02  0.00000E+00 -0.10000E+02  0.00000E+00 -0.98391E-03 -0.42501E+01  0.00000E+00 -0.42501E+01  0.00000E+00 -0.41817E-03 -0.65409E+01  0.00000E+00 -0.30000E+03  0.00000E+00  0.61680E-07  0.21271E+02  0.42501E+01  0.00000E+00    168  0.00000E+00      0.000
       0.4292 -0.10000E+02  0.00000E+00 -0.10000E+02  0.00000E+00 -0.98391E-03 -0.42918E+01  0.00000E+00 -0.42918E+01  0.00000E+00 -0.42227E-03 -0.65039E+01  0.00000E+00 -0.30000E+03  0.00000E+00  0.61680E-07  0.21313E+02  0.42918E+01  0.00000E+00    169  0.00000E+00      0.000
       0.4333 -0.10000E+02  0.00000E+00 -0.10000E+02  0.00000E+00 -0.98391E-03 -0.43334E+01  0.00000E+00 -0.43334E+01  0.00000E+00 -0.42637E-03 -0.64677E+01  0.00000E+00 -0.30000E+03  0.00000E+00  0.61680E-07  0.21354E+02  0.43334E+01  0.00000E+00    170  0.00000E+00      0.000
       0.4375 -0.10000E+02  0.00000E+00 -0.10000E+02  0.00000E+00 -0.98391E-03 -0.43751E+01  0.00000E+00 -0.43751E+01  0.00000E+00 -0.43046E-03 -0.64324E+01  0.00000E+00 -0.30000E+03  0.00000E+00  0.61680E-07  0.21396E+02  0.43751E+01  0.00000E+00    171  0.00000E+00      0.000
       0.4417 -0.10000E+02  0.00000E+00 -0.10000E+02  0.00000E+00 -0.98391E-03 -0.44167E+01  0.00000E+00 -0.44167E+01  0.00000E+00 -0.43456E-03 -0.63982E+01  0.00000E+00 -0.30000E+03  0.00000E+00  0.61680E-07  0.21438E+02  0.44167E+01  0.00000E+00    172  0.00000E+00      0.000
       0.4458 -0.10000E+02  0.00000E+00 -0.10000E+02  0.00000E+00 -0.98391E-03 -0.44584E+01  0.00000E+00 -0.44584E+01  0.00000E+00 -0.43866E-03 -0.63649E+01  0.00000E+00 -0.30000E+03  0.00000E+00  0.61680E-07  0.21479E+02  0.44584E+01  0.00000E+00    173  0.00000E+00      0.000
       0.4500 -0.10000E+02  0.00000E+00 -0.10000E+02  0.00000E+00 -0.98391E-03 -0.45000E+01  0.00000E+00 -0.45000E+01  0.00000E+00 -0.44276E-03 -0.63321E+01  0.00000E+00 -0.30000E+03  0.00000E+00  0.61680E-07  0.21521E+02  0.45000E+01  0.00000E+00    174  0.00000E+00      0.000
       0.4542 -0.10000E+02  0.00000E+00 -0.10000E+02  0.00000E+00 -0.98391E-03 -0.45418E+01  0.00000E+00 -0.45418E+01  0.00000E+00 -0.44687E-03 -0.62998E+01  0.00000E+00 -0.30000E+03  0.00000E+00  0.61680E-07  0.21563E+02  0.45418E+01  0.00000E+00    175  0.00000E+00      0.000
       0.4584 -0.10000E+02  0.00000E+00 -0.10000E+02  0.00000E+00 -0.98391E-03 -0.45835E+01  0.00000E+00 -0.45835E+01  0.00000E+00 -0.45098E-03 -0.62679E+01  0.00000E+00 -0.30000E+03  0.00000E+00  0.61680E-07  0.21604E+02  0.45835E+01  0.00000E+00    176  0.00000E+00      0.000
       0.4625 -0.10000E+02  0.00000E+00 -0.10000E+02  0.00000E+00 -0.98391E-03 -0.46252E+01  0.00000E+00 -0.46252E+01  0.00000E+00 -0.45507E-03 -0.62368E+01  0.00000E+00 -0.30000E+03  0.00000E+00  0.61680E-07  0.21646E+02  0.46252E+01  0.00000E+00    177  0.00000E+00      0.000
       0.4667 -0.10000E+02  0.00000E+00 -0.10000E+02  0.00000E+00 -0.98391E-03 -0.46668E+01  0.00000E+00 -0.46668E+01  0.00000E+00 -0.45917E-03 -0.62067E+01  0.00000E+00 -0.30000E+03  0.00000E+00  0.61680E-07  0.21688E+02  0.46668E+01  0.00000E+00    178  0.00000E+00      0.000
       0.4708 -0.10000E+02  0.00000E+00 -0.10000E+02  0.00000E+00 -0.98391E-03 -0.47085E+01  0.00000E+00 -0.47085E+01  0.00000E+00 -0.46327E-03 -0.61773E+01  0.00000E+00 -0.30000E+03  0.00000E+00  0.61680E-07  0.21729E+02  0.47085E+01  0.00000E+00    179  0.00000E+00      0.000
       0.4750 -0.10000E+02  0.00000E+00 -0.10000E+02  0.00000E+00 -0.98391E-03 -0.47501E+01  0.00000E+00 -0.47501E+01  0.00000E+00 -0.46737E-03 -0.61485E+01  0.00000E+00 -0.30000E+03  0.00000E+00  0.61680E-07  0.21771E+02  0.47501E+01  0.00000E+00    180  0.00000E+00      0.000
       0.4792 -0.10000E+02  0.00000E+00 -0.10000E+02  0.00000E+00 -0.98391E-03 -0.47918E+01  0.00000E+00 -0.47918E+01  0.00000E+00 -0.47146E-03 -0.61202E+01  0.00000E+00 -0.30000E+03  0.00000E+00  0.61680E-07  0.21813E+02  0.47918E+01  0.00000E+00    181  0.00000E+00      0.000
       0.4833 -0.10000E+02  0.00000E+00 -0.10000E+02  0.00000E+00 -0.98391E-03 -0.48334E+01  0.00000E+00 -0.48334E+01  0.00000E+00 -0.47556E-03 -0.60922E+01  0.00000E+00 -0.30000E+03  0.00000E+00  0.61680E-07  0.21854E+02  0.48334E+01  0.00000E+00    182  0.00000E+00      0.000
       0.4875 -0.10000E+02  0.00000E+00 -0.10000E+02  0.00000E+00 -0.98391E-03 -0.48751E+01  0.00000E+00 -0.48751E+01  0.00000E+00 -0.47966E-03 -0.60647E+01  0.00000E+00 -0.30000E+03  0.00000E+00  0.61680E-07  0.21896E+02  0.48751E+01  0.00000E+00    183  0.00000E+00      0.000
       0.4917 -0.10000E+02  0.00000E+00 -0.10000E+02  0.00000E+00 -0.98391E-03 -0.49167E+01  0.00000E+00 -0.49167E+01  0.00000E+00 -0.48376E-03 -0.60380E+01  0.00000E+00 -0.30000E+03  0.00000E+00  0.61680E-07  0.21938E+02  0.49167E+01  0.00000E+00    184  0.00000E+00      0.000
       0.4958 -0.10000E+02  0.00000E+00 -0.10000E+02  0.00000E+00 -0.98391E-03 -0.49584E+01  0.00000E+00 -0.49584E+01  0.00000E+00 -0.48786E-03 -0.60119E+01  0.00000E+00 -0.30000E+03  0.00000E+00  0.61680E-07  0.21979E+02  0.49584E+01  0.00000E+00    185  0.00000E+00      0.000
       0.5000 -0.10000E+02  0.00000E+00 -0.10000E+02  0.00000E+00 -0.98391E-03 -0.50000E+01  0.00000E+00 -0.50000E+01  0.00000E+00 -0.49195E-03 -0.59864E+01  0.00000E+00 -0.30000E+03  0.00000E+00  0.61680E-07  0.22021E+02  0.50000E+01  0.00000E+00    186  0.00000E+00      0.000
       0.5042  0.00000E+00  0.00000E+00 -0.36955E-05  0.00000E+00 -0.98391E-03 -0.50000E+01  0.00000E+00 -0.50000E+01  0.00000E+00 -0.49606E-03 -0.97594E+01  0.00000E+00 -0.30000E+03  0.00000E+00  0.61680E-07  0.22021E+02  0.50000E+01  0.00000E+00    187  0.00000E+00      0.000
       0.5084  0.00000E+00  0.00000E+00  0.83447E-06  0.00000E+00 -0.98391E-03 -0.50000E+01  0.00000E+00 -0.50000E+01  0.00000E+00 -0.50017E-03 -0.11553E+02  0.00000E+00 -0.30000E+03  0.00000E+00  0.61680E-07  0.22021E+02  0.50000E+01  0.34842E-08    188  0.00000E+00      0.000
       0.5125  0.00000E+00  0.00000E+00 -0.17881E-06  0.00000E+00 -0.98391E-03 -0.50000E+01  0.00000E+00 -0.50000E+01  0.00000E+00 -0.50427E-03 -0.12837E+02  0.00000E+00 -0.30000E+03  0.00000E+00  0.61680E-07  0.22021E+02  0.50000E+01  0.34842E-08    189  0.00000E+00      0.000
       0.5167  0.00000E+00  0.00000E+00  0.25034E-05  0.00000E+00 -0.98391E-03 -0.50000E+01  0.00000E+00 -0.50000E+01  0.00000E+00 -0.50837E-03 -0.13877E+02  0.00000E+00 -0.30000E+03  0.00000E+00  0.61680E-07  0.22021E+02  0.50000E+01  0.13911E-07    190  0.00000E+00      0.000
       0.5208  0.00000E+00  0.00000E+00  0.17881E-05  0.00000E+00 -0.98391E-03 -0.50000E+01  0.00000E+00 -0.50000E+01  0.00000E+00 -0.51246E-03 -0.14763E+02  0.00000E+00 -0.30000E+03  0.00000E+00  0.61680E-07  0.22021E+02  0.50000E+01  0.21358E-07    191  0.00000E+00      0.000
       0.5250  0.00000E+00  0.00000E+00  0.00000E+00  0.00000E+00 -0.98391E-03 -0.50000E+01  0.00000E+00 -0.50000E+01  0.00000E+00 -0.51656E-03 -0.15546E+02  0.00000E+00 -0.30000E+03  0.00000E+00  0.61680E-07  0.22021E+02  0.50000E+01  0.21358E-07    192  0.00000E+00      0.000
       0.5292  0.00000E+00  0.00000E+00 -0.11623E-05  0.00000E+00 -0.98391E-03 -0.50000E+01  0.00000E+00 -0.50000E+01  0.00000E+00 -0.52066E-03 -0.16254E+02  0.00000E+00 -0.30000E+03  0.00000E+00  0.61680E-07  0.22021E+02  0.50000E+01  0.21358E-07    193  0.00000E+00      0.000
       0.5333  0.00000E+00  0.00000E+00 -0.56624E-06  0.00000E+00 -0.98391E-03 -0.50000E+01  0.00000E+00 -0.50000E+01  0.00000E+00 -0.52476E-03 -0.16901E+02  0.00000E+00 -0.30000E+03  0.00000E+00  0.61680E-07  0.22021E+02  0.50000E+01  0.21358E-07    194  0.00000E+00      0.000
       0.5375  0.00000E+00  0.00000E+00 -0.61095E-06  0.00000E+00 -0.98391E-03 -0.50000E+01  0.00000E+00 -0.50000E+01  0.00000E+00 -0.52886E-03 -0.17498E+02  0.00000E+00 -0.30000E+03  0.00000E+00  0.61680E-07  0.22021E+02  0.50000E+01  0.21358E-07    195  0.00000E+00      0.000
       0.5417  0.00000E+00  0.00000E+00  0.47982E-05  0.00000E+00 -0.98391E-03 -0.50000E+01  0.00000E+00 -0.50000E+01  0.00000E+00 -0.53295E-03 -0.18056E+02  0.00000E+00 -0.30000E+03  0.00000E+00  0.61680E-07  0.22021E+02  0.50000E+01  0.41342E-07    196  0.00000E+00      0.000
       0.5458  0.00000E+00  0.00000E+00 -0.18477E-05  0.00000E+00 -0.98391E-03 -0.50000E+01  0.00000E+00 -0.50000E+01  0.00000E+00 -0.53705E-03 -0.18577E+02  0.00000E+00 -0.30000E+03  0.00000E+00  0.61680E-07  0.22021E+02  0.50000E+01  0.41342E-07    197  0.00000E+00      0.000
       0.5500  0.00000E+00  0.00000E+00 -0.26971E-05  0.00000E+00 -0.98391E-03 -0.50000E+01  0.00000E+00 -0.50000E+01  0.00000E+00 -0.54115E-03 -0.19072E+02  0.00000E+00 -0.30000E+03  0.00000E+00  0.61680E-07  0.22021E+02  0.50000E+01  0.41342E-07    198  0.00000E+00      0.000
       0.5542  0.00000E+00  0.00000E+00 -0.16987E-05  0.00000E+00 -0.98391E-03 -0.50000E+01  0.00000E+00 -0.50000E+01  0.00000E+00 -0.54526E-03 -0.19542E+02  0.00000E+00 -0.30000E+03  0.00000E+00  0.61680E-07  0.22021E+02  0.50000E+01  0.41342E-07    199  0.00000E+00      0.000
       0.5584  0.00000E+00  0.00000E+00  0.16242E-05  0.00000E+00 -0.98391E-03 -0.50000E+01  0.00000E+00 -0.50000E+01  0.00000E+00 -0.54937E-03 -0.19993E+02  0.00000E+00 -0.30000E+03  0.00000E+00  0.61680E-07  0.22021E+02  0.50000E+01  0.48124E-07    200  0.00000E+00      0.000
       0.5625  0.00000E+00  0.00000E+00 -0.75996E-06  0.00000E+00 -0.98391E-03 -0.50000E+01  0.00000E+00 -0.50000E+01  0.00000E+00 -0.55346E-03 -0.20422E+02  0.00000E+00 -0.30000E+03  0.00000E+00  0.61680E-07  0.22021E+02  0.50000E+01  0.48124E-07    201  0.00000E+00      0.000
       0.5667  0.00000E+00  0.00000E+00  0.21458E-05  0.00000E+00 -0.98391E-03 -0.50000E+01  0.00000E+00 -0.50000E+01  0.00000E+00 -0.55756E-03 -0.20835E+02  0.00000E+00 -0.30000E+03  0.00000E+00  0.61680E-07  0.22021E+02  0.50000E+01  0.57061E-07    202  0.00000E+00      0.000
       0.5708  0.00000E+00  0.00000E+00  0.90897E-06  0.00000E+00 -0.98391E-03 -0.50000E+01  0.00000E+00 -0.50000E+01  0.00000E+00 -0.56166E-03 -0.21230E+02  0.00000E+00 -0.30000E+03  0.00000E+00  0.61680E-07  0.22021E+02  0.50000E+01  0.60847E-07    203  0.00000E+00      0.000
       0.5750  0.00000E+00  0.00000E+00 -0.20415E-05  0.00000E+00 -0.98391E-03 -0.50000E+01  0.00000E+00 -0.50000E+01  0.00000E+00 -0.56576E-03 -0.21611E+02  0.00000E+00 -0.30000E+03  0.00000E+00  0.61680E-07  0.22021E+02  0.50000E+01  0.60847E-07    204  0.00000E+00      0.000
       0.5792  0.00000E+00  0.00000E+00  0.47684E-06  0.00000E+00 -0.98391E-03 -0.50000E+01  0.00000E+00 -0.50000E+01  0.00000E+00 -0.56985E-03 -0.21977E+02  0.00000E+00 -0.30000E+03  0.00000E+00  0.61680E-07  0.22021E+02  0.50000E+01  0.62833E-07    205  0.00000E+00      0.000
       0.5844  0.00000E+00  0.00000E+00  0.13709E-05  0.00000E+00 -0.98391E-03 -0.50000E+01  0.00000E+00 -0.50000E+01  0.00000E+00 -0.57498E-03 -0.22416E+02  0.00000E+00 -0.30000E+03  0.00000E+00  0.61680E-07  0.22021E+02  0.50000E+01  0.69970E-07    206  0.00000E+00      0.000
       0.5896  0.00000E+00  0.00000E+00  0.29802E-07  0.00000E+00 -0.98391E-03 -0.50000E+01  0.00000E+00 -0.50000E+01  0.00000E+00 -0.58010E-03 -0.22836E+02  0.00000E+00 -0.30000E+03  0.00000E+00  0.61680E-07  0.22021E+02  0.50000E+01  0.70125E-07    207  0.00000E+00      0.000
       0.5948  0.00000E+00  0.00000E+00  0.20936E-05  0.00000E+00 -0.98391E-03 -0.50000E+01  0.00000E+00 -0.50000E+01  0.00000E+00 -0.58522E-03 -0.23240E+02  0.00000E+00 -0.30000E+03  0.00000E+00  0.61680E-07  0.22021E+02  0.50000E+01  0.81025E-07    208  0.00000E+00      0.000
       0.6000  0.00000E+00  0.00000E+00 -0.40978E-06  0.00000E+00 -0.98391E-03 -0.50000E+01  0.00000E+00 -0.50000E+01  0.00000E+00 -0.59034E-03 -0.23628E+02  0.00000E+00 -0.30000E+03  0.00000E+00  0.61680E-07  0.22021E+02  0.50000E+01  0.81025E-07    209  0.00000E+00      0.000
       0.6056  0.00000E+00  0.00000E+00 -0.19073E-05  0.00000E+00 -0.98391E-03 -0.50000E+01  0.00000E+00 -0.50000E+01  0.00000E+00 -0.59581E-03 -0.24036E+02  0.00000E+00 -0.30000E+03  0.00000E+00  0.61680E-07  0.22021E+02  0.50000E+01  0.81025E-07    210  0.00000E+00      0.000
       0.6111  0.00000E+00  0.00000E+00  0.39488E-06  0.00000E+00 -0.98391E-03 -0.50000E+01  0.00000E+00 -0.50000E+01  0.00000E+00 -0.60128E-03 -0.24427E+02  0.00000E+00 -0.30000E+03  0.00000E+00  0.61680E-07  0.22021E+02  0.50000E+01  0.83218E-07    211  0.00000E+00      0.000
       0.6167  0.00000E+00  0.00000E+00 -0.67055E-07  0.00000E+00 -0.98391E-03 -0.50000E+01  0.00000E+00 -0.50000E+01  0.00000E+00 -0.60674E-03 -0.24809E+02  0.00000E+00 -0.30000E+03  0.00000E+00  0.61680E-07  0.22021E+02  0.50000E+01  0.83218E-07    212  0.00000E+00      0.000
       0.6222  0.00000E+00  0.00000E+00 -0.91642E-06  0.00000E+00 -0.98391E-03 -0.50000E+01  0.00000E+00 -0.50000E+01  0.00000E+00 -0.61221E-03 -0.25180E+02  0.00000E+00 -0.30000E+03  0.00000E+00  0.61680E-07  0.22021E+02  0.50000E+01  0.83218E-07    213  0.00000E+00      0.000
       0.6278  0.00000E+00  0.00000E+00  0.72271E-06  0.00000E+00 -0.98391E-03 -0.50000E+01  0.00000E+00 -0.50000E+01  0.00000E+00 -0.61768E-03 -0.25541E+02  0.00000E+00 -0.30000E+03  0.00000E+00  0.61680E-07  0.22021E+02  0.50000E+01  0.87233E-07    214  0.00000E+00      0.000
       0.6333  0.00000E+00  0.00000E+00 -0.55134E-06  0.00000E+00 -0.98391E-03 -0.50000E+01  0.00000E+00 -0.50000E+01  0.00000E+00 -0.62314E-03 -0.25891E+02  0.00000E+00 -0.30000E+03  0.00000E+00  0.61680E-07  0.22021E+02  0.50000E+01  0.87233E-07    215  0.00000E+00      0.000
       0.6417  0.00000E+00  0.00000E+00 -0.17881E-06  0.00000E+00 -0.98391E-03 -0.50000E+01  0.00000E+00 -0.50000E+01  0.00000E+00 -0.63134E-03 -0.26395E+02  0.00000E+00 -0.30000E+03  0.00000E+00  0.61680E-07  0.22021E+02  0.50000E+01  0.87233E-07    216  0.00000E+00      0.000
       0.6500  0.00000E+00  0.00000E+00 -0.93132E-06  0.00000E+00 -0.98391E-03 -0.50000E+01  0.00000E+00 -0.50000E+01  0.00000E+00 -0.63954E-03 -0.26879E+02  0.00000E+00 -0.30000E+03  0.00000E+00  0.61680E-07  0.22021E+02  0.50000E+01  0.87233E-07    217  0.00000E+00      0.000
       0.6571  0.00000E+00  0.00000E+00  0.17658E-05  0.00000E+00 -0.98391E-03 -0.50000E+01  0.00000E+00 -0.50000E+01  0.00000E+00 -0.64657E-03 -0.27280E+02  0.00000E+00 -0.30000E+03  0.00000E+00  0.61680E-07  0.22021E+02  0.50000E+01  0.99846E-07    218  0.00000E+00      0.000
       0.6643  0.00000E+00  0.00000E+00  0.13858E-05  0.00000E+00 -0.98391E-03 -0.50000E+01  0.00000E+00 -0.50000E+01  0.00000E+00 -0.65360E-03 -0.27667E+02  0.00000E+00 -0.30000E+03  0.00000E+00  0.61680E-07  0.22021E+02  0.50000E+01  0.10974E-06    219  0.00000E+00      0.000
       0.6714  0.00000E+00  0.00000E+00  0.15125E-05  0.00000E+00 -0.98391E-03 -0.50000E+01  0.00000E+00 -0.50000E+01  0.00000E+00 -0.66062E-03 -0.28043E+02  0.00000E+00 -0.30000E+03  0.00000E+00  0.61680E-07  0.22021E+02  0.50000E+01  0.12055E-06    220  0.00000E+00      0.000
       0.6786  0.00000E+00  0.00000E+00 -0.10133E-05  0.00000E+00 -0.98391E-03 -0.50000E+01  0.00000E+00 -0.50000E+01  0.00000E+00 -0.66765E-03 -0.28407E+02  0.00000E+00 -0.30000E+03  0.00000E+00  0.61680E-07  0.22021E+02  0.50000E+01  0.12055E-06    221  0.00000E+00      0.000
       0.6857  0.00000E+00  0.00000E+00  0.18626E-06  0.00000E+00 -0.98391E-03 -0.50000E+01  0.00000E+00 -0.50000E+01  0.00000E+00 -0.67468E-03 -0.28761E+02  0.00000E+00 -0.30000E+03  0.00000E+00  0.61680E-07  0.22021E+02  0.50000E+01  0.12188E-06    222  0.00000E+00      0.000
       0.6929  0.00000E+00  0.00000E+00  0.13262E-05  0.00000E+00 -0.98391E-03 -0.50000E+01  0.00000E+00 -0.50000E+01  0.00000E+00 -0.68171E-03 -0.29105E+02  0.00000E+00 -0.30000E+03  0.00000E+00  0.61680E-07  0.22021E+02  0.50000E+01  0.13135E-06    223  0.00000E+00      0.000
       0.7000  0.00000E+00  0.00000E+00  0.37998E-06  0.00000E+00 -0.98391E-03 -0.50000E+01  0.00000E+00 -0.50000E+01  0.00000E+00 -0.68874E-03 -0.29440E+02  0.00000E+00 -0.30000E+03  0.00000E+00  0.61680E-07  0.22021E+02  0.50000E+01  0.13407E-06    224  0.00000E+00      0.000
       0.7071  0.00000E+00  0.00000E+00  0.14380E-05  0.00000E+00 -0.98391E-03 -0.50000E+01  0.00000E+00 -0.50000E+01  0.00000E+00 -0.69576E-03 -0.29767E+02  0.00000E+00 -0.30000E+03  0.00000E+00  0.61680E-07  0.22021E+02  0.50000E+01  0.14434E-06    225  0.00000E+00      0.000
       0.7157  0.00000E+00  0.00000E+00  0.99093E-06  0.00000E+00 -0.98391E-03 -0.50000E+01  0.00000E+00 -0.50000E+01  0.00000E+00 -0.70420E-03 -0.30159E+02  0.00000E+00 -0.30000E+03  0.00000E+00  0.61680E-07  0.22021E+02  0.50000E+01  0.15283E-06    226  0.00000E+00      0.000
       0.7243  0.00000E+00  0.00000E+00  0.10766E-05  0.00000E+00 -0.98391E-03 -0.50000E+01  0.00000E+00 -0.50000E+01  0.00000E+00 -0.71263E-03 -0.30537E+02  0.00000E+00 -0.30000E+03  0.00000E+00  0.61680E-07  0.22021E+02  0.50000E+01  0.16206E-06    227  0.00000E+00      0.000
       0.7329  0.00000E+00  0.00000E+00  0.68173E-06  0.00000E+00 -0.98391E-03 -0.50000E+01  0.00000E+00 -0.50000E+01  0.00000E+00 -0.72106E-03 -0.30906E+02  0.00000E+00 -0.30000E+03  0.00000E+00  0.61680E-07  0.22021E+02  0.50000E+01  0.16790E-06    228  0.00000E+00      0.000
       0.7414  0.00000E+00  0.00000E+00 -0.63330E-06  0.00000E+00 -0.98391E-03 -0.50000E+01  0.00000E+00 -0.50000E+01  0.00000E+00 -0.72950E-03 -0.31273E+02  0.00000E+00 -0.30000E+03  0.00000E+00  0.61680E-07  0.22021E+02  0.50000E+01  0.16790E-06    229  0.00000E+00      0.000
       0.7500  0.00000E+00  0.00000E+00 -0.37998E-06  0.00000E+00 -0.98391E-03 -0.50000E+01  0.00000E+00 -0.50000E+01  0.00000E+00 -0.73793E-03 -0.31627E+02  0.00000E+00 -0.30000E+03  0.00000E+00  0.61680E-07  0.22021E+02  0.50000E+01  0.16790E-06    230  0.00000E+00      0.000
       0.7600  0.00000E+00  0.00000E+00 -0.30547E-06  0.00000E+00 -0.98391E-03 -0.50000E+01  0.00000E+00 -0.50000E+01  0.00000E+00 -0.74777E-03 -0.32033E+02  0.00000E+00 -0.30000E+03  0.00000E+00  0.61680E-07  0.22021E+02  0.50000E+01  0.16790E-06    231  0.00000E+00      0.000
       0.7700  0.00000E+00  0.00000E+00  0.34645E-06  0.00000E+00 -0.98391E-03 -0.50000E+01  0.00000E+00 -0.50000E+01  0.00000E+00 -0.75761E-03 -0.32425E+02  0.00000E+00 -0.30000E+03  0.00000E+00  0.61680E-07  0.22021E+02  0.50000E+01  0.17137E-06    232  0.00000E+00      0.000
       0.7800  0.00000E+00  0.00000E+00  0.10766E-05  0.00000E+00 -0.98391E-03 -0.50000E+01  0.00000E+00 -0.50000E+01  0.00000E+00 -0.76745E-03 -0.32809E+02  0.00000E+00 -0.30000E+03  0.00000E+00  0.61680E-07  0.22021E+02  0.50000E+01  0.18213E-06    233  0.00000E+00      0.000
       0.7900  0.00000E+00  0.00000E+00  0.10766E-05  0.00000E+00 -0.98391E-03 -0.50000E+01  0.00000E+00 -0.50000E+01  0.00000E+00 -0.77729E-03 -0.33181E+02  0.00000E+00 -0.30000E+03  0.00000E+00  0.61680E-07  0.22021E+02  0.50000E+01  0.19290E-06    234  0.00000E+00      0.000
       0.8000  0.00000E+00  0.00000E+00  0.16987E-05  0.00000E+00 -0.98391E-03 -0.50000E+01  0.00000E+00 -0.50000E+01  0.00000E+00 -0.78713E-03 -0.33544E+02  0.00000E+00 -0.30000E+03  0.00000E+00  0.61680E-07  0.22021E+02  0.50000E+01  0.20989E-06    235  0.00000E+00      0.000
       0.8100  0.00000E+00  0.00000E+00  0.20526E-05  0.00000E+00 -0.98391E-03 -0.50000E+01  0.00000E+00 -0.50000E+01  0.00000E+00 -0.79697E-03 -0.33898E+02  0.00000E+00 -0.30000E+03  0.00000E+00  0.61680E-07  0.22021E+02  0.50000E+01  0.23041E-06    236  0.00000E+00      0.000
       0.8200  0.00000E+00  0.00000E+00 -0.16466E-05  0.00000E+00 -0.98391E-03 -0.50000E+01  0.00000E+00 -0.50000E+01  0.00000E+00 -0.80680E-03 -0.34242E+02  0.00000E+00 -0.30000E+03  0.00000E+00  0.61680E-07  0.22021E+02  0.50000E+01  0.23041E-06    237  0.00000E+00      0.000
       0.8300  0.00000E+00  0.00000E+00  0.43213E-06  0.00000E+00 -0.98391E-03 -0.50000E+01  0.00000E+00 -0.50000E+01  0.00000E+00 -0.81664E-03 -0.34579E+02  0.00000E+00 -0.30000E+03  0.00000E+00  0.61680E-07  0.22020E+02  0.50000E+01  0.23473E-06    238  0.00000E+00      0.000
       0.8400  0.00000E+00  0.00000E+00 -0.58115E-06  0.00000E+00 -0.98391E-03 -0.50000E+01  0.00000E+00 -0.50000E+01  0.00000E+00 -0.82648E-03 -0.34907E+02  0.00000E+00 -0.30000E+03  0.00000E+00  0.61680E-07  0.22020E+02  0.50000E+01  0.23473E-06    239  0.00000E+00      0.000
       0.8500  0.00000E+00  0.00000E+00 -0.10468E-05  0.00000E+00 -0.98391E-03 -0.50000E+01  0.00000E+00 -0.50000E+01  0.00000E+00 -0.83632E-03 -0.35228E+02  0.00000E+00 -0.30000E+03  0.00000E+00  0.61680E-07  0.22020E+02  0.50000E+01  0.23473E-06    240  0.00000E+00      0.000
       0.8600  0.00000E+00  0.00000E+00  0.34645E-06  0.00000E+00 -0.98391E-03 -0.50000E+01  0.00000E+00 -0.50000E+01  0.00000E+00 -0.84616E-03 -0.35542E+02  0.00000E+00 -0.30000E+03  0.00000E+00  0.61680E-07  0.22020E+02  0.50000E+01  0.23820E-06    241  0.00000E+00      0.000
       0.8700  0.00000E+00  0.00000E+00 -0.55879E-07  0.00000E+00 -0.98391E-03 -0.50000E+01  0.00000E+00 -0.50000E+01  0.00000E+00 -0.85600E-03 -0.35850E+02  0.00000E+00 -0.30000E+03  0.00000E+00  0.61680E-07  0.22020E+02  0.50000E+01  0.23820E-06    242  0.00000E+00      0.000
       0.8800  0.00000E+00  0.00000E+00  0.70408E-06  0.00000E+00 -0.98391E-03 -0.50000E+01  0.00000E+00 -0.50000E+01  0.00000E+00 -0.86584E-03 -0.36152E+02  0.00000E+00 -0.30000E+03  0.00000E+00  0.61680E-07  0.22020E+02  0.50000E+01  0.24524E-06    243  0.00000E+00      0.000
       0.8900  0.00000E+00  0.00000E+00 -0.58860E-06  0.00000E+00 -0.98391E-03 -0.50000E+01  0.00000E+00 -0.50000E+01  0.00000E+00 -0.87568E-03 -0.36449E+02  0.00000E+00 -0.30000E+03  0.00000E+00  0.61680E-07  0.22020E+02  0.50000E+01  0.24524E-06    244  0.00000E+00      0.000
       0.9000  0.00000E+00  0.00000E+00  0.10803E-05  0.00000E+00 -0.98391E-03 -0.50000E+01  0.00000E+00 -0.50000E+01  0.00000E+00 -0.88552E-03 -0.36740E+02  0.00000E+00 -0.30000E+03  0.00000E+00  0.61680E-07  0.22020E+02  0.50000E+01  0.25604E-06    245  0.00000E+00      0.000
       0.9100  0.00000E+00  0.00000E+00  0.21607E-06  0.00000E+00 -0.98391E-03 -0.50000E+01  0.00000E+00 -0.50000E+01  0.00000E+00 -0.89536E-03 -0.37025E+02  0.00000E+00 -0.30000E+03  0.00000E+00  0.61680E-07  0.22020E+02  0.50000E+01  0.25820E-06    246  0.00000E+00      0.000
       0.9200  0.00000E+00  0.00000E+00  0.26450E-06  0.00000E+00 -0.98391E-03 -0.50000E+01  0.00000E+00 -0.50000E+01  0.00000E+00 -0.90520E-03 -0.37306E+02  0.00000E+00 -0.30000E+03  0.00000E+00  0.61680E-07  0.22020E+02  0.50000E+01  0.26085E-06    247  0.00000E+00      0.000
       0.9300  0.00000E+00  0.00000E+00 -0.60722E-06  0.00000E+00 -0.98391E-03 -0.50000E+01  0.00000E+00 -0.50000E+01  0.00000E+00 -0.91503E-03 -0.37581E+02  0.00000E+00 -0.30000E+03  0.00000E+00  0.61680E-07  0.22020E+02  0.50000E+01  0.26085E-06    248  0.00000E+00      0.000
       0.9400  0.00000E+00  0.00000E+00  0.24401E-06  0.00000E+00 -0.98391E-03 -0.50000E+01  0.00000E+00 -0.50000E+01  0.00000E+00 -0.92487E-03 -0.37862E+02  0.00000E+00 -0.30000E+03  0.00000E+00  0.61680E-07  0.22020E+02  0.50000E+01  0.26329E-06    249  0.00000E+00      0.000
       0.9500  0.00000E+00  0.00000E+00  0.73388E-06  0.00000E+00 -0.98391E-03 -0.50000E+01  0.00000E+00 -0.50000E+01  0.00000E+00 -0.93471E-03 -0.38136E+02  0.00000E+00 -0.30000E+03  0.00000E+00  0.61680E-07  0.22020E+02  0.50000E+01  0.27063E-06    250  0.00000E+00      0.000
       0.9600  0.00000E+00  0.00000E+00  0.36508E-06  0.00000E+00 -0.98391E-03 -0.50000E+01  0.00000E+00 -0.50000E+01  0.00000E+00 -0.94455E-03 -0.38402E+02  0.00000E+00 -0.30000E+03  0.00000E+00  0.61680E-07  0.22020E+02  0.50000E+01  0.27428E-06    251  0.00000E+00      0.000
       0.9700  0.00000E+00  0.00000E+00 -0.51223E-06  0.00000E+00 -0.98391E-03 -0.50000E+01  0.00000E+00 -0.50000E+01  0.00000E+00 -0.95439E-03 -0.38666E+02  0.00000E+00 -0.30000E+03  0.00000E+00  0.61680E-07  0.22020E+02  0.50000E+01  0.27428E-06    252  0.00000E+00      0.000
       0.9800  0.00000E+00  0.00000E+00 -0.14827E-05  0.00000E+00 -0.98391E-03 -0.50000E+01  0.00000E+00 -0.50000E+01  0.00000E+00 -0.96423E-03 -0.38936E+02  0.00000E+00 -0.30000E+03  0.00000E+00  0.61680E-07  0.22020E+02  0.50000E+01  0.27428E-06    253  0.00000E+00      0.000
       0.9900  0.00000E+00  0.00000E+00  0.47125E-06  0.00000E+00 -0.98391E-03 -0.50000E+01  0.00000E+00 -0.50000E+01  0.00000E+00 -0.97407E-03 -0.39195E+02  0.00000E+00 -0.30000E+03  0.00000E+00  0.61680E-07  0.22020E+02  0.50000E+01  0.27899E-06    254  0.00000E+00      0.000
       1.0000  0.00000E+00  0.00000E+00 -0.18999E-06  0.00000E+00 -0.98391E-03 -0.50000E+01  0.00000E+00 -0.50000E+01  0.00000E+00 -0.98391E-03 -0.39450E+02  0.00000E+00 -0.30000E+03  0.00000E+00  0.61680E-07  0.22020E+02  0.50000E+01  0.27899E-06    255  0.00000E+00      0.000
end
